registry/app/demo/[name]/ui/date-picker.tsx(34,35): error TS2322: Type '{ mode: string; initialFocus: true; }' is not assignable to type 'IntrinsicAttributes & Omit<DetailedHTMLProps<HTMLAttributes<HTMLDivElement>, HTMLDivElement>, "onSelect"> & { ...; }'.
  Property 'initialFocus' does not exist on type 'IntrinsicAttributes & Omit<DetailedHTMLProps<HTMLAttributes<HTMLDivElement>, HTMLDivElement>, "onSelect"> & { ...; }'.
registry/app/demo/[name]/ui/multi-calendar.tsx(18,7): error TS2322: Type 'DateRange | undefined' is not assignable to type 'Date | undefined'.
  Type 'DateRange' is missing the following properties from type 'Date': toDateString, toTimeString, toLocaleDateString, toLocaleTimeString, and 38 more.
registry/app/demo/[name]/ui/multi-calendar.tsx(19,7): error TS2322: Type 'Dispatch<SetStateAction<DateRange | undefined>>' is not assignable to type '(date: Date | undefined) => void'.
  Types of parameters 'value' and 'date' are incompatible.
    Type 'Date | undefined' is not assignable to type 'SetStateAction<DateRange | undefined>'.
      Type 'Date' is not assignable to type 'SetStateAction<DateRange | undefined>'.
registry/app/demo/[name]/ui/single-calendar.tsx(15,7): error TS2322: Type '{ mode: string; defaultMonth: Date | undefined; selected: Date | undefined; onSelect: Dispatch<SetStateAction<Date | undefined>>; className: string; }' is not assignable to type 'IntrinsicAttributes & Omit<DetailedHTMLProps<HTMLAttributes<HTMLDivElement>, HTMLDivElement>, "onSelect"> & { ...; }'.
  Property 'defaultMonth' does not exist on type 'IntrinsicAttributes & Omit<DetailedHTMLProps<HTMLAttributes<HTMLDivElement>, HTMLDivElement>, "onSelect"> & { ...; }'.
scripts/sync-registry.ts(1,25): error TS2307: Cannot find module 'ts-morph' or its corresponding type declarations.
scripts/sync-registry.ts(4,22): error TS2307: Cannot find module 'glob' or its corresponding type declarations.
scripts/sync-registry.ts(54,21): error TS2345: Argument of type 'unknown' is not assignable to parameter of type 'PathLike'.
scripts/sync-registry.ts(59,36): error TS2345: Argument of type 'unknown' is not assignable to parameter of type 'string'.
scripts/sync-registry.ts(89,7): error TS18046: 'file' is of type 'unknown'.
src/components/_shared-props/metric-widget-props.ts(2,34): error TS2307: Cannot find module '@/components/metric-cards/_shared/metric-theme' or its corresponding type declarations.
src/components/_shared-ui/config-drawer.tsx(18,35): error TS2307: Cannot find module '@/components/p-date-picker-9' or its corresponding type declarations.
src/components/_shared-ui/config-drawer.tsx(61,8): error TS2769: No overload matches this call.
  Overload 1 of 2, '(props: unknown, context?: any): string | number | bigint | boolean | ReactElement<unknown, string | JSXElementConstructor<any>> | Iterable<ReactNode> | Promise<...> | Component<...> | null | undefined', gave the following error.
    Type '{ children?: string | undefined; }' has no properties in common with type 'IntrinsicAttributes'.
  Overload 2 of 2, '(props: unknown): string | number | bigint | boolean | ReactElement<unknown, string | JSXElementConstructor<any>> | Iterable<ReactNode> | Promise<...> | Component<...> | null | undefined', gave the following error.
    Type '{ children?: string | undefined; }' has no properties in common with type 'IntrinsicAttributes'.
src/components/_shared-ui/controls/dashboard-dropdown.tsx(3,29): error TS2307: Cannot find module '@/components/shadcn-studio/blocks/dropdown-profile' or its corresponding type declarations.
src/components/_shared-ui/controls/year-month-selector.tsx(4,27): error TS2307: Cannot find module '@/hooks/useDuckDb' or its corresponding type declarations.
src/components/_shared-ui/controls/year-month-selector.tsx(147,24): error TS7006: Parameter 'row' implicitly has an 'any' type.
src/components/_shared-ui/metric-card-shell.tsx(1,58): error TS2307: Cannot find module '@/components/primitives/card' or its corresponding type declarations.
src/components/_shared-ui/metric-layout.tsx(7,33): error TS2307: Cannot find module './MetricTrendIcon' or its corresponding type declarations.
src/components/_shared-ui/metric-trend-icon.tsx(4,42): error TS2307: Cannot find module './MetricLayout' or its corresponding type declarations.
src/components/_shared-ui/popover.tsx(5,45): error TS2307: Cannot find module '@base-ui/react/popover' or its corresponding type declarations.
src/components/index.ts(3,15): error TS2307: Cannot find module './charts' or its corresponding type declarations.
src/components/index.ts(4,15): error TS2307: Cannot find module './errors' or its corresponding type declarations.
src/components/index.ts(5,15): error TS2307: Cannot find module './feedback' or its corresponding type declarations.
src/components/index.ts(8,15): error TS2307: Cannot find module './metrics' or its corresponding type declarations.
src/components/index.ts(9,15): error TS2307: Cannot find module './sections' or its corresponding type declarations.
src/components/index.ts(10,15): error TS2307: Cannot find module './tables' or its corresponding type declarations.
src/components/index.ts(11,15): error TS2307: Cannot find module './timeline' or its corresponding type declarations.
src/components/layouts/index.ts(1,15): error TS2307: Cannot find module './campaigns' or its corresponding type declarations.
src/components/layouts/index.ts(2,15): error TS2307: Cannot find module './chats' or its corresponding type declarations.
src/components/layouts/index.ts(3,15): error TS2307: Cannot find module './dashboard' or its corresponding type declarations.
src/components/layouts/index.ts(4,15): error TS2307: Cannot find module './data-library' or its corresponding type declarations.
src/components/layouts/index.ts(5,15): error TS2307: Cannot find module './global_layout' or its corresponding type declarations.
src/components/layouts/index.ts(6,15): error TS2307: Cannot find module './help-desk' or its corresponding type declarations.
src/components/layouts/index.ts(7,15): error TS2307: Cannot find module './metadata' or its corresponding type declarations.
src/components/layouts/index.ts(8,15): error TS2307: Cannot find module './metric-library' or its corresponding type declarations.
src/components/layouts/index.ts(9,15): error TS2307: Cannot find module './minimal-layout' or its corresponding type declarations.
src/components/layouts/index.ts(10,15): error TS2307: Cannot find module './pagination-icons-only' or its corresponding type declarations.
src/components/layouts/index.ts(11,15): error TS2307: Cannot find module './pagination' or its corresponding type declarations.
src/components/layouts/index.ts(12,15): error TS2307: Cannot find module './properties' or its corresponding type declarations.
src/components/layouts/index.ts(13,15): error TS2307: Cannot find module './resizable' or its corresponding type declarations.
src/components/layouts/index.ts(14,15): error TS2307: Cannot find module './settings' or its corresponding type declarations.
src/components/layouts/index.ts(15,15): error TS2307: Cannot find module './shell-layout' or its corresponding type declarations.
src/components/layouts/index.ts(16,15): error TS2307: Cannot find module './strategies' or its corresponding type declarations.
src/components/layouts/index.ts(17,15): error TS2307: Cannot find module './tasks' or its corresponding type declarations.
src/components/layouts/index.ts(18,15): error TS2307: Cannot find module './users' or its corresponding type declarations.
src/components/metrics-charts/analytics-chart.tsx(3,10): error TS2305: Module '"@hooks"' has no exported member 'useDuckDb'.
src/components/metrics-charts/analytics.tsx(10,10): error TS2305: Module '"@hooks"' has no exported member 'useDuckDb'.
src/components/metrics-charts/calendar-heatmap.tsx(8,10): error TS2305: Module '"@hooks"' has no exported member 'useDuckDb'.
src/components/metrics-charts/interactive-area-line-combo.tsx(5,10): error TS2305: Module '"@hooks"' has no exported member 'useDuckDb'.
src/components/metrics-charts/otb-stacked-bar-chart.tsx(6,10): error TS2305: Module '"@hooks"' has no exported member 'useDuckDb'.
src/components/metrics-charts/pie-chart-interactive.tsx(146,20): error TS2322: Type '{ outerRadius: number; suppressHydrationWarning?: boolean | undefined; className?: string | undefined; color?: string | undefined; height?: string | number | undefined; id?: string | undefined; ... 496 more ...; payload?: any; }' is not assignable to type 'IntrinsicAttributes'.
  Types of property 'key' are incompatible.
    Type 'import("/app/node_modules/.pnpm/@types+react@19.2.16/node_modules/@types/react/index").Key | null | undefined' is not assignable to type 'React.Key | null | undefined'.
      Type 'unique symbol' is not assignable to type 'Key | null | undefined'.
src/components/metrics-charts/pie-chart-interactive.tsx(147,20): error TS2322: Type '{ outerRadius: number; innerRadius: number; suppressHydrationWarning?: boolean | undefined; className?: string | undefined; color?: string | undefined; height?: string | number | undefined; ... 496 more ...; payload?: any; }' is not assignable to type 'IntrinsicAttributes'.
  Types of property 'key' are incompatible.
    Type 'import("/app/node_modules/.pnpm/@types+react@19.2.16/node_modules/@types/react/index").Key | null | undefined' is not assignable to type 'React.Key | null | undefined'.
      Type 'unique symbol' is not assignable to type 'Key | null | undefined'.
src/components/metrics-charts/pie-donut-chart-active.tsx(86,18): error TS2322: Type '{ outerRadius: number; suppressHydrationWarning?: boolean | undefined; className?: string | undefined; color?: string | undefined; height?: string | number | undefined; id?: string | undefined; ... 496 more ...; payload?: any; }' is not assignable to type 'IntrinsicAttributes'.
  Types of property 'key' are incompatible.
    Type 'import("/app/node_modules/.pnpm/@types+react@19.2.16/node_modules/@types/react/index").Key | null | undefined' is not assignable to type 'React.Key | null | undefined'.
      Type 'unique symbol' is not assignable to type 'Key | null | undefined'.
src/components/metrics-charts/top-services-bar-chart.tsx(121,26): error TS2339: Property 'color' does not exist on type '{ label: string; } | { label: string; color: string; } | { label: string; color: string; } | { label: string; color: string; } | { label: string; color: string; } | { label: string; color: string; } | { label: string; color: string; }'.
  Property 'color' does not exist on type '{ label: string; }'.
src/components/metrics-core/browser-stats-card.tsx(2,58): error TS2307: Cannot find module '@/components/primitives/card' or its corresponding type declarations.
src/components/metrics-core/browser-stats-card.tsx(3,37): error TS2307: Cannot find module '@/assets/BrowserIconsReact/BrowserCircleIconsColorReact/GoogleChromeColorCircle' or its corresponding type declarations.
src/components/metrics-core/browser-stats-card.tsx(4,39): error TS2307: Cannot find module '@/assets/BrowserIconsReact/BrowserCircleIconsColorReact/FirefoxMozillaColorCircle' or its corresponding type declarations.
src/components/metrics-core/browser-stats-card.tsx(5,38): error TS2307: Cannot find module '@/assets/BrowserIconsReact/BrowserCircleIconsColorReact/MicrosoftEdgeColorCircle' or its corresponding type declarations.
src/components/metrics-core/browser-stats-card.tsx(6,30): error TS2307: Cannot find module '@/assets/BrowserIconsReact/BrowserCircleIconsColorReact/OperaColorCircle' or its corresponding type declarations.
src/components/metrics-core/browser-stats-card.tsx(7,31): error TS2307: Cannot find module '@/assets/BrowserIconsReact/BrowserCircleIconsColorReact/SafariColorCircle' or its corresponding type declarations.
src/components/metrics-core/budget-snapshot-card.tsx(17,8): error TS2307: Cannot find module '@/components/metric-cards/_shared/MetricCard' or its corresponding type declarations.
src/components/metrics-core/budget-snapshot-card.tsx(18,40): error TS2307: Cannot find module '@/components/metric-cards/_shared/metric-theme' or its corresponding type declarations.
src/components/metrics-core/budget-snapshot-card.tsx(80,9): error TS7053: Element implicitly has an 'any' type because expression of type 'any' can't be used to index type '{ transient: { label: string; color: string; varianceColor: string; }; group: { label: string; color: string; varianceColor: string; }; crew: { label: string; color: string; varianceColor: string; }; complimentary: { ...; }; other: { ...; }; }'.
src/components/metrics-core/budget-snapshot-card.tsx(85,10): error TS7053: Element implicitly has an 'any' type because expression of type 'any' can't be used to index type '{ transient: { label: string; color: string; varianceColor: string; }; group: { label: string; color: string; varianceColor: string; }; crew: { label: string; color: string; varianceColor: string; }; complimentary: { ...; }; other: { ...; }; }'.
src/components/metrics-core/budget-snapshot-card.tsx(86,18): error TS7053: Element implicitly has an 'any' type because expression of type 'any' can't be used to index type '{ transient: { label: string; color: string; varianceColor: string; }; group: { label: string; color: string; varianceColor: string; }; crew: { label: string; color: string; varianceColor: string; }; complimentary: { ...; }; other: { ...; }; }'.
src/components/metrics-core/conversion-card.tsx(19,8): error TS2307: Cannot find module '@/components/primitives/card' or its corresponding type declarations.
src/components/metrics-core/conversion-card.tsx(165,23): error TS7053: Element implicitly has an 'any' type because expression of type 'string' can't be used to index type '{ budget: { name: string; value: number; color: string; }[]; forecast: { name: string; value: number; color: string; }[]; stly: { name: string; value: number; color: string; }[]; }'.
  No index signature with a parameter of type 'string' was found on type '{ budget: { name: string; value: number; color: string; }[]; forecast: { name: string; value: number; color: string; }[]; stly: { name: string; value: number; color: string; }[]; }'.
src/components/metrics-core/conversion-card.tsx(167,25): error TS7006: Parameter 'acc' implicitly has an 'any' type.
src/components/metrics-core/conversion-card.tsx(167,30): error TS7006: Parameter 'curr' implicitly has an 'any' type.
src/components/metrics-core/conversion-card.tsx(227,37): error TS7006: Parameter 'entry' implicitly has an 'any' type.
src/components/metrics-core/conversion-card.tsx(227,44): error TS7006: Parameter 'index' implicitly has an 'any' type.
src/components/metrics-core/conversion-card.tsx(257,31): error TS7006: Parameter 'item' implicitly has an 'any' type.
src/components/metrics-core/metric-dashboard-card.tsx(153,22): error TS2322: Type '{ outerRadius: number; suppressHydrationWarning?: boolean | undefined; className?: string | undefined; color?: string | undefined; height?: string | number | undefined; id?: string | undefined; ... 496 more ...; payload?: any; }' is not assignable to type 'IntrinsicAttributes'.
  Types of property 'key' are incompatible.
    Type 'import("/app/node_modules/.pnpm/@types+react@19.2.16/node_modules/@types/react/index").Key | null | undefined' is not assignable to type 'React.Key | null | undefined'.
      Type 'unique symbol' is not assignable to type 'Key | null | undefined'.
src/components/metrics-core/model-comparison-card.tsx(5,28): error TS2307: Cannot find module '@/components/metric-cards/_shared/MetricCard' or its corresponding type declarations.
src/components/metrics-core/performance-card-other.tsx(8,8): error TS2307: Cannot find module '@/components/widgets/metric-dashboard-card' or its corresponding type declarations.
src/components/metrics-core/performance-card.tsx(4,35): error TS2307: Cannot find module '@/components/primitives/card' or its corresponding type declarations.
src/components/metrics-core/performance-card.tsx(7,27): error TS2307: Cannot find module '@/hooks/useDuckDb' or its corresponding type declarations.
src/components/metrics-core/performance-card.tsx(15,8): error TS2305: Module '"recharts"' has no exported member 'PieSectorDataItem'.
src/components/metrics-core/performance-card.tsx(16,8): error TS2305: Module '"recharts"' has no exported member 'TooltipContentProps'.
src/components/metrics-core/performance-card.tsx(697,64): error TS2345: Argument of type 'MouseEvent<SVGElement, MouseEvent> | MouseEvent<Element, MouseEvent>' is not assignable to parameter of type 'MouseEvent<SVGGraphicsElement, MouseEvent>'.
  Type 'MouseEvent<SVGElement, MouseEvent>' is not assignable to type 'MouseEvent<SVGGraphicsElement, MouseEvent>'.
    Types of property 'currentTarget' are incompatible.
      Type 'EventTarget & SVGElement' is not assignable to type 'EventTarget & SVGGraphicsElement'.
        Type 'EventTarget & SVGElement' is missing the following properties from type 'SVGGraphicsElement': transform, getBBox, getCTM, getScreenCTM, and 2 more.
src/components/metrics-core/performance-card.tsx(707,64): error TS2345: Argument of type 'MouseEvent<SVGElement, MouseEvent>' is not assignable to parameter of type 'MouseEvent<SVGGraphicsElement, MouseEvent>'.
  Types of property 'currentTarget' are incompatible.
    Type 'EventTarget & SVGElement' is not assignable to type 'EventTarget & SVGGraphicsElement'.
      Type 'EventTarget & SVGElement' is missing the following properties from type 'SVGGraphicsElement': transform, getBBox, getCTM, getScreenCTM, and 2 more.
src/components/metrics-core/sales-metrics-card.tsx(15,70): error TS2307: Cannot find module '@/components/primitives/card' or its corresponding type declarations.
src/components/metrics-core/simple-kpi-cards.tsx(1,28): error TS2307: Cannot find module '@/assets/ShadowIconsReact/Categorize' or its corresponding type declarations.
src/components/metrics-core/simple-kpi-cards.tsx(2,27): error TS2307: Cannot find module '@/assets/ShadowIconsReact/DataSheet' or its corresponding type declarations.
src/components/metrics-core/simple-kpi-cards.tsx(3,23): error TS2307: Cannot find module '@/assets/ShadowIconsReact/Group' or its corresponding type declarations.
src/components/metrics-core/simple-kpi-cards.tsx(4,27): error TS2307: Cannot find module '@/assets/ShadowIconsReact/AddTicket' or its corresponding type declarations.
src/components/metrics-core/simple-kpi-cards.tsx(6,25): error TS2307: Cannot find module '@/components/shadcn-studio/blocks/social-proof-07/social-proof-07' or its corresponding type declarations.
src/components/metrics-core/simple-statistics-cards.tsx(1,27): error TS2307: Cannot find module '@/assets/ShadowIconsReact/InTransit' or its corresponding type declarations.
src/components/metrics-core/simple-statistics-cards.tsx(2,30): error TS2307: Cannot find module '@/assets/ShadowIconsReact/BrokenBottle' or its corresponding type declarations.
src/components/metrics-core/simple-statistics-cards.tsx(3,26): error TS2307: Cannot find module '@/assets/ShadowIconsReact/CalendarPlus' or its corresponding type declarations.
src/components/metrics-core/simple-statistics-cards.tsx(4,28): error TS2307: Cannot find module '@/assets/ShadowIconsReact/AlarmClock' or its corresponding type declarations.
src/components/metrics-core/simple-statistics-cards.tsx(6,28): error TS2307: Cannot find module '@/components/shadcn-studio/blocks/statistics-card-01' or its corresponding type declarations.
src/components/metrics-core/social-visits-card.tsx(2,26): error TS2307: Cannot find module '@/assets/SocialIconsReact/SocialIconsFilledReact/Facebook' or its corresponding type declarations.
src/components/metrics-core/social-visits-card.tsx(3,26): error TS2307: Cannot find module '@/assets/SocialIconsReact/SocialIconsFilledReact/LinkedIn' or its corresponding type declarations.
src/components/metrics-core/social-visits-card.tsx(4,19): error TS2307: Cannot find module '@/assets/SocialIconsReact/SocialIconsFilledReact/X' or its corresponding type declarations.
src/components/metrics-core/social-visits-card.tsx(5,27): error TS2307: Cannot find module '@/assets/SocialIconsReact/SocialIconsFilledReact/Instagram' or its corresponding type declarations.
src/components/metrics-core/social-visits-card.tsx(6,58): error TS2307: Cannot find module '@/components/primitives/card' or its corresponding type declarations.
src/components/metrics-core/stat-card.tsx(5,82): error TS2307: Cannot find module '@/components/primitives/card' or its corresponding type declarations.
src/components/metrics-core/statistics-card-fin.tsx(5,8): error TS2307: Cannot find module '@/components/shadcn-studio/blocks/statistics-with-status' or its corresponding type declarations.
src/components/metrics-core/total-earning-card.tsx(1,30): error TS2307: Cannot find module '@/components/shadcn-studio/blocks/widget-total-earning' or its corresponding type declarations.
src/components/metrics-core/total-stats-card.tsx(1,33): error TS2307: Cannot find module '@/components/shadcn-studio/blocks/widget-product-insights' or its corresponding type declarations.
src/components/metrics-errors/forbidden.tsx(8,11): error TS2339: Property 'history' does not exist on type 'AppRouterInstance'.
src/components/metrics-errors/forbidden.tsx(22,34): error TS2349: This expression is not callable.
  Type 'AppRouterInstance' has no call signatures.
src/components/metrics-errors/general-error.tsx(16,11): error TS2339: Property 'history' does not exist on type 'AppRouterInstance'.
src/components/metrics-errors/general-error.tsx(32,36): error TS2349: This expression is not callable.
  Type 'AppRouterInstance' has no call signatures.
src/components/metrics-errors/not-found-error.tsx(8,11): error TS2339: Property 'history' does not exist on type 'AppRouterInstance'.
src/components/metrics-errors/not-found-error.tsx(22,34): error TS2349: This expression is not callable.
  Type 'AppRouterInstance' has no call signatures.
src/components/metrics-errors/unauthorized-error.tsx(8,11): error TS2339: Property 'history' does not exist on type 'AppRouterInstance'.
src/components/metrics-errors/unauthorized-error.tsx(22,34): error TS2349: This expression is not callable.
  Type 'AppRouterInstance' has no call signatures.
src/components/metrics-feedback/empty-state.tsx(1,24): error TS2307: Cannot find module '@/components/shadcn-studio/blocks/empty-state-01/empty-state-01' or its corresponding type declarations.
src/components/metrics-layouts/campaigns/active_page.tsx(1,33): error TS2307: Cannot find module '@/app/(app)/product-area-page' or its corresponding type declarations.
src/components/metrics-layouts/campaigns/campaigns_layout.tsx(1,33): error TS2307: Cannot find module '@/app/(app)/product-area-page' or its corresponding type declarations.
src/components/metrics-layouts/campaigns/performance_page.tsx(1,33): error TS2307: Cannot find module '@/app/(app)/product-area-page' or its corresponding type declarations.
src/components/metrics-layouts/campaigns/setup_page.tsx(1,33): error TS2307: Cannot find module '@/app/(app)/product-area-page' or its corresponding type declarations.
src/components/metrics-layouts/chats/chat-assistant_page.tsx(1,33): error TS2307: Cannot find module '@/app/(app)/product-area-page' or its corresponding type declarations.
src/components/metrics-layouts/chats/chats_layout.tsx(11,24): error TS2307: Cannot find module '@/components/layout/header' or its corresponding type declarations.
src/components/metrics-layouts/chats/chats_layout.tsx(12,22): error TS2307: Cannot find module '@/components/layout/main' or its corresponding type declarations.
src/components/metrics-layouts/chats/chats_layout.tsx(13,29): error TS2307: Cannot find module '@/components/theme-switch' or its corresponding type declarations.
src/components/metrics-layouts/chats/chats_layout.tsx(14,25): error TS2307: Cannot find module './components/new-chat' or its corresponding type declarations.
src/components/metrics-layouts/chats/chats_layout.tsx(15,43): error TS2307: Cannot find module './data/chat-types' or its corresponding type declarations.
src/components/metrics-layouts/chats/chats_layout.tsx(17,31): error TS2307: Cannot find module './data/convo.json' or its corresponding type declarations.
src/components/metrics-layouts/chats/chats_layout.tsx(84,52): error TS7031: Binding element 'fullName' implicitly has an 'any' type.
src/components/metrics-layouts/chats/chats_layout.tsx(89,36): error TS7006: Parameter 'obj' implicitly has an 'any' type.
src/components/metrics-layouts/chats/chats_layout.tsx(105,38): error TS7031: Binding element 'messages' implicitly has an 'any' type.
src/components/metrics-layouts/chats/chats_layout.tsx(156,38): error TS7006: Parameter 'chatUsr' implicitly has an 'any' type.
src/components/metrics-layouts/chats/chats_layout.tsx(272,55): error TS7006: Parameter 'msg' implicitly has an 'any' type.
src/components/metrics-layouts/chats/chats_layout.tsx(272,60): error TS7006: Parameter 'index' implicitly has an 'any' type.
src/components/metrics-layouts/chats/new_page.tsx(22,31): error TS2307: Cannot find module '../data/chat-types' or its corresponding type declarations.
src/components/metrics-layouts/dashboard/channels_page.tsx(4,24): error TS2307: Cannot find module '@/components/layout/header' or its corresponding type declarations.
src/components/metrics-layouts/dashboard/channels_page.tsx(5,22): error TS2307: Cannot find module '@/components/layout/main' or its corresponding type declarations.
src/components/metrics-layouts/dashboard/channels_page.tsx(6,24): error TS2307: Cannot find module '@/components/layout/top-nav' or its corresponding type declarations.
src/components/metrics-layouts/dashboard/channels_page.tsx(7,29): error TS2307: Cannot find module '@/components/theme-switch' or its corresponding type declarations.
src/components/metrics-layouts/dashboard/channels_page.tsx(8,31): error TS2307: Cannot find module '../components/dashboard-tabs' or its corresponding type declarations.
src/components/metrics-layouts/dashboard/channels_page.tsx(11,35): error TS2307: Cannot find module '@/widgets/YearMonthSelector/dynamic' or its corresponding type declarations.
src/components/metrics-layouts/dashboard/dashboard_homepage.tsx(4,24): error TS2307: Cannot find module '@/components/layout/header' or its corresponding type declarations.
src/components/metrics-layouts/dashboard/dashboard_homepage.tsx(5,22): error TS2307: Cannot find module '@/components/layout/main' or its corresponding type declarations.
src/components/metrics-layouts/dashboard/dashboard_homepage.tsx(6,24): error TS2307: Cannot find module '@/components/layout/top-nav' or its corresponding type declarations.
src/components/metrics-layouts/dashboard/dashboard_homepage.tsx(7,29): error TS2307: Cannot find module '@/components/theme-switch' or its corresponding type declarations.
src/components/metrics-layouts/dashboard/dashboard_homepage.tsx(8,24): error TS2307: Cannot find module '@/components/sub-nav' or its corresponding type declarations.
src/components/metrics-layouts/dashboard/dashboard_homepage.tsx(10,35): error TS2307: Cannot find module '@/widgets/YearMonthSelector/dynamic' or its corresponding type declarations.
src/components/metrics-layouts/dashboard/dashboard_homepage.tsx(12,29): error TS2307: Cannot find module '@/widgets/PerformanceCard' or its corresponding type declarations.
src/components/metrics-layouts/dashboard/dashboard_homepage.tsx(13,34): error TS2307: Cannot find module '@/widgets/PerformanceCardOther' or its corresponding type declarations.
src/components/metrics-layouts/dashboard/demand_page.tsx(4,24): error TS2307: Cannot find module '@/components/layout/header' or its corresponding type declarations.
src/components/metrics-layouts/dashboard/demand_page.tsx(5,22): error TS2307: Cannot find module '@/components/layout/main' or its corresponding type declarations.
src/components/metrics-layouts/dashboard/demand_page.tsx(6,24): error TS2307: Cannot find module '@/components/layout/top-nav' or its corresponding type declarations.
src/components/metrics-layouts/dashboard/demand_page.tsx(7,29): error TS2307: Cannot find module '@/components/theme-switch' or its corresponding type declarations.
src/components/metrics-layouts/dashboard/demand_page.tsx(8,31): error TS2307: Cannot find module '../components/dashboard-tabs' or its corresponding type declarations.
src/components/metrics-layouts/dashboard/demand_page.tsx(11,35): error TS2307: Cannot find module '@/widgets/YearMonthSelector/dynamic' or its corresponding type declarations.
src/components/metrics-layouts/dashboard/roomtypes_page.tsx(4,24): error TS2307: Cannot find module '@/components/layout/header' or its corresponding type declarations.
src/components/metrics-layouts/dashboard/roomtypes_page.tsx(5,22): error TS2307: Cannot find module '@/components/layout/main' or its corresponding type declarations.
src/components/metrics-layouts/dashboard/roomtypes_page.tsx(6,24): error TS2307: Cannot find module '@/components/layout/top-nav' or its corresponding type declarations.
src/components/metrics-layouts/dashboard/roomtypes_page.tsx(7,29): error TS2307: Cannot find module '@/components/theme-switch' or its corresponding type declarations.
src/components/metrics-layouts/dashboard/roomtypes_page.tsx(8,31): error TS2307: Cannot find module '../components/dashboard-tabs' or its corresponding type declarations.
src/components/metrics-layouts/dashboard/roomtypes_page.tsx(11,35): error TS2307: Cannot find module '@/widgets/YearMonthSelector/dynamic' or its corresponding type declarations.
src/components/metrics-layouts/dashboard/segments_page.tsx(3,24): error TS2307: Cannot find module '@/components/layout/header' or its corresponding type declarations.
src/components/metrics-layouts/dashboard/segments_page.tsx(4,22): error TS2307: Cannot find module '@/components/layout/main' or its corresponding type declarations.
src/components/metrics-layouts/dashboard/segments_page.tsx(5,24): error TS2307: Cannot find module '@/components/layout/top-nav' or its corresponding type declarations.
src/components/metrics-layouts/dashboard/segments_page.tsx(6,29): error TS2307: Cannot find module '@/components/theme-switch' or its corresponding type declarations.
src/components/metrics-layouts/dashboard/segments_page.tsx(7,35): error TS2307: Cannot find module '@/widgets/YearMonthSelector/dynamic' or its corresponding type declarations.
src/components/metrics-layouts/dashboard/segments_page.tsx(8,31): error TS2307: Cannot find module '../components/dashboard-tabs' or its corresponding type declarations.
src/components/metrics-layouts/dashboard/segments_page.tsx(10,46): error TS2307: Cannot find module '@/widgets/MarketSegmentTransientRoomsTable' or its corresponding type declarations.
src/components/metrics-layouts/dashboard/segments_page.tsx(11,32): error TS2307: Cannot find module '@/widgets/OTBStackedBarChart' or its corresponding type declarations.
src/components/metrics-layouts/dashboard/segments_page.tsx(12,30): error TS2307: Cannot find module '@/widgets/DailyPickupTable' or its corresponding type declarations.
src/components/metrics-layouts/dashboard/segments_page.tsx(14,29): error TS2307: Cannot find module '@/widgets/metric-cards/RevenueCard' or its corresponding type declarations.
src/components/metrics-layouts/dashboard/segments_page.tsx(15,30): error TS2307: Cannot find module '@/widgets/metric-cards/SessionsCard' or its corresponding type declarations.
src/components/metrics-layouts/dashboard/segments_page.tsx(16,30): error TS2307: Cannot find module '@/widgets/metric-cards/OverviewCard' or its corresponding type declarations.
src/components/metrics-layouts/dashboard/segments_page.tsx(17,28): error TS2307: Cannot find module '@/widgets/metric-cards/GrowthCard' or its corresponding type declarations.
src/components/metrics-layouts/dashboard/segments_page.tsx(18,28): error TS2307: Cannot find module '@/widgets/metric-cards/ProfitCard' or its corresponding type declarations.
src/components/metrics-layouts/dashboard/segments_page.tsx(19,32): error TS2307: Cannot find module '@/widgets/metric-cards/components/card-header' or its corresponding type declarations.
src/components/metrics-layouts/dashboard/website_page.tsx(5,24): error TS2307: Cannot find module '@/components/layout/header' or its corresponding type declarations.
src/components/metrics-layouts/dashboard/website_page.tsx(6,22): error TS2307: Cannot find module '@/components/layout/main' or its corresponding type declarations.
src/components/metrics-layouts/dashboard/website_page.tsx(7,24): error TS2307: Cannot find module '@/components/layout/top-nav' or its corresponding type declarations.
src/components/metrics-layouts/dashboard/website_page.tsx(8,29): error TS2307: Cannot find module '@/components/theme-switch' or its corresponding type declarations.
src/components/metrics-layouts/dashboard/website_page.tsx(9,31): error TS2307: Cannot find module '../components/dashboard-tabs' or its corresponding type declarations.
src/components/metrics-layouts/dashboard/website_page.tsx(10,35): error TS2307: Cannot find module '@/widgets/YearMonthSelector/dynamic' or its corresponding type declarations.
src/components/metrics-layouts/dashboard/website_page.tsx(12,29): error TS2307: Cannot find module '@/assets/RebelIconsReact/ArrowCircleDown' or its corresponding type declarations.
src/components/metrics-layouts/dashboard/website_page.tsx(13,27): error TS2307: Cannot find module '@/assets/RebelIconsReact/ArrowCircleUp' or its corresponding type declarations.
src/components/metrics-layouts/dashboard/website_page.tsx(15,30): error TS2307: Cannot find module '@/widgets/SocialVisitsCard' or its corresponding type declarations.
src/components/metrics-layouts/dashboard/website_page.tsx(16,30): error TS2307: Cannot find module '@/widgets/BrowserStatsCard' or its corresponding type declarations.
src/components/metrics-layouts/dashboard/website_page.tsx(17,31): error TS2307: Cannot find module '@/widgets/AnalyticsOverview' or its corresponding type declarations.
src/components/metrics-layouts/dashboard/website_page.tsx(18,30): error TS2307: Cannot find module '@/widgets/CampaignsSection' or its corresponding type declarations.
src/components/metrics-layouts/dashboard/website_page.tsx(19,36): error TS2307: Cannot find module '@/widgets/TempAnalyticsDashboard' or its corresponding type declarations.
src/components/metrics-layouts/dashboard/website_page.tsx(22,30): error TS2307: Cannot find module '@/widgets/TopServicesChart' or its corresponding type declarations.
src/components/metrics-layouts/dashboard/website_page.tsx(23,33): error TS2307: Cannot find module '@/widgets/TopServicesBarChart' or its corresponding type declarations.
src/components/metrics-layouts/dashboard/website_page.tsx(24,32): error TS2307: Cannot find module '@/widgets/BudgetSnapshotCard' or its corresponding type declarations.
src/components/metrics-layouts/dashboard/website_page.tsx(25,28): error TS2307: Cannot find module '@/widgets/ConversionCard' or its corresponding type declarations.
src/components/metrics-layouts/dashboard/website_page.tsx(31,27): error TS2307: Cannot find module './components/analytics' or its corresponding type declarations.
src/components/metrics-layouts/dashboard/website_page.tsx(32,26): error TS2307: Cannot find module './components/overview' or its corresponding type declarations.
src/components/metrics-layouts/dashboard/website_page.tsx(33,29): error TS2307: Cannot find module './components/recent-sales' or its corresponding type declarations.
src/components/metrics-layouts/data-library/data-health_page.tsx(1,33): error TS2307: Cannot find module '@/app/(app)/product-area-page' or its corresponding type declarations.
src/components/metrics-layouts/data-library/data-library_layout.tsx(1,33): error TS2307: Cannot find module '@/app/(app)/product-area-page' or its corresponding type declarations.
src/components/metrics-layouts/data-library/lookups-manager_table-row.tsx(7,37): error TS2307: Cannot find module '@/lib/lookup-tables/types' or its corresponding type declarations.
src/components/metrics-layouts/data-library/lookups-manager_table-row.tsx(9,28): error TS2307: Cannot find module './lookup-table-manager-utils' or its corresponding type declarations.
src/components/metrics-layouts/data-library/lookups-manager_table.tsx(27,35): error TS2307: Cannot find module '@/components/ui/sortable-table-head' or its corresponding type declarations.
src/components/metrics-layouts/data-library/lookups-manager_table.tsx(28,41): error TS2307: Cannot find module '@/lib/lookup-tables/schemas' or its corresponding type declarations.
src/components/metrics-layouts/data-library/lookups-manager_table.tsx(33,8): error TS2307: Cannot find module '@/lib/lookup-tables/types' or its corresponding type declarations.
src/components/metrics-layouts/data-library/lookups-manager_table.tsx(34,39): error TS2307: Cannot find module './lookup-table-manager-row' or its corresponding type declarations.
src/components/metrics-layouts/data-library/lookups-manager_table.tsx(35,39): error TS2307: Cannot find module './lookup-table-manager-utils' or its corresponding type declarations.
src/components/metrics-layouts/data-library/lookups-manager_table.tsx(41,8): error TS2307: Cannot find module './use-lookup-table-manager-state' or its corresponding type declarations.
src/components/metrics-layouts/data-library/lookups-manager_table.tsx(46,8): error TS2307: Cannot find module './actions' or its corresponding type declarations.
src/components/metrics-layouts/data-library/lookups-manager_table.tsx(98,44): error TS7006: Parameter 'dirtyRow' implicitly has an 'any' type.
src/components/metrics-layouts/data-library/lookups-manager_table.tsx(194,36): error TS7006: Parameter 'row' implicitly has an 'any' type.
src/components/metrics-layouts/data-library/lookups-manager_table.tsx(198,8): error TS7006: Parameter 'change' implicitly has an 'any' type.
src/components/metrics-layouts/data-library/lookups-manager_table.tsx(219,25): error TS7006: Parameter 'dirtyRow' implicitly has an 'any' type.
src/components/metrics-layouts/data-library/lookups_actions.ts(6,8): error TS2307: Cannot find module '@/lib/lookup-tables/service' or its corresponding type declarations.
src/components/metrics-layouts/data-library/lookups_actions.ts(7,52): error TS2307: Cannot find module '@/lib/lookup-tables/types' or its corresponding type declarations.
src/components/metrics-layouts/data-library/mapping-manager_table.tsx(33,46): error TS2307: Cannot find module '@/lib/mapping-tables/mapping-table-columns' or its corresponding type declarations.
src/components/metrics-layouts/data-library/mapping-manager_table.tsx(34,42): error TS2307: Cannot find module '@/lib/mapping-tables/mapping-table-columns' or its corresponding type declarations.
src/components/metrics-layouts/data-library/mapping-manager_table.tsx(35,35): error TS2307: Cannot find module '@/lib/mapping-tables/mapping-table-lookups' or its corresponding type declarations.
src/components/metrics-layouts/data-library/mapping-manager_table.tsx(41,8): error TS2307: Cannot find module '@/lib/mapping-tables/types' or its corresponding type declarations.
src/components/metrics-layouts/data-library/mapping-manager_table.tsx(44,71): error TS2307: Cannot find module './actions' or its corresponding type declarations.
src/components/metrics-layouts/data-library/mapping-manager_table.tsx(45,38): error TS2307: Cannot find module './mapping-row-edit-drawer' or its corresponding type declarations.
src/components/metrics-layouts/data-library/mapping-manager_table.tsx(220,20): error TS7006: Parameter 'col' implicitly has an 'any' type.
src/components/metrics-layouts/data-library/mapping-manager_table.tsx(221,17): error TS7006: Parameter 'col' implicitly has an 'any' type.
src/components/metrics-layouts/data-library/mapping-manager_table.tsx(228,56): error TS7006: Parameter 'options' implicitly has an 'any' type.
src/components/metrics-layouts/data-library/mapping-manager_table.tsx(423,28): error TS2304: Cannot find name 'Check'.
src/components/metrics-layouts/data-library/mapping-row-edit_drawer.tsx(27,46): error TS2307: Cannot find module '@/lib/mapping-tables/mapping-table-columns' or its corresponding type declarations.
src/components/metrics-layouts/data-library/mapping-row-edit_drawer.tsx(28,38): error TS2307: Cannot find module '@/lib/mapping-tables/types' or its corresponding type declarations.
src/components/metrics-layouts/data-library/mapping-row-edit_drawer.tsx(34,8): error TS2307: Cannot find module './actions' or its corresponding type declarations.
src/components/metrics-layouts/data-library/mappings_actions.ts(3,38): error TS2307: Cannot find module 'drizzle-orm' or its corresponding type declarations.
src/components/metrics-layouts/data-library/mappings_actions.ts(5,37): error TS2307: Cannot find module '@/lib/mapping-tables/service' or its corresponding type declarations.
src/components/metrics-layouts/data-library/mappings_actions.ts(6,36): error TS2307: Cannot find module '@/lib/mapping-tables/mapping-table-columns' or its corresponding type declarations.
src/components/metrics-layouts/data-library/mappings_actions.ts(11,8): error TS2307: Cannot find module '@/lib/mapping-tables/mapping-table-lookups' or its corresponding type declarations.
src/components/metrics-layouts/data-library/mappings_actions.ts(12,33): error TS2307: Cannot find module '@/lib/permissions/permission-service' or its corresponding type declarations.
src/components/metrics-layouts/data-library/mappings_actions.ts(18,8): error TS2307: Cannot find module '@/lib/mapping-tables/types' or its corresponding type declarations.
src/components/metrics-layouts/data-library/mappings_actions.ts(32,14): error TS2339: Property 'db' does not exist on type 'typeof import("/app/packages/ui/src/db/index")'.
src/components/metrics-layouts/data-library/mappings_actions.ts(57,16): error TS7006: Parameter 'col' implicitly has an 'any' type.
src/components/metrics-layouts/data-library/mappings_actions.ts(58,13): error TS7006: Parameter 'col' implicitly has an 'any' type.
src/components/metrics-layouts/data-library/mappings_actions.ts(140,48): error TS7006: Parameter 'tx' implicitly has an 'any' type.
src/components/metrics-layouts/data-library/mappings_actions.ts(205,50): error TS7006: Parameter 'd' implicitly has an 'any' type.
src/components/metrics-layouts/data-library/mappings_actions.ts(276,64): error TS7006: Parameter 'd' implicitly has an 'any' type.
src/components/metrics-layouts/data-library/mappings_actions.ts(412,33): error TS7006: Parameter 'tx' implicitly has an 'any' type.
src/components/metrics-layouts/data-library/mappings_actions.ts(538,56): error TS7006: Parameter 'd' implicitly has an 'any' type.
src/components/metrics-layouts/data-library/mappings_page.tsx(3,24): error TS2307: Cannot find module '@/components/layout/header' or its corresponding type declarations.
src/components/metrics-layouts/data-library/mappings_page.tsx(4,22): error TS2307: Cannot find module '@/components/layout/main' or its corresponding type declarations.
src/components/metrics-layouts/data-library/mappings_page.tsx(5,29): error TS2307: Cannot find module '@/components/theme-switch' or its corresponding type declarations.
src/components/metrics-layouts/data-library/mappings_page.tsx(9,8): error TS2307: Cannot find module '@/lib/mapping-tables/service' or its corresponding type declarations.
src/components/metrics-layouts/data-library/mappings_page.tsx(11,38): error TS2307: Cannot find module './mapping-tables-manager' or its corresponding type declarations.
src/components/metrics-layouts/data-library/unmapped-codes_page.tsx(1,33): error TS2307: Cannot find module '@/app/(app)/product-area-page' or its corresponding type declarations.
src/components/metrics-layouts/data-library/use-lookup-manager_state.ts(3,41): error TS2307: Cannot find module '@/lib/lookup-tables/schemas' or its corresponding type declarations.
src/components/metrics-layouts/data-library/use-lookup-manager_state.ts(7,8): error TS2307: Cannot find module '@/lib/lookup-tables/types' or its corresponding type declarations.
src/components/metrics-layouts/data-library/use-lookup-manager_state.ts(28,38): error TS7006: Parameter 'issue' implicitly has an 'any' type.
src/components/metrics-layouts/help-desk/documentation_page.tsx(1,33): error TS2307: Cannot find module '@/app/(app)/product-area-page' or its corresponding type declarations.
src/components/metrics-layouts/help-desk/helpdesk_layout.tsx(1,33): error TS2307: Cannot find module '@/app/(app)/product-area-page' or its corresponding type declarations.
src/components/metrics-layouts/help-desk/helpdesk_page.tsx(1,33): error TS2307: Cannot find module '@/app/(app)/product-area-page' or its corresponding type declarations.
src/components/metrics-layouts/metric-library/base_page.tsx(1,33): error TS2307: Cannot find module '@/app/(app)/product-area-page' or its corresponding type declarations.
src/components/metrics-layouts/metric-library/calculated_page.tsx(1,33): error TS2307: Cannot find module '@/app/(app)/product-area-page' or its corresponding type declarations.
src/components/metrics-layouts/metric-library/metric-library_layout.tsx(1,33): error TS2307: Cannot find module '@/app/(app)/product-area-page' or its corresponding type declarations.
src/components/metrics-layouts/properties/events_page.tsx(1,33): error TS2307: Cannot find module '@/app/(app)/product-area-page' or its corresponding type declarations.
src/components/metrics-layouts/properties/lookups_page.tsx(1,33): error TS2307: Cannot find module '@/app/(app)/product-area-page' or its corresponding type declarations.
src/components/metrics-layouts/properties/notes_page.tsx(1,33): error TS2307: Cannot find module '@/app/(app)/product-area-page' or its corresponding type declarations.
src/components/metrics-layouts/properties/page.tsx(1,33): error TS2307: Cannot find module '@/app/(app)/product-area-page' or its corresponding type declarations.
src/components/metrics-layouts/properties/properties_layout.tsx(1,33): error TS2307: Cannot find module '@/app/(app)/product-area-page' or its corresponding type declarations.
src/components/metrics-layouts/properties/strategies_page.tsx(1,33): error TS2307: Cannot find module '@/app/(app)/product-area-page' or its corresponding type declarations.
src/components/metrics-layouts/properties/tasks_page.tsx(1,33): error TS2307: Cannot find module '@/app/(app)/product-area-page' or its corresponding type declarations.
src/components/metrics-layouts/settings/account-settings_page.tsx(2,25): error TS2307: Cannot find module '@/components/shadcn-studio/blocks/account-settings-01/account-settings-01' or its corresponding type declarations.
src/components/metrics-layouts/settings/account_form.tsx(26,8): error TS2307: Cannot find module '@/components/ui/form' or its corresponding type declarations.
src/components/metrics-layouts/settings/account_form.tsx(33,28): error TS2307: Cannot find module '@/components/date-picker' or its corresponding type declarations.
src/components/metrics-layouts/settings/account_form.tsx(80,22): error TS7031: Binding element 'field' implicitly has an 'any' type.
src/components/metrics-layouts/settings/account_form.tsx(97,22): error TS7031: Binding element 'field' implicitly has an 'any' type.
src/components/metrics-layouts/settings/account_form.tsx(111,22): error TS7031: Binding element 'field' implicitly has an 'any' type.
src/components/metrics-layouts/settings/account_page.tsx(1,32): error TS2307: Cannot find module '../components/content-section' or its corresponding type declarations.
src/components/metrics-layouts/settings/account_page.tsx(2,29): error TS2307: Cannot find module './account-form' or its corresponding type declarations.
src/components/metrics-layouts/settings/display_form.tsx(17,8): error TS2307: Cannot find module '@/components/ui/form' or its corresponding type declarations.
src/components/metrics-layouts/settings/display_form.tsx(87,30): error TS7031: Binding element 'field' implicitly has an 'any' type.
src/components/metrics-layouts/settings/display_form.tsx(101,40): error TS7006: Parameter 'value' implicitly has an 'any' type.
src/components/metrics-layouts/settings/display_page.tsx(1,32): error TS2307: Cannot find module '../components/content-section' or its corresponding type declarations.
src/components/metrics-layouts/settings/display_page.tsx(2,29): error TS2307: Cannot find module './display-form' or its corresponding type declarations.
src/components/metrics-layouts/settings/forgot-password_page.tsx(1,28): error TS2307: Cannot find module '@/components/shadcn-studio/blocks/forgot-password-01/forgot-password-01' or its corresponding type declarations.
src/components/metrics-layouts/settings/login_page.tsx(1,19): error TS2307: Cannot find module '@/components/shadcn-studio/blocks/login-page-01/login-page-01' or its corresponding type declarations.
src/components/metrics-layouts/settings/notifications_form.tsx(18,8): error TS2307: Cannot find module '@/components/ui/form' or its corresponding type declarations.
src/components/metrics-layouts/settings/notifications_form.tsx(61,22): error TS7031: Binding element 'field' implicitly has an 'any' type.
src/components/metrics-layouts/settings/notifications_form.tsx(104,26): error TS7031: Binding element 'field' implicitly has an 'any' type.
src/components/metrics-layouts/settings/notifications_form.tsx(126,26): error TS7031: Binding element 'field' implicitly has an 'any' type.
src/components/metrics-layouts/settings/notifications_form.tsx(148,26): error TS7031: Binding element 'field' implicitly has an 'any' type.
src/components/metrics-layouts/settings/notifications_form.tsx(168,26): error TS7031: Binding element 'field' implicitly has an 'any' type.
src/components/metrics-layouts/settings/notifications_form.tsx(192,22): error TS7031: Binding element 'field' implicitly has an 'any' type.
src/components/metrics-layouts/settings/notifications_page.tsx(1,32): error TS2307: Cannot find module '../components/content-section' or its corresponding type declarations.
src/components/metrics-layouts/settings/notifications_page.tsx(2,35): error TS2307: Cannot find module './notifications-form' or its corresponding type declarations.
src/components/metrics-layouts/settings/profile_form.tsx(18,8): error TS2307: Cannot find module '@/components/ui/form' or its corresponding type declarations.
src/components/metrics-layouts/settings/profile_form.tsx(82,22): error TS7031: Binding element 'field' implicitly has an 'any' type.
src/components/metrics-layouts/settings/profile_form.tsx(99,22): error TS7031: Binding element 'field' implicitly has an 'any' type.
src/components/metrics-layouts/settings/profile_form.tsx(125,22): error TS7031: Binding element 'field' implicitly has an 'any' type.
src/components/metrics-layouts/settings/profile_form.tsx(149,26): error TS7031: Binding element 'field' implicitly has an 'any' type.
src/components/metrics-layouts/settings/profile_page.tsx(1,32): error TS2307: Cannot find module '../components/content-section' or its corresponding type declarations.
src/components/metrics-layouts/settings/profile_page.tsx(2,29): error TS2307: Cannot find module './profile-form' or its corresponding type declarations.
src/components/metrics-layouts/settings/register_page.tsx(1,22): error TS2307: Cannot find module '@/components/shadcn-studio/blocks/register-01/register-01' or its corresponding type declarations.
src/components/metrics-layouts/settings/settings_layout.tsx(6,24): error TS2307: Cannot find module '@/components/layout/header' or its corresponding type declarations.
src/components/metrics-layouts/settings/settings_layout.tsx(7,22): error TS2307: Cannot find module '@/components/layout/main' or its corresponding type declarations.
src/components/metrics-layouts/settings/settings_layout.tsx(8,29): error TS2307: Cannot find module '@/components/theme-switch' or its corresponding type declarations.
src/components/metrics-layouts/settings/settings_layout.tsx(9,32): error TS2307: Cannot find module './components/content-section' or its corresponding type declarations.
src/components/metrics-layouts/settings/settings_layout.tsx(10,28): error TS2307: Cannot find module './components/sidebar-nav' or its corresponding type declarations.
src/components/metrics-layouts/settings/settings_layout.tsx(11,29): error TS2307: Cannot find module './profile/profile-form' or its corresponding type declarations.
src/components/metrics-layouts/settings/users-invite_dialog.tsx(25,8): error TS2307: Cannot find module '@/components/ui/form' or its corresponding type declarations.
src/components/metrics-layouts/settings/users-invite_dialog.tsx(28,32): error TS2307: Cannot find module '@/components/select-dropdown' or its corresponding type declarations.
src/components/metrics-layouts/settings/users-invite_dialog.tsx(29,23): error TS2307: Cannot find module '../data/data' or its corresponding type declarations.
src/components/metrics-layouts/settings/users-invite_dialog.tsx(73,14): error TS2304: Cannot find name 'MailPlus'.
src/components/metrics-layouts/settings/users-invite_dialog.tsx(89,26): error TS7031: Binding element 'field' implicitly has an 'any' type.
src/components/metrics-layouts/settings/users-invite_dialog.tsx(106,26): error TS7031: Binding element 'field' implicitly has an 'any' type.
src/components/metrics-layouts/settings/users-invite_dialog.tsx(113,41): error TS7031: Binding element 'label' implicitly has an 'any' type.
src/components/metrics-layouts/settings/users-invite_dialog.tsx(113,48): error TS7031: Binding element 'value' implicitly has an 'any' type.
src/components/metrics-layouts/settings/users-invite_dialog.tsx(125,26): error TS7031: Binding element 'field' implicitly has an 'any' type.
src/components/metrics-layouts/settings/users-invite_dialog.tsx(146,21): error TS2304: Cannot find name 'Send'.
src/components/metrics-layouts/strategies/playbooks_page.tsx(1,33): error TS2307: Cannot find module '@/app/(app)/product-area-page' or its corresponding type declarations.
src/components/metrics-layouts/strategies/recommended-actions_page.tsx(1,33): error TS2307: Cannot find module '@/app/(app)/product-area-page' or its corresponding type declarations.
src/components/metrics-layouts/strategies/strategies_layout.tsx(1,33): error TS2307: Cannot find module '@/app/(app)/product-area-page' or its corresponding type declarations.
src/components/metrics-layouts/strategies/triggers_page.tsx(1,33): error TS2307: Cannot find module '@/app/(app)/product-area-page' or its corresponding type declarations.
src/components/metrics-layouts/tasks/calendar-view_page.tsx(9,27): error TS2307: Cannot find module '../data/schema' or its corresponding type declarations.
src/components/metrics-layouts/tasks/calendar-view_page.tsx(91,9): error TS7053: Element implicitly has an 'any' type because expression of type 'any' can't be used to index type '{ not_started: string; in_progress: string; waiting: string; blocked: string; complete: string; canceled: string; }'.
src/components/metrics-layouts/tasks/data-actions_table-row.tsx(18,24): error TS2307: Cannot find module '../data/data' or its corresponding type declarations.
src/components/metrics-layouts/tasks/data-actions_table-row.tsx(19,28): error TS2307: Cannot find module '../data/schema' or its corresponding type declarations.
src/components/metrics-layouts/tasks/data-actions_table-row.tsx(20,26): error TS2307: Cannot find module './tasks-provider' or its corresponding type declarations.
src/components/metrics-layouts/tasks/data-actions_table-row.tsx(60,28): error TS7006: Parameter 'label' implicitly has an 'any' type.
src/components/metrics-layouts/tasks/data-bulk-actions_table.tsx(18,60): error TS2307: Cannot find module '@/components/data-table' or its corresponding type declarations.
src/components/metrics-layouts/tasks/data-bulk-actions_table.tsx(19,38): error TS2307: Cannot find module '../data/data' or its corresponding type declarations.
src/components/metrics-layouts/tasks/data-bulk-actions_table.tsx(20,27): error TS2307: Cannot find module '../data/schema' or its corresponding type declarations.
src/components/metrics-layouts/tasks/data-bulk-actions_table.tsx(21,40): error TS2307: Cannot find module './tasks-multi-delete-dialog' or its corresponding type declarations.
src/components/metrics-layouts/tasks/data-bulk-actions_table.tsx(96,28): error TS7006: Parameter 'status' implicitly has an 'any' type.
src/components/metrics-layouts/tasks/data-bulk-actions_table.tsx(132,30): error TS7006: Parameter 'priority' implicitly has an 'any' type.
src/components/metrics-layouts/tasks/group-views.tsx(11,27): error TS2307: Cannot find module '../data/schema' or its corresponding type declarations.
src/components/metrics-layouts/tasks/group-views.tsx(12,58): error TS2307: Cannot find module '../data/data' or its corresponding type declarations.
src/components/metrics-layouts/tasks/group-views.tsx(58,40): error TS7006: Parameter 's' implicitly has an 'any' type.
src/components/metrics-layouts/tasks/group-views.tsx(76,61): error TS7053: Element implicitly has an 'any' type because expression of type 'any' can't be used to index type '{ not_started: string; in_progress: string; waiting: string; blocked: string; complete: string; canceled: string; }'.
src/components/metrics-layouts/tasks/group-views.tsx(107,40): error TS7006: Parameter 't' implicitly has an 'any' type.
src/components/metrics-layouts/tasks/group-views.tsx(133,39): error TS7006: Parameter 'd' implicitly has an 'any' type.
src/components/metrics-layouts/tasks/group-views.tsx(299,43): error TS7006: Parameter 'd' implicitly has an 'any' type.
src/components/metrics-layouts/tasks/growth-plan_header.tsx(19,33): error TS2307: Cannot find module '../data/schema' or its corresponding type declarations.
src/components/metrics-layouts/tasks/growth-plan_header.tsx(66,28): error TS7006: Parameter 't' implicitly has an 'any' type.
src/components/metrics-layouts/tasks/growth-plan_sidebar.tsx(33,39): error TS2307: Cannot find module '../data/schema' or its corresponding type declarations.
src/components/metrics-layouts/tasks/growth-plan_sidebar.tsx(84,28): error TS7006: Parameter 't' implicitly has an 'any' type.
src/components/metrics-layouts/tasks/growth-plan_states.tsx(17,37): error TS2307: Cannot find module './growth-plan-view-switcher' or its corresponding type declarations.
src/components/metrics-layouts/tasks/kanban_page.tsx(25,65): error TS2307: Cannot find module '../data/data' or its corresponding type declarations.
src/components/metrics-layouts/tasks/kanban_page.tsx(26,39): error TS2307: Cannot find module '../data/schema' or its corresponding type declarations.
src/components/metrics-layouts/tasks/kanban_page.tsx(27,26): error TS2307: Cannot find module './tasks-provider' or its corresponding type declarations.
src/components/metrics-layouts/tasks/kanban_page.tsx(89,27): error TS7006: Parameter 'status' implicitly has an 'any' type.
src/components/metrics-layouts/tasks/kanban_page.tsx(94,27): error TS7006: Parameter 'status' implicitly has an 'any' type.
src/components/metrics-layouts/tasks/kanban_page.tsx(104,23): error TS7006: Parameter 'column' implicitly has an 'any' type.
src/components/metrics-layouts/tasks/kanban_page.tsx(179,43): error TS7006: Parameter 's' implicitly has an 'any' type.
src/components/metrics-layouts/tasks/kanban_page.tsx(183,51): error TS7006: Parameter 't' implicitly has an 'any' type.
src/components/metrics-layouts/tasks/kanban_page.tsx(219,8): error TS2304: Cannot find name 'totalTasks'.
src/components/metrics-layouts/tasks/kanban_page.tsx(224,13): error TS2304: Cannot find name 'progress'.
src/components/metrics-layouts/tasks/kanban_page.tsx(226,17): error TS2304: Cannot find name 'progress'.
src/components/metrics-layouts/tasks/kanban_page.tsx(230,31): error TS2304: Cannot find name 'totalTasks'.
src/components/metrics-layouts/tasks/kanban_page.tsx(258,14): error TS2304: Cannot find name 'totalTasks'.
src/components/metrics-layouts/tasks/kanban_page.tsx(261,30): error TS2304: Cannot find name 'totalTasks'.
src/components/metrics-layouts/tasks/kanban_page.tsx(303,53): error TS7006: Parameter 'item' implicitly has an 'any' type.
src/components/metrics-layouts/tasks/kanban_page.tsx(381,51): error TS7006: Parameter 'n' implicitly has an 'any' type.
src/components/metrics-layouts/tasks/meeting-recap_page.tsx(17,39): error TS2307: Cannot find module '../data/schema' or its corresponding type declarations.
src/components/metrics-layouts/tasks/meeting-recap_page.tsx(18,50): error TS2307: Cannot find module '../data/data' or its corresponding type declarations.
src/components/metrics-layouts/tasks/meeting-recap_page.tsx(52,43): error TS7006: Parameter 's' implicitly has an 'any' type.
src/components/metrics-layouts/tasks/meeting-recap_page.tsx(53,37): error TS7006: Parameter 's' implicitly has an 'any' type.
src/components/metrics-layouts/tasks/owner-rollup_page.tsx(16,33): error TS2307: Cannot find module '../data/schema' or its corresponding type declarations.
src/components/metrics-layouts/tasks/tasks-columns.tsx(4,39): error TS2307: Cannot find module '@/components/data-table' or its corresponding type declarations.
src/components/metrics-layouts/tasks/tasks-columns.tsx(5,46): error TS2307: Cannot find module '../data/data' or its corresponding type declarations.
src/components/metrics-layouts/tasks/tasks-columns.tsx(6,27): error TS2307: Cannot find module '../data/schema' or its corresponding type declarations.
src/components/metrics-layouts/tasks/tasks-columns.tsx(7,37): error TS2307: Cannot find module './data-table-row-actions' or its corresponding type declarations.
src/components/metrics-layouts/tasks/tasks-columns.tsx(49,7): error TS2353: Object literal may only specify known properties, and 'className' does not exist in type 'ColumnMeta<Task, unknown>'.
src/components/metrics-layouts/tasks/tasks-columns.tsx(53,34): error TS7006: Parameter 'label' implicitly has an 'any' type.
src/components/metrics-layouts/tasks/tasks-columns.tsx(68,13): error TS2353: Object literal may only specify known properties, and 'className' does not exist in type 'ColumnMeta<Task, unknown>'.
src/components/metrics-layouts/tasks/tasks-columns.tsx(71,10): error TS7006: Parameter 'status' implicitly has an 'any' type.
src/components/metrics-layouts/tasks/tasks-columns.tsx(96,13): error TS2353: Object literal may only specify known properties, and 'className' does not exist in type 'ColumnMeta<Task, unknown>'.
src/components/metrics-layouts/tasks/tasks-columns.tsx(99,10): error TS7006: Parameter 'priority' implicitly has an 'any' type.
src/components/metrics-layouts/tasks/tasks-import_dialog.tsx(24,8): error TS2307: Cannot find module '@/components/ui/form' or its corresponding type declarations.
src/components/metrics-layouts/tasks/tasks-multi-delete_dialog.tsx(11,31): error TS2307: Cannot find module '@/components/confirm-dialog' or its corresponding type declarations.
src/components/metrics-layouts/tasks/tasks-multi-delete_dialog.tsx(59,12): error TS2304: Cannot find name 'AlertTriangle'.
src/components/metrics-layouts/tasks/tasks-mutate_drawer.tsx(19,8): error TS2307: Cannot find module '@/components/ui/form' or its corresponding type declarations.
src/components/metrics-layouts/tasks/tasks-mutate_drawer.tsx(30,32): error TS2307: Cannot find module '@/components/select-dropdown' or its corresponding type declarations.
src/components/metrics-layouts/tasks/tasks-mutate_drawer.tsx(31,27): error TS2307: Cannot find module '../data/schema' or its corresponding type declarations.
src/components/metrics-layouts/tasks/tasks-mutate_drawer.tsx(187,28): error TS7031: Binding element 'field' implicitly has an 'any' type.
src/components/metrics-layouts/tasks/tasks-mutate_drawer.tsx(200,28): error TS7031: Binding element 'field' implicitly has an 'any' type.
src/components/metrics-layouts/tasks/tasks-mutate_drawer.tsx(224,28): error TS7031: Binding element 'field' implicitly has an 'any' type.
src/components/metrics-layouts/tasks/tasks-mutate_drawer.tsx(241,28): error TS7031: Binding element 'field' implicitly has an 'any' type.
src/components/metrics-layouts/tasks/tasks-mutate_drawer.tsx(258,28): error TS7031: Binding element 'field' implicitly has an 'any' type.
src/components/metrics-layouts/tasks/tasks-mutate_drawer.tsx(275,28): error TS7031: Binding element 'field' implicitly has an 'any' type.
src/components/metrics-layouts/tasks/tasks-mutate_drawer.tsx(313,28): error TS7031: Binding element 'field' implicitly has an 'any' type.
src/components/metrics-layouts/tasks/tasks-primary-buttons.tsx(5,26): error TS2307: Cannot find module './tasks-provider' or its corresponding type declarations.
src/components/metrics-layouts/tasks/tasks-primary-buttons.tsx(16,30): error TS2304: Cannot find name 'Download'.
src/components/metrics-layouts/tasks/tasks-primary-buttons.tsx(19,30): error TS2304: Cannot find name 'Plus'.
src/components/metrics-layouts/tasks/tasks_dialogs.tsx(2,31): error TS2307: Cannot find module '@/components/confirm-dialog' or its corresponding type declarations.
src/components/metrics-layouts/tasks/tasks_dialogs.tsx(3,35): error TS2307: Cannot find module './tasks-import-dialog' or its corresponding type declarations.
src/components/metrics-layouts/tasks/tasks_dialogs.tsx(4,35): error TS2307: Cannot find module './tasks-mutate-drawer' or its corresponding type declarations.
src/components/metrics-layouts/tasks/tasks_dialogs.tsx(5,26): error TS2307: Cannot find module './tasks-provider' or its corresponding type declarations.
src/components/metrics-layouts/tasks/tasks_dialogs.tsx(14,24): error TS7006: Parameter 'nextOpen' implicitly has an 'any' type.
src/components/metrics-layouts/tasks/tasks_dialogs.tsx(20,24): error TS7006: Parameter 'nextOpen' implicitly has an 'any' type.
src/components/metrics-layouts/tasks/tasks_dialogs.tsx(28,28): error TS7006: Parameter 'nextOpen' implicitly has an 'any' type.
src/components/metrics-layouts/tasks/tasks_dialogs.tsx(41,28): error TS7006: Parameter 'nextOpen' implicitly has an 'any' type.
src/components/metrics-layouts/tasks/tasks_layout.tsx(4,24): error TS2307: Cannot find module '@/components/layout/header' or its corresponding type declarations.
src/components/metrics-layouts/tasks/tasks_layout.tsx(5,22): error TS2307: Cannot find module '@/components/layout/main' or its corresponding type declarations.
src/components/metrics-layouts/tasks/tasks_layout.tsx(6,29): error TS2307: Cannot find module '@/components/theme-switch' or its corresponding type declarations.
src/components/metrics-layouts/tasks/tasks_layout.tsx(27,30): error TS2307: Cannot find module './components/tasks-dialogs' or its corresponding type declarations.
src/components/metrics-layouts/tasks/tasks_layout.tsx(28,31): error TS2307: Cannot find module './components/tasks-provider' or its corresponding type declarations.
src/components/metrics-layouts/tasks/tasks_layout.tsx(29,28): error TS2307: Cannot find module './components/tasks-table' or its corresponding type declarations.
src/components/metrics-layouts/tasks/tasks_layout.tsx(30,61): error TS2307: Cannot find module './components/growth-plan-view-switcher' or its corresponding type declarations.
src/components/metrics-layouts/tasks/tasks_layout.tsx(31,92): error TS2307: Cannot find module './components/growth-plan-header' or its corresponding type declarations.
src/components/metrics-layouts/tasks/tasks_layout.tsx(32,35): error TS2307: Cannot find module './components/growth-plan-sidebar' or its corresponding type declarations.
src/components/metrics-layouts/tasks/tasks_layout.tsx(33,28): error TS2307: Cannot find module './components/kanban-view' or its corresponding type declarations.
src/components/metrics-layouts/tasks/tasks_layout.tsx(34,48): error TS2307: Cannot find module './components/group-views' or its corresponding type declarations.
src/components/metrics-layouts/tasks/tasks_layout.tsx(35,30): error TS2307: Cannot find module './components/calendar-view' or its corresponding type declarations.
src/components/metrics-layouts/tasks/tasks_layout.tsx(36,33): error TS2307: Cannot find module './components/owner-rollup-view' or its corresponding type declarations.
src/components/metrics-layouts/tasks/tasks_layout.tsx(37,34): error TS2307: Cannot find module './components/meeting-recap-view' or its corresponding type declarations.
src/components/metrics-layouts/tasks/tasks_layout.tsx(38,28): error TS2307: Cannot find module './components/growth-plan-states' or its corresponding type declarations.
src/components/metrics-layouts/tasks/tasks_layout.tsx(39,36): error TS2307: Cannot find module './components/workstreams-section' or its corresponding type declarations.
src/components/metrics-layouts/tasks/tasks_provider.tsx(5,67): error TS2307: Cannot find module '../data/schema' or its corresponding type declarations.
src/components/metrics-layouts/tasks/tasks_provider.tsx(9,8): error TS2307: Cannot find module '../data/tasks' or its corresponding type declarations.
src/components/metrics-layouts/tasks/tasks_provider.tsx(16,8): error TS2307: Cannot find module '../actions' or its corresponding type declarations.
src/components/metrics-layouts/tasks/tasks_table.tsx(10,35): error TS2307: Cannot find module '@/components/ui/sortable-table-head' or its corresponding type declarations.
src/components/metrics-layouts/tasks/tasks_table.tsx(34,46): error TS2307: Cannot find module '../data/data' or its corresponding type declarations.
src/components/metrics-layouts/tasks/tasks_table.tsx(35,27): error TS2307: Cannot find module '../data/schema' or its corresponding type declarations.
src/components/metrics-layouts/tasks/tasks_table.tsx(36,26): error TS2307: Cannot find module './tasks-provider' or its corresponding type declarations.
src/components/metrics-layouts/tasks/tasks_table.tsx(179,24): error TS7006: Parameter 'status' implicitly has an 'any' type.
src/components/metrics-layouts/tasks/tasks_table.tsx(181,22): error TS7006: Parameter 'label' implicitly has an 'any' type.
src/components/metrics-layouts/tasks/tasks_table.tsx(183,26): error TS7006: Parameter 'priority' implicitly has an 'any' type.
src/components/metrics-layouts/tasks/tasks_table.tsx(260,30): error TS7006: Parameter 'status' implicitly has an 'any' type.
src/components/metrics-layouts/tasks/tasks_table.tsx(279,32): error TS7006: Parameter 'priority' implicitly has an 'any' type.
src/components/metrics-layouts/tasks/tasks_table.tsx(386,37): error TS7006: Parameter 'label' implicitly has an 'any' type.
src/components/metrics-layouts/tasks/tasks_table.tsx(485,28): error TS7006: Parameter 'candidate' implicitly has an 'any' type.
src/components/metrics-layouts/tasks/workstream-mutate_drawer.tsx(14,8): error TS2307: Cannot find module '@/components/ui/form' or its corresponding type declarations.
src/components/metrics-layouts/tasks/workstream-mutate_drawer.tsx(26,32): error TS2307: Cannot find module '@/components/select-dropdown' or its corresponding type declarations.
src/components/metrics-layouts/tasks/workstream-mutate_drawer.tsx(27,33): error TS2307: Cannot find module '../data/schema' or its corresponding type declarations.
src/components/metrics-layouts/tasks/workstream-mutate_drawer.tsx(28,26): error TS2307: Cannot find module './tasks-provider' or its corresponding type declarations.
src/components/metrics-layouts/tasks/workstream-mutate_drawer.tsx(93,56): error TS7006: Parameter 'a' implicitly has an 'any' type.
src/components/metrics-layouts/tasks/workstream-mutate_drawer.tsx(143,26): error TS7031: Binding element 'field' implicitly has an 'any' type.
src/components/metrics-layouts/tasks/workstream-mutate_drawer.tsx(157,26): error TS7031: Binding element 'field' implicitly has an 'any' type.
src/components/metrics-layouts/tasks/workstream-mutate_drawer.tsx(174,26): error TS7031: Binding element 'field' implicitly has an 'any' type.
src/components/metrics-layouts/tasks/workstream-mutate_drawer.tsx(192,26): error TS7031: Binding element 'field' implicitly has an 'any' type.
src/components/metrics-layouts/tasks/workstream-mutate_drawer.tsx(209,26): error TS7031: Binding element 'field' implicitly has an 'any' type.
src/components/metrics-layouts/tasks/workstream-mutate_drawer.tsx(227,28): error TS7031: Binding element 'field' implicitly has an 'any' type.
src/components/metrics-layouts/tasks/workstream-mutate_drawer.tsx(232,39): error TS7006: Parameter 'val' implicitly has an 'any' type.
src/components/metrics-layouts/tasks/workstream-mutate_drawer.tsx(253,30): error TS7031: Binding element 'field' implicitly has an 'any' type.
src/components/metrics-layouts/tasks/workstream-mutate_drawer.tsx(278,30): error TS7031: Binding element 'field' implicitly has an 'any' type.
src/components/metrics-layouts/tasks/workstream-mutate_drawer.tsx(294,26): error TS7031: Binding element 'field' implicitly has an 'any' type.
src/components/metrics-layouts/tasks/workstreams_section.tsx(13,26): error TS2307: Cannot find module './tasks-provider' or its corresponding type declarations.
src/components/metrics-layouts/tasks/workstreams_section.tsx(14,51): error TS2307: Cannot find module '../data/schema' or its corresponding type declarations.
src/components/metrics-layouts/tasks/workstreams_section.tsx(62,31): error TS7006: Parameter 'a' implicitly has an 'any' type.
src/components/metrics-layouts/tasks/workstreams_section.tsx(123,27): error TS7006: Parameter 'w' implicitly has an 'any' type.
src/components/metrics-layouts/tasks/workstreams_section.tsx(128,42): error TS7006: Parameter 'w' implicitly has an 'any' type.
src/components/metrics-layouts/tasks/workstreams_section.tsx(158,26): error TS7006: Parameter 'ws' implicitly has an 'any' type.
src/components/metrics-layouts/users/data-bulk-actions_table.tsx(5,10): error TS2724: '"@tabler/icons-react"' has no exported member named 'IconTrash2'. Did you mean 'IconTrash'?
src/components/metrics-layouts/users/data-bulk-actions_table.tsx(14,60): error TS2307: Cannot find module '@/components/data-table' or its corresponding type declarations.
src/components/metrics-layouts/users/data-bulk-actions_table.tsx(15,27): error TS2307: Cannot find module '../data/schema' or its corresponding type declarations.
src/components/metrics-layouts/users/data-bulk-actions_table.tsx(16,40): error TS2307: Cannot find module './users-multi-delete-dialog' or its corresponding type declarations.
src/components/metrics-layouts/users/data-bulk-actions_table.tsx(67,16): error TS2304: Cannot find name 'Mail'.
src/components/metrics-layouts/users/data-bulk-actions_table.tsx(86,16): error TS2304: Cannot find name 'UserCheck'.
src/components/metrics-layouts/users/data-bulk-actions_table.tsx(105,16): error TS2304: Cannot find name 'UserX'.
src/components/metrics-layouts/users/data-bulk-actions_table.tsx(124,16): error TS2304: Cannot find name 'Trash2'.
src/components/metrics-layouts/users/data-row-actions_table_row.tsx(5,10): error TS2724: '"@tabler/icons-react"' has no exported member named 'IconTrash2'. Did you mean 'IconTrash'?
src/components/metrics-layouts/users/data-row-actions_table_row.tsx(5,22): error TS2724: '"@tabler/icons-react"' has no exported member named 'IconUserPen'. Did you mean 'IconUserPin'?
src/components/metrics-layouts/users/data-row-actions_table_row.tsx(15,27): error TS2307: Cannot find module '../data/schema' or its corresponding type declarations.
src/components/metrics-layouts/users/data-row-actions_table_row.tsx(16,26): error TS2307: Cannot find module './users-provider' or its corresponding type declarations.
src/components/metrics-layouts/users/data-row-actions_table_row.tsx(45,16): error TS2304: Cannot find name 'UserPen'.
src/components/metrics-layouts/users/data-row-actions_table_row.tsx(58,16): error TS2304: Cannot find name 'Trash2'.
src/components/metrics-layouts/users/data/data.ts(18,11): error TS2304: Cannot find name 'Shield'.
src/components/metrics-layouts/users/data/data.ts(23,11): error TS2304: Cannot find name 'UserCheck'.
src/components/metrics-layouts/users/data/data.ts(28,11): error TS2304: Cannot find name 'Users'.
src/components/metrics-layouts/users/data/data.ts(33,11): error TS2304: Cannot find name 'CreditCard'.
src/components/metrics-layouts/users/data/users.ts(1,23): error TS2307: Cannot find module '@faker-js/faker' or its corresponding type declarations.
src/components/metrics-layouts/users/page.tsx(5,24): error TS2307: Cannot find module '@/components/layout/header' or its corresponding type declarations.
src/components/metrics-layouts/users/page.tsx(6,22): error TS2307: Cannot find module '@/components/layout/main' or its corresponding type declarations.
src/components/metrics-layouts/users/page.tsx(7,29): error TS2307: Cannot find module '@/components/theme-switch' or its corresponding type declarations.
src/components/metrics-layouts/users/page.tsx(15,34): error TS2307: Cannot find module './components/permissions-panel' or its corresponding type declarations.
src/components/metrics-layouts/users/page.tsx(16,30): error TS2307: Cannot find module './components/users-dialogs' or its corresponding type declarations.
src/components/metrics-layouts/users/page.tsx(17,37): error TS2307: Cannot find module './components/users-primary-buttons' or its corresponding type declarations.
src/components/metrics-layouts/users/page.tsx(18,31): error TS2307: Cannot find module './components/users-provider' or its corresponding type declarations.
src/components/metrics-layouts/users/page.tsx(19,28): error TS2307: Cannot find module './components/users-table' or its corresponding type declarations.
src/components/metrics-layouts/users/permissions-panel_page.tsx(4,22): error TS2724: '"@tabler/icons-react"' has no exported member named 'IconShieldAlert'. Did you mean 'IconShieldHeart'?
src/components/metrics-layouts/users/permissions-panel_page.tsx(20,8): error TS2307: Cannot find module '@/lib/permissions/permissions-registry' or its corresponding type declarations.
src/components/metrics-layouts/users/permissions-panel_page.tsx(24,8): error TS2307: Cannot find module '@/lib/permissions/permissions-registry' or its corresponding type declarations.
src/components/metrics-layouts/users/permissions-panel_page.tsx(68,47): error TS2304: Cannot find name 'Shield'.
src/components/metrics-layouts/users/permissions-panel_page.tsx(69,15): error TS2304: Cannot find name 'ShieldOff'.
src/components/metrics-layouts/users/permissions-panel_page.tsx(70,17): error TS2304: Cannot find name 'Shield'.
src/components/metrics-layouts/users/permissions-panel_page.tsx(71,16): error TS2304: Cannot find name 'ShieldAlert'.
src/components/metrics-layouts/users/permissions-panel_page.tsx(72,15): error TS2304: Cannot find name 'ShieldCheck'.
src/components/metrics-layouts/users/permissions-panel_page.tsx(195,12): error TS2304: Cannot find name 'Shield'.
src/components/metrics-layouts/users/permissions-panel_page.tsx(203,43): error TS2345: Argument of type '([group, permissions]: [any, any]) => Element' is not assignable to parameter of type '(value: unknown, index: number, array: unknown[]) => Element'.
  Types of parameters '__0' and 'value' are incompatible.
    Type 'unknown' is not assignable to type '[any, any]'.
src/components/metrics-layouts/users/users-action_dialog.tsx(23,8): error TS2307: Cannot find module '@/components/ui/form' or its corresponding type declarations.
src/components/metrics-layouts/users/users-action_dialog.tsx(25,31): error TS2307: Cannot find module '@/components/password-input' or its corresponding type declarations.
src/components/metrics-layouts/users/users-action_dialog.tsx(26,32): error TS2307: Cannot find module '@/components/select-dropdown' or its corresponding type declarations.
src/components/metrics-layouts/users/users-action_dialog.tsx(27,23): error TS2307: Cannot find module '../data/data' or its corresponding type declarations.
src/components/metrics-layouts/users/users-action_dialog.tsx(28,27): error TS2307: Cannot find module '../data/schema' or its corresponding type declarations.
src/components/metrics-layouts/users/users-action_dialog.tsx(164,28): error TS7031: Binding element 'field' implicitly has an 'any' type.
src/components/metrics-layouts/users/users-action_dialog.tsx(184,28): error TS7031: Binding element 'field' implicitly has an 'any' type.
src/components/metrics-layouts/users/users-action_dialog.tsx(204,28): error TS7031: Binding element 'field' implicitly has an 'any' type.
src/components/metrics-layouts/users/users-action_dialog.tsx(223,28): error TS7031: Binding element 'field' implicitly has an 'any' type.
src/components/metrics-layouts/users/users-action_dialog.tsx(240,28): error TS7031: Binding element 'field' implicitly has an 'any' type.
src/components/metrics-layouts/users/users-action_dialog.tsx(259,28): error TS7031: Binding element 'field' implicitly has an 'any' type.
src/components/metrics-layouts/users/users-action_dialog.tsx(267,43): error TS7031: Binding element 'label' implicitly has an 'any' type.
src/components/metrics-layouts/users/users-action_dialog.tsx(267,50): error TS7031: Binding element 'value' implicitly has an 'any' type.
src/components/metrics-layouts/users/users-action_dialog.tsx(279,28): error TS7031: Binding element 'field' implicitly has an 'any' type.
src/components/metrics-layouts/users/users-action_dialog.tsx(298,28): error TS7031: Binding element 'field' implicitly has an 'any' type.
src/components/metrics-layouts/users/users-delete_dialog.tsx(9,31): error TS2307: Cannot find module '@/components/confirm-dialog' or its corresponding type declarations.
src/components/metrics-layouts/users/users-delete_dialog.tsx(10,27): error TS2307: Cannot find module '../data/schema' or its corresponding type declarations.
src/components/metrics-layouts/users/users-delete_dialog.tsx(40,12): error TS2304: Cannot find name 'AlertTriangle'.
src/components/metrics-layouts/users/users-invite_dialog.tsx(23,8): error TS2307: Cannot find module '@/components/ui/form' or its corresponding type declarations.
src/components/metrics-layouts/users/users-invite_dialog.tsx(26,32): error TS2307: Cannot find module '@/components/select-dropdown' or its corresponding type declarations.
src/components/metrics-layouts/users/users-invite_dialog.tsx(27,23): error TS2307: Cannot find module '../data/data' or its corresponding type declarations.
src/components/metrics-layouts/users/users-invite_dialog.tsx(71,14): error TS2304: Cannot find name 'MailPlus'.
src/components/metrics-layouts/users/users-invite_dialog.tsx(87,26): error TS7031: Binding element 'field' implicitly has an 'any' type.
src/components/metrics-layouts/users/users-invite_dialog.tsx(104,26): error TS7031: Binding element 'field' implicitly has an 'any' type.
src/components/metrics-layouts/users/users-invite_dialog.tsx(111,41): error TS7031: Binding element 'label' implicitly has an 'any' type.
src/components/metrics-layouts/users/users-invite_dialog.tsx(111,48): error TS7031: Binding element 'value' implicitly has an 'any' type.
src/components/metrics-layouts/users/users-invite_dialog.tsx(123,26): error TS7031: Binding element 'field' implicitly has an 'any' type.
src/components/metrics-layouts/users/users-invite_dialog.tsx(144,21): error TS2304: Cannot find name 'Send'.
src/components/metrics-layouts/users/users-multi-delete_dialog.tsx(11,31): error TS2307: Cannot find module '@/components/confirm-dialog' or its corresponding type declarations.
src/components/metrics-layouts/users/users-multi-delete_dialog.tsx(59,12): error TS2304: Cannot find name 'AlertTriangle'.
src/components/metrics-layouts/users/users-primary-buttons.tsx(5,26): error TS2307: Cannot find module './users-provider' or its corresponding type declarations.
src/components/metrics-layouts/users/users-primary-buttons.tsx(16,35): error TS2304: Cannot find name 'MailPlus'.
src/components/metrics-layouts/users/users-primary-buttons.tsx(19,32): error TS2304: Cannot find name 'UserPlus'.
src/components/metrics-layouts/users/users_columns.tsx(5,39): error TS2307: Cannot find module '@/components/data-table' or its corresponding type declarations.
src/components/metrics-layouts/users/users_columns.tsx(6,26): error TS2307: Cannot find module '@/components/long-text' or its corresponding type declarations.
src/components/metrics-layouts/users/users_columns.tsx(7,34): error TS2307: Cannot find module '../data/data' or its corresponding type declarations.
src/components/metrics-layouts/users/users_columns.tsx(8,27): error TS2307: Cannot find module '../data/schema' or its corresponding type declarations.
src/components/metrics-layouts/users/users_columns.tsx(9,37): error TS2307: Cannot find module './data-table-row-actions' or its corresponding type declarations.
src/components/metrics-layouts/users/users_columns.tsx(26,7): error TS2353: Object literal may only specify known properties, and 'className' does not exist in type 'ColumnMeta<User, unknown>'.
src/components/metrics-layouts/users/users_columns.tsx(48,7): error TS2353: Object literal may only specify known properties, and 'className' does not exist in type 'ColumnMeta<User, unknown>'.
src/components/metrics-layouts/users/users_columns.tsx(65,13): error TS2353: Object literal may only specify known properties, and 'className' does not exist in type 'ColumnMeta<User, unknown>'.
src/components/metrics-layouts/users/users_columns.tsx(113,38): error TS7031: Binding element 'value' implicitly has an 'any' type.
src/components/metrics-layouts/users/users_dialogs.tsx(1,35): error TS2307: Cannot find module './users-action-dialog' or its corresponding type declarations.
src/components/metrics-layouts/users/users_dialogs.tsx(2,35): error TS2307: Cannot find module './users-delete-dialog' or its corresponding type declarations.
src/components/metrics-layouts/users/users_dialogs.tsx(3,35): error TS2307: Cannot find module './users-invite-dialog' or its corresponding type declarations.
src/components/metrics-layouts/users/users_dialogs.tsx(4,26): error TS2307: Cannot find module './users-provider' or its corresponding type declarations.
src/components/metrics-layouts/users/users_provider.tsx(6,27): error TS2307: Cannot find module '../data/schema' or its corresponding type declarations.
src/components/metrics-layouts/users/users_table.tsx(26,55): error TS2307: Cannot find module '@/components/data-table' or its corresponding type declarations.
src/components/metrics-layouts/users/users_table.tsx(27,23): error TS2307: Cannot find module '../data/data' or its corresponding type declarations.
src/components/metrics-layouts/users/users_table.tsx(28,27): error TS2307: Cannot find module '../data/schema' or its corresponding type declarations.
src/components/metrics-layouts/users/users_table.tsx(29,38): error TS2307: Cannot find module './data-table-bulk-actions' or its corresponding type declarations.
src/components/metrics-layouts/users/users_table.tsx(30,41): error TS2307: Cannot find module './users-columns' or its corresponding type declarations.
src/components/metrics-layouts/users/users_table.tsx(122,33): error TS7006: Parameter 'role' implicitly has an 'any' type.
src/components/metrics-layouts/users/users_table.tsx(138,55): error TS2339: Property 'className' does not exist on type 'ColumnMeta<any, unknown>'.
src/components/metrics-layouts/users/users_table.tsx(139,55): error TS2339: Property 'thClassName' does not exist on type 'ColumnMeta<any, unknown>'.
src/components/metrics-layouts/users/users_table.tsx(167,53): error TS2339: Property 'className' does not exist on type 'ColumnMeta<any, unknown>'.
src/components/metrics-layouts/users/users_table.tsx(168,53): error TS2339: Property 'tdClassName' does not exist on type 'ColumnMeta<any, unknown>'.
src/components/metrics-layouts/users/verify-email.tsx(1,25): error TS2307: Cannot find module '@/components/shadcn-studio/blocks/verify-email-01/verify-email-01' or its corresponding type declarations.
src/components/metrics-sections/analytics-section.tsx(58,75): error TS2322: Type 'ForwardRefExoticComponent<Omit<LucideProps, "ref"> & RefAttributes<SVGSVGElement>>' is not assignable to type 'ComponentType<SVGProps<SVGSVGElement>>'.
  Type 'ForwardRefExoticComponent<Omit<LucideProps, "ref"> & RefAttributes<SVGSVGElement>>' is not assignable to type 'FunctionComponent<SVGProps<SVGSVGElement>>'.
    Types of parameters 'props' and 'props' are incompatible.
      Type 'SVGProps<SVGSVGElement>' is not assignable to type 'Omit<LucideProps, "ref"> & RefAttributes<SVGSVGElement>'.
        Type 'SVGProps<SVGSVGElement>' is not assignable to type 'RefAttributes<SVGSVGElement>'.
          Types of property 'ref' are incompatible.
            Type 'React.Ref<SVGSVGElement> | undefined' is not assignable to type 'import("/app/node_modules/.pnpm/@types+react@19.2.16/node_modules/@types/react/index").Ref<SVGSVGElement> | undefined'.
              Type '(instance: SVGSVGElement | null) => void | (() => VoidOrUndefinedOnly)' is not assignable to type 'Ref<SVGSVGElement> | undefined'.
                Type '(instance: SVGSVGElement | null) => void | (() => VoidOrUndefinedOnly)' is not assignable to type '(instance: SVGSVGElement | null) => void | (() => VoidOrUndefinedOnly)'. Two different types with this name exist, but they are unrelated.
                  Type 'void | (() => VoidOrUndefinedOnly)' is not assignable to type 'void | (() => VoidOrUndefinedOnly)'. Two different types with this name exist, but they are unrelated.
                    Type '() => VoidOrUndefinedOnly' is not assignable to type 'void | (() => VoidOrUndefinedOnly)'.
                      Type '() => VoidOrUndefinedOnly' is not assignable to type '() => VoidOrUndefinedOnly'. Two different types with this name exist, but they are unrelated.
                        Type 'VoidOrUndefinedOnly' is not assignable to type 'VoidOrUndefinedOnly'. Two different types with this name exist, but they are unrelated.
                          Type '{ [UNDEFINED_VOID_ONLY]: never; }' is not assignable to type 'VoidOrUndefinedOnly'.
src/components/metrics-sections/analytics-section.tsx(59,76): error TS2322: Type 'ForwardRefExoticComponent<Omit<LucideProps, "ref"> & RefAttributes<SVGSVGElement>>' is not assignable to type 'ComponentType<SVGProps<SVGSVGElement>>'.
  Type 'ForwardRefExoticComponent<Omit<LucideProps, "ref"> & RefAttributes<SVGSVGElement>>' is not assignable to type 'FunctionComponent<SVGProps<SVGSVGElement>>'.
    Types of parameters 'props' and 'props' are incompatible.
      Type 'SVGProps<SVGSVGElement>' is not assignable to type 'Omit<LucideProps, "ref"> & RefAttributes<SVGSVGElement>'.
        Type 'SVGProps<SVGSVGElement>' is not assignable to type 'RefAttributes<SVGSVGElement>'.
          Types of property 'ref' are incompatible.
            Type 'React.Ref<SVGSVGElement> | undefined' is not assignable to type 'import("/app/node_modules/.pnpm/@types+react@19.2.16/node_modules/@types/react/index").Ref<SVGSVGElement> | undefined'.
              Type '(instance: SVGSVGElement | null) => void | (() => VoidOrUndefinedOnly)' is not assignable to type 'Ref<SVGSVGElement> | undefined'.
                Type '(instance: SVGSVGElement | null) => void | (() => VoidOrUndefinedOnly)' is not assignable to type '(instance: SVGSVGElement | null) => void | (() => VoidOrUndefinedOnly)'. Two different types with this name exist, but they are unrelated.
                  Type 'void | (() => VoidOrUndefinedOnly)' is not assignable to type 'void | (() => VoidOrUndefinedOnly)'. Two different types with this name exist, but they are unrelated.
                    Type '() => VoidOrUndefinedOnly' is not assignable to type 'void | (() => VoidOrUndefinedOnly)'.
                      Type '() => VoidOrUndefinedOnly' is not assignable to type '() => VoidOrUndefinedOnly'. Two different types with this name exist, but they are unrelated.
                        Type 'VoidOrUndefinedOnly' is not assignable to type 'VoidOrUndefinedOnly'. Two different types with this name exist, but they are unrelated.
                          Type '{ [UNDEFINED_VOID_ONLY]: never; }' is not assignable to type 'VoidOrUndefinedOnly'.
src/components/metrics-sections/analytics-section.tsx(60,76): error TS2322: Type 'ForwardRefExoticComponent<Omit<LucideProps, "ref"> & RefAttributes<SVGSVGElement>>' is not assignable to type 'ComponentType<SVGProps<SVGSVGElement>>'.
  Type 'ForwardRefExoticComponent<Omit<LucideProps, "ref"> & RefAttributes<SVGSVGElement>>' is not assignable to type 'FunctionComponent<SVGProps<SVGSVGElement>>'.
    Types of parameters 'props' and 'props' are incompatible.
      Type 'SVGProps<SVGSVGElement>' is not assignable to type 'Omit<LucideProps, "ref"> & RefAttributes<SVGSVGElement>'.
        Type 'SVGProps<SVGSVGElement>' is not assignable to type 'RefAttributes<SVGSVGElement>'.
          Types of property 'ref' are incompatible.
            Type 'React.Ref<SVGSVGElement> | undefined' is not assignable to type 'import("/app/node_modules/.pnpm/@types+react@19.2.16/node_modules/@types/react/index").Ref<SVGSVGElement> | undefined'.
              Type '(instance: SVGSVGElement | null) => void | (() => VoidOrUndefinedOnly)' is not assignable to type 'Ref<SVGSVGElement> | undefined'.
                Type '(instance: SVGSVGElement | null) => void | (() => VoidOrUndefinedOnly)' is not assignable to type '(instance: SVGSVGElement | null) => void | (() => VoidOrUndefinedOnly)'. Two different types with this name exist, but they are unrelated.
                  Type 'void | (() => VoidOrUndefinedOnly)' is not assignable to type 'void | (() => VoidOrUndefinedOnly)'. Two different types with this name exist, but they are unrelated.
                    Type '() => VoidOrUndefinedOnly' is not assignable to type 'void | (() => VoidOrUndefinedOnly)'.
                      Type '() => VoidOrUndefinedOnly' is not assignable to type '() => VoidOrUndefinedOnly'. Two different types with this name exist, but they are unrelated.
                        Type 'VoidOrUndefinedOnly' is not assignable to type 'VoidOrUndefinedOnly'. Two different types with this name exist, but they are unrelated.
                          Type '{ [UNDEFINED_VOID_ONLY]: never; }' is not assignable to type 'VoidOrUndefinedOnly'.
src/components/metrics-sections/analytics-section.tsx(61,79): error TS2322: Type 'ForwardRefExoticComponent<Omit<LucideProps, "ref"> & RefAttributes<SVGSVGElement>>' is not assignable to type 'ComponentType<SVGProps<SVGSVGElement>>'.
  Type 'ForwardRefExoticComponent<Omit<LucideProps, "ref"> & RefAttributes<SVGSVGElement>>' is not assignable to type 'FunctionComponent<SVGProps<SVGSVGElement>>'.
    Types of parameters 'props' and 'props' are incompatible.
      Type 'SVGProps<SVGSVGElement>' is not assignable to type 'Omit<LucideProps, "ref"> & RefAttributes<SVGSVGElement>'.
        Type 'SVGProps<SVGSVGElement>' is not assignable to type 'RefAttributes<SVGSVGElement>'.
          Types of property 'ref' are incompatible.
            Type 'React.Ref<SVGSVGElement> | undefined' is not assignable to type 'import("/app/node_modules/.pnpm/@types+react@19.2.16/node_modules/@types/react/index").Ref<SVGSVGElement> | undefined'.
              Type '(instance: SVGSVGElement | null) => void | (() => VoidOrUndefinedOnly)' is not assignable to type 'Ref<SVGSVGElement> | undefined'.
                Type '(instance: SVGSVGElement | null) => void | (() => VoidOrUndefinedOnly)' is not assignable to type '(instance: SVGSVGElement | null) => void | (() => VoidOrUndefinedOnly)'. Two different types with this name exist, but they are unrelated.
                  Type 'void | (() => VoidOrUndefinedOnly)' is not assignable to type 'void | (() => VoidOrUndefinedOnly)'. Two different types with this name exist, but they are unrelated.
                    Type '() => VoidOrUndefinedOnly' is not assignable to type 'void | (() => VoidOrUndefinedOnly)'.
                      Type '() => VoidOrUndefinedOnly' is not assignable to type '() => VoidOrUndefinedOnly'. Two different types with this name exist, but they are unrelated.
                        Type 'VoidOrUndefinedOnly' is not assignable to type 'VoidOrUndefinedOnly'. Two different types with this name exist, but they are unrelated.
                          Type '{ [UNDEFINED_VOID_ONLY]: never; }' is not assignable to type 'VoidOrUndefinedOnly'.
src/components/metrics-sections/dashboard-section.tsx(67,82): error TS2322: Type 'ForwardRefExoticComponent<Omit<LucideProps, "ref"> & RefAttributes<SVGSVGElement>>' is not assignable to type 'ComponentType<SVGProps<SVGSVGElement>>'.
  Type 'ForwardRefExoticComponent<Omit<LucideProps, "ref"> & RefAttributes<SVGSVGElement>>' is not assignable to type 'FunctionComponent<SVGProps<SVGSVGElement>>'.
    Types of parameters 'props' and 'props' are incompatible.
      Type 'SVGProps<SVGSVGElement>' is not assignable to type 'Omit<LucideProps, "ref"> & RefAttributes<SVGSVGElement>'.
        Type 'SVGProps<SVGSVGElement>' is not assignable to type 'RefAttributes<SVGSVGElement>'.
          Types of property 'ref' are incompatible.
            Type 'React.Ref<SVGSVGElement> | undefined' is not assignable to type 'import("/app/node_modules/.pnpm/@types+react@19.2.16/node_modules/@types/react/index").Ref<SVGSVGElement> | undefined'.
              Type '(instance: SVGSVGElement | null) => void | (() => VoidOrUndefinedOnly)' is not assignable to type 'Ref<SVGSVGElement> | undefined'.
                Type '(instance: SVGSVGElement | null) => void | (() => VoidOrUndefinedOnly)' is not assignable to type '(instance: SVGSVGElement | null) => void | (() => VoidOrUndefinedOnly)'. Two different types with this name exist, but they are unrelated.
                  Type 'void | (() => VoidOrUndefinedOnly)' is not assignable to type 'void | (() => VoidOrUndefinedOnly)'. Two different types with this name exist, but they are unrelated.
                    Type '() => VoidOrUndefinedOnly' is not assignable to type 'void | (() => VoidOrUndefinedOnly)'.
                      Type '() => VoidOrUndefinedOnly' is not assignable to type '() => VoidOrUndefinedOnly'. Two different types with this name exist, but they are unrelated.
                        Type 'VoidOrUndefinedOnly' is not assignable to type 'VoidOrUndefinedOnly'. Two different types with this name exist, but they are unrelated.
                          Type '{ [UNDEFINED_VOID_ONLY]: never; }' is not assignable to type 'VoidOrUndefinedOnly'.
src/components/metrics-sections/dashboard-section.tsx(68,75): error TS2322: Type 'ForwardRefExoticComponent<Omit<LucideProps, "ref"> & RefAttributes<SVGSVGElement>>' is not assignable to type 'ComponentType<SVGProps<SVGSVGElement>>'.
  Type 'ForwardRefExoticComponent<Omit<LucideProps, "ref"> & RefAttributes<SVGSVGElement>>' is not assignable to type 'FunctionComponent<SVGProps<SVGSVGElement>>'.
    Types of parameters 'props' and 'props' are incompatible.
      Type 'SVGProps<SVGSVGElement>' is not assignable to type 'Omit<LucideProps, "ref"> & RefAttributes<SVGSVGElement>'.
        Type 'SVGProps<SVGSVGElement>' is not assignable to type 'RefAttributes<SVGSVGElement>'.
          Types of property 'ref' are incompatible.
            Type 'React.Ref<SVGSVGElement> | undefined' is not assignable to type 'import("/app/node_modules/.pnpm/@types+react@19.2.16/node_modules/@types/react/index").Ref<SVGSVGElement> | undefined'.
              Type '(instance: SVGSVGElement | null) => void | (() => VoidOrUndefinedOnly)' is not assignable to type 'Ref<SVGSVGElement> | undefined'.
                Type '(instance: SVGSVGElement | null) => void | (() => VoidOrUndefinedOnly)' is not assignable to type '(instance: SVGSVGElement | null) => void | (() => VoidOrUndefinedOnly)'. Two different types with this name exist, but they are unrelated.
                  Type 'void | (() => VoidOrUndefinedOnly)' is not assignable to type 'void | (() => VoidOrUndefinedOnly)'. Two different types with this name exist, but they are unrelated.
                    Type '() => VoidOrUndefinedOnly' is not assignable to type 'void | (() => VoidOrUndefinedOnly)'.
                      Type '() => VoidOrUndefinedOnly' is not assignable to type '() => VoidOrUndefinedOnly'. Two different types with this name exist, but they are unrelated.
                        Type 'VoidOrUndefinedOnly' is not assignable to type 'VoidOrUndefinedOnly'. Two different types with this name exist, but they are unrelated.
                          Type '{ [UNDEFINED_VOID_ONLY]: never; }' is not assignable to type 'VoidOrUndefinedOnly'.
src/components/metrics-sections/dashboard-section.tsx(69,79): error TS2322: Type 'ForwardRefExoticComponent<Omit<LucideProps, "ref"> & RefAttributes<SVGSVGElement>>' is not assignable to type 'ComponentType<SVGProps<SVGSVGElement>>'.
  Type 'ForwardRefExoticComponent<Omit<LucideProps, "ref"> & RefAttributes<SVGSVGElement>>' is not assignable to type 'FunctionComponent<SVGProps<SVGSVGElement>>'.
    Types of parameters 'props' and 'props' are incompatible.
      Type 'SVGProps<SVGSVGElement>' is not assignable to type 'Omit<LucideProps, "ref"> & RefAttributes<SVGSVGElement>'.
        Type 'SVGProps<SVGSVGElement>' is not assignable to type 'RefAttributes<SVGSVGElement>'.
          Types of property 'ref' are incompatible.
            Type 'React.Ref<SVGSVGElement> | undefined' is not assignable to type 'import("/app/node_modules/.pnpm/@types+react@19.2.16/node_modules/@types/react/index").Ref<SVGSVGElement> | undefined'.
              Type '(instance: SVGSVGElement | null) => void | (() => VoidOrUndefinedOnly)' is not assignable to type 'Ref<SVGSVGElement> | undefined'.
                Type '(instance: SVGSVGElement | null) => void | (() => VoidOrUndefinedOnly)' is not assignable to type '(instance: SVGSVGElement | null) => void | (() => VoidOrUndefinedOnly)'. Two different types with this name exist, but they are unrelated.
                  Type 'void | (() => VoidOrUndefinedOnly)' is not assignable to type 'void | (() => VoidOrUndefinedOnly)'. Two different types with this name exist, but they are unrelated.
                    Type '() => VoidOrUndefinedOnly' is not assignable to type 'void | (() => VoidOrUndefinedOnly)'.
                      Type '() => VoidOrUndefinedOnly' is not assignable to type '() => VoidOrUndefinedOnly'. Two different types with this name exist, but they are unrelated.
                        Type 'VoidOrUndefinedOnly' is not assignable to type 'VoidOrUndefinedOnly'. Two different types with this name exist, but they are unrelated.
                          Type '{ [UNDEFINED_VOID_ONLY]: never; }' is not assignable to type 'VoidOrUndefinedOnly'.
src/components/metrics-sections/dashboard-section.tsx(70,67): error TS2322: Type 'ForwardRefExoticComponent<Omit<LucideProps, "ref"> & RefAttributes<SVGSVGElement>>' is not assignable to type 'ComponentType<SVGProps<SVGSVGElement>>'.
  Type 'ForwardRefExoticComponent<Omit<LucideProps, "ref"> & RefAttributes<SVGSVGElement>>' is not assignable to type 'FunctionComponent<SVGProps<SVGSVGElement>>'.
    Types of parameters 'props' and 'props' are incompatible.
      Type 'SVGProps<SVGSVGElement>' is not assignable to type 'Omit<LucideProps, "ref"> & RefAttributes<SVGSVGElement>'.
        Type 'SVGProps<SVGSVGElement>' is not assignable to type 'RefAttributes<SVGSVGElement>'.
          Types of property 'ref' are incompatible.
            Type 'React.Ref<SVGSVGElement> | undefined' is not assignable to type 'import("/app/node_modules/.pnpm/@types+react@19.2.16/node_modules/@types/react/index").Ref<SVGSVGElement> | undefined'.
              Type '(instance: SVGSVGElement | null) => void | (() => VoidOrUndefinedOnly)' is not assignable to type 'Ref<SVGSVGElement> | undefined'.
                Type '(instance: SVGSVGElement | null) => void | (() => VoidOrUndefinedOnly)' is not assignable to type '(instance: SVGSVGElement | null) => void | (() => VoidOrUndefinedOnly)'. Two different types with this name exist, but they are unrelated.
                  Type 'void | (() => VoidOrUndefinedOnly)' is not assignable to type 'void | (() => VoidOrUndefinedOnly)'. Two different types with this name exist, but they are unrelated.
                    Type '() => VoidOrUndefinedOnly' is not assignable to type 'void | (() => VoidOrUndefinedOnly)'.
                      Type '() => VoidOrUndefinedOnly' is not assignable to type '() => VoidOrUndefinedOnly'. Two different types with this name exist, but they are unrelated.
                        Type 'VoidOrUndefinedOnly' is not assignable to type 'VoidOrUndefinedOnly'. Two different types with this name exist, but they are unrelated.
                          Type '{ [UNDEFINED_VOID_ONLY]: never; }' is not assignable to type 'VoidOrUndefinedOnly'.
src/components/metrics-tables/data-table.tsx(39,2): error TS2305: Module '"@ui"' has no exported member 'Skeleton'.
src/components/metrics-tables/index.ts(4,1): error TS2308: Module "./market-segment-group-rooms-table" has already exported a member named 'RoomstransientData'. Consider explicitly re-exporting to resolve the ambiguity.
src/components/metrics-tables/market-segment-group-rooms-table.tsx(14,10): error TS2305: Module '"@hooks"' has no exported member 'useDuckDb'.
src/components/metrics-tables/market-segment-transient-rooms-table.tsx(19,10): error TS2305: Module '"@hooks"' has no exported member 'useDuckDb'.
src/components/metrics-tables/market-segment-transient-rooms-table.tsx(33,2): error TS2305: Module '"@ui"' has no exported member 'Skeleton'.
src/components/metrics-timeline/timeline-component.tsx(1,35): error TS2307: Cannot find module './page' or its corresponding type declarations.
src/context/font-provider.tsx(4,34): error TS2307: Cannot find module '@/config/fonts' or its corresponding type declarations.
src/context/search-provider.tsx(5,29): error TS2307: Cannot find module '@/components/command-menu' or its corresponding type declarations.
src/db/migrations/index.ts(1,15): error TS2307: Cannot find module './meta' or its corresponding type declarations.
src/db/postgres.ts(1,22): error TS2307: Cannot find module 'postgres' or its corresponding type declarations.
src/db/schema/index.ts(14,8): error TS2307: Cannot find module 'drizzle-orm/pg-core' or its corresponding type declarations.
src/db/schema/index.ts(35,4): error TS7006: Parameter 'table' implicitly has an 'any' type.
src/db/schema/index.ts(46,4): error TS7006: Parameter 'table' implicitly has an 'any' type.
src/db/schema/index.ts(68,4): error TS7006: Parameter 'table' implicitly has an 'any' type.
src/db/schema/index.ts(145,4): error TS7006: Parameter 'table' implicitly has an 'any' type.
src/db/schema/index.ts(209,4): error TS7006: Parameter 'table' implicitly has an 'any' type.
src/db/seed.ts(1,21): error TS2307: Cannot find module '@next/env' or its corresponding type declarations.
src/db/seed.ts(5,30): error TS2307: Cannot find module 'drizzle-orm' or its corresponding type declarations.
src/db/seed.ts(6,34): error TS2307: Cannot find module 'drizzle-orm/postgres-js' or its corresponding type declarations.
src/db/seed.ts(120,15): error TS7006: Parameter 'table' implicitly has an 'any' type.
src/db/seed.ts(120,24): error TS7031: Binding element 'eq' implicitly has an 'any' type.
src/fonts/index.ts(1,15): error TS2307: Cannot find module './barlow' or its corresponding type declarations.
src/fonts/index.ts(2,15): error TS2307: Cannot find module './fira-code' or its corresponding type declarations.
src/fonts/index.ts(3,15): error TS2307: Cannot find module './funnel-sans' or its corresponding type declarations.
src/fonts/index.ts(4,15): error TS2307: Cannot find module './general-sans' or its corresponding type declarations.
src/fonts/index.ts(5,15): error TS2307: Cannot find module './khand' or its corresponding type declarations.
src/fonts/index.ts(6,15): error TS2307: Cannot find module './logic-monoscript' or its corresponding type declarations.
src/fonts/index.ts(7,15): error TS2307: Cannot find module './noto-emoji' or its corresponding type declarations.
src/fonts/index.ts(8,15): error TS2307: Cannot find module './pacifico' or its corresponding type declarations.
src/fonts/index.ts(9,15): error TS2307: Cannot find module './supreme' or its corresponding type declarations.
src/hooks/use-copy.ts(7,23): error TS2307: Cannot find module '@/utils/toast' or its corresponding type declarations.
src/hooks/use-hotel-analytics.ts(4,25): error TS2307: Cannot find module '@duckdb/duckdb-wasm' or its corresponding type declarations.
src/hooks/use-settings.tsx(7,33): error TS2307: Cannot find module '@/contexts/settingsContext' or its corresponding type declarations.
src/hooks/use-shadcn-examples.ts(4,42): error TS2307: Cannot find module '@/lib/playground/shadcn-examples-index' or its corresponding type declarations.
src/hooks/use-shadcn-examples.ts(5,45): error TS2307: Cannot find module '@/lib/playground/shadcn-examples' or its corresponding type declarations.
src/hooks/use-transpile.ts(4,52): error TS2307: Cannot find module '@/lib/playground/transpile' or its corresponding type declarations.
src/icons/Fonts/barlow/BarlowBlack.tsx(6,1): error TS2339: Property 'font' does not exist on type 'JSX.IntrinsicElements'.
src/icons/Fonts/barlow/BarlowBlack.tsx(6,38): error TS2339: Property 'font-face' does not exist on type 'JSX.IntrinsicElements'.
src/icons/Fonts/barlow/BarlowBlack.tsx(13,1): error TS2339: Property 'glyph' does not exist on type 'JSX.IntrinsicElements'.
src/icons/Fonts/barlow/BarlowBlack.tsx(14,1): error TS2339: Property 'glyph' does not exist on type 'JSX.IntrinsicElements'.
src/icons/Fonts/barlow/BarlowBlack.tsx(16,1): error TS2339: Property 'glyph' does not exist on type 'JSX.IntrinsicElements'.
src/icons/Fonts/barlow/BarlowBlack.tsx(18,1): error TS2339: Property 'glyph' does not exist on type 'JSX.IntrinsicElements'.
src/icons/Fonts/barlow/BarlowBlack.tsx(22,1): error TS2339: Property 'glyph' does not exist on type 'JSX.IntrinsicElements'.
src/icons/Fonts/barlow/BarlowBlack.tsx(25,1): error TS2339: Property 'glyph' does not exist on type 'JSX.IntrinsicElements'.
src/icons/Fonts/barlow/BarlowBlack.tsx(28,1): error TS2339: Property 'glyph' does not exist on type 'JSX.IntrinsicElements'.
src/icons/Fonts/barlow/BarlowBlack.tsx(32,1): error TS2339: Property 'glyph' does not exist on type 'JSX.IntrinsicElements'.
src/icons/Fonts/barlow/BarlowBlack.tsx(33,1): error TS2339: Property 'glyph' does not exist on type 'JSX.IntrinsicElements'.
src/icons/Fonts/barlow/BarlowBlack.tsx(35,1): error TS2339: Property 'glyph' does not exist on type 'JSX.IntrinsicElements'.
src/icons/Fonts/barlow/BarlowBlack.tsx(37,1): error TS2339: Property 'glyph' does not exist on type 'JSX.IntrinsicElements'.
src/icons/Fonts/barlow/BarlowBlack.tsx(40,1): error TS2339: Property 'glyph' does not exist on type 'JSX.IntrinsicElements'.
src/icons/Fonts/barlow/BarlowBlack.tsx(42,1): error TS2339: Property 'glyph' does not exist on type 'JSX.IntrinsicElements'.
src/icons/Fonts/barlow/BarlowBlack.tsx(43,1): error TS2339: Property 'glyph' does not exist on type 'JSX.IntrinsicElements'.
src/icons/Fonts/barlow/BarlowBlack.tsx(44,1): error TS2339: Property 'glyph' does not exist on type 'JSX.IntrinsicElements'.
src/icons/Fonts/barlow/BarlowBlack.tsx(45,1): error TS2339: Property 'glyph' does not exist on type 'JSX.IntrinsicElements'.
src/icons/Fonts/barlow/BarlowBlack.tsx(46,1): error TS2339: Property 'glyph' does not exist on type 'JSX.IntrinsicElements'.
src/icons/Fonts/barlow/BarlowBlack.tsx(48,1): error TS2339: Property 'glyph' does not exist on type 'JSX.IntrinsicElements'.
src/icons/Fonts/barlow/BarlowBlack.tsx(49,1): error TS2339: Property 'glyph' does not exist on type 'JSX.IntrinsicElements'.
src/icons/Fonts/barlow/BarlowBlack.tsx(51,1): error TS2339: Property 'glyph' does not exist on type 'JSX.IntrinsicElements'.
src/icons/Fonts/barlow/BarlowBlack.tsx(54,1): error TS2339: Property 'glyph' does not exist on type 'JSX.IntrinsicElements'.
src/icons/Fonts/barlow/BarlowBlack.tsx(56,1): error TS2339: Property 'glyph' does not exist on type 'JSX.IntrinsicElements'.
src/icons/Fonts/barlow/BarlowBlack.tsx(59,1): error TS2339: Property 'glyph' does not exist on type 'JSX.IntrinsicElements'.
src/icons/Fonts/barlow/BarlowBlack.tsx(62,1): error TS2339: Property 'glyph' does not exist on type 'JSX.IntrinsicElements'.
src/icons/Fonts/barlow/BarlowBlack.tsx(64,1): error TS2339: Property 'glyph' does not exist on type 'JSX.IntrinsicElements'.
src/icons/Fonts/barlow/BarlowBlack.tsx(67,1): error TS2339: Property 'glyph' does not exist on type 'JSX.IntrinsicElements'.
src/icons/Fonts/barlow/BarlowBlack.tsx(70,1): error TS2339: Property 'glyph' does not exist on type 'JSX.IntrinsicElements'.
src/icons/Fonts/barlow/BarlowBlack.tsx(72,1): error TS2339: Property 'glyph' does not exist on type 'JSX.IntrinsicElements'.
src/icons/Fonts/barlow/BarlowBlack.tsx(74,1): error TS2339: Property 'glyph' does not exist on type 'JSX.IntrinsicElements'.
src/icons/Fonts/barlow/BarlowBlack.tsx(75,1): error TS2339: Property 'glyph' does not exist on type 'JSX.IntrinsicElements'.
src/icons/Fonts/barlow/BarlowBlack.tsx(77,1): error TS2339: Property 'glyph' does not exist on type 'JSX.IntrinsicElements'.
src/icons/Fonts/barlow/BarlowBlack.tsx(78,1): error TS2339: Property 'glyph' does not exist on type 'JSX.IntrinsicElements'.
src/icons/Fonts/barlow/BarlowBlack.tsx(81,1): error TS2339: Property 'glyph' does not exist on type 'JSX.IntrinsicElements'.
src/icons/Fonts/barlow/BarlowBlack.tsx(85,1): error TS2339: Property 'glyph' does not exist on type 'JSX.IntrinsicElements'.
src/icons/Fonts/barlow/BarlowBlack.tsx(87,1): error TS2339: Property 'glyph' does not exist on type 'JSX.IntrinsicElements'.
src/icons/Fonts/barlow/BarlowBlack.tsx(89,1): error TS2339: Property 'glyph' does not exist on type 'JSX.IntrinsicElements'.
src/icons/Fonts/barlow/BarlowBlack.tsx(91,1): error TS2339: Property 'glyph' does not exist on type 'JSX.IntrinsicElements'.
src/icons/Fonts/barlow/BarlowBlack.tsx(93,1): error TS2339: Property 'glyph' does not exist on type 'JSX.IntrinsicElements'.
src/icons/Fonts/barlow/BarlowBlack.tsx(95,1): error TS2339: Property 'glyph' does not exist on type 'JSX.IntrinsicElements'.
src/icons/Fonts/barlow/BarlowBlack.tsx(97,1): error TS2339: Property 'glyph' does not exist on type 'JSX.IntrinsicElements'.
src/icons/Fonts/barlow/BarlowBlack.tsx(99,1): error TS2339: Property 'glyph' does not exist on type 'JSX.IntrinsicElements'.
src/icons/Fonts/barlow/BarlowBlack.tsx(101,1): error TS2339: Property 'glyph' does not exist on type 'JSX.IntrinsicElements'.
src/icons/Fonts/barlow/BarlowBlack.tsx(102,1): error TS2339: Property 'glyph' does not exist on type 'JSX.IntrinsicElements'.
src/icons/Fonts/barlow/BarlowBlack.tsx(104,1): error TS2339: Property 'glyph' does not exist on type 'JSX.IntrinsicElements'.
src/icons/Fonts/barlow/BarlowBlack.tsx(106,1): error TS2339: Property 'glyph' does not exist on type 'JSX.IntrinsicElements'.
src/icons/Fonts/barlow/BarlowBlack.tsx(107,1): error TS2339: Property 'glyph' does not exist on type 'JSX.IntrinsicElements'.
src/icons/Fonts/barlow/BarlowBlack.tsx(109,1): error TS2339: Property 'glyph' does not exist on type 'JSX.IntrinsicElements'.
src/icons/Fonts/barlow/BarlowBlack.tsx(111,1): error TS2339: Property 'glyph' does not exist on type 'JSX.IntrinsicElements'.
src/icons/Fonts/barlow/BarlowBlack.tsx(113,1): error TS2339: Property 'glyph' does not exist on type 'JSX.IntrinsicElements'.
src/icons/Fonts/barlow/BarlowBlack.tsx(115,1): error TS2339: Property 'glyph' does not exist on type 'JSX.IntrinsicElements'.
src/icons/Fonts/barlow/BarlowBlack.tsx(117,1): error TS2339: Property 'glyph' does not exist on type 'JSX.IntrinsicElements'.
src/icons/Fonts/barlow/BarlowBlack.tsx(119,1): error TS2339: Property 'glyph' does not exist on type 'JSX.IntrinsicElements'.
src/icons/Fonts/barlow/BarlowBlack.tsx(122,1): error TS2339: Property 'glyph' does not exist on type 'JSX.IntrinsicElements'.
src/icons/Fonts/barlow/BarlowBlack.tsx(124,1): error TS2339: Property 'glyph' does not exist on type 'JSX.IntrinsicElements'.
src/icons/Fonts/barlow/BarlowBlack.tsx(126,1): error TS2339: Property 'glyph' does not exist on type 'JSX.IntrinsicElements'.
src/icons/Fonts/barlow/BarlowBlack.tsx(128,1): error TS2339: Property 'glyph' does not exist on type 'JSX.IntrinsicElements'.
src/icons/Fonts/barlow/BarlowBlack.tsx(130,1): error TS2339: Property 'glyph' does not exist on type 'JSX.IntrinsicElements'.
src/icons/Fonts/barlow/BarlowBlack.tsx(132,1): error TS2339: Property 'glyph' does not exist on type 'JSX.IntrinsicElements'.
src/icons/Fonts/barlow/BarlowBlack.tsx(134,1): error TS2339: Property 'glyph' does not exist on type 'JSX.IntrinsicElements'.
src/icons/Fonts/barlow/BarlowBlack.tsx(136,1): error TS2339: Property 'glyph' does not exist on type 'JSX.IntrinsicElements'.
src/icons/Fonts/barlow/BarlowBlack.tsx(138,1): error TS2339: Property 'glyph' does not exist on type 'JSX.IntrinsicElements'.
src/icons/Fonts/barlow/BarlowBlack.tsx(139,1): error TS2339: Property 'glyph' does not exist on type 'JSX.IntrinsicElements'.
src/icons/Fonts/barlow/BarlowBlack.tsx(141,1): error TS2339: Property 'glyph' does not exist on type 'JSX.IntrinsicElements'.
src/icons/Fonts/barlow/BarlowBlack.tsx(143,1): error TS2339: Property 'glyph' does not exist on type 'JSX.IntrinsicElements'.
src/icons/Fonts/barlow/BarlowBlack.tsx(144,1): error TS2339: Property 'glyph' does not exist on type 'JSX.IntrinsicElements'.
src/icons/Fonts/barlow/BarlowBlack.tsx(145,1): error TS2339: Property 'glyph' does not exist on type 'JSX.IntrinsicElements'.
src/icons/Fonts/barlow/BarlowBlack.tsx(148,1): error TS2339: Property 'glyph' does not exist on type 'JSX.IntrinsicElements'.
src/icons/Fonts/barlow/BarlowBlack.tsx(150,1): error TS2339: Property 'glyph' does not exist on type 'JSX.IntrinsicElements'.
src/icons/Fonts/barlow/BarlowBlack.tsx(152,1): error TS2339: Property 'glyph' does not exist on type 'JSX.IntrinsicElements'.
src/icons/Fonts/barlow/BarlowBlack.tsx(154,1): error TS2339: Property 'glyph' does not exist on type 'JSX.IntrinsicElements'.
src/icons/Fonts/barlow/BarlowBlack.tsx(157,1): error TS2339: Property 'glyph' does not exist on type 'JSX.IntrinsicElements'.
src/icons/Fonts/barlow/BarlowBlack.tsx(159,1): error TS2339: Property 'glyph' does not exist on type 'JSX.IntrinsicElements'.
src/icons/Fonts/barlow/BarlowBlack.tsx(162,1): error TS2339: Property 'glyph' does not exist on type 'JSX.IntrinsicElements'.
src/icons/Fonts/barlow/BarlowBlack.tsx(164,1): error TS2339: Property 'glyph' does not exist on type 'JSX.IntrinsicElements'.
src/icons/Fonts/barlow/BarlowBlack.tsx(166,1): error TS2339: Property 'glyph' does not exist on type 'JSX.IntrinsicElements'.
src/icons/Fonts/barlow/BarlowBlack.tsx(168,1): error TS2339: Property 'glyph' does not exist on type 'JSX.IntrinsicElements'.
src/icons/Fonts/barlow/BarlowBlack.tsx(170,1): error TS2339: Property 'glyph' does not exist on type 'JSX.IntrinsicElements'.
src/icons/Fonts/barlow/BarlowBlack.tsx(171,1): error TS2339: Property 'glyph' does not exist on type 'JSX.IntrinsicElements'.
src/icons/Fonts/barlow/BarlowBlack.tsx(174,1): error TS2339: Property 'glyph' does not exist on type 'JSX.IntrinsicElements'.
src/icons/Fonts/barlow/BarlowBlack.tsx(176,1): error TS2339: Property 'glyph' does not exist on type 'JSX.IntrinsicElements'.
src/icons/Fonts/barlow/BarlowBlack.tsx(178,1): error TS2339: Property 'glyph' does not exist on type 'JSX.IntrinsicElements'.
src/icons/Fonts/barlow/BarlowBlack.tsx(181,1): error TS2339: Property 'glyph' does not exist on type 'JSX.IntrinsicElements'.
src/icons/Fonts/barlow/BarlowBlack.tsx(184,1): error TS2339: Property 'glyph' does not exist on type 'JSX.IntrinsicElements'.
src/icons/Fonts/barlow/BarlowBlack.tsx(186,1): error TS2339: Property 'glyph' does not exist on type 'JSX.IntrinsicElements'.
src/icons/Fonts/barlow/BarlowBlack.tsx(188,1): error TS2339: Property 'glyph' does not exist on type 'JSX.IntrinsicElements'.
src/icons/Fonts/barlow/BarlowBlack.tsx(190,1): error TS2339: Property 'glyph' does not exist on type 'JSX.IntrinsicElements'.
src/icons/Fonts/barlow/BarlowBlack.tsx(192,1): error TS2339: Property 'glyph' does not exist on type 'JSX.IntrinsicElements'.
src/icons/Fonts/barlow/BarlowBlack.tsx(193,1): error TS2339: Property 'glyph' does not exist on type 'JSX.IntrinsicElements'.
src/icons/Fonts/barlow/BarlowBlack.tsx(195,1): error TS2339: Property 'glyph' does not exist on type 'JSX.IntrinsicElements'.
src/icons/Fonts/barlow/BarlowBlack.tsx(197,1): error TS2339: Property 'glyph' does not exist on type 'JSX.IntrinsicElements'.
src/icons/Fonts/barlow/BarlowBlack.tsx(199,1): error TS2339: Property 'glyph' does not exist on type 'JSX.IntrinsicElements'.
src/icons/Fonts/barlow/BarlowBlack.tsx(201,1): error TS2339: Property 'glyph' does not exist on type 'JSX.IntrinsicElements'.
src/icons/Fonts/barlow/BarlowBlack.tsx(203,1): error TS2339: Property 'glyph' does not exist on type 'JSX.IntrinsicElements'.
src/icons/Fonts/barlow/BarlowBlack.tsx(204,1): error TS2339: Property 'glyph' does not exist on type 'JSX.IntrinsicElements'.
src/icons/Fonts/barlow/BarlowBlack.tsx(206,1): error TS2339: Property 'glyph' does not exist on type 'JSX.IntrinsicElements'.
src/icons/Fonts/barlow/BarlowBlack.tsx(208,1): error TS2339: Property 'glyph' does not exist on type 'JSX.IntrinsicElements'.
src/icons/Fonts/barlow/BarlowBlack.tsx(209,1): error TS2339: Property 'glyph' does not exist on type 'JSX.IntrinsicElements'.
src/icons/Fonts/barlow/BarlowBlack.tsx(211,1): error TS2339: Property 'glyph' does not exist on type 'JSX.IntrinsicElements'.
src/icons/Fonts/barlow/BarlowBlack.tsx(214,1): error TS2339: Property 'glyph' does not exist on type 'JSX.IntrinsicElements'.
src/icons/Fonts/barlow/BarlowBlack.tsx(217,1): error TS2339: Property 'glyph' does not exist on type 'JSX.IntrinsicElements'.
src/icons/Fonts/barlow/BarlowBlack.tsx(221,1): error TS2339: Property 'glyph' does not exist on type 'JSX.IntrinsicElements'.
src/icons/Fonts/barlow/BarlowBlack.tsx(224,1): error TS2339: Property 'glyph' does not exist on type 'JSX.IntrinsicElements'.
src/icons/Fonts/barlow/BarlowBlack.tsx(226,1): error TS2339: Property 'glyph' does not exist on type 'JSX.IntrinsicElements'.
src/icons/Fonts/barlow/BarlowBlack.tsx(230,1): error TS2339: Property 'glyph' does not exist on type 'JSX.IntrinsicElements'.
src/icons/Fonts/barlow/BarlowBlack.tsx(232,1): error TS2339: Property 'glyph' does not exist on type 'JSX.IntrinsicElements'.
src/icons/Fonts/barlow/BarlowBlack.tsx(235,1): error TS2339: Property 'glyph' does not exist on type 'JSX.IntrinsicElements'.
src/icons/Fonts/barlow/BarlowBlack.tsx(238,1): error TS2339: Property 'glyph' does not exist on type 'JSX.IntrinsicElements'.
src/icons/Fonts/barlow/BarlowBlack.tsx(240,1): error TS2339: Property 'glyph' does not exist on type 'JSX.IntrinsicElements'.
src/icons/Fonts/barlow/BarlowBlack.tsx(241,1): error TS2339: Property 'glyph' does not exist on type 'JSX.IntrinsicElements'.
src/icons/Fonts/barlow/BarlowBlack.tsx(242,1): error TS2339: Property 'glyph' does not exist on type 'JSX.IntrinsicElements'.
src/icons/Fonts/barlow/BarlowBlack.tsx(245,1): error TS2339: Property 'glyph' does not exist on type 'JSX.IntrinsicElements'.
src/icons/Fonts/barlow/BarlowBlack.tsx(246,1): error TS2339: Property 'glyph' does not exist on type 'JSX.IntrinsicElements'.
src/icons/Fonts/barlow/BarlowBlack.tsx(248,1): error TS2339: Property 'glyph' does not exist on type 'JSX.IntrinsicElements'.
src/icons/Fonts/barlow/BarlowBlack.tsx(250,1): error TS2339: Property 'glyph' does not exist on type 'JSX.IntrinsicElements'.
src/icons/Fonts/barlow/BarlowBlack.tsx(252,1): error TS2339: Property 'glyph' does not exist on type 'JSX.IntrinsicElements'.
src/icons/Fonts/barlow/BarlowBlack.tsx(255,1): error TS2339: Property 'glyph' does not exist on type 'JSX.IntrinsicElements'.
src/icons/Fonts/barlow/BarlowBlack.tsx(256,1): error TS2339: Property 'glyph' does not exist on type 'JSX.IntrinsicElements'.
src/icons/Fonts/barlow/BarlowBlack.tsx(258,1): error TS2339: Property 'glyph' does not exist on type 'JSX.IntrinsicElements'.
src/icons/Fonts/barlow/BarlowBlack.tsx(260,1): error TS2339: Property 'glyph' does not exist on type 'JSX.IntrinsicElements'.
src/icons/Fonts/barlow/BarlowBlack.tsx(261,1): error TS2339: Property 'glyph' does not exist on type 'JSX.IntrinsicElements'.
src/icons/Fonts/barlow/BarlowBlack.tsx(263,1): error TS2339: Property 'glyph' does not exist on type 'JSX.IntrinsicElements'.
src/icons/Fonts/barlow/BarlowBlack.tsx(264,1): error TS2339: Property 'glyph' does not exist on type 'JSX.IntrinsicElements'.
src/icons/Fonts/barlow/BarlowBlack.tsx(267,1): error TS2339: Property 'glyph' does not exist on type 'JSX.IntrinsicElements'.
src/icons/Fonts/barlow/BarlowBlack.tsx(269,1): error TS2339: Property 'glyph' does not exist on type 'JSX.IntrinsicElements'.
src/icons/Fonts/barlow/BarlowBlack.tsx(273,1): error TS2339: Property 'glyph' does not exist on type 'JSX.IntrinsicElements'.
src/icons/Fonts/barlow/BarlowBlack.tsx(277,1): error TS2339: Property 'glyph' does not exist on type 'JSX.IntrinsicElements'.
src/icons/Fonts/barlow/BarlowBlack.tsx(282,1): error TS2339: Property 'glyph' does not exist on type 'JSX.IntrinsicElements'.
src/icons/Fonts/barlow/BarlowBlack.tsx(285,1): error TS2339: Property 'glyph' does not exist on type 'JSX.IntrinsicElements'.
src/icons/Fonts/barlow/BarlowBlack.tsx(287,1): error TS2339: Property 'glyph' does not exist on type 'JSX.IntrinsicElements'.
src/icons/Fonts/barlow/BarlowBlack.tsx(289,1): error TS2339: Property 'glyph' does not exist on type 'JSX.IntrinsicElements'.
src/icons/Fonts/barlow/BarlowBlack.tsx(292,1): error TS2339: Property 'glyph' does not exist on type 'JSX.IntrinsicElements'.
src/icons/Fonts/barlow/BarlowBlack.tsx(295,1): error TS2339: Property 'glyph' does not exist on type 'JSX.IntrinsicElements'.
src/icons/Fonts/barlow/BarlowBlack.tsx(298,1): error TS2339: Property 'glyph' does not exist on type 'JSX.IntrinsicElements'.
src/icons/Fonts/barlow/BarlowBlack.tsx(301,1): error TS2339: Property 'glyph' does not exist on type 'JSX.IntrinsicElements'.
src/icons/Fonts/barlow/BarlowBlack.tsx(304,1): error TS2339: Property 'glyph' does not exist on type 'JSX.IntrinsicElements'.
src/icons/Fonts/barlow/BarlowBlack.tsx(307,1): error TS2339: Property 'glyph' does not exist on type 'JSX.IntrinsicElements'.
src/icons/Fonts/barlow/BarlowBlack.tsx(310,1): error TS2339: Property 'glyph' does not exist on type 'JSX.IntrinsicElements'.
src/icons/Fonts/barlow/BarlowBlack.tsx(313,1): error TS2339: Property 'glyph' does not exist on type 'JSX.IntrinsicElements'.
src/icons/Fonts/barlow/BarlowBlack.tsx(316,1): error TS2339: Property 'glyph' does not exist on type 'JSX.IntrinsicElements'.
src/icons/Fonts/barlow/BarlowBlack.tsx(319,1): error TS2339: Property 'glyph' does not exist on type 'JSX.IntrinsicElements'.
src/icons/Fonts/barlow/BarlowBlack.tsx(321,1): error TS2339: Property 'glyph' does not exist on type 'JSX.IntrinsicElements'.
src/icons/Fonts/barlow/BarlowBlack.tsx(323,1): error TS2339: Property 'glyph' does not exist on type 'JSX.IntrinsicElements'.
src/icons/Fonts/barlow/BarlowBlack.tsx(325,1): error TS2339: Property 'glyph' does not exist on type 'JSX.IntrinsicElements'.
src/icons/Fonts/barlow/BarlowBlack.tsx(327,1): error TS2339: Property 'glyph' does not exist on type 'JSX.IntrinsicElements'.
src/icons/Fonts/barlow/BarlowBlack.tsx(329,1): error TS2339: Property 'glyph' does not exist on type 'JSX.IntrinsicElements'.
src/icons/Fonts/barlow/BarlowBlack.tsx(332,1): error TS2339: Property 'glyph' does not exist on type 'JSX.IntrinsicElements'.
src/icons/Fonts/barlow/BarlowBlack.tsx(334,1): error TS2339: Property 'glyph' does not exist on type 'JSX.IntrinsicElements'.
src/icons/Fonts/barlow/BarlowBlack.tsx(336,1): error TS2339: Property 'glyph' does not exist on type 'JSX.IntrinsicElements'.
src/icons/Fonts/barlow/BarlowBlack.tsx(339,1): error TS2339: Property 'glyph' does not exist on type 'JSX.IntrinsicElements'.
src/icons/Fonts/barlow/BarlowBlack.tsx(342,1): error TS2339: Property 'glyph' does not exist on type 'JSX.IntrinsicElements'.
src/icons/Fonts/barlow/BarlowBlack.tsx(345,1): error TS2339: Property 'glyph' does not exist on type 'JSX.IntrinsicElements'.
src/icons/Fonts/barlow/BarlowBlack.tsx(348,1): error TS2339: Property 'glyph' does not exist on type 'JSX.IntrinsicElements'.
src/icons/Fonts/barlow/BarlowBlack.tsx(351,1): error TS2339: Property 'glyph' does not exist on type 'JSX.IntrinsicElements'.
src/icons/Fonts/barlow/BarlowBlack.tsx(353,1): error TS2339: Property 'glyph' does not exist on type 'JSX.IntrinsicElements'.
src/icons/Fonts/barlow/BarlowBlack.tsx(355,1): error TS2339: Property 'glyph' does not exist on type 'JSX.IntrinsicElements'.
src/icons/Fonts/barlow/BarlowBlack.tsx(358,1): error TS2339: Property 'glyph' does not exist on type 'JSX.IntrinsicElements'.
src/icons/Fonts/barlow/BarlowBlack.tsx(361,1): error TS2339: Property 'glyph' does not exist on type 'JSX.IntrinsicElements'.
src/icons/Fonts/barlow/BarlowBlack.tsx(363,1): error TS2339: Property 'glyph' does not exist on type 'JSX.IntrinsicElements'.
src/icons/Fonts/barlow/BarlowBlack.tsx(365,1): error TS2339: Property 'glyph' does not exist on type 'JSX.IntrinsicElements'.
src/icons/Fonts/barlow/BarlowBlack.tsx(368,1): error TS2339: Property 'glyph' does not exist on type 'JSX.IntrinsicElements'.
src/icons/Fonts/barlow/BarlowBlack.tsx(371,1): error TS2339: Property 'glyph' does not exist on type 'JSX.IntrinsicElements'.
src/icons/Fonts/barlow/BarlowBlack.tsx(374,1): error TS2339: Property 'glyph' does not exist on type 'JSX.IntrinsicElements'.
src/icons/Fonts/barlow/BarlowBlack.tsx(377,1): error TS2339: Property 'glyph' does not exist on type 'JSX.IntrinsicElements'.
src/icons/Fonts/barlow/BarlowBlack.tsx(381,1): error TS2339: Property 'glyph' does not exist on type 'JSX.IntrinsicElements'.
src/icons/Fonts/barlow/BarlowBlack.tsx(384,1): error TS2339: Property 'glyph' does not exist on type 'JSX.IntrinsicElements'.
src/icons/Fonts/barlow/BarlowBlack.tsx(387,1): error TS2339: Property 'glyph' does not exist on type 'JSX.IntrinsicElements'.
src/icons/Fonts/barlow/BarlowBlack.tsx(391,1): error TS2339: Property 'glyph' does not exist on type 'JSX.IntrinsicElements'.
src/icons/Fonts/barlow/BarlowBlack.tsx(394,1): error TS2339: Property 'glyph' does not exist on type 'JSX.IntrinsicElements'.
src/icons/Fonts/barlow/BarlowBlack.tsx(397,1): error TS2339: Property 'glyph' does not exist on type 'JSX.IntrinsicElements'.
src/icons/Fonts/barlow/BarlowBlack.tsx(400,1): error TS2339: Property 'glyph' does not exist on type 'JSX.IntrinsicElements'.
src/icons/Fonts/barlow/BarlowBlack.tsx(404,1): error TS2339: Property 'glyph' does not exist on type 'JSX.IntrinsicElements'.
src/icons/Fonts/barlow/BarlowBlack.tsx(408,1): error TS2339: Property 'glyph' does not exist on type 'JSX.IntrinsicElements'.
src/icons/Fonts/barlow/BarlowBlack.tsx(410,1): error TS2339: Property 'glyph' does not exist on type 'JSX.IntrinsicElements'.
src/icons/Fonts/barlow/BarlowBlack.tsx(412,1): error TS2339: Property 'glyph' does not exist on type 'JSX.IntrinsicElements'.
src/icons/Fonts/barlow/BarlowBlack.tsx(414,1): error TS2339: Property 'glyph' does not exist on type 'JSX.IntrinsicElements'.
src/icons/Fonts/barlow/BarlowBlack.tsx(416,1): error TS2339: Property 'glyph' does not exist on type 'JSX.IntrinsicElements'.
src/icons/Fonts/barlow/BarlowBlack.tsx(420,1): error TS2339: Property 'glyph' does not exist on type 'JSX.IntrinsicElements'.
src/icons/Fonts/barlow/BarlowBlack.tsx(423,1): error TS2339: Property 'glyph' does not exist on type 'JSX.IntrinsicElements'.
src/icons/Fonts/barlow/BarlowBlack.tsx(426,1): error TS2339: Property 'glyph' does not exist on type 'JSX.IntrinsicElements'.
src/icons/Fonts/barlow/BarlowBlack.tsx(429,1): error TS2339: Property 'glyph' does not exist on type 'JSX.IntrinsicElements'.
src/icons/Fonts/barlow/BarlowBlack.tsx(432,1): error TS2339: Property 'glyph' does not exist on type 'JSX.IntrinsicElements'.
src/icons/Fonts/barlow/BarlowBlack.tsx(435,1): error TS2339: Property 'glyph' does not exist on type 'JSX.IntrinsicElements'.
src/icons/Fonts/barlow/BarlowBlack.tsx(438,1): error TS2339: Property 'glyph' does not exist on type 'JSX.IntrinsicElements'.
src/icons/Fonts/barlow/BarlowBlack.tsx(440,1): error TS2339: Property 'glyph' does not exist on type 'JSX.IntrinsicElements'.
src/icons/Fonts/barlow/BarlowBlack.tsx(443,1): error TS2339: Property 'glyph' does not exist on type 'JSX.IntrinsicElements'.
src/icons/Fonts/barlow/BarlowBlack.tsx(446,1): error TS2339: Property 'glyph' does not exist on type 'JSX.IntrinsicElements'.
src/icons/Fonts/barlow/BarlowBlack.tsx(449,1): error TS2339: Property 'glyph' does not exist on type 'JSX.IntrinsicElements'.
src/icons/Fonts/barlow/BarlowBlack.tsx(452,1): error TS2339: Property 'glyph' does not exist on type 'JSX.IntrinsicElements'.
src/icons/Fonts/barlow/BarlowBlack.tsx(455,1): error TS2339: Property 'glyph' does not exist on type 'JSX.IntrinsicElements'.
src/icons/Fonts/barlow/BarlowBlack.tsx(457,1): error TS2339: Property 'glyph' does not exist on type 'JSX.IntrinsicElements'.
src/icons/Fonts/barlow/BarlowBlack.tsx(460,1): error TS2339: Property 'glyph' does not exist on type 'JSX.IntrinsicElements'.
src/icons/Fonts/barlow/BarlowBlack.tsx(463,1): error TS2339: Property 'glyph' does not exist on type 'JSX.IntrinsicElements'.
src/icons/Fonts/barlow/BarlowBlack.tsx(464,1): error TS2339: Property 'glyph' does not exist on type 'JSX.IntrinsicElements'.
src/icons/Fonts/barlow/BarlowBlack.tsx(465,1): error TS2339: Property 'glyph' does not exist on type 'JSX.IntrinsicElements'.
src/icons/Fonts/barlow/BarlowBlack.tsx(466,1): error TS2339: Property 'glyph' does not exist on type 'JSX.IntrinsicElements'.
src/icons/Fonts/barlow/BarlowBlack.tsx(467,1): error TS2339: Property 'glyph' does not exist on type 'JSX.IntrinsicElements'.
src/icons/Fonts/barlow/BarlowBlack.tsx(468,1): error TS2339: Property 'glyph' does not exist on type 'JSX.IntrinsicElements'.
src/icons/Fonts/barlow/BarlowBlack.tsx(470,1): error TS2339: Property 'glyph' does not exist on type 'JSX.IntrinsicElements'.
src/icons/Fonts/barlow/BarlowBlack.tsx(472,1): error TS2339: Property 'glyph' does not exist on type 'JSX.IntrinsicElements'.
src/icons/Fonts/barlow/BarlowBlack.tsx(474,1): error TS2339: Property 'glyph' does not exist on type 'JSX.IntrinsicElements'.
src/icons/Fonts/barlow/BarlowBlack.tsx(475,1): error TS2339: Property 'glyph' does not exist on type 'JSX.IntrinsicElements'.
src/icons/Fonts/barlow/BarlowBlack.tsx(476,1): error TS2339: Property 'glyph' does not exist on type 'JSX.IntrinsicElements'.
src/icons/Fonts/barlow/BarlowBlack.tsx(477,1): error TS2339: Property 'font' does not exist on type 'JSX.IntrinsicElements'.
src/icons/Fonts/barlow/BarlowBold.tsx(6,1): error TS2339: Property 'font' does not exist on type 'JSX.IntrinsicElements'.
src/icons/Fonts/barlow/BarlowBold.tsx(6,38): error TS2339: Property 'font-face' does not exist on type 'JSX.IntrinsicElements'.
src/icons/Fonts/barlow/BarlowBold.tsx(13,1): error TS2339: Property 'glyph' does not exist on type 'JSX.IntrinsicElements'.
src/icons/Fonts/barlow/BarlowBold.tsx(14,1): error TS2339: Property 'glyph' does not exist on type 'JSX.IntrinsicElements'.
src/icons/Fonts/barlow/BarlowBold.tsx(16,1): error TS2339: Property 'glyph' does not exist on type 'JSX.IntrinsicElements'.
src/icons/Fonts/barlow/BarlowBold.tsx(18,1): error TS2339: Property 'glyph' does not exist on type 'JSX.IntrinsicElements'.
src/icons/Fonts/barlow/BarlowBold.tsx(22,1): error TS2339: Property 'glyph' does not exist on type 'JSX.IntrinsicElements'.
src/icons/Fonts/barlow/BarlowBold.tsx(25,1): error TS2339: Property 'glyph' does not exist on type 'JSX.IntrinsicElements'.
src/icons/Fonts/barlow/BarlowBold.tsx(28,1): error TS2339: Property 'glyph' does not exist on type 'JSX.IntrinsicElements'.
src/icons/Fonts/barlow/BarlowBold.tsx(32,1): error TS2339: Property 'glyph' does not exist on type 'JSX.IntrinsicElements'.
src/icons/Fonts/barlow/BarlowBold.tsx(33,1): error TS2339: Property 'glyph' does not exist on type 'JSX.IntrinsicElements'.
src/icons/Fonts/barlow/BarlowBold.tsx(34,1): error TS2339: Property 'glyph' does not exist on type 'JSX.IntrinsicElements'.
src/icons/Fonts/barlow/BarlowBold.tsx(35,1): error TS2339: Property 'glyph' does not exist on type 'JSX.IntrinsicElements'.
src/icons/Fonts/barlow/BarlowBold.tsx(38,1): error TS2339: Property 'glyph' does not exist on type 'JSX.IntrinsicElements'.
src/icons/Fonts/barlow/BarlowBold.tsx(40,1): error TS2339: Property 'glyph' does not exist on type 'JSX.IntrinsicElements'.
src/icons/Fonts/barlow/BarlowBold.tsx(41,1): error TS2339: Property 'glyph' does not exist on type 'JSX.IntrinsicElements'.
src/icons/Fonts/barlow/BarlowBold.tsx(42,1): error TS2339: Property 'glyph' does not exist on type 'JSX.IntrinsicElements'.
src/icons/Fonts/barlow/BarlowBold.tsx(43,1): error TS2339: Property 'glyph' does not exist on type 'JSX.IntrinsicElements'.
src/icons/Fonts/barlow/BarlowBold.tsx(44,1): error TS2339: Property 'glyph' does not exist on type 'JSX.IntrinsicElements'.
src/icons/Fonts/barlow/BarlowBold.tsx(46,1): error TS2339: Property 'glyph' does not exist on type 'JSX.IntrinsicElements'.
src/icons/Fonts/barlow/BarlowBold.tsx(47,1): error TS2339: Property 'glyph' does not exist on type 'JSX.IntrinsicElements'.
src/icons/Fonts/barlow/BarlowBold.tsx(49,1): error TS2339: Property 'glyph' does not exist on type 'JSX.IntrinsicElements'.
src/icons/Fonts/barlow/BarlowBold.tsx(52,1): error TS2339: Property 'glyph' does not exist on type 'JSX.IntrinsicElements'.
src/icons/Fonts/barlow/BarlowBold.tsx(54,1): error TS2339: Property 'glyph' does not exist on type 'JSX.IntrinsicElements'.
src/icons/Fonts/barlow/BarlowBold.tsx(57,1): error TS2339: Property 'glyph' does not exist on type 'JSX.IntrinsicElements'.
src/icons/Fonts/barlow/BarlowBold.tsx(60,1): error TS2339: Property 'glyph' does not exist on type 'JSX.IntrinsicElements'.
src/icons/Fonts/barlow/BarlowBold.tsx(62,1): error TS2339: Property 'glyph' does not exist on type 'JSX.IntrinsicElements'.
src/icons/Fonts/barlow/BarlowBold.tsx(65,1): error TS2339: Property 'glyph' does not exist on type 'JSX.IntrinsicElements'.
src/icons/Fonts/barlow/BarlowBold.tsx(68,1): error TS2339: Property 'glyph' does not exist on type 'JSX.IntrinsicElements'.
src/icons/Fonts/barlow/BarlowBold.tsx(70,1): error TS2339: Property 'glyph' does not exist on type 'JSX.IntrinsicElements'.
src/icons/Fonts/barlow/BarlowBold.tsx(72,1): error TS2339: Property 'glyph' does not exist on type 'JSX.IntrinsicElements'.
src/icons/Fonts/barlow/BarlowBold.tsx(73,1): error TS2339: Property 'glyph' does not exist on type 'JSX.IntrinsicElements'.
src/icons/Fonts/barlow/BarlowBold.tsx(75,1): error TS2339: Property 'glyph' does not exist on type 'JSX.IntrinsicElements'.
src/icons/Fonts/barlow/BarlowBold.tsx(76,1): error TS2339: Property 'glyph' does not exist on type 'JSX.IntrinsicElements'.
src/icons/Fonts/barlow/BarlowBold.tsx(79,1): error TS2339: Property 'glyph' does not exist on type 'JSX.IntrinsicElements'.
src/icons/Fonts/barlow/BarlowBold.tsx(83,1): error TS2339: Property 'glyph' does not exist on type 'JSX.IntrinsicElements'.
src/icons/Fonts/barlow/BarlowBold.tsx(85,1): error TS2339: Property 'glyph' does not exist on type 'JSX.IntrinsicElements'.
src/icons/Fonts/barlow/BarlowBold.tsx(87,1): error TS2339: Property 'glyph' does not exist on type 'JSX.IntrinsicElements'.
src/icons/Fonts/barlow/BarlowBold.tsx(89,1): error TS2339: Property 'glyph' does not exist on type 'JSX.IntrinsicElements'.
src/icons/Fonts/barlow/BarlowBold.tsx(91,1): error TS2339: Property 'glyph' does not exist on type 'JSX.IntrinsicElements'.
src/icons/Fonts/barlow/BarlowBold.tsx(93,1): error TS2339: Property 'glyph' does not exist on type 'JSX.IntrinsicElements'.
src/icons/Fonts/barlow/BarlowBold.tsx(95,1): error TS2339: Property 'glyph' does not exist on type 'JSX.IntrinsicElements'.
src/icons/Fonts/barlow/BarlowBold.tsx(97,1): error TS2339: Property 'glyph' does not exist on type 'JSX.IntrinsicElements'.
src/icons/Fonts/barlow/BarlowBold.tsx(99,1): error TS2339: Property 'glyph' does not exist on type 'JSX.IntrinsicElements'.
src/icons/Fonts/barlow/BarlowBold.tsx(100,1): error TS2339: Property 'glyph' does not exist on type 'JSX.IntrinsicElements'.
src/icons/Fonts/barlow/BarlowBold.tsx(102,1): error TS2339: Property 'glyph' does not exist on type 'JSX.IntrinsicElements'.
src/icons/Fonts/barlow/BarlowBold.tsx(104,1): error TS2339: Property 'glyph' does not exist on type 'JSX.IntrinsicElements'.
src/icons/Fonts/barlow/BarlowBold.tsx(105,1): error TS2339: Property 'glyph' does not exist on type 'JSX.IntrinsicElements'.
src/icons/Fonts/barlow/BarlowBold.tsx(107,1): error TS2339: Property 'glyph' does not exist on type 'JSX.IntrinsicElements'.
src/icons/Fonts/barlow/BarlowBold.tsx(109,1): error TS2339: Property 'glyph' does not exist on type 'JSX.IntrinsicElements'.
src/icons/Fonts/barlow/BarlowBold.tsx(111,1): error TS2339: Property 'glyph' does not exist on type 'JSX.IntrinsicElements'.
src/icons/Fonts/barlow/BarlowBold.tsx(113,1): error TS2339: Property 'glyph' does not exist on type 'JSX.IntrinsicElements'.
src/icons/Fonts/barlow/BarlowBold.tsx(115,1): error TS2339: Property 'glyph' does not exist on type 'JSX.IntrinsicElements'.
src/icons/Fonts/barlow/BarlowBold.tsx(117,1): error TS2339: Property 'glyph' does not exist on type 'JSX.IntrinsicElements'.
src/icons/Fonts/barlow/BarlowBold.tsx(120,1): error TS2339: Property 'glyph' does not exist on type 'JSX.IntrinsicElements'.
src/icons/Fonts/barlow/BarlowBold.tsx(122,1): error TS2339: Property 'glyph' does not exist on type 'JSX.IntrinsicElements'.
src/icons/Fonts/barlow/BarlowBold.tsx(124,1): error TS2339: Property 'glyph' does not exist on type 'JSX.IntrinsicElements'.
src/icons/Fonts/barlow/BarlowBold.tsx(125,1): error TS2339: Property 'glyph' does not exist on type 'JSX.IntrinsicElements'.
src/icons/Fonts/barlow/BarlowBold.tsx(127,1): error TS2339: Property 'glyph' does not exist on type 'JSX.IntrinsicElements'.
src/icons/Fonts/barlow/BarlowBold.tsx(129,1): error TS2339: Property 'glyph' does not exist on type 'JSX.IntrinsicElements'.
src/icons/Fonts/barlow/BarlowBold.tsx(131,1): error TS2339: Property 'glyph' does not exist on type 'JSX.IntrinsicElements'.
src/icons/Fonts/barlow/BarlowBold.tsx(133,1): error TS2339: Property 'glyph' does not exist on type 'JSX.IntrinsicElements'.
src/icons/Fonts/barlow/BarlowBold.tsx(135,1): error TS2339: Property 'glyph' does not exist on type 'JSX.IntrinsicElements'.
src/icons/Fonts/barlow/BarlowBold.tsx(136,1): error TS2339: Property 'glyph' does not exist on type 'JSX.IntrinsicElements'.
src/icons/Fonts/barlow/BarlowBold.tsx(138,1): error TS2339: Property 'glyph' does not exist on type 'JSX.IntrinsicElements'.
src/icons/Fonts/barlow/BarlowBold.tsx(140,1): error TS2339: Property 'glyph' does not exist on type 'JSX.IntrinsicElements'.
src/icons/Fonts/barlow/BarlowBold.tsx(141,1): error TS2339: Property 'glyph' does not exist on type 'JSX.IntrinsicElements'.
src/icons/Fonts/barlow/BarlowBold.tsx(142,1): error TS2339: Property 'glyph' does not exist on type 'JSX.IntrinsicElements'.
src/icons/Fonts/barlow/BarlowBold.tsx(144,1): error TS2339: Property 'glyph' does not exist on type 'JSX.IntrinsicElements'.
src/icons/Fonts/barlow/BarlowBold.tsx(146,1): error TS2339: Property 'glyph' does not exist on type 'JSX.IntrinsicElements'.
src/icons/Fonts/barlow/BarlowBold.tsx(148,1): error TS2339: Property 'glyph' does not exist on type 'JSX.IntrinsicElements'.
src/icons/Fonts/barlow/BarlowBold.tsx(150,1): error TS2339: Property 'glyph' does not exist on type 'JSX.IntrinsicElements'.
src/icons/Fonts/barlow/BarlowBold.tsx(153,1): error TS2339: Property 'glyph' does not exist on type 'JSX.IntrinsicElements'.
src/icons/Fonts/barlow/BarlowBold.tsx(155,1): error TS2339: Property 'glyph' does not exist on type 'JSX.IntrinsicElements'.
src/icons/Fonts/barlow/BarlowBold.tsx(158,1): error TS2339: Property 'glyph' does not exist on type 'JSX.IntrinsicElements'.
src/icons/Fonts/barlow/BarlowBold.tsx(160,1): error TS2339: Property 'glyph' does not exist on type 'JSX.IntrinsicElements'.
src/icons/Fonts/barlow/BarlowBold.tsx(162,1): error TS2339: Property 'glyph' does not exist on type 'JSX.IntrinsicElements'.
src/icons/Fonts/barlow/BarlowBold.tsx(164,1): error TS2339: Property 'glyph' does not exist on type 'JSX.IntrinsicElements'.
src/icons/Fonts/barlow/BarlowBold.tsx(166,1): error TS2339: Property 'glyph' does not exist on type 'JSX.IntrinsicElements'.
src/icons/Fonts/barlow/BarlowBold.tsx(167,1): error TS2339: Property 'glyph' does not exist on type 'JSX.IntrinsicElements'.
src/icons/Fonts/barlow/BarlowBold.tsx(170,1): error TS2339: Property 'glyph' does not exist on type 'JSX.IntrinsicElements'.
src/icons/Fonts/barlow/BarlowBold.tsx(172,1): error TS2339: Property 'glyph' does not exist on type 'JSX.IntrinsicElements'.
src/icons/Fonts/barlow/BarlowBold.tsx(174,1): error TS2339: Property 'glyph' does not exist on type 'JSX.IntrinsicElements'.
src/icons/Fonts/barlow/BarlowBold.tsx(177,1): error TS2339: Property 'glyph' does not exist on type 'JSX.IntrinsicElements'.
src/icons/Fonts/barlow/BarlowBold.tsx(180,1): error TS2339: Property 'glyph' does not exist on type 'JSX.IntrinsicElements'.
src/icons/Fonts/barlow/BarlowBold.tsx(182,1): error TS2339: Property 'glyph' does not exist on type 'JSX.IntrinsicElements'.
src/icons/Fonts/barlow/BarlowBold.tsx(185,1): error TS2339: Property 'glyph' does not exist on type 'JSX.IntrinsicElements'.
src/icons/Fonts/barlow/BarlowBold.tsx(187,1): error TS2339: Property 'glyph' does not exist on type 'JSX.IntrinsicElements'.
src/icons/Fonts/barlow/BarlowBold.tsx(189,1): error TS2339: Property 'glyph' does not exist on type 'JSX.IntrinsicElements'.
src/icons/Fonts/barlow/BarlowBold.tsx(190,1): error TS2339: Property 'glyph' does not exist on type 'JSX.IntrinsicElements'.
src/icons/Fonts/barlow/BarlowBold.tsx(192,1): error TS2339: Property 'glyph' does not exist on type 'JSX.IntrinsicElements'.
src/icons/Fonts/barlow/BarlowBold.tsx(194,1): error TS2339: Property 'glyph' does not exist on type 'JSX.IntrinsicElements'.
src/icons/Fonts/barlow/BarlowBold.tsx(196,1): error TS2339: Property 'glyph' does not exist on type 'JSX.IntrinsicElements'.
src/icons/Fonts/barlow/BarlowBold.tsx(198,1): error TS2339: Property 'glyph' does not exist on type 'JSX.IntrinsicElements'.
src/icons/Fonts/barlow/BarlowBold.tsx(200,1): error TS2339: Property 'glyph' does not exist on type 'JSX.IntrinsicElements'.
src/icons/Fonts/barlow/BarlowBold.tsx(201,1): error TS2339: Property 'glyph' does not exist on type 'JSX.IntrinsicElements'.
src/icons/Fonts/barlow/BarlowBold.tsx(203,1): error TS2339: Property 'glyph' does not exist on type 'JSX.IntrinsicElements'.
src/icons/Fonts/barlow/BarlowBold.tsx(205,1): error TS2339: Property 'glyph' does not exist on type 'JSX.IntrinsicElements'.
src/icons/Fonts/barlow/BarlowBold.tsx(206,1): error TS2339: Property 'glyph' does not exist on type 'JSX.IntrinsicElements'.
src/icons/Fonts/barlow/BarlowBold.tsx(208,1): error TS2339: Property 'glyph' does not exist on type 'JSX.IntrinsicElements'.
src/icons/Fonts/barlow/BarlowBold.tsx(211,1): error TS2339: Property 'glyph' does not exist on type 'JSX.IntrinsicElements'.
src/icons/Fonts/barlow/BarlowBold.tsx(214,1): error TS2339: Property 'glyph' does not exist on type 'JSX.IntrinsicElements'.
src/icons/Fonts/barlow/BarlowBold.tsx(218,1): error TS2339: Property 'glyph' does not exist on type 'JSX.IntrinsicElements'.
src/icons/Fonts/barlow/BarlowBold.tsx(221,1): error TS2339: Property 'glyph' does not exist on type 'JSX.IntrinsicElements'.
src/icons/Fonts/barlow/BarlowBold.tsx(223,1): error TS2339: Property 'glyph' does not exist on type 'JSX.IntrinsicElements'.
src/icons/Fonts/barlow/BarlowBold.tsx(227,1): error TS2339: Property 'glyph' does not exist on type 'JSX.IntrinsicElements'.
src/icons/Fonts/barlow/BarlowBold.tsx(229,1): error TS2339: Property 'glyph' does not exist on type 'JSX.IntrinsicElements'.
src/icons/Fonts/barlow/BarlowBold.tsx(232,1): error TS2339: Property 'glyph' does not exist on type 'JSX.IntrinsicElements'.
src/icons/Fonts/barlow/BarlowBold.tsx(235,1): error TS2339: Property 'glyph' does not exist on type 'JSX.IntrinsicElements'.
src/icons/Fonts/barlow/BarlowBold.tsx(237,1): error TS2339: Property 'glyph' does not exist on type 'JSX.IntrinsicElements'.
src/icons/Fonts/barlow/BarlowBold.tsx(238,1): error TS2339: Property 'glyph' does not exist on type 'JSX.IntrinsicElements'.
src/icons/Fonts/barlow/BarlowBold.tsx(239,1): error TS2339: Property 'glyph' does not exist on type 'JSX.IntrinsicElements'.
src/icons/Fonts/barlow/BarlowBold.tsx(242,1): error TS2339: Property 'glyph' does not exist on type 'JSX.IntrinsicElements'.
src/icons/Fonts/barlow/BarlowBold.tsx(243,1): error TS2339: Property 'glyph' does not exist on type 'JSX.IntrinsicElements'.
src/icons/Fonts/barlow/BarlowBold.tsx(245,1): error TS2339: Property 'glyph' does not exist on type 'JSX.IntrinsicElements'.
src/icons/Fonts/barlow/BarlowBold.tsx(247,1): error TS2339: Property 'glyph' does not exist on type 'JSX.IntrinsicElements'.
src/icons/Fonts/barlow/BarlowBold.tsx(249,1): error TS2339: Property 'glyph' does not exist on type 'JSX.IntrinsicElements'.
src/icons/Fonts/barlow/BarlowBold.tsx(252,1): error TS2339: Property 'glyph' does not exist on type 'JSX.IntrinsicElements'.
src/icons/Fonts/barlow/BarlowBold.tsx(253,1): error TS2339: Property 'glyph' does not exist on type 'JSX.IntrinsicElements'.
src/icons/Fonts/barlow/BarlowBold.tsx(255,1): error TS2339: Property 'glyph' does not exist on type 'JSX.IntrinsicElements'.
src/icons/Fonts/barlow/BarlowBold.tsx(257,1): error TS2339: Property 'glyph' does not exist on type 'JSX.IntrinsicElements'.
src/icons/Fonts/barlow/BarlowBold.tsx(258,1): error TS2339: Property 'glyph' does not exist on type 'JSX.IntrinsicElements'.
src/icons/Fonts/barlow/BarlowBold.tsx(260,1): error TS2339: Property 'glyph' does not exist on type 'JSX.IntrinsicElements'.
src/icons/Fonts/barlow/BarlowBold.tsx(261,1): error TS2339: Property 'glyph' does not exist on type 'JSX.IntrinsicElements'.
src/icons/Fonts/barlow/BarlowBold.tsx(264,1): error TS2339: Property 'glyph' does not exist on type 'JSX.IntrinsicElements'.
src/icons/Fonts/barlow/BarlowBold.tsx(266,1): error TS2339: Property 'glyph' does not exist on type 'JSX.IntrinsicElements'.
src/icons/Fonts/barlow/BarlowBold.tsx(270,1): error TS2339: Property 'glyph' does not exist on type 'JSX.IntrinsicElements'.
src/icons/Fonts/barlow/BarlowBold.tsx(273,1): error TS2339: Property 'glyph' does not exist on type 'JSX.IntrinsicElements'.
src/icons/Fonts/barlow/BarlowBold.tsx(278,1): error TS2339: Property 'glyph' does not exist on type 'JSX.IntrinsicElements'.
src/icons/Fonts/barlow/BarlowBold.tsx(281,1): error TS2339: Property 'glyph' does not exist on type 'JSX.IntrinsicElements'.
src/icons/Fonts/barlow/BarlowBold.tsx(284,1): error TS2339: Property 'glyph' does not exist on type 'JSX.IntrinsicElements'.
src/icons/Fonts/barlow/BarlowBold.tsx(286,1): error TS2339: Property 'glyph' does not exist on type 'JSX.IntrinsicElements'.
src/icons/Fonts/barlow/BarlowBold.tsx(289,1): error TS2339: Property 'glyph' does not exist on type 'JSX.IntrinsicElements'.
src/icons/Fonts/barlow/BarlowBold.tsx(292,1): error TS2339: Property 'glyph' does not exist on type 'JSX.IntrinsicElements'.
src/icons/Fonts/barlow/BarlowBold.tsx(295,1): error TS2339: Property 'glyph' does not exist on type 'JSX.IntrinsicElements'.
src/icons/Fonts/barlow/BarlowBold.tsx(298,1): error TS2339: Property 'glyph' does not exist on type 'JSX.IntrinsicElements'.
src/icons/Fonts/barlow/BarlowBold.tsx(301,1): error TS2339: Property 'glyph' does not exist on type 'JSX.IntrinsicElements'.
src/icons/Fonts/barlow/BarlowBold.tsx(304,1): error TS2339: Property 'glyph' does not exist on type 'JSX.IntrinsicElements'.
src/icons/Fonts/barlow/BarlowBold.tsx(307,1): error TS2339: Property 'glyph' does not exist on type 'JSX.IntrinsicElements'.
src/icons/Fonts/barlow/BarlowBold.tsx(310,1): error TS2339: Property 'glyph' does not exist on type 'JSX.IntrinsicElements'.
src/icons/Fonts/barlow/BarlowBold.tsx(313,1): error TS2339: Property 'glyph' does not exist on type 'JSX.IntrinsicElements'.
src/icons/Fonts/barlow/BarlowBold.tsx(316,1): error TS2339: Property 'glyph' does not exist on type 'JSX.IntrinsicElements'.
src/icons/Fonts/barlow/BarlowBold.tsx(318,1): error TS2339: Property 'glyph' does not exist on type 'JSX.IntrinsicElements'.
src/icons/Fonts/barlow/BarlowBold.tsx(320,1): error TS2339: Property 'glyph' does not exist on type 'JSX.IntrinsicElements'.
src/icons/Fonts/barlow/BarlowBold.tsx(322,1): error TS2339: Property 'glyph' does not exist on type 'JSX.IntrinsicElements'.
src/icons/Fonts/barlow/BarlowBold.tsx(324,1): error TS2339: Property 'glyph' does not exist on type 'JSX.IntrinsicElements'.
src/icons/Fonts/barlow/BarlowBold.tsx(327,1): error TS2339: Property 'glyph' does not exist on type 'JSX.IntrinsicElements'.
src/icons/Fonts/barlow/BarlowBold.tsx(330,1): error TS2339: Property 'glyph' does not exist on type 'JSX.IntrinsicElements'.
src/icons/Fonts/barlow/BarlowBold.tsx(332,1): error TS2339: Property 'glyph' does not exist on type 'JSX.IntrinsicElements'.
src/icons/Fonts/barlow/BarlowBold.tsx(334,1): error TS2339: Property 'glyph' does not exist on type 'JSX.IntrinsicElements'.
src/icons/Fonts/barlow/BarlowBold.tsx(337,1): error TS2339: Property 'glyph' does not exist on type 'JSX.IntrinsicElements'.
src/icons/Fonts/barlow/BarlowBold.tsx(340,1): error TS2339: Property 'glyph' does not exist on type 'JSX.IntrinsicElements'.
src/icons/Fonts/barlow/BarlowBold.tsx(343,1): error TS2339: Property 'glyph' does not exist on type 'JSX.IntrinsicElements'.
src/icons/Fonts/barlow/BarlowBold.tsx(346,1): error TS2339: Property 'glyph' does not exist on type 'JSX.IntrinsicElements'.
src/icons/Fonts/barlow/BarlowBold.tsx(349,1): error TS2339: Property 'glyph' does not exist on type 'JSX.IntrinsicElements'.
src/icons/Fonts/barlow/BarlowBold.tsx(351,1): error TS2339: Property 'glyph' does not exist on type 'JSX.IntrinsicElements'.
src/icons/Fonts/barlow/BarlowBold.tsx(353,1): error TS2339: Property 'glyph' does not exist on type 'JSX.IntrinsicElements'.
src/icons/Fonts/barlow/BarlowBold.tsx(356,1): error TS2339: Property 'glyph' does not exist on type 'JSX.IntrinsicElements'.
src/icons/Fonts/barlow/BarlowBold.tsx(359,1): error TS2339: Property 'glyph' does not exist on type 'JSX.IntrinsicElements'.
src/icons/Fonts/barlow/BarlowBold.tsx(361,1): error TS2339: Property 'glyph' does not exist on type 'JSX.IntrinsicElements'.
src/icons/Fonts/barlow/BarlowBold.tsx(363,1): error TS2339: Property 'glyph' does not exist on type 'JSX.IntrinsicElements'.
src/icons/Fonts/barlow/BarlowBold.tsx(366,1): error TS2339: Property 'glyph' does not exist on type 'JSX.IntrinsicElements'.
src/icons/Fonts/barlow/BarlowBold.tsx(369,1): error TS2339: Property 'glyph' does not exist on type 'JSX.IntrinsicElements'.
src/icons/Fonts/barlow/BarlowBold.tsx(372,1): error TS2339: Property 'glyph' does not exist on type 'JSX.IntrinsicElements'.
src/icons/Fonts/barlow/BarlowBold.tsx(375,1): error TS2339: Property 'glyph' does not exist on type 'JSX.IntrinsicElements'.
src/icons/Fonts/barlow/BarlowBold.tsx(379,1): error TS2339: Property 'glyph' does not exist on type 'JSX.IntrinsicElements'.
src/icons/Fonts/barlow/BarlowBold.tsx(382,1): error TS2339: Property 'glyph' does not exist on type 'JSX.IntrinsicElements'.
src/icons/Fonts/barlow/BarlowBold.tsx(385,1): error TS2339: Property 'glyph' does not exist on type 'JSX.IntrinsicElements'.
src/icons/Fonts/barlow/BarlowBold.tsx(389,1): error TS2339: Property 'glyph' does not exist on type 'JSX.IntrinsicElements'.
src/icons/Fonts/barlow/BarlowBold.tsx(392,1): error TS2339: Property 'glyph' does not exist on type 'JSX.IntrinsicElements'.
src/icons/Fonts/barlow/BarlowBold.tsx(395,1): error TS2339: Property 'glyph' does not exist on type 'JSX.IntrinsicElements'.
src/icons/Fonts/barlow/BarlowBold.tsx(398,1): error TS2339: Property 'glyph' does not exist on type 'JSX.IntrinsicElements'.
src/icons/Fonts/barlow/BarlowBold.tsx(401,1): error TS2339: Property 'glyph' does not exist on type 'JSX.IntrinsicElements'.
src/icons/Fonts/barlow/BarlowBold.tsx(405,1): error TS2339: Property 'glyph' does not exist on type 'JSX.IntrinsicElements'.
src/icons/Fonts/barlow/BarlowBold.tsx(407,1): error TS2339: Property 'glyph' does not exist on type 'JSX.IntrinsicElements'.
src/icons/Fonts/barlow/BarlowBold.tsx(409,1): error TS2339: Property 'glyph' does not exist on type 'JSX.IntrinsicElements'.
src/icons/Fonts/barlow/BarlowBold.tsx(411,1): error TS2339: Property 'glyph' does not exist on type 'JSX.IntrinsicElements'.
src/icons/Fonts/barlow/BarlowBold.tsx(413,1): error TS2339: Property 'glyph' does not exist on type 'JSX.IntrinsicElements'.
src/icons/Fonts/barlow/BarlowBold.tsx(417,1): error TS2339: Property 'glyph' does not exist on type 'JSX.IntrinsicElements'.
src/icons/Fonts/barlow/BarlowBold.tsx(420,1): error TS2339: Property 'glyph' does not exist on type 'JSX.IntrinsicElements'.
src/icons/Fonts/barlow/BarlowBold.tsx(423,1): error TS2339: Property 'glyph' does not exist on type 'JSX.IntrinsicElements'.
src/icons/Fonts/barlow/BarlowBold.tsx(426,1): error TS2339: Property 'glyph' does not exist on type 'JSX.IntrinsicElements'.
src/icons/Fonts/barlow/BarlowBold.tsx(429,1): error TS2339: Property 'glyph' does not exist on type 'JSX.IntrinsicElements'.
src/icons/Fonts/barlow/BarlowBold.tsx(432,1): error TS2339: Property 'glyph' does not exist on type 'JSX.IntrinsicElements'.
src/icons/Fonts/barlow/BarlowBold.tsx(435,1): error TS2339: Property 'glyph' does not exist on type 'JSX.IntrinsicElements'.
src/icons/Fonts/barlow/BarlowBold.tsx(437,1): error TS2339: Property 'glyph' does not exist on type 'JSX.IntrinsicElements'.
src/icons/Fonts/barlow/BarlowBold.tsx(440,1): error TS2339: Property 'glyph' does not exist on type 'JSX.IntrinsicElements'.
src/icons/Fonts/barlow/BarlowBold.tsx(443,1): error TS2339: Property 'glyph' does not exist on type 'JSX.IntrinsicElements'.
src/icons/Fonts/barlow/BarlowBold.tsx(445,1): error TS2339: Property 'glyph' does not exist on type 'JSX.IntrinsicElements'.
src/icons/Fonts/barlow/BarlowBold.tsx(448,1): error TS2339: Property 'glyph' does not exist on type 'JSX.IntrinsicElements'.
src/icons/Fonts/barlow/BarlowBold.tsx(451,1): error TS2339: Property 'glyph' does not exist on type 'JSX.IntrinsicElements'.
src/icons/Fonts/barlow/BarlowBold.tsx(453,1): error TS2339: Property 'glyph' does not exist on type 'JSX.IntrinsicElements'.
src/icons/Fonts/barlow/BarlowBold.tsx(456,1): error TS2339: Property 'glyph' does not exist on type 'JSX.IntrinsicElements'.
src/icons/Fonts/barlow/BarlowBold.tsx(459,1): error TS2339: Property 'glyph' does not exist on type 'JSX.IntrinsicElements'.
src/icons/Fonts/barlow/BarlowBold.tsx(460,1): error TS2339: Property 'glyph' does not exist on type 'JSX.IntrinsicElements'.
src/icons/Fonts/barlow/BarlowBold.tsx(461,1): error TS2339: Property 'glyph' does not exist on type 'JSX.IntrinsicElements'.
src/icons/Fonts/barlow/BarlowBold.tsx(462,1): error TS2339: Property 'glyph' does not exist on type 'JSX.IntrinsicElements'.
src/icons/Fonts/barlow/BarlowBold.tsx(463,1): error TS2339: Property 'glyph' does not exist on type 'JSX.IntrinsicElements'.
src/icons/Fonts/barlow/BarlowBold.tsx(464,1): error TS2339: Property 'glyph' does not exist on type 'JSX.IntrinsicElements'.
src/icons/Fonts/barlow/BarlowBold.tsx(466,1): error TS2339: Property 'glyph' does not exist on type 'JSX.IntrinsicElements'.
src/icons/Fonts/barlow/BarlowBold.tsx(468,1): error TS2339: Property 'glyph' does not exist on type 'JSX.IntrinsicElements'.
src/icons/Fonts/barlow/BarlowBold.tsx(470,1): error TS2339: Property 'glyph' does not exist on type 'JSX.IntrinsicElements'.
src/icons/Fonts/barlow/BarlowBold.tsx(471,1): error TS2339: Property 'glyph' does not exist on type 'JSX.IntrinsicElements'.
src/icons/Fonts/barlow/BarlowBold.tsx(473,1): error TS2339: Property 'glyph' does not exist on type 'JSX.IntrinsicElements'.
src/icons/Fonts/barlow/BarlowBold.tsx(475,1): error TS2339: Property 'font' does not exist on type 'JSX.IntrinsicElements'.
src/icons/Fonts/fira-code/FiraCodeLight.tsx(6,1): error TS2339: Property 'font' does not exist on type 'JSX.IntrinsicElements'.
src/icons/Fonts/fira-code/FiraCodeLight.tsx(6,41): error TS2339: Property 'font-face' does not exist on type 'JSX.IntrinsicElements'.
src/icons/Fonts/fira-code/FiraCodeLight.tsx(13,1): error TS2339: Property 'glyph' does not exist on type 'JSX.IntrinsicElements'.
src/icons/Fonts/fira-code/FiraCodeLight.tsx(14,1): error TS2339: Property 'glyph' does not exist on type 'JSX.IntrinsicElements'.
src/icons/Fonts/fira-code/FiraCodeLight.tsx(15,1): error TS2339: Property 'glyph' does not exist on type 'JSX.IntrinsicElements'.
src/icons/Fonts/fira-code/FiraCodeLight.tsx(16,1): error TS2339: Property 'glyph' does not exist on type 'JSX.IntrinsicElements'.
src/icons/Fonts/fira-code/FiraCodeLight.tsx(17,1): error TS2339: Property 'glyph' does not exist on type 'JSX.IntrinsicElements'.
src/icons/Fonts/fira-code/FiraCodeLight.tsx(19,1): error TS2339: Property 'glyph' does not exist on type 'JSX.IntrinsicElements'.
src/icons/Fonts/fira-code/FiraCodeLight.tsx(22,1): error TS2339: Property 'glyph' does not exist on type 'JSX.IntrinsicElements'.
src/icons/Fonts/fira-code/FiraCodeLight.tsx(24,1): error TS2339: Property 'glyph' does not exist on type 'JSX.IntrinsicElements'.
src/icons/Fonts/fira-code/FiraCodeLight.tsx(25,1): error TS2339: Property 'glyph' does not exist on type 'JSX.IntrinsicElements'.
src/icons/Fonts/fira-code/FiraCodeLight.tsx(26,1): error TS2339: Property 'glyph' does not exist on type 'JSX.IntrinsicElements'.
src/icons/Fonts/fira-code/FiraCodeLight.tsx(27,1): error TS2339: Property 'glyph' does not exist on type 'JSX.IntrinsicElements'.
src/icons/Fonts/fira-code/FiraCodeLight.tsx(28,1): error TS2339: Property 'glyph' does not exist on type 'JSX.IntrinsicElements'.
src/icons/Fonts/fira-code/FiraCodeLight.tsx(29,1): error TS2339: Property 'glyph' does not exist on type 'JSX.IntrinsicElements'.
src/icons/Fonts/fira-code/FiraCodeLight.tsx(30,1): error TS2339: Property 'glyph' does not exist on type 'JSX.IntrinsicElements'.
src/icons/Fonts/fira-code/FiraCodeLight.tsx(31,1): error TS2339: Property 'glyph' does not exist on type 'JSX.IntrinsicElements'.
src/icons/Fonts/fira-code/FiraCodeLight.tsx(32,1): error TS2339: Property 'glyph' does not exist on type 'JSX.IntrinsicElements'.
src/icons/Fonts/fira-code/FiraCodeLight.tsx(33,1): error TS2339: Property 'glyph' does not exist on type 'JSX.IntrinsicElements'.
src/icons/Fonts/fira-code/FiraCodeLight.tsx(35,1): error TS2339: Property 'glyph' does not exist on type 'JSX.IntrinsicElements'.
src/icons/Fonts/fira-code/FiraCodeLight.tsx(36,1): error TS2339: Property 'glyph' does not exist on type 'JSX.IntrinsicElements'.
src/icons/Fonts/fira-code/FiraCodeLight.tsx(38,1): error TS2339: Property 'glyph' does not exist on type 'JSX.IntrinsicElements'.
src/icons/Fonts/fira-code/FiraCodeLight.tsx(40,1): error TS2339: Property 'glyph' does not exist on type 'JSX.IntrinsicElements'.
src/icons/Fonts/fira-code/FiraCodeLight.tsx(41,1): error TS2339: Property 'glyph' does not exist on type 'JSX.IntrinsicElements'.
src/icons/Fonts/fira-code/FiraCodeLight.tsx(43,1): error TS2339: Property 'glyph' does not exist on type 'JSX.IntrinsicElements'.
src/icons/Fonts/fira-code/FiraCodeLight.tsx(45,1): error TS2339: Property 'glyph' does not exist on type 'JSX.IntrinsicElements'.
src/icons/Fonts/fira-code/FiraCodeLight.tsx(46,1): error TS2339: Property 'glyph' does not exist on type 'JSX.IntrinsicElements'.
src/icons/Fonts/fira-code/FiraCodeLight.tsx(49,1): error TS2339: Property 'glyph' does not exist on type 'JSX.IntrinsicElements'.
src/icons/Fonts/fira-code/FiraCodeLight.tsx(51,1): error TS2339: Property 'glyph' does not exist on type 'JSX.IntrinsicElements'.
src/icons/Fonts/fira-code/FiraCodeLight.tsx(53,1): error TS2339: Property 'glyph' does not exist on type 'JSX.IntrinsicElements'.
src/icons/Fonts/fira-code/FiraCodeLight.tsx(55,1): error TS2339: Property 'glyph' does not exist on type 'JSX.IntrinsicElements'.
src/icons/Fonts/fira-code/FiraCodeLight.tsx(56,1): error TS2339: Property 'glyph' does not exist on type 'JSX.IntrinsicElements'.
src/icons/Fonts/fira-code/FiraCodeLight.tsx(57,1): error TS2339: Property 'glyph' does not exist on type 'JSX.IntrinsicElements'.
src/icons/Fonts/fira-code/FiraCodeLight.tsx(58,1): error TS2339: Property 'glyph' does not exist on type 'JSX.IntrinsicElements'.
src/icons/Fonts/fira-code/FiraCodeLight.tsx(60,1): error TS2339: Property 'glyph' does not exist on type 'JSX.IntrinsicElements'.
src/icons/Fonts/fira-code/FiraCodeLight.tsx(63,1): error TS2339: Property 'glyph' does not exist on type 'JSX.IntrinsicElements'.
src/icons/Fonts/fira-code/FiraCodeLight.tsx(64,1): error TS2339: Property 'glyph' does not exist on type 'JSX.IntrinsicElements'.
src/icons/Fonts/fira-code/FiraCodeLight.tsx(66,1): error TS2339: Property 'glyph' does not exist on type 'JSX.IntrinsicElements'.
src/icons/Fonts/fira-code/FiraCodeLight.tsx(68,1): error TS2339: Property 'glyph' does not exist on type 'JSX.IntrinsicElements'.
src/icons/Fonts/fira-code/FiraCodeLight.tsx(70,1): error TS2339: Property 'glyph' does not exist on type 'JSX.IntrinsicElements'.
src/icons/Fonts/fira-code/FiraCodeLight.tsx(71,1): error TS2339: Property 'glyph' does not exist on type 'JSX.IntrinsicElements'.
src/icons/Fonts/fira-code/FiraCodeLight.tsx(72,1): error TS2339: Property 'glyph' does not exist on type 'JSX.IntrinsicElements'.
src/icons/Fonts/fira-code/FiraCodeLight.tsx(74,1): error TS2339: Property 'glyph' does not exist on type 'JSX.IntrinsicElements'.
src/icons/Fonts/fira-code/FiraCodeLight.tsx(75,1): error TS2339: Property 'glyph' does not exist on type 'JSX.IntrinsicElements'.
src/icons/Fonts/fira-code/FiraCodeLight.tsx(76,1): error TS2339: Property 'glyph' does not exist on type 'JSX.IntrinsicElements'.
src/icons/Fonts/fira-code/FiraCodeLight.tsx(77,1): error TS2339: Property 'glyph' does not exist on type 'JSX.IntrinsicElements'.
src/icons/Fonts/fira-code/FiraCodeLight.tsx(78,1): error TS2339: Property 'glyph' does not exist on type 'JSX.IntrinsicElements'.
src/icons/Fonts/fira-code/FiraCodeLight.tsx(79,1): error TS2339: Property 'glyph' does not exist on type 'JSX.IntrinsicElements'.
src/icons/Fonts/fira-code/FiraCodeLight.tsx(80,1): error TS2339: Property 'glyph' does not exist on type 'JSX.IntrinsicElements'.
src/icons/Fonts/fira-code/FiraCodeLight.tsx(81,1): error TS2339: Property 'glyph' does not exist on type 'JSX.IntrinsicElements'.
src/icons/Fonts/fira-code/FiraCodeLight.tsx(83,1): error TS2339: Property 'glyph' does not exist on type 'JSX.IntrinsicElements'.
src/icons/Fonts/fira-code/FiraCodeLight.tsx(84,1): error TS2339: Property 'glyph' does not exist on type 'JSX.IntrinsicElements'.
src/icons/Fonts/fira-code/FiraCodeLight.tsx(86,1): error TS2339: Property 'glyph' does not exist on type 'JSX.IntrinsicElements'.
src/icons/Fonts/fira-code/FiraCodeLight.tsx(87,1): error TS2339: Property 'glyph' does not exist on type 'JSX.IntrinsicElements'.
src/icons/Fonts/fira-code/FiraCodeLight.tsx(89,1): error TS2339: Property 'glyph' does not exist on type 'JSX.IntrinsicElements'.
src/icons/Fonts/fira-code/FiraCodeLight.tsx(90,1): error TS2339: Property 'glyph' does not exist on type 'JSX.IntrinsicElements'.
src/icons/Fonts/fira-code/FiraCodeLight.tsx(91,1): error TS2339: Property 'glyph' does not exist on type 'JSX.IntrinsicElements'.
src/icons/Fonts/fira-code/FiraCodeLight.tsx(92,1): error TS2339: Property 'glyph' does not exist on type 'JSX.IntrinsicElements'.
src/icons/Fonts/fira-code/FiraCodeLight.tsx(93,1): error TS2339: Property 'glyph' does not exist on type 'JSX.IntrinsicElements'.
src/icons/Fonts/fira-code/FiraCodeLight.tsx(94,1): error TS2339: Property 'glyph' does not exist on type 'JSX.IntrinsicElements'.
src/icons/Fonts/fira-code/FiraCodeLight.tsx(95,1): error TS2339: Property 'glyph' does not exist on type 'JSX.IntrinsicElements'.
src/icons/Fonts/fira-code/FiraCodeLight.tsx(96,1): error TS2339: Property 'glyph' does not exist on type 'JSX.IntrinsicElements'.
src/icons/Fonts/fira-code/FiraCodeLight.tsx(97,1): error TS2339: Property 'glyph' does not exist on type 'JSX.IntrinsicElements'.
src/icons/Fonts/fira-code/FiraCodeLight.tsx(98,1): error TS2339: Property 'glyph' does not exist on type 'JSX.IntrinsicElements'.
src/icons/Fonts/fira-code/FiraCodeLight.tsx(99,1): error TS2339: Property 'glyph' does not exist on type 'JSX.IntrinsicElements'.
src/icons/Fonts/fira-code/FiraCodeLight.tsx(100,1): error TS2339: Property 'glyph' does not exist on type 'JSX.IntrinsicElements'.
src/icons/Fonts/fira-code/FiraCodeLight.tsx(101,1): error TS2339: Property 'glyph' does not exist on type 'JSX.IntrinsicElements'.
src/icons/Fonts/fira-code/FiraCodeLight.tsx(102,1): error TS2339: Property 'glyph' does not exist on type 'JSX.IntrinsicElements'.
src/icons/Fonts/fira-code/FiraCodeLight.tsx(104,1): error TS2339: Property 'glyph' does not exist on type 'JSX.IntrinsicElements'.
src/icons/Fonts/fira-code/FiraCodeLight.tsx(106,1): error TS2339: Property 'glyph' does not exist on type 'JSX.IntrinsicElements'.
src/icons/Fonts/fira-code/FiraCodeLight.tsx(108,1): error TS2339: Property 'glyph' does not exist on type 'JSX.IntrinsicElements'.
src/icons/Fonts/fira-code/FiraCodeLight.tsx(110,1): error TS2339: Property 'glyph' does not exist on type 'JSX.IntrinsicElements'.
src/icons/Fonts/fira-code/FiraCodeLight.tsx(112,1): error TS2339: Property 'glyph' does not exist on type 'JSX.IntrinsicElements'.
src/icons/Fonts/fira-code/FiraCodeLight.tsx(113,1): error TS2339: Property 'glyph' does not exist on type 'JSX.IntrinsicElements'.
src/icons/Fonts/fira-code/FiraCodeLight.tsx(116,1): error TS2339: Property 'glyph' does not exist on type 'JSX.IntrinsicElements'.
src/icons/Fonts/fira-code/FiraCodeLight.tsx(117,1): error TS2339: Property 'glyph' does not exist on type 'JSX.IntrinsicElements'.
src/icons/Fonts/fira-code/FiraCodeLight.tsx(118,1): error TS2339: Property 'glyph' does not exist on type 'JSX.IntrinsicElements'.
src/icons/Fonts/fira-code/FiraCodeLight.tsx(120,1): error TS2339: Property 'glyph' does not exist on type 'JSX.IntrinsicElements'.
src/icons/Fonts/fira-code/FiraCodeLight.tsx(121,1): error TS2339: Property 'glyph' does not exist on type 'JSX.IntrinsicElements'.
src/icons/Fonts/fira-code/FiraCodeLight.tsx(122,1): error TS2339: Property 'glyph' does not exist on type 'JSX.IntrinsicElements'.
src/icons/Fonts/fira-code/FiraCodeLight.tsx(124,1): error TS2339: Property 'glyph' does not exist on type 'JSX.IntrinsicElements'.
src/icons/Fonts/fira-code/FiraCodeLight.tsx(125,1): error TS2339: Property 'glyph' does not exist on type 'JSX.IntrinsicElements'.
src/icons/Fonts/fira-code/FiraCodeLight.tsx(127,1): error TS2339: Property 'glyph' does not exist on type 'JSX.IntrinsicElements'.
src/icons/Fonts/fira-code/FiraCodeLight.tsx(129,1): error TS2339: Property 'glyph' does not exist on type 'JSX.IntrinsicElements'.
src/icons/Fonts/fira-code/FiraCodeLight.tsx(131,1): error TS2339: Property 'glyph' does not exist on type 'JSX.IntrinsicElements'.
src/icons/Fonts/fira-code/FiraCodeLight.tsx(132,1): error TS2339: Property 'glyph' does not exist on type 'JSX.IntrinsicElements'.
src/icons/Fonts/fira-code/FiraCodeLight.tsx(134,1): error TS2339: Property 'glyph' does not exist on type 'JSX.IntrinsicElements'.
src/icons/Fonts/fira-code/FiraCodeLight.tsx(135,1): error TS2339: Property 'glyph' does not exist on type 'JSX.IntrinsicElements'.
src/icons/Fonts/fira-code/FiraCodeLight.tsx(136,1): error TS2339: Property 'glyph' does not exist on type 'JSX.IntrinsicElements'.
src/icons/Fonts/fira-code/FiraCodeLight.tsx(137,1): error TS2339: Property 'glyph' does not exist on type 'JSX.IntrinsicElements'.
src/icons/Fonts/fira-code/FiraCodeLight.tsx(138,1): error TS2339: Property 'glyph' does not exist on type 'JSX.IntrinsicElements'.
src/icons/Fonts/fira-code/FiraCodeLight.tsx(139,1): error TS2339: Property 'glyph' does not exist on type 'JSX.IntrinsicElements'.
src/icons/Fonts/fira-code/FiraCodeLight.tsx(140,1): error TS2339: Property 'glyph' does not exist on type 'JSX.IntrinsicElements'.
src/icons/Fonts/fira-code/FiraCodeLight.tsx(141,1): error TS2339: Property 'glyph' does not exist on type 'JSX.IntrinsicElements'.
src/icons/Fonts/fira-code/FiraCodeLight.tsx(143,1): error TS2339: Property 'glyph' does not exist on type 'JSX.IntrinsicElements'.
src/icons/Fonts/fira-code/FiraCodeLight.tsx(144,1): error TS2339: Property 'glyph' does not exist on type 'JSX.IntrinsicElements'.
src/icons/Fonts/fira-code/FiraCodeLight.tsx(146,1): error TS2339: Property 'glyph' does not exist on type 'JSX.IntrinsicElements'.
src/icons/Fonts/fira-code/FiraCodeLight.tsx(148,1): error TS2339: Property 'glyph' does not exist on type 'JSX.IntrinsicElements'.
src/icons/Fonts/fira-code/FiraCodeLight.tsx(149,1): error TS2339: Property 'glyph' does not exist on type 'JSX.IntrinsicElements'.
src/icons/Fonts/fira-code/FiraCodeLight.tsx(150,1): error TS2339: Property 'glyph' does not exist on type 'JSX.IntrinsicElements'.
src/icons/Fonts/fira-code/FiraCodeLight.tsx(152,1): error TS2339: Property 'glyph' does not exist on type 'JSX.IntrinsicElements'.
src/icons/Fonts/fira-code/FiraCodeLight.tsx(154,1): error TS2339: Property 'glyph' does not exist on type 'JSX.IntrinsicElements'.
src/icons/Fonts/fira-code/FiraCodeLight.tsx(156,1): error TS2339: Property 'glyph' does not exist on type 'JSX.IntrinsicElements'.
src/icons/Fonts/fira-code/FiraCodeLight.tsx(157,1): error TS2339: Property 'glyph' does not exist on type 'JSX.IntrinsicElements'.
src/icons/Fonts/fira-code/FiraCodeLight.tsx(158,1): error TS2339: Property 'glyph' does not exist on type 'JSX.IntrinsicElements'.
src/icons/Fonts/fira-code/FiraCodeLight.tsx(161,1): error TS2339: Property 'glyph' does not exist on type 'JSX.IntrinsicElements'.
src/icons/Fonts/fira-code/FiraCodeLight.tsx(163,1): error TS2339: Property 'glyph' does not exist on type 'JSX.IntrinsicElements'.
src/icons/Fonts/fira-code/FiraCodeLight.tsx(166,1): error TS2339: Property 'glyph' does not exist on type 'JSX.IntrinsicElements'.
src/icons/Fonts/fira-code/FiraCodeLight.tsx(168,1): error TS2339: Property 'glyph' does not exist on type 'JSX.IntrinsicElements'.
src/icons/Fonts/fira-code/FiraCodeLight.tsx(169,1): error TS2339: Property 'glyph' does not exist on type 'JSX.IntrinsicElements'.
src/icons/Fonts/fira-code/FiraCodeLight.tsx(170,1): error TS2339: Property 'glyph' does not exist on type 'JSX.IntrinsicElements'.
src/icons/Fonts/fira-code/FiraCodeLight.tsx(171,1): error TS2339: Property 'glyph' does not exist on type 'JSX.IntrinsicElements'.
src/icons/Fonts/fira-code/FiraCodeLight.tsx(174,1): error TS2339: Property 'glyph' does not exist on type 'JSX.IntrinsicElements'.
src/icons/Fonts/fira-code/FiraCodeLight.tsx(175,1): error TS2339: Property 'glyph' does not exist on type 'JSX.IntrinsicElements'.
src/icons/Fonts/fira-code/FiraCodeLight.tsx(177,1): error TS2339: Property 'glyph' does not exist on type 'JSX.IntrinsicElements'.
src/icons/Fonts/fira-code/FiraCodeLight.tsx(178,1): error TS2339: Property 'glyph' does not exist on type 'JSX.IntrinsicElements'.
src/icons/Fonts/fira-code/FiraCodeLight.tsx(179,1): error TS2339: Property 'glyph' does not exist on type 'JSX.IntrinsicElements'.
src/icons/Fonts/fira-code/FiraCodeLight.tsx(181,1): error TS2339: Property 'glyph' does not exist on type 'JSX.IntrinsicElements'.
src/icons/Fonts/fira-code/FiraCodeLight.tsx(182,1): error TS2339: Property 'glyph' does not exist on type 'JSX.IntrinsicElements'.
src/icons/Fonts/fira-code/FiraCodeLight.tsx(184,1): error TS2339: Property 'glyph' does not exist on type 'JSX.IntrinsicElements'.
src/icons/Fonts/fira-code/FiraCodeLight.tsx(185,1): error TS2339: Property 'glyph' does not exist on type 'JSX.IntrinsicElements'.
src/icons/Fonts/fira-code/FiraCodeLight.tsx(186,1): error TS2339: Property 'glyph' does not exist on type 'JSX.IntrinsicElements'.
src/icons/Fonts/fira-code/FiraCodeLight.tsx(188,1): error TS2339: Property 'glyph' does not exist on type 'JSX.IntrinsicElements'.
src/icons/Fonts/fira-code/FiraCodeLight.tsx(189,1): error TS2339: Property 'glyph' does not exist on type 'JSX.IntrinsicElements'.
src/icons/Fonts/fira-code/FiraCodeLight.tsx(191,1): error TS2339: Property 'glyph' does not exist on type 'JSX.IntrinsicElements'.
src/icons/Fonts/fira-code/FiraCodeLight.tsx(192,1): error TS2339: Property 'glyph' does not exist on type 'JSX.IntrinsicElements'.
src/icons/Fonts/fira-code/FiraCodeLight.tsx(193,1): error TS2339: Property 'glyph' does not exist on type 'JSX.IntrinsicElements'.
src/icons/Fonts/fira-code/FiraCodeLight.tsx(195,1): error TS2339: Property 'glyph' does not exist on type 'JSX.IntrinsicElements'.
src/icons/Fonts/fira-code/FiraCodeLight.tsx(198,1): error TS2339: Property 'glyph' does not exist on type 'JSX.IntrinsicElements'.
src/icons/Fonts/fira-code/FiraCodeLight.tsx(200,1): error TS2339: Property 'glyph' does not exist on type 'JSX.IntrinsicElements'.
src/icons/Fonts/fira-code/FiraCodeLight.tsx(201,1): error TS2339: Property 'glyph' does not exist on type 'JSX.IntrinsicElements'.
src/icons/Fonts/fira-code/FiraCodeLight.tsx(202,1): error TS2339: Property 'glyph' does not exist on type 'JSX.IntrinsicElements'.
src/icons/Fonts/fira-code/FiraCodeLight.tsx(203,1): error TS2339: Property 'glyph' does not exist on type 'JSX.IntrinsicElements'.
src/icons/Fonts/fira-code/FiraCodeLight.tsx(205,1): error TS2339: Property 'glyph' does not exist on type 'JSX.IntrinsicElements'.
src/icons/Fonts/fira-code/FiraCodeLight.tsx(207,1): error TS2339: Property 'glyph' does not exist on type 'JSX.IntrinsicElements'.
src/icons/Fonts/fira-code/FiraCodeLight.tsx(209,1): error TS2339: Property 'glyph' does not exist on type 'JSX.IntrinsicElements'.
src/icons/Fonts/fira-code/FiraCodeLight.tsx(210,1): error TS2339: Property 'glyph' does not exist on type 'JSX.IntrinsicElements'.
src/icons/Fonts/fira-code/FiraCodeLight.tsx(213,1): error TS2339: Property 'glyph' does not exist on type 'JSX.IntrinsicElements'.
src/icons/Fonts/fira-code/FiraCodeLight.tsx(214,1): error TS2339: Property 'glyph' does not exist on type 'JSX.IntrinsicElements'.
src/icons/Fonts/fira-code/FiraCodeLight.tsx(215,1): error TS2339: Property 'glyph' does not exist on type 'JSX.IntrinsicElements'.
src/icons/Fonts/fira-code/FiraCodeLight.tsx(216,1): error TS2339: Property 'glyph' does not exist on type 'JSX.IntrinsicElements'.
src/icons/Fonts/fira-code/FiraCodeLight.tsx(218,1): error TS2339: Property 'glyph' does not exist on type 'JSX.IntrinsicElements'.
src/icons/Fonts/fira-code/FiraCodeLight.tsx(219,1): error TS2339: Property 'glyph' does not exist on type 'JSX.IntrinsicElements'.
src/icons/Fonts/fira-code/FiraCodeLight.tsx(220,1): error TS2339: Property 'glyph' does not exist on type 'JSX.IntrinsicElements'.
src/icons/Fonts/fira-code/FiraCodeLight.tsx(221,1): error TS2339: Property 'glyph' does not exist on type 'JSX.IntrinsicElements'.
src/icons/Fonts/fira-code/FiraCodeLight.tsx(223,1): error TS2339: Property 'glyph' does not exist on type 'JSX.IntrinsicElements'.
src/icons/Fonts/fira-code/FiraCodeLight.tsx(225,1): error TS2339: Property 'glyph' does not exist on type 'JSX.IntrinsicElements'.
src/icons/Fonts/fira-code/FiraCodeLight.tsx(227,1): error TS2339: Property 'glyph' does not exist on type 'JSX.IntrinsicElements'.
src/icons/Fonts/fira-code/FiraCodeLight.tsx(229,1): error TS2339: Property 'glyph' does not exist on type 'JSX.IntrinsicElements'.
src/icons/Fonts/fira-code/FiraCodeLight.tsx(231,1): error TS2339: Property 'glyph' does not exist on type 'JSX.IntrinsicElements'.
src/icons/Fonts/fira-code/FiraCodeLight.tsx(233,1): error TS2339: Property 'glyph' does not exist on type 'JSX.IntrinsicElements'.
src/icons/Fonts/fira-code/FiraCodeLight.tsx(236,1): error TS2339: Property 'glyph' does not exist on type 'JSX.IntrinsicElements'.
src/icons/Fonts/fira-code/FiraCodeLight.tsx(239,1): error TS2339: Property 'glyph' does not exist on type 'JSX.IntrinsicElements'.
src/icons/Fonts/fira-code/FiraCodeLight.tsx(240,1): error TS2339: Property 'glyph' does not exist on type 'JSX.IntrinsicElements'.
src/icons/Fonts/fira-code/FiraCodeLight.tsx(242,1): error TS2339: Property 'glyph' does not exist on type 'JSX.IntrinsicElements'.
src/icons/Fonts/fira-code/FiraCodeLight.tsx(243,1): error TS2339: Property 'glyph' does not exist on type 'JSX.IntrinsicElements'.
src/icons/Fonts/fira-code/FiraCodeLight.tsx(244,1): error TS2339: Property 'glyph' does not exist on type 'JSX.IntrinsicElements'.
src/icons/Fonts/fira-code/FiraCodeLight.tsx(246,1): error TS2339: Property 'glyph' does not exist on type 'JSX.IntrinsicElements'.
src/icons/Fonts/fira-code/FiraCodeLight.tsx(248,1): error TS2339: Property 'glyph' does not exist on type 'JSX.IntrinsicElements'.
src/icons/Fonts/fira-code/FiraCodeLight.tsx(249,1): error TS2339: Property 'glyph' does not exist on type 'JSX.IntrinsicElements'.
src/icons/Fonts/fira-code/FiraCodeLight.tsx(250,1): error TS2339: Property 'glyph' does not exist on type 'JSX.IntrinsicElements'.
src/icons/Fonts/fira-code/FiraCodeLight.tsx(253,1): error TS2339: Property 'glyph' does not exist on type 'JSX.IntrinsicElements'.
src/icons/Fonts/fira-code/FiraCodeLight.tsx(255,1): error TS2339: Property 'glyph' does not exist on type 'JSX.IntrinsicElements'.
src/icons/Fonts/fira-code/FiraCodeLight.tsx(257,1): error TS2339: Property 'glyph' does not exist on type 'JSX.IntrinsicElements'.
src/icons/Fonts/fira-code/FiraCodeLight.tsx(259,1): error TS2339: Property 'glyph' does not exist on type 'JSX.IntrinsicElements'.
src/icons/Fonts/fira-code/FiraCodeLight.tsx(262,1): error TS2339: Property 'glyph' does not exist on type 'JSX.IntrinsicElements'.
src/icons/Fonts/fira-code/FiraCodeLight.tsx(265,1): error TS2339: Property 'glyph' does not exist on type 'JSX.IntrinsicElements'.
src/icons/Fonts/fira-code/FiraCodeLight.tsx(268,1): error TS2339: Property 'glyph' does not exist on type 'JSX.IntrinsicElements'.
src/icons/Fonts/fira-code/FiraCodeLight.tsx(271,1): error TS2339: Property 'glyph' does not exist on type 'JSX.IntrinsicElements'.
src/icons/Fonts/fira-code/FiraCodeLight.tsx(274,1): error TS2339: Property 'glyph' does not exist on type 'JSX.IntrinsicElements'.
src/icons/Fonts/fira-code/FiraCodeLight.tsx(276,1): error TS2339: Property 'glyph' does not exist on type 'JSX.IntrinsicElements'.
src/icons/Fonts/fira-code/FiraCodeLight.tsx(278,1): error TS2339: Property 'glyph' does not exist on type 'JSX.IntrinsicElements'.
src/icons/Fonts/fira-code/FiraCodeLight.tsx(280,1): error TS2339: Property 'glyph' does not exist on type 'JSX.IntrinsicElements'.
src/icons/Fonts/fira-code/FiraCodeLight.tsx(283,1): error TS2339: Property 'glyph' does not exist on type 'JSX.IntrinsicElements'.
src/icons/Fonts/fira-code/FiraCodeLight.tsx(284,1): error TS2339: Property 'glyph' does not exist on type 'JSX.IntrinsicElements'.
src/icons/Fonts/fira-code/FiraCodeLight.tsx(285,1): error TS2339: Property 'glyph' does not exist on type 'JSX.IntrinsicElements'.
src/icons/Fonts/fira-code/FiraCodeLight.tsx(286,1): error TS2339: Property 'glyph' does not exist on type 'JSX.IntrinsicElements'.
src/icons/Fonts/fira-code/FiraCodeLight.tsx(288,1): error TS2339: Property 'glyph' does not exist on type 'JSX.IntrinsicElements'.
src/icons/Fonts/fira-code/FiraCodeLight.tsx(291,1): error TS2339: Property 'glyph' does not exist on type 'JSX.IntrinsicElements'.
src/icons/Fonts/fira-code/FiraCodeLight.tsx(293,1): error TS2339: Property 'glyph' does not exist on type 'JSX.IntrinsicElements'.
src/icons/Fonts/fira-code/FiraCodeLight.tsx(295,1): error TS2339: Property 'glyph' does not exist on type 'JSX.IntrinsicElements'.
src/icons/Fonts/fira-code/FiraCodeLight.tsx(297,1): error TS2339: Property 'glyph' does not exist on type 'JSX.IntrinsicElements'.
src/icons/Fonts/fira-code/FiraCodeLight.tsx(299,1): error TS2339: Property 'glyph' does not exist on type 'JSX.IntrinsicElements'.
src/icons/Fonts/fira-code/FiraCodeLight.tsx(302,1): error TS2339: Property 'glyph' does not exist on type 'JSX.IntrinsicElements'.
src/icons/Fonts/fira-code/FiraCodeLight.tsx(305,1): error TS2339: Property 'glyph' does not exist on type 'JSX.IntrinsicElements'.
src/icons/Fonts/fira-code/FiraCodeLight.tsx(307,1): error TS2339: Property 'glyph' does not exist on type 'JSX.IntrinsicElements'.
src/icons/Fonts/fira-code/FiraCodeLight.tsx(309,1): error TS2339: Property 'glyph' does not exist on type 'JSX.IntrinsicElements'.
src/icons/Fonts/fira-code/FiraCodeLight.tsx(310,1): error TS2339: Property 'glyph' does not exist on type 'JSX.IntrinsicElements'.
src/icons/Fonts/fira-code/FiraCodeLight.tsx(311,1): error TS2339: Property 'glyph' does not exist on type 'JSX.IntrinsicElements'.
src/icons/Fonts/fira-code/FiraCodeLight.tsx(312,1): error TS2339: Property 'glyph' does not exist on type 'JSX.IntrinsicElements'.
src/icons/Fonts/fira-code/FiraCodeLight.tsx(314,1): error TS2339: Property 'glyph' does not exist on type 'JSX.IntrinsicElements'.
src/icons/Fonts/fira-code/FiraCodeLight.tsx(315,1): error TS2339: Property 'glyph' does not exist on type 'JSX.IntrinsicElements'.
src/icons/Fonts/fira-code/FiraCodeLight.tsx(317,1): error TS2339: Property 'glyph' does not exist on type 'JSX.IntrinsicElements'.
src/icons/Fonts/fira-code/FiraCodeLight.tsx(319,1): error TS2339: Property 'glyph' does not exist on type 'JSX.IntrinsicElements'.
src/icons/Fonts/fira-code/FiraCodeLight.tsx(320,1): error TS2339: Property 'glyph' does not exist on type 'JSX.IntrinsicElements'.
src/icons/Fonts/fira-code/FiraCodeLight.tsx(321,1): error TS2339: Property 'glyph' does not exist on type 'JSX.IntrinsicElements'.
src/icons/Fonts/fira-code/FiraCodeLight.tsx(322,1): error TS2339: Property 'glyph' does not exist on type 'JSX.IntrinsicElements'.
src/icons/Fonts/fira-code/FiraCodeLight.tsx(323,1): error TS2339: Property 'glyph' does not exist on type 'JSX.IntrinsicElements'.
src/icons/Fonts/fira-code/FiraCodeLight.tsx(324,1): error TS2339: Property 'glyph' does not exist on type 'JSX.IntrinsicElements'.
src/icons/Fonts/fira-code/FiraCodeLight.tsx(326,1): error TS2339: Property 'glyph' does not exist on type 'JSX.IntrinsicElements'.
src/icons/Fonts/fira-code/FiraCodeLight.tsx(328,1): error TS2339: Property 'glyph' does not exist on type 'JSX.IntrinsicElements'.
src/icons/Fonts/fira-code/FiraCodeLight.tsx(330,1): error TS2339: Property 'glyph' does not exist on type 'JSX.IntrinsicElements'.
src/icons/Fonts/fira-code/FiraCodeLight.tsx(331,1): error TS2339: Property 'glyph' does not exist on type 'JSX.IntrinsicElements'.
src/icons/Fonts/fira-code/FiraCodeLight.tsx(332,1): error TS2339: Property 'glyph' does not exist on type 'JSX.IntrinsicElements'.
src/icons/Fonts/fira-code/FiraCodeLight.tsx(333,1): error TS2339: Property 'font' does not exist on type 'JSX.IntrinsicElements'.
src/icons/Fonts/fira-code/FiraCodeMedium.tsx(6,1): error TS2339: Property 'font' does not exist on type 'JSX.IntrinsicElements'.
src/icons/Fonts/fira-code/FiraCodeMedium.tsx(6,41): error TS2339: Property 'font-face' does not exist on type 'JSX.IntrinsicElements'.
src/icons/Fonts/fira-code/FiraCodeMedium.tsx(13,1): error TS2339: Property 'glyph' does not exist on type 'JSX.IntrinsicElements'.
src/icons/Fonts/fira-code/FiraCodeMedium.tsx(14,1): error TS2339: Property 'glyph' does not exist on type 'JSX.IntrinsicElements'.
src/icons/Fonts/fira-code/FiraCodeMedium.tsx(15,1): error TS2339: Property 'glyph' does not exist on type 'JSX.IntrinsicElements'.
src/icons/Fonts/fira-code/FiraCodeMedium.tsx(16,1): error TS2339: Property 'glyph' does not exist on type 'JSX.IntrinsicElements'.
src/icons/Fonts/fira-code/FiraCodeMedium.tsx(17,1): error TS2339: Property 'glyph' does not exist on type 'JSX.IntrinsicElements'.
src/icons/Fonts/fira-code/FiraCodeMedium.tsx(19,1): error TS2339: Property 'glyph' does not exist on type 'JSX.IntrinsicElements'.
src/icons/Fonts/fira-code/FiraCodeMedium.tsx(22,1): error TS2339: Property 'glyph' does not exist on type 'JSX.IntrinsicElements'.
src/icons/Fonts/fira-code/FiraCodeMedium.tsx(24,1): error TS2339: Property 'glyph' does not exist on type 'JSX.IntrinsicElements'.
src/icons/Fonts/fira-code/FiraCodeMedium.tsx(25,1): error TS2339: Property 'glyph' does not exist on type 'JSX.IntrinsicElements'.
src/icons/Fonts/fira-code/FiraCodeMedium.tsx(26,1): error TS2339: Property 'glyph' does not exist on type 'JSX.IntrinsicElements'.
src/icons/Fonts/fira-code/FiraCodeMedium.tsx(27,1): error TS2339: Property 'glyph' does not exist on type 'JSX.IntrinsicElements'.
src/icons/Fonts/fira-code/FiraCodeMedium.tsx(28,1): error TS2339: Property 'glyph' does not exist on type 'JSX.IntrinsicElements'.
src/icons/Fonts/fira-code/FiraCodeMedium.tsx(29,1): error TS2339: Property 'glyph' does not exist on type 'JSX.IntrinsicElements'.
src/icons/Fonts/fira-code/FiraCodeMedium.tsx(30,1): error TS2339: Property 'glyph' does not exist on type 'JSX.IntrinsicElements'.
src/icons/Fonts/fira-code/FiraCodeMedium.tsx(31,1): error TS2339: Property 'glyph' does not exist on type 'JSX.IntrinsicElements'.
src/icons/Fonts/fira-code/FiraCodeMedium.tsx(32,1): error TS2339: Property 'glyph' does not exist on type 'JSX.IntrinsicElements'.
src/icons/Fonts/fira-code/FiraCodeMedium.tsx(33,1): error TS2339: Property 'glyph' does not exist on type 'JSX.IntrinsicElements'.
src/icons/Fonts/fira-code/FiraCodeMedium.tsx(35,1): error TS2339: Property 'glyph' does not exist on type 'JSX.IntrinsicElements'.
src/icons/Fonts/fira-code/FiraCodeMedium.tsx(36,1): error TS2339: Property 'glyph' does not exist on type 'JSX.IntrinsicElements'.
src/icons/Fonts/fira-code/FiraCodeMedium.tsx(38,1): error TS2339: Property 'glyph' does not exist on type 'JSX.IntrinsicElements'.
src/icons/Fonts/fira-code/FiraCodeMedium.tsx(40,1): error TS2339: Property 'glyph' does not exist on type 'JSX.IntrinsicElements'.
src/icons/Fonts/fira-code/FiraCodeMedium.tsx(41,1): error TS2339: Property 'glyph' does not exist on type 'JSX.IntrinsicElements'.
src/icons/Fonts/fira-code/FiraCodeMedium.tsx(43,1): error TS2339: Property 'glyph' does not exist on type 'JSX.IntrinsicElements'.
src/icons/Fonts/fira-code/FiraCodeMedium.tsx(45,1): error TS2339: Property 'glyph' does not exist on type 'JSX.IntrinsicElements'.
src/icons/Fonts/fira-code/FiraCodeMedium.tsx(46,1): error TS2339: Property 'glyph' does not exist on type 'JSX.IntrinsicElements'.
src/icons/Fonts/fira-code/FiraCodeMedium.tsx(49,1): error TS2339: Property 'glyph' does not exist on type 'JSX.IntrinsicElements'.
src/icons/Fonts/fira-code/FiraCodeMedium.tsx(51,1): error TS2339: Property 'glyph' does not exist on type 'JSX.IntrinsicElements'.
src/icons/Fonts/fira-code/FiraCodeMedium.tsx(53,1): error TS2339: Property 'glyph' does not exist on type 'JSX.IntrinsicElements'.
src/icons/Fonts/fira-code/FiraCodeMedium.tsx(55,1): error TS2339: Property 'glyph' does not exist on type 'JSX.IntrinsicElements'.
src/icons/Fonts/fira-code/FiraCodeMedium.tsx(56,1): error TS2339: Property 'glyph' does not exist on type 'JSX.IntrinsicElements'.
src/icons/Fonts/fira-code/FiraCodeMedium.tsx(57,1): error TS2339: Property 'glyph' does not exist on type 'JSX.IntrinsicElements'.
src/icons/Fonts/fira-code/FiraCodeMedium.tsx(58,1): error TS2339: Property 'glyph' does not exist on type 'JSX.IntrinsicElements'.
src/icons/Fonts/fira-code/FiraCodeMedium.tsx(60,1): error TS2339: Property 'glyph' does not exist on type 'JSX.IntrinsicElements'.
src/icons/Fonts/fira-code/FiraCodeMedium.tsx(63,1): error TS2339: Property 'glyph' does not exist on type 'JSX.IntrinsicElements'.
src/icons/Fonts/fira-code/FiraCodeMedium.tsx(64,1): error TS2339: Property 'glyph' does not exist on type 'JSX.IntrinsicElements'.
src/icons/Fonts/fira-code/FiraCodeMedium.tsx(66,1): error TS2339: Property 'glyph' does not exist on type 'JSX.IntrinsicElements'.
src/icons/Fonts/fira-code/FiraCodeMedium.tsx(68,1): error TS2339: Property 'glyph' does not exist on type 'JSX.IntrinsicElements'.
src/icons/Fonts/fira-code/FiraCodeMedium.tsx(70,1): error TS2339: Property 'glyph' does not exist on type 'JSX.IntrinsicElements'.
src/icons/Fonts/fira-code/FiraCodeMedium.tsx(71,1): error TS2339: Property 'glyph' does not exist on type 'JSX.IntrinsicElements'.
src/icons/Fonts/fira-code/FiraCodeMedium.tsx(72,1): error TS2339: Property 'glyph' does not exist on type 'JSX.IntrinsicElements'.
src/icons/Fonts/fira-code/FiraCodeMedium.tsx(74,1): error TS2339: Property 'glyph' does not exist on type 'JSX.IntrinsicElements'.
src/icons/Fonts/fira-code/FiraCodeMedium.tsx(75,1): error TS2339: Property 'glyph' does not exist on type 'JSX.IntrinsicElements'.
src/icons/Fonts/fira-code/FiraCodeMedium.tsx(76,1): error TS2339: Property 'glyph' does not exist on type 'JSX.IntrinsicElements'.
src/icons/Fonts/fira-code/FiraCodeMedium.tsx(77,1): error TS2339: Property 'glyph' does not exist on type 'JSX.IntrinsicElements'.
src/icons/Fonts/fira-code/FiraCodeMedium.tsx(78,1): error TS2339: Property 'glyph' does not exist on type 'JSX.IntrinsicElements'.
src/icons/Fonts/fira-code/FiraCodeMedium.tsx(79,1): error TS2339: Property 'glyph' does not exist on type 'JSX.IntrinsicElements'.
src/icons/Fonts/fira-code/FiraCodeMedium.tsx(80,1): error TS2339: Property 'glyph' does not exist on type 'JSX.IntrinsicElements'.
src/icons/Fonts/fira-code/FiraCodeMedium.tsx(81,1): error TS2339: Property 'glyph' does not exist on type 'JSX.IntrinsicElements'.
src/icons/Fonts/fira-code/FiraCodeMedium.tsx(83,1): error TS2339: Property 'glyph' does not exist on type 'JSX.IntrinsicElements'.
src/icons/Fonts/fira-code/FiraCodeMedium.tsx(84,1): error TS2339: Property 'glyph' does not exist on type 'JSX.IntrinsicElements'.
src/icons/Fonts/fira-code/FiraCodeMedium.tsx(86,1): error TS2339: Property 'glyph' does not exist on type 'JSX.IntrinsicElements'.
src/icons/Fonts/fira-code/FiraCodeMedium.tsx(87,1): error TS2339: Property 'glyph' does not exist on type 'JSX.IntrinsicElements'.
src/icons/Fonts/fira-code/FiraCodeMedium.tsx(89,1): error TS2339: Property 'glyph' does not exist on type 'JSX.IntrinsicElements'.
src/icons/Fonts/fira-code/FiraCodeMedium.tsx(90,1): error TS2339: Property 'glyph' does not exist on type 'JSX.IntrinsicElements'.
src/icons/Fonts/fira-code/FiraCodeMedium.tsx(91,1): error TS2339: Property 'glyph' does not exist on type 'JSX.IntrinsicElements'.
src/icons/Fonts/fira-code/FiraCodeMedium.tsx(92,1): error TS2339: Property 'glyph' does not exist on type 'JSX.IntrinsicElements'.
src/icons/Fonts/fira-code/FiraCodeMedium.tsx(93,1): error TS2339: Property 'glyph' does not exist on type 'JSX.IntrinsicElements'.
src/icons/Fonts/fira-code/FiraCodeMedium.tsx(94,1): error TS2339: Property 'glyph' does not exist on type 'JSX.IntrinsicElements'.
src/icons/Fonts/fira-code/FiraCodeMedium.tsx(95,1): error TS2339: Property 'glyph' does not exist on type 'JSX.IntrinsicElements'.
src/icons/Fonts/fira-code/FiraCodeMedium.tsx(96,1): error TS2339: Property 'glyph' does not exist on type 'JSX.IntrinsicElements'.
src/icons/Fonts/fira-code/FiraCodeMedium.tsx(97,1): error TS2339: Property 'glyph' does not exist on type 'JSX.IntrinsicElements'.
src/icons/Fonts/fira-code/FiraCodeMedium.tsx(98,1): error TS2339: Property 'glyph' does not exist on type 'JSX.IntrinsicElements'.
src/icons/Fonts/fira-code/FiraCodeMedium.tsx(99,1): error TS2339: Property 'glyph' does not exist on type 'JSX.IntrinsicElements'.
src/icons/Fonts/fira-code/FiraCodeMedium.tsx(100,1): error TS2339: Property 'glyph' does not exist on type 'JSX.IntrinsicElements'.
src/icons/Fonts/fira-code/FiraCodeMedium.tsx(101,1): error TS2339: Property 'glyph' does not exist on type 'JSX.IntrinsicElements'.
src/icons/Fonts/fira-code/FiraCodeMedium.tsx(102,1): error TS2339: Property 'glyph' does not exist on type 'JSX.IntrinsicElements'.
src/icons/Fonts/fira-code/FiraCodeMedium.tsx(104,1): error TS2339: Property 'glyph' does not exist on type 'JSX.IntrinsicElements'.
src/icons/Fonts/fira-code/FiraCodeMedium.tsx(106,1): error TS2339: Property 'glyph' does not exist on type 'JSX.IntrinsicElements'.
src/icons/Fonts/fira-code/FiraCodeMedium.tsx(108,1): error TS2339: Property 'glyph' does not exist on type 'JSX.IntrinsicElements'.
src/icons/Fonts/fira-code/FiraCodeMedium.tsx(110,1): error TS2339: Property 'glyph' does not exist on type 'JSX.IntrinsicElements'.
src/icons/Fonts/fira-code/FiraCodeMedium.tsx(112,1): error TS2339: Property 'glyph' does not exist on type 'JSX.IntrinsicElements'.
src/icons/Fonts/fira-code/FiraCodeMedium.tsx(113,1): error TS2339: Property 'glyph' does not exist on type 'JSX.IntrinsicElements'.
src/icons/Fonts/fira-code/FiraCodeMedium.tsx(116,1): error TS2339: Property 'glyph' does not exist on type 'JSX.IntrinsicElements'.
src/icons/Fonts/fira-code/FiraCodeMedium.tsx(117,1): error TS2339: Property 'glyph' does not exist on type 'JSX.IntrinsicElements'.
src/icons/Fonts/fira-code/FiraCodeMedium.tsx(118,1): error TS2339: Property 'glyph' does not exist on type 'JSX.IntrinsicElements'.
src/icons/Fonts/fira-code/FiraCodeMedium.tsx(120,1): error TS2339: Property 'glyph' does not exist on type 'JSX.IntrinsicElements'.
src/icons/Fonts/fira-code/FiraCodeMedium.tsx(121,1): error TS2339: Property 'glyph' does not exist on type 'JSX.IntrinsicElements'.
src/icons/Fonts/fira-code/FiraCodeMedium.tsx(122,1): error TS2339: Property 'glyph' does not exist on type 'JSX.IntrinsicElements'.
src/icons/Fonts/fira-code/FiraCodeMedium.tsx(124,1): error TS2339: Property 'glyph' does not exist on type 'JSX.IntrinsicElements'.
src/icons/Fonts/fira-code/FiraCodeMedium.tsx(125,1): error TS2339: Property 'glyph' does not exist on type 'JSX.IntrinsicElements'.
src/icons/Fonts/fira-code/FiraCodeMedium.tsx(127,1): error TS2339: Property 'glyph' does not exist on type 'JSX.IntrinsicElements'.
src/icons/Fonts/fira-code/FiraCodeMedium.tsx(129,1): error TS2339: Property 'glyph' does not exist on type 'JSX.IntrinsicElements'.
src/icons/Fonts/fira-code/FiraCodeMedium.tsx(131,1): error TS2339: Property 'glyph' does not exist on type 'JSX.IntrinsicElements'.
src/icons/Fonts/fira-code/FiraCodeMedium.tsx(132,1): error TS2339: Property 'glyph' does not exist on type 'JSX.IntrinsicElements'.
src/icons/Fonts/fira-code/FiraCodeMedium.tsx(134,1): error TS2339: Property 'glyph' does not exist on type 'JSX.IntrinsicElements'.
src/icons/Fonts/fira-code/FiraCodeMedium.tsx(135,1): error TS2339: Property 'glyph' does not exist on type 'JSX.IntrinsicElements'.
src/icons/Fonts/fira-code/FiraCodeMedium.tsx(136,1): error TS2339: Property 'glyph' does not exist on type 'JSX.IntrinsicElements'.
src/icons/Fonts/fira-code/FiraCodeMedium.tsx(137,1): error TS2339: Property 'glyph' does not exist on type 'JSX.IntrinsicElements'.
src/icons/Fonts/fira-code/FiraCodeMedium.tsx(138,1): error TS2339: Property 'glyph' does not exist on type 'JSX.IntrinsicElements'.
src/icons/Fonts/fira-code/FiraCodeMedium.tsx(139,1): error TS2339: Property 'glyph' does not exist on type 'JSX.IntrinsicElements'.
src/icons/Fonts/fira-code/FiraCodeMedium.tsx(140,1): error TS2339: Property 'glyph' does not exist on type 'JSX.IntrinsicElements'.
src/icons/Fonts/fira-code/FiraCodeMedium.tsx(141,1): error TS2339: Property 'glyph' does not exist on type 'JSX.IntrinsicElements'.
src/icons/Fonts/fira-code/FiraCodeMedium.tsx(143,1): error TS2339: Property 'glyph' does not exist on type 'JSX.IntrinsicElements'.
src/icons/Fonts/fira-code/FiraCodeMedium.tsx(144,1): error TS2339: Property 'glyph' does not exist on type 'JSX.IntrinsicElements'.
src/icons/Fonts/fira-code/FiraCodeMedium.tsx(146,1): error TS2339: Property 'glyph' does not exist on type 'JSX.IntrinsicElements'.
src/icons/Fonts/fira-code/FiraCodeMedium.tsx(148,1): error TS2339: Property 'glyph' does not exist on type 'JSX.IntrinsicElements'.
src/icons/Fonts/fira-code/FiraCodeMedium.tsx(149,1): error TS2339: Property 'glyph' does not exist on type 'JSX.IntrinsicElements'.
src/icons/Fonts/fira-code/FiraCodeMedium.tsx(150,1): error TS2339: Property 'glyph' does not exist on type 'JSX.IntrinsicElements'.
src/icons/Fonts/fira-code/FiraCodeMedium.tsx(152,1): error TS2339: Property 'glyph' does not exist on type 'JSX.IntrinsicElements'.
src/icons/Fonts/fira-code/FiraCodeMedium.tsx(154,1): error TS2339: Property 'glyph' does not exist on type 'JSX.IntrinsicElements'.
src/icons/Fonts/fira-code/FiraCodeMedium.tsx(156,1): error TS2339: Property 'glyph' does not exist on type 'JSX.IntrinsicElements'.
src/icons/Fonts/fira-code/FiraCodeMedium.tsx(157,1): error TS2339: Property 'glyph' does not exist on type 'JSX.IntrinsicElements'.
src/icons/Fonts/fira-code/FiraCodeMedium.tsx(158,1): error TS2339: Property 'glyph' does not exist on type 'JSX.IntrinsicElements'.
src/icons/Fonts/fira-code/FiraCodeMedium.tsx(161,1): error TS2339: Property 'glyph' does not exist on type 'JSX.IntrinsicElements'.
src/icons/Fonts/fira-code/FiraCodeMedium.tsx(163,1): error TS2339: Property 'glyph' does not exist on type 'JSX.IntrinsicElements'.
src/icons/Fonts/fira-code/FiraCodeMedium.tsx(166,1): error TS2339: Property 'glyph' does not exist on type 'JSX.IntrinsicElements'.
src/icons/Fonts/fira-code/FiraCodeMedium.tsx(168,1): error TS2339: Property 'glyph' does not exist on type 'JSX.IntrinsicElements'.
src/icons/Fonts/fira-code/FiraCodeMedium.tsx(169,1): error TS2339: Property 'glyph' does not exist on type 'JSX.IntrinsicElements'.
src/icons/Fonts/fira-code/FiraCodeMedium.tsx(170,1): error TS2339: Property 'glyph' does not exist on type 'JSX.IntrinsicElements'.
src/icons/Fonts/fira-code/FiraCodeMedium.tsx(171,1): error TS2339: Property 'glyph' does not exist on type 'JSX.IntrinsicElements'.
src/icons/Fonts/fira-code/FiraCodeMedium.tsx(174,1): error TS2339: Property 'glyph' does not exist on type 'JSX.IntrinsicElements'.
src/icons/Fonts/fira-code/FiraCodeMedium.tsx(175,1): error TS2339: Property 'glyph' does not exist on type 'JSX.IntrinsicElements'.
src/icons/Fonts/fira-code/FiraCodeMedium.tsx(177,1): error TS2339: Property 'glyph' does not exist on type 'JSX.IntrinsicElements'.
src/icons/Fonts/fira-code/FiraCodeMedium.tsx(178,1): error TS2339: Property 'glyph' does not exist on type 'JSX.IntrinsicElements'.
src/icons/Fonts/fira-code/FiraCodeMedium.tsx(179,1): error TS2339: Property 'glyph' does not exist on type 'JSX.IntrinsicElements'.
src/icons/Fonts/fira-code/FiraCodeMedium.tsx(181,1): error TS2339: Property 'glyph' does not exist on type 'JSX.IntrinsicElements'.
src/icons/Fonts/fira-code/FiraCodeMedium.tsx(182,1): error TS2339: Property 'glyph' does not exist on type 'JSX.IntrinsicElements'.
src/icons/Fonts/fira-code/FiraCodeMedium.tsx(184,1): error TS2339: Property 'glyph' does not exist on type 'JSX.IntrinsicElements'.
src/icons/Fonts/fira-code/FiraCodeMedium.tsx(185,1): error TS2339: Property 'glyph' does not exist on type 'JSX.IntrinsicElements'.
src/icons/Fonts/fira-code/FiraCodeMedium.tsx(186,1): error TS2339: Property 'glyph' does not exist on type 'JSX.IntrinsicElements'.
src/icons/Fonts/fira-code/FiraCodeMedium.tsx(188,1): error TS2339: Property 'glyph' does not exist on type 'JSX.IntrinsicElements'.
src/icons/Fonts/fira-code/FiraCodeMedium.tsx(189,1): error TS2339: Property 'glyph' does not exist on type 'JSX.IntrinsicElements'.
src/icons/Fonts/fira-code/FiraCodeMedium.tsx(191,1): error TS2339: Property 'glyph' does not exist on type 'JSX.IntrinsicElements'.
src/icons/Fonts/fira-code/FiraCodeMedium.tsx(192,1): error TS2339: Property 'glyph' does not exist on type 'JSX.IntrinsicElements'.
src/icons/Fonts/fira-code/FiraCodeMedium.tsx(193,1): error TS2339: Property 'glyph' does not exist on type 'JSX.IntrinsicElements'.
src/icons/Fonts/fira-code/FiraCodeMedium.tsx(195,1): error TS2339: Property 'glyph' does not exist on type 'JSX.IntrinsicElements'.
src/icons/Fonts/fira-code/FiraCodeMedium.tsx(198,1): error TS2339: Property 'glyph' does not exist on type 'JSX.IntrinsicElements'.
src/icons/Fonts/fira-code/FiraCodeMedium.tsx(200,1): error TS2339: Property 'glyph' does not exist on type 'JSX.IntrinsicElements'.
src/icons/Fonts/fira-code/FiraCodeMedium.tsx(201,1): error TS2339: Property 'glyph' does not exist on type 'JSX.IntrinsicElements'.
src/icons/Fonts/fira-code/FiraCodeMedium.tsx(202,1): error TS2339: Property 'glyph' does not exist on type 'JSX.IntrinsicElements'.
src/icons/Fonts/fira-code/FiraCodeMedium.tsx(203,1): error TS2339: Property 'glyph' does not exist on type 'JSX.IntrinsicElements'.
src/icons/Fonts/fira-code/FiraCodeMedium.tsx(205,1): error TS2339: Property 'glyph' does not exist on type 'JSX.IntrinsicElements'.
src/icons/Fonts/fira-code/FiraCodeMedium.tsx(207,1): error TS2339: Property 'glyph' does not exist on type 'JSX.IntrinsicElements'.
src/icons/Fonts/fira-code/FiraCodeMedium.tsx(209,1): error TS2339: Property 'glyph' does not exist on type 'JSX.IntrinsicElements'.
src/icons/Fonts/fira-code/FiraCodeMedium.tsx(210,1): error TS2339: Property 'glyph' does not exist on type 'JSX.IntrinsicElements'.
src/icons/Fonts/fira-code/FiraCodeMedium.tsx(213,1): error TS2339: Property 'glyph' does not exist on type 'JSX.IntrinsicElements'.
src/icons/Fonts/fira-code/FiraCodeMedium.tsx(214,1): error TS2339: Property 'glyph' does not exist on type 'JSX.IntrinsicElements'.
src/icons/Fonts/fira-code/FiraCodeMedium.tsx(215,1): error TS2339: Property 'glyph' does not exist on type 'JSX.IntrinsicElements'.
src/icons/Fonts/fira-code/FiraCodeMedium.tsx(216,1): error TS2339: Property 'glyph' does not exist on type 'JSX.IntrinsicElements'.
src/icons/Fonts/fira-code/FiraCodeMedium.tsx(218,1): error TS2339: Property 'glyph' does not exist on type 'JSX.IntrinsicElements'.
src/icons/Fonts/fira-code/FiraCodeMedium.tsx(219,1): error TS2339: Property 'glyph' does not exist on type 'JSX.IntrinsicElements'.
src/icons/Fonts/fira-code/FiraCodeMedium.tsx(220,1): error TS2339: Property 'glyph' does not exist on type 'JSX.IntrinsicElements'.
src/icons/Fonts/fira-code/FiraCodeMedium.tsx(221,1): error TS2339: Property 'glyph' does not exist on type 'JSX.IntrinsicElements'.
src/icons/Fonts/fira-code/FiraCodeMedium.tsx(223,1): error TS2339: Property 'glyph' does not exist on type 'JSX.IntrinsicElements'.
src/icons/Fonts/fira-code/FiraCodeMedium.tsx(225,1): error TS2339: Property 'glyph' does not exist on type 'JSX.IntrinsicElements'.
src/icons/Fonts/fira-code/FiraCodeMedium.tsx(227,1): error TS2339: Property 'glyph' does not exist on type 'JSX.IntrinsicElements'.
src/icons/Fonts/fira-code/FiraCodeMedium.tsx(229,1): error TS2339: Property 'glyph' does not exist on type 'JSX.IntrinsicElements'.
src/icons/Fonts/fira-code/FiraCodeMedium.tsx(231,1): error TS2339: Property 'glyph' does not exist on type 'JSX.IntrinsicElements'.
src/icons/Fonts/fira-code/FiraCodeMedium.tsx(233,1): error TS2339: Property 'glyph' does not exist on type 'JSX.IntrinsicElements'.
src/icons/Fonts/fira-code/FiraCodeMedium.tsx(236,1): error TS2339: Property 'glyph' does not exist on type 'JSX.IntrinsicElements'.
src/icons/Fonts/fira-code/FiraCodeMedium.tsx(239,1): error TS2339: Property 'glyph' does not exist on type 'JSX.IntrinsicElements'.
src/icons/Fonts/fira-code/FiraCodeMedium.tsx(240,1): error TS2339: Property 'glyph' does not exist on type 'JSX.IntrinsicElements'.
src/icons/Fonts/fira-code/FiraCodeMedium.tsx(242,1): error TS2339: Property 'glyph' does not exist on type 'JSX.IntrinsicElements'.
src/icons/Fonts/fira-code/FiraCodeMedium.tsx(243,1): error TS2339: Property 'glyph' does not exist on type 'JSX.IntrinsicElements'.
src/icons/Fonts/fira-code/FiraCodeMedium.tsx(244,1): error TS2339: Property 'glyph' does not exist on type 'JSX.IntrinsicElements'.
src/icons/Fonts/fira-code/FiraCodeMedium.tsx(246,1): error TS2339: Property 'glyph' does not exist on type 'JSX.IntrinsicElements'.
src/icons/Fonts/fira-code/FiraCodeMedium.tsx(248,1): error TS2339: Property 'glyph' does not exist on type 'JSX.IntrinsicElements'.
src/icons/Fonts/fira-code/FiraCodeMedium.tsx(249,1): error TS2339: Property 'glyph' does not exist on type 'JSX.IntrinsicElements'.
src/icons/Fonts/fira-code/FiraCodeMedium.tsx(250,1): error TS2339: Property 'glyph' does not exist on type 'JSX.IntrinsicElements'.
src/icons/Fonts/fira-code/FiraCodeMedium.tsx(253,1): error TS2339: Property 'glyph' does not exist on type 'JSX.IntrinsicElements'.
src/icons/Fonts/fira-code/FiraCodeMedium.tsx(255,1): error TS2339: Property 'glyph' does not exist on type 'JSX.IntrinsicElements'.
src/icons/Fonts/fira-code/FiraCodeMedium.tsx(257,1): error TS2339: Property 'glyph' does not exist on type 'JSX.IntrinsicElements'.
src/icons/Fonts/fira-code/FiraCodeMedium.tsx(259,1): error TS2339: Property 'glyph' does not exist on type 'JSX.IntrinsicElements'.
src/icons/Fonts/fira-code/FiraCodeMedium.tsx(262,1): error TS2339: Property 'glyph' does not exist on type 'JSX.IntrinsicElements'.
src/icons/Fonts/fira-code/FiraCodeMedium.tsx(265,1): error TS2339: Property 'glyph' does not exist on type 'JSX.IntrinsicElements'.
src/icons/Fonts/fira-code/FiraCodeMedium.tsx(268,1): error TS2339: Property 'glyph' does not exist on type 'JSX.IntrinsicElements'.
src/icons/Fonts/fira-code/FiraCodeMedium.tsx(271,1): error TS2339: Property 'glyph' does not exist on type 'JSX.IntrinsicElements'.
src/icons/Fonts/fira-code/FiraCodeMedium.tsx(274,1): error TS2339: Property 'glyph' does not exist on type 'JSX.IntrinsicElements'.
src/icons/Fonts/fira-code/FiraCodeMedium.tsx(276,1): error TS2339: Property 'glyph' does not exist on type 'JSX.IntrinsicElements'.
src/icons/Fonts/fira-code/FiraCodeMedium.tsx(278,1): error TS2339: Property 'glyph' does not exist on type 'JSX.IntrinsicElements'.
src/icons/Fonts/fira-code/FiraCodeMedium.tsx(280,1): error TS2339: Property 'glyph' does not exist on type 'JSX.IntrinsicElements'.
src/icons/Fonts/fira-code/FiraCodeMedium.tsx(283,1): error TS2339: Property 'glyph' does not exist on type 'JSX.IntrinsicElements'.
src/icons/Fonts/fira-code/FiraCodeMedium.tsx(284,1): error TS2339: Property 'glyph' does not exist on type 'JSX.IntrinsicElements'.
src/icons/Fonts/fira-code/FiraCodeMedium.tsx(285,1): error TS2339: Property 'glyph' does not exist on type 'JSX.IntrinsicElements'.
src/icons/Fonts/fira-code/FiraCodeMedium.tsx(286,1): error TS2339: Property 'glyph' does not exist on type 'JSX.IntrinsicElements'.
src/icons/Fonts/fira-code/FiraCodeMedium.tsx(288,1): error TS2339: Property 'glyph' does not exist on type 'JSX.IntrinsicElements'.
src/icons/Fonts/fira-code/FiraCodeMedium.tsx(291,1): error TS2339: Property 'glyph' does not exist on type 'JSX.IntrinsicElements'.
src/icons/Fonts/fira-code/FiraCodeMedium.tsx(293,1): error TS2339: Property 'glyph' does not exist on type 'JSX.IntrinsicElements'.
src/icons/Fonts/fira-code/FiraCodeMedium.tsx(295,1): error TS2339: Property 'glyph' does not exist on type 'JSX.IntrinsicElements'.
src/icons/Fonts/fira-code/FiraCodeMedium.tsx(297,1): error TS2339: Property 'glyph' does not exist on type 'JSX.IntrinsicElements'.
src/icons/Fonts/fira-code/FiraCodeMedium.tsx(299,1): error TS2339: Property 'glyph' does not exist on type 'JSX.IntrinsicElements'.
src/icons/Fonts/fira-code/FiraCodeMedium.tsx(302,1): error TS2339: Property 'glyph' does not exist on type 'JSX.IntrinsicElements'.
src/icons/Fonts/fira-code/FiraCodeMedium.tsx(305,1): error TS2339: Property 'glyph' does not exist on type 'JSX.IntrinsicElements'.
src/icons/Fonts/fira-code/FiraCodeMedium.tsx(307,1): error TS2339: Property 'glyph' does not exist on type 'JSX.IntrinsicElements'.
src/icons/Fonts/fira-code/FiraCodeMedium.tsx(309,1): error TS2339: Property 'glyph' does not exist on type 'JSX.IntrinsicElements'.
src/icons/Fonts/fira-code/FiraCodeMedium.tsx(310,1): error TS2339: Property 'glyph' does not exist on type 'JSX.IntrinsicElements'.
src/icons/Fonts/fira-code/FiraCodeMedium.tsx(311,1): error TS2339: Property 'glyph' does not exist on type 'JSX.IntrinsicElements'.
src/icons/Fonts/fira-code/FiraCodeMedium.tsx(313,1): error TS2339: Property 'glyph' does not exist on type 'JSX.IntrinsicElements'.
src/icons/Fonts/fira-code/FiraCodeMedium.tsx(315,1): error TS2339: Property 'glyph' does not exist on type 'JSX.IntrinsicElements'.
src/icons/Fonts/fira-code/FiraCodeMedium.tsx(316,1): error TS2339: Property 'glyph' does not exist on type 'JSX.IntrinsicElements'.
src/icons/Fonts/fira-code/FiraCodeMedium.tsx(318,1): error TS2339: Property 'glyph' does not exist on type 'JSX.IntrinsicElements'.
src/icons/Fonts/fira-code/FiraCodeMedium.tsx(320,1): error TS2339: Property 'glyph' does not exist on type 'JSX.IntrinsicElements'.
src/icons/Fonts/fira-code/FiraCodeMedium.tsx(321,1): error TS2339: Property 'glyph' does not exist on type 'JSX.IntrinsicElements'.
src/icons/Fonts/fira-code/FiraCodeMedium.tsx(322,1): error TS2339: Property 'glyph' does not exist on type 'JSX.IntrinsicElements'.
src/icons/Fonts/fira-code/FiraCodeMedium.tsx(323,1): error TS2339: Property 'glyph' does not exist on type 'JSX.IntrinsicElements'.
src/icons/Fonts/fira-code/FiraCodeMedium.tsx(324,1): error TS2339: Property 'glyph' does not exist on type 'JSX.IntrinsicElements'.
src/icons/Fonts/fira-code/FiraCodeMedium.tsx(325,1): error TS2339: Property 'glyph' does not exist on type 'JSX.IntrinsicElements'.
src/icons/Fonts/fira-code/FiraCodeMedium.tsx(327,1): error TS2339: Property 'glyph' does not exist on type 'JSX.IntrinsicElements'.
src/icons/Fonts/fira-code/FiraCodeMedium.tsx(329,1): error TS2339: Property 'glyph' does not exist on type 'JSX.IntrinsicElements'.
src/icons/Fonts/fira-code/FiraCodeMedium.tsx(331,1): error TS2339: Property 'glyph' does not exist on type 'JSX.IntrinsicElements'.
src/icons/Fonts/fira-code/FiraCodeMedium.tsx(332,1): error TS2339: Property 'glyph' does not exist on type 'JSX.IntrinsicElements'.
src/icons/Fonts/fira-code/FiraCodeMedium.tsx(333,1): error TS2339: Property 'glyph' does not exist on type 'JSX.IntrinsicElements'.
src/icons/Fonts/fira-code/FiraCodeMedium.tsx(334,1): error TS2339: Property 'font' does not exist on type 'JSX.IntrinsicElements'.
src/icons/Fonts/fira-code/FiraCodeRegular.tsx(6,1): error TS2339: Property 'font' does not exist on type 'JSX.IntrinsicElements'.
src/icons/Fonts/fira-code/FiraCodeRegular.tsx(6,41): error TS2339: Property 'font-face' does not exist on type 'JSX.IntrinsicElements'.
src/icons/Fonts/fira-code/FiraCodeRegular.tsx(13,1): error TS2339: Property 'glyph' does not exist on type 'JSX.IntrinsicElements'.
src/icons/Fonts/fira-code/FiraCodeRegular.tsx(14,1): error TS2339: Property 'glyph' does not exist on type 'JSX.IntrinsicElements'.
src/icons/Fonts/fira-code/FiraCodeRegular.tsx(15,1): error TS2339: Property 'glyph' does not exist on type 'JSX.IntrinsicElements'.
src/icons/Fonts/fira-code/FiraCodeRegular.tsx(16,1): error TS2339: Property 'glyph' does not exist on type 'JSX.IntrinsicElements'.
src/icons/Fonts/fira-code/FiraCodeRegular.tsx(17,1): error TS2339: Property 'glyph' does not exist on type 'JSX.IntrinsicElements'.
src/icons/Fonts/fira-code/FiraCodeRegular.tsx(19,1): error TS2339: Property 'glyph' does not exist on type 'JSX.IntrinsicElements'.
src/icons/Fonts/fira-code/FiraCodeRegular.tsx(22,1): error TS2339: Property 'glyph' does not exist on type 'JSX.IntrinsicElements'.
src/icons/Fonts/fira-code/FiraCodeRegular.tsx(24,1): error TS2339: Property 'glyph' does not exist on type 'JSX.IntrinsicElements'.
src/icons/Fonts/fira-code/FiraCodeRegular.tsx(25,1): error TS2339: Property 'glyph' does not exist on type 'JSX.IntrinsicElements'.
src/icons/Fonts/fira-code/FiraCodeRegular.tsx(26,1): error TS2339: Property 'glyph' does not exist on type 'JSX.IntrinsicElements'.
src/icons/Fonts/fira-code/FiraCodeRegular.tsx(27,1): error TS2339: Property 'glyph' does not exist on type 'JSX.IntrinsicElements'.
src/icons/Fonts/fira-code/FiraCodeRegular.tsx(28,1): error TS2339: Property 'glyph' does not exist on type 'JSX.IntrinsicElements'.
src/icons/Fonts/fira-code/FiraCodeRegular.tsx(29,1): error TS2339: Property 'glyph' does not exist on type 'JSX.IntrinsicElements'.
src/icons/Fonts/fira-code/FiraCodeRegular.tsx(30,1): error TS2339: Property 'glyph' does not exist on type 'JSX.IntrinsicElements'.
src/icons/Fonts/fira-code/FiraCodeRegular.tsx(31,1): error TS2339: Property 'glyph' does not exist on type 'JSX.IntrinsicElements'.
src/icons/Fonts/fira-code/FiraCodeRegular.tsx(32,1): error TS2339: Property 'glyph' does not exist on type 'JSX.IntrinsicElements'.
src/icons/Fonts/fira-code/FiraCodeRegular.tsx(33,1): error TS2339: Property 'glyph' does not exist on type 'JSX.IntrinsicElements'.
src/icons/Fonts/fira-code/FiraCodeRegular.tsx(35,1): error TS2339: Property 'glyph' does not exist on type 'JSX.IntrinsicElements'.
src/icons/Fonts/fira-code/FiraCodeRegular.tsx(36,1): error TS2339: Property 'glyph' does not exist on type 'JSX.IntrinsicElements'.
src/icons/Fonts/fira-code/FiraCodeRegular.tsx(38,1): error TS2339: Property 'glyph' does not exist on type 'JSX.IntrinsicElements'.
src/icons/Fonts/fira-code/FiraCodeRegular.tsx(40,1): error TS2339: Property 'glyph' does not exist on type 'JSX.IntrinsicElements'.
src/icons/Fonts/fira-code/FiraCodeRegular.tsx(41,1): error TS2339: Property 'glyph' does not exist on type 'JSX.IntrinsicElements'.
src/icons/Fonts/fira-code/FiraCodeRegular.tsx(43,1): error TS2339: Property 'glyph' does not exist on type 'JSX.IntrinsicElements'.
src/icons/Fonts/fira-code/FiraCodeRegular.tsx(45,1): error TS2339: Property 'glyph' does not exist on type 'JSX.IntrinsicElements'.
src/icons/Fonts/fira-code/FiraCodeRegular.tsx(46,1): error TS2339: Property 'glyph' does not exist on type 'JSX.IntrinsicElements'.
src/icons/Fonts/fira-code/FiraCodeRegular.tsx(49,1): error TS2339: Property 'glyph' does not exist on type 'JSX.IntrinsicElements'.
src/icons/Fonts/fira-code/FiraCodeRegular.tsx(51,1): error TS2339: Property 'glyph' does not exist on type 'JSX.IntrinsicElements'.
src/icons/Fonts/fira-code/FiraCodeRegular.tsx(53,1): error TS2339: Property 'glyph' does not exist on type 'JSX.IntrinsicElements'.
src/icons/Fonts/fira-code/FiraCodeRegular.tsx(55,1): error TS2339: Property 'glyph' does not exist on type 'JSX.IntrinsicElements'.
src/icons/Fonts/fira-code/FiraCodeRegular.tsx(56,1): error TS2339: Property 'glyph' does not exist on type 'JSX.IntrinsicElements'.
src/icons/Fonts/fira-code/FiraCodeRegular.tsx(57,1): error TS2339: Property 'glyph' does not exist on type 'JSX.IntrinsicElements'.
src/icons/Fonts/fira-code/FiraCodeRegular.tsx(58,1): error TS2339: Property 'glyph' does not exist on type 'JSX.IntrinsicElements'.
src/icons/Fonts/fira-code/FiraCodeRegular.tsx(60,1): error TS2339: Property 'glyph' does not exist on type 'JSX.IntrinsicElements'.
src/icons/Fonts/fira-code/FiraCodeRegular.tsx(63,1): error TS2339: Property 'glyph' does not exist on type 'JSX.IntrinsicElements'.
src/icons/Fonts/fira-code/FiraCodeRegular.tsx(64,1): error TS2339: Property 'glyph' does not exist on type 'JSX.IntrinsicElements'.
src/icons/Fonts/fira-code/FiraCodeRegular.tsx(66,1): error TS2339: Property 'glyph' does not exist on type 'JSX.IntrinsicElements'.
src/icons/Fonts/fira-code/FiraCodeRegular.tsx(68,1): error TS2339: Property 'glyph' does not exist on type 'JSX.IntrinsicElements'.
src/icons/Fonts/fira-code/FiraCodeRegular.tsx(70,1): error TS2339: Property 'glyph' does not exist on type 'JSX.IntrinsicElements'.
src/icons/Fonts/fira-code/FiraCodeRegular.tsx(71,1): error TS2339: Property 'glyph' does not exist on type 'JSX.IntrinsicElements'.
src/icons/Fonts/fira-code/FiraCodeRegular.tsx(72,1): error TS2339: Property 'glyph' does not exist on type 'JSX.IntrinsicElements'.
src/icons/Fonts/fira-code/FiraCodeRegular.tsx(74,1): error TS2339: Property 'glyph' does not exist on type 'JSX.IntrinsicElements'.
src/icons/Fonts/fira-code/FiraCodeRegular.tsx(75,1): error TS2339: Property 'glyph' does not exist on type 'JSX.IntrinsicElements'.
src/icons/Fonts/fira-code/FiraCodeRegular.tsx(76,1): error TS2339: Property 'glyph' does not exist on type 'JSX.IntrinsicElements'.
src/icons/Fonts/fira-code/FiraCodeRegular.tsx(77,1): error TS2339: Property 'glyph' does not exist on type 'JSX.IntrinsicElements'.
src/icons/Fonts/fira-code/FiraCodeRegular.tsx(78,1): error TS2339: Property 'glyph' does not exist on type 'JSX.IntrinsicElements'.
src/icons/Fonts/fira-code/FiraCodeRegular.tsx(79,1): error TS2339: Property 'glyph' does not exist on type 'JSX.IntrinsicElements'.
src/icons/Fonts/fira-code/FiraCodeRegular.tsx(80,1): error TS2339: Property 'glyph' does not exist on type 'JSX.IntrinsicElements'.
src/icons/Fonts/fira-code/FiraCodeRegular.tsx(81,1): error TS2339: Property 'glyph' does not exist on type 'JSX.IntrinsicElements'.
src/icons/Fonts/fira-code/FiraCodeRegular.tsx(83,1): error TS2339: Property 'glyph' does not exist on type 'JSX.IntrinsicElements'.
src/icons/Fonts/fira-code/FiraCodeRegular.tsx(84,1): error TS2339: Property 'glyph' does not exist on type 'JSX.IntrinsicElements'.
src/icons/Fonts/fira-code/FiraCodeRegular.tsx(86,1): error TS2339: Property 'glyph' does not exist on type 'JSX.IntrinsicElements'.
src/icons/Fonts/fira-code/FiraCodeRegular.tsx(87,1): error TS2339: Property 'glyph' does not exist on type 'JSX.IntrinsicElements'.
src/icons/Fonts/fira-code/FiraCodeRegular.tsx(89,1): error TS2339: Property 'glyph' does not exist on type 'JSX.IntrinsicElements'.
src/icons/Fonts/fira-code/FiraCodeRegular.tsx(90,1): error TS2339: Property 'glyph' does not exist on type 'JSX.IntrinsicElements'.
src/icons/Fonts/fira-code/FiraCodeRegular.tsx(91,1): error TS2339: Property 'glyph' does not exist on type 'JSX.IntrinsicElements'.
src/icons/Fonts/fira-code/FiraCodeRegular.tsx(92,1): error TS2339: Property 'glyph' does not exist on type 'JSX.IntrinsicElements'.
src/icons/Fonts/fira-code/FiraCodeRegular.tsx(93,1): error TS2339: Property 'glyph' does not exist on type 'JSX.IntrinsicElements'.
src/icons/Fonts/fira-code/FiraCodeRegular.tsx(94,1): error TS2339: Property 'glyph' does not exist on type 'JSX.IntrinsicElements'.
src/icons/Fonts/fira-code/FiraCodeRegular.tsx(95,1): error TS2339: Property 'glyph' does not exist on type 'JSX.IntrinsicElements'.
src/icons/Fonts/fira-code/FiraCodeRegular.tsx(96,1): error TS2339: Property 'glyph' does not exist on type 'JSX.IntrinsicElements'.
src/icons/Fonts/fira-code/FiraCodeRegular.tsx(97,1): error TS2339: Property 'glyph' does not exist on type 'JSX.IntrinsicElements'.
src/icons/Fonts/fira-code/FiraCodeRegular.tsx(98,1): error TS2339: Property 'glyph' does not exist on type 'JSX.IntrinsicElements'.
src/icons/Fonts/fira-code/FiraCodeRegular.tsx(99,1): error TS2339: Property 'glyph' does not exist on type 'JSX.IntrinsicElements'.
src/icons/Fonts/fira-code/FiraCodeRegular.tsx(100,1): error TS2339: Property 'glyph' does not exist on type 'JSX.IntrinsicElements'.
src/icons/Fonts/fira-code/FiraCodeRegular.tsx(101,1): error TS2339: Property 'glyph' does not exist on type 'JSX.IntrinsicElements'.
src/icons/Fonts/fira-code/FiraCodeRegular.tsx(102,1): error TS2339: Property 'glyph' does not exist on type 'JSX.IntrinsicElements'.
src/icons/Fonts/fira-code/FiraCodeRegular.tsx(104,1): error TS2339: Property 'glyph' does not exist on type 'JSX.IntrinsicElements'.
src/icons/Fonts/fira-code/FiraCodeRegular.tsx(106,1): error TS2339: Property 'glyph' does not exist on type 'JSX.IntrinsicElements'.
src/icons/Fonts/fira-code/FiraCodeRegular.tsx(108,1): error TS2339: Property 'glyph' does not exist on type 'JSX.IntrinsicElements'.
src/icons/Fonts/fira-code/FiraCodeRegular.tsx(110,1): error TS2339: Property 'glyph' does not exist on type 'JSX.IntrinsicElements'.
src/icons/Fonts/fira-code/FiraCodeRegular.tsx(112,1): error TS2339: Property 'glyph' does not exist on type 'JSX.IntrinsicElements'.
src/icons/Fonts/fira-code/FiraCodeRegular.tsx(113,1): error TS2339: Property 'glyph' does not exist on type 'JSX.IntrinsicElements'.
src/icons/Fonts/fira-code/FiraCodeRegular.tsx(116,1): error TS2339: Property 'glyph' does not exist on type 'JSX.IntrinsicElements'.
src/icons/Fonts/fira-code/FiraCodeRegular.tsx(117,1): error TS2339: Property 'glyph' does not exist on type 'JSX.IntrinsicElements'.
src/icons/Fonts/fira-code/FiraCodeRegular.tsx(118,1): error TS2339: Property 'glyph' does not exist on type 'JSX.IntrinsicElements'.
src/icons/Fonts/fira-code/FiraCodeRegular.tsx(120,1): error TS2339: Property 'glyph' does not exist on type 'JSX.IntrinsicElements'.
src/icons/Fonts/fira-code/FiraCodeRegular.tsx(121,1): error TS2339: Property 'glyph' does not exist on type 'JSX.IntrinsicElements'.
src/icons/Fonts/fira-code/FiraCodeRegular.tsx(122,1): error TS2339: Property 'glyph' does not exist on type 'JSX.IntrinsicElements'.
src/icons/Fonts/fira-code/FiraCodeRegular.tsx(124,1): error TS2339: Property 'glyph' does not exist on type 'JSX.IntrinsicElements'.
src/icons/Fonts/fira-code/FiraCodeRegular.tsx(125,1): error TS2339: Property 'glyph' does not exist on type 'JSX.IntrinsicElements'.
src/icons/Fonts/fira-code/FiraCodeRegular.tsx(127,1): error TS2339: Property 'glyph' does not exist on type 'JSX.IntrinsicElements'.
src/icons/Fonts/fira-code/FiraCodeRegular.tsx(129,1): error TS2339: Property 'glyph' does not exist on type 'JSX.IntrinsicElements'.
src/icons/Fonts/fira-code/FiraCodeRegular.tsx(131,1): error TS2339: Property 'glyph' does not exist on type 'JSX.IntrinsicElements'.
src/icons/Fonts/fira-code/FiraCodeRegular.tsx(132,1): error TS2339: Property 'glyph' does not exist on type 'JSX.IntrinsicElements'.
src/icons/Fonts/fira-code/FiraCodeRegular.tsx(134,1): error TS2339: Property 'glyph' does not exist on type 'JSX.IntrinsicElements'.
src/icons/Fonts/fira-code/FiraCodeRegular.tsx(135,1): error TS2339: Property 'glyph' does not exist on type 'JSX.IntrinsicElements'.
src/icons/Fonts/fira-code/FiraCodeRegular.tsx(136,1): error TS2339: Property 'glyph' does not exist on type 'JSX.IntrinsicElements'.
src/icons/Fonts/fira-code/FiraCodeRegular.tsx(137,1): error TS2339: Property 'glyph' does not exist on type 'JSX.IntrinsicElements'.
src/icons/Fonts/fira-code/FiraCodeRegular.tsx(138,1): error TS2339: Property 'glyph' does not exist on type 'JSX.IntrinsicElements'.
src/icons/Fonts/fira-code/FiraCodeRegular.tsx(139,1): error TS2339: Property 'glyph' does not exist on type 'JSX.IntrinsicElements'.
src/icons/Fonts/fira-code/FiraCodeRegular.tsx(140,1): error TS2339: Property 'glyph' does not exist on type 'JSX.IntrinsicElements'.
src/icons/Fonts/fira-code/FiraCodeRegular.tsx(141,1): error TS2339: Property 'glyph' does not exist on type 'JSX.IntrinsicElements'.
src/icons/Fonts/fira-code/FiraCodeRegular.tsx(143,1): error TS2339: Property 'glyph' does not exist on type 'JSX.IntrinsicElements'.
src/icons/Fonts/fira-code/FiraCodeRegular.tsx(144,1): error TS2339: Property 'glyph' does not exist on type 'JSX.IntrinsicElements'.
src/icons/Fonts/fira-code/FiraCodeRegular.tsx(146,1): error TS2339: Property 'glyph' does not exist on type 'JSX.IntrinsicElements'.
src/icons/Fonts/fira-code/FiraCodeRegular.tsx(148,1): error TS2339: Property 'glyph' does not exist on type 'JSX.IntrinsicElements'.
src/icons/Fonts/fira-code/FiraCodeRegular.tsx(149,1): error TS2339: Property 'glyph' does not exist on type 'JSX.IntrinsicElements'.
src/icons/Fonts/fira-code/FiraCodeRegular.tsx(150,1): error TS2339: Property 'glyph' does not exist on type 'JSX.IntrinsicElements'.
src/icons/Fonts/fira-code/FiraCodeRegular.tsx(152,1): error TS2339: Property 'glyph' does not exist on type 'JSX.IntrinsicElements'.
src/icons/Fonts/fira-code/FiraCodeRegular.tsx(154,1): error TS2339: Property 'glyph' does not exist on type 'JSX.IntrinsicElements'.
src/icons/Fonts/fira-code/FiraCodeRegular.tsx(156,1): error TS2339: Property 'glyph' does not exist on type 'JSX.IntrinsicElements'.
src/icons/Fonts/fira-code/FiraCodeRegular.tsx(157,1): error TS2339: Property 'glyph' does not exist on type 'JSX.IntrinsicElements'.
src/icons/Fonts/fira-code/FiraCodeRegular.tsx(158,1): error TS2339: Property 'glyph' does not exist on type 'JSX.IntrinsicElements'.
src/icons/Fonts/fira-code/FiraCodeRegular.tsx(161,1): error TS2339: Property 'glyph' does not exist on type 'JSX.IntrinsicElements'.
src/icons/Fonts/fira-code/FiraCodeRegular.tsx(163,1): error TS2339: Property 'glyph' does not exist on type 'JSX.IntrinsicElements'.
src/icons/Fonts/fira-code/FiraCodeRegular.tsx(166,1): error TS2339: Property 'glyph' does not exist on type 'JSX.IntrinsicElements'.
src/icons/Fonts/fira-code/FiraCodeRegular.tsx(168,1): error TS2339: Property 'glyph' does not exist on type 'JSX.IntrinsicElements'.
src/icons/Fonts/fira-code/FiraCodeRegular.tsx(169,1): error TS2339: Property 'glyph' does not exist on type 'JSX.IntrinsicElements'.
src/icons/Fonts/fira-code/FiraCodeRegular.tsx(170,1): error TS2339: Property 'glyph' does not exist on type 'JSX.IntrinsicElements'.
src/icons/Fonts/fira-code/FiraCodeRegular.tsx(171,1): error TS2339: Property 'glyph' does not exist on type 'JSX.IntrinsicElements'.
src/icons/Fonts/fira-code/FiraCodeRegular.tsx(174,1): error TS2339: Property 'glyph' does not exist on type 'JSX.IntrinsicElements'.
src/icons/Fonts/fira-code/FiraCodeRegular.tsx(175,1): error TS2339: Property 'glyph' does not exist on type 'JSX.IntrinsicElements'.
src/icons/Fonts/fira-code/FiraCodeRegular.tsx(177,1): error TS2339: Property 'glyph' does not exist on type 'JSX.IntrinsicElements'.
src/icons/Fonts/fira-code/FiraCodeRegular.tsx(178,1): error TS2339: Property 'glyph' does not exist on type 'JSX.IntrinsicElements'.
src/icons/Fonts/fira-code/FiraCodeRegular.tsx(179,1): error TS2339: Property 'glyph' does not exist on type 'JSX.IntrinsicElements'.
src/icons/Fonts/fira-code/FiraCodeRegular.tsx(181,1): error TS2339: Property 'glyph' does not exist on type 'JSX.IntrinsicElements'.
src/icons/Fonts/fira-code/FiraCodeRegular.tsx(182,1): error TS2339: Property 'glyph' does not exist on type 'JSX.IntrinsicElements'.
src/icons/Fonts/fira-code/FiraCodeRegular.tsx(184,1): error TS2339: Property 'glyph' does not exist on type 'JSX.IntrinsicElements'.
src/icons/Fonts/fira-code/FiraCodeRegular.tsx(185,1): error TS2339: Property 'glyph' does not exist on type 'JSX.IntrinsicElements'.
src/icons/Fonts/fira-code/FiraCodeRegular.tsx(186,1): error TS2339: Property 'glyph' does not exist on type 'JSX.IntrinsicElements'.
src/icons/Fonts/fira-code/FiraCodeRegular.tsx(188,1): error TS2339: Property 'glyph' does not exist on type 'JSX.IntrinsicElements'.
src/icons/Fonts/fira-code/FiraCodeRegular.tsx(189,1): error TS2339: Property 'glyph' does not exist on type 'JSX.IntrinsicElements'.
src/icons/Fonts/fira-code/FiraCodeRegular.tsx(191,1): error TS2339: Property 'glyph' does not exist on type 'JSX.IntrinsicElements'.
src/icons/Fonts/fira-code/FiraCodeRegular.tsx(192,1): error TS2339: Property 'glyph' does not exist on type 'JSX.IntrinsicElements'.
src/icons/Fonts/fira-code/FiraCodeRegular.tsx(193,1): error TS2339: Property 'glyph' does not exist on type 'JSX.IntrinsicElements'.
src/icons/Fonts/fira-code/FiraCodeRegular.tsx(195,1): error TS2339: Property 'glyph' does not exist on type 'JSX.IntrinsicElements'.
src/icons/Fonts/fira-code/FiraCodeRegular.tsx(198,1): error TS2339: Property 'glyph' does not exist on type 'JSX.IntrinsicElements'.
src/icons/Fonts/fira-code/FiraCodeRegular.tsx(200,1): error TS2339: Property 'glyph' does not exist on type 'JSX.IntrinsicElements'.
src/icons/Fonts/fira-code/FiraCodeRegular.tsx(201,1): error TS2339: Property 'glyph' does not exist on type 'JSX.IntrinsicElements'.
src/icons/Fonts/fira-code/FiraCodeRegular.tsx(202,1): error TS2339: Property 'glyph' does not exist on type 'JSX.IntrinsicElements'.
src/icons/Fonts/fira-code/FiraCodeRegular.tsx(203,1): error TS2339: Property 'glyph' does not exist on type 'JSX.IntrinsicElements'.
src/icons/Fonts/fira-code/FiraCodeRegular.tsx(205,1): error TS2339: Property 'glyph' does not exist on type 'JSX.IntrinsicElements'.
src/icons/Fonts/fira-code/FiraCodeRegular.tsx(207,1): error TS2339: Property 'glyph' does not exist on type 'JSX.IntrinsicElements'.
src/icons/Fonts/fira-code/FiraCodeRegular.tsx(209,1): error TS2339: Property 'glyph' does not exist on type 'JSX.IntrinsicElements'.
src/icons/Fonts/fira-code/FiraCodeRegular.tsx(210,1): error TS2339: Property 'glyph' does not exist on type 'JSX.IntrinsicElements'.
src/icons/Fonts/fira-code/FiraCodeRegular.tsx(213,1): error TS2339: Property 'glyph' does not exist on type 'JSX.IntrinsicElements'.
src/icons/Fonts/fira-code/FiraCodeRegular.tsx(214,1): error TS2339: Property 'glyph' does not exist on type 'JSX.IntrinsicElements'.
src/icons/Fonts/fira-code/FiraCodeRegular.tsx(215,1): error TS2339: Property 'glyph' does not exist on type 'JSX.IntrinsicElements'.
src/icons/Fonts/fira-code/FiraCodeRegular.tsx(216,1): error TS2339: Property 'glyph' does not exist on type 'JSX.IntrinsicElements'.
src/icons/Fonts/fira-code/FiraCodeRegular.tsx(218,1): error TS2339: Property 'glyph' does not exist on type 'JSX.IntrinsicElements'.
src/icons/Fonts/fira-code/FiraCodeRegular.tsx(219,1): error TS2339: Property 'glyph' does not exist on type 'JSX.IntrinsicElements'.
src/icons/Fonts/fira-code/FiraCodeRegular.tsx(220,1): error TS2339: Property 'glyph' does not exist on type 'JSX.IntrinsicElements'.
src/icons/Fonts/fira-code/FiraCodeRegular.tsx(221,1): error TS2339: Property 'glyph' does not exist on type 'JSX.IntrinsicElements'.
src/icons/Fonts/fira-code/FiraCodeRegular.tsx(223,1): error TS2339: Property 'glyph' does not exist on type 'JSX.IntrinsicElements'.
src/icons/Fonts/fira-code/FiraCodeRegular.tsx(225,1): error TS2339: Property 'glyph' does not exist on type 'JSX.IntrinsicElements'.
src/icons/Fonts/fira-code/FiraCodeRegular.tsx(227,1): error TS2339: Property 'glyph' does not exist on type 'JSX.IntrinsicElements'.
src/icons/Fonts/fira-code/FiraCodeRegular.tsx(229,1): error TS2339: Property 'glyph' does not exist on type 'JSX.IntrinsicElements'.
src/icons/Fonts/fira-code/FiraCodeRegular.tsx(231,1): error TS2339: Property 'glyph' does not exist on type 'JSX.IntrinsicElements'.
src/icons/Fonts/fira-code/FiraCodeRegular.tsx(233,1): error TS2339: Property 'glyph' does not exist on type 'JSX.IntrinsicElements'.
src/icons/Fonts/fira-code/FiraCodeRegular.tsx(236,1): error TS2339: Property 'glyph' does not exist on type 'JSX.IntrinsicElements'.
src/icons/Fonts/fira-code/FiraCodeRegular.tsx(239,1): error TS2339: Property 'glyph' does not exist on type 'JSX.IntrinsicElements'.
src/icons/Fonts/fira-code/FiraCodeRegular.tsx(240,1): error TS2339: Property 'glyph' does not exist on type 'JSX.IntrinsicElements'.
src/icons/Fonts/fira-code/FiraCodeRegular.tsx(242,1): error TS2339: Property 'glyph' does not exist on type 'JSX.IntrinsicElements'.
src/icons/Fonts/fira-code/FiraCodeRegular.tsx(243,1): error TS2339: Property 'glyph' does not exist on type 'JSX.IntrinsicElements'.
src/icons/Fonts/fira-code/FiraCodeRegular.tsx(244,1): error TS2339: Property 'glyph' does not exist on type 'JSX.IntrinsicElements'.
src/icons/Fonts/fira-code/FiraCodeRegular.tsx(246,1): error TS2339: Property 'glyph' does not exist on type 'JSX.IntrinsicElements'.
src/icons/Fonts/fira-code/FiraCodeRegular.tsx(248,1): error TS2339: Property 'glyph' does not exist on type 'JSX.IntrinsicElements'.
src/icons/Fonts/fira-code/FiraCodeRegular.tsx(249,1): error TS2339: Property 'glyph' does not exist on type 'JSX.IntrinsicElements'.
src/icons/Fonts/fira-code/FiraCodeRegular.tsx(250,1): error TS2339: Property 'glyph' does not exist on type 'JSX.IntrinsicElements'.
src/icons/Fonts/fira-code/FiraCodeRegular.tsx(253,1): error TS2339: Property 'glyph' does not exist on type 'JSX.IntrinsicElements'.
src/icons/Fonts/fira-code/FiraCodeRegular.tsx(255,1): error TS2339: Property 'glyph' does not exist on type 'JSX.IntrinsicElements'.
src/icons/Fonts/fira-code/FiraCodeRegular.tsx(257,1): error TS2339: Property 'glyph' does not exist on type 'JSX.IntrinsicElements'.
src/icons/Fonts/fira-code/FiraCodeRegular.tsx(259,1): error TS2339: Property 'glyph' does not exist on type 'JSX.IntrinsicElements'.
src/icons/Fonts/fira-code/FiraCodeRegular.tsx(262,1): error TS2339: Property 'glyph' does not exist on type 'JSX.IntrinsicElements'.
src/icons/Fonts/fira-code/FiraCodeRegular.tsx(265,1): error TS2339: Property 'glyph' does not exist on type 'JSX.IntrinsicElements'.
src/icons/Fonts/fira-code/FiraCodeRegular.tsx(268,1): error TS2339: Property 'glyph' does not exist on type 'JSX.IntrinsicElements'.
src/icons/Fonts/fira-code/FiraCodeRegular.tsx(271,1): error TS2339: Property 'glyph' does not exist on type 'JSX.IntrinsicElements'.
src/icons/Fonts/fira-code/FiraCodeRegular.tsx(274,1): error TS2339: Property 'glyph' does not exist on type 'JSX.IntrinsicElements'.
src/icons/Fonts/fira-code/FiraCodeRegular.tsx(276,1): error TS2339: Property 'glyph' does not exist on type 'JSX.IntrinsicElements'.
src/icons/Fonts/fira-code/FiraCodeRegular.tsx(278,1): error TS2339: Property 'glyph' does not exist on type 'JSX.IntrinsicElements'.
src/icons/Fonts/fira-code/FiraCodeRegular.tsx(280,1): error TS2339: Property 'glyph' does not exist on type 'JSX.IntrinsicElements'.
src/icons/Fonts/fira-code/FiraCodeRegular.tsx(283,1): error TS2339: Property 'glyph' does not exist on type 'JSX.IntrinsicElements'.
src/icons/Fonts/fira-code/FiraCodeRegular.tsx(284,1): error TS2339: Property 'glyph' does not exist on type 'JSX.IntrinsicElements'.
src/icons/Fonts/fira-code/FiraCodeRegular.tsx(285,1): error TS2339: Property 'glyph' does not exist on type 'JSX.IntrinsicElements'.
src/icons/Fonts/fira-code/FiraCodeRegular.tsx(286,1): error TS2339: Property 'glyph' does not exist on type 'JSX.IntrinsicElements'.
src/icons/Fonts/fira-code/FiraCodeRegular.tsx(288,1): error TS2339: Property 'glyph' does not exist on type 'JSX.IntrinsicElements'.
src/icons/Fonts/fira-code/FiraCodeRegular.tsx(291,1): error TS2339: Property 'glyph' does not exist on type 'JSX.IntrinsicElements'.
src/icons/Fonts/fira-code/FiraCodeRegular.tsx(293,1): error TS2339: Property 'glyph' does not exist on type 'JSX.IntrinsicElements'.
src/icons/Fonts/fira-code/FiraCodeRegular.tsx(295,1): error TS2339: Property 'glyph' does not exist on type 'JSX.IntrinsicElements'.
src/icons/Fonts/fira-code/FiraCodeRegular.tsx(297,1): error TS2339: Property 'glyph' does not exist on type 'JSX.IntrinsicElements'.
src/icons/Fonts/fira-code/FiraCodeRegular.tsx(299,1): error TS2339: Property 'glyph' does not exist on type 'JSX.IntrinsicElements'.
src/icons/Fonts/fira-code/FiraCodeRegular.tsx(302,1): error TS2339: Property 'glyph' does not exist on type 'JSX.IntrinsicElements'.
src/icons/Fonts/fira-code/FiraCodeRegular.tsx(305,1): error TS2339: Property 'glyph' does not exist on type 'JSX.IntrinsicElements'.
src/icons/Fonts/fira-code/FiraCodeRegular.tsx(307,1): error TS2339: Property 'glyph' does not exist on type 'JSX.IntrinsicElements'.
src/icons/Fonts/fira-code/FiraCodeRegular.tsx(309,1): error TS2339: Property 'glyph' does not exist on type 'JSX.IntrinsicElements'.
src/icons/Fonts/fira-code/FiraCodeRegular.tsx(310,1): error TS2339: Property 'glyph' does not exist on type 'JSX.IntrinsicElements'.
src/icons/Fonts/fira-code/FiraCodeRegular.tsx(311,1): error TS2339: Property 'glyph' does not exist on type 'JSX.IntrinsicElements'.
src/icons/Fonts/fira-code/FiraCodeRegular.tsx(313,1): error TS2339: Property 'glyph' does not exist on type 'JSX.IntrinsicElements'.
src/icons/Fonts/fira-code/FiraCodeRegular.tsx(315,1): error TS2339: Property 'glyph' does not exist on type 'JSX.IntrinsicElements'.
src/icons/Fonts/fira-code/FiraCodeRegular.tsx(316,1): error TS2339: Property 'glyph' does not exist on type 'JSX.IntrinsicElements'.
src/icons/Fonts/fira-code/FiraCodeRegular.tsx(318,1): error TS2339: Property 'glyph' does not exist on type 'JSX.IntrinsicElements'.
src/icons/Fonts/fira-code/FiraCodeRegular.tsx(320,1): error TS2339: Property 'glyph' does not exist on type 'JSX.IntrinsicElements'.
src/icons/Fonts/fira-code/FiraCodeRegular.tsx(321,1): error TS2339: Property 'glyph' does not exist on type 'JSX.IntrinsicElements'.
src/icons/Fonts/fira-code/FiraCodeRegular.tsx(322,1): error TS2339: Property 'glyph' does not exist on type 'JSX.IntrinsicElements'.
src/icons/Fonts/fira-code/FiraCodeRegular.tsx(323,1): error TS2339: Property 'glyph' does not exist on type 'JSX.IntrinsicElements'.
src/icons/Fonts/fira-code/FiraCodeRegular.tsx(324,1): error TS2339: Property 'glyph' does not exist on type 'JSX.IntrinsicElements'.
src/icons/Fonts/fira-code/FiraCodeRegular.tsx(325,1): error TS2339: Property 'glyph' does not exist on type 'JSX.IntrinsicElements'.
src/icons/Fonts/fira-code/FiraCodeRegular.tsx(327,1): error TS2339: Property 'glyph' does not exist on type 'JSX.IntrinsicElements'.
src/icons/Fonts/fira-code/FiraCodeRegular.tsx(329,1): error TS2339: Property 'glyph' does not exist on type 'JSX.IntrinsicElements'.
src/icons/Fonts/fira-code/FiraCodeRegular.tsx(331,1): error TS2339: Property 'glyph' does not exist on type 'JSX.IntrinsicElements'.
src/icons/Fonts/fira-code/FiraCodeRegular.tsx(332,1): error TS2339: Property 'glyph' does not exist on type 'JSX.IntrinsicElements'.
src/icons/Fonts/fira-code/FiraCodeRegular.tsx(333,1): error TS2339: Property 'glyph' does not exist on type 'JSX.IntrinsicElements'.
src/icons/Fonts/fira-code/FiraCodeRegular.tsx(334,1): error TS2339: Property 'font' does not exist on type 'JSX.IntrinsicElements'.
src/icons/Fonts/general-sans/GeneralSansMedium.tsx(11,1): error TS2339: Property 'font' does not exist on type 'JSX.IntrinsicElements'.
src/icons/Fonts/general-sans/GeneralSansMedium.tsx(12,3): error TS2339: Property 'font-face' does not exist on type 'JSX.IntrinsicElements'.
src/icons/Fonts/general-sans/GeneralSansMedium.tsx(27,1): error TS2339: Property 'missing-glyph' does not exist on type 'JSX.IntrinsicElements'.
src/icons/Fonts/general-sans/GeneralSansMedium.tsx(29,5): error TS2339: Property 'glyph' does not exist on type 'JSX.IntrinsicElements'.
src/icons/Fonts/general-sans/GeneralSansMedium.tsx(31,5): error TS2339: Property 'glyph' does not exist on type 'JSX.IntrinsicElements'.
src/icons/Fonts/general-sans/GeneralSansMedium.tsx(33,5): error TS2339: Property 'glyph' does not exist on type 'JSX.IntrinsicElements'.
src/icons/Fonts/general-sans/GeneralSansMedium.tsx(35,5): error TS2339: Property 'glyph' does not exist on type 'JSX.IntrinsicElements'.
src/icons/Fonts/general-sans/GeneralSansMedium.tsx(37,5): error TS2339: Property 'glyph' does not exist on type 'JSX.IntrinsicElements'.
src/icons/Fonts/general-sans/GeneralSansMedium.tsx(39,5): error TS2339: Property 'glyph' does not exist on type 'JSX.IntrinsicElements'.
src/icons/Fonts/general-sans/GeneralSansMedium.tsx(41,5): error TS2339: Property 'glyph' does not exist on type 'JSX.IntrinsicElements'.
src/icons/Fonts/general-sans/GeneralSansMedium.tsx(43,5): error TS2339: Property 'glyph' does not exist on type 'JSX.IntrinsicElements'.
src/icons/Fonts/general-sans/GeneralSansMedium.tsx(45,5): error TS2339: Property 'glyph' does not exist on type 'JSX.IntrinsicElements'.
src/icons/Fonts/general-sans/GeneralSansMedium.tsx(47,5): error TS2339: Property 'glyph' does not exist on type 'JSX.IntrinsicElements'.
src/icons/Fonts/general-sans/GeneralSansMedium.tsx(49,5): error TS2339: Property 'glyph' does not exist on type 'JSX.IntrinsicElements'.
src/icons/Fonts/general-sans/GeneralSansMedium.tsx(52,5): error TS2339: Property 'glyph' does not exist on type 'JSX.IntrinsicElements'.
src/icons/Fonts/general-sans/GeneralSansMedium.tsx(55,5): error TS2339: Property 'glyph' does not exist on type 'JSX.IntrinsicElements'.
src/icons/Fonts/general-sans/GeneralSansMedium.tsx(58,5): error TS2339: Property 'glyph' does not exist on type 'JSX.IntrinsicElements'.
src/icons/Fonts/general-sans/GeneralSansMedium.tsx(60,5): error TS2339: Property 'glyph' does not exist on type 'JSX.IntrinsicElements'.
src/icons/Fonts/general-sans/GeneralSansMedium.tsx(62,5): error TS2339: Property 'glyph' does not exist on type 'JSX.IntrinsicElements'.
src/icons/Fonts/general-sans/GeneralSansMedium.tsx(64,5): error TS2339: Property 'glyph' does not exist on type 'JSX.IntrinsicElements'.
src/icons/Fonts/general-sans/GeneralSansMedium.tsx(66,5): error TS2339: Property 'glyph' does not exist on type 'JSX.IntrinsicElements'.
src/icons/Fonts/general-sans/GeneralSansMedium.tsx(68,5): error TS2339: Property 'glyph' does not exist on type 'JSX.IntrinsicElements'.
src/icons/Fonts/general-sans/GeneralSansMedium.tsx(70,5): error TS2339: Property 'glyph' does not exist on type 'JSX.IntrinsicElements'.
src/icons/Fonts/general-sans/GeneralSansMedium.tsx(72,5): error TS2339: Property 'glyph' does not exist on type 'JSX.IntrinsicElements'.
src/icons/Fonts/general-sans/GeneralSansMedium.tsx(74,5): error TS2339: Property 'glyph' does not exist on type 'JSX.IntrinsicElements'.
src/icons/Fonts/general-sans/GeneralSansMedium.tsx(76,5): error TS2339: Property 'glyph' does not exist on type 'JSX.IntrinsicElements'.
src/icons/Fonts/general-sans/GeneralSansMedium.tsx(78,5): error TS2339: Property 'glyph' does not exist on type 'JSX.IntrinsicElements'.
src/icons/Fonts/general-sans/GeneralSansMedium.tsx(80,5): error TS2339: Property 'glyph' does not exist on type 'JSX.IntrinsicElements'.
src/icons/Fonts/general-sans/GeneralSansMedium.tsx(82,5): error TS2339: Property 'glyph' does not exist on type 'JSX.IntrinsicElements'.
src/icons/Fonts/general-sans/GeneralSansMedium.tsx(85,5): error TS2339: Property 'glyph' does not exist on type 'JSX.IntrinsicElements'.
src/icons/Fonts/general-sans/GeneralSansMedium.tsx(87,5): error TS2339: Property 'glyph' does not exist on type 'JSX.IntrinsicElements'.
src/icons/Fonts/general-sans/GeneralSansMedium.tsx(89,5): error TS2339: Property 'glyph' does not exist on type 'JSX.IntrinsicElements'.
src/icons/Fonts/general-sans/GeneralSansMedium.tsx(91,5): error TS2339: Property 'glyph' does not exist on type 'JSX.IntrinsicElements'.
src/icons/Fonts/general-sans/GeneralSansMedium.tsx(93,5): error TS2339: Property 'glyph' does not exist on type 'JSX.IntrinsicElements'.
src/icons/Fonts/general-sans/GeneralSansMedium.tsx(96,5): error TS2339: Property 'glyph' does not exist on type 'JSX.IntrinsicElements'.
src/icons/Fonts/general-sans/GeneralSansMedium.tsx(98,5): error TS2339: Property 'glyph' does not exist on type 'JSX.IntrinsicElements'.
src/icons/Fonts/general-sans/GeneralSansMedium.tsx(100,5): error TS2339: Property 'glyph' does not exist on type 'JSX.IntrinsicElements'.
src/icons/Fonts/general-sans/GeneralSansMedium.tsx(102,5): error TS2339: Property 'glyph' does not exist on type 'JSX.IntrinsicElements'.
src/icons/Fonts/general-sans/GeneralSansMedium.tsx(104,5): error TS2339: Property 'glyph' does not exist on type 'JSX.IntrinsicElements'.
src/icons/Fonts/general-sans/GeneralSansMedium.tsx(106,5): error TS2339: Property 'glyph' does not exist on type 'JSX.IntrinsicElements'.
src/icons/Fonts/general-sans/GeneralSansMedium.tsx(108,5): error TS2339: Property 'glyph' does not exist on type 'JSX.IntrinsicElements'.
src/icons/Fonts/general-sans/GeneralSansMedium.tsx(111,5): error TS2339: Property 'glyph' does not exist on type 'JSX.IntrinsicElements'.
src/icons/Fonts/general-sans/GeneralSansMedium.tsx(115,5): error TS2339: Property 'glyph' does not exist on type 'JSX.IntrinsicElements'.
src/icons/Fonts/general-sans/GeneralSansMedium.tsx(117,5): error TS2339: Property 'glyph' does not exist on type 'JSX.IntrinsicElements'.
src/icons/Fonts/general-sans/GeneralSansMedium.tsx(120,5): error TS2339: Property 'glyph' does not exist on type 'JSX.IntrinsicElements'.
src/icons/Fonts/general-sans/GeneralSansMedium.tsx(122,5): error TS2339: Property 'glyph' does not exist on type 'JSX.IntrinsicElements'.
src/icons/Fonts/general-sans/GeneralSansMedium.tsx(124,5): error TS2339: Property 'glyph' does not exist on type 'JSX.IntrinsicElements'.
src/icons/Fonts/general-sans/GeneralSansMedium.tsx(126,5): error TS2339: Property 'glyph' does not exist on type 'JSX.IntrinsicElements'.
src/icons/Fonts/general-sans/GeneralSansMedium.tsx(128,5): error TS2339: Property 'glyph' does not exist on type 'JSX.IntrinsicElements'.
src/icons/Fonts/general-sans/GeneralSansMedium.tsx(131,5): error TS2339: Property 'glyph' does not exist on type 'JSX.IntrinsicElements'.
src/icons/Fonts/general-sans/GeneralSansMedium.tsx(133,5): error TS2339: Property 'glyph' does not exist on type 'JSX.IntrinsicElements'.
src/icons/Fonts/general-sans/GeneralSansMedium.tsx(135,5): error TS2339: Property 'glyph' does not exist on type 'JSX.IntrinsicElements'.
src/icons/Fonts/general-sans/GeneralSansMedium.tsx(137,5): error TS2339: Property 'glyph' does not exist on type 'JSX.IntrinsicElements'.
src/icons/Fonts/general-sans/GeneralSansMedium.tsx(139,5): error TS2339: Property 'glyph' does not exist on type 'JSX.IntrinsicElements'.
src/icons/Fonts/general-sans/GeneralSansMedium.tsx(141,5): error TS2339: Property 'glyph' does not exist on type 'JSX.IntrinsicElements'.
src/icons/Fonts/general-sans/GeneralSansMedium.tsx(143,5): error TS2339: Property 'glyph' does not exist on type 'JSX.IntrinsicElements'.
src/icons/Fonts/general-sans/GeneralSansMedium.tsx(145,5): error TS2339: Property 'glyph' does not exist on type 'JSX.IntrinsicElements'.
src/icons/Fonts/general-sans/GeneralSansMedium.tsx(147,5): error TS2339: Property 'glyph' does not exist on type 'JSX.IntrinsicElements'.
src/icons/Fonts/general-sans/GeneralSansMedium.tsx(149,5): error TS2339: Property 'glyph' does not exist on type 'JSX.IntrinsicElements'.
src/icons/Fonts/general-sans/GeneralSansMedium.tsx(151,5): error TS2339: Property 'glyph' does not exist on type 'JSX.IntrinsicElements'.
src/icons/Fonts/general-sans/GeneralSansMedium.tsx(153,5): error TS2339: Property 'glyph' does not exist on type 'JSX.IntrinsicElements'.
src/icons/Fonts/general-sans/GeneralSansMedium.tsx(156,5): error TS2339: Property 'glyph' does not exist on type 'JSX.IntrinsicElements'.
src/icons/Fonts/general-sans/GeneralSansMedium.tsx(158,5): error TS2339: Property 'glyph' does not exist on type 'JSX.IntrinsicElements'.
src/icons/Fonts/general-sans/GeneralSansMedium.tsx(160,5): error TS2339: Property 'glyph' does not exist on type 'JSX.IntrinsicElements'.
src/icons/Fonts/general-sans/GeneralSansMedium.tsx(162,5): error TS2339: Property 'glyph' does not exist on type 'JSX.IntrinsicElements'.
src/icons/Fonts/general-sans/GeneralSansMedium.tsx(164,5): error TS2339: Property 'glyph' does not exist on type 'JSX.IntrinsicElements'.
src/icons/Fonts/general-sans/GeneralSansMedium.tsx(166,5): error TS2339: Property 'glyph' does not exist on type 'JSX.IntrinsicElements'.
src/icons/Fonts/general-sans/GeneralSansMedium.tsx(168,5): error TS2339: Property 'glyph' does not exist on type 'JSX.IntrinsicElements'.
src/icons/Fonts/general-sans/GeneralSansMedium.tsx(170,5): error TS2339: Property 'glyph' does not exist on type 'JSX.IntrinsicElements'.
src/icons/Fonts/general-sans/GeneralSansMedium.tsx(172,5): error TS2339: Property 'glyph' does not exist on type 'JSX.IntrinsicElements'.
src/icons/Fonts/general-sans/GeneralSansMedium.tsx(174,5): error TS2339: Property 'glyph' does not exist on type 'JSX.IntrinsicElements'.
src/icons/Fonts/general-sans/GeneralSansMedium.tsx(176,5): error TS2339: Property 'glyph' does not exist on type 'JSX.IntrinsicElements'.
src/icons/Fonts/general-sans/GeneralSansMedium.tsx(178,5): error TS2339: Property 'glyph' does not exist on type 'JSX.IntrinsicElements'.
src/icons/Fonts/general-sans/GeneralSansMedium.tsx(180,5): error TS2339: Property 'glyph' does not exist on type 'JSX.IntrinsicElements'.
src/icons/Fonts/general-sans/GeneralSansMedium.tsx(182,5): error TS2339: Property 'glyph' does not exist on type 'JSX.IntrinsicElements'.
src/icons/Fonts/general-sans/GeneralSansMedium.tsx(185,5): error TS2339: Property 'glyph' does not exist on type 'JSX.IntrinsicElements'.
src/icons/Fonts/general-sans/GeneralSansMedium.tsx(187,5): error TS2339: Property 'glyph' does not exist on type 'JSX.IntrinsicElements'.
src/icons/Fonts/general-sans/GeneralSansMedium.tsx(189,5): error TS2339: Property 'glyph' does not exist on type 'JSX.IntrinsicElements'.
src/icons/Fonts/general-sans/GeneralSansMedium.tsx(191,5): error TS2339: Property 'glyph' does not exist on type 'JSX.IntrinsicElements'.
src/icons/Fonts/general-sans/GeneralSansMedium.tsx(193,5): error TS2339: Property 'glyph' does not exist on type 'JSX.IntrinsicElements'.
src/icons/Fonts/general-sans/GeneralSansMedium.tsx(195,5): error TS2339: Property 'glyph' does not exist on type 'JSX.IntrinsicElements'.
src/icons/Fonts/general-sans/GeneralSansMedium.tsx(198,5): error TS2339: Property 'glyph' does not exist on type 'JSX.IntrinsicElements'.
src/icons/Fonts/general-sans/GeneralSansMedium.tsx(200,5): error TS2339: Property 'glyph' does not exist on type 'JSX.IntrinsicElements'.
src/icons/Fonts/general-sans/GeneralSansMedium.tsx(202,5): error TS2339: Property 'glyph' does not exist on type 'JSX.IntrinsicElements'.
src/icons/Fonts/general-sans/GeneralSansMedium.tsx(204,5): error TS2339: Property 'glyph' does not exist on type 'JSX.IntrinsicElements'.
src/icons/Fonts/general-sans/GeneralSansMedium.tsx(206,5): error TS2339: Property 'glyph' does not exist on type 'JSX.IntrinsicElements'.
src/icons/Fonts/general-sans/GeneralSansMedium.tsx(208,5): error TS2339: Property 'glyph' does not exist on type 'JSX.IntrinsicElements'.
src/icons/Fonts/general-sans/GeneralSansMedium.tsx(210,5): error TS2339: Property 'glyph' does not exist on type 'JSX.IntrinsicElements'.
src/icons/Fonts/general-sans/GeneralSansMedium.tsx(212,5): error TS2339: Property 'glyph' does not exist on type 'JSX.IntrinsicElements'.
src/icons/Fonts/general-sans/GeneralSansMedium.tsx(214,5): error TS2339: Property 'glyph' does not exist on type 'JSX.IntrinsicElements'.
src/icons/Fonts/general-sans/GeneralSansMedium.tsx(216,5): error TS2339: Property 'glyph' does not exist on type 'JSX.IntrinsicElements'.
src/icons/Fonts/general-sans/GeneralSansMedium.tsx(218,5): error TS2339: Property 'glyph' does not exist on type 'JSX.IntrinsicElements'.
src/icons/Fonts/general-sans/GeneralSansMedium.tsx(220,5): error TS2339: Property 'glyph' does not exist on type 'JSX.IntrinsicElements'.
src/icons/Fonts/general-sans/GeneralSansMedium.tsx(223,5): error TS2339: Property 'glyph' does not exist on type 'JSX.IntrinsicElements'.
src/icons/Fonts/general-sans/GeneralSansMedium.tsx(225,5): error TS2339: Property 'glyph' does not exist on type 'JSX.IntrinsicElements'.
src/icons/Fonts/general-sans/GeneralSansMedium.tsx(227,5): error TS2339: Property 'glyph' does not exist on type 'JSX.IntrinsicElements'.
src/icons/Fonts/general-sans/GeneralSansMedium.tsx(229,5): error TS2339: Property 'glyph' does not exist on type 'JSX.IntrinsicElements'.
src/icons/Fonts/general-sans/GeneralSansMedium.tsx(231,5): error TS2339: Property 'glyph' does not exist on type 'JSX.IntrinsicElements'.
src/icons/Fonts/general-sans/GeneralSansMedium.tsx(233,5): error TS2339: Property 'glyph' does not exist on type 'JSX.IntrinsicElements'.
src/icons/Fonts/general-sans/GeneralSansMedium.tsx(235,5): error TS2339: Property 'glyph' does not exist on type 'JSX.IntrinsicElements'.
src/icons/Fonts/general-sans/GeneralSansMedium.tsx(237,5): error TS2339: Property 'glyph' does not exist on type 'JSX.IntrinsicElements'.
src/icons/Fonts/general-sans/GeneralSansMedium.tsx(240,5): error TS2339: Property 'glyph' does not exist on type 'JSX.IntrinsicElements'.
src/icons/Fonts/general-sans/GeneralSansMedium.tsx(242,5): error TS2339: Property 'glyph' does not exist on type 'JSX.IntrinsicElements'.
src/icons/Fonts/general-sans/GeneralSansMedium.tsx(245,5): error TS2339: Property 'glyph' does not exist on type 'JSX.IntrinsicElements'.
src/icons/Fonts/general-sans/GeneralSansMedium.tsx(247,5): error TS2339: Property 'glyph' does not exist on type 'JSX.IntrinsicElements'.
src/icons/Fonts/general-sans/GeneralSansMedium.tsx(249,5): error TS2339: Property 'glyph' does not exist on type 'JSX.IntrinsicElements'.
src/icons/Fonts/general-sans/GeneralSansMedium.tsx(251,5): error TS2339: Property 'glyph' does not exist on type 'JSX.IntrinsicElements'.
src/icons/Fonts/general-sans/GeneralSansMedium.tsx(254,5): error TS2339: Property 'glyph' does not exist on type 'JSX.IntrinsicElements'.
src/icons/Fonts/general-sans/GeneralSansMedium.tsx(257,5): error TS2339: Property 'glyph' does not exist on type 'JSX.IntrinsicElements'.
src/icons/Fonts/general-sans/GeneralSansMedium.tsx(260,5): error TS2339: Property 'glyph' does not exist on type 'JSX.IntrinsicElements'.
src/icons/Fonts/general-sans/GeneralSansMedium.tsx(262,5): error TS2339: Property 'glyph' does not exist on type 'JSX.IntrinsicElements'.
src/icons/Fonts/general-sans/GeneralSansMedium.tsx(264,5): error TS2339: Property 'glyph' does not exist on type 'JSX.IntrinsicElements'.
src/icons/Fonts/general-sans/GeneralSansMedium.tsx(267,5): error TS2339: Property 'glyph' does not exist on type 'JSX.IntrinsicElements'.
src/icons/Fonts/general-sans/GeneralSansMedium.tsx(269,5): error TS2339: Property 'glyph' does not exist on type 'JSX.IntrinsicElements'.
src/icons/Fonts/general-sans/GeneralSansMedium.tsx(272,5): error TS2339: Property 'glyph' does not exist on type 'JSX.IntrinsicElements'.
src/icons/Fonts/general-sans/GeneralSansMedium.tsx(275,5): error TS2339: Property 'glyph' does not exist on type 'JSX.IntrinsicElements'.
src/icons/Fonts/general-sans/GeneralSansMedium.tsx(277,5): error TS2339: Property 'glyph' does not exist on type 'JSX.IntrinsicElements'.
src/icons/Fonts/general-sans/GeneralSansMedium.tsx(279,5): error TS2339: Property 'glyph' does not exist on type 'JSX.IntrinsicElements'.
src/icons/Fonts/general-sans/GeneralSansMedium.tsx(281,5): error TS2339: Property 'glyph' does not exist on type 'JSX.IntrinsicElements'.
src/icons/Fonts/general-sans/GeneralSansMedium.tsx(284,5): error TS2339: Property 'glyph' does not exist on type 'JSX.IntrinsicElements'.
src/icons/Fonts/general-sans/GeneralSansMedium.tsx(286,5): error TS2339: Property 'glyph' does not exist on type 'JSX.IntrinsicElements'.
src/icons/Fonts/general-sans/GeneralSansMedium.tsx(288,5): error TS2339: Property 'glyph' does not exist on type 'JSX.IntrinsicElements'.
src/icons/Fonts/general-sans/GeneralSansMedium.tsx(290,5): error TS2339: Property 'glyph' does not exist on type 'JSX.IntrinsicElements'.
src/icons/Fonts/general-sans/GeneralSansMedium.tsx(292,5): error TS2339: Property 'glyph' does not exist on type 'JSX.IntrinsicElements'.
src/icons/Fonts/general-sans/GeneralSansMedium.tsx(295,5): error TS2339: Property 'glyph' does not exist on type 'JSX.IntrinsicElements'.
src/icons/Fonts/general-sans/GeneralSansMedium.tsx(297,5): error TS2339: Property 'glyph' does not exist on type 'JSX.IntrinsicElements'.
src/icons/Fonts/general-sans/GeneralSansMedium.tsx(299,5): error TS2339: Property 'glyph' does not exist on type 'JSX.IntrinsicElements'.
src/icons/Fonts/general-sans/GeneralSansMedium.tsx(301,5): error TS2339: Property 'glyph' does not exist on type 'JSX.IntrinsicElements'.
src/icons/Fonts/general-sans/GeneralSansMedium.tsx(303,5): error TS2339: Property 'glyph' does not exist on type 'JSX.IntrinsicElements'.
src/icons/Fonts/general-sans/GeneralSansMedium.tsx(305,5): error TS2339: Property 'glyph' does not exist on type 'JSX.IntrinsicElements'.
src/icons/Fonts/general-sans/GeneralSansMedium.tsx(307,5): error TS2339: Property 'glyph' does not exist on type 'JSX.IntrinsicElements'.
src/icons/Fonts/general-sans/GeneralSansMedium.tsx(309,5): error TS2339: Property 'glyph' does not exist on type 'JSX.IntrinsicElements'.
src/icons/Fonts/general-sans/GeneralSansMedium.tsx(311,5): error TS2339: Property 'glyph' does not exist on type 'JSX.IntrinsicElements'.
src/icons/Fonts/general-sans/GeneralSansMedium.tsx(313,5): error TS2339: Property 'glyph' does not exist on type 'JSX.IntrinsicElements'.
src/icons/Fonts/general-sans/GeneralSansMedium.tsx(315,5): error TS2339: Property 'glyph' does not exist on type 'JSX.IntrinsicElements'.
src/icons/Fonts/general-sans/GeneralSansMedium.tsx(318,5): error TS2339: Property 'glyph' does not exist on type 'JSX.IntrinsicElements'.
src/icons/Fonts/general-sans/GeneralSansMedium.tsx(321,5): error TS2339: Property 'glyph' does not exist on type 'JSX.IntrinsicElements'.
src/icons/Fonts/general-sans/GeneralSansMedium.tsx(323,5): error TS2339: Property 'glyph' does not exist on type 'JSX.IntrinsicElements'.
src/icons/Fonts/general-sans/GeneralSansMedium.tsx(325,5): error TS2339: Property 'glyph' does not exist on type 'JSX.IntrinsicElements'.
src/icons/Fonts/general-sans/GeneralSansMedium.tsx(327,5): error TS2339: Property 'glyph' does not exist on type 'JSX.IntrinsicElements'.
src/icons/Fonts/general-sans/GeneralSansMedium.tsx(329,5): error TS2339: Property 'glyph' does not exist on type 'JSX.IntrinsicElements'.
src/icons/Fonts/general-sans/GeneralSansMedium.tsx(332,5): error TS2339: Property 'glyph' does not exist on type 'JSX.IntrinsicElements'.
src/icons/Fonts/general-sans/GeneralSansMedium.tsx(335,5): error TS2339: Property 'glyph' does not exist on type 'JSX.IntrinsicElements'.
src/icons/Fonts/general-sans/GeneralSansMedium.tsx(337,5): error TS2339: Property 'glyph' does not exist on type 'JSX.IntrinsicElements'.
src/icons/Fonts/general-sans/GeneralSansMedium.tsx(340,5): error TS2339: Property 'glyph' does not exist on type 'JSX.IntrinsicElements'.
src/icons/Fonts/general-sans/GeneralSansMedium.tsx(342,5): error TS2339: Property 'glyph' does not exist on type 'JSX.IntrinsicElements'.
src/icons/Fonts/general-sans/GeneralSansMedium.tsx(344,5): error TS2339: Property 'glyph' does not exist on type 'JSX.IntrinsicElements'.
src/icons/Fonts/general-sans/GeneralSansMedium.tsx(346,5): error TS2339: Property 'glyph' does not exist on type 'JSX.IntrinsicElements'.
src/icons/Fonts/general-sans/GeneralSansMedium.tsx(349,5): error TS2339: Property 'glyph' does not exist on type 'JSX.IntrinsicElements'.
src/icons/Fonts/general-sans/GeneralSansMedium.tsx(351,5): error TS2339: Property 'glyph' does not exist on type 'JSX.IntrinsicElements'.
src/icons/Fonts/general-sans/GeneralSansMedium.tsx(353,5): error TS2339: Property 'glyph' does not exist on type 'JSX.IntrinsicElements'.
src/icons/Fonts/general-sans/GeneralSansMedium.tsx(355,5): error TS2339: Property 'glyph' does not exist on type 'JSX.IntrinsicElements'.
src/icons/Fonts/general-sans/GeneralSansMedium.tsx(357,5): error TS2339: Property 'glyph' does not exist on type 'JSX.IntrinsicElements'.
src/icons/Fonts/general-sans/GeneralSansMedium.tsx(359,5): error TS2339: Property 'glyph' does not exist on type 'JSX.IntrinsicElements'.
src/icons/Fonts/general-sans/GeneralSansMedium.tsx(361,5): error TS2339: Property 'glyph' does not exist on type 'JSX.IntrinsicElements'.
src/icons/Fonts/general-sans/GeneralSansMedium.tsx(363,5): error TS2339: Property 'glyph' does not exist on type 'JSX.IntrinsicElements'.
src/icons/Fonts/general-sans/GeneralSansMedium.tsx(365,5): error TS2339: Property 'glyph' does not exist on type 'JSX.IntrinsicElements'.
src/icons/Fonts/general-sans/GeneralSansMedium.tsx(367,5): error TS2339: Property 'glyph' does not exist on type 'JSX.IntrinsicElements'.
src/icons/Fonts/general-sans/GeneralSansMedium.tsx(370,5): error TS2339: Property 'glyph' does not exist on type 'JSX.IntrinsicElements'.
src/icons/Fonts/general-sans/GeneralSansMedium.tsx(373,5): error TS2339: Property 'glyph' does not exist on type 'JSX.IntrinsicElements'.
src/icons/Fonts/general-sans/GeneralSansMedium.tsx(375,5): error TS2339: Property 'glyph' does not exist on type 'JSX.IntrinsicElements'.
src/icons/Fonts/general-sans/GeneralSansMedium.tsx(378,5): error TS2339: Property 'glyph' does not exist on type 'JSX.IntrinsicElements'.
src/icons/Fonts/general-sans/GeneralSansMedium.tsx(380,5): error TS2339: Property 'glyph' does not exist on type 'JSX.IntrinsicElements'.
src/icons/Fonts/general-sans/GeneralSansMedium.tsx(382,5): error TS2339: Property 'glyph' does not exist on type 'JSX.IntrinsicElements'.
src/icons/Fonts/general-sans/GeneralSansMedium.tsx(384,5): error TS2339: Property 'glyph' does not exist on type 'JSX.IntrinsicElements'.
src/icons/Fonts/general-sans/GeneralSansMedium.tsx(387,5): error TS2339: Property 'glyph' does not exist on type 'JSX.IntrinsicElements'.
src/icons/Fonts/general-sans/GeneralSansMedium.tsx(389,5): error TS2339: Property 'glyph' does not exist on type 'JSX.IntrinsicElements'.
src/icons/Fonts/general-sans/GeneralSansMedium.tsx(391,5): error TS2339: Property 'glyph' does not exist on type 'JSX.IntrinsicElements'.
src/icons/Fonts/general-sans/GeneralSansMedium.tsx(394,5): error TS2339: Property 'glyph' does not exist on type 'JSX.IntrinsicElements'.
src/icons/Fonts/general-sans/GeneralSansMedium.tsx(397,5): error TS2339: Property 'glyph' does not exist on type 'JSX.IntrinsicElements'.
src/icons/Fonts/general-sans/GeneralSansMedium.tsx(400,5): error TS2339: Property 'glyph' does not exist on type 'JSX.IntrinsicElements'.
src/icons/Fonts/general-sans/GeneralSansMedium.tsx(403,5): error TS2339: Property 'glyph' does not exist on type 'JSX.IntrinsicElements'.
src/icons/Fonts/general-sans/GeneralSansMedium.tsx(406,5): error TS2339: Property 'glyph' does not exist on type 'JSX.IntrinsicElements'.
src/icons/Fonts/general-sans/GeneralSansMedium.tsx(410,5): error TS2339: Property 'glyph' does not exist on type 'JSX.IntrinsicElements'.
src/icons/Fonts/general-sans/GeneralSansMedium.tsx(413,5): error TS2339: Property 'glyph' does not exist on type 'JSX.IntrinsicElements'.
src/icons/Fonts/general-sans/GeneralSansMedium.tsx(417,5): error TS2339: Property 'glyph' does not exist on type 'JSX.IntrinsicElements'.
src/icons/Fonts/general-sans/GeneralSansMedium.tsx(420,5): error TS2339: Property 'glyph' does not exist on type 'JSX.IntrinsicElements'.
src/icons/Fonts/general-sans/GeneralSansMedium.tsx(423,5): error TS2339: Property 'glyph' does not exist on type 'JSX.IntrinsicElements'.
src/icons/Fonts/general-sans/GeneralSansMedium.tsx(426,5): error TS2339: Property 'glyph' does not exist on type 'JSX.IntrinsicElements'.
src/icons/Fonts/general-sans/GeneralSansMedium.tsx(429,5): error TS2339: Property 'glyph' does not exist on type 'JSX.IntrinsicElements'.
src/icons/Fonts/general-sans/GeneralSansMedium.tsx(432,5): error TS2339: Property 'glyph' does not exist on type 'JSX.IntrinsicElements'.
src/icons/Fonts/general-sans/GeneralSansMedium.tsx(434,5): error TS2339: Property 'glyph' does not exist on type 'JSX.IntrinsicElements'.
src/icons/Fonts/general-sans/GeneralSansMedium.tsx(436,5): error TS2339: Property 'glyph' does not exist on type 'JSX.IntrinsicElements'.
src/icons/Fonts/general-sans/GeneralSansMedium.tsx(438,5): error TS2339: Property 'glyph' does not exist on type 'JSX.IntrinsicElements'.
src/icons/Fonts/general-sans/GeneralSansMedium.tsx(440,5): error TS2339: Property 'glyph' does not exist on type 'JSX.IntrinsicElements'.
src/icons/Fonts/general-sans/GeneralSansMedium.tsx(443,5): error TS2339: Property 'glyph' does not exist on type 'JSX.IntrinsicElements'.
src/icons/Fonts/general-sans/GeneralSansMedium.tsx(446,5): error TS2339: Property 'glyph' does not exist on type 'JSX.IntrinsicElements'.
src/icons/Fonts/general-sans/GeneralSansMedium.tsx(448,5): error TS2339: Property 'glyph' does not exist on type 'JSX.IntrinsicElements'.
src/icons/Fonts/general-sans/GeneralSansMedium.tsx(450,5): error TS2339: Property 'glyph' does not exist on type 'JSX.IntrinsicElements'.
src/icons/Fonts/general-sans/GeneralSansMedium.tsx(452,5): error TS2339: Property 'glyph' does not exist on type 'JSX.IntrinsicElements'.
src/icons/Fonts/general-sans/GeneralSansMedium.tsx(455,5): error TS2339: Property 'glyph' does not exist on type 'JSX.IntrinsicElements'.
src/icons/Fonts/general-sans/GeneralSansMedium.tsx(458,5): error TS2339: Property 'glyph' does not exist on type 'JSX.IntrinsicElements'.
src/icons/Fonts/general-sans/GeneralSansMedium.tsx(460,5): error TS2339: Property 'glyph' does not exist on type 'JSX.IntrinsicElements'.
src/icons/Fonts/general-sans/GeneralSansMedium.tsx(463,5): error TS2339: Property 'glyph' does not exist on type 'JSX.IntrinsicElements'.
src/icons/Fonts/general-sans/GeneralSansMedium.tsx(465,5): error TS2339: Property 'glyph' does not exist on type 'JSX.IntrinsicElements'.
src/icons/Fonts/general-sans/GeneralSansMedium.tsx(467,5): error TS2339: Property 'glyph' does not exist on type 'JSX.IntrinsicElements'.
src/icons/Fonts/general-sans/GeneralSansMedium.tsx(469,5): error TS2339: Property 'glyph' does not exist on type 'JSX.IntrinsicElements'.
src/icons/Fonts/general-sans/GeneralSansMedium.tsx(472,5): error TS2339: Property 'glyph' does not exist on type 'JSX.IntrinsicElements'.
src/icons/Fonts/general-sans/GeneralSansMedium.tsx(474,5): error TS2339: Property 'glyph' does not exist on type 'JSX.IntrinsicElements'.
src/icons/Fonts/general-sans/GeneralSansMedium.tsx(476,5): error TS2339: Property 'glyph' does not exist on type 'JSX.IntrinsicElements'.
src/icons/Fonts/general-sans/GeneralSansMedium.tsx(479,5): error TS2339: Property 'glyph' does not exist on type 'JSX.IntrinsicElements'.
src/icons/Fonts/general-sans/GeneralSansMedium.tsx(481,5): error TS2339: Property 'glyph' does not exist on type 'JSX.IntrinsicElements'.
src/icons/Fonts/general-sans/GeneralSansMedium.tsx(484,5): error TS2339: Property 'glyph' does not exist on type 'JSX.IntrinsicElements'.
src/icons/Fonts/general-sans/GeneralSansMedium.tsx(486,5): error TS2339: Property 'glyph' does not exist on type 'JSX.IntrinsicElements'.
src/icons/Fonts/general-sans/GeneralSansMedium.tsx(489,5): error TS2339: Property 'glyph' does not exist on type 'JSX.IntrinsicElements'.
src/icons/Fonts/general-sans/GeneralSansMedium.tsx(491,5): error TS2339: Property 'glyph' does not exist on type 'JSX.IntrinsicElements'.
src/icons/Fonts/general-sans/GeneralSansMedium.tsx(494,5): error TS2339: Property 'glyph' does not exist on type 'JSX.IntrinsicElements'.
src/icons/Fonts/general-sans/GeneralSansMedium.tsx(497,5): error TS2339: Property 'glyph' does not exist on type 'JSX.IntrinsicElements'.
src/icons/Fonts/general-sans/GeneralSansMedium.tsx(499,5): error TS2339: Property 'glyph' does not exist on type 'JSX.IntrinsicElements'.
src/icons/Fonts/general-sans/GeneralSansMedium.tsx(502,5): error TS2339: Property 'glyph' does not exist on type 'JSX.IntrinsicElements'.
src/icons/Fonts/general-sans/GeneralSansMedium.tsx(505,5): error TS2339: Property 'glyph' does not exist on type 'JSX.IntrinsicElements'.
src/icons/Fonts/general-sans/GeneralSansMedium.tsx(507,5): error TS2339: Property 'glyph' does not exist on type 'JSX.IntrinsicElements'.
src/icons/Fonts/general-sans/GeneralSansMedium.tsx(509,5): error TS2339: Property 'glyph' does not exist on type 'JSX.IntrinsicElements'.
src/icons/Fonts/general-sans/GeneralSansMedium.tsx(511,5): error TS2339: Property 'glyph' does not exist on type 'JSX.IntrinsicElements'.
src/icons/Fonts/general-sans/GeneralSansMedium.tsx(514,5): error TS2339: Property 'glyph' does not exist on type 'JSX.IntrinsicElements'.
src/icons/Fonts/general-sans/GeneralSansMedium.tsx(516,5): error TS2339: Property 'glyph' does not exist on type 'JSX.IntrinsicElements'.
src/icons/Fonts/general-sans/GeneralSansMedium.tsx(519,5): error TS2339: Property 'glyph' does not exist on type 'JSX.IntrinsicElements'.
src/icons/Fonts/general-sans/GeneralSansMedium.tsx(521,5): error TS2339: Property 'glyph' does not exist on type 'JSX.IntrinsicElements'.
src/icons/Fonts/general-sans/GeneralSansMedium.tsx(524,5): error TS2339: Property 'glyph' does not exist on type 'JSX.IntrinsicElements'.
src/icons/Fonts/general-sans/GeneralSansMedium.tsx(526,5): error TS2339: Property 'glyph' does not exist on type 'JSX.IntrinsicElements'.
src/icons/Fonts/general-sans/GeneralSansMedium.tsx(529,5): error TS2339: Property 'glyph' does not exist on type 'JSX.IntrinsicElements'.
src/icons/Fonts/general-sans/GeneralSansMedium.tsx(531,5): error TS2339: Property 'glyph' does not exist on type 'JSX.IntrinsicElements'.
src/icons/Fonts/general-sans/GeneralSansMedium.tsx(534,5): error TS2339: Property 'glyph' does not exist on type 'JSX.IntrinsicElements'.
src/icons/Fonts/general-sans/GeneralSansMedium.tsx(537,5): error TS2339: Property 'glyph' does not exist on type 'JSX.IntrinsicElements'.
src/icons/Fonts/general-sans/GeneralSansMedium.tsx(540,5): error TS2339: Property 'glyph' does not exist on type 'JSX.IntrinsicElements'.
src/icons/Fonts/general-sans/GeneralSansMedium.tsx(543,5): error TS2339: Property 'glyph' does not exist on type 'JSX.IntrinsicElements'.
src/icons/Fonts/general-sans/GeneralSansMedium.tsx(546,5): error TS2339: Property 'glyph' does not exist on type 'JSX.IntrinsicElements'.
src/icons/Fonts/general-sans/GeneralSansMedium.tsx(548,5): error TS2339: Property 'glyph' does not exist on type 'JSX.IntrinsicElements'.
src/icons/Fonts/general-sans/GeneralSansMedium.tsx(550,5): error TS2339: Property 'glyph' does not exist on type 'JSX.IntrinsicElements'.
src/icons/Fonts/general-sans/GeneralSansMedium.tsx(552,5): error TS2339: Property 'glyph' does not exist on type 'JSX.IntrinsicElements'.
src/icons/Fonts/general-sans/GeneralSansMedium.tsx(554,5): error TS2339: Property 'glyph' does not exist on type 'JSX.IntrinsicElements'.
src/icons/Fonts/general-sans/GeneralSansMedium.tsx(556,5): error TS2339: Property 'glyph' does not exist on type 'JSX.IntrinsicElements'.
src/icons/Fonts/general-sans/GeneralSansMedium.tsx(558,5): error TS2339: Property 'glyph' does not exist on type 'JSX.IntrinsicElements'.
src/icons/Fonts/general-sans/GeneralSansMedium.tsx(560,5): error TS2339: Property 'glyph' does not exist on type 'JSX.IntrinsicElements'.
src/icons/Fonts/general-sans/GeneralSansMedium.tsx(562,5): error TS2339: Property 'glyph' does not exist on type 'JSX.IntrinsicElements'.
src/icons/Fonts/general-sans/GeneralSansMedium.tsx(564,5): error TS2339: Property 'glyph' does not exist on type 'JSX.IntrinsicElements'.
src/icons/Fonts/general-sans/GeneralSansMedium.tsx(566,5): error TS2339: Property 'glyph' does not exist on type 'JSX.IntrinsicElements'.
src/icons/Fonts/general-sans/GeneralSansMedium.tsx(568,5): error TS2339: Property 'glyph' does not exist on type 'JSX.IntrinsicElements'.
src/icons/Fonts/general-sans/GeneralSansMedium.tsx(570,5): error TS2339: Property 'glyph' does not exist on type 'JSX.IntrinsicElements'.
src/icons/Fonts/general-sans/GeneralSansMedium.tsx(572,5): error TS2339: Property 'glyph' does not exist on type 'JSX.IntrinsicElements'.
src/icons/Fonts/general-sans/GeneralSansMedium.tsx(574,5): error TS2339: Property 'glyph' does not exist on type 'JSX.IntrinsicElements'.
src/icons/Fonts/general-sans/GeneralSansMedium.tsx(576,5): error TS2339: Property 'glyph' does not exist on type 'JSX.IntrinsicElements'.
src/icons/Fonts/general-sans/GeneralSansMedium.tsx(578,5): error TS2339: Property 'glyph' does not exist on type 'JSX.IntrinsicElements'.
src/icons/Fonts/general-sans/GeneralSansMedium.tsx(580,5): error TS2339: Property 'glyph' does not exist on type 'JSX.IntrinsicElements'.
src/icons/Fonts/general-sans/GeneralSansMedium.tsx(582,5): error TS2339: Property 'glyph' does not exist on type 'JSX.IntrinsicElements'.
src/icons/Fonts/general-sans/GeneralSansMedium.tsx(584,5): error TS2339: Property 'glyph' does not exist on type 'JSX.IntrinsicElements'.
src/icons/Fonts/general-sans/GeneralSansMedium.tsx(587,5): error TS2339: Property 'glyph' does not exist on type 'JSX.IntrinsicElements'.
src/icons/Fonts/general-sans/GeneralSansMedium.tsx(589,5): error TS2339: Property 'glyph' does not exist on type 'JSX.IntrinsicElements'.
src/icons/Fonts/general-sans/GeneralSansMedium.tsx(591,5): error TS2339: Property 'glyph' does not exist on type 'JSX.IntrinsicElements'.
src/icons/Fonts/general-sans/GeneralSansMedium.tsx(593,5): error TS2339: Property 'glyph' does not exist on type 'JSX.IntrinsicElements'.
src/icons/Fonts/general-sans/GeneralSansMedium.tsx(595,5): error TS2339: Property 'glyph' does not exist on type 'JSX.IntrinsicElements'.
src/icons/Fonts/general-sans/GeneralSansMedium.tsx(598,5): error TS2339: Property 'glyph' does not exist on type 'JSX.IntrinsicElements'.
src/icons/Fonts/general-sans/GeneralSansMedium.tsx(600,5): error TS2339: Property 'glyph' does not exist on type 'JSX.IntrinsicElements'.
src/icons/Fonts/general-sans/GeneralSansMedium.tsx(603,5): error TS2339: Property 'glyph' does not exist on type 'JSX.IntrinsicElements'.
src/icons/Fonts/general-sans/GeneralSansMedium.tsx(606,5): error TS2339: Property 'glyph' does not exist on type 'JSX.IntrinsicElements'.
src/icons/Fonts/general-sans/GeneralSansMedium.tsx(608,5): error TS2339: Property 'glyph' does not exist on type 'JSX.IntrinsicElements'.
src/icons/Fonts/general-sans/GeneralSansMedium.tsx(610,5): error TS2339: Property 'glyph' does not exist on type 'JSX.IntrinsicElements'.
src/icons/Fonts/general-sans/GeneralSansMedium.tsx(613,5): error TS2339: Property 'glyph' does not exist on type 'JSX.IntrinsicElements'.
src/icons/Fonts/general-sans/GeneralSansMedium.tsx(615,5): error TS2339: Property 'glyph' does not exist on type 'JSX.IntrinsicElements'.
src/icons/Fonts/general-sans/GeneralSansMedium.tsx(617,5): error TS2339: Property 'glyph' does not exist on type 'JSX.IntrinsicElements'.
src/icons/Fonts/general-sans/GeneralSansMedium.tsx(619,5): error TS2339: Property 'glyph' does not exist on type 'JSX.IntrinsicElements'.
src/icons/Fonts/general-sans/GeneralSansMedium.tsx(622,5): error TS2339: Property 'glyph' does not exist on type 'JSX.IntrinsicElements'.
src/icons/Fonts/general-sans/GeneralSansMedium.tsx(625,5): error TS2339: Property 'glyph' does not exist on type 'JSX.IntrinsicElements'.
src/icons/Fonts/general-sans/GeneralSansMedium.tsx(628,5): error TS2339: Property 'glyph' does not exist on type 'JSX.IntrinsicElements'.
src/icons/Fonts/general-sans/GeneralSansMedium.tsx(631,5): error TS2339: Property 'glyph' does not exist on type 'JSX.IntrinsicElements'.
src/icons/Fonts/general-sans/GeneralSansMedium.tsx(634,5): error TS2339: Property 'glyph' does not exist on type 'JSX.IntrinsicElements'.
src/icons/Fonts/general-sans/GeneralSansMedium.tsx(637,5): error TS2339: Property 'glyph' does not exist on type 'JSX.IntrinsicElements'.
src/icons/Fonts/general-sans/GeneralSansMedium.tsx(639,5): error TS2339: Property 'glyph' does not exist on type 'JSX.IntrinsicElements'.
src/icons/Fonts/general-sans/GeneralSansMedium.tsx(642,5): error TS2339: Property 'glyph' does not exist on type 'JSX.IntrinsicElements'.
src/icons/Fonts/general-sans/GeneralSansMedium.tsx(644,5): error TS2339: Property 'glyph' does not exist on type 'JSX.IntrinsicElements'.
src/icons/Fonts/general-sans/GeneralSansMedium.tsx(646,5): error TS2339: Property 'glyph' does not exist on type 'JSX.IntrinsicElements'.
src/icons/Fonts/general-sans/GeneralSansMedium.tsx(648,5): error TS2339: Property 'glyph' does not exist on type 'JSX.IntrinsicElements'.
src/icons/Fonts/general-sans/GeneralSansMedium.tsx(650,5): error TS2339: Property 'glyph' does not exist on type 'JSX.IntrinsicElements'.
src/icons/Fonts/general-sans/GeneralSansMedium.tsx(653,5): error TS2339: Property 'glyph' does not exist on type 'JSX.IntrinsicElements'.
src/icons/Fonts/general-sans/GeneralSansMedium.tsx(656,5): error TS2339: Property 'glyph' does not exist on type 'JSX.IntrinsicElements'.
src/icons/Fonts/general-sans/GeneralSansMedium.tsx(658,5): error TS2339: Property 'glyph' does not exist on type 'JSX.IntrinsicElements'.
src/icons/Fonts/general-sans/GeneralSansMedium.tsx(660,5): error TS2339: Property 'glyph' does not exist on type 'JSX.IntrinsicElements'.
src/icons/Fonts/general-sans/GeneralSansMedium.tsx(663,5): error TS2339: Property 'glyph' does not exist on type 'JSX.IntrinsicElements'.
src/icons/Fonts/general-sans/GeneralSansMedium.tsx(665,5): error TS2339: Property 'glyph' does not exist on type 'JSX.IntrinsicElements'.
src/icons/Fonts/general-sans/GeneralSansMedium.tsx(667,5): error TS2339: Property 'glyph' does not exist on type 'JSX.IntrinsicElements'.
src/icons/Fonts/general-sans/GeneralSansMedium.tsx(669,5): error TS2339: Property 'glyph' does not exist on type 'JSX.IntrinsicElements'.
src/icons/Fonts/general-sans/GeneralSansMedium.tsx(671,5): error TS2339: Property 'glyph' does not exist on type 'JSX.IntrinsicElements'.
src/icons/Fonts/general-sans/GeneralSansMedium.tsx(673,5): error TS2339: Property 'glyph' does not exist on type 'JSX.IntrinsicElements'.
src/icons/Fonts/general-sans/GeneralSansMedium.tsx(676,5): error TS2339: Property 'glyph' does not exist on type 'JSX.IntrinsicElements'.
src/icons/Fonts/general-sans/GeneralSansMedium.tsx(678,5): error TS2339: Property 'glyph' does not exist on type 'JSX.IntrinsicElements'.
src/icons/Fonts/general-sans/GeneralSansMedium.tsx(680,5): error TS2339: Property 'glyph' does not exist on type 'JSX.IntrinsicElements'.
src/icons/Fonts/general-sans/GeneralSansMedium.tsx(682,5): error TS2339: Property 'glyph' does not exist on type 'JSX.IntrinsicElements'.
src/icons/Fonts/general-sans/GeneralSansMedium.tsx(684,5): error TS2339: Property 'glyph' does not exist on type 'JSX.IntrinsicElements'.
src/icons/Fonts/general-sans/GeneralSansMedium.tsx(686,5): error TS2339: Property 'glyph' does not exist on type 'JSX.IntrinsicElements'.
src/icons/Fonts/general-sans/GeneralSansMedium.tsx(688,5): error TS2339: Property 'glyph' does not exist on type 'JSX.IntrinsicElements'.
src/icons/Fonts/general-sans/GeneralSansMedium.tsx(690,5): error TS2339: Property 'glyph' does not exist on type 'JSX.IntrinsicElements'.
src/icons/Fonts/general-sans/GeneralSansMedium.tsx(693,5): error TS2339: Property 'glyph' does not exist on type 'JSX.IntrinsicElements'.
src/icons/Fonts/general-sans/GeneralSansMedium.tsx(696,5): error TS2339: Property 'glyph' does not exist on type 'JSX.IntrinsicElements'.
src/icons/Fonts/general-sans/GeneralSansMedium.tsx(698,5): error TS2339: Property 'glyph' does not exist on type 'JSX.IntrinsicElements'.
src/icons/Fonts/general-sans/GeneralSansMedium.tsx(701,5): error TS2339: Property 'glyph' does not exist on type 'JSX.IntrinsicElements'.
src/icons/Fonts/general-sans/GeneralSansMedium.tsx(703,5): error TS2339: Property 'glyph' does not exist on type 'JSX.IntrinsicElements'.
src/icons/Fonts/general-sans/GeneralSansMedium.tsx(705,5): error TS2339: Property 'glyph' does not exist on type 'JSX.IntrinsicElements'.
src/icons/Fonts/general-sans/GeneralSansMedium.tsx(707,5): error TS2339: Property 'glyph' does not exist on type 'JSX.IntrinsicElements'.
src/icons/Fonts/general-sans/GeneralSansMedium.tsx(709,5): error TS2339: Property 'glyph' does not exist on type 'JSX.IntrinsicElements'.
src/icons/Fonts/general-sans/GeneralSansMedium.tsx(711,5): error TS2339: Property 'glyph' does not exist on type 'JSX.IntrinsicElements'.
src/icons/Fonts/general-sans/GeneralSansMedium.tsx(713,5): error TS2339: Property 'glyph' does not exist on type 'JSX.IntrinsicElements'.
src/icons/Fonts/general-sans/GeneralSansMedium.tsx(715,5): error TS2339: Property 'glyph' does not exist on type 'JSX.IntrinsicElements'.
src/icons/Fonts/general-sans/GeneralSansMedium.tsx(717,5): error TS2339: Property 'glyph' does not exist on type 'JSX.IntrinsicElements'.
src/icons/Fonts/general-sans/GeneralSansMedium.tsx(719,5): error TS2339: Property 'glyph' does not exist on type 'JSX.IntrinsicElements'.
src/icons/Fonts/general-sans/GeneralSansMedium.tsx(721,5): error TS2339: Property 'glyph' does not exist on type 'JSX.IntrinsicElements'.
src/icons/Fonts/general-sans/GeneralSansMedium.tsx(723,5): error TS2339: Property 'glyph' does not exist on type 'JSX.IntrinsicElements'.
src/icons/Fonts/general-sans/GeneralSansMedium.tsx(725,5): error TS2339: Property 'glyph' does not exist on type 'JSX.IntrinsicElements'.
src/icons/Fonts/general-sans/GeneralSansMedium.tsx(727,5): error TS2339: Property 'glyph' does not exist on type 'JSX.IntrinsicElements'.
src/icons/Fonts/general-sans/GeneralSansMedium.tsx(729,5): error TS2339: Property 'glyph' does not exist on type 'JSX.IntrinsicElements'.
src/icons/Fonts/general-sans/GeneralSansMedium.tsx(731,5): error TS2339: Property 'glyph' does not exist on type 'JSX.IntrinsicElements'.
src/icons/Fonts/general-sans/GeneralSansMedium.tsx(733,5): error TS2339: Property 'glyph' does not exist on type 'JSX.IntrinsicElements'.
src/icons/Fonts/general-sans/GeneralSansMedium.tsx(735,5): error TS2339: Property 'glyph' does not exist on type 'JSX.IntrinsicElements'.
src/icons/Fonts/general-sans/GeneralSansMedium.tsx(737,5): error TS2339: Property 'glyph' does not exist on type 'JSX.IntrinsicElements'.
src/icons/Fonts/general-sans/GeneralSansMedium.tsx(739,5): error TS2339: Property 'glyph' does not exist on type 'JSX.IntrinsicElements'.
src/icons/Fonts/general-sans/GeneralSansMedium.tsx(741,5): error TS2339: Property 'glyph' does not exist on type 'JSX.IntrinsicElements'.
src/icons/Fonts/general-sans/GeneralSansMedium.tsx(743,5): error TS2339: Property 'glyph' does not exist on type 'JSX.IntrinsicElements'.
src/icons/Fonts/general-sans/GeneralSansMedium.tsx(745,5): error TS2339: Property 'glyph' does not exist on type 'JSX.IntrinsicElements'.
src/icons/Fonts/general-sans/GeneralSansMedium.tsx(747,5): error TS2339: Property 'glyph' does not exist on type 'JSX.IntrinsicElements'.
src/icons/Fonts/general-sans/GeneralSansMedium.tsx(749,5): error TS2339: Property 'glyph' does not exist on type 'JSX.IntrinsicElements'.
src/icons/Fonts/general-sans/GeneralSansMedium.tsx(751,5): error TS2339: Property 'glyph' does not exist on type 'JSX.IntrinsicElements'.
src/icons/Fonts/general-sans/GeneralSansMedium.tsx(753,5): error TS2339: Property 'glyph' does not exist on type 'JSX.IntrinsicElements'.
src/icons/Fonts/general-sans/GeneralSansMedium.tsx(755,5): error TS2339: Property 'glyph' does not exist on type 'JSX.IntrinsicElements'.
src/icons/Fonts/general-sans/GeneralSansMedium.tsx(757,5): error TS2339: Property 'glyph' does not exist on type 'JSX.IntrinsicElements'.
src/icons/Fonts/general-sans/GeneralSansMedium.tsx(759,5): error TS2339: Property 'glyph' does not exist on type 'JSX.IntrinsicElements'.
src/icons/Fonts/general-sans/GeneralSansMedium.tsx(761,5): error TS2339: Property 'glyph' does not exist on type 'JSX.IntrinsicElements'.
src/icons/Fonts/general-sans/GeneralSansMedium.tsx(763,5): error TS2339: Property 'glyph' does not exist on type 'JSX.IntrinsicElements'.
src/icons/Fonts/general-sans/GeneralSansMedium.tsx(765,5): error TS2339: Property 'glyph' does not exist on type 'JSX.IntrinsicElements'.
src/icons/Fonts/general-sans/GeneralSansMedium.tsx(767,5): error TS2339: Property 'glyph' does not exist on type 'JSX.IntrinsicElements'.
src/icons/Fonts/general-sans/GeneralSansMedium.tsx(769,5): error TS2339: Property 'glyph' does not exist on type 'JSX.IntrinsicElements'.
src/icons/Fonts/general-sans/GeneralSansMedium.tsx(771,5): error TS2339: Property 'glyph' does not exist on type 'JSX.IntrinsicElements'.
src/icons/Fonts/general-sans/GeneralSansMedium.tsx(773,5): error TS2339: Property 'glyph' does not exist on type 'JSX.IntrinsicElements'.
src/icons/Fonts/general-sans/GeneralSansMedium.tsx(776,5): error TS2339: Property 'glyph' does not exist on type 'JSX.IntrinsicElements'.
src/icons/Fonts/general-sans/GeneralSansMedium.tsx(779,5): error TS2339: Property 'glyph' does not exist on type 'JSX.IntrinsicElements'.
src/icons/Fonts/general-sans/GeneralSansMedium.tsx(781,5): error TS2339: Property 'glyph' does not exist on type 'JSX.IntrinsicElements'.
src/icons/Fonts/general-sans/GeneralSansMedium.tsx(783,5): error TS2339: Property 'glyph' does not exist on type 'JSX.IntrinsicElements'.
src/icons/Fonts/general-sans/GeneralSansMedium.tsx(785,5): error TS2339: Property 'glyph' does not exist on type 'JSX.IntrinsicElements'.
src/icons/Fonts/general-sans/GeneralSansMedium.tsx(787,5): error TS2339: Property 'glyph' does not exist on type 'JSX.IntrinsicElements'.
src/icons/Fonts/general-sans/GeneralSansMedium.tsx(789,5): error TS2339: Property 'glyph' does not exist on type 'JSX.IntrinsicElements'.
src/icons/Fonts/general-sans/GeneralSansMedium.tsx(791,5): error TS2339: Property 'glyph' does not exist on type 'JSX.IntrinsicElements'.
src/icons/Fonts/general-sans/GeneralSansMedium.tsx(793,5): error TS2339: Property 'glyph' does not exist on type 'JSX.IntrinsicElements'.
src/icons/Fonts/general-sans/GeneralSansMedium.tsx(796,5): error TS2339: Property 'glyph' does not exist on type 'JSX.IntrinsicElements'.
src/icons/Fonts/general-sans/GeneralSansMedium.tsx(799,5): error TS2339: Property 'glyph' does not exist on type 'JSX.IntrinsicElements'.
src/icons/Fonts/general-sans/GeneralSansMedium.tsx(802,5): error TS2339: Property 'glyph' does not exist on type 'JSX.IntrinsicElements'.
src/icons/Fonts/general-sans/GeneralSansMedium.tsx(804,5): error TS2339: Property 'glyph' does not exist on type 'JSX.IntrinsicElements'.
src/icons/Fonts/general-sans/GeneralSansMedium.tsx(806,5): error TS2339: Property 'glyph' does not exist on type 'JSX.IntrinsicElements'.
src/icons/Fonts/general-sans/GeneralSansMedium.tsx(808,5): error TS2339: Property 'glyph' does not exist on type 'JSX.IntrinsicElements'.
src/icons/Fonts/general-sans/GeneralSansMedium.tsx(811,5): error TS2339: Property 'glyph' does not exist on type 'JSX.IntrinsicElements'.
src/icons/Fonts/general-sans/GeneralSansMedium.tsx(815,5): error TS2339: Property 'glyph' does not exist on type 'JSX.IntrinsicElements'.
src/icons/Fonts/general-sans/GeneralSansMedium.tsx(817,5): error TS2339: Property 'glyph' does not exist on type 'JSX.IntrinsicElements'.
src/icons/Fonts/general-sans/GeneralSansMedium.tsx(819,5): error TS2339: Property 'glyph' does not exist on type 'JSX.IntrinsicElements'.
src/icons/Fonts/general-sans/GeneralSansMedium.tsx(821,5): error TS2339: Property 'glyph' does not exist on type 'JSX.IntrinsicElements'.
src/icons/Fonts/general-sans/GeneralSansMedium.tsx(823,5): error TS2339: Property 'glyph' does not exist on type 'JSX.IntrinsicElements'.
src/icons/Fonts/general-sans/GeneralSansMedium.tsx(825,5): error TS2339: Property 'glyph' does not exist on type 'JSX.IntrinsicElements'.
src/icons/Fonts/general-sans/GeneralSansMedium.tsx(827,5): error TS2339: Property 'glyph' does not exist on type 'JSX.IntrinsicElements'.
src/icons/Fonts/general-sans/GeneralSansMedium.tsx(829,5): error TS2339: Property 'glyph' does not exist on type 'JSX.IntrinsicElements'.
src/icons/Fonts/general-sans/GeneralSansMedium.tsx(831,5): error TS2339: Property 'glyph' does not exist on type 'JSX.IntrinsicElements'.
src/icons/Fonts/general-sans/GeneralSansMedium.tsx(834,5): error TS2339: Property 'glyph' does not exist on type 'JSX.IntrinsicElements'.
src/icons/Fonts/general-sans/GeneralSansMedium.tsx(836,5): error TS2339: Property 'glyph' does not exist on type 'JSX.IntrinsicElements'.
src/icons/Fonts/general-sans/GeneralSansMedium.tsx(838,5): error TS2339: Property 'glyph' does not exist on type 'JSX.IntrinsicElements'.
src/icons/Fonts/general-sans/GeneralSansMedium.tsx(840,5): error TS2339: Property 'glyph' does not exist on type 'JSX.IntrinsicElements'.
src/icons/Fonts/general-sans/GeneralSansMedium.tsx(842,5): error TS2339: Property 'glyph' does not exist on type 'JSX.IntrinsicElements'.
src/icons/Fonts/general-sans/GeneralSansMedium.tsx(845,5): error TS2339: Property 'glyph' does not exist on type 'JSX.IntrinsicElements'.
src/icons/Fonts/general-sans/GeneralSansMedium.tsx(847,5): error TS2339: Property 'glyph' does not exist on type 'JSX.IntrinsicElements'.
src/icons/Fonts/general-sans/GeneralSansMedium.tsx(849,5): error TS2339: Property 'glyph' does not exist on type 'JSX.IntrinsicElements'.
src/icons/Fonts/general-sans/GeneralSansMedium.tsx(851,5): error TS2339: Property 'glyph' does not exist on type 'JSX.IntrinsicElements'.
src/icons/Fonts/general-sans/GeneralSansMedium.tsx(853,5): error TS2339: Property 'glyph' does not exist on type 'JSX.IntrinsicElements'.
src/icons/Fonts/general-sans/GeneralSansMedium.tsx(856,5): error TS2339: Property 'glyph' does not exist on type 'JSX.IntrinsicElements'.
src/icons/Fonts/general-sans/GeneralSansMedium.tsx(858,5): error TS2339: Property 'glyph' does not exist on type 'JSX.IntrinsicElements'.
src/icons/Fonts/general-sans/GeneralSansMedium.tsx(861,5): error TS2339: Property 'glyph' does not exist on type 'JSX.IntrinsicElements'.
src/icons/Fonts/general-sans/GeneralSansMedium.tsx(863,5): error TS2339: Property 'glyph' does not exist on type 'JSX.IntrinsicElements'.
src/icons/Fonts/general-sans/GeneralSansMedium.tsx(865,5): error TS2339: Property 'glyph' does not exist on type 'JSX.IntrinsicElements'.
src/icons/Fonts/general-sans/GeneralSansMedium.tsx(867,5): error TS2339: Property 'glyph' does not exist on type 'JSX.IntrinsicElements'.
src/icons/Fonts/general-sans/GeneralSansMedium.tsx(869,5): error TS2339: Property 'glyph' does not exist on type 'JSX.IntrinsicElements'.
src/icons/Fonts/general-sans/GeneralSansMedium.tsx(872,5): error TS2339: Property 'glyph' does not exist on type 'JSX.IntrinsicElements'.
src/icons/Fonts/general-sans/GeneralSansMedium.tsx(875,5): error TS2339: Property 'glyph' does not exist on type 'JSX.IntrinsicElements'.
src/icons/Fonts/general-sans/GeneralSansMedium.tsx(877,5): error TS2339: Property 'glyph' does not exist on type 'JSX.IntrinsicElements'.
src/icons/Fonts/general-sans/GeneralSansMedium.tsx(879,5): error TS2339: Property 'glyph' does not exist on type 'JSX.IntrinsicElements'.
src/icons/Fonts/general-sans/GeneralSansMedium.tsx(881,5): error TS2339: Property 'glyph' does not exist on type 'JSX.IntrinsicElements'.
src/icons/Fonts/general-sans/GeneralSansMedium.tsx(883,5): error TS2339: Property 'glyph' does not exist on type 'JSX.IntrinsicElements'.
src/icons/Fonts/general-sans/GeneralSansMedium.tsx(885,5): error TS2339: Property 'glyph' does not exist on type 'JSX.IntrinsicElements'.
src/icons/Fonts/general-sans/GeneralSansMedium.tsx(887,5): error TS2339: Property 'glyph' does not exist on type 'JSX.IntrinsicElements'.
src/icons/Fonts/general-sans/GeneralSansMedium.tsx(889,5): error TS2339: Property 'glyph' does not exist on type 'JSX.IntrinsicElements'.
src/icons/Fonts/general-sans/GeneralSansMedium.tsx(892,5): error TS2339: Property 'glyph' does not exist on type 'JSX.IntrinsicElements'.
src/icons/Fonts/general-sans/GeneralSansMedium.tsx(894,5): error TS2339: Property 'glyph' does not exist on type 'JSX.IntrinsicElements'.
src/icons/Fonts/general-sans/GeneralSansMedium.tsx(897,5): error TS2339: Property 'glyph' does not exist on type 'JSX.IntrinsicElements'.
src/icons/Fonts/general-sans/GeneralSansMedium.tsx(899,5): error TS2339: Property 'glyph' does not exist on type 'JSX.IntrinsicElements'.
src/icons/Fonts/general-sans/GeneralSansMedium.tsx(901,5): error TS2339: Property 'glyph' does not exist on type 'JSX.IntrinsicElements'.
src/icons/Fonts/general-sans/GeneralSansMedium.tsx(903,5): error TS2339: Property 'glyph' does not exist on type 'JSX.IntrinsicElements'.
src/icons/Fonts/general-sans/GeneralSansMedium.tsx(905,5): error TS2339: Property 'glyph' does not exist on type 'JSX.IntrinsicElements'.
src/icons/Fonts/general-sans/GeneralSansMedium.tsx(907,5): error TS2339: Property 'glyph' does not exist on type 'JSX.IntrinsicElements'.
src/icons/Fonts/general-sans/GeneralSansMedium.tsx(910,5): error TS2339: Property 'glyph' does not exist on type 'JSX.IntrinsicElements'.
src/icons/Fonts/general-sans/GeneralSansMedium.tsx(912,5): error TS2339: Property 'glyph' does not exist on type 'JSX.IntrinsicElements'.
src/icons/Fonts/general-sans/GeneralSansMedium.tsx(914,5): error TS2339: Property 'glyph' does not exist on type 'JSX.IntrinsicElements'.
src/icons/Fonts/general-sans/GeneralSansMedium.tsx(916,5): error TS2339: Property 'glyph' does not exist on type 'JSX.IntrinsicElements'.
src/icons/Fonts/general-sans/GeneralSansMedium.tsx(919,5): error TS2339: Property 'glyph' does not exist on type 'JSX.IntrinsicElements'.
src/icons/Fonts/general-sans/GeneralSansMedium.tsx(921,5): error TS2339: Property 'glyph' does not exist on type 'JSX.IntrinsicElements'.
src/icons/Fonts/general-sans/GeneralSansMedium.tsx(923,5): error TS2339: Property 'glyph' does not exist on type 'JSX.IntrinsicElements'.
src/icons/Fonts/general-sans/GeneralSansMedium.tsx(926,5): error TS2339: Property 'glyph' does not exist on type 'JSX.IntrinsicElements'.
src/icons/Fonts/general-sans/GeneralSansMedium.tsx(928,5): error TS2339: Property 'glyph' does not exist on type 'JSX.IntrinsicElements'.
src/icons/Fonts/general-sans/GeneralSansMedium.tsx(931,5): error TS2339: Property 'glyph' does not exist on type 'JSX.IntrinsicElements'.
src/icons/Fonts/general-sans/GeneralSansMedium.tsx(934,5): error TS2339: Property 'glyph' does not exist on type 'JSX.IntrinsicElements'.
src/icons/Fonts/general-sans/GeneralSansMedium.tsx(936,5): error TS2339: Property 'glyph' does not exist on type 'JSX.IntrinsicElements'.
src/icons/Fonts/general-sans/GeneralSansMedium.tsx(938,5): error TS2339: Property 'glyph' does not exist on type 'JSX.IntrinsicElements'.
src/icons/Fonts/general-sans/GeneralSansMedium.tsx(940,5): error TS2339: Property 'glyph' does not exist on type 'JSX.IntrinsicElements'.
src/icons/Fonts/general-sans/GeneralSansMedium.tsx(943,5): error TS2339: Property 'glyph' does not exist on type 'JSX.IntrinsicElements'.
src/icons/Fonts/general-sans/GeneralSansMedium.tsx(945,5): error TS2339: Property 'glyph' does not exist on type 'JSX.IntrinsicElements'.
src/icons/Fonts/general-sans/GeneralSansMedium.tsx(947,5): error TS2339: Property 'glyph' does not exist on type 'JSX.IntrinsicElements'.
src/icons/Fonts/general-sans/GeneralSansMedium.tsx(949,5): error TS2339: Property 'glyph' does not exist on type 'JSX.IntrinsicElements'.
src/icons/Fonts/general-sans/GeneralSansMedium.tsx(951,5): error TS2339: Property 'glyph' does not exist on type 'JSX.IntrinsicElements'.
src/icons/Fonts/general-sans/GeneralSansMedium.tsx(954,5): error TS2339: Property 'glyph' does not exist on type 'JSX.IntrinsicElements'.
src/icons/Fonts/general-sans/GeneralSansMedium.tsx(956,5): error TS2339: Property 'glyph' does not exist on type 'JSX.IntrinsicElements'.
src/icons/Fonts/general-sans/GeneralSansMedium.tsx(958,5): error TS2339: Property 'glyph' does not exist on type 'JSX.IntrinsicElements'.
src/icons/Fonts/general-sans/GeneralSansMedium.tsx(960,5): error TS2339: Property 'glyph' does not exist on type 'JSX.IntrinsicElements'.
src/icons/Fonts/general-sans/GeneralSansMedium.tsx(962,5): error TS2339: Property 'glyph' does not exist on type 'JSX.IntrinsicElements'.
src/icons/Fonts/general-sans/GeneralSansMedium.tsx(964,5): error TS2339: Property 'glyph' does not exist on type 'JSX.IntrinsicElements'.
src/icons/Fonts/general-sans/GeneralSansMedium.tsx(967,5): error TS2339: Property 'glyph' does not exist on type 'JSX.IntrinsicElements'.
src/icons/Fonts/general-sans/GeneralSansMedium.tsx(969,5): error TS2339: Property 'glyph' does not exist on type 'JSX.IntrinsicElements'.
src/icons/Fonts/general-sans/GeneralSansMedium.tsx(971,5): error TS2339: Property 'glyph' does not exist on type 'JSX.IntrinsicElements'.
src/icons/Fonts/general-sans/GeneralSansMedium.tsx(973,5): error TS2339: Property 'glyph' does not exist on type 'JSX.IntrinsicElements'.
src/icons/Fonts/general-sans/GeneralSansMedium.tsx(975,5): error TS2339: Property 'glyph' does not exist on type 'JSX.IntrinsicElements'.
src/icons/Fonts/general-sans/GeneralSansMedium.tsx(978,5): error TS2339: Property 'glyph' does not exist on type 'JSX.IntrinsicElements'.
src/icons/Fonts/general-sans/GeneralSansMedium.tsx(980,5): error TS2339: Property 'glyph' does not exist on type 'JSX.IntrinsicElements'.
src/icons/Fonts/general-sans/GeneralSansMedium.tsx(982,5): error TS2339: Property 'glyph' does not exist on type 'JSX.IntrinsicElements'.
src/icons/Fonts/general-sans/GeneralSansMedium.tsx(984,5): error TS2339: Property 'glyph' does not exist on type 'JSX.IntrinsicElements'.
src/icons/Fonts/general-sans/GeneralSansMedium.tsx(986,5): error TS2339: Property 'glyph' does not exist on type 'JSX.IntrinsicElements'.
src/icons/Fonts/general-sans/GeneralSansMedium.tsx(988,5): error TS2339: Property 'glyph' does not exist on type 'JSX.IntrinsicElements'.
src/icons/Fonts/general-sans/GeneralSansMedium.tsx(990,5): error TS2339: Property 'glyph' does not exist on type 'JSX.IntrinsicElements'.
src/icons/Fonts/general-sans/GeneralSansMedium.tsx(992,5): error TS2339: Property 'glyph' does not exist on type 'JSX.IntrinsicElements'.
src/icons/Fonts/general-sans/GeneralSansMedium.tsx(994,5): error TS2339: Property 'glyph' does not exist on type 'JSX.IntrinsicElements'.
src/icons/Fonts/general-sans/GeneralSansMedium.tsx(996,5): error TS2339: Property 'glyph' does not exist on type 'JSX.IntrinsicElements'.
src/icons/Fonts/general-sans/GeneralSansMedium.tsx(998,5): error TS2339: Property 'glyph' does not exist on type 'JSX.IntrinsicElements'.
src/icons/Fonts/general-sans/GeneralSansMedium.tsx(1000,5): error TS2339: Property 'glyph' does not exist on type 'JSX.IntrinsicElements'.
src/icons/Fonts/general-sans/GeneralSansMedium.tsx(1002,5): error TS2339: Property 'glyph' does not exist on type 'JSX.IntrinsicElements'.
src/icons/Fonts/general-sans/GeneralSansMedium.tsx(1005,5): error TS2339: Property 'glyph' does not exist on type 'JSX.IntrinsicElements'.
src/icons/Fonts/general-sans/GeneralSansMedium.tsx(1008,5): error TS2339: Property 'glyph' does not exist on type 'JSX.IntrinsicElements'.
src/icons/Fonts/general-sans/GeneralSansMedium.tsx(1011,5): error TS2339: Property 'glyph' does not exist on type 'JSX.IntrinsicElements'.
src/icons/Fonts/general-sans/GeneralSansMedium.tsx(1013,5): error TS2339: Property 'glyph' does not exist on type 'JSX.IntrinsicElements'.
src/icons/Fonts/general-sans/GeneralSansMedium.tsx(1015,5): error TS2339: Property 'glyph' does not exist on type 'JSX.IntrinsicElements'.
src/icons/Fonts/general-sans/GeneralSansMedium.tsx(1018,5): error TS2339: Property 'glyph' does not exist on type 'JSX.IntrinsicElements'.
src/icons/Fonts/general-sans/GeneralSansMedium.tsx(1021,5): error TS2339: Property 'glyph' does not exist on type 'JSX.IntrinsicElements'.
src/icons/Fonts/general-sans/GeneralSansMedium.tsx(1024,5): error TS2339: Property 'hkern' does not exist on type 'JSX.IntrinsicElements'.
src/icons/Fonts/general-sans/GeneralSansMedium.tsx(1025,5): error TS2339: Property 'hkern' does not exist on type 'JSX.IntrinsicElements'.
src/icons/Fonts/general-sans/GeneralSansMedium.tsx(1026,5): error TS2339: Property 'hkern' does not exist on type 'JSX.IntrinsicElements'.
src/icons/Fonts/general-sans/GeneralSansMedium.tsx(1027,5): error TS2339: Property 'hkern' does not exist on type 'JSX.IntrinsicElements'.
src/icons/Fonts/general-sans/GeneralSansMedium.tsx(1028,5): error TS2339: Property 'hkern' does not exist on type 'JSX.IntrinsicElements'.
src/icons/Fonts/general-sans/GeneralSansMedium.tsx(1029,5): error TS2339: Property 'hkern' does not exist on type 'JSX.IntrinsicElements'.
src/icons/Fonts/general-sans/GeneralSansMedium.tsx(1030,5): error TS2339: Property 'hkern' does not exist on type 'JSX.IntrinsicElements'.
src/icons/Fonts/general-sans/GeneralSansMedium.tsx(1031,5): error TS2339: Property 'hkern' does not exist on type 'JSX.IntrinsicElements'.
src/icons/Fonts/general-sans/GeneralSansMedium.tsx(1032,5): error TS2339: Property 'hkern' does not exist on type 'JSX.IntrinsicElements'.
src/icons/Fonts/general-sans/GeneralSansMedium.tsx(1033,5): error TS2339: Property 'hkern' does not exist on type 'JSX.IntrinsicElements'.
src/icons/Fonts/general-sans/GeneralSansMedium.tsx(1034,5): error TS2339: Property 'hkern' does not exist on type 'JSX.IntrinsicElements'.
src/icons/Fonts/general-sans/GeneralSansMedium.tsx(1035,5): error TS2339: Property 'hkern' does not exist on type 'JSX.IntrinsicElements'.
src/icons/Fonts/general-sans/GeneralSansMedium.tsx(1036,5): error TS2339: Property 'hkern' does not exist on type 'JSX.IntrinsicElements'.
src/icons/Fonts/general-sans/GeneralSansMedium.tsx(1037,5): error TS2339: Property 'hkern' does not exist on type 'JSX.IntrinsicElements'.
src/icons/Fonts/general-sans/GeneralSansMedium.tsx(1038,5): error TS2339: Property 'hkern' does not exist on type 'JSX.IntrinsicElements'.
src/icons/Fonts/general-sans/GeneralSansMedium.tsx(1039,5): error TS2339: Property 'hkern' does not exist on type 'JSX.IntrinsicElements'.
src/icons/Fonts/general-sans/GeneralSansMedium.tsx(1040,5): error TS2339: Property 'hkern' does not exist on type 'JSX.IntrinsicElements'.
src/icons/Fonts/general-sans/GeneralSansMedium.tsx(1041,5): error TS2339: Property 'hkern' does not exist on type 'JSX.IntrinsicElements'.
src/icons/Fonts/general-sans/GeneralSansMedium.tsx(1042,5): error TS2339: Property 'hkern' does not exist on type 'JSX.IntrinsicElements'.
src/icons/Fonts/general-sans/GeneralSansMedium.tsx(1043,5): error TS2339: Property 'hkern' does not exist on type 'JSX.IntrinsicElements'.
src/icons/Fonts/general-sans/GeneralSansMedium.tsx(1044,5): error TS2339: Property 'hkern' does not exist on type 'JSX.IntrinsicElements'.
src/icons/Fonts/general-sans/GeneralSansMedium.tsx(1045,5): error TS2339: Property 'hkern' does not exist on type 'JSX.IntrinsicElements'.
src/icons/Fonts/general-sans/GeneralSansMedium.tsx(1046,5): error TS2339: Property 'hkern' does not exist on type 'JSX.IntrinsicElements'.
src/icons/Fonts/general-sans/GeneralSansMedium.tsx(1047,5): error TS2339: Property 'hkern' does not exist on type 'JSX.IntrinsicElements'.
src/icons/Fonts/general-sans/GeneralSansMedium.tsx(1048,5): error TS2339: Property 'hkern' does not exist on type 'JSX.IntrinsicElements'.
src/icons/Fonts/general-sans/GeneralSansMedium.tsx(1049,5): error TS2339: Property 'hkern' does not exist on type 'JSX.IntrinsicElements'.
src/icons/Fonts/general-sans/GeneralSansMedium.tsx(1050,5): error TS2339: Property 'hkern' does not exist on type 'JSX.IntrinsicElements'.
src/icons/Fonts/general-sans/GeneralSansMedium.tsx(1051,5): error TS2339: Property 'hkern' does not exist on type 'JSX.IntrinsicElements'.
src/icons/Fonts/general-sans/GeneralSansMedium.tsx(1052,5): error TS2339: Property 'hkern' does not exist on type 'JSX.IntrinsicElements'.
src/icons/Fonts/general-sans/GeneralSansMedium.tsx(1053,5): error TS2339: Property 'hkern' does not exist on type 'JSX.IntrinsicElements'.
src/icons/Fonts/general-sans/GeneralSansMedium.tsx(1054,5): error TS2339: Property 'hkern' does not exist on type 'JSX.IntrinsicElements'.
src/icons/Fonts/general-sans/GeneralSansMedium.tsx(1055,5): error TS2339: Property 'hkern' does not exist on type 'JSX.IntrinsicElements'.
src/icons/Fonts/general-sans/GeneralSansMedium.tsx(1056,5): error TS2339: Property 'hkern' does not exist on type 'JSX.IntrinsicElements'.
src/icons/Fonts/general-sans/GeneralSansMedium.tsx(1057,5): error TS2339: Property 'hkern' does not exist on type 'JSX.IntrinsicElements'.
src/icons/Fonts/general-sans/GeneralSansMedium.tsx(1058,5): error TS2339: Property 'hkern' does not exist on type 'JSX.IntrinsicElements'.
src/icons/Fonts/general-sans/GeneralSansMedium.tsx(1059,5): error TS2339: Property 'hkern' does not exist on type 'JSX.IntrinsicElements'.
src/icons/Fonts/general-sans/GeneralSansMedium.tsx(1060,5): error TS2339: Property 'hkern' does not exist on type 'JSX.IntrinsicElements'.
src/icons/Fonts/general-sans/GeneralSansMedium.tsx(1061,5): error TS2339: Property 'hkern' does not exist on type 'JSX.IntrinsicElements'.
src/icons/Fonts/general-sans/GeneralSansMedium.tsx(1062,5): error TS2339: Property 'hkern' does not exist on type 'JSX.IntrinsicElements'.
src/icons/Fonts/general-sans/GeneralSansMedium.tsx(1063,5): error TS2339: Property 'hkern' does not exist on type 'JSX.IntrinsicElements'.
src/icons/Fonts/general-sans/GeneralSansMedium.tsx(1064,5): error TS2339: Property 'hkern' does not exist on type 'JSX.IntrinsicElements'.
src/icons/Fonts/general-sans/GeneralSansMedium.tsx(1065,5): error TS2339: Property 'hkern' does not exist on type 'JSX.IntrinsicElements'.
src/icons/Fonts/general-sans/GeneralSansMedium.tsx(1066,5): error TS2339: Property 'hkern' does not exist on type 'JSX.IntrinsicElements'.
src/icons/Fonts/general-sans/GeneralSansMedium.tsx(1067,5): error TS2339: Property 'hkern' does not exist on type 'JSX.IntrinsicElements'.
src/icons/Fonts/general-sans/GeneralSansMedium.tsx(1068,5): error TS2339: Property 'hkern' does not exist on type 'JSX.IntrinsicElements'.
src/icons/Fonts/general-sans/GeneralSansMedium.tsx(1069,5): error TS2339: Property 'hkern' does not exist on type 'JSX.IntrinsicElements'.
src/icons/Fonts/general-sans/GeneralSansMedium.tsx(1070,5): error TS2339: Property 'hkern' does not exist on type 'JSX.IntrinsicElements'.
src/icons/Fonts/general-sans/GeneralSansMedium.tsx(1071,5): error TS2339: Property 'hkern' does not exist on type 'JSX.IntrinsicElements'.
src/icons/Fonts/general-sans/GeneralSansMedium.tsx(1072,5): error TS2339: Property 'hkern' does not exist on type 'JSX.IntrinsicElements'.
src/icons/Fonts/general-sans/GeneralSansMedium.tsx(1073,5): error TS2339: Property 'hkern' does not exist on type 'JSX.IntrinsicElements'.
src/icons/Fonts/general-sans/GeneralSansMedium.tsx(1074,5): error TS2339: Property 'hkern' does not exist on type 'JSX.IntrinsicElements'.
src/icons/Fonts/general-sans/GeneralSansMedium.tsx(1075,5): error TS2339: Property 'hkern' does not exist on type 'JSX.IntrinsicElements'.
src/icons/Fonts/general-sans/GeneralSansMedium.tsx(1076,5): error TS2339: Property 'hkern' does not exist on type 'JSX.IntrinsicElements'.
src/icons/Fonts/general-sans/GeneralSansMedium.tsx(1077,5): error TS2339: Property 'hkern' does not exist on type 'JSX.IntrinsicElements'.
src/icons/Fonts/general-sans/GeneralSansMedium.tsx(1078,5): error TS2339: Property 'hkern' does not exist on type 'JSX.IntrinsicElements'.
src/icons/Fonts/general-sans/GeneralSansMedium.tsx(1079,5): error TS2339: Property 'hkern' does not exist on type 'JSX.IntrinsicElements'.
src/icons/Fonts/general-sans/GeneralSansMedium.tsx(1080,5): error TS2339: Property 'hkern' does not exist on type 'JSX.IntrinsicElements'.
src/icons/Fonts/general-sans/GeneralSansMedium.tsx(1081,5): error TS2339: Property 'hkern' does not exist on type 'JSX.IntrinsicElements'.
src/icons/Fonts/general-sans/GeneralSansMedium.tsx(1082,5): error TS2339: Property 'hkern' does not exist on type 'JSX.IntrinsicElements'.
src/icons/Fonts/general-sans/GeneralSansMedium.tsx(1083,5): error TS2339: Property 'hkern' does not exist on type 'JSX.IntrinsicElements'.
src/icons/Fonts/general-sans/GeneralSansMedium.tsx(1084,5): error TS2339: Property 'hkern' does not exist on type 'JSX.IntrinsicElements'.
src/icons/Fonts/general-sans/GeneralSansMedium.tsx(1085,5): error TS2339: Property 'hkern' does not exist on type 'JSX.IntrinsicElements'.
src/icons/Fonts/general-sans/GeneralSansMedium.tsx(1086,5): error TS2339: Property 'hkern' does not exist on type 'JSX.IntrinsicElements'.
src/icons/Fonts/general-sans/GeneralSansMedium.tsx(1087,5): error TS2339: Property 'hkern' does not exist on type 'JSX.IntrinsicElements'.
src/icons/Fonts/general-sans/GeneralSansMedium.tsx(1088,5): error TS2339: Property 'hkern' does not exist on type 'JSX.IntrinsicElements'.
src/icons/Fonts/general-sans/GeneralSansMedium.tsx(1089,5): error TS2339: Property 'hkern' does not exist on type 'JSX.IntrinsicElements'.
src/icons/Fonts/general-sans/GeneralSansMedium.tsx(1090,5): error TS2339: Property 'hkern' does not exist on type 'JSX.IntrinsicElements'.
src/icons/Fonts/general-sans/GeneralSansMedium.tsx(1091,5): error TS2339: Property 'hkern' does not exist on type 'JSX.IntrinsicElements'.
src/icons/Fonts/general-sans/GeneralSansMedium.tsx(1092,5): error TS2339: Property 'hkern' does not exist on type 'JSX.IntrinsicElements'.
src/icons/Fonts/general-sans/GeneralSansMedium.tsx(1093,5): error TS2339: Property 'hkern' does not exist on type 'JSX.IntrinsicElements'.
src/icons/Fonts/general-sans/GeneralSansMedium.tsx(1094,5): error TS2339: Property 'hkern' does not exist on type 'JSX.IntrinsicElements'.
src/icons/Fonts/general-sans/GeneralSansMedium.tsx(1095,5): error TS2339: Property 'hkern' does not exist on type 'JSX.IntrinsicElements'.
src/icons/Fonts/general-sans/GeneralSansMedium.tsx(1096,5): error TS2339: Property 'hkern' does not exist on type 'JSX.IntrinsicElements'.
src/icons/Fonts/general-sans/GeneralSansMedium.tsx(1097,5): error TS2339: Property 'hkern' does not exist on type 'JSX.IntrinsicElements'.
src/icons/Fonts/general-sans/GeneralSansMedium.tsx(1098,5): error TS2339: Property 'hkern' does not exist on type 'JSX.IntrinsicElements'.
src/icons/Fonts/general-sans/GeneralSansMedium.tsx(1099,5): error TS2339: Property 'hkern' does not exist on type 'JSX.IntrinsicElements'.
src/icons/Fonts/general-sans/GeneralSansMedium.tsx(1100,5): error TS2339: Property 'hkern' does not exist on type 'JSX.IntrinsicElements'.
src/icons/Fonts/general-sans/GeneralSansMedium.tsx(1101,5): error TS2339: Property 'hkern' does not exist on type 'JSX.IntrinsicElements'.
src/icons/Fonts/general-sans/GeneralSansMedium.tsx(1102,5): error TS2339: Property 'hkern' does not exist on type 'JSX.IntrinsicElements'.
src/icons/Fonts/general-sans/GeneralSansMedium.tsx(1103,5): error TS2339: Property 'hkern' does not exist on type 'JSX.IntrinsicElements'.
src/icons/Fonts/general-sans/GeneralSansMedium.tsx(1104,5): error TS2339: Property 'hkern' does not exist on type 'JSX.IntrinsicElements'.
src/icons/Fonts/general-sans/GeneralSansMedium.tsx(1105,5): error TS2339: Property 'hkern' does not exist on type 'JSX.IntrinsicElements'.
src/icons/Fonts/general-sans/GeneralSansMedium.tsx(1106,5): error TS2339: Property 'hkern' does not exist on type 'JSX.IntrinsicElements'.
src/icons/Fonts/general-sans/GeneralSansMedium.tsx(1107,5): error TS2339: Property 'hkern' does not exist on type 'JSX.IntrinsicElements'.
src/icons/Fonts/general-sans/GeneralSansMedium.tsx(1108,5): error TS2339: Property 'hkern' does not exist on type 'JSX.IntrinsicElements'.
src/icons/Fonts/general-sans/GeneralSansMedium.tsx(1109,5): error TS2339: Property 'hkern' does not exist on type 'JSX.IntrinsicElements'.
src/icons/Fonts/general-sans/GeneralSansMedium.tsx(1110,5): error TS2339: Property 'hkern' does not exist on type 'JSX.IntrinsicElements'.
src/icons/Fonts/general-sans/GeneralSansMedium.tsx(1111,5): error TS2339: Property 'hkern' does not exist on type 'JSX.IntrinsicElements'.
src/icons/Fonts/general-sans/GeneralSansMedium.tsx(1112,5): error TS2339: Property 'hkern' does not exist on type 'JSX.IntrinsicElements'.
src/icons/Fonts/general-sans/GeneralSansMedium.tsx(1113,5): error TS2339: Property 'hkern' does not exist on type 'JSX.IntrinsicElements'.
src/icons/Fonts/general-sans/GeneralSansMedium.tsx(1114,5): error TS2339: Property 'hkern' does not exist on type 'JSX.IntrinsicElements'.
src/icons/Fonts/general-sans/GeneralSansMedium.tsx(1115,5): error TS2339: Property 'hkern' does not exist on type 'JSX.IntrinsicElements'.
src/icons/Fonts/general-sans/GeneralSansMedium.tsx(1116,5): error TS2339: Property 'hkern' does not exist on type 'JSX.IntrinsicElements'.
src/icons/Fonts/general-sans/GeneralSansMedium.tsx(1117,5): error TS2339: Property 'hkern' does not exist on type 'JSX.IntrinsicElements'.
src/icons/Fonts/general-sans/GeneralSansMedium.tsx(1118,5): error TS2339: Property 'hkern' does not exist on type 'JSX.IntrinsicElements'.
src/icons/Fonts/general-sans/GeneralSansMedium.tsx(1119,5): error TS2339: Property 'hkern' does not exist on type 'JSX.IntrinsicElements'.
src/icons/Fonts/general-sans/GeneralSansMedium.tsx(1120,5): error TS2339: Property 'hkern' does not exist on type 'JSX.IntrinsicElements'.
src/icons/Fonts/general-sans/GeneralSansMedium.tsx(1121,5): error TS2339: Property 'hkern' does not exist on type 'JSX.IntrinsicElements'.
src/icons/Fonts/general-sans/GeneralSansMedium.tsx(1122,5): error TS2339: Property 'hkern' does not exist on type 'JSX.IntrinsicElements'.
src/icons/Fonts/general-sans/GeneralSansMedium.tsx(1123,5): error TS2339: Property 'hkern' does not exist on type 'JSX.IntrinsicElements'.
src/icons/Fonts/general-sans/GeneralSansMedium.tsx(1124,5): error TS2339: Property 'hkern' does not exist on type 'JSX.IntrinsicElements'.
src/icons/Fonts/general-sans/GeneralSansMedium.tsx(1125,5): error TS2339: Property 'hkern' does not exist on type 'JSX.IntrinsicElements'.
src/icons/Fonts/general-sans/GeneralSansMedium.tsx(1126,5): error TS2339: Property 'hkern' does not exist on type 'JSX.IntrinsicElements'.
src/icons/Fonts/general-sans/GeneralSansMedium.tsx(1127,5): error TS2339: Property 'hkern' does not exist on type 'JSX.IntrinsicElements'.
src/icons/Fonts/general-sans/GeneralSansMedium.tsx(1128,5): error TS2339: Property 'hkern' does not exist on type 'JSX.IntrinsicElements'.
src/icons/Fonts/general-sans/GeneralSansMedium.tsx(1129,5): error TS2339: Property 'hkern' does not exist on type 'JSX.IntrinsicElements'.
src/icons/Fonts/general-sans/GeneralSansMedium.tsx(1130,5): error TS2339: Property 'hkern' does not exist on type 'JSX.IntrinsicElements'.
src/icons/Fonts/general-sans/GeneralSansMedium.tsx(1131,5): error TS2339: Property 'hkern' does not exist on type 'JSX.IntrinsicElements'.
src/icons/Fonts/general-sans/GeneralSansMedium.tsx(1132,5): error TS2339: Property 'hkern' does not exist on type 'JSX.IntrinsicElements'.
src/icons/Fonts/general-sans/GeneralSansMedium.tsx(1133,5): error TS2339: Property 'hkern' does not exist on type 'JSX.IntrinsicElements'.
src/icons/Fonts/general-sans/GeneralSansMedium.tsx(1134,5): error TS2339: Property 'hkern' does not exist on type 'JSX.IntrinsicElements'.
src/icons/Fonts/general-sans/GeneralSansMedium.tsx(1135,5): error TS2339: Property 'hkern' does not exist on type 'JSX.IntrinsicElements'.
src/icons/Fonts/general-sans/GeneralSansMedium.tsx(1136,5): error TS2339: Property 'hkern' does not exist on type 'JSX.IntrinsicElements'.
src/icons/Fonts/general-sans/GeneralSansMedium.tsx(1137,5): error TS2339: Property 'hkern' does not exist on type 'JSX.IntrinsicElements'.
src/icons/Fonts/general-sans/GeneralSansMedium.tsx(1138,5): error TS2339: Property 'hkern' does not exist on type 'JSX.IntrinsicElements'.
src/icons/Fonts/general-sans/GeneralSansMedium.tsx(1139,5): error TS2339: Property 'hkern' does not exist on type 'JSX.IntrinsicElements'.
src/icons/Fonts/general-sans/GeneralSansMedium.tsx(1140,5): error TS2339: Property 'hkern' does not exist on type 'JSX.IntrinsicElements'.
src/icons/Fonts/general-sans/GeneralSansMedium.tsx(1141,5): error TS2339: Property 'hkern' does not exist on type 'JSX.IntrinsicElements'.
src/icons/Fonts/general-sans/GeneralSansMedium.tsx(1142,5): error TS2339: Property 'hkern' does not exist on type 'JSX.IntrinsicElements'.
src/icons/Fonts/general-sans/GeneralSansMedium.tsx(1143,5): error TS2339: Property 'hkern' does not exist on type 'JSX.IntrinsicElements'.
src/icons/Fonts/general-sans/GeneralSansMedium.tsx(1144,5): error TS2339: Property 'hkern' does not exist on type 'JSX.IntrinsicElements'.
src/icons/Fonts/general-sans/GeneralSansMedium.tsx(1145,5): error TS2339: Property 'hkern' does not exist on type 'JSX.IntrinsicElements'.
src/icons/Fonts/general-sans/GeneralSansMedium.tsx(1146,5): error TS2339: Property 'hkern' does not exist on type 'JSX.IntrinsicElements'.
src/icons/Fonts/general-sans/GeneralSansMedium.tsx(1147,5): error TS2339: Property 'hkern' does not exist on type 'JSX.IntrinsicElements'.
src/icons/Fonts/general-sans/GeneralSansMedium.tsx(1148,5): error TS2339: Property 'hkern' does not exist on type 'JSX.IntrinsicElements'.
src/icons/Fonts/general-sans/GeneralSansMedium.tsx(1149,5): error TS2339: Property 'hkern' does not exist on type 'JSX.IntrinsicElements'.
src/icons/Fonts/general-sans/GeneralSansMedium.tsx(1150,5): error TS2339: Property 'hkern' does not exist on type 'JSX.IntrinsicElements'.
src/icons/Fonts/general-sans/GeneralSansMedium.tsx(1151,5): error TS2339: Property 'hkern' does not exist on type 'JSX.IntrinsicElements'.
src/icons/Fonts/general-sans/GeneralSansMedium.tsx(1152,5): error TS2339: Property 'hkern' does not exist on type 'JSX.IntrinsicElements'.
src/icons/Fonts/general-sans/GeneralSansMedium.tsx(1153,5): error TS2339: Property 'hkern' does not exist on type 'JSX.IntrinsicElements'.
src/icons/Fonts/general-sans/GeneralSansMedium.tsx(1154,5): error TS2339: Property 'hkern' does not exist on type 'JSX.IntrinsicElements'.
src/icons/Fonts/general-sans/GeneralSansMedium.tsx(1155,5): error TS2339: Property 'hkern' does not exist on type 'JSX.IntrinsicElements'.
src/icons/Fonts/general-sans/GeneralSansMedium.tsx(1156,5): error TS2339: Property 'hkern' does not exist on type 'JSX.IntrinsicElements'.
src/icons/Fonts/general-sans/GeneralSansMedium.tsx(1157,5): error TS2339: Property 'hkern' does not exist on type 'JSX.IntrinsicElements'.
src/icons/Fonts/general-sans/GeneralSansMedium.tsx(1158,5): error TS2339: Property 'hkern' does not exist on type 'JSX.IntrinsicElements'.
src/icons/Fonts/general-sans/GeneralSansMedium.tsx(1159,5): error TS2339: Property 'hkern' does not exist on type 'JSX.IntrinsicElements'.
src/icons/Fonts/general-sans/GeneralSansMedium.tsx(1160,5): error TS2339: Property 'hkern' does not exist on type 'JSX.IntrinsicElements'.
src/icons/Fonts/general-sans/GeneralSansMedium.tsx(1161,5): error TS2339: Property 'hkern' does not exist on type 'JSX.IntrinsicElements'.
src/icons/Fonts/general-sans/GeneralSansMedium.tsx(1162,5): error TS2339: Property 'hkern' does not exist on type 'JSX.IntrinsicElements'.
src/icons/Fonts/general-sans/GeneralSansMedium.tsx(1163,5): error TS2339: Property 'hkern' does not exist on type 'JSX.IntrinsicElements'.
src/icons/Fonts/general-sans/GeneralSansMedium.tsx(1164,5): error TS2339: Property 'hkern' does not exist on type 'JSX.IntrinsicElements'.
src/icons/Fonts/general-sans/GeneralSansMedium.tsx(1165,5): error TS2339: Property 'hkern' does not exist on type 'JSX.IntrinsicElements'.
src/icons/Fonts/general-sans/GeneralSansMedium.tsx(1166,5): error TS2339: Property 'hkern' does not exist on type 'JSX.IntrinsicElements'.
src/icons/Fonts/general-sans/GeneralSansMedium.tsx(1167,5): error TS2339: Property 'hkern' does not exist on type 'JSX.IntrinsicElements'.
src/icons/Fonts/general-sans/GeneralSansMedium.tsx(1168,5): error TS2339: Property 'hkern' does not exist on type 'JSX.IntrinsicElements'.
src/icons/Fonts/general-sans/GeneralSansMedium.tsx(1169,5): error TS2339: Property 'hkern' does not exist on type 'JSX.IntrinsicElements'.
src/icons/Fonts/general-sans/GeneralSansMedium.tsx(1170,5): error TS2339: Property 'hkern' does not exist on type 'JSX.IntrinsicElements'.
src/icons/Fonts/general-sans/GeneralSansMedium.tsx(1171,5): error TS2339: Property 'hkern' does not exist on type 'JSX.IntrinsicElements'.
src/icons/Fonts/general-sans/GeneralSansMedium.tsx(1172,5): error TS2339: Property 'hkern' does not exist on type 'JSX.IntrinsicElements'.
src/icons/Fonts/general-sans/GeneralSansMedium.tsx(1173,5): error TS2339: Property 'hkern' does not exist on type 'JSX.IntrinsicElements'.
src/icons/Fonts/general-sans/GeneralSansMedium.tsx(1174,5): error TS2339: Property 'hkern' does not exist on type 'JSX.IntrinsicElements'.
src/icons/Fonts/general-sans/GeneralSansMedium.tsx(1175,5): error TS2339: Property 'hkern' does not exist on type 'JSX.IntrinsicElements'.
src/icons/Fonts/general-sans/GeneralSansMedium.tsx(1176,5): error TS2339: Property 'hkern' does not exist on type 'JSX.IntrinsicElements'.
src/icons/Fonts/general-sans/GeneralSansMedium.tsx(1177,5): error TS2339: Property 'hkern' does not exist on type 'JSX.IntrinsicElements'.
src/icons/Fonts/general-sans/GeneralSansMedium.tsx(1178,5): error TS2339: Property 'hkern' does not exist on type 'JSX.IntrinsicElements'.
src/icons/Fonts/general-sans/GeneralSansMedium.tsx(1179,5): error TS2339: Property 'hkern' does not exist on type 'JSX.IntrinsicElements'.
src/icons/Fonts/general-sans/GeneralSansMedium.tsx(1180,5): error TS2339: Property 'hkern' does not exist on type 'JSX.IntrinsicElements'.
src/icons/Fonts/general-sans/GeneralSansMedium.tsx(1181,5): error TS2339: Property 'hkern' does not exist on type 'JSX.IntrinsicElements'.
src/icons/Fonts/general-sans/GeneralSansMedium.tsx(1182,5): error TS2339: Property 'hkern' does not exist on type 'JSX.IntrinsicElements'.
src/icons/Fonts/general-sans/GeneralSansMedium.tsx(1183,5): error TS2339: Property 'hkern' does not exist on type 'JSX.IntrinsicElements'.
src/icons/Fonts/general-sans/GeneralSansMedium.tsx(1184,5): error TS2339: Property 'hkern' does not exist on type 'JSX.IntrinsicElements'.
src/icons/Fonts/general-sans/GeneralSansMedium.tsx(1185,5): error TS2339: Property 'hkern' does not exist on type 'JSX.IntrinsicElements'.
src/icons/Fonts/general-sans/GeneralSansMedium.tsx(1186,5): error TS2339: Property 'hkern' does not exist on type 'JSX.IntrinsicElements'.
src/icons/Fonts/general-sans/GeneralSansMedium.tsx(1187,5): error TS2339: Property 'hkern' does not exist on type 'JSX.IntrinsicElements'.
src/icons/Fonts/general-sans/GeneralSansMedium.tsx(1188,5): error TS2339: Property 'hkern' does not exist on type 'JSX.IntrinsicElements'.
src/icons/Fonts/general-sans/GeneralSansMedium.tsx(1189,5): error TS2339: Property 'hkern' does not exist on type 'JSX.IntrinsicElements'.
src/icons/Fonts/general-sans/GeneralSansMedium.tsx(1190,5): error TS2339: Property 'hkern' does not exist on type 'JSX.IntrinsicElements'.
src/icons/Fonts/general-sans/GeneralSansMedium.tsx(1191,5): error TS2339: Property 'hkern' does not exist on type 'JSX.IntrinsicElements'.
src/icons/Fonts/general-sans/GeneralSansMedium.tsx(1192,5): error TS2339: Property 'hkern' does not exist on type 'JSX.IntrinsicElements'.
src/icons/Fonts/general-sans/GeneralSansMedium.tsx(1193,5): error TS2339: Property 'hkern' does not exist on type 'JSX.IntrinsicElements'.
src/icons/Fonts/general-sans/GeneralSansMedium.tsx(1194,5): error TS2339: Property 'hkern' does not exist on type 'JSX.IntrinsicElements'.
src/icons/Fonts/general-sans/GeneralSansMedium.tsx(1195,5): error TS2339: Property 'hkern' does not exist on type 'JSX.IntrinsicElements'.
src/icons/Fonts/general-sans/GeneralSansMedium.tsx(1196,5): error TS2339: Property 'hkern' does not exist on type 'JSX.IntrinsicElements'.
src/icons/Fonts/general-sans/GeneralSansMedium.tsx(1197,5): error TS2339: Property 'hkern' does not exist on type 'JSX.IntrinsicElements'.
src/icons/Fonts/general-sans/GeneralSansMedium.tsx(1198,5): error TS2339: Property 'hkern' does not exist on type 'JSX.IntrinsicElements'.
src/icons/Fonts/general-sans/GeneralSansMedium.tsx(1199,5): error TS2339: Property 'hkern' does not exist on type 'JSX.IntrinsicElements'.
src/icons/Fonts/general-sans/GeneralSansMedium.tsx(1200,5): error TS2339: Property 'hkern' does not exist on type 'JSX.IntrinsicElements'.
src/icons/Fonts/general-sans/GeneralSansMedium.tsx(1201,5): error TS2339: Property 'hkern' does not exist on type 'JSX.IntrinsicElements'.
src/icons/Fonts/general-sans/GeneralSansMedium.tsx(1202,5): error TS2339: Property 'hkern' does not exist on type 'JSX.IntrinsicElements'.
src/icons/Fonts/general-sans/GeneralSansMedium.tsx(1203,5): error TS2339: Property 'hkern' does not exist on type 'JSX.IntrinsicElements'.
src/icons/Fonts/general-sans/GeneralSansMedium.tsx(1204,5): error TS2339: Property 'hkern' does not exist on type 'JSX.IntrinsicElements'.
src/icons/Fonts/general-sans/GeneralSansMedium.tsx(1205,5): error TS2339: Property 'hkern' does not exist on type 'JSX.IntrinsicElements'.
src/icons/Fonts/general-sans/GeneralSansMedium.tsx(1206,5): error TS2339: Property 'hkern' does not exist on type 'JSX.IntrinsicElements'.
src/icons/Fonts/general-sans/GeneralSansMedium.tsx(1207,5): error TS2339: Property 'hkern' does not exist on type 'JSX.IntrinsicElements'.
src/icons/Fonts/general-sans/GeneralSansMedium.tsx(1208,5): error TS2339: Property 'hkern' does not exist on type 'JSX.IntrinsicElements'.
src/icons/Fonts/general-sans/GeneralSansMedium.tsx(1209,5): error TS2339: Property 'hkern' does not exist on type 'JSX.IntrinsicElements'.
src/icons/Fonts/general-sans/GeneralSansMedium.tsx(1210,5): error TS2339: Property 'hkern' does not exist on type 'JSX.IntrinsicElements'.
src/icons/Fonts/general-sans/GeneralSansMedium.tsx(1211,5): error TS2339: Property 'hkern' does not exist on type 'JSX.IntrinsicElements'.
src/icons/Fonts/general-sans/GeneralSansMedium.tsx(1212,5): error TS2339: Property 'hkern' does not exist on type 'JSX.IntrinsicElements'.
src/icons/Fonts/general-sans/GeneralSansMedium.tsx(1213,5): error TS2339: Property 'hkern' does not exist on type 'JSX.IntrinsicElements'.
src/icons/Fonts/general-sans/GeneralSansMedium.tsx(1214,5): error TS2339: Property 'hkern' does not exist on type 'JSX.IntrinsicElements'.
src/icons/Fonts/general-sans/GeneralSansMedium.tsx(1215,5): error TS2339: Property 'hkern' does not exist on type 'JSX.IntrinsicElements'.
src/icons/Fonts/general-sans/GeneralSansMedium.tsx(1216,5): error TS2339: Property 'hkern' does not exist on type 'JSX.IntrinsicElements'.
src/icons/Fonts/general-sans/GeneralSansMedium.tsx(1217,5): error TS2339: Property 'hkern' does not exist on type 'JSX.IntrinsicElements'.
src/icons/Fonts/general-sans/GeneralSansMedium.tsx(1218,5): error TS2339: Property 'hkern' does not exist on type 'JSX.IntrinsicElements'.
src/icons/Fonts/general-sans/GeneralSansMedium.tsx(1219,5): error TS2339: Property 'hkern' does not exist on type 'JSX.IntrinsicElements'.
src/icons/Fonts/general-sans/GeneralSansMedium.tsx(1220,5): error TS2339: Property 'hkern' does not exist on type 'JSX.IntrinsicElements'.
src/icons/Fonts/general-sans/GeneralSansMedium.tsx(1221,5): error TS2339: Property 'hkern' does not exist on type 'JSX.IntrinsicElements'.
src/icons/Fonts/general-sans/GeneralSansMedium.tsx(1222,5): error TS2339: Property 'hkern' does not exist on type 'JSX.IntrinsicElements'.
src/icons/Fonts/general-sans/GeneralSansMedium.tsx(1223,5): error TS2339: Property 'hkern' does not exist on type 'JSX.IntrinsicElements'.
src/icons/Fonts/general-sans/GeneralSansMedium.tsx(1224,5): error TS2339: Property 'hkern' does not exist on type 'JSX.IntrinsicElements'.
src/icons/Fonts/general-sans/GeneralSansMedium.tsx(1225,5): error TS2339: Property 'hkern' does not exist on type 'JSX.IntrinsicElements'.
src/icons/Fonts/general-sans/GeneralSansMedium.tsx(1226,5): error TS2339: Property 'hkern' does not exist on type 'JSX.IntrinsicElements'.
src/icons/Fonts/general-sans/GeneralSansMedium.tsx(1227,5): error TS2339: Property 'hkern' does not exist on type 'JSX.IntrinsicElements'.
src/icons/Fonts/general-sans/GeneralSansMedium.tsx(1228,5): error TS2339: Property 'hkern' does not exist on type 'JSX.IntrinsicElements'.
src/icons/Fonts/general-sans/GeneralSansMedium.tsx(1229,5): error TS2339: Property 'hkern' does not exist on type 'JSX.IntrinsicElements'.
src/icons/Fonts/general-sans/GeneralSansMedium.tsx(1230,5): error TS2339: Property 'hkern' does not exist on type 'JSX.IntrinsicElements'.
src/icons/Fonts/general-sans/GeneralSansMedium.tsx(1231,5): error TS2339: Property 'hkern' does not exist on type 'JSX.IntrinsicElements'.
src/icons/Fonts/general-sans/GeneralSansMedium.tsx(1232,5): error TS2339: Property 'hkern' does not exist on type 'JSX.IntrinsicElements'.
src/icons/Fonts/general-sans/GeneralSansMedium.tsx(1233,5): error TS2339: Property 'hkern' does not exist on type 'JSX.IntrinsicElements'.
src/icons/Fonts/general-sans/GeneralSansMedium.tsx(1234,5): error TS2339: Property 'hkern' does not exist on type 'JSX.IntrinsicElements'.
src/icons/Fonts/general-sans/GeneralSansMedium.tsx(1235,5): error TS2339: Property 'hkern' does not exist on type 'JSX.IntrinsicElements'.
src/icons/Fonts/general-sans/GeneralSansMedium.tsx(1236,5): error TS2339: Property 'hkern' does not exist on type 'JSX.IntrinsicElements'.
src/icons/Fonts/general-sans/GeneralSansMedium.tsx(1237,5): error TS2339: Property 'hkern' does not exist on type 'JSX.IntrinsicElements'.
src/icons/Fonts/general-sans/GeneralSansMedium.tsx(1238,5): error TS2339: Property 'hkern' does not exist on type 'JSX.IntrinsicElements'.
src/icons/Fonts/general-sans/GeneralSansMedium.tsx(1239,5): error TS2339: Property 'hkern' does not exist on type 'JSX.IntrinsicElements'.
src/icons/Fonts/general-sans/GeneralSansMedium.tsx(1240,5): error TS2339: Property 'hkern' does not exist on type 'JSX.IntrinsicElements'.
src/icons/Fonts/general-sans/GeneralSansMedium.tsx(1241,5): error TS2339: Property 'hkern' does not exist on type 'JSX.IntrinsicElements'.
src/icons/Fonts/general-sans/GeneralSansMedium.tsx(1242,5): error TS2339: Property 'hkern' does not exist on type 'JSX.IntrinsicElements'.
src/icons/Fonts/general-sans/GeneralSansMedium.tsx(1243,5): error TS2339: Property 'hkern' does not exist on type 'JSX.IntrinsicElements'.
src/icons/Fonts/general-sans/GeneralSansMedium.tsx(1244,5): error TS2339: Property 'hkern' does not exist on type 'JSX.IntrinsicElements'.
src/icons/Fonts/general-sans/GeneralSansMedium.tsx(1245,5): error TS2339: Property 'hkern' does not exist on type 'JSX.IntrinsicElements'.
src/icons/Fonts/general-sans/GeneralSansMedium.tsx(1246,5): error TS2339: Property 'hkern' does not exist on type 'JSX.IntrinsicElements'.
src/icons/Fonts/general-sans/GeneralSansMedium.tsx(1247,5): error TS2339: Property 'hkern' does not exist on type 'JSX.IntrinsicElements'.
src/icons/Fonts/general-sans/GeneralSansMedium.tsx(1248,5): error TS2339: Property 'hkern' does not exist on type 'JSX.IntrinsicElements'.
src/icons/Fonts/general-sans/GeneralSansMedium.tsx(1249,5): error TS2339: Property 'hkern' does not exist on type 'JSX.IntrinsicElements'.
src/icons/Fonts/general-sans/GeneralSansMedium.tsx(1250,5): error TS2339: Property 'hkern' does not exist on type 'JSX.IntrinsicElements'.
src/icons/Fonts/general-sans/GeneralSansMedium.tsx(1251,5): error TS2339: Property 'hkern' does not exist on type 'JSX.IntrinsicElements'.
src/icons/Fonts/general-sans/GeneralSansMedium.tsx(1252,5): error TS2339: Property 'hkern' does not exist on type 'JSX.IntrinsicElements'.
src/icons/Fonts/general-sans/GeneralSansMedium.tsx(1253,5): error TS2339: Property 'hkern' does not exist on type 'JSX.IntrinsicElements'.
src/icons/Fonts/general-sans/GeneralSansMedium.tsx(1254,5): error TS2339: Property 'hkern' does not exist on type 'JSX.IntrinsicElements'.
src/icons/Fonts/general-sans/GeneralSansMedium.tsx(1255,5): error TS2339: Property 'hkern' does not exist on type 'JSX.IntrinsicElements'.
src/icons/Fonts/general-sans/GeneralSansMedium.tsx(1256,5): error TS2339: Property 'hkern' does not exist on type 'JSX.IntrinsicElements'.
src/icons/Fonts/general-sans/GeneralSansMedium.tsx(1257,5): error TS2339: Property 'hkern' does not exist on type 'JSX.IntrinsicElements'.
src/icons/Fonts/general-sans/GeneralSansMedium.tsx(1258,5): error TS2339: Property 'hkern' does not exist on type 'JSX.IntrinsicElements'.
src/icons/Fonts/general-sans/GeneralSansMedium.tsx(1259,5): error TS2339: Property 'hkern' does not exist on type 'JSX.IntrinsicElements'.
src/icons/Fonts/general-sans/GeneralSansMedium.tsx(1260,5): error TS2339: Property 'hkern' does not exist on type 'JSX.IntrinsicElements'.
src/icons/Fonts/general-sans/GeneralSansMedium.tsx(1261,5): error TS2339: Property 'hkern' does not exist on type 'JSX.IntrinsicElements'.
src/icons/Fonts/general-sans/GeneralSansMedium.tsx(1262,5): error TS2339: Property 'hkern' does not exist on type 'JSX.IntrinsicElements'.
src/icons/Fonts/general-sans/GeneralSansMedium.tsx(1263,5): error TS2339: Property 'hkern' does not exist on type 'JSX.IntrinsicElements'.
src/icons/Fonts/general-sans/GeneralSansMedium.tsx(1264,5): error TS2339: Property 'hkern' does not exist on type 'JSX.IntrinsicElements'.
src/icons/Fonts/general-sans/GeneralSansMedium.tsx(1265,5): error TS2339: Property 'hkern' does not exist on type 'JSX.IntrinsicElements'.
src/icons/Fonts/general-sans/GeneralSansMedium.tsx(1266,5): error TS2339: Property 'hkern' does not exist on type 'JSX.IntrinsicElements'.
src/icons/Fonts/general-sans/GeneralSansMedium.tsx(1267,5): error TS2339: Property 'hkern' does not exist on type 'JSX.IntrinsicElements'.
src/icons/Fonts/general-sans/GeneralSansMedium.tsx(1268,5): error TS2339: Property 'hkern' does not exist on type 'JSX.IntrinsicElements'.
src/icons/Fonts/general-sans/GeneralSansMedium.tsx(1269,5): error TS2339: Property 'hkern' does not exist on type 'JSX.IntrinsicElements'.
src/icons/Fonts/general-sans/GeneralSansMedium.tsx(1270,5): error TS2339: Property 'hkern' does not exist on type 'JSX.IntrinsicElements'.
src/icons/Fonts/general-sans/GeneralSansMedium.tsx(1271,5): error TS2339: Property 'hkern' does not exist on type 'JSX.IntrinsicElements'.
src/icons/Fonts/general-sans/GeneralSansMedium.tsx(1272,5): error TS2339: Property 'hkern' does not exist on type 'JSX.IntrinsicElements'.
src/icons/Fonts/general-sans/GeneralSansMedium.tsx(1273,5): error TS2339: Property 'hkern' does not exist on type 'JSX.IntrinsicElements'.
src/icons/Fonts/general-sans/GeneralSansMedium.tsx(1274,5): error TS2339: Property 'hkern' does not exist on type 'JSX.IntrinsicElements'.
src/icons/Fonts/general-sans/GeneralSansMedium.tsx(1275,5): error TS2339: Property 'hkern' does not exist on type 'JSX.IntrinsicElements'.
src/icons/Fonts/general-sans/GeneralSansMedium.tsx(1276,5): error TS2339: Property 'hkern' does not exist on type 'JSX.IntrinsicElements'.
src/icons/Fonts/general-sans/GeneralSansMedium.tsx(1277,5): error TS2339: Property 'hkern' does not exist on type 'JSX.IntrinsicElements'.
src/icons/Fonts/general-sans/GeneralSansMedium.tsx(1278,5): error TS2339: Property 'hkern' does not exist on type 'JSX.IntrinsicElements'.
src/icons/Fonts/general-sans/GeneralSansMedium.tsx(1279,5): error TS2339: Property 'hkern' does not exist on type 'JSX.IntrinsicElements'.
src/icons/Fonts/general-sans/GeneralSansMedium.tsx(1280,5): error TS2339: Property 'hkern' does not exist on type 'JSX.IntrinsicElements'.
src/icons/Fonts/general-sans/GeneralSansMedium.tsx(1281,5): error TS2339: Property 'hkern' does not exist on type 'JSX.IntrinsicElements'.
src/icons/Fonts/general-sans/GeneralSansMedium.tsx(1282,5): error TS2339: Property 'hkern' does not exist on type 'JSX.IntrinsicElements'.
src/icons/Fonts/general-sans/GeneralSansMedium.tsx(1283,5): error TS2339: Property 'hkern' does not exist on type 'JSX.IntrinsicElements'.
src/icons/Fonts/general-sans/GeneralSansMedium.tsx(1284,5): error TS2339: Property 'hkern' does not exist on type 'JSX.IntrinsicElements'.
src/icons/Fonts/general-sans/GeneralSansMedium.tsx(1285,5): error TS2339: Property 'hkern' does not exist on type 'JSX.IntrinsicElements'.
src/icons/Fonts/general-sans/GeneralSansMedium.tsx(1286,5): error TS2339: Property 'hkern' does not exist on type 'JSX.IntrinsicElements'.
src/icons/Fonts/general-sans/GeneralSansMedium.tsx(1287,5): error TS2339: Property 'hkern' does not exist on type 'JSX.IntrinsicElements'.
src/icons/Fonts/general-sans/GeneralSansMedium.tsx(1288,5): error TS2339: Property 'hkern' does not exist on type 'JSX.IntrinsicElements'.
src/icons/Fonts/general-sans/GeneralSansMedium.tsx(1289,5): error TS2339: Property 'hkern' does not exist on type 'JSX.IntrinsicElements'.
src/icons/Fonts/general-sans/GeneralSansMedium.tsx(1290,5): error TS2339: Property 'hkern' does not exist on type 'JSX.IntrinsicElements'.
src/icons/Fonts/general-sans/GeneralSansMedium.tsx(1291,5): error TS2339: Property 'hkern' does not exist on type 'JSX.IntrinsicElements'.
src/icons/Fonts/general-sans/GeneralSansMedium.tsx(1292,5): error TS2339: Property 'hkern' does not exist on type 'JSX.IntrinsicElements'.
src/icons/Fonts/general-sans/GeneralSansMedium.tsx(1293,5): error TS2339: Property 'hkern' does not exist on type 'JSX.IntrinsicElements'.
src/icons/Fonts/general-sans/GeneralSansMedium.tsx(1294,5): error TS2339: Property 'hkern' does not exist on type 'JSX.IntrinsicElements'.
src/icons/Fonts/general-sans/GeneralSansMedium.tsx(1295,5): error TS2339: Property 'hkern' does not exist on type 'JSX.IntrinsicElements'.
src/icons/Fonts/general-sans/GeneralSansMedium.tsx(1296,5): error TS2339: Property 'hkern' does not exist on type 'JSX.IntrinsicElements'.
src/icons/Fonts/general-sans/GeneralSansMedium.tsx(1297,5): error TS2339: Property 'hkern' does not exist on type 'JSX.IntrinsicElements'.
src/icons/Fonts/general-sans/GeneralSansMedium.tsx(1298,5): error TS2339: Property 'hkern' does not exist on type 'JSX.IntrinsicElements'.
src/icons/Fonts/general-sans/GeneralSansMedium.tsx(1299,5): error TS2339: Property 'hkern' does not exist on type 'JSX.IntrinsicElements'.
src/icons/Fonts/general-sans/GeneralSansMedium.tsx(1300,5): error TS2339: Property 'hkern' does not exist on type 'JSX.IntrinsicElements'.
src/icons/Fonts/general-sans/GeneralSansMedium.tsx(1301,5): error TS2339: Property 'hkern' does not exist on type 'JSX.IntrinsicElements'.
src/icons/Fonts/general-sans/GeneralSansMedium.tsx(1302,5): error TS2339: Property 'hkern' does not exist on type 'JSX.IntrinsicElements'.
src/icons/Fonts/general-sans/GeneralSansMedium.tsx(1303,5): error TS2339: Property 'hkern' does not exist on type 'JSX.IntrinsicElements'.
src/icons/Fonts/general-sans/GeneralSansMedium.tsx(1304,5): error TS2339: Property 'hkern' does not exist on type 'JSX.IntrinsicElements'.
src/icons/Fonts/general-sans/GeneralSansMedium.tsx(1305,5): error TS2339: Property 'hkern' does not exist on type 'JSX.IntrinsicElements'.
src/icons/Fonts/general-sans/GeneralSansMedium.tsx(1306,5): error TS2339: Property 'hkern' does not exist on type 'JSX.IntrinsicElements'.
src/icons/Fonts/general-sans/GeneralSansMedium.tsx(1307,5): error TS2339: Property 'hkern' does not exist on type 'JSX.IntrinsicElements'.
src/icons/Fonts/general-sans/GeneralSansMedium.tsx(1308,5): error TS2339: Property 'hkern' does not exist on type 'JSX.IntrinsicElements'.
src/icons/Fonts/general-sans/GeneralSansMedium.tsx(1309,5): error TS2339: Property 'hkern' does not exist on type 'JSX.IntrinsicElements'.
src/icons/Fonts/general-sans/GeneralSansMedium.tsx(1310,5): error TS2339: Property 'hkern' does not exist on type 'JSX.IntrinsicElements'.
src/icons/Fonts/general-sans/GeneralSansMedium.tsx(1311,5): error TS2339: Property 'hkern' does not exist on type 'JSX.IntrinsicElements'.
src/icons/Fonts/general-sans/GeneralSansMedium.tsx(1312,5): error TS2339: Property 'hkern' does not exist on type 'JSX.IntrinsicElements'.
src/icons/Fonts/general-sans/GeneralSansMedium.tsx(1313,5): error TS2339: Property 'hkern' does not exist on type 'JSX.IntrinsicElements'.
src/icons/Fonts/general-sans/GeneralSansMedium.tsx(1314,5): error TS2339: Property 'hkern' does not exist on type 'JSX.IntrinsicElements'.
src/icons/Fonts/general-sans/GeneralSansMedium.tsx(1315,5): error TS2339: Property 'hkern' does not exist on type 'JSX.IntrinsicElements'.
src/icons/Fonts/general-sans/GeneralSansMedium.tsx(1316,5): error TS2339: Property 'hkern' does not exist on type 'JSX.IntrinsicElements'.
src/icons/Fonts/general-sans/GeneralSansMedium.tsx(1317,5): error TS2339: Property 'hkern' does not exist on type 'JSX.IntrinsicElements'.
src/icons/Fonts/general-sans/GeneralSansMedium.tsx(1318,5): error TS2339: Property 'hkern' does not exist on type 'JSX.IntrinsicElements'.
src/icons/Fonts/general-sans/GeneralSansMedium.tsx(1319,5): error TS2339: Property 'hkern' does not exist on type 'JSX.IntrinsicElements'.
src/icons/Fonts/general-sans/GeneralSansMedium.tsx(1320,5): error TS2339: Property 'hkern' does not exist on type 'JSX.IntrinsicElements'.
src/icons/Fonts/general-sans/GeneralSansMedium.tsx(1321,5): error TS2339: Property 'hkern' does not exist on type 'JSX.IntrinsicElements'.
src/icons/Fonts/general-sans/GeneralSansMedium.tsx(1322,5): error TS2339: Property 'hkern' does not exist on type 'JSX.IntrinsicElements'.
src/icons/Fonts/general-sans/GeneralSansMedium.tsx(1323,5): error TS2339: Property 'hkern' does not exist on type 'JSX.IntrinsicElements'.
src/icons/Fonts/general-sans/GeneralSansMedium.tsx(1324,5): error TS2339: Property 'hkern' does not exist on type 'JSX.IntrinsicElements'.
src/icons/Fonts/general-sans/GeneralSansMedium.tsx(1325,5): error TS2339: Property 'hkern' does not exist on type 'JSX.IntrinsicElements'.
src/icons/Fonts/general-sans/GeneralSansMedium.tsx(1326,5): error TS2339: Property 'hkern' does not exist on type 'JSX.IntrinsicElements'.
src/icons/Fonts/general-sans/GeneralSansMedium.tsx(1327,5): error TS2339: Property 'hkern' does not exist on type 'JSX.IntrinsicElements'.
src/icons/Fonts/general-sans/GeneralSansMedium.tsx(1328,5): error TS2339: Property 'hkern' does not exist on type 'JSX.IntrinsicElements'.
src/icons/Fonts/general-sans/GeneralSansMedium.tsx(1329,5): error TS2339: Property 'hkern' does not exist on type 'JSX.IntrinsicElements'.
src/icons/Fonts/general-sans/GeneralSansMedium.tsx(1330,5): error TS2339: Property 'hkern' does not exist on type 'JSX.IntrinsicElements'.
src/icons/Fonts/general-sans/GeneralSansMedium.tsx(1331,5): error TS2339: Property 'hkern' does not exist on type 'JSX.IntrinsicElements'.
src/icons/Fonts/general-sans/GeneralSansMedium.tsx(1332,5): error TS2339: Property 'hkern' does not exist on type 'JSX.IntrinsicElements'.
src/icons/Fonts/general-sans/GeneralSansMedium.tsx(1333,5): error TS2339: Property 'hkern' does not exist on type 'JSX.IntrinsicElements'.
src/icons/Fonts/general-sans/GeneralSansMedium.tsx(1334,5): error TS2339: Property 'hkern' does not exist on type 'JSX.IntrinsicElements'.
src/icons/Fonts/general-sans/GeneralSansMedium.tsx(1335,5): error TS2339: Property 'hkern' does not exist on type 'JSX.IntrinsicElements'.
src/icons/Fonts/general-sans/GeneralSansMedium.tsx(1336,5): error TS2339: Property 'hkern' does not exist on type 'JSX.IntrinsicElements'.
src/icons/Fonts/general-sans/GeneralSansMedium.tsx(1337,5): error TS2339: Property 'hkern' does not exist on type 'JSX.IntrinsicElements'.
src/icons/Fonts/general-sans/GeneralSansMedium.tsx(1338,5): error TS2339: Property 'hkern' does not exist on type 'JSX.IntrinsicElements'.
src/icons/Fonts/general-sans/GeneralSansMedium.tsx(1339,5): error TS2339: Property 'hkern' does not exist on type 'JSX.IntrinsicElements'.
src/icons/Fonts/general-sans/GeneralSansMedium.tsx(1340,5): error TS2339: Property 'hkern' does not exist on type 'JSX.IntrinsicElements'.
src/icons/Fonts/general-sans/GeneralSansMedium.tsx(1341,5): error TS2339: Property 'hkern' does not exist on type 'JSX.IntrinsicElements'.
src/icons/Fonts/general-sans/GeneralSansMedium.tsx(1342,5): error TS2339: Property 'hkern' does not exist on type 'JSX.IntrinsicElements'.
src/icons/Fonts/general-sans/GeneralSansMedium.tsx(1343,5): error TS2339: Property 'hkern' does not exist on type 'JSX.IntrinsicElements'.
src/icons/Fonts/general-sans/GeneralSansMedium.tsx(1344,5): error TS2339: Property 'hkern' does not exist on type 'JSX.IntrinsicElements'.
src/icons/Fonts/general-sans/GeneralSansMedium.tsx(1345,5): error TS2339: Property 'hkern' does not exist on type 'JSX.IntrinsicElements'.
src/icons/Fonts/general-sans/GeneralSansMedium.tsx(1346,5): error TS2339: Property 'hkern' does not exist on type 'JSX.IntrinsicElements'.
src/icons/Fonts/general-sans/GeneralSansMedium.tsx(1347,5): error TS2339: Property 'hkern' does not exist on type 'JSX.IntrinsicElements'.
src/icons/Fonts/general-sans/GeneralSansMedium.tsx(1348,5): error TS2339: Property 'hkern' does not exist on type 'JSX.IntrinsicElements'.
src/icons/Fonts/general-sans/GeneralSansMedium.tsx(1349,5): error TS2339: Property 'hkern' does not exist on type 'JSX.IntrinsicElements'.
src/icons/Fonts/general-sans/GeneralSansMedium.tsx(1350,5): error TS2339: Property 'hkern' does not exist on type 'JSX.IntrinsicElements'.
src/icons/Fonts/general-sans/GeneralSansMedium.tsx(1351,5): error TS2339: Property 'hkern' does not exist on type 'JSX.IntrinsicElements'.
src/icons/Fonts/general-sans/GeneralSansMedium.tsx(1352,5): error TS2339: Property 'hkern' does not exist on type 'JSX.IntrinsicElements'.
src/icons/Fonts/general-sans/GeneralSansMedium.tsx(1353,5): error TS2339: Property 'hkern' does not exist on type 'JSX.IntrinsicElements'.
src/icons/Fonts/general-sans/GeneralSansMedium.tsx(1354,5): error TS2339: Property 'hkern' does not exist on type 'JSX.IntrinsicElements'.
src/icons/Fonts/general-sans/GeneralSansMedium.tsx(1355,5): error TS2339: Property 'hkern' does not exist on type 'JSX.IntrinsicElements'.
src/icons/Fonts/general-sans/GeneralSansMedium.tsx(1356,5): error TS2339: Property 'hkern' does not exist on type 'JSX.IntrinsicElements'.
src/icons/Fonts/general-sans/GeneralSansMedium.tsx(1357,5): error TS2339: Property 'hkern' does not exist on type 'JSX.IntrinsicElements'.
src/icons/Fonts/general-sans/GeneralSansMedium.tsx(1358,5): error TS2339: Property 'hkern' does not exist on type 'JSX.IntrinsicElements'.
src/icons/Fonts/general-sans/GeneralSansMedium.tsx(1359,5): error TS2339: Property 'hkern' does not exist on type 'JSX.IntrinsicElements'.
src/icons/Fonts/general-sans/GeneralSansMedium.tsx(1360,5): error TS2339: Property 'hkern' does not exist on type 'JSX.IntrinsicElements'.
src/icons/Fonts/general-sans/GeneralSansMedium.tsx(1361,5): error TS2339: Property 'hkern' does not exist on type 'JSX.IntrinsicElements'.
src/icons/Fonts/general-sans/GeneralSansMedium.tsx(1362,5): error TS2339: Property 'hkern' does not exist on type 'JSX.IntrinsicElements'.
src/icons/Fonts/general-sans/GeneralSansMedium.tsx(1363,5): error TS2339: Property 'hkern' does not exist on type 'JSX.IntrinsicElements'.
src/icons/Fonts/general-sans/GeneralSansMedium.tsx(1364,5): error TS2339: Property 'hkern' does not exist on type 'JSX.IntrinsicElements'.
src/icons/Fonts/general-sans/GeneralSansMedium.tsx(1365,5): error TS2339: Property 'hkern' does not exist on type 'JSX.IntrinsicElements'.
src/icons/Fonts/general-sans/GeneralSansMedium.tsx(1366,5): error TS2339: Property 'hkern' does not exist on type 'JSX.IntrinsicElements'.
src/icons/Fonts/general-sans/GeneralSansMedium.tsx(1367,5): error TS2339: Property 'hkern' does not exist on type 'JSX.IntrinsicElements'.
src/icons/Fonts/general-sans/GeneralSansMedium.tsx(1368,5): error TS2339: Property 'hkern' does not exist on type 'JSX.IntrinsicElements'.
src/icons/Fonts/general-sans/GeneralSansMedium.tsx(1369,5): error TS2339: Property 'hkern' does not exist on type 'JSX.IntrinsicElements'.
src/icons/Fonts/general-sans/GeneralSansMedium.tsx(1370,5): error TS2339: Property 'hkern' does not exist on type 'JSX.IntrinsicElements'.
src/icons/Fonts/general-sans/GeneralSansMedium.tsx(1371,5): error TS2339: Property 'hkern' does not exist on type 'JSX.IntrinsicElements'.
src/icons/Fonts/general-sans/GeneralSansMedium.tsx(1372,5): error TS2339: Property 'hkern' does not exist on type 'JSX.IntrinsicElements'.
src/icons/Fonts/general-sans/GeneralSansMedium.tsx(1373,5): error TS2339: Property 'hkern' does not exist on type 'JSX.IntrinsicElements'.
src/icons/Fonts/general-sans/GeneralSansMedium.tsx(1374,5): error TS2339: Property 'hkern' does not exist on type 'JSX.IntrinsicElements'.
src/icons/Fonts/general-sans/GeneralSansMedium.tsx(1375,5): error TS2339: Property 'hkern' does not exist on type 'JSX.IntrinsicElements'.
src/icons/Fonts/general-sans/GeneralSansMedium.tsx(1376,5): error TS2339: Property 'hkern' does not exist on type 'JSX.IntrinsicElements'.
src/icons/Fonts/general-sans/GeneralSansMedium.tsx(1377,5): error TS2339: Property 'hkern' does not exist on type 'JSX.IntrinsicElements'.
src/icons/Fonts/general-sans/GeneralSansMedium.tsx(1378,5): error TS2339: Property 'hkern' does not exist on type 'JSX.IntrinsicElements'.
src/icons/Fonts/general-sans/GeneralSansMedium.tsx(1379,5): error TS2339: Property 'hkern' does not exist on type 'JSX.IntrinsicElements'.
src/icons/Fonts/general-sans/GeneralSansMedium.tsx(1380,5): error TS2339: Property 'hkern' does not exist on type 'JSX.IntrinsicElements'.
src/icons/Fonts/general-sans/GeneralSansMedium.tsx(1381,5): error TS2339: Property 'hkern' does not exist on type 'JSX.IntrinsicElements'.
src/icons/Fonts/general-sans/GeneralSansMedium.tsx(1382,5): error TS2339: Property 'hkern' does not exist on type 'JSX.IntrinsicElements'.
src/icons/Fonts/general-sans/GeneralSansMedium.tsx(1383,5): error TS2339: Property 'hkern' does not exist on type 'JSX.IntrinsicElements'.
src/icons/Fonts/general-sans/GeneralSansMedium.tsx(1384,5): error TS2339: Property 'hkern' does not exist on type 'JSX.IntrinsicElements'.
src/icons/Fonts/general-sans/GeneralSansMedium.tsx(1385,5): error TS2339: Property 'hkern' does not exist on type 'JSX.IntrinsicElements'.
src/icons/Fonts/general-sans/GeneralSansMedium.tsx(1386,5): error TS2339: Property 'hkern' does not exist on type 'JSX.IntrinsicElements'.
src/icons/Fonts/general-sans/GeneralSansMedium.tsx(1387,5): error TS2339: Property 'hkern' does not exist on type 'JSX.IntrinsicElements'.
src/icons/Fonts/general-sans/GeneralSansMedium.tsx(1388,5): error TS2339: Property 'hkern' does not exist on type 'JSX.IntrinsicElements'.
src/icons/Fonts/general-sans/GeneralSansMedium.tsx(1389,5): error TS2339: Property 'hkern' does not exist on type 'JSX.IntrinsicElements'.
src/icons/Fonts/general-sans/GeneralSansMedium.tsx(1390,5): error TS2339: Property 'hkern' does not exist on type 'JSX.IntrinsicElements'.
src/icons/Fonts/general-sans/GeneralSansMedium.tsx(1391,5): error TS2339: Property 'hkern' does not exist on type 'JSX.IntrinsicElements'.
src/icons/Fonts/general-sans/GeneralSansMedium.tsx(1392,5): error TS2339: Property 'hkern' does not exist on type 'JSX.IntrinsicElements'.
src/icons/Fonts/general-sans/GeneralSansMedium.tsx(1393,5): error TS2339: Property 'hkern' does not exist on type 'JSX.IntrinsicElements'.
src/icons/Fonts/general-sans/GeneralSansMedium.tsx(1394,5): error TS2339: Property 'hkern' does not exist on type 'JSX.IntrinsicElements'.
src/icons/Fonts/general-sans/GeneralSansMedium.tsx(1395,5): error TS2339: Property 'hkern' does not exist on type 'JSX.IntrinsicElements'.
src/icons/Fonts/general-sans/GeneralSansMedium.tsx(1396,5): error TS2339: Property 'hkern' does not exist on type 'JSX.IntrinsicElements'.
src/icons/Fonts/general-sans/GeneralSansMedium.tsx(1397,5): error TS2339: Property 'hkern' does not exist on type 'JSX.IntrinsicElements'.
src/icons/Fonts/general-sans/GeneralSansMedium.tsx(1398,5): error TS2339: Property 'hkern' does not exist on type 'JSX.IntrinsicElements'.
src/icons/Fonts/general-sans/GeneralSansMedium.tsx(1399,5): error TS2339: Property 'hkern' does not exist on type 'JSX.IntrinsicElements'.
src/icons/Fonts/general-sans/GeneralSansMedium.tsx(1400,5): error TS2339: Property 'hkern' does not exist on type 'JSX.IntrinsicElements'.
src/icons/Fonts/general-sans/GeneralSansMedium.tsx(1401,5): error TS2339: Property 'hkern' does not exist on type 'JSX.IntrinsicElements'.
src/icons/Fonts/general-sans/GeneralSansMedium.tsx(1402,5): error TS2339: Property 'hkern' does not exist on type 'JSX.IntrinsicElements'.
src/icons/Fonts/general-sans/GeneralSansMedium.tsx(1403,5): error TS2339: Property 'hkern' does not exist on type 'JSX.IntrinsicElements'.
src/icons/Fonts/general-sans/GeneralSansMedium.tsx(1404,5): error TS2339: Property 'hkern' does not exist on type 'JSX.IntrinsicElements'.
src/icons/Fonts/general-sans/GeneralSansMedium.tsx(1405,5): error TS2339: Property 'hkern' does not exist on type 'JSX.IntrinsicElements'.
src/icons/Fonts/general-sans/GeneralSansMedium.tsx(1406,5): error TS2339: Property 'hkern' does not exist on type 'JSX.IntrinsicElements'.
src/icons/Fonts/general-sans/GeneralSansMedium.tsx(1407,5): error TS2339: Property 'hkern' does not exist on type 'JSX.IntrinsicElements'.
src/icons/Fonts/general-sans/GeneralSansMedium.tsx(1408,5): error TS2339: Property 'hkern' does not exist on type 'JSX.IntrinsicElements'.
src/icons/Fonts/general-sans/GeneralSansMedium.tsx(1409,5): error TS2339: Property 'hkern' does not exist on type 'JSX.IntrinsicElements'.
src/icons/Fonts/general-sans/GeneralSansMedium.tsx(1410,5): error TS2339: Property 'hkern' does not exist on type 'JSX.IntrinsicElements'.
src/icons/Fonts/general-sans/GeneralSansMedium.tsx(1411,5): error TS2339: Property 'hkern' does not exist on type 'JSX.IntrinsicElements'.
src/icons/Fonts/general-sans/GeneralSansMedium.tsx(1412,5): error TS2339: Property 'hkern' does not exist on type 'JSX.IntrinsicElements'.
src/icons/Fonts/general-sans/GeneralSansMedium.tsx(1413,5): error TS2339: Property 'hkern' does not exist on type 'JSX.IntrinsicElements'.
src/icons/Fonts/general-sans/GeneralSansMedium.tsx(1414,5): error TS2339: Property 'hkern' does not exist on type 'JSX.IntrinsicElements'.
src/icons/Fonts/general-sans/GeneralSansMedium.tsx(1415,5): error TS2339: Property 'hkern' does not exist on type 'JSX.IntrinsicElements'.
src/icons/Fonts/general-sans/GeneralSansMedium.tsx(1416,5): error TS2339: Property 'hkern' does not exist on type 'JSX.IntrinsicElements'.
src/icons/Fonts/general-sans/GeneralSansMedium.tsx(1417,5): error TS2339: Property 'hkern' does not exist on type 'JSX.IntrinsicElements'.
src/icons/Fonts/general-sans/GeneralSansMedium.tsx(1418,5): error TS2339: Property 'hkern' does not exist on type 'JSX.IntrinsicElements'.
src/icons/Fonts/general-sans/GeneralSansMedium.tsx(1419,5): error TS2339: Property 'hkern' does not exist on type 'JSX.IntrinsicElements'.
src/icons/Fonts/general-sans/GeneralSansMedium.tsx(1420,5): error TS2339: Property 'hkern' does not exist on type 'JSX.IntrinsicElements'.
src/icons/Fonts/general-sans/GeneralSansMedium.tsx(1421,5): error TS2339: Property 'hkern' does not exist on type 'JSX.IntrinsicElements'.
src/icons/Fonts/general-sans/GeneralSansMedium.tsx(1422,5): error TS2339: Property 'hkern' does not exist on type 'JSX.IntrinsicElements'.
src/icons/Fonts/general-sans/GeneralSansMedium.tsx(1423,5): error TS2339: Property 'hkern' does not exist on type 'JSX.IntrinsicElements'.
src/icons/Fonts/general-sans/GeneralSansMedium.tsx(1424,5): error TS2339: Property 'hkern' does not exist on type 'JSX.IntrinsicElements'.
src/icons/Fonts/general-sans/GeneralSansMedium.tsx(1425,5): error TS2339: Property 'hkern' does not exist on type 'JSX.IntrinsicElements'.
src/icons/Fonts/general-sans/GeneralSansMedium.tsx(1426,5): error TS2339: Property 'hkern' does not exist on type 'JSX.IntrinsicElements'.
src/icons/Fonts/general-sans/GeneralSansMedium.tsx(1427,5): error TS2339: Property 'hkern' does not exist on type 'JSX.IntrinsicElements'.
src/icons/Fonts/general-sans/GeneralSansMedium.tsx(1428,5): error TS2339: Property 'hkern' does not exist on type 'JSX.IntrinsicElements'.
src/icons/Fonts/general-sans/GeneralSansMedium.tsx(1429,5): error TS2339: Property 'hkern' does not exist on type 'JSX.IntrinsicElements'.
src/icons/Fonts/general-sans/GeneralSansMedium.tsx(1430,5): error TS2339: Property 'hkern' does not exist on type 'JSX.IntrinsicElements'.
src/icons/Fonts/general-sans/GeneralSansMedium.tsx(1431,5): error TS2339: Property 'hkern' does not exist on type 'JSX.IntrinsicElements'.
src/icons/Fonts/general-sans/GeneralSansMedium.tsx(1432,5): error TS2339: Property 'hkern' does not exist on type 'JSX.IntrinsicElements'.
src/icons/Fonts/general-sans/GeneralSansMedium.tsx(1433,5): error TS2339: Property 'hkern' does not exist on type 'JSX.IntrinsicElements'.
src/icons/Fonts/general-sans/GeneralSansMedium.tsx(1434,5): error TS2339: Property 'hkern' does not exist on type 'JSX.IntrinsicElements'.
src/icons/Fonts/general-sans/GeneralSansMedium.tsx(1435,5): error TS2339: Property 'hkern' does not exist on type 'JSX.IntrinsicElements'.
src/icons/Fonts/general-sans/GeneralSansMedium.tsx(1436,5): error TS2339: Property 'hkern' does not exist on type 'JSX.IntrinsicElements'.
src/icons/Fonts/general-sans/GeneralSansMedium.tsx(1437,5): error TS2339: Property 'hkern' does not exist on type 'JSX.IntrinsicElements'.
src/icons/Fonts/general-sans/GeneralSansMedium.tsx(1438,5): error TS2339: Property 'hkern' does not exist on type 'JSX.IntrinsicElements'.
src/icons/Fonts/general-sans/GeneralSansMedium.tsx(1439,5): error TS2339: Property 'hkern' does not exist on type 'JSX.IntrinsicElements'.
src/icons/Fonts/general-sans/GeneralSansMedium.tsx(1440,5): error TS2339: Property 'hkern' does not exist on type 'JSX.IntrinsicElements'.
src/icons/Fonts/general-sans/GeneralSansMedium.tsx(1441,5): error TS2339: Property 'hkern' does not exist on type 'JSX.IntrinsicElements'.
src/icons/Fonts/general-sans/GeneralSansMedium.tsx(1442,5): error TS2339: Property 'hkern' does not exist on type 'JSX.IntrinsicElements'.
src/icons/Fonts/general-sans/GeneralSansMedium.tsx(1443,5): error TS2339: Property 'hkern' does not exist on type 'JSX.IntrinsicElements'.
src/icons/Fonts/general-sans/GeneralSansMedium.tsx(1444,5): error TS2339: Property 'hkern' does not exist on type 'JSX.IntrinsicElements'.
src/icons/Fonts/general-sans/GeneralSansMedium.tsx(1445,5): error TS2339: Property 'hkern' does not exist on type 'JSX.IntrinsicElements'.
src/icons/Fonts/general-sans/GeneralSansMedium.tsx(1446,5): error TS2339: Property 'hkern' does not exist on type 'JSX.IntrinsicElements'.
src/icons/Fonts/general-sans/GeneralSansMedium.tsx(1447,5): error TS2339: Property 'hkern' does not exist on type 'JSX.IntrinsicElements'.
src/icons/Fonts/general-sans/GeneralSansMedium.tsx(1448,5): error TS2339: Property 'hkern' does not exist on type 'JSX.IntrinsicElements'.
src/icons/Fonts/general-sans/GeneralSansMedium.tsx(1449,5): error TS2339: Property 'hkern' does not exist on type 'JSX.IntrinsicElements'.
src/icons/Fonts/general-sans/GeneralSansMedium.tsx(1450,5): error TS2339: Property 'hkern' does not exist on type 'JSX.IntrinsicElements'.
src/icons/Fonts/general-sans/GeneralSansMedium.tsx(1451,5): error TS2339: Property 'hkern' does not exist on type 'JSX.IntrinsicElements'.
src/icons/Fonts/general-sans/GeneralSansMedium.tsx(1452,5): error TS2339: Property 'hkern' does not exist on type 'JSX.IntrinsicElements'.
src/icons/Fonts/general-sans/GeneralSansMedium.tsx(1453,5): error TS2339: Property 'hkern' does not exist on type 'JSX.IntrinsicElements'.
src/icons/Fonts/general-sans/GeneralSansMedium.tsx(1454,5): error TS2339: Property 'hkern' does not exist on type 'JSX.IntrinsicElements'.
src/icons/Fonts/general-sans/GeneralSansMedium.tsx(1455,5): error TS2339: Property 'hkern' does not exist on type 'JSX.IntrinsicElements'.
src/icons/Fonts/general-sans/GeneralSansMedium.tsx(1456,5): error TS2339: Property 'hkern' does not exist on type 'JSX.IntrinsicElements'.
src/icons/Fonts/general-sans/GeneralSansMedium.tsx(1457,5): error TS2339: Property 'hkern' does not exist on type 'JSX.IntrinsicElements'.
src/icons/Fonts/general-sans/GeneralSansMedium.tsx(1458,5): error TS2339: Property 'hkern' does not exist on type 'JSX.IntrinsicElements'.
src/icons/Fonts/general-sans/GeneralSansMedium.tsx(1459,5): error TS2339: Property 'hkern' does not exist on type 'JSX.IntrinsicElements'.
src/icons/Fonts/general-sans/GeneralSansMedium.tsx(1460,5): error TS2339: Property 'hkern' does not exist on type 'JSX.IntrinsicElements'.
src/icons/Fonts/general-sans/GeneralSansMedium.tsx(1461,5): error TS2339: Property 'hkern' does not exist on type 'JSX.IntrinsicElements'.
src/icons/Fonts/general-sans/GeneralSansMedium.tsx(1462,5): error TS2339: Property 'hkern' does not exist on type 'JSX.IntrinsicElements'.
src/icons/Fonts/general-sans/GeneralSansMedium.tsx(1463,5): error TS2339: Property 'hkern' does not exist on type 'JSX.IntrinsicElements'.
src/icons/Fonts/general-sans/GeneralSansMedium.tsx(1464,5): error TS2339: Property 'hkern' does not exist on type 'JSX.IntrinsicElements'.
src/icons/Fonts/general-sans/GeneralSansMedium.tsx(1465,5): error TS2339: Property 'hkern' does not exist on type 'JSX.IntrinsicElements'.
src/icons/Fonts/general-sans/GeneralSansMedium.tsx(1466,5): error TS2339: Property 'hkern' does not exist on type 'JSX.IntrinsicElements'.
src/icons/Fonts/general-sans/GeneralSansMedium.tsx(1467,5): error TS2339: Property 'hkern' does not exist on type 'JSX.IntrinsicElements'.
src/icons/Fonts/general-sans/GeneralSansMedium.tsx(1468,5): error TS2339: Property 'hkern' does not exist on type 'JSX.IntrinsicElements'.
src/icons/Fonts/general-sans/GeneralSansMedium.tsx(1469,5): error TS2339: Property 'hkern' does not exist on type 'JSX.IntrinsicElements'.
src/icons/Fonts/general-sans/GeneralSansMedium.tsx(1470,5): error TS2339: Property 'hkern' does not exist on type 'JSX.IntrinsicElements'.
src/icons/Fonts/general-sans/GeneralSansMedium.tsx(1471,5): error TS2339: Property 'hkern' does not exist on type 'JSX.IntrinsicElements'.
src/icons/Fonts/general-sans/GeneralSansMedium.tsx(1472,5): error TS2339: Property 'hkern' does not exist on type 'JSX.IntrinsicElements'.
src/icons/Fonts/general-sans/GeneralSansMedium.tsx(1473,5): error TS2339: Property 'hkern' does not exist on type 'JSX.IntrinsicElements'.
src/icons/Fonts/general-sans/GeneralSansMedium.tsx(1474,5): error TS2339: Property 'hkern' does not exist on type 'JSX.IntrinsicElements'.
src/icons/Fonts/general-sans/GeneralSansMedium.tsx(1475,5): error TS2339: Property 'hkern' does not exist on type 'JSX.IntrinsicElements'.
src/icons/Fonts/general-sans/GeneralSansMedium.tsx(1476,5): error TS2339: Property 'hkern' does not exist on type 'JSX.IntrinsicElements'.
src/icons/Fonts/general-sans/GeneralSansMedium.tsx(1477,5): error TS2339: Property 'hkern' does not exist on type 'JSX.IntrinsicElements'.
src/icons/Fonts/general-sans/GeneralSansMedium.tsx(1478,5): error TS2339: Property 'hkern' does not exist on type 'JSX.IntrinsicElements'.
src/icons/Fonts/general-sans/GeneralSansMedium.tsx(1479,5): error TS2339: Property 'hkern' does not exist on type 'JSX.IntrinsicElements'.
src/icons/Fonts/general-sans/GeneralSansMedium.tsx(1480,5): error TS2339: Property 'hkern' does not exist on type 'JSX.IntrinsicElements'.
src/icons/Fonts/general-sans/GeneralSansMedium.tsx(1481,5): error TS2339: Property 'hkern' does not exist on type 'JSX.IntrinsicElements'.
src/icons/Fonts/general-sans/GeneralSansMedium.tsx(1482,5): error TS2339: Property 'hkern' does not exist on type 'JSX.IntrinsicElements'.
src/icons/Fonts/general-sans/GeneralSansMedium.tsx(1483,5): error TS2339: Property 'hkern' does not exist on type 'JSX.IntrinsicElements'.
src/icons/Fonts/general-sans/GeneralSansMedium.tsx(1484,5): error TS2339: Property 'hkern' does not exist on type 'JSX.IntrinsicElements'.
src/icons/Fonts/general-sans/GeneralSansMedium.tsx(1485,5): error TS2339: Property 'hkern' does not exist on type 'JSX.IntrinsicElements'.
src/icons/Fonts/general-sans/GeneralSansMedium.tsx(1486,5): error TS2339: Property 'hkern' does not exist on type 'JSX.IntrinsicElements'.
src/icons/Fonts/general-sans/GeneralSansMedium.tsx(1487,5): error TS2339: Property 'hkern' does not exist on type 'JSX.IntrinsicElements'.
src/icons/Fonts/general-sans/GeneralSansMedium.tsx(1488,5): error TS2339: Property 'hkern' does not exist on type 'JSX.IntrinsicElements'.
src/icons/Fonts/general-sans/GeneralSansMedium.tsx(1489,5): error TS2339: Property 'hkern' does not exist on type 'JSX.IntrinsicElements'.
src/icons/Fonts/general-sans/GeneralSansMedium.tsx(1490,5): error TS2339: Property 'hkern' does not exist on type 'JSX.IntrinsicElements'.
src/icons/Fonts/general-sans/GeneralSansMedium.tsx(1491,5): error TS2339: Property 'hkern' does not exist on type 'JSX.IntrinsicElements'.
src/icons/Fonts/general-sans/GeneralSansMedium.tsx(1492,5): error TS2339: Property 'hkern' does not exist on type 'JSX.IntrinsicElements'.
src/icons/Fonts/general-sans/GeneralSansMedium.tsx(1493,5): error TS2339: Property 'hkern' does not exist on type 'JSX.IntrinsicElements'.
src/icons/Fonts/general-sans/GeneralSansMedium.tsx(1494,5): error TS2339: Property 'hkern' does not exist on type 'JSX.IntrinsicElements'.
src/icons/Fonts/general-sans/GeneralSansMedium.tsx(1495,5): error TS2339: Property 'hkern' does not exist on type 'JSX.IntrinsicElements'.
src/icons/Fonts/general-sans/GeneralSansMedium.tsx(1496,5): error TS2339: Property 'hkern' does not exist on type 'JSX.IntrinsicElements'.
src/icons/Fonts/general-sans/GeneralSansMedium.tsx(1497,5): error TS2339: Property 'hkern' does not exist on type 'JSX.IntrinsicElements'.
src/icons/Fonts/general-sans/GeneralSansMedium.tsx(1498,5): error TS2339: Property 'hkern' does not exist on type 'JSX.IntrinsicElements'.
src/icons/Fonts/general-sans/GeneralSansMedium.tsx(1499,5): error TS2339: Property 'hkern' does not exist on type 'JSX.IntrinsicElements'.
src/icons/Fonts/general-sans/GeneralSansMedium.tsx(1500,5): error TS2339: Property 'hkern' does not exist on type 'JSX.IntrinsicElements'.
src/icons/Fonts/general-sans/GeneralSansMedium.tsx(1501,5): error TS2339: Property 'hkern' does not exist on type 'JSX.IntrinsicElements'.
src/icons/Fonts/general-sans/GeneralSansMedium.tsx(1502,5): error TS2339: Property 'hkern' does not exist on type 'JSX.IntrinsicElements'.
src/icons/Fonts/general-sans/GeneralSansMedium.tsx(1503,5): error TS2339: Property 'hkern' does not exist on type 'JSX.IntrinsicElements'.
src/icons/Fonts/general-sans/GeneralSansMedium.tsx(1504,5): error TS2339: Property 'hkern' does not exist on type 'JSX.IntrinsicElements'.
src/icons/Fonts/general-sans/GeneralSansMedium.tsx(1505,5): error TS2339: Property 'hkern' does not exist on type 'JSX.IntrinsicElements'.
src/icons/Fonts/general-sans/GeneralSansMedium.tsx(1506,5): error TS2339: Property 'hkern' does not exist on type 'JSX.IntrinsicElements'.
src/icons/Fonts/general-sans/GeneralSansMedium.tsx(1507,5): error TS2339: Property 'hkern' does not exist on type 'JSX.IntrinsicElements'.
src/icons/Fonts/general-sans/GeneralSansMedium.tsx(1508,5): error TS2339: Property 'hkern' does not exist on type 'JSX.IntrinsicElements'.
src/icons/Fonts/general-sans/GeneralSansMedium.tsx(1509,5): error TS2339: Property 'hkern' does not exist on type 'JSX.IntrinsicElements'.
src/icons/Fonts/general-sans/GeneralSansMedium.tsx(1510,5): error TS2339: Property 'hkern' does not exist on type 'JSX.IntrinsicElements'.
src/icons/Fonts/general-sans/GeneralSansMedium.tsx(1511,5): error TS2339: Property 'hkern' does not exist on type 'JSX.IntrinsicElements'.
src/icons/Fonts/general-sans/GeneralSansMedium.tsx(1512,5): error TS2339: Property 'hkern' does not exist on type 'JSX.IntrinsicElements'.
src/icons/Fonts/general-sans/GeneralSansMedium.tsx(1513,5): error TS2339: Property 'hkern' does not exist on type 'JSX.IntrinsicElements'.
src/icons/Fonts/general-sans/GeneralSansMedium.tsx(1514,5): error TS2339: Property 'hkern' does not exist on type 'JSX.IntrinsicElements'.
src/icons/Fonts/general-sans/GeneralSansMedium.tsx(1515,5): error TS2339: Property 'hkern' does not exist on type 'JSX.IntrinsicElements'.
src/icons/Fonts/general-sans/GeneralSansMedium.tsx(1516,5): error TS2339: Property 'hkern' does not exist on type 'JSX.IntrinsicElements'.
src/icons/Fonts/general-sans/GeneralSansMedium.tsx(1517,5): error TS2339: Property 'hkern' does not exist on type 'JSX.IntrinsicElements'.
src/icons/Fonts/general-sans/GeneralSansMedium.tsx(1518,5): error TS2339: Property 'hkern' does not exist on type 'JSX.IntrinsicElements'.
src/icons/Fonts/general-sans/GeneralSansMedium.tsx(1519,5): error TS2339: Property 'hkern' does not exist on type 'JSX.IntrinsicElements'.
src/icons/Fonts/general-sans/GeneralSansMedium.tsx(1520,5): error TS2339: Property 'hkern' does not exist on type 'JSX.IntrinsicElements'.
src/icons/Fonts/general-sans/GeneralSansMedium.tsx(1521,5): error TS2339: Property 'hkern' does not exist on type 'JSX.IntrinsicElements'.
src/icons/Fonts/general-sans/GeneralSansMedium.tsx(1522,5): error TS2339: Property 'hkern' does not exist on type 'JSX.IntrinsicElements'.
src/icons/Fonts/general-sans/GeneralSansMedium.tsx(1523,5): error TS2339: Property 'hkern' does not exist on type 'JSX.IntrinsicElements'.
src/icons/Fonts/general-sans/GeneralSansMedium.tsx(1524,5): error TS2339: Property 'hkern' does not exist on type 'JSX.IntrinsicElements'.
src/icons/Fonts/general-sans/GeneralSansMedium.tsx(1525,5): error TS2339: Property 'hkern' does not exist on type 'JSX.IntrinsicElements'.
src/icons/Fonts/general-sans/GeneralSansMedium.tsx(1526,5): error TS2339: Property 'hkern' does not exist on type 'JSX.IntrinsicElements'.
src/icons/Fonts/general-sans/GeneralSansMedium.tsx(1527,5): error TS2339: Property 'hkern' does not exist on type 'JSX.IntrinsicElements'.
src/icons/Fonts/general-sans/GeneralSansMedium.tsx(1528,5): error TS2339: Property 'hkern' does not exist on type 'JSX.IntrinsicElements'.
src/icons/Fonts/general-sans/GeneralSansMedium.tsx(1529,5): error TS2339: Property 'hkern' does not exist on type 'JSX.IntrinsicElements'.
src/icons/Fonts/general-sans/GeneralSansMedium.tsx(1530,5): error TS2339: Property 'hkern' does not exist on type 'JSX.IntrinsicElements'.
src/icons/Fonts/general-sans/GeneralSansMedium.tsx(1531,5): error TS2339: Property 'hkern' does not exist on type 'JSX.IntrinsicElements'.
src/icons/Fonts/general-sans/GeneralSansMedium.tsx(1532,5): error TS2339: Property 'hkern' does not exist on type 'JSX.IntrinsicElements'.
src/icons/Fonts/general-sans/GeneralSansMedium.tsx(1533,5): error TS2339: Property 'hkern' does not exist on type 'JSX.IntrinsicElements'.
src/icons/Fonts/general-sans/GeneralSansMedium.tsx(1534,5): error TS2339: Property 'hkern' does not exist on type 'JSX.IntrinsicElements'.
src/icons/Fonts/general-sans/GeneralSansMedium.tsx(1535,5): error TS2339: Property 'hkern' does not exist on type 'JSX.IntrinsicElements'.
src/icons/Fonts/general-sans/GeneralSansMedium.tsx(1536,5): error TS2339: Property 'hkern' does not exist on type 'JSX.IntrinsicElements'.
src/icons/Fonts/general-sans/GeneralSansMedium.tsx(1537,5): error TS2339: Property 'hkern' does not exist on type 'JSX.IntrinsicElements'.
src/icons/Fonts/general-sans/GeneralSansMedium.tsx(1538,5): error TS2339: Property 'hkern' does not exist on type 'JSX.IntrinsicElements'.
src/icons/Fonts/general-sans/GeneralSansMedium.tsx(1539,5): error TS2339: Property 'hkern' does not exist on type 'JSX.IntrinsicElements'.
src/icons/Fonts/general-sans/GeneralSansMedium.tsx(1540,5): error TS2339: Property 'hkern' does not exist on type 'JSX.IntrinsicElements'.
src/icons/Fonts/general-sans/GeneralSansMedium.tsx(1541,5): error TS2339: Property 'hkern' does not exist on type 'JSX.IntrinsicElements'.
src/icons/Fonts/general-sans/GeneralSansMedium.tsx(1542,5): error TS2339: Property 'hkern' does not exist on type 'JSX.IntrinsicElements'.
src/icons/Fonts/general-sans/GeneralSansMedium.tsx(1543,5): error TS2339: Property 'hkern' does not exist on type 'JSX.IntrinsicElements'.
src/icons/Fonts/general-sans/GeneralSansMedium.tsx(1544,5): error TS2339: Property 'hkern' does not exist on type 'JSX.IntrinsicElements'.
src/icons/Fonts/general-sans/GeneralSansMedium.tsx(1545,5): error TS2339: Property 'hkern' does not exist on type 'JSX.IntrinsicElements'.
src/icons/Fonts/general-sans/GeneralSansMedium.tsx(1546,5): error TS2339: Property 'hkern' does not exist on type 'JSX.IntrinsicElements'.
src/icons/Fonts/general-sans/GeneralSansMedium.tsx(1547,5): error TS2339: Property 'hkern' does not exist on type 'JSX.IntrinsicElements'.
src/icons/Fonts/general-sans/GeneralSansMedium.tsx(1548,5): error TS2339: Property 'hkern' does not exist on type 'JSX.IntrinsicElements'.
src/icons/Fonts/general-sans/GeneralSansMedium.tsx(1549,5): error TS2339: Property 'hkern' does not exist on type 'JSX.IntrinsicElements'.
src/icons/Fonts/general-sans/GeneralSansMedium.tsx(1550,5): error TS2339: Property 'hkern' does not exist on type 'JSX.IntrinsicElements'.
src/icons/Fonts/general-sans/GeneralSansMedium.tsx(1551,5): error TS2339: Property 'hkern' does not exist on type 'JSX.IntrinsicElements'.
src/icons/Fonts/general-sans/GeneralSansMedium.tsx(1552,5): error TS2339: Property 'hkern' does not exist on type 'JSX.IntrinsicElements'.
src/icons/Fonts/general-sans/GeneralSansMedium.tsx(1553,5): error TS2339: Property 'hkern' does not exist on type 'JSX.IntrinsicElements'.
src/icons/Fonts/general-sans/GeneralSansMedium.tsx(1554,5): error TS2339: Property 'hkern' does not exist on type 'JSX.IntrinsicElements'.
src/icons/Fonts/general-sans/GeneralSansMedium.tsx(1555,5): error TS2339: Property 'hkern' does not exist on type 'JSX.IntrinsicElements'.
src/icons/Fonts/general-sans/GeneralSansMedium.tsx(1556,5): error TS2339: Property 'hkern' does not exist on type 'JSX.IntrinsicElements'.
src/icons/Fonts/general-sans/GeneralSansMedium.tsx(1557,5): error TS2339: Property 'hkern' does not exist on type 'JSX.IntrinsicElements'.
src/icons/Fonts/general-sans/GeneralSansMedium.tsx(1558,5): error TS2339: Property 'hkern' does not exist on type 'JSX.IntrinsicElements'.
src/icons/Fonts/general-sans/GeneralSansMedium.tsx(1559,5): error TS2339: Property 'hkern' does not exist on type 'JSX.IntrinsicElements'.
src/icons/Fonts/general-sans/GeneralSansMedium.tsx(1560,5): error TS2339: Property 'hkern' does not exist on type 'JSX.IntrinsicElements'.
src/icons/Fonts/general-sans/GeneralSansMedium.tsx(1561,5): error TS2339: Property 'hkern' does not exist on type 'JSX.IntrinsicElements'.
src/icons/Fonts/general-sans/GeneralSansMedium.tsx(1562,5): error TS2339: Property 'hkern' does not exist on type 'JSX.IntrinsicElements'.
src/icons/Fonts/general-sans/GeneralSansMedium.tsx(1563,5): error TS2339: Property 'hkern' does not exist on type 'JSX.IntrinsicElements'.
src/icons/Fonts/general-sans/GeneralSansMedium.tsx(1564,5): error TS2339: Property 'hkern' does not exist on type 'JSX.IntrinsicElements'.
src/icons/Fonts/general-sans/GeneralSansMedium.tsx(1565,5): error TS2339: Property 'hkern' does not exist on type 'JSX.IntrinsicElements'.
src/icons/Fonts/general-sans/GeneralSansMedium.tsx(1566,5): error TS2339: Property 'hkern' does not exist on type 'JSX.IntrinsicElements'.
src/icons/Fonts/general-sans/GeneralSansMedium.tsx(1567,5): error TS2339: Property 'hkern' does not exist on type 'JSX.IntrinsicElements'.
src/icons/Fonts/general-sans/GeneralSansMedium.tsx(1568,5): error TS2339: Property 'hkern' does not exist on type 'JSX.IntrinsicElements'.
src/icons/Fonts/general-sans/GeneralSansMedium.tsx(1569,5): error TS2339: Property 'hkern' does not exist on type 'JSX.IntrinsicElements'.
src/icons/Fonts/general-sans/GeneralSansMedium.tsx(1570,5): error TS2339: Property 'hkern' does not exist on type 'JSX.IntrinsicElements'.
src/icons/Fonts/general-sans/GeneralSansMedium.tsx(1571,5): error TS2339: Property 'hkern' does not exist on type 'JSX.IntrinsicElements'.
src/icons/Fonts/general-sans/GeneralSansMedium.tsx(1572,5): error TS2339: Property 'hkern' does not exist on type 'JSX.IntrinsicElements'.
src/icons/Fonts/general-sans/GeneralSansMedium.tsx(1573,5): error TS2339: Property 'hkern' does not exist on type 'JSX.IntrinsicElements'.
src/icons/Fonts/general-sans/GeneralSansMedium.tsx(1574,5): error TS2339: Property 'hkern' does not exist on type 'JSX.IntrinsicElements'.
src/icons/Fonts/general-sans/GeneralSansMedium.tsx(1575,5): error TS2339: Property 'hkern' does not exist on type 'JSX.IntrinsicElements'.
src/icons/Fonts/general-sans/GeneralSansMedium.tsx(1576,5): error TS2339: Property 'hkern' does not exist on type 'JSX.IntrinsicElements'.
src/icons/Fonts/general-sans/GeneralSansMedium.tsx(1577,5): error TS2339: Property 'hkern' does not exist on type 'JSX.IntrinsicElements'.
src/icons/Fonts/general-sans/GeneralSansMedium.tsx(1578,5): error TS2339: Property 'hkern' does not exist on type 'JSX.IntrinsicElements'.
src/icons/Fonts/general-sans/GeneralSansMedium.tsx(1579,5): error TS2339: Property 'hkern' does not exist on type 'JSX.IntrinsicElements'.
src/icons/Fonts/general-sans/GeneralSansMedium.tsx(1580,5): error TS2339: Property 'hkern' does not exist on type 'JSX.IntrinsicElements'.
src/icons/Fonts/general-sans/GeneralSansMedium.tsx(1581,5): error TS2339: Property 'hkern' does not exist on type 'JSX.IntrinsicElements'.
src/icons/Fonts/general-sans/GeneralSansMedium.tsx(1582,5): error TS2339: Property 'hkern' does not exist on type 'JSX.IntrinsicElements'.
src/icons/Fonts/general-sans/GeneralSansMedium.tsx(1583,5): error TS2339: Property 'hkern' does not exist on type 'JSX.IntrinsicElements'.
src/icons/Fonts/general-sans/GeneralSansMedium.tsx(1584,5): error TS2339: Property 'hkern' does not exist on type 'JSX.IntrinsicElements'.
src/icons/Fonts/general-sans/GeneralSansMedium.tsx(1585,5): error TS2339: Property 'hkern' does not exist on type 'JSX.IntrinsicElements'.
src/icons/Fonts/general-sans/GeneralSansMedium.tsx(1586,5): error TS2339: Property 'hkern' does not exist on type 'JSX.IntrinsicElements'.
src/icons/Fonts/general-sans/GeneralSansMedium.tsx(1587,5): error TS2339: Property 'hkern' does not exist on type 'JSX.IntrinsicElements'.
src/icons/Fonts/general-sans/GeneralSansMedium.tsx(1588,5): error TS2339: Property 'hkern' does not exist on type 'JSX.IntrinsicElements'.
src/icons/Fonts/general-sans/GeneralSansMedium.tsx(1589,5): error TS2339: Property 'hkern' does not exist on type 'JSX.IntrinsicElements'.
src/icons/Fonts/general-sans/GeneralSansMedium.tsx(1590,5): error TS2339: Property 'hkern' does not exist on type 'JSX.IntrinsicElements'.
src/icons/Fonts/general-sans/GeneralSansMedium.tsx(1591,5): error TS2339: Property 'hkern' does not exist on type 'JSX.IntrinsicElements'.
src/icons/Fonts/general-sans/GeneralSansMedium.tsx(1592,5): error TS2339: Property 'hkern' does not exist on type 'JSX.IntrinsicElements'.
src/icons/Fonts/general-sans/GeneralSansMedium.tsx(1593,5): error TS2339: Property 'hkern' does not exist on type 'JSX.IntrinsicElements'.
src/icons/Fonts/general-sans/GeneralSansMedium.tsx(1594,5): error TS2339: Property 'hkern' does not exist on type 'JSX.IntrinsicElements'.
src/icons/Fonts/general-sans/GeneralSansMedium.tsx(1595,5): error TS2339: Property 'hkern' does not exist on type 'JSX.IntrinsicElements'.
src/icons/Fonts/general-sans/GeneralSansMedium.tsx(1596,5): error TS2339: Property 'hkern' does not exist on type 'JSX.IntrinsicElements'.
src/icons/Fonts/general-sans/GeneralSansMedium.tsx(1597,5): error TS2339: Property 'hkern' does not exist on type 'JSX.IntrinsicElements'.
src/icons/Fonts/general-sans/GeneralSansMedium.tsx(1598,5): error TS2339: Property 'hkern' does not exist on type 'JSX.IntrinsicElements'.
src/icons/Fonts/general-sans/GeneralSansMedium.tsx(1599,5): error TS2339: Property 'hkern' does not exist on type 'JSX.IntrinsicElements'.
src/icons/Fonts/general-sans/GeneralSansMedium.tsx(1600,5): error TS2339: Property 'hkern' does not exist on type 'JSX.IntrinsicElements'.
src/icons/Fonts/general-sans/GeneralSansMedium.tsx(1601,5): error TS2339: Property 'hkern' does not exist on type 'JSX.IntrinsicElements'.
src/icons/Fonts/general-sans/GeneralSansMedium.tsx(1602,5): error TS2339: Property 'hkern' does not exist on type 'JSX.IntrinsicElements'.
src/icons/Fonts/general-sans/GeneralSansMedium.tsx(1603,5): error TS2339: Property 'hkern' does not exist on type 'JSX.IntrinsicElements'.
src/icons/Fonts/general-sans/GeneralSansMedium.tsx(1604,5): error TS2339: Property 'hkern' does not exist on type 'JSX.IntrinsicElements'.
src/icons/Fonts/general-sans/GeneralSansMedium.tsx(1605,5): error TS2339: Property 'hkern' does not exist on type 'JSX.IntrinsicElements'.
src/icons/Fonts/general-sans/GeneralSansMedium.tsx(1606,5): error TS2339: Property 'hkern' does not exist on type 'JSX.IntrinsicElements'.
src/icons/Fonts/general-sans/GeneralSansMedium.tsx(1607,5): error TS2339: Property 'hkern' does not exist on type 'JSX.IntrinsicElements'.
src/icons/Fonts/general-sans/GeneralSansMedium.tsx(1608,5): error TS2339: Property 'hkern' does not exist on type 'JSX.IntrinsicElements'.
src/icons/Fonts/general-sans/GeneralSansMedium.tsx(1609,5): error TS2339: Property 'hkern' does not exist on type 'JSX.IntrinsicElements'.
src/icons/Fonts/general-sans/GeneralSansMedium.tsx(1610,5): error TS2339: Property 'hkern' does not exist on type 'JSX.IntrinsicElements'.
src/icons/Fonts/general-sans/GeneralSansMedium.tsx(1611,5): error TS2339: Property 'hkern' does not exist on type 'JSX.IntrinsicElements'.
src/icons/Fonts/general-sans/GeneralSansMedium.tsx(1612,5): error TS2339: Property 'hkern' does not exist on type 'JSX.IntrinsicElements'.
src/icons/Fonts/general-sans/GeneralSansMedium.tsx(1613,5): error TS2339: Property 'hkern' does not exist on type 'JSX.IntrinsicElements'.
src/icons/Fonts/general-sans/GeneralSansMedium.tsx(1614,5): error TS2339: Property 'hkern' does not exist on type 'JSX.IntrinsicElements'.
src/icons/Fonts/general-sans/GeneralSansMedium.tsx(1615,5): error TS2339: Property 'hkern' does not exist on type 'JSX.IntrinsicElements'.
src/icons/Fonts/general-sans/GeneralSansMedium.tsx(1616,5): error TS2339: Property 'hkern' does not exist on type 'JSX.IntrinsicElements'.
src/icons/Fonts/general-sans/GeneralSansMedium.tsx(1617,5): error TS2339: Property 'hkern' does not exist on type 'JSX.IntrinsicElements'.
src/icons/Fonts/general-sans/GeneralSansMedium.tsx(1618,5): error TS2339: Property 'hkern' does not exist on type 'JSX.IntrinsicElements'.
src/icons/Fonts/general-sans/GeneralSansMedium.tsx(1619,5): error TS2339: Property 'hkern' does not exist on type 'JSX.IntrinsicElements'.
src/icons/Fonts/general-sans/GeneralSansMedium.tsx(1620,5): error TS2339: Property 'hkern' does not exist on type 'JSX.IntrinsicElements'.
src/icons/Fonts/general-sans/GeneralSansMedium.tsx(1621,5): error TS2339: Property 'hkern' does not exist on type 'JSX.IntrinsicElements'.
src/icons/Fonts/general-sans/GeneralSansMedium.tsx(1622,5): error TS2339: Property 'hkern' does not exist on type 'JSX.IntrinsicElements'.
src/icons/Fonts/general-sans/GeneralSansMedium.tsx(1623,5): error TS2339: Property 'hkern' does not exist on type 'JSX.IntrinsicElements'.
src/icons/Fonts/general-sans/GeneralSansMedium.tsx(1624,5): error TS2339: Property 'hkern' does not exist on type 'JSX.IntrinsicElements'.
src/icons/Fonts/general-sans/GeneralSansMedium.tsx(1625,5): error TS2339: Property 'hkern' does not exist on type 'JSX.IntrinsicElements'.
src/icons/Fonts/general-sans/GeneralSansMedium.tsx(1626,5): error TS2339: Property 'hkern' does not exist on type 'JSX.IntrinsicElements'.
src/icons/Fonts/general-sans/GeneralSansMedium.tsx(1627,5): error TS2339: Property 'hkern' does not exist on type 'JSX.IntrinsicElements'.
src/icons/Fonts/general-sans/GeneralSansMedium.tsx(1628,5): error TS2339: Property 'hkern' does not exist on type 'JSX.IntrinsicElements'.
src/icons/Fonts/general-sans/GeneralSansMedium.tsx(1629,5): error TS2339: Property 'hkern' does not exist on type 'JSX.IntrinsicElements'.
src/icons/Fonts/general-sans/GeneralSansMedium.tsx(1630,5): error TS2339: Property 'hkern' does not exist on type 'JSX.IntrinsicElements'.
src/icons/Fonts/general-sans/GeneralSansMedium.tsx(1631,5): error TS2339: Property 'hkern' does not exist on type 'JSX.IntrinsicElements'.
src/icons/Fonts/general-sans/GeneralSansMedium.tsx(1632,5): error TS2339: Property 'hkern' does not exist on type 'JSX.IntrinsicElements'.
src/icons/Fonts/general-sans/GeneralSansMedium.tsx(1633,5): error TS2339: Property 'hkern' does not exist on type 'JSX.IntrinsicElements'.
src/icons/Fonts/general-sans/GeneralSansMedium.tsx(1634,5): error TS2339: Property 'hkern' does not exist on type 'JSX.IntrinsicElements'.
src/icons/Fonts/general-sans/GeneralSansMedium.tsx(1635,5): error TS2339: Property 'hkern' does not exist on type 'JSX.IntrinsicElements'.
src/icons/Fonts/general-sans/GeneralSansMedium.tsx(1636,5): error TS2339: Property 'hkern' does not exist on type 'JSX.IntrinsicElements'.
src/icons/Fonts/general-sans/GeneralSansMedium.tsx(1637,5): error TS2339: Property 'hkern' does not exist on type 'JSX.IntrinsicElements'.
src/icons/Fonts/general-sans/GeneralSansMedium.tsx(1638,5): error TS2339: Property 'hkern' does not exist on type 'JSX.IntrinsicElements'.
src/icons/Fonts/general-sans/GeneralSansMedium.tsx(1639,5): error TS2339: Property 'hkern' does not exist on type 'JSX.IntrinsicElements'.
src/icons/Fonts/general-sans/GeneralSansMedium.tsx(1640,5): error TS2339: Property 'hkern' does not exist on type 'JSX.IntrinsicElements'.
src/icons/Fonts/general-sans/GeneralSansMedium.tsx(1641,5): error TS2339: Property 'hkern' does not exist on type 'JSX.IntrinsicElements'.
src/icons/Fonts/general-sans/GeneralSansMedium.tsx(1642,5): error TS2339: Property 'hkern' does not exist on type 'JSX.IntrinsicElements'.
src/icons/Fonts/general-sans/GeneralSansMedium.tsx(1643,5): error TS2339: Property 'hkern' does not exist on type 'JSX.IntrinsicElements'.
src/icons/Fonts/general-sans/GeneralSansMedium.tsx(1644,5): error TS2339: Property 'hkern' does not exist on type 'JSX.IntrinsicElements'.
src/icons/Fonts/general-sans/GeneralSansMedium.tsx(1645,5): error TS2339: Property 'hkern' does not exist on type 'JSX.IntrinsicElements'.
src/icons/Fonts/general-sans/GeneralSansMedium.tsx(1646,5): error TS2339: Property 'hkern' does not exist on type 'JSX.IntrinsicElements'.
src/icons/Fonts/general-sans/GeneralSansMedium.tsx(1647,5): error TS2339: Property 'hkern' does not exist on type 'JSX.IntrinsicElements'.
src/icons/Fonts/general-sans/GeneralSansMedium.tsx(1648,5): error TS2339: Property 'hkern' does not exist on type 'JSX.IntrinsicElements'.
src/icons/Fonts/general-sans/GeneralSansMedium.tsx(1649,5): error TS2339: Property 'hkern' does not exist on type 'JSX.IntrinsicElements'.
src/icons/Fonts/general-sans/GeneralSansMedium.tsx(1650,5): error TS2339: Property 'hkern' does not exist on type 'JSX.IntrinsicElements'.
src/icons/Fonts/general-sans/GeneralSansMedium.tsx(1651,5): error TS2339: Property 'hkern' does not exist on type 'JSX.IntrinsicElements'.
src/icons/Fonts/general-sans/GeneralSansMedium.tsx(1652,5): error TS2339: Property 'hkern' does not exist on type 'JSX.IntrinsicElements'.
src/icons/Fonts/general-sans/GeneralSansMedium.tsx(1653,5): error TS2339: Property 'hkern' does not exist on type 'JSX.IntrinsicElements'.
src/icons/Fonts/general-sans/GeneralSansMedium.tsx(1654,5): error TS2339: Property 'hkern' does not exist on type 'JSX.IntrinsicElements'.
src/icons/Fonts/general-sans/GeneralSansMedium.tsx(1655,5): error TS2339: Property 'hkern' does not exist on type 'JSX.IntrinsicElements'.
src/icons/Fonts/general-sans/GeneralSansMedium.tsx(1656,5): error TS2339: Property 'hkern' does not exist on type 'JSX.IntrinsicElements'.
src/icons/Fonts/general-sans/GeneralSansMedium.tsx(1657,5): error TS2339: Property 'hkern' does not exist on type 'JSX.IntrinsicElements'.
src/icons/Fonts/general-sans/GeneralSansMedium.tsx(1658,5): error TS2339: Property 'hkern' does not exist on type 'JSX.IntrinsicElements'.
src/icons/Fonts/general-sans/GeneralSansMedium.tsx(1659,5): error TS2339: Property 'hkern' does not exist on type 'JSX.IntrinsicElements'.
src/icons/Fonts/general-sans/GeneralSansMedium.tsx(1660,5): error TS2339: Property 'hkern' does not exist on type 'JSX.IntrinsicElements'.
src/icons/Fonts/general-sans/GeneralSansMedium.tsx(1661,5): error TS2339: Property 'hkern' does not exist on type 'JSX.IntrinsicElements'.
src/icons/Fonts/general-sans/GeneralSansMedium.tsx(1662,5): error TS2339: Property 'hkern' does not exist on type 'JSX.IntrinsicElements'.
src/icons/Fonts/general-sans/GeneralSansMedium.tsx(1663,5): error TS2339: Property 'hkern' does not exist on type 'JSX.IntrinsicElements'.
src/icons/Fonts/general-sans/GeneralSansMedium.tsx(1664,5): error TS2339: Property 'hkern' does not exist on type 'JSX.IntrinsicElements'.
src/icons/Fonts/general-sans/GeneralSansMedium.tsx(1665,5): error TS2339: Property 'hkern' does not exist on type 'JSX.IntrinsicElements'.
src/icons/Fonts/general-sans/GeneralSansMedium.tsx(1666,5): error TS2339: Property 'hkern' does not exist on type 'JSX.IntrinsicElements'.
src/icons/Fonts/general-sans/GeneralSansMedium.tsx(1667,5): error TS2339: Property 'hkern' does not exist on type 'JSX.IntrinsicElements'.
src/icons/Fonts/general-sans/GeneralSansMedium.tsx(1668,5): error TS2339: Property 'hkern' does not exist on type 'JSX.IntrinsicElements'.
src/icons/Fonts/general-sans/GeneralSansMedium.tsx(1669,5): error TS2339: Property 'hkern' does not exist on type 'JSX.IntrinsicElements'.
src/icons/Fonts/general-sans/GeneralSansMedium.tsx(1670,5): error TS2339: Property 'hkern' does not exist on type 'JSX.IntrinsicElements'.
src/icons/Fonts/general-sans/GeneralSansMedium.tsx(1671,5): error TS2339: Property 'hkern' does not exist on type 'JSX.IntrinsicElements'.
src/icons/Fonts/general-sans/GeneralSansMedium.tsx(1672,5): error TS2339: Property 'hkern' does not exist on type 'JSX.IntrinsicElements'.
src/icons/Fonts/general-sans/GeneralSansMedium.tsx(1673,5): error TS2339: Property 'hkern' does not exist on type 'JSX.IntrinsicElements'.
src/icons/Fonts/general-sans/GeneralSansMedium.tsx(1674,5): error TS2339: Property 'hkern' does not exist on type 'JSX.IntrinsicElements'.
src/icons/Fonts/general-sans/GeneralSansMedium.tsx(1675,5): error TS2339: Property 'hkern' does not exist on type 'JSX.IntrinsicElements'.
src/icons/Fonts/general-sans/GeneralSansMedium.tsx(1676,5): error TS2339: Property 'hkern' does not exist on type 'JSX.IntrinsicElements'.
src/icons/Fonts/general-sans/GeneralSansMedium.tsx(1677,5): error TS2339: Property 'hkern' does not exist on type 'JSX.IntrinsicElements'.
src/icons/Fonts/general-sans/GeneralSansMedium.tsx(1678,5): error TS2339: Property 'hkern' does not exist on type 'JSX.IntrinsicElements'.
src/icons/Fonts/general-sans/GeneralSansMedium.tsx(1679,5): error TS2339: Property 'hkern' does not exist on type 'JSX.IntrinsicElements'.
src/icons/Fonts/general-sans/GeneralSansMedium.tsx(1680,5): error TS2339: Property 'hkern' does not exist on type 'JSX.IntrinsicElements'.
src/icons/Fonts/general-sans/GeneralSansMedium.tsx(1681,5): error TS2339: Property 'hkern' does not exist on type 'JSX.IntrinsicElements'.
src/icons/Fonts/general-sans/GeneralSansMedium.tsx(1682,5): error TS2339: Property 'hkern' does not exist on type 'JSX.IntrinsicElements'.
src/icons/Fonts/general-sans/GeneralSansMedium.tsx(1683,5): error TS2339: Property 'hkern' does not exist on type 'JSX.IntrinsicElements'.
src/icons/Fonts/general-sans/GeneralSansMedium.tsx(1684,5): error TS2339: Property 'hkern' does not exist on type 'JSX.IntrinsicElements'.
src/icons/Fonts/general-sans/GeneralSansMedium.tsx(1685,5): error TS2339: Property 'hkern' does not exist on type 'JSX.IntrinsicElements'.
src/icons/Fonts/general-sans/GeneralSansMedium.tsx(1686,5): error TS2339: Property 'hkern' does not exist on type 'JSX.IntrinsicElements'.
src/icons/Fonts/general-sans/GeneralSansMedium.tsx(1687,5): error TS2339: Property 'hkern' does not exist on type 'JSX.IntrinsicElements'.
src/icons/Fonts/general-sans/GeneralSansMedium.tsx(1688,5): error TS2339: Property 'hkern' does not exist on type 'JSX.IntrinsicElements'.
src/icons/Fonts/general-sans/GeneralSansMedium.tsx(1689,5): error TS2339: Property 'hkern' does not exist on type 'JSX.IntrinsicElements'.
src/icons/Fonts/general-sans/GeneralSansMedium.tsx(1690,5): error TS2339: Property 'hkern' does not exist on type 'JSX.IntrinsicElements'.
src/icons/Fonts/general-sans/GeneralSansMedium.tsx(1691,5): error TS2339: Property 'hkern' does not exist on type 'JSX.IntrinsicElements'.
src/icons/Fonts/general-sans/GeneralSansMedium.tsx(1692,5): error TS2339: Property 'hkern' does not exist on type 'JSX.IntrinsicElements'.
src/icons/Fonts/general-sans/GeneralSansMedium.tsx(1693,5): error TS2339: Property 'hkern' does not exist on type 'JSX.IntrinsicElements'.
src/icons/Fonts/general-sans/GeneralSansMedium.tsx(1694,5): error TS2339: Property 'hkern' does not exist on type 'JSX.IntrinsicElements'.
src/icons/Fonts/general-sans/GeneralSansMedium.tsx(1695,5): error TS2339: Property 'hkern' does not exist on type 'JSX.IntrinsicElements'.
src/icons/Fonts/general-sans/GeneralSansMedium.tsx(1696,5): error TS2339: Property 'hkern' does not exist on type 'JSX.IntrinsicElements'.
src/icons/Fonts/general-sans/GeneralSansMedium.tsx(1697,5): error TS2339: Property 'hkern' does not exist on type 'JSX.IntrinsicElements'.
src/icons/Fonts/general-sans/GeneralSansMedium.tsx(1698,5): error TS2339: Property 'hkern' does not exist on type 'JSX.IntrinsicElements'.
src/icons/Fonts/general-sans/GeneralSansMedium.tsx(1699,5): error TS2339: Property 'hkern' does not exist on type 'JSX.IntrinsicElements'.
src/icons/Fonts/general-sans/GeneralSansMedium.tsx(1700,5): error TS2339: Property 'hkern' does not exist on type 'JSX.IntrinsicElements'.
src/icons/Fonts/general-sans/GeneralSansMedium.tsx(1701,5): error TS2339: Property 'hkern' does not exist on type 'JSX.IntrinsicElements'.
src/icons/Fonts/general-sans/GeneralSansMedium.tsx(1702,5): error TS2339: Property 'hkern' does not exist on type 'JSX.IntrinsicElements'.
src/icons/Fonts/general-sans/GeneralSansMedium.tsx(1703,5): error TS2339: Property 'hkern' does not exist on type 'JSX.IntrinsicElements'.
src/icons/Fonts/general-sans/GeneralSansMedium.tsx(1704,5): error TS2339: Property 'hkern' does not exist on type 'JSX.IntrinsicElements'.
src/icons/Fonts/general-sans/GeneralSansMedium.tsx(1705,5): error TS2339: Property 'hkern' does not exist on type 'JSX.IntrinsicElements'.
src/icons/Fonts/general-sans/GeneralSansMedium.tsx(1706,5): error TS2339: Property 'hkern' does not exist on type 'JSX.IntrinsicElements'.
src/icons/Fonts/general-sans/GeneralSansMedium.tsx(1707,5): error TS2339: Property 'hkern' does not exist on type 'JSX.IntrinsicElements'.
src/icons/Fonts/general-sans/GeneralSansMedium.tsx(1708,5): error TS2339: Property 'hkern' does not exist on type 'JSX.IntrinsicElements'.
src/icons/Fonts/general-sans/GeneralSansMedium.tsx(1709,5): error TS2339: Property 'hkern' does not exist on type 'JSX.IntrinsicElements'.
src/icons/Fonts/general-sans/GeneralSansMedium.tsx(1710,5): error TS2339: Property 'hkern' does not exist on type 'JSX.IntrinsicElements'.
src/icons/Fonts/general-sans/GeneralSansMedium.tsx(1711,5): error TS2339: Property 'hkern' does not exist on type 'JSX.IntrinsicElements'.
src/icons/Fonts/general-sans/GeneralSansMedium.tsx(1712,5): error TS2339: Property 'hkern' does not exist on type 'JSX.IntrinsicElements'.
src/icons/Fonts/general-sans/GeneralSansMedium.tsx(1713,5): error TS2339: Property 'hkern' does not exist on type 'JSX.IntrinsicElements'.
src/icons/Fonts/general-sans/GeneralSansMedium.tsx(1714,5): error TS2339: Property 'hkern' does not exist on type 'JSX.IntrinsicElements'.
src/icons/Fonts/general-sans/GeneralSansMedium.tsx(1715,5): error TS2339: Property 'hkern' does not exist on type 'JSX.IntrinsicElements'.
src/icons/Fonts/general-sans/GeneralSansMedium.tsx(1716,5): error TS2339: Property 'hkern' does not exist on type 'JSX.IntrinsicElements'.
src/icons/Fonts/general-sans/GeneralSansMedium.tsx(1717,5): error TS2339: Property 'hkern' does not exist on type 'JSX.IntrinsicElements'.
src/icons/Fonts/general-sans/GeneralSansMedium.tsx(1718,5): error TS2339: Property 'hkern' does not exist on type 'JSX.IntrinsicElements'.
src/icons/Fonts/general-sans/GeneralSansMedium.tsx(1719,5): error TS2339: Property 'hkern' does not exist on type 'JSX.IntrinsicElements'.
src/icons/Fonts/general-sans/GeneralSansMedium.tsx(1720,5): error TS2339: Property 'hkern' does not exist on type 'JSX.IntrinsicElements'.
src/icons/Fonts/general-sans/GeneralSansMedium.tsx(1721,5): error TS2339: Property 'hkern' does not exist on type 'JSX.IntrinsicElements'.
src/icons/Fonts/general-sans/GeneralSansMedium.tsx(1722,5): error TS2339: Property 'hkern' does not exist on type 'JSX.IntrinsicElements'.
src/icons/Fonts/general-sans/GeneralSansMedium.tsx(1723,5): error TS2339: Property 'hkern' does not exist on type 'JSX.IntrinsicElements'.
src/icons/Fonts/general-sans/GeneralSansMedium.tsx(1724,5): error TS2339: Property 'hkern' does not exist on type 'JSX.IntrinsicElements'.
src/icons/Fonts/general-sans/GeneralSansMedium.tsx(1725,5): error TS2339: Property 'hkern' does not exist on type 'JSX.IntrinsicElements'.
src/icons/Fonts/general-sans/GeneralSansMedium.tsx(1726,5): error TS2339: Property 'hkern' does not exist on type 'JSX.IntrinsicElements'.
src/icons/Fonts/general-sans/GeneralSansMedium.tsx(1727,5): error TS2339: Property 'hkern' does not exist on type 'JSX.IntrinsicElements'.
src/icons/Fonts/general-sans/GeneralSansMedium.tsx(1728,5): error TS2339: Property 'hkern' does not exist on type 'JSX.IntrinsicElements'.
src/icons/Fonts/general-sans/GeneralSansMedium.tsx(1729,5): error TS2339: Property 'hkern' does not exist on type 'JSX.IntrinsicElements'.
src/icons/Fonts/general-sans/GeneralSansMedium.tsx(1730,5): error TS2339: Property 'hkern' does not exist on type 'JSX.IntrinsicElements'.
src/icons/Fonts/general-sans/GeneralSansMedium.tsx(1731,5): error TS2339: Property 'hkern' does not exist on type 'JSX.IntrinsicElements'.
src/icons/Fonts/general-sans/GeneralSansMedium.tsx(1732,5): error TS2339: Property 'hkern' does not exist on type 'JSX.IntrinsicElements'.
src/icons/Fonts/general-sans/GeneralSansMedium.tsx(1733,5): error TS2339: Property 'hkern' does not exist on type 'JSX.IntrinsicElements'.
src/icons/Fonts/general-sans/GeneralSansMedium.tsx(1734,5): error TS2339: Property 'hkern' does not exist on type 'JSX.IntrinsicElements'.
src/icons/Fonts/general-sans/GeneralSansMedium.tsx(1735,5): error TS2339: Property 'hkern' does not exist on type 'JSX.IntrinsicElements'.
src/icons/Fonts/general-sans/GeneralSansMedium.tsx(1736,5): error TS2339: Property 'hkern' does not exist on type 'JSX.IntrinsicElements'.
src/icons/Fonts/general-sans/GeneralSansMedium.tsx(1737,5): error TS2339: Property 'hkern' does not exist on type 'JSX.IntrinsicElements'.
src/icons/Fonts/general-sans/GeneralSansMedium.tsx(1738,5): error TS2339: Property 'hkern' does not exist on type 'JSX.IntrinsicElements'.
src/icons/Fonts/general-sans/GeneralSansMedium.tsx(1739,5): error TS2339: Property 'hkern' does not exist on type 'JSX.IntrinsicElements'.
src/icons/Fonts/general-sans/GeneralSansMedium.tsx(1740,5): error TS2339: Property 'hkern' does not exist on type 'JSX.IntrinsicElements'.
src/icons/Fonts/general-sans/GeneralSansMedium.tsx(1741,5): error TS2339: Property 'hkern' does not exist on type 'JSX.IntrinsicElements'.
src/icons/Fonts/general-sans/GeneralSansMedium.tsx(1742,5): error TS2339: Property 'hkern' does not exist on type 'JSX.IntrinsicElements'.
src/icons/Fonts/general-sans/GeneralSansMedium.tsx(1743,5): error TS2339: Property 'hkern' does not exist on type 'JSX.IntrinsicElements'.
src/icons/Fonts/general-sans/GeneralSansMedium.tsx(1744,5): error TS2339: Property 'hkern' does not exist on type 'JSX.IntrinsicElements'.
src/icons/Fonts/general-sans/GeneralSansMedium.tsx(1745,5): error TS2339: Property 'hkern' does not exist on type 'JSX.IntrinsicElements'.
src/icons/Fonts/general-sans/GeneralSansMedium.tsx(1746,5): error TS2339: Property 'hkern' does not exist on type 'JSX.IntrinsicElements'.
src/icons/Fonts/general-sans/GeneralSansMedium.tsx(1747,5): error TS2339: Property 'hkern' does not exist on type 'JSX.IntrinsicElements'.
src/icons/Fonts/general-sans/GeneralSansMedium.tsx(1748,5): error TS2339: Property 'hkern' does not exist on type 'JSX.IntrinsicElements'.
src/icons/Fonts/general-sans/GeneralSansMedium.tsx(1749,5): error TS2339: Property 'hkern' does not exist on type 'JSX.IntrinsicElements'.
src/icons/Fonts/general-sans/GeneralSansMedium.tsx(1750,5): error TS2339: Property 'hkern' does not exist on type 'JSX.IntrinsicElements'.
src/icons/Fonts/general-sans/GeneralSansMedium.tsx(1751,5): error TS2339: Property 'hkern' does not exist on type 'JSX.IntrinsicElements'.
src/icons/Fonts/general-sans/GeneralSansMedium.tsx(1752,5): error TS2339: Property 'hkern' does not exist on type 'JSX.IntrinsicElements'.
src/icons/Fonts/general-sans/GeneralSansMedium.tsx(1753,5): error TS2339: Property 'hkern' does not exist on type 'JSX.IntrinsicElements'.
src/icons/Fonts/general-sans/GeneralSansMedium.tsx(1754,5): error TS2339: Property 'hkern' does not exist on type 'JSX.IntrinsicElements'.
src/icons/Fonts/general-sans/GeneralSansMedium.tsx(1755,5): error TS2339: Property 'hkern' does not exist on type 'JSX.IntrinsicElements'.
src/icons/Fonts/general-sans/GeneralSansMedium.tsx(1756,5): error TS2339: Property 'hkern' does not exist on type 'JSX.IntrinsicElements'.
src/icons/Fonts/general-sans/GeneralSansMedium.tsx(1757,5): error TS2339: Property 'hkern' does not exist on type 'JSX.IntrinsicElements'.
src/icons/Fonts/general-sans/GeneralSansMedium.tsx(1758,5): error TS2339: Property 'hkern' does not exist on type 'JSX.IntrinsicElements'.
src/icons/Fonts/general-sans/GeneralSansMedium.tsx(1759,5): error TS2339: Property 'hkern' does not exist on type 'JSX.IntrinsicElements'.
src/icons/Fonts/general-sans/GeneralSansMedium.tsx(1760,5): error TS2339: Property 'hkern' does not exist on type 'JSX.IntrinsicElements'.
src/icons/Fonts/general-sans/GeneralSansMedium.tsx(1761,5): error TS2339: Property 'hkern' does not exist on type 'JSX.IntrinsicElements'.
src/icons/Fonts/general-sans/GeneralSansMedium.tsx(1762,5): error TS2339: Property 'hkern' does not exist on type 'JSX.IntrinsicElements'.
src/icons/Fonts/general-sans/GeneralSansMedium.tsx(1763,5): error TS2339: Property 'hkern' does not exist on type 'JSX.IntrinsicElements'.
src/icons/Fonts/general-sans/GeneralSansMedium.tsx(1764,5): error TS2339: Property 'hkern' does not exist on type 'JSX.IntrinsicElements'.
src/icons/Fonts/general-sans/GeneralSansMedium.tsx(1765,5): error TS2339: Property 'hkern' does not exist on type 'JSX.IntrinsicElements'.
src/icons/Fonts/general-sans/GeneralSansMedium.tsx(1766,5): error TS2339: Property 'hkern' does not exist on type 'JSX.IntrinsicElements'.
src/icons/Fonts/general-sans/GeneralSansMedium.tsx(1767,5): error TS2339: Property 'hkern' does not exist on type 'JSX.IntrinsicElements'.
src/icons/Fonts/general-sans/GeneralSansMedium.tsx(1768,5): error TS2339: Property 'hkern' does not exist on type 'JSX.IntrinsicElements'.
src/icons/Fonts/general-sans/GeneralSansMedium.tsx(1769,5): error TS2339: Property 'hkern' does not exist on type 'JSX.IntrinsicElements'.
src/icons/Fonts/general-sans/GeneralSansMedium.tsx(1770,5): error TS2339: Property 'hkern' does not exist on type 'JSX.IntrinsicElements'.
src/icons/Fonts/general-sans/GeneralSansMedium.tsx(1771,5): error TS2339: Property 'hkern' does not exist on type 'JSX.IntrinsicElements'.
src/icons/Fonts/general-sans/GeneralSansMedium.tsx(1772,5): error TS2339: Property 'hkern' does not exist on type 'JSX.IntrinsicElements'.
src/icons/Fonts/general-sans/GeneralSansMedium.tsx(1773,5): error TS2339: Property 'hkern' does not exist on type 'JSX.IntrinsicElements'.
src/icons/Fonts/general-sans/GeneralSansMedium.tsx(1774,5): error TS2339: Property 'hkern' does not exist on type 'JSX.IntrinsicElements'.
src/icons/Fonts/general-sans/GeneralSansMedium.tsx(1775,5): error TS2339: Property 'hkern' does not exist on type 'JSX.IntrinsicElements'.
src/icons/Fonts/general-sans/GeneralSansMedium.tsx(1776,5): error TS2339: Property 'hkern' does not exist on type 'JSX.IntrinsicElements'.
src/icons/Fonts/general-sans/GeneralSansMedium.tsx(1777,5): error TS2339: Property 'hkern' does not exist on type 'JSX.IntrinsicElements'.
src/icons/Fonts/general-sans/GeneralSansMedium.tsx(1778,5): error TS2339: Property 'hkern' does not exist on type 'JSX.IntrinsicElements'.
src/icons/Fonts/general-sans/GeneralSansMedium.tsx(1779,5): error TS2339: Property 'hkern' does not exist on type 'JSX.IntrinsicElements'.
src/icons/Fonts/general-sans/GeneralSansMedium.tsx(1780,5): error TS2339: Property 'hkern' does not exist on type 'JSX.IntrinsicElements'.
src/icons/Fonts/general-sans/GeneralSansMedium.tsx(1781,5): error TS2339: Property 'hkern' does not exist on type 'JSX.IntrinsicElements'.
src/icons/Fonts/general-sans/GeneralSansMedium.tsx(1782,5): error TS2339: Property 'hkern' does not exist on type 'JSX.IntrinsicElements'.
src/icons/Fonts/general-sans/GeneralSansMedium.tsx(1783,5): error TS2339: Property 'hkern' does not exist on type 'JSX.IntrinsicElements'.
src/icons/Fonts/general-sans/GeneralSansMedium.tsx(1784,5): error TS2339: Property 'hkern' does not exist on type 'JSX.IntrinsicElements'.
src/icons/Fonts/general-sans/GeneralSansMedium.tsx(1785,5): error TS2339: Property 'hkern' does not exist on type 'JSX.IntrinsicElements'.
src/icons/Fonts/general-sans/GeneralSansMedium.tsx(1786,5): error TS2339: Property 'hkern' does not exist on type 'JSX.IntrinsicElements'.
src/icons/Fonts/general-sans/GeneralSansMedium.tsx(1787,5): error TS2339: Property 'hkern' does not exist on type 'JSX.IntrinsicElements'.
src/icons/Fonts/general-sans/GeneralSansMedium.tsx(1788,5): error TS2339: Property 'hkern' does not exist on type 'JSX.IntrinsicElements'.
src/icons/Fonts/general-sans/GeneralSansMedium.tsx(1789,5): error TS2339: Property 'hkern' does not exist on type 'JSX.IntrinsicElements'.
src/icons/Fonts/general-sans/GeneralSansMedium.tsx(1790,5): error TS2339: Property 'hkern' does not exist on type 'JSX.IntrinsicElements'.
src/icons/Fonts/general-sans/GeneralSansMedium.tsx(1791,5): error TS2339: Property 'hkern' does not exist on type 'JSX.IntrinsicElements'.
src/icons/Fonts/general-sans/GeneralSansMedium.tsx(1792,5): error TS2339: Property 'hkern' does not exist on type 'JSX.IntrinsicElements'.
src/icons/Fonts/general-sans/GeneralSansMedium.tsx(1793,5): error TS2339: Property 'hkern' does not exist on type 'JSX.IntrinsicElements'.
src/icons/Fonts/general-sans/GeneralSansMedium.tsx(1794,5): error TS2339: Property 'hkern' does not exist on type 'JSX.IntrinsicElements'.
src/icons/Fonts/general-sans/GeneralSansMedium.tsx(1795,5): error TS2339: Property 'hkern' does not exist on type 'JSX.IntrinsicElements'.
src/icons/Fonts/general-sans/GeneralSansMedium.tsx(1796,5): error TS2339: Property 'hkern' does not exist on type 'JSX.IntrinsicElements'.
src/icons/Fonts/general-sans/GeneralSansMedium.tsx(1797,5): error TS2339: Property 'hkern' does not exist on type 'JSX.IntrinsicElements'.
src/icons/Fonts/general-sans/GeneralSansMedium.tsx(1798,5): error TS2339: Property 'hkern' does not exist on type 'JSX.IntrinsicElements'.
src/icons/Fonts/general-sans/GeneralSansMedium.tsx(1799,5): error TS2339: Property 'hkern' does not exist on type 'JSX.IntrinsicElements'.
src/icons/Fonts/general-sans/GeneralSansMedium.tsx(1800,5): error TS2339: Property 'hkern' does not exist on type 'JSX.IntrinsicElements'.
src/icons/Fonts/general-sans/GeneralSansMedium.tsx(1801,5): error TS2339: Property 'hkern' does not exist on type 'JSX.IntrinsicElements'.
src/icons/Fonts/general-sans/GeneralSansMedium.tsx(1802,5): error TS2339: Property 'hkern' does not exist on type 'JSX.IntrinsicElements'.
src/icons/Fonts/general-sans/GeneralSansMedium.tsx(1803,5): error TS2339: Property 'hkern' does not exist on type 'JSX.IntrinsicElements'.
src/icons/Fonts/general-sans/GeneralSansMedium.tsx(1804,5): error TS2339: Property 'hkern' does not exist on type 'JSX.IntrinsicElements'.
src/icons/Fonts/general-sans/GeneralSansMedium.tsx(1805,5): error TS2339: Property 'hkern' does not exist on type 'JSX.IntrinsicElements'.
src/icons/Fonts/general-sans/GeneralSansMedium.tsx(1806,5): error TS2339: Property 'hkern' does not exist on type 'JSX.IntrinsicElements'.
src/icons/Fonts/general-sans/GeneralSansMedium.tsx(1807,5): error TS2339: Property 'hkern' does not exist on type 'JSX.IntrinsicElements'.
src/icons/Fonts/general-sans/GeneralSansMedium.tsx(1808,5): error TS2339: Property 'hkern' does not exist on type 'JSX.IntrinsicElements'.
src/icons/Fonts/general-sans/GeneralSansMedium.tsx(1809,5): error TS2339: Property 'hkern' does not exist on type 'JSX.IntrinsicElements'.
src/icons/Fonts/general-sans/GeneralSansMedium.tsx(1810,5): error TS2339: Property 'hkern' does not exist on type 'JSX.IntrinsicElements'.
src/icons/Fonts/general-sans/GeneralSansMedium.tsx(1811,5): error TS2339: Property 'hkern' does not exist on type 'JSX.IntrinsicElements'.
src/icons/Fonts/general-sans/GeneralSansMedium.tsx(1812,5): error TS2339: Property 'hkern' does not exist on type 'JSX.IntrinsicElements'.
src/icons/Fonts/general-sans/GeneralSansMedium.tsx(1813,5): error TS2339: Property 'hkern' does not exist on type 'JSX.IntrinsicElements'.
src/icons/Fonts/general-sans/GeneralSansMedium.tsx(1814,5): error TS2339: Property 'hkern' does not exist on type 'JSX.IntrinsicElements'.
src/icons/Fonts/general-sans/GeneralSansMedium.tsx(1815,5): error TS2339: Property 'hkern' does not exist on type 'JSX.IntrinsicElements'.
src/icons/Fonts/general-sans/GeneralSansMedium.tsx(1816,5): error TS2339: Property 'hkern' does not exist on type 'JSX.IntrinsicElements'.
src/icons/Fonts/general-sans/GeneralSansMedium.tsx(1817,5): error TS2339: Property 'hkern' does not exist on type 'JSX.IntrinsicElements'.
src/icons/Fonts/general-sans/GeneralSansMedium.tsx(1818,5): error TS2339: Property 'hkern' does not exist on type 'JSX.IntrinsicElements'.
src/icons/Fonts/general-sans/GeneralSansMedium.tsx(1819,5): error TS2339: Property 'hkern' does not exist on type 'JSX.IntrinsicElements'.
src/icons/Fonts/general-sans/GeneralSansMedium.tsx(1820,5): error TS2339: Property 'hkern' does not exist on type 'JSX.IntrinsicElements'.
src/icons/Fonts/general-sans/GeneralSansMedium.tsx(1821,5): error TS2339: Property 'hkern' does not exist on type 'JSX.IntrinsicElements'.
src/icons/Fonts/general-sans/GeneralSansMedium.tsx(1822,5): error TS2339: Property 'hkern' does not exist on type 'JSX.IntrinsicElements'.
src/icons/Fonts/general-sans/GeneralSansMedium.tsx(1823,5): error TS2339: Property 'hkern' does not exist on type 'JSX.IntrinsicElements'.
src/icons/Fonts/general-sans/GeneralSansMedium.tsx(1824,5): error TS2339: Property 'hkern' does not exist on type 'JSX.IntrinsicElements'.
src/icons/Fonts/general-sans/GeneralSansMedium.tsx(1825,5): error TS2339: Property 'hkern' does not exist on type 'JSX.IntrinsicElements'.
src/icons/Fonts/general-sans/GeneralSansMedium.tsx(1826,5): error TS2339: Property 'hkern' does not exist on type 'JSX.IntrinsicElements'.
src/icons/Fonts/general-sans/GeneralSansMedium.tsx(1827,5): error TS2339: Property 'hkern' does not exist on type 'JSX.IntrinsicElements'.
src/icons/Fonts/general-sans/GeneralSansMedium.tsx(1828,5): error TS2339: Property 'hkern' does not exist on type 'JSX.IntrinsicElements'.
src/icons/Fonts/general-sans/GeneralSansMedium.tsx(1829,5): error TS2339: Property 'hkern' does not exist on type 'JSX.IntrinsicElements'.
src/icons/Fonts/general-sans/GeneralSansMedium.tsx(1830,5): error TS2339: Property 'hkern' does not exist on type 'JSX.IntrinsicElements'.
src/icons/Fonts/general-sans/GeneralSansMedium.tsx(1831,5): error TS2339: Property 'hkern' does not exist on type 'JSX.IntrinsicElements'.
src/icons/Fonts/general-sans/GeneralSansMedium.tsx(1832,5): error TS2339: Property 'hkern' does not exist on type 'JSX.IntrinsicElements'.
src/icons/Fonts/general-sans/GeneralSansMedium.tsx(1833,5): error TS2339: Property 'hkern' does not exist on type 'JSX.IntrinsicElements'.
src/icons/Fonts/general-sans/GeneralSansMedium.tsx(1834,5): error TS2339: Property 'hkern' does not exist on type 'JSX.IntrinsicElements'.
src/icons/Fonts/general-sans/GeneralSansMedium.tsx(1835,5): error TS2339: Property 'hkern' does not exist on type 'JSX.IntrinsicElements'.
src/icons/Fonts/general-sans/GeneralSansMedium.tsx(1836,5): error TS2339: Property 'hkern' does not exist on type 'JSX.IntrinsicElements'.
src/icons/Fonts/general-sans/GeneralSansMedium.tsx(1837,5): error TS2339: Property 'hkern' does not exist on type 'JSX.IntrinsicElements'.
src/icons/Fonts/general-sans/GeneralSansMedium.tsx(1838,5): error TS2339: Property 'hkern' does not exist on type 'JSX.IntrinsicElements'.
src/icons/Fonts/general-sans/GeneralSansMedium.tsx(1839,5): error TS2339: Property 'hkern' does not exist on type 'JSX.IntrinsicElements'.
src/icons/Fonts/general-sans/GeneralSansMedium.tsx(1840,5): error TS2339: Property 'hkern' does not exist on type 'JSX.IntrinsicElements'.
src/icons/Fonts/general-sans/GeneralSansMedium.tsx(1841,5): error TS2339: Property 'hkern' does not exist on type 'JSX.IntrinsicElements'.
src/icons/Fonts/general-sans/GeneralSansMedium.tsx(1842,5): error TS2339: Property 'hkern' does not exist on type 'JSX.IntrinsicElements'.
src/icons/Fonts/general-sans/GeneralSansMedium.tsx(1843,5): error TS2339: Property 'hkern' does not exist on type 'JSX.IntrinsicElements'.
src/icons/Fonts/general-sans/GeneralSansMedium.tsx(1844,5): error TS2339: Property 'hkern' does not exist on type 'JSX.IntrinsicElements'.
src/icons/Fonts/general-sans/GeneralSansMedium.tsx(1845,5): error TS2339: Property 'hkern' does not exist on type 'JSX.IntrinsicElements'.
src/icons/Fonts/general-sans/GeneralSansMedium.tsx(1846,5): error TS2339: Property 'hkern' does not exist on type 'JSX.IntrinsicElements'.
src/icons/Fonts/general-sans/GeneralSansMedium.tsx(1847,5): error TS2339: Property 'hkern' does not exist on type 'JSX.IntrinsicElements'.
src/icons/Fonts/general-sans/GeneralSansMedium.tsx(1848,5): error TS2339: Property 'hkern' does not exist on type 'JSX.IntrinsicElements'.
src/icons/Fonts/general-sans/GeneralSansMedium.tsx(1849,5): error TS2339: Property 'hkern' does not exist on type 'JSX.IntrinsicElements'.
src/icons/Fonts/general-sans/GeneralSansMedium.tsx(1850,5): error TS2339: Property 'hkern' does not exist on type 'JSX.IntrinsicElements'.
src/icons/Fonts/general-sans/GeneralSansMedium.tsx(1851,5): error TS2339: Property 'hkern' does not exist on type 'JSX.IntrinsicElements'.
src/icons/Fonts/general-sans/GeneralSansMedium.tsx(1852,5): error TS2339: Property 'hkern' does not exist on type 'JSX.IntrinsicElements'.
src/icons/Fonts/general-sans/GeneralSansMedium.tsx(1853,5): error TS2339: Property 'hkern' does not exist on type 'JSX.IntrinsicElements'.
src/icons/Fonts/general-sans/GeneralSansMedium.tsx(1854,5): error TS2339: Property 'hkern' does not exist on type 'JSX.IntrinsicElements'.
src/icons/Fonts/general-sans/GeneralSansMedium.tsx(1855,5): error TS2339: Property 'hkern' does not exist on type 'JSX.IntrinsicElements'.
src/icons/Fonts/general-sans/GeneralSansMedium.tsx(1856,5): error TS2339: Property 'hkern' does not exist on type 'JSX.IntrinsicElements'.
src/icons/Fonts/general-sans/GeneralSansMedium.tsx(1857,5): error TS2339: Property 'hkern' does not exist on type 'JSX.IntrinsicElements'.
src/icons/Fonts/general-sans/GeneralSansMedium.tsx(1858,5): error TS2339: Property 'hkern' does not exist on type 'JSX.IntrinsicElements'.
src/icons/Fonts/general-sans/GeneralSansMedium.tsx(1859,5): error TS2339: Property 'hkern' does not exist on type 'JSX.IntrinsicElements'.
src/icons/Fonts/general-sans/GeneralSansMedium.tsx(1860,5): error TS2339: Property 'hkern' does not exist on type 'JSX.IntrinsicElements'.
src/icons/Fonts/general-sans/GeneralSansMedium.tsx(1861,5): error TS2339: Property 'hkern' does not exist on type 'JSX.IntrinsicElements'.
src/icons/Fonts/general-sans/GeneralSansMedium.tsx(1862,5): error TS2339: Property 'hkern' does not exist on type 'JSX.IntrinsicElements'.
src/icons/Fonts/general-sans/GeneralSansMedium.tsx(1863,5): error TS2339: Property 'hkern' does not exist on type 'JSX.IntrinsicElements'.
src/icons/Fonts/general-sans/GeneralSansMedium.tsx(1864,5): error TS2339: Property 'hkern' does not exist on type 'JSX.IntrinsicElements'.
src/icons/Fonts/general-sans/GeneralSansMedium.tsx(1865,5): error TS2339: Property 'hkern' does not exist on type 'JSX.IntrinsicElements'.
src/icons/Fonts/general-sans/GeneralSansMedium.tsx(1866,5): error TS2339: Property 'hkern' does not exist on type 'JSX.IntrinsicElements'.
src/icons/Fonts/general-sans/GeneralSansMedium.tsx(1867,5): error TS2339: Property 'hkern' does not exist on type 'JSX.IntrinsicElements'.
src/icons/Fonts/general-sans/GeneralSansMedium.tsx(1868,5): error TS2339: Property 'hkern' does not exist on type 'JSX.IntrinsicElements'.
src/icons/Fonts/general-sans/GeneralSansMedium.tsx(1869,5): error TS2339: Property 'hkern' does not exist on type 'JSX.IntrinsicElements'.
src/icons/Fonts/general-sans/GeneralSansMedium.tsx(1870,5): error TS2339: Property 'hkern' does not exist on type 'JSX.IntrinsicElements'.
src/icons/Fonts/general-sans/GeneralSansMedium.tsx(1871,5): error TS2339: Property 'hkern' does not exist on type 'JSX.IntrinsicElements'.
src/icons/Fonts/general-sans/GeneralSansMedium.tsx(1872,5): error TS2339: Property 'hkern' does not exist on type 'JSX.IntrinsicElements'.
src/icons/Fonts/general-sans/GeneralSansMedium.tsx(1873,5): error TS2339: Property 'hkern' does not exist on type 'JSX.IntrinsicElements'.
src/icons/Fonts/general-sans/GeneralSansMedium.tsx(1874,5): error TS2339: Property 'hkern' does not exist on type 'JSX.IntrinsicElements'.
src/icons/Fonts/general-sans/GeneralSansMedium.tsx(1875,5): error TS2339: Property 'hkern' does not exist on type 'JSX.IntrinsicElements'.
src/icons/Fonts/general-sans/GeneralSansMedium.tsx(1876,5): error TS2339: Property 'hkern' does not exist on type 'JSX.IntrinsicElements'.
src/icons/Fonts/general-sans/GeneralSansMedium.tsx(1877,5): error TS2339: Property 'hkern' does not exist on type 'JSX.IntrinsicElements'.
src/icons/Fonts/general-sans/GeneralSansMedium.tsx(1878,5): error TS2339: Property 'hkern' does not exist on type 'JSX.IntrinsicElements'.
src/icons/Fonts/general-sans/GeneralSansMedium.tsx(1879,5): error TS2339: Property 'hkern' does not exist on type 'JSX.IntrinsicElements'.
src/icons/Fonts/general-sans/GeneralSansMedium.tsx(1880,5): error TS2339: Property 'hkern' does not exist on type 'JSX.IntrinsicElements'.
src/icons/Fonts/general-sans/GeneralSansMedium.tsx(1881,5): error TS2339: Property 'hkern' does not exist on type 'JSX.IntrinsicElements'.
src/icons/Fonts/general-sans/GeneralSansMedium.tsx(1882,5): error TS2339: Property 'hkern' does not exist on type 'JSX.IntrinsicElements'.
src/icons/Fonts/general-sans/GeneralSansMedium.tsx(1883,5): error TS2339: Property 'hkern' does not exist on type 'JSX.IntrinsicElements'.
src/icons/Fonts/general-sans/GeneralSansMedium.tsx(1884,5): error TS2339: Property 'hkern' does not exist on type 'JSX.IntrinsicElements'.
src/icons/Fonts/general-sans/GeneralSansMedium.tsx(1885,5): error TS2339: Property 'hkern' does not exist on type 'JSX.IntrinsicElements'.
src/icons/Fonts/general-sans/GeneralSansMedium.tsx(1886,5): error TS2339: Property 'hkern' does not exist on type 'JSX.IntrinsicElements'.
src/icons/Fonts/general-sans/GeneralSansMedium.tsx(1887,5): error TS2339: Property 'hkern' does not exist on type 'JSX.IntrinsicElements'.
src/icons/Fonts/general-sans/GeneralSansMedium.tsx(1888,5): error TS2339: Property 'hkern' does not exist on type 'JSX.IntrinsicElements'.
src/icons/Fonts/general-sans/GeneralSansMedium.tsx(1889,5): error TS2339: Property 'hkern' does not exist on type 'JSX.IntrinsicElements'.
src/icons/Fonts/general-sans/GeneralSansMedium.tsx(1890,5): error TS2339: Property 'hkern' does not exist on type 'JSX.IntrinsicElements'.
src/icons/Fonts/general-sans/GeneralSansMedium.tsx(1891,5): error TS2339: Property 'hkern' does not exist on type 'JSX.IntrinsicElements'.
src/icons/Fonts/general-sans/GeneralSansMedium.tsx(1892,5): error TS2339: Property 'hkern' does not exist on type 'JSX.IntrinsicElements'.
src/icons/Fonts/general-sans/GeneralSansMedium.tsx(1893,5): error TS2339: Property 'hkern' does not exist on type 'JSX.IntrinsicElements'.
src/icons/Fonts/general-sans/GeneralSansMedium.tsx(1894,5): error TS2339: Property 'hkern' does not exist on type 'JSX.IntrinsicElements'.
src/icons/Fonts/general-sans/GeneralSansMedium.tsx(1895,5): error TS2339: Property 'hkern' does not exist on type 'JSX.IntrinsicElements'.
src/icons/Fonts/general-sans/GeneralSansMedium.tsx(1896,5): error TS2339: Property 'hkern' does not exist on type 'JSX.IntrinsicElements'.
src/icons/Fonts/general-sans/GeneralSansMedium.tsx(1897,5): error TS2339: Property 'hkern' does not exist on type 'JSX.IntrinsicElements'.
src/icons/Fonts/general-sans/GeneralSansMedium.tsx(1898,5): error TS2339: Property 'hkern' does not exist on type 'JSX.IntrinsicElements'.
src/icons/Fonts/general-sans/GeneralSansMedium.tsx(1899,5): error TS2339: Property 'hkern' does not exist on type 'JSX.IntrinsicElements'.
src/icons/Fonts/general-sans/GeneralSansMedium.tsx(1900,5): error TS2339: Property 'hkern' does not exist on type 'JSX.IntrinsicElements'.
src/icons/Fonts/general-sans/GeneralSansMedium.tsx(1901,5): error TS2339: Property 'hkern' does not exist on type 'JSX.IntrinsicElements'.
src/icons/Fonts/general-sans/GeneralSansMedium.tsx(1902,5): error TS2339: Property 'hkern' does not exist on type 'JSX.IntrinsicElements'.
src/icons/Fonts/general-sans/GeneralSansMedium.tsx(1903,5): error TS2339: Property 'hkern' does not exist on type 'JSX.IntrinsicElements'.
src/icons/Fonts/general-sans/GeneralSansMedium.tsx(1904,5): error TS2339: Property 'hkern' does not exist on type 'JSX.IntrinsicElements'.
src/icons/Fonts/general-sans/GeneralSansMedium.tsx(1905,5): error TS2339: Property 'hkern' does not exist on type 'JSX.IntrinsicElements'.
src/icons/Fonts/general-sans/GeneralSansMedium.tsx(1906,5): error TS2339: Property 'hkern' does not exist on type 'JSX.IntrinsicElements'.
src/icons/Fonts/general-sans/GeneralSansMedium.tsx(1907,5): error TS2339: Property 'hkern' does not exist on type 'JSX.IntrinsicElements'.
src/icons/Fonts/general-sans/GeneralSansMedium.tsx(1908,5): error TS2339: Property 'hkern' does not exist on type 'JSX.IntrinsicElements'.
src/icons/Fonts/general-sans/GeneralSansMedium.tsx(1909,5): error TS2339: Property 'hkern' does not exist on type 'JSX.IntrinsicElements'.
src/icons/Fonts/general-sans/GeneralSansMedium.tsx(1910,5): error TS2339: Property 'hkern' does not exist on type 'JSX.IntrinsicElements'.
src/icons/Fonts/general-sans/GeneralSansMedium.tsx(1911,5): error TS2339: Property 'hkern' does not exist on type 'JSX.IntrinsicElements'.
src/icons/Fonts/general-sans/GeneralSansMedium.tsx(1912,5): error TS2339: Property 'hkern' does not exist on type 'JSX.IntrinsicElements'.
src/icons/Fonts/general-sans/GeneralSansMedium.tsx(1913,5): error TS2339: Property 'hkern' does not exist on type 'JSX.IntrinsicElements'.
src/icons/Fonts/general-sans/GeneralSansMedium.tsx(1914,5): error TS2339: Property 'hkern' does not exist on type 'JSX.IntrinsicElements'.
src/icons/Fonts/general-sans/GeneralSansMedium.tsx(1915,5): error TS2339: Property 'hkern' does not exist on type 'JSX.IntrinsicElements'.
src/icons/Fonts/general-sans/GeneralSansMedium.tsx(1916,5): error TS2339: Property 'hkern' does not exist on type 'JSX.IntrinsicElements'.
src/icons/Fonts/general-sans/GeneralSansMedium.tsx(1917,5): error TS2339: Property 'hkern' does not exist on type 'JSX.IntrinsicElements'.
src/icons/Fonts/general-sans/GeneralSansMedium.tsx(1918,5): error TS2339: Property 'hkern' does not exist on type 'JSX.IntrinsicElements'.
src/icons/Fonts/general-sans/GeneralSansMedium.tsx(1919,5): error TS2339: Property 'hkern' does not exist on type 'JSX.IntrinsicElements'.
src/icons/Fonts/general-sans/GeneralSansMedium.tsx(1920,5): error TS2339: Property 'hkern' does not exist on type 'JSX.IntrinsicElements'.
src/icons/Fonts/general-sans/GeneralSansMedium.tsx(1921,5): error TS2339: Property 'hkern' does not exist on type 'JSX.IntrinsicElements'.
src/icons/Fonts/general-sans/GeneralSansMedium.tsx(1922,5): error TS2339: Property 'hkern' does not exist on type 'JSX.IntrinsicElements'.
src/icons/Fonts/general-sans/GeneralSansMedium.tsx(1923,5): error TS2339: Property 'hkern' does not exist on type 'JSX.IntrinsicElements'.
src/icons/Fonts/general-sans/GeneralSansMedium.tsx(1924,5): error TS2339: Property 'hkern' does not exist on type 'JSX.IntrinsicElements'.
src/icons/Fonts/general-sans/GeneralSansMedium.tsx(1925,5): error TS2339: Property 'hkern' does not exist on type 'JSX.IntrinsicElements'.
src/icons/Fonts/general-sans/GeneralSansMedium.tsx(1926,5): error TS2339: Property 'hkern' does not exist on type 'JSX.IntrinsicElements'.
src/icons/Fonts/general-sans/GeneralSansMedium.tsx(1927,5): error TS2339: Property 'hkern' does not exist on type 'JSX.IntrinsicElements'.
src/icons/Fonts/general-sans/GeneralSansMedium.tsx(1928,5): error TS2339: Property 'hkern' does not exist on type 'JSX.IntrinsicElements'.
src/icons/Fonts/general-sans/GeneralSansMedium.tsx(1929,5): error TS2339: Property 'hkern' does not exist on type 'JSX.IntrinsicElements'.
src/icons/Fonts/general-sans/GeneralSansMedium.tsx(1930,5): error TS2339: Property 'hkern' does not exist on type 'JSX.IntrinsicElements'.
src/icons/Fonts/general-sans/GeneralSansMedium.tsx(1931,5): error TS2339: Property 'hkern' does not exist on type 'JSX.IntrinsicElements'.
src/icons/Fonts/general-sans/GeneralSansMedium.tsx(1932,5): error TS2339: Property 'hkern' does not exist on type 'JSX.IntrinsicElements'.
src/icons/Fonts/general-sans/GeneralSansMedium.tsx(1933,5): error TS2339: Property 'hkern' does not exist on type 'JSX.IntrinsicElements'.
src/icons/Fonts/general-sans/GeneralSansMedium.tsx(1934,5): error TS2339: Property 'hkern' does not exist on type 'JSX.IntrinsicElements'.
src/icons/Fonts/general-sans/GeneralSansMedium.tsx(1935,5): error TS2339: Property 'hkern' does not exist on type 'JSX.IntrinsicElements'.
src/icons/Fonts/general-sans/GeneralSansMedium.tsx(1936,5): error TS2339: Property 'hkern' does not exist on type 'JSX.IntrinsicElements'.
src/icons/Fonts/general-sans/GeneralSansMedium.tsx(1937,5): error TS2339: Property 'hkern' does not exist on type 'JSX.IntrinsicElements'.
src/icons/Fonts/general-sans/GeneralSansMedium.tsx(1938,5): error TS2339: Property 'hkern' does not exist on type 'JSX.IntrinsicElements'.
src/icons/Fonts/general-sans/GeneralSansMedium.tsx(1939,5): error TS2339: Property 'hkern' does not exist on type 'JSX.IntrinsicElements'.
src/icons/Fonts/general-sans/GeneralSansMedium.tsx(1940,5): error TS2339: Property 'hkern' does not exist on type 'JSX.IntrinsicElements'.
src/icons/Fonts/general-sans/GeneralSansMedium.tsx(1941,5): error TS2339: Property 'hkern' does not exist on type 'JSX.IntrinsicElements'.
src/icons/Fonts/general-sans/GeneralSansMedium.tsx(1942,5): error TS2339: Property 'hkern' does not exist on type 'JSX.IntrinsicElements'.
src/icons/Fonts/general-sans/GeneralSansMedium.tsx(1943,5): error TS2339: Property 'hkern' does not exist on type 'JSX.IntrinsicElements'.
src/icons/Fonts/general-sans/GeneralSansMedium.tsx(1944,5): error TS2339: Property 'hkern' does not exist on type 'JSX.IntrinsicElements'.
src/icons/Fonts/general-sans/GeneralSansMedium.tsx(1945,5): error TS2339: Property 'hkern' does not exist on type 'JSX.IntrinsicElements'.
src/icons/Fonts/general-sans/GeneralSansMedium.tsx(1946,5): error TS2339: Property 'hkern' does not exist on type 'JSX.IntrinsicElements'.
src/icons/Fonts/general-sans/GeneralSansMedium.tsx(1947,5): error TS2339: Property 'hkern' does not exist on type 'JSX.IntrinsicElements'.
src/icons/Fonts/general-sans/GeneralSansMedium.tsx(1948,5): error TS2339: Property 'hkern' does not exist on type 'JSX.IntrinsicElements'.
src/icons/Fonts/general-sans/GeneralSansMedium.tsx(1949,5): error TS2339: Property 'hkern' does not exist on type 'JSX.IntrinsicElements'.
src/icons/Fonts/general-sans/GeneralSansMedium.tsx(1950,5): error TS2339: Property 'hkern' does not exist on type 'JSX.IntrinsicElements'.
src/icons/Fonts/general-sans/GeneralSansMedium.tsx(1951,5): error TS2339: Property 'hkern' does not exist on type 'JSX.IntrinsicElements'.
src/icons/Fonts/general-sans/GeneralSansMedium.tsx(1952,5): error TS2339: Property 'hkern' does not exist on type 'JSX.IntrinsicElements'.
src/icons/Fonts/general-sans/GeneralSansMedium.tsx(1953,5): error TS2339: Property 'hkern' does not exist on type 'JSX.IntrinsicElements'.
src/icons/Fonts/general-sans/GeneralSansMedium.tsx(1954,5): error TS2339: Property 'hkern' does not exist on type 'JSX.IntrinsicElements'.
src/icons/Fonts/general-sans/GeneralSansMedium.tsx(1955,5): error TS2339: Property 'hkern' does not exist on type 'JSX.IntrinsicElements'.
src/icons/Fonts/general-sans/GeneralSansMedium.tsx(1956,5): error TS2339: Property 'hkern' does not exist on type 'JSX.IntrinsicElements'.
src/icons/Fonts/general-sans/GeneralSansMedium.tsx(1957,5): error TS2339: Property 'hkern' does not exist on type 'JSX.IntrinsicElements'.
src/icons/Fonts/general-sans/GeneralSansMedium.tsx(1958,5): error TS2339: Property 'hkern' does not exist on type 'JSX.IntrinsicElements'.
src/icons/Fonts/general-sans/GeneralSansMedium.tsx(1959,5): error TS2339: Property 'hkern' does not exist on type 'JSX.IntrinsicElements'.
src/icons/Fonts/general-sans/GeneralSansMedium.tsx(1960,5): error TS2339: Property 'hkern' does not exist on type 'JSX.IntrinsicElements'.
src/icons/Fonts/general-sans/GeneralSansMedium.tsx(1961,5): error TS2339: Property 'hkern' does not exist on type 'JSX.IntrinsicElements'.
src/icons/Fonts/general-sans/GeneralSansMedium.tsx(1962,5): error TS2339: Property 'hkern' does not exist on type 'JSX.IntrinsicElements'.
src/icons/Fonts/general-sans/GeneralSansMedium.tsx(1963,5): error TS2339: Property 'hkern' does not exist on type 'JSX.IntrinsicElements'.
src/icons/Fonts/general-sans/GeneralSansMedium.tsx(1964,5): error TS2339: Property 'hkern' does not exist on type 'JSX.IntrinsicElements'.
src/icons/Fonts/general-sans/GeneralSansMedium.tsx(1965,5): error TS2339: Property 'hkern' does not exist on type 'JSX.IntrinsicElements'.
src/icons/Fonts/general-sans/GeneralSansMedium.tsx(1966,5): error TS2339: Property 'hkern' does not exist on type 'JSX.IntrinsicElements'.
src/icons/Fonts/general-sans/GeneralSansMedium.tsx(1967,5): error TS2339: Property 'hkern' does not exist on type 'JSX.IntrinsicElements'.
src/icons/Fonts/general-sans/GeneralSansMedium.tsx(1968,5): error TS2339: Property 'hkern' does not exist on type 'JSX.IntrinsicElements'.
src/icons/Fonts/general-sans/GeneralSansMedium.tsx(1969,5): error TS2339: Property 'hkern' does not exist on type 'JSX.IntrinsicElements'.
src/icons/Fonts/general-sans/GeneralSansMedium.tsx(1970,5): error TS2339: Property 'hkern' does not exist on type 'JSX.IntrinsicElements'.
src/icons/Fonts/general-sans/GeneralSansMedium.tsx(1971,5): error TS2339: Property 'hkern' does not exist on type 'JSX.IntrinsicElements'.
src/icons/Fonts/general-sans/GeneralSansMedium.tsx(1972,5): error TS2339: Property 'hkern' does not exist on type 'JSX.IntrinsicElements'.
src/icons/Fonts/general-sans/GeneralSansMedium.tsx(1973,5): error TS2339: Property 'hkern' does not exist on type 'JSX.IntrinsicElements'.
src/icons/Fonts/general-sans/GeneralSansMedium.tsx(1974,5): error TS2339: Property 'hkern' does not exist on type 'JSX.IntrinsicElements'.
src/icons/Fonts/general-sans/GeneralSansMedium.tsx(1975,5): error TS2339: Property 'hkern' does not exist on type 'JSX.IntrinsicElements'.
src/icons/Fonts/general-sans/GeneralSansMedium.tsx(1976,5): error TS2339: Property 'hkern' does not exist on type 'JSX.IntrinsicElements'.
src/icons/Fonts/general-sans/GeneralSansMedium.tsx(1977,5): error TS2339: Property 'hkern' does not exist on type 'JSX.IntrinsicElements'.
src/icons/Fonts/general-sans/GeneralSansMedium.tsx(1978,5): error TS2339: Property 'hkern' does not exist on type 'JSX.IntrinsicElements'.
src/icons/Fonts/general-sans/GeneralSansMedium.tsx(1979,5): error TS2339: Property 'hkern' does not exist on type 'JSX.IntrinsicElements'.
src/icons/Fonts/general-sans/GeneralSansMedium.tsx(1980,5): error TS2339: Property 'hkern' does not exist on type 'JSX.IntrinsicElements'.
src/icons/Fonts/general-sans/GeneralSansMedium.tsx(1981,5): error TS2339: Property 'hkern' does not exist on type 'JSX.IntrinsicElements'.
src/icons/Fonts/general-sans/GeneralSansMedium.tsx(1982,5): error TS2339: Property 'hkern' does not exist on type 'JSX.IntrinsicElements'.
src/icons/Fonts/general-sans/GeneralSansMedium.tsx(1983,5): error TS2339: Property 'hkern' does not exist on type 'JSX.IntrinsicElements'.
src/icons/Fonts/general-sans/GeneralSansMedium.tsx(1984,5): error TS2339: Property 'hkern' does not exist on type 'JSX.IntrinsicElements'.
src/icons/Fonts/general-sans/GeneralSansMedium.tsx(1985,5): error TS2339: Property 'hkern' does not exist on type 'JSX.IntrinsicElements'.
src/icons/Fonts/general-sans/GeneralSansMedium.tsx(1986,5): error TS2339: Property 'hkern' does not exist on type 'JSX.IntrinsicElements'.
src/icons/Fonts/general-sans/GeneralSansMedium.tsx(1987,5): error TS2339: Property 'hkern' does not exist on type 'JSX.IntrinsicElements'.
src/icons/Fonts/general-sans/GeneralSansMedium.tsx(1988,5): error TS2339: Property 'hkern' does not exist on type 'JSX.IntrinsicElements'.
src/icons/Fonts/general-sans/GeneralSansMedium.tsx(1989,5): error TS2339: Property 'hkern' does not exist on type 'JSX.IntrinsicElements'.
src/icons/Fonts/general-sans/GeneralSansMedium.tsx(1990,5): error TS2339: Property 'hkern' does not exist on type 'JSX.IntrinsicElements'.
src/icons/Fonts/general-sans/GeneralSansMedium.tsx(1991,5): error TS2339: Property 'hkern' does not exist on type 'JSX.IntrinsicElements'.
src/icons/Fonts/general-sans/GeneralSansMedium.tsx(1992,5): error TS2339: Property 'hkern' does not exist on type 'JSX.IntrinsicElements'.
src/icons/Fonts/general-sans/GeneralSansMedium.tsx(1993,5): error TS2339: Property 'hkern' does not exist on type 'JSX.IntrinsicElements'.
src/icons/Fonts/general-sans/GeneralSansMedium.tsx(1994,5): error TS2339: Property 'hkern' does not exist on type 'JSX.IntrinsicElements'.
src/icons/Fonts/general-sans/GeneralSansMedium.tsx(1995,5): error TS2339: Property 'hkern' does not exist on type 'JSX.IntrinsicElements'.
src/icons/Fonts/general-sans/GeneralSansMedium.tsx(1996,5): error TS2339: Property 'hkern' does not exist on type 'JSX.IntrinsicElements'.
src/icons/Fonts/general-sans/GeneralSansMedium.tsx(1997,5): error TS2339: Property 'hkern' does not exist on type 'JSX.IntrinsicElements'.
src/icons/Fonts/general-sans/GeneralSansMedium.tsx(1998,5): error TS2339: Property 'hkern' does not exist on type 'JSX.IntrinsicElements'.
src/icons/Fonts/general-sans/GeneralSansMedium.tsx(1999,5): error TS2339: Property 'hkern' does not exist on type 'JSX.IntrinsicElements'.
src/icons/Fonts/general-sans/GeneralSansMedium.tsx(2000,5): error TS2339: Property 'hkern' does not exist on type 'JSX.IntrinsicElements'.
src/icons/Fonts/general-sans/GeneralSansMedium.tsx(2001,5): error TS2339: Property 'hkern' does not exist on type 'JSX.IntrinsicElements'.
src/icons/Fonts/general-sans/GeneralSansMedium.tsx(2002,5): error TS2339: Property 'hkern' does not exist on type 'JSX.IntrinsicElements'.
src/icons/Fonts/general-sans/GeneralSansMedium.tsx(2003,5): error TS2339: Property 'hkern' does not exist on type 'JSX.IntrinsicElements'.
src/icons/Fonts/general-sans/GeneralSansMedium.tsx(2004,5): error TS2339: Property 'hkern' does not exist on type 'JSX.IntrinsicElements'.
src/icons/Fonts/general-sans/GeneralSansMedium.tsx(2005,5): error TS2339: Property 'hkern' does not exist on type 'JSX.IntrinsicElements'.
src/icons/Fonts/general-sans/GeneralSansMedium.tsx(2006,5): error TS2339: Property 'hkern' does not exist on type 'JSX.IntrinsicElements'.
src/icons/Fonts/general-sans/GeneralSansMedium.tsx(2007,5): error TS2339: Property 'hkern' does not exist on type 'JSX.IntrinsicElements'.
src/icons/Fonts/general-sans/GeneralSansMedium.tsx(2008,5): error TS2339: Property 'hkern' does not exist on type 'JSX.IntrinsicElements'.
src/icons/Fonts/general-sans/GeneralSansMedium.tsx(2009,5): error TS2339: Property 'hkern' does not exist on type 'JSX.IntrinsicElements'.
src/icons/Fonts/general-sans/GeneralSansMedium.tsx(2010,5): error TS2339: Property 'hkern' does not exist on type 'JSX.IntrinsicElements'.
src/icons/Fonts/general-sans/GeneralSansMedium.tsx(2011,5): error TS2339: Property 'hkern' does not exist on type 'JSX.IntrinsicElements'.
src/icons/Fonts/general-sans/GeneralSansMedium.tsx(2012,5): error TS2339: Property 'hkern' does not exist on type 'JSX.IntrinsicElements'.
src/icons/Fonts/general-sans/GeneralSansMedium.tsx(2013,5): error TS2339: Property 'hkern' does not exist on type 'JSX.IntrinsicElements'.
src/icons/Fonts/general-sans/GeneralSansMedium.tsx(2014,5): error TS2339: Property 'hkern' does not exist on type 'JSX.IntrinsicElements'.
src/icons/Fonts/general-sans/GeneralSansMedium.tsx(2015,5): error TS2339: Property 'hkern' does not exist on type 'JSX.IntrinsicElements'.
src/icons/Fonts/general-sans/GeneralSansMedium.tsx(2016,5): error TS2339: Property 'hkern' does not exist on type 'JSX.IntrinsicElements'.
src/icons/Fonts/general-sans/GeneralSansMedium.tsx(2017,5): error TS2339: Property 'hkern' does not exist on type 'JSX.IntrinsicElements'.
src/icons/Fonts/general-sans/GeneralSansMedium.tsx(2018,5): error TS2339: Property 'hkern' does not exist on type 'JSX.IntrinsicElements'.
src/icons/Fonts/general-sans/GeneralSansMedium.tsx(2019,5): error TS2339: Property 'hkern' does not exist on type 'JSX.IntrinsicElements'.
src/icons/Fonts/general-sans/GeneralSansMedium.tsx(2020,5): error TS2339: Property 'hkern' does not exist on type 'JSX.IntrinsicElements'.
src/icons/Fonts/general-sans/GeneralSansMedium.tsx(2021,5): error TS2339: Property 'hkern' does not exist on type 'JSX.IntrinsicElements'.
src/icons/Fonts/general-sans/GeneralSansMedium.tsx(2022,5): error TS2339: Property 'hkern' does not exist on type 'JSX.IntrinsicElements'.
src/icons/Fonts/general-sans/GeneralSansMedium.tsx(2023,5): error TS2339: Property 'hkern' does not exist on type 'JSX.IntrinsicElements'.
src/icons/Fonts/general-sans/GeneralSansMedium.tsx(2024,5): error TS2339: Property 'hkern' does not exist on type 'JSX.IntrinsicElements'.
src/icons/Fonts/general-sans/GeneralSansMedium.tsx(2025,5): error TS2339: Property 'hkern' does not exist on type 'JSX.IntrinsicElements'.
src/icons/Fonts/general-sans/GeneralSansMedium.tsx(2026,5): error TS2339: Property 'hkern' does not exist on type 'JSX.IntrinsicElements'.
src/icons/Fonts/general-sans/GeneralSansMedium.tsx(2027,5): error TS2339: Property 'hkern' does not exist on type 'JSX.IntrinsicElements'.
src/icons/Fonts/general-sans/GeneralSansMedium.tsx(2028,5): error TS2339: Property 'hkern' does not exist on type 'JSX.IntrinsicElements'.
src/icons/Fonts/general-sans/GeneralSansMedium.tsx(2029,5): error TS2339: Property 'hkern' does not exist on type 'JSX.IntrinsicElements'.
src/icons/Fonts/general-sans/GeneralSansMedium.tsx(2030,5): error TS2339: Property 'hkern' does not exist on type 'JSX.IntrinsicElements'.
src/icons/Fonts/general-sans/GeneralSansMedium.tsx(2031,5): error TS2339: Property 'hkern' does not exist on type 'JSX.IntrinsicElements'.
src/icons/Fonts/general-sans/GeneralSansMedium.tsx(2032,5): error TS2339: Property 'hkern' does not exist on type 'JSX.IntrinsicElements'.
src/icons/Fonts/general-sans/GeneralSansMedium.tsx(2033,5): error TS2339: Property 'hkern' does not exist on type 'JSX.IntrinsicElements'.
src/icons/Fonts/general-sans/GeneralSansMedium.tsx(2034,5): error TS2339: Property 'hkern' does not exist on type 'JSX.IntrinsicElements'.
src/icons/Fonts/general-sans/GeneralSansMedium.tsx(2035,5): error TS2339: Property 'hkern' does not exist on type 'JSX.IntrinsicElements'.
src/icons/Fonts/general-sans/GeneralSansMedium.tsx(2036,5): error TS2339: Property 'hkern' does not exist on type 'JSX.IntrinsicElements'.
src/icons/Fonts/general-sans/GeneralSansMedium.tsx(2037,5): error TS2339: Property 'hkern' does not exist on type 'JSX.IntrinsicElements'.
src/icons/Fonts/general-sans/GeneralSansMedium.tsx(2038,5): error TS2339: Property 'hkern' does not exist on type 'JSX.IntrinsicElements'.
src/icons/Fonts/general-sans/GeneralSansMedium.tsx(2039,5): error TS2339: Property 'hkern' does not exist on type 'JSX.IntrinsicElements'.
src/icons/Fonts/general-sans/GeneralSansMedium.tsx(2040,5): error TS2339: Property 'hkern' does not exist on type 'JSX.IntrinsicElements'.
src/icons/Fonts/general-sans/GeneralSansMedium.tsx(2041,5): error TS2339: Property 'hkern' does not exist on type 'JSX.IntrinsicElements'.
src/icons/Fonts/general-sans/GeneralSansMedium.tsx(2042,5): error TS2339: Property 'hkern' does not exist on type 'JSX.IntrinsicElements'.
src/icons/Fonts/general-sans/GeneralSansMedium.tsx(2043,5): error TS2339: Property 'hkern' does not exist on type 'JSX.IntrinsicElements'.
src/icons/Fonts/general-sans/GeneralSansMedium.tsx(2044,5): error TS2339: Property 'hkern' does not exist on type 'JSX.IntrinsicElements'.
src/icons/Fonts/general-sans/GeneralSansMedium.tsx(2045,5): error TS2339: Property 'hkern' does not exist on type 'JSX.IntrinsicElements'.
src/icons/Fonts/general-sans/GeneralSansMedium.tsx(2046,5): error TS2339: Property 'hkern' does not exist on type 'JSX.IntrinsicElements'.
src/icons/Fonts/general-sans/GeneralSansMedium.tsx(2047,5): error TS2339: Property 'hkern' does not exist on type 'JSX.IntrinsicElements'.
src/icons/Fonts/general-sans/GeneralSansMedium.tsx(2048,5): error TS2339: Property 'hkern' does not exist on type 'JSX.IntrinsicElements'.
src/icons/Fonts/general-sans/GeneralSansMedium.tsx(2049,5): error TS2339: Property 'hkern' does not exist on type 'JSX.IntrinsicElements'.
src/icons/Fonts/general-sans/GeneralSansMedium.tsx(2050,5): error TS2339: Property 'hkern' does not exist on type 'JSX.IntrinsicElements'.
src/icons/Fonts/general-sans/GeneralSansMedium.tsx(2051,5): error TS2339: Property 'hkern' does not exist on type 'JSX.IntrinsicElements'.
src/icons/Fonts/general-sans/GeneralSansMedium.tsx(2052,5): error TS2339: Property 'hkern' does not exist on type 'JSX.IntrinsicElements'.
src/icons/Fonts/general-sans/GeneralSansMedium.tsx(2053,5): error TS2339: Property 'hkern' does not exist on type 'JSX.IntrinsicElements'.
src/icons/Fonts/general-sans/GeneralSansMedium.tsx(2054,5): error TS2339: Property 'hkern' does not exist on type 'JSX.IntrinsicElements'.
src/icons/Fonts/general-sans/GeneralSansMedium.tsx(2055,5): error TS2339: Property 'hkern' does not exist on type 'JSX.IntrinsicElements'.
src/icons/Fonts/general-sans/GeneralSansMedium.tsx(2056,5): error TS2339: Property 'hkern' does not exist on type 'JSX.IntrinsicElements'.
src/icons/Fonts/general-sans/GeneralSansMedium.tsx(2057,5): error TS2339: Property 'hkern' does not exist on type 'JSX.IntrinsicElements'.
src/icons/Fonts/general-sans/GeneralSansMedium.tsx(2058,5): error TS2339: Property 'hkern' does not exist on type 'JSX.IntrinsicElements'.
src/icons/Fonts/general-sans/GeneralSansMedium.tsx(2059,5): error TS2339: Property 'hkern' does not exist on type 'JSX.IntrinsicElements'.
src/icons/Fonts/general-sans/GeneralSansMedium.tsx(2060,5): error TS2339: Property 'hkern' does not exist on type 'JSX.IntrinsicElements'.
src/icons/Fonts/general-sans/GeneralSansMedium.tsx(2061,5): error TS2339: Property 'hkern' does not exist on type 'JSX.IntrinsicElements'.
src/icons/Fonts/general-sans/GeneralSansMedium.tsx(2062,5): error TS2339: Property 'hkern' does not exist on type 'JSX.IntrinsicElements'.
src/icons/Fonts/general-sans/GeneralSansMedium.tsx(2063,5): error TS2339: Property 'hkern' does not exist on type 'JSX.IntrinsicElements'.
src/icons/Fonts/general-sans/GeneralSansMedium.tsx(2064,5): error TS2339: Property 'hkern' does not exist on type 'JSX.IntrinsicElements'.
src/icons/Fonts/general-sans/GeneralSansMedium.tsx(2065,5): error TS2339: Property 'hkern' does not exist on type 'JSX.IntrinsicElements'.
src/icons/Fonts/general-sans/GeneralSansMedium.tsx(2066,5): error TS2339: Property 'hkern' does not exist on type 'JSX.IntrinsicElements'.
src/icons/Fonts/general-sans/GeneralSansMedium.tsx(2067,5): error TS2339: Property 'hkern' does not exist on type 'JSX.IntrinsicElements'.
src/icons/Fonts/general-sans/GeneralSansMedium.tsx(2068,5): error TS2339: Property 'hkern' does not exist on type 'JSX.IntrinsicElements'.
src/icons/Fonts/general-sans/GeneralSansMedium.tsx(2069,5): error TS2339: Property 'hkern' does not exist on type 'JSX.IntrinsicElements'.
src/icons/Fonts/general-sans/GeneralSansMedium.tsx(2070,5): error TS2339: Property 'hkern' does not exist on type 'JSX.IntrinsicElements'.
src/icons/Fonts/general-sans/GeneralSansMedium.tsx(2071,5): error TS2339: Property 'hkern' does not exist on type 'JSX.IntrinsicElements'.
src/icons/Fonts/general-sans/GeneralSansMedium.tsx(2072,5): error TS2339: Property 'hkern' does not exist on type 'JSX.IntrinsicElements'.
src/icons/Fonts/general-sans/GeneralSansMedium.tsx(2073,5): error TS2339: Property 'hkern' does not exist on type 'JSX.IntrinsicElements'.
src/icons/Fonts/general-sans/GeneralSansMedium.tsx(2074,5): error TS2339: Property 'hkern' does not exist on type 'JSX.IntrinsicElements'.
src/icons/Fonts/general-sans/GeneralSansMedium.tsx(2075,5): error TS2339: Property 'hkern' does not exist on type 'JSX.IntrinsicElements'.
src/icons/Fonts/general-sans/GeneralSansMedium.tsx(2076,5): error TS2339: Property 'hkern' does not exist on type 'JSX.IntrinsicElements'.
src/icons/Fonts/general-sans/GeneralSansMedium.tsx(2077,5): error TS2339: Property 'hkern' does not exist on type 'JSX.IntrinsicElements'.
src/icons/Fonts/general-sans/GeneralSansMedium.tsx(2078,5): error TS2339: Property 'hkern' does not exist on type 'JSX.IntrinsicElements'.
src/icons/Fonts/general-sans/GeneralSansMedium.tsx(2079,5): error TS2339: Property 'hkern' does not exist on type 'JSX.IntrinsicElements'.
src/icons/Fonts/general-sans/GeneralSansMedium.tsx(2080,5): error TS2339: Property 'hkern' does not exist on type 'JSX.IntrinsicElements'.
src/icons/Fonts/general-sans/GeneralSansMedium.tsx(2081,5): error TS2339: Property 'hkern' does not exist on type 'JSX.IntrinsicElements'.
src/icons/Fonts/general-sans/GeneralSansMedium.tsx(2082,5): error TS2339: Property 'hkern' does not exist on type 'JSX.IntrinsicElements'.
src/icons/Fonts/general-sans/GeneralSansMedium.tsx(2083,5): error TS2339: Property 'hkern' does not exist on type 'JSX.IntrinsicElements'.
src/icons/Fonts/general-sans/GeneralSansMedium.tsx(2084,5): error TS2339: Property 'hkern' does not exist on type 'JSX.IntrinsicElements'.
src/icons/Fonts/general-sans/GeneralSansMedium.tsx(2085,5): error TS2339: Property 'hkern' does not exist on type 'JSX.IntrinsicElements'.
src/icons/Fonts/general-sans/GeneralSansMedium.tsx(2086,5): error TS2339: Property 'hkern' does not exist on type 'JSX.IntrinsicElements'.
src/icons/Fonts/general-sans/GeneralSansMedium.tsx(2087,5): error TS2339: Property 'hkern' does not exist on type 'JSX.IntrinsicElements'.
src/icons/Fonts/general-sans/GeneralSansMedium.tsx(2088,5): error TS2339: Property 'hkern' does not exist on type 'JSX.IntrinsicElements'.
src/icons/Fonts/general-sans/GeneralSansMedium.tsx(2089,5): error TS2339: Property 'hkern' does not exist on type 'JSX.IntrinsicElements'.
src/icons/Fonts/general-sans/GeneralSansMedium.tsx(2090,5): error TS2339: Property 'hkern' does not exist on type 'JSX.IntrinsicElements'.
src/icons/Fonts/general-sans/GeneralSansMedium.tsx(2091,5): error TS2339: Property 'hkern' does not exist on type 'JSX.IntrinsicElements'.
src/icons/Fonts/general-sans/GeneralSansMedium.tsx(2092,5): error TS2339: Property 'hkern' does not exist on type 'JSX.IntrinsicElements'.
src/icons/Fonts/general-sans/GeneralSansMedium.tsx(2093,5): error TS2339: Property 'hkern' does not exist on type 'JSX.IntrinsicElements'.
src/icons/Fonts/general-sans/GeneralSansMedium.tsx(2094,5): error TS2339: Property 'hkern' does not exist on type 'JSX.IntrinsicElements'.
src/icons/Fonts/general-sans/GeneralSansMedium.tsx(2095,5): error TS2339: Property 'hkern' does not exist on type 'JSX.IntrinsicElements'.
src/icons/Fonts/general-sans/GeneralSansMedium.tsx(2096,5): error TS2339: Property 'hkern' does not exist on type 'JSX.IntrinsicElements'.
src/icons/Fonts/general-sans/GeneralSansMedium.tsx(2097,5): error TS2339: Property 'hkern' does not exist on type 'JSX.IntrinsicElements'.
src/icons/Fonts/general-sans/GeneralSansMedium.tsx(2098,5): error TS2339: Property 'hkern' does not exist on type 'JSX.IntrinsicElements'.
src/icons/Fonts/general-sans/GeneralSansMedium.tsx(2099,5): error TS2339: Property 'hkern' does not exist on type 'JSX.IntrinsicElements'.
src/icons/Fonts/general-sans/GeneralSansMedium.tsx(2100,5): error TS2339: Property 'hkern' does not exist on type 'JSX.IntrinsicElements'.
src/icons/Fonts/general-sans/GeneralSansMedium.tsx(2101,5): error TS2339: Property 'hkern' does not exist on type 'JSX.IntrinsicElements'.
src/icons/Fonts/general-sans/GeneralSansMedium.tsx(2102,5): error TS2339: Property 'hkern' does not exist on type 'JSX.IntrinsicElements'.
src/icons/Fonts/general-sans/GeneralSansMedium.tsx(2103,5): error TS2339: Property 'hkern' does not exist on type 'JSX.IntrinsicElements'.
src/icons/Fonts/general-sans/GeneralSansMedium.tsx(2104,5): error TS2339: Property 'hkern' does not exist on type 'JSX.IntrinsicElements'.
src/icons/Fonts/general-sans/GeneralSansMedium.tsx(2105,5): error TS2339: Property 'hkern' does not exist on type 'JSX.IntrinsicElements'.
src/icons/Fonts/general-sans/GeneralSansMedium.tsx(2106,5): error TS2339: Property 'hkern' does not exist on type 'JSX.IntrinsicElements'.
src/icons/Fonts/general-sans/GeneralSansMedium.tsx(2107,5): error TS2339: Property 'hkern' does not exist on type 'JSX.IntrinsicElements'.
src/icons/Fonts/general-sans/GeneralSansMedium.tsx(2108,5): error TS2339: Property 'hkern' does not exist on type 'JSX.IntrinsicElements'.
src/icons/Fonts/general-sans/GeneralSansMedium.tsx(2109,5): error TS2339: Property 'hkern' does not exist on type 'JSX.IntrinsicElements'.
src/icons/Fonts/general-sans/GeneralSansMedium.tsx(2110,5): error TS2339: Property 'hkern' does not exist on type 'JSX.IntrinsicElements'.
src/icons/Fonts/general-sans/GeneralSansMedium.tsx(2111,5): error TS2339: Property 'hkern' does not exist on type 'JSX.IntrinsicElements'.
src/icons/Fonts/general-sans/GeneralSansMedium.tsx(2112,5): error TS2339: Property 'hkern' does not exist on type 'JSX.IntrinsicElements'.
src/icons/Fonts/general-sans/GeneralSansMedium.tsx(2113,5): error TS2339: Property 'hkern' does not exist on type 'JSX.IntrinsicElements'.
src/icons/Fonts/general-sans/GeneralSansMedium.tsx(2114,5): error TS2339: Property 'hkern' does not exist on type 'JSX.IntrinsicElements'.
src/icons/Fonts/general-sans/GeneralSansMedium.tsx(2115,5): error TS2339: Property 'hkern' does not exist on type 'JSX.IntrinsicElements'.
src/icons/Fonts/general-sans/GeneralSansMedium.tsx(2116,5): error TS2339: Property 'hkern' does not exist on type 'JSX.IntrinsicElements'.
src/icons/Fonts/general-sans/GeneralSansMedium.tsx(2117,5): error TS2339: Property 'hkern' does not exist on type 'JSX.IntrinsicElements'.
src/icons/Fonts/general-sans/GeneralSansMedium.tsx(2118,5): error TS2339: Property 'hkern' does not exist on type 'JSX.IntrinsicElements'.
src/icons/Fonts/general-sans/GeneralSansMedium.tsx(2119,5): error TS2339: Property 'hkern' does not exist on type 'JSX.IntrinsicElements'.
src/icons/Fonts/general-sans/GeneralSansMedium.tsx(2120,5): error TS2339: Property 'hkern' does not exist on type 'JSX.IntrinsicElements'.
src/icons/Fonts/general-sans/GeneralSansMedium.tsx(2121,5): error TS2339: Property 'hkern' does not exist on type 'JSX.IntrinsicElements'.
src/icons/Fonts/general-sans/GeneralSansMedium.tsx(2122,5): error TS2339: Property 'hkern' does not exist on type 'JSX.IntrinsicElements'.
src/icons/Fonts/general-sans/GeneralSansMedium.tsx(2123,5): error TS2339: Property 'hkern' does not exist on type 'JSX.IntrinsicElements'.
src/icons/Fonts/general-sans/GeneralSansMedium.tsx(2124,5): error TS2339: Property 'hkern' does not exist on type 'JSX.IntrinsicElements'.
src/icons/Fonts/general-sans/GeneralSansMedium.tsx(2125,5): error TS2339: Property 'hkern' does not exist on type 'JSX.IntrinsicElements'.
src/icons/Fonts/general-sans/GeneralSansMedium.tsx(2126,5): error TS2339: Property 'hkern' does not exist on type 'JSX.IntrinsicElements'.
src/icons/Fonts/general-sans/GeneralSansMedium.tsx(2127,5): error TS2339: Property 'hkern' does not exist on type 'JSX.IntrinsicElements'.
src/icons/Fonts/general-sans/GeneralSansMedium.tsx(2128,5): error TS2339: Property 'hkern' does not exist on type 'JSX.IntrinsicElements'.
src/icons/Fonts/general-sans/GeneralSansMedium.tsx(2129,5): error TS2339: Property 'hkern' does not exist on type 'JSX.IntrinsicElements'.
src/icons/Fonts/general-sans/GeneralSansMedium.tsx(2130,5): error TS2339: Property 'hkern' does not exist on type 'JSX.IntrinsicElements'.
src/icons/Fonts/general-sans/GeneralSansMedium.tsx(2131,5): error TS2339: Property 'hkern' does not exist on type 'JSX.IntrinsicElements'.
src/icons/Fonts/general-sans/GeneralSansMedium.tsx(2132,5): error TS2339: Property 'hkern' does not exist on type 'JSX.IntrinsicElements'.
src/icons/Fonts/general-sans/GeneralSansMedium.tsx(2133,5): error TS2339: Property 'hkern' does not exist on type 'JSX.IntrinsicElements'.
src/icons/Fonts/general-sans/GeneralSansMedium.tsx(2134,5): error TS2339: Property 'hkern' does not exist on type 'JSX.IntrinsicElements'.
src/icons/Fonts/general-sans/GeneralSansMedium.tsx(2135,5): error TS2339: Property 'hkern' does not exist on type 'JSX.IntrinsicElements'.
src/icons/Fonts/general-sans/GeneralSansMedium.tsx(2136,5): error TS2339: Property 'hkern' does not exist on type 'JSX.IntrinsicElements'.
src/icons/Fonts/general-sans/GeneralSansMedium.tsx(2137,5): error TS2339: Property 'hkern' does not exist on type 'JSX.IntrinsicElements'.
src/icons/Fonts/general-sans/GeneralSansMedium.tsx(2138,5): error TS2339: Property 'hkern' does not exist on type 'JSX.IntrinsicElements'.
src/icons/Fonts/general-sans/GeneralSansMedium.tsx(2139,5): error TS2339: Property 'hkern' does not exist on type 'JSX.IntrinsicElements'.
src/icons/Fonts/general-sans/GeneralSansMedium.tsx(2140,5): error TS2339: Property 'hkern' does not exist on type 'JSX.IntrinsicElements'.
src/icons/Fonts/general-sans/GeneralSansMedium.tsx(2141,5): error TS2339: Property 'hkern' does not exist on type 'JSX.IntrinsicElements'.
src/icons/Fonts/general-sans/GeneralSansMedium.tsx(2142,5): error TS2339: Property 'hkern' does not exist on type 'JSX.IntrinsicElements'.
src/icons/Fonts/general-sans/GeneralSansMedium.tsx(2143,5): error TS2339: Property 'hkern' does not exist on type 'JSX.IntrinsicElements'.
src/icons/Fonts/general-sans/GeneralSansMedium.tsx(2144,5): error TS2339: Property 'hkern' does not exist on type 'JSX.IntrinsicElements'.
src/icons/Fonts/general-sans/GeneralSansMedium.tsx(2145,5): error TS2339: Property 'hkern' does not exist on type 'JSX.IntrinsicElements'.
src/icons/Fonts/general-sans/GeneralSansMedium.tsx(2146,5): error TS2339: Property 'hkern' does not exist on type 'JSX.IntrinsicElements'.
src/icons/Fonts/general-sans/GeneralSansMedium.tsx(2147,5): error TS2339: Property 'hkern' does not exist on type 'JSX.IntrinsicElements'.
src/icons/Fonts/general-sans/GeneralSansMedium.tsx(2148,5): error TS2339: Property 'hkern' does not exist on type 'JSX.IntrinsicElements'.
src/icons/Fonts/general-sans/GeneralSansMedium.tsx(2149,5): error TS2339: Property 'hkern' does not exist on type 'JSX.IntrinsicElements'.
src/icons/Fonts/general-sans/GeneralSansMedium.tsx(2150,5): error TS2339: Property 'hkern' does not exist on type 'JSX.IntrinsicElements'.
src/icons/Fonts/general-sans/GeneralSansMedium.tsx(2151,5): error TS2339: Property 'hkern' does not exist on type 'JSX.IntrinsicElements'.
src/icons/Fonts/general-sans/GeneralSansMedium.tsx(2152,5): error TS2339: Property 'hkern' does not exist on type 'JSX.IntrinsicElements'.
src/icons/Fonts/general-sans/GeneralSansMedium.tsx(2153,5): error TS2339: Property 'hkern' does not exist on type 'JSX.IntrinsicElements'.
src/icons/Fonts/general-sans/GeneralSansMedium.tsx(2154,5): error TS2339: Property 'hkern' does not exist on type 'JSX.IntrinsicElements'.
src/icons/Fonts/general-sans/GeneralSansMedium.tsx(2155,5): error TS2339: Property 'hkern' does not exist on type 'JSX.IntrinsicElements'.
src/icons/Fonts/general-sans/GeneralSansMedium.tsx(2156,5): error TS2339: Property 'hkern' does not exist on type 'JSX.IntrinsicElements'.
src/icons/Fonts/general-sans/GeneralSansMedium.tsx(2157,5): error TS2339: Property 'hkern' does not exist on type 'JSX.IntrinsicElements'.
src/icons/Fonts/general-sans/GeneralSansMedium.tsx(2158,5): error TS2339: Property 'hkern' does not exist on type 'JSX.IntrinsicElements'.
src/icons/Fonts/general-sans/GeneralSansMedium.tsx(2159,5): error TS2339: Property 'hkern' does not exist on type 'JSX.IntrinsicElements'.
src/icons/Fonts/general-sans/GeneralSansMedium.tsx(2160,5): error TS2339: Property 'hkern' does not exist on type 'JSX.IntrinsicElements'.
src/icons/Fonts/general-sans/GeneralSansMedium.tsx(2161,5): error TS2339: Property 'hkern' does not exist on type 'JSX.IntrinsicElements'.
src/icons/Fonts/general-sans/GeneralSansMedium.tsx(2162,5): error TS2339: Property 'hkern' does not exist on type 'JSX.IntrinsicElements'.
src/icons/Fonts/general-sans/GeneralSansMedium.tsx(2163,5): error TS2339: Property 'hkern' does not exist on type 'JSX.IntrinsicElements'.
src/icons/Fonts/general-sans/GeneralSansMedium.tsx(2164,5): error TS2339: Property 'hkern' does not exist on type 'JSX.IntrinsicElements'.
src/icons/Fonts/general-sans/GeneralSansMedium.tsx(2165,5): error TS2339: Property 'hkern' does not exist on type 'JSX.IntrinsicElements'.
src/icons/Fonts/general-sans/GeneralSansMedium.tsx(2166,5): error TS2339: Property 'hkern' does not exist on type 'JSX.IntrinsicElements'.
src/icons/Fonts/general-sans/GeneralSansMedium.tsx(2167,5): error TS2339: Property 'hkern' does not exist on type 'JSX.IntrinsicElements'.
src/icons/Fonts/general-sans/GeneralSansMedium.tsx(2168,5): error TS2339: Property 'hkern' does not exist on type 'JSX.IntrinsicElements'.
src/icons/Fonts/general-sans/GeneralSansMedium.tsx(2169,5): error TS2339: Property 'hkern' does not exist on type 'JSX.IntrinsicElements'.
src/icons/Fonts/general-sans/GeneralSansMedium.tsx(2170,5): error TS2339: Property 'hkern' does not exist on type 'JSX.IntrinsicElements'.
src/icons/Fonts/general-sans/GeneralSansMedium.tsx(2171,5): error TS2339: Property 'hkern' does not exist on type 'JSX.IntrinsicElements'.
src/icons/Fonts/general-sans/GeneralSansMedium.tsx(2172,5): error TS2339: Property 'hkern' does not exist on type 'JSX.IntrinsicElements'.
src/icons/Fonts/general-sans/GeneralSansMedium.tsx(2173,5): error TS2339: Property 'hkern' does not exist on type 'JSX.IntrinsicElements'.
src/icons/Fonts/general-sans/GeneralSansMedium.tsx(2174,5): error TS2339: Property 'hkern' does not exist on type 'JSX.IntrinsicElements'.
src/icons/Fonts/general-sans/GeneralSansMedium.tsx(2175,5): error TS2339: Property 'hkern' does not exist on type 'JSX.IntrinsicElements'.
src/icons/Fonts/general-sans/GeneralSansMedium.tsx(2176,5): error TS2339: Property 'hkern' does not exist on type 'JSX.IntrinsicElements'.
src/icons/Fonts/general-sans/GeneralSansMedium.tsx(2177,5): error TS2339: Property 'hkern' does not exist on type 'JSX.IntrinsicElements'.
src/icons/Fonts/general-sans/GeneralSansMedium.tsx(2178,5): error TS2339: Property 'hkern' does not exist on type 'JSX.IntrinsicElements'.
src/icons/Fonts/general-sans/GeneralSansMedium.tsx(2179,5): error TS2339: Property 'hkern' does not exist on type 'JSX.IntrinsicElements'.
src/icons/Fonts/general-sans/GeneralSansMedium.tsx(2180,5): error TS2339: Property 'hkern' does not exist on type 'JSX.IntrinsicElements'.
src/icons/Fonts/general-sans/GeneralSansMedium.tsx(2181,5): error TS2339: Property 'hkern' does not exist on type 'JSX.IntrinsicElements'.
src/icons/Fonts/general-sans/GeneralSansMedium.tsx(2182,5): error TS2339: Property 'hkern' does not exist on type 'JSX.IntrinsicElements'.
src/icons/Fonts/general-sans/GeneralSansMedium.tsx(2183,5): error TS2339: Property 'hkern' does not exist on type 'JSX.IntrinsicElements'.
src/icons/Fonts/general-sans/GeneralSansMedium.tsx(2184,5): error TS2339: Property 'hkern' does not exist on type 'JSX.IntrinsicElements'.
src/icons/Fonts/general-sans/GeneralSansMedium.tsx(2185,5): error TS2339: Property 'hkern' does not exist on type 'JSX.IntrinsicElements'.
src/icons/Fonts/general-sans/GeneralSansMedium.tsx(2186,5): error TS2339: Property 'hkern' does not exist on type 'JSX.IntrinsicElements'.
src/icons/Fonts/general-sans/GeneralSansMedium.tsx(2187,5): error TS2339: Property 'hkern' does not exist on type 'JSX.IntrinsicElements'.
src/icons/Fonts/general-sans/GeneralSansMedium.tsx(2188,5): error TS2339: Property 'hkern' does not exist on type 'JSX.IntrinsicElements'.
src/icons/Fonts/general-sans/GeneralSansMedium.tsx(2189,5): error TS2339: Property 'hkern' does not exist on type 'JSX.IntrinsicElements'.
src/icons/Fonts/general-sans/GeneralSansMedium.tsx(2190,5): error TS2339: Property 'hkern' does not exist on type 'JSX.IntrinsicElements'.
src/icons/Fonts/general-sans/GeneralSansMedium.tsx(2191,5): error TS2339: Property 'hkern' does not exist on type 'JSX.IntrinsicElements'.
src/icons/Fonts/general-sans/GeneralSansMedium.tsx(2192,5): error TS2339: Property 'hkern' does not exist on type 'JSX.IntrinsicElements'.
src/icons/Fonts/general-sans/GeneralSansMedium.tsx(2193,5): error TS2339: Property 'hkern' does not exist on type 'JSX.IntrinsicElements'.
src/icons/Fonts/general-sans/GeneralSansMedium.tsx(2194,5): error TS2339: Property 'hkern' does not exist on type 'JSX.IntrinsicElements'.
src/icons/Fonts/general-sans/GeneralSansMedium.tsx(2195,5): error TS2339: Property 'hkern' does not exist on type 'JSX.IntrinsicElements'.
src/icons/Fonts/general-sans/GeneralSansMedium.tsx(2196,5): error TS2339: Property 'hkern' does not exist on type 'JSX.IntrinsicElements'.
src/icons/Fonts/general-sans/GeneralSansMedium.tsx(2197,5): error TS2339: Property 'hkern' does not exist on type 'JSX.IntrinsicElements'.
src/icons/Fonts/general-sans/GeneralSansMedium.tsx(2198,5): error TS2339: Property 'hkern' does not exist on type 'JSX.IntrinsicElements'.
src/icons/Fonts/general-sans/GeneralSansMedium.tsx(2199,5): error TS2339: Property 'hkern' does not exist on type 'JSX.IntrinsicElements'.
src/icons/Fonts/general-sans/GeneralSansMedium.tsx(2200,5): error TS2339: Property 'hkern' does not exist on type 'JSX.IntrinsicElements'.
src/icons/Fonts/general-sans/GeneralSansMedium.tsx(2201,5): error TS2339: Property 'hkern' does not exist on type 'JSX.IntrinsicElements'.
src/icons/Fonts/general-sans/GeneralSansMedium.tsx(2202,5): error TS2339: Property 'hkern' does not exist on type 'JSX.IntrinsicElements'.
src/icons/Fonts/general-sans/GeneralSansMedium.tsx(2203,5): error TS2339: Property 'hkern' does not exist on type 'JSX.IntrinsicElements'.
src/icons/Fonts/general-sans/GeneralSansMedium.tsx(2204,5): error TS2339: Property 'hkern' does not exist on type 'JSX.IntrinsicElements'.
src/icons/Fonts/general-sans/GeneralSansMedium.tsx(2205,5): error TS2339: Property 'hkern' does not exist on type 'JSX.IntrinsicElements'.
src/icons/Fonts/general-sans/GeneralSansMedium.tsx(2206,5): error TS2339: Property 'hkern' does not exist on type 'JSX.IntrinsicElements'.
src/icons/Fonts/general-sans/GeneralSansMedium.tsx(2207,5): error TS2339: Property 'hkern' does not exist on type 'JSX.IntrinsicElements'.
src/icons/Fonts/general-sans/GeneralSansMedium.tsx(2208,5): error TS2339: Property 'hkern' does not exist on type 'JSX.IntrinsicElements'.
src/icons/Fonts/general-sans/GeneralSansMedium.tsx(2209,5): error TS2339: Property 'hkern' does not exist on type 'JSX.IntrinsicElements'.
src/icons/Fonts/general-sans/GeneralSansMedium.tsx(2210,5): error TS2339: Property 'hkern' does not exist on type 'JSX.IntrinsicElements'.
src/icons/Fonts/general-sans/GeneralSansMedium.tsx(2211,5): error TS2339: Property 'hkern' does not exist on type 'JSX.IntrinsicElements'.
src/icons/Fonts/general-sans/GeneralSansMedium.tsx(2212,5): error TS2339: Property 'hkern' does not exist on type 'JSX.IntrinsicElements'.
src/icons/Fonts/general-sans/GeneralSansMedium.tsx(2213,5): error TS2339: Property 'hkern' does not exist on type 'JSX.IntrinsicElements'.
src/icons/Fonts/general-sans/GeneralSansMedium.tsx(2214,5): error TS2339: Property 'hkern' does not exist on type 'JSX.IntrinsicElements'.
src/icons/Fonts/general-sans/GeneralSansMedium.tsx(2215,5): error TS2339: Property 'hkern' does not exist on type 'JSX.IntrinsicElements'.
src/icons/Fonts/general-sans/GeneralSansMedium.tsx(2216,5): error TS2339: Property 'hkern' does not exist on type 'JSX.IntrinsicElements'.
src/icons/Fonts/general-sans/GeneralSansMedium.tsx(2217,5): error TS2339: Property 'hkern' does not exist on type 'JSX.IntrinsicElements'.
src/icons/Fonts/general-sans/GeneralSansMedium.tsx(2218,5): error TS2339: Property 'hkern' does not exist on type 'JSX.IntrinsicElements'.
src/icons/Fonts/general-sans/GeneralSansMedium.tsx(2219,5): error TS2339: Property 'hkern' does not exist on type 'JSX.IntrinsicElements'.
src/icons/Fonts/general-sans/GeneralSansMedium.tsx(2220,5): error TS2339: Property 'hkern' does not exist on type 'JSX.IntrinsicElements'.
src/icons/Fonts/general-sans/GeneralSansMedium.tsx(2221,5): error TS2339: Property 'hkern' does not exist on type 'JSX.IntrinsicElements'.
src/icons/Fonts/general-sans/GeneralSansMedium.tsx(2222,5): error TS2339: Property 'hkern' does not exist on type 'JSX.IntrinsicElements'.
src/icons/Fonts/general-sans/GeneralSansMedium.tsx(2223,5): error TS2339: Property 'hkern' does not exist on type 'JSX.IntrinsicElements'.
src/icons/Fonts/general-sans/GeneralSansMedium.tsx(2224,5): error TS2339: Property 'hkern' does not exist on type 'JSX.IntrinsicElements'.
src/icons/Fonts/general-sans/GeneralSansMedium.tsx(2225,5): error TS2339: Property 'hkern' does not exist on type 'JSX.IntrinsicElements'.
src/icons/Fonts/general-sans/GeneralSansMedium.tsx(2226,5): error TS2339: Property 'hkern' does not exist on type 'JSX.IntrinsicElements'.
src/icons/Fonts/general-sans/GeneralSansMedium.tsx(2227,5): error TS2339: Property 'hkern' does not exist on type 'JSX.IntrinsicElements'.
src/icons/Fonts/general-sans/GeneralSansMedium.tsx(2228,5): error TS2339: Property 'hkern' does not exist on type 'JSX.IntrinsicElements'.
src/icons/Fonts/general-sans/GeneralSansMedium.tsx(2229,5): error TS2339: Property 'hkern' does not exist on type 'JSX.IntrinsicElements'.
src/icons/Fonts/general-sans/GeneralSansMedium.tsx(2230,5): error TS2339: Property 'hkern' does not exist on type 'JSX.IntrinsicElements'.
src/icons/Fonts/general-sans/GeneralSansMedium.tsx(2231,5): error TS2339: Property 'hkern' does not exist on type 'JSX.IntrinsicElements'.
src/icons/Fonts/general-sans/GeneralSansMedium.tsx(2232,5): error TS2339: Property 'hkern' does not exist on type 'JSX.IntrinsicElements'.
src/icons/Fonts/general-sans/GeneralSansMedium.tsx(2233,5): error TS2339: Property 'hkern' does not exist on type 'JSX.IntrinsicElements'.
src/icons/Fonts/general-sans/GeneralSansMedium.tsx(2234,5): error TS2339: Property 'hkern' does not exist on type 'JSX.IntrinsicElements'.
src/icons/Fonts/general-sans/GeneralSansMedium.tsx(2235,5): error TS2339: Property 'hkern' does not exist on type 'JSX.IntrinsicElements'.
src/icons/Fonts/general-sans/GeneralSansMedium.tsx(2236,5): error TS2339: Property 'hkern' does not exist on type 'JSX.IntrinsicElements'.
src/icons/Fonts/general-sans/GeneralSansMedium.tsx(2237,5): error TS2339: Property 'hkern' does not exist on type 'JSX.IntrinsicElements'.
src/icons/Fonts/general-sans/GeneralSansMedium.tsx(2238,5): error TS2339: Property 'hkern' does not exist on type 'JSX.IntrinsicElements'.
src/icons/Fonts/general-sans/GeneralSansMedium.tsx(2239,5): error TS2339: Property 'hkern' does not exist on type 'JSX.IntrinsicElements'.
src/icons/Fonts/general-sans/GeneralSansMedium.tsx(2240,5): error TS2339: Property 'hkern' does not exist on type 'JSX.IntrinsicElements'.
src/icons/Fonts/general-sans/GeneralSansMedium.tsx(2241,5): error TS2339: Property 'hkern' does not exist on type 'JSX.IntrinsicElements'.
src/icons/Fonts/general-sans/GeneralSansMedium.tsx(2242,5): error TS2339: Property 'hkern' does not exist on type 'JSX.IntrinsicElements'.
src/icons/Fonts/general-sans/GeneralSansMedium.tsx(2243,5): error TS2339: Property 'hkern' does not exist on type 'JSX.IntrinsicElements'.
src/icons/Fonts/general-sans/GeneralSansMedium.tsx(2244,5): error TS2339: Property 'hkern' does not exist on type 'JSX.IntrinsicElements'.
src/icons/Fonts/general-sans/GeneralSansMedium.tsx(2245,5): error TS2339: Property 'hkern' does not exist on type 'JSX.IntrinsicElements'.
src/icons/Fonts/general-sans/GeneralSansMedium.tsx(2246,5): error TS2339: Property 'hkern' does not exist on type 'JSX.IntrinsicElements'.
src/icons/Fonts/general-sans/GeneralSansMedium.tsx(2247,5): error TS2339: Property 'hkern' does not exist on type 'JSX.IntrinsicElements'.
src/icons/Fonts/general-sans/GeneralSansMedium.tsx(2248,5): error TS2339: Property 'hkern' does not exist on type 'JSX.IntrinsicElements'.
src/icons/Fonts/general-sans/GeneralSansMedium.tsx(2249,5): error TS2339: Property 'hkern' does not exist on type 'JSX.IntrinsicElements'.
src/icons/Fonts/general-sans/GeneralSansMedium.tsx(2250,5): error TS2339: Property 'hkern' does not exist on type 'JSX.IntrinsicElements'.
src/icons/Fonts/general-sans/GeneralSansMedium.tsx(2251,5): error TS2339: Property 'hkern' does not exist on type 'JSX.IntrinsicElements'.
src/icons/Fonts/general-sans/GeneralSansMedium.tsx(2252,5): error TS2339: Property 'hkern' does not exist on type 'JSX.IntrinsicElements'.
src/icons/Fonts/general-sans/GeneralSansMedium.tsx(2253,5): error TS2339: Property 'hkern' does not exist on type 'JSX.IntrinsicElements'.
src/icons/Fonts/general-sans/GeneralSansMedium.tsx(2254,5): error TS2339: Property 'hkern' does not exist on type 'JSX.IntrinsicElements'.
src/icons/Fonts/general-sans/GeneralSansMedium.tsx(2255,5): error TS2339: Property 'hkern' does not exist on type 'JSX.IntrinsicElements'.
src/icons/Fonts/general-sans/GeneralSansMedium.tsx(2256,5): error TS2339: Property 'hkern' does not exist on type 'JSX.IntrinsicElements'.
src/icons/Fonts/general-sans/GeneralSansMedium.tsx(2257,5): error TS2339: Property 'hkern' does not exist on type 'JSX.IntrinsicElements'.
src/icons/Fonts/general-sans/GeneralSansMedium.tsx(2258,5): error TS2339: Property 'hkern' does not exist on type 'JSX.IntrinsicElements'.
src/icons/Fonts/general-sans/GeneralSansMedium.tsx(2259,5): error TS2339: Property 'hkern' does not exist on type 'JSX.IntrinsicElements'.
src/icons/Fonts/general-sans/GeneralSansMedium.tsx(2260,5): error TS2339: Property 'hkern' does not exist on type 'JSX.IntrinsicElements'.
src/icons/Fonts/general-sans/GeneralSansMedium.tsx(2261,5): error TS2339: Property 'hkern' does not exist on type 'JSX.IntrinsicElements'.
src/icons/Fonts/general-sans/GeneralSansMedium.tsx(2262,5): error TS2339: Property 'hkern' does not exist on type 'JSX.IntrinsicElements'.
src/icons/Fonts/general-sans/GeneralSansMedium.tsx(2263,5): error TS2339: Property 'hkern' does not exist on type 'JSX.IntrinsicElements'.
src/icons/Fonts/general-sans/GeneralSansMedium.tsx(2264,5): error TS2339: Property 'hkern' does not exist on type 'JSX.IntrinsicElements'.
src/icons/Fonts/general-sans/GeneralSansMedium.tsx(2265,5): error TS2339: Property 'hkern' does not exist on type 'JSX.IntrinsicElements'.
src/icons/Fonts/general-sans/GeneralSansMedium.tsx(2266,5): error TS2339: Property 'hkern' does not exist on type 'JSX.IntrinsicElements'.
src/icons/Fonts/general-sans/GeneralSansMedium.tsx(2267,5): error TS2339: Property 'hkern' does not exist on type 'JSX.IntrinsicElements'.
src/icons/Fonts/general-sans/GeneralSansMedium.tsx(2268,5): error TS2339: Property 'hkern' does not exist on type 'JSX.IntrinsicElements'.
src/icons/Fonts/general-sans/GeneralSansMedium.tsx(2269,5): error TS2339: Property 'hkern' does not exist on type 'JSX.IntrinsicElements'.
src/icons/Fonts/general-sans/GeneralSansMedium.tsx(2270,5): error TS2339: Property 'hkern' does not exist on type 'JSX.IntrinsicElements'.
src/icons/Fonts/general-sans/GeneralSansMedium.tsx(2271,5): error TS2339: Property 'hkern' does not exist on type 'JSX.IntrinsicElements'.
src/icons/Fonts/general-sans/GeneralSansMedium.tsx(2272,5): error TS2339: Property 'hkern' does not exist on type 'JSX.IntrinsicElements'.
src/icons/Fonts/general-sans/GeneralSansMedium.tsx(2273,5): error TS2339: Property 'hkern' does not exist on type 'JSX.IntrinsicElements'.
src/icons/Fonts/general-sans/GeneralSansMedium.tsx(2274,5): error TS2339: Property 'hkern' does not exist on type 'JSX.IntrinsicElements'.
src/icons/Fonts/general-sans/GeneralSansMedium.tsx(2275,5): error TS2339: Property 'hkern' does not exist on type 'JSX.IntrinsicElements'.
src/icons/Fonts/general-sans/GeneralSansMedium.tsx(2276,5): error TS2339: Property 'hkern' does not exist on type 'JSX.IntrinsicElements'.
src/icons/Fonts/general-sans/GeneralSansMedium.tsx(2277,5): error TS2339: Property 'hkern' does not exist on type 'JSX.IntrinsicElements'.
src/icons/Fonts/general-sans/GeneralSansMedium.tsx(2278,5): error TS2339: Property 'hkern' does not exist on type 'JSX.IntrinsicElements'.
src/icons/Fonts/general-sans/GeneralSansMedium.tsx(2279,5): error TS2339: Property 'hkern' does not exist on type 'JSX.IntrinsicElements'.
src/icons/Fonts/general-sans/GeneralSansMedium.tsx(2280,5): error TS2339: Property 'hkern' does not exist on type 'JSX.IntrinsicElements'.
src/icons/Fonts/general-sans/GeneralSansMedium.tsx(2281,5): error TS2339: Property 'hkern' does not exist on type 'JSX.IntrinsicElements'.
src/icons/Fonts/general-sans/GeneralSansMedium.tsx(2282,5): error TS2339: Property 'hkern' does not exist on type 'JSX.IntrinsicElements'.
src/icons/Fonts/general-sans/GeneralSansMedium.tsx(2283,5): error TS2339: Property 'hkern' does not exist on type 'JSX.IntrinsicElements'.
src/icons/Fonts/general-sans/GeneralSansMedium.tsx(2284,5): error TS2339: Property 'hkern' does not exist on type 'JSX.IntrinsicElements'.
src/icons/Fonts/general-sans/GeneralSansMedium.tsx(2285,5): error TS2339: Property 'hkern' does not exist on type 'JSX.IntrinsicElements'.
src/icons/Fonts/general-sans/GeneralSansMedium.tsx(2286,5): error TS2339: Property 'hkern' does not exist on type 'JSX.IntrinsicElements'.
src/icons/Fonts/general-sans/GeneralSansMedium.tsx(2287,5): error TS2339: Property 'hkern' does not exist on type 'JSX.IntrinsicElements'.
src/icons/Fonts/general-sans/GeneralSansMedium.tsx(2288,5): error TS2339: Property 'hkern' does not exist on type 'JSX.IntrinsicElements'.
src/icons/Fonts/general-sans/GeneralSansMedium.tsx(2289,5): error TS2339: Property 'hkern' does not exist on type 'JSX.IntrinsicElements'.
src/icons/Fonts/general-sans/GeneralSansMedium.tsx(2290,5): error TS2339: Property 'hkern' does not exist on type 'JSX.IntrinsicElements'.
src/icons/Fonts/general-sans/GeneralSansMedium.tsx(2291,5): error TS2339: Property 'hkern' does not exist on type 'JSX.IntrinsicElements'.
src/icons/Fonts/general-sans/GeneralSansMedium.tsx(2292,5): error TS2339: Property 'hkern' does not exist on type 'JSX.IntrinsicElements'.
src/icons/Fonts/general-sans/GeneralSansMedium.tsx(2293,5): error TS2339: Property 'hkern' does not exist on type 'JSX.IntrinsicElements'.
src/icons/Fonts/general-sans/GeneralSansMedium.tsx(2294,5): error TS2339: Property 'hkern' does not exist on type 'JSX.IntrinsicElements'.
src/icons/Fonts/general-sans/GeneralSansMedium.tsx(2295,5): error TS2339: Property 'hkern' does not exist on type 'JSX.IntrinsicElements'.
src/icons/Fonts/general-sans/GeneralSansMedium.tsx(2296,5): error TS2339: Property 'hkern' does not exist on type 'JSX.IntrinsicElements'.
src/icons/Fonts/general-sans/GeneralSansMedium.tsx(2297,5): error TS2339: Property 'hkern' does not exist on type 'JSX.IntrinsicElements'.
src/icons/Fonts/general-sans/GeneralSansMedium.tsx(2298,5): error TS2339: Property 'hkern' does not exist on type 'JSX.IntrinsicElements'.
src/icons/Fonts/general-sans/GeneralSansMedium.tsx(2299,5): error TS2339: Property 'hkern' does not exist on type 'JSX.IntrinsicElements'.
src/icons/Fonts/general-sans/GeneralSansMedium.tsx(2300,5): error TS2339: Property 'hkern' does not exist on type 'JSX.IntrinsicElements'.
src/icons/Fonts/general-sans/GeneralSansMedium.tsx(2301,5): error TS2339: Property 'hkern' does not exist on type 'JSX.IntrinsicElements'.
src/icons/Fonts/general-sans/GeneralSansMedium.tsx(2302,5): error TS2339: Property 'hkern' does not exist on type 'JSX.IntrinsicElements'.
src/icons/Fonts/general-sans/GeneralSansMedium.tsx(2303,5): error TS2339: Property 'hkern' does not exist on type 'JSX.IntrinsicElements'.
src/icons/Fonts/general-sans/GeneralSansMedium.tsx(2304,5): error TS2339: Property 'hkern' does not exist on type 'JSX.IntrinsicElements'.
src/icons/Fonts/general-sans/GeneralSansMedium.tsx(2305,5): error TS2339: Property 'hkern' does not exist on type 'JSX.IntrinsicElements'.
src/icons/Fonts/general-sans/GeneralSansMedium.tsx(2306,5): error TS2339: Property 'hkern' does not exist on type 'JSX.IntrinsicElements'.
src/icons/Fonts/general-sans/GeneralSansMedium.tsx(2307,5): error TS2339: Property 'hkern' does not exist on type 'JSX.IntrinsicElements'.
src/icons/Fonts/general-sans/GeneralSansMedium.tsx(2308,5): error TS2339: Property 'hkern' does not exist on type 'JSX.IntrinsicElements'.
src/icons/Fonts/general-sans/GeneralSansMedium.tsx(2309,5): error TS2339: Property 'hkern' does not exist on type 'JSX.IntrinsicElements'.
src/icons/Fonts/general-sans/GeneralSansMedium.tsx(2310,5): error TS2339: Property 'hkern' does not exist on type 'JSX.IntrinsicElements'.
src/icons/Fonts/general-sans/GeneralSansMedium.tsx(2311,5): error TS2339: Property 'hkern' does not exist on type 'JSX.IntrinsicElements'.
src/icons/Fonts/general-sans/GeneralSansMedium.tsx(2312,5): error TS2339: Property 'hkern' does not exist on type 'JSX.IntrinsicElements'.
src/icons/Fonts/general-sans/GeneralSansMedium.tsx(2313,5): error TS2339: Property 'hkern' does not exist on type 'JSX.IntrinsicElements'.
src/icons/Fonts/general-sans/GeneralSansMedium.tsx(2314,5): error TS2339: Property 'hkern' does not exist on type 'JSX.IntrinsicElements'.
src/icons/Fonts/general-sans/GeneralSansMedium.tsx(2315,5): error TS2339: Property 'hkern' does not exist on type 'JSX.IntrinsicElements'.
src/icons/Fonts/general-sans/GeneralSansMedium.tsx(2316,5): error TS2339: Property 'hkern' does not exist on type 'JSX.IntrinsicElements'.
src/icons/Fonts/general-sans/GeneralSansMedium.tsx(2317,5): error TS2339: Property 'hkern' does not exist on type 'JSX.IntrinsicElements'.
src/icons/Fonts/general-sans/GeneralSansMedium.tsx(2318,5): error TS2339: Property 'hkern' does not exist on type 'JSX.IntrinsicElements'.
src/icons/Fonts/general-sans/GeneralSansMedium.tsx(2319,5): error TS2339: Property 'hkern' does not exist on type 'JSX.IntrinsicElements'.
src/icons/Fonts/general-sans/GeneralSansMedium.tsx(2320,5): error TS2339: Property 'hkern' does not exist on type 'JSX.IntrinsicElements'.
src/icons/Fonts/general-sans/GeneralSansMedium.tsx(2321,5): error TS2339: Property 'hkern' does not exist on type 'JSX.IntrinsicElements'.
src/icons/Fonts/general-sans/GeneralSansMedium.tsx(2322,5): error TS2339: Property 'hkern' does not exist on type 'JSX.IntrinsicElements'.
src/icons/Fonts/general-sans/GeneralSansMedium.tsx(2323,5): error TS2339: Property 'hkern' does not exist on type 'JSX.IntrinsicElements'.
src/icons/Fonts/general-sans/GeneralSansMedium.tsx(2324,5): error TS2339: Property 'hkern' does not exist on type 'JSX.IntrinsicElements'.
src/icons/Fonts/general-sans/GeneralSansMedium.tsx(2325,5): error TS2339: Property 'hkern' does not exist on type 'JSX.IntrinsicElements'.
src/icons/Fonts/general-sans/GeneralSansMedium.tsx(2326,5): error TS2339: Property 'hkern' does not exist on type 'JSX.IntrinsicElements'.
src/icons/Fonts/general-sans/GeneralSansMedium.tsx(2327,5): error TS2339: Property 'hkern' does not exist on type 'JSX.IntrinsicElements'.
src/icons/Fonts/general-sans/GeneralSansMedium.tsx(2328,5): error TS2339: Property 'hkern' does not exist on type 'JSX.IntrinsicElements'.
src/icons/Fonts/general-sans/GeneralSansMedium.tsx(2329,5): error TS2339: Property 'hkern' does not exist on type 'JSX.IntrinsicElements'.
src/icons/Fonts/general-sans/GeneralSansMedium.tsx(2330,5): error TS2339: Property 'hkern' does not exist on type 'JSX.IntrinsicElements'.
src/icons/Fonts/general-sans/GeneralSansMedium.tsx(2331,5): error TS2339: Property 'hkern' does not exist on type 'JSX.IntrinsicElements'.
src/icons/Fonts/general-sans/GeneralSansMedium.tsx(2332,5): error TS2339: Property 'hkern' does not exist on type 'JSX.IntrinsicElements'.
src/icons/Fonts/general-sans/GeneralSansMedium.tsx(2333,5): error TS2339: Property 'hkern' does not exist on type 'JSX.IntrinsicElements'.
src/icons/Fonts/general-sans/GeneralSansMedium.tsx(2334,5): error TS2339: Property 'hkern' does not exist on type 'JSX.IntrinsicElements'.
src/icons/Fonts/general-sans/GeneralSansMedium.tsx(2335,5): error TS2339: Property 'hkern' does not exist on type 'JSX.IntrinsicElements'.
src/icons/Fonts/general-sans/GeneralSansMedium.tsx(2336,5): error TS2339: Property 'hkern' does not exist on type 'JSX.IntrinsicElements'.
src/icons/Fonts/general-sans/GeneralSansMedium.tsx(2337,5): error TS2339: Property 'hkern' does not exist on type 'JSX.IntrinsicElements'.
src/icons/Fonts/general-sans/GeneralSansMedium.tsx(2338,5): error TS2339: Property 'hkern' does not exist on type 'JSX.IntrinsicElements'.
src/icons/Fonts/general-sans/GeneralSansMedium.tsx(2339,5): error TS2339: Property 'hkern' does not exist on type 'JSX.IntrinsicElements'.
src/icons/Fonts/general-sans/GeneralSansMedium.tsx(2340,5): error TS2339: Property 'hkern' does not exist on type 'JSX.IntrinsicElements'.
src/icons/Fonts/general-sans/GeneralSansMedium.tsx(2341,5): error TS2339: Property 'hkern' does not exist on type 'JSX.IntrinsicElements'.
src/icons/Fonts/general-sans/GeneralSansMedium.tsx(2342,5): error TS2339: Property 'hkern' does not exist on type 'JSX.IntrinsicElements'.
src/icons/Fonts/general-sans/GeneralSansMedium.tsx(2343,5): error TS2339: Property 'hkern' does not exist on type 'JSX.IntrinsicElements'.
src/icons/Fonts/general-sans/GeneralSansMedium.tsx(2344,5): error TS2339: Property 'hkern' does not exist on type 'JSX.IntrinsicElements'.
src/icons/Fonts/general-sans/GeneralSansMedium.tsx(2345,5): error TS2339: Property 'hkern' does not exist on type 'JSX.IntrinsicElements'.
src/icons/Fonts/general-sans/GeneralSansMedium.tsx(2346,5): error TS2339: Property 'hkern' does not exist on type 'JSX.IntrinsicElements'.
src/icons/Fonts/general-sans/GeneralSansMedium.tsx(2347,5): error TS2339: Property 'hkern' does not exist on type 'JSX.IntrinsicElements'.
src/icons/Fonts/general-sans/GeneralSansMedium.tsx(2348,5): error TS2339: Property 'hkern' does not exist on type 'JSX.IntrinsicElements'.
src/icons/Fonts/general-sans/GeneralSansMedium.tsx(2349,5): error TS2339: Property 'hkern' does not exist on type 'JSX.IntrinsicElements'.
src/icons/Fonts/general-sans/GeneralSansMedium.tsx(2350,5): error TS2339: Property 'hkern' does not exist on type 'JSX.IntrinsicElements'.
src/icons/Fonts/general-sans/GeneralSansMedium.tsx(2351,5): error TS2339: Property 'hkern' does not exist on type 'JSX.IntrinsicElements'.
src/icons/Fonts/general-sans/GeneralSansMedium.tsx(2352,5): error TS2339: Property 'hkern' does not exist on type 'JSX.IntrinsicElements'.
src/icons/Fonts/general-sans/GeneralSansMedium.tsx(2353,5): error TS2339: Property 'hkern' does not exist on type 'JSX.IntrinsicElements'.
src/icons/Fonts/general-sans/GeneralSansMedium.tsx(2354,5): error TS2339: Property 'hkern' does not exist on type 'JSX.IntrinsicElements'.
src/icons/Fonts/general-sans/GeneralSansMedium.tsx(2355,5): error TS2339: Property 'hkern' does not exist on type 'JSX.IntrinsicElements'.
src/icons/Fonts/general-sans/GeneralSansMedium.tsx(2356,5): error TS2339: Property 'hkern' does not exist on type 'JSX.IntrinsicElements'.
src/icons/Fonts/general-sans/GeneralSansMedium.tsx(2357,5): error TS2339: Property 'hkern' does not exist on type 'JSX.IntrinsicElements'.
src/icons/Fonts/general-sans/GeneralSansMedium.tsx(2358,5): error TS2339: Property 'hkern' does not exist on type 'JSX.IntrinsicElements'.
src/icons/Fonts/general-sans/GeneralSansMedium.tsx(2359,5): error TS2339: Property 'hkern' does not exist on type 'JSX.IntrinsicElements'.
src/icons/Fonts/general-sans/GeneralSansMedium.tsx(2360,5): error TS2339: Property 'hkern' does not exist on type 'JSX.IntrinsicElements'.
src/icons/Fonts/general-sans/GeneralSansMedium.tsx(2361,5): error TS2339: Property 'hkern' does not exist on type 'JSX.IntrinsicElements'.
src/icons/Fonts/general-sans/GeneralSansMedium.tsx(2362,5): error TS2339: Property 'hkern' does not exist on type 'JSX.IntrinsicElements'.
src/icons/Fonts/general-sans/GeneralSansMedium.tsx(2363,5): error TS2339: Property 'hkern' does not exist on type 'JSX.IntrinsicElements'.
src/icons/Fonts/general-sans/GeneralSansMedium.tsx(2364,5): error TS2339: Property 'hkern' does not exist on type 'JSX.IntrinsicElements'.
src/icons/Fonts/general-sans/GeneralSansMedium.tsx(2365,5): error TS2339: Property 'hkern' does not exist on type 'JSX.IntrinsicElements'.
src/icons/Fonts/general-sans/GeneralSansMedium.tsx(2366,5): error TS2339: Property 'hkern' does not exist on type 'JSX.IntrinsicElements'.
src/icons/Fonts/general-sans/GeneralSansMedium.tsx(2367,5): error TS2339: Property 'hkern' does not exist on type 'JSX.IntrinsicElements'.
src/icons/Fonts/general-sans/GeneralSansMedium.tsx(2368,5): error TS2339: Property 'hkern' does not exist on type 'JSX.IntrinsicElements'.
src/icons/Fonts/general-sans/GeneralSansMedium.tsx(2369,5): error TS2339: Property 'hkern' does not exist on type 'JSX.IntrinsicElements'.
src/icons/Fonts/general-sans/GeneralSansMedium.tsx(2370,5): error TS2339: Property 'hkern' does not exist on type 'JSX.IntrinsicElements'.
src/icons/Fonts/general-sans/GeneralSansMedium.tsx(2371,5): error TS2339: Property 'hkern' does not exist on type 'JSX.IntrinsicElements'.
src/icons/Fonts/general-sans/GeneralSansMedium.tsx(2372,5): error TS2339: Property 'hkern' does not exist on type 'JSX.IntrinsicElements'.
src/icons/Fonts/general-sans/GeneralSansMedium.tsx(2373,5): error TS2339: Property 'hkern' does not exist on type 'JSX.IntrinsicElements'.
src/icons/Fonts/general-sans/GeneralSansMedium.tsx(2374,5): error TS2339: Property 'hkern' does not exist on type 'JSX.IntrinsicElements'.
src/icons/Fonts/general-sans/GeneralSansMedium.tsx(2375,5): error TS2339: Property 'hkern' does not exist on type 'JSX.IntrinsicElements'.
src/icons/Fonts/general-sans/GeneralSansMedium.tsx(2376,5): error TS2339: Property 'hkern' does not exist on type 'JSX.IntrinsicElements'.
src/icons/Fonts/general-sans/GeneralSansMedium.tsx(2377,5): error TS2339: Property 'hkern' does not exist on type 'JSX.IntrinsicElements'.
src/icons/Fonts/general-sans/GeneralSansMedium.tsx(2378,5): error TS2339: Property 'hkern' does not exist on type 'JSX.IntrinsicElements'.
src/icons/Fonts/general-sans/GeneralSansMedium.tsx(2379,5): error TS2339: Property 'hkern' does not exist on type 'JSX.IntrinsicElements'.
src/icons/Fonts/general-sans/GeneralSansMedium.tsx(2380,5): error TS2339: Property 'hkern' does not exist on type 'JSX.IntrinsicElements'.
src/icons/Fonts/general-sans/GeneralSansMedium.tsx(2381,5): error TS2339: Property 'hkern' does not exist on type 'JSX.IntrinsicElements'.
src/icons/Fonts/general-sans/GeneralSansMedium.tsx(2382,5): error TS2339: Property 'hkern' does not exist on type 'JSX.IntrinsicElements'.
src/icons/Fonts/general-sans/GeneralSansMedium.tsx(2383,5): error TS2339: Property 'hkern' does not exist on type 'JSX.IntrinsicElements'.
src/icons/Fonts/general-sans/GeneralSansMedium.tsx(2384,5): error TS2339: Property 'hkern' does not exist on type 'JSX.IntrinsicElements'.
src/icons/Fonts/general-sans/GeneralSansMedium.tsx(2385,5): error TS2339: Property 'hkern' does not exist on type 'JSX.IntrinsicElements'.
src/icons/Fonts/general-sans/GeneralSansMedium.tsx(2386,5): error TS2339: Property 'hkern' does not exist on type 'JSX.IntrinsicElements'.
src/icons/Fonts/general-sans/GeneralSansMedium.tsx(2387,5): error TS2339: Property 'hkern' does not exist on type 'JSX.IntrinsicElements'.
src/icons/Fonts/general-sans/GeneralSansMedium.tsx(2388,5): error TS2339: Property 'hkern' does not exist on type 'JSX.IntrinsicElements'.
src/icons/Fonts/general-sans/GeneralSansMedium.tsx(2389,5): error TS2339: Property 'hkern' does not exist on type 'JSX.IntrinsicElements'.
src/icons/Fonts/general-sans/GeneralSansMedium.tsx(2390,5): error TS2339: Property 'hkern' does not exist on type 'JSX.IntrinsicElements'.
src/icons/Fonts/general-sans/GeneralSansMedium.tsx(2391,5): error TS2339: Property 'hkern' does not exist on type 'JSX.IntrinsicElements'.
src/icons/Fonts/general-sans/GeneralSansMedium.tsx(2392,5): error TS2339: Property 'hkern' does not exist on type 'JSX.IntrinsicElements'.
src/icons/Fonts/general-sans/GeneralSansMedium.tsx(2393,5): error TS2339: Property 'hkern' does not exist on type 'JSX.IntrinsicElements'.
src/icons/Fonts/general-sans/GeneralSansMedium.tsx(2394,5): error TS2339: Property 'hkern' does not exist on type 'JSX.IntrinsicElements'.
src/icons/Fonts/general-sans/GeneralSansMedium.tsx(2395,5): error TS2339: Property 'hkern' does not exist on type 'JSX.IntrinsicElements'.
src/icons/Fonts/general-sans/GeneralSansMedium.tsx(2396,5): error TS2339: Property 'hkern' does not exist on type 'JSX.IntrinsicElements'.
src/icons/Fonts/general-sans/GeneralSansMedium.tsx(2397,5): error TS2339: Property 'hkern' does not exist on type 'JSX.IntrinsicElements'.
src/icons/Fonts/general-sans/GeneralSansMedium.tsx(2398,5): error TS2339: Property 'hkern' does not exist on type 'JSX.IntrinsicElements'.
src/icons/Fonts/general-sans/GeneralSansMedium.tsx(2399,5): error TS2339: Property 'hkern' does not exist on type 'JSX.IntrinsicElements'.
src/icons/Fonts/general-sans/GeneralSansMedium.tsx(2400,5): error TS2339: Property 'hkern' does not exist on type 'JSX.IntrinsicElements'.
src/icons/Fonts/general-sans/GeneralSansMedium.tsx(2401,5): error TS2339: Property 'hkern' does not exist on type 'JSX.IntrinsicElements'.
src/icons/Fonts/general-sans/GeneralSansMedium.tsx(2402,5): error TS2339: Property 'hkern' does not exist on type 'JSX.IntrinsicElements'.
src/icons/Fonts/general-sans/GeneralSansMedium.tsx(2403,5): error TS2339: Property 'hkern' does not exist on type 'JSX.IntrinsicElements'.
src/icons/Fonts/general-sans/GeneralSansMedium.tsx(2404,5): error TS2339: Property 'hkern' does not exist on type 'JSX.IntrinsicElements'.
src/icons/Fonts/general-sans/GeneralSansMedium.tsx(2405,5): error TS2339: Property 'hkern' does not exist on type 'JSX.IntrinsicElements'.
src/icons/Fonts/general-sans/GeneralSansMedium.tsx(2406,5): error TS2339: Property 'hkern' does not exist on type 'JSX.IntrinsicElements'.
src/icons/Fonts/general-sans/GeneralSansMedium.tsx(2407,5): error TS2339: Property 'hkern' does not exist on type 'JSX.IntrinsicElements'.
src/icons/Fonts/general-sans/GeneralSansMedium.tsx(2408,5): error TS2339: Property 'hkern' does not exist on type 'JSX.IntrinsicElements'.
src/icons/Fonts/general-sans/GeneralSansMedium.tsx(2409,5): error TS2339: Property 'hkern' does not exist on type 'JSX.IntrinsicElements'.
src/icons/Fonts/general-sans/GeneralSansMedium.tsx(2410,5): error TS2339: Property 'hkern' does not exist on type 'JSX.IntrinsicElements'.
src/icons/Fonts/general-sans/GeneralSansMedium.tsx(2411,5): error TS2339: Property 'hkern' does not exist on type 'JSX.IntrinsicElements'.
src/icons/Fonts/general-sans/GeneralSansMedium.tsx(2412,5): error TS2339: Property 'hkern' does not exist on type 'JSX.IntrinsicElements'.
src/icons/Fonts/general-sans/GeneralSansMedium.tsx(2413,5): error TS2339: Property 'hkern' does not exist on type 'JSX.IntrinsicElements'.
src/icons/Fonts/general-sans/GeneralSansMedium.tsx(2414,5): error TS2339: Property 'hkern' does not exist on type 'JSX.IntrinsicElements'.
src/icons/Fonts/general-sans/GeneralSansMedium.tsx(2415,5): error TS2339: Property 'hkern' does not exist on type 'JSX.IntrinsicElements'.
src/icons/Fonts/general-sans/GeneralSansMedium.tsx(2416,5): error TS2339: Property 'hkern' does not exist on type 'JSX.IntrinsicElements'.
src/icons/Fonts/general-sans/GeneralSansMedium.tsx(2417,5): error TS2339: Property 'hkern' does not exist on type 'JSX.IntrinsicElements'.
src/icons/Fonts/general-sans/GeneralSansMedium.tsx(2418,5): error TS2339: Property 'hkern' does not exist on type 'JSX.IntrinsicElements'.
src/icons/Fonts/general-sans/GeneralSansMedium.tsx(2419,5): error TS2339: Property 'hkern' does not exist on type 'JSX.IntrinsicElements'.
src/icons/Fonts/general-sans/GeneralSansMedium.tsx(2420,5): error TS2339: Property 'hkern' does not exist on type 'JSX.IntrinsicElements'.
src/icons/Fonts/general-sans/GeneralSansMedium.tsx(2421,5): error TS2339: Property 'hkern' does not exist on type 'JSX.IntrinsicElements'.
src/icons/Fonts/general-sans/GeneralSansMedium.tsx(2422,5): error TS2339: Property 'hkern' does not exist on type 'JSX.IntrinsicElements'.
src/icons/Fonts/general-sans/GeneralSansMedium.tsx(2423,5): error TS2339: Property 'hkern' does not exist on type 'JSX.IntrinsicElements'.
src/icons/Fonts/general-sans/GeneralSansMedium.tsx(2424,5): error TS2339: Property 'hkern' does not exist on type 'JSX.IntrinsicElements'.
src/icons/Fonts/general-sans/GeneralSansMedium.tsx(2425,5): error TS2339: Property 'hkern' does not exist on type 'JSX.IntrinsicElements'.
src/icons/Fonts/general-sans/GeneralSansMedium.tsx(2426,5): error TS2339: Property 'hkern' does not exist on type 'JSX.IntrinsicElements'.
src/icons/Fonts/general-sans/GeneralSansMedium.tsx(2427,5): error TS2339: Property 'hkern' does not exist on type 'JSX.IntrinsicElements'.
src/icons/Fonts/general-sans/GeneralSansMedium.tsx(2428,5): error TS2339: Property 'hkern' does not exist on type 'JSX.IntrinsicElements'.
src/icons/Fonts/general-sans/GeneralSansMedium.tsx(2429,5): error TS2339: Property 'hkern' does not exist on type 'JSX.IntrinsicElements'.
src/icons/Fonts/general-sans/GeneralSansMedium.tsx(2430,5): error TS2339: Property 'hkern' does not exist on type 'JSX.IntrinsicElements'.
src/icons/Fonts/general-sans/GeneralSansMedium.tsx(2431,5): error TS2339: Property 'hkern' does not exist on type 'JSX.IntrinsicElements'.
src/icons/Fonts/general-sans/GeneralSansMedium.tsx(2432,5): error TS2339: Property 'hkern' does not exist on type 'JSX.IntrinsicElements'.
src/icons/Fonts/general-sans/GeneralSansMedium.tsx(2433,5): error TS2339: Property 'hkern' does not exist on type 'JSX.IntrinsicElements'.
src/icons/Fonts/general-sans/GeneralSansMedium.tsx(2434,5): error TS2339: Property 'hkern' does not exist on type 'JSX.IntrinsicElements'.
src/icons/Fonts/general-sans/GeneralSansMedium.tsx(2435,5): error TS2339: Property 'hkern' does not exist on type 'JSX.IntrinsicElements'.
src/icons/Fonts/general-sans/GeneralSansMedium.tsx(2436,5): error TS2339: Property 'hkern' does not exist on type 'JSX.IntrinsicElements'.
src/icons/Fonts/general-sans/GeneralSansMedium.tsx(2437,5): error TS2339: Property 'hkern' does not exist on type 'JSX.IntrinsicElements'.
src/icons/Fonts/general-sans/GeneralSansMedium.tsx(2438,5): error TS2339: Property 'hkern' does not exist on type 'JSX.IntrinsicElements'.
src/icons/Fonts/general-sans/GeneralSansMedium.tsx(2439,5): error TS2339: Property 'hkern' does not exist on type 'JSX.IntrinsicElements'.
src/icons/Fonts/general-sans/GeneralSansMedium.tsx(2440,5): error TS2339: Property 'hkern' does not exist on type 'JSX.IntrinsicElements'.
src/icons/Fonts/general-sans/GeneralSansMedium.tsx(2441,5): error TS2339: Property 'hkern' does not exist on type 'JSX.IntrinsicElements'.
src/icons/Fonts/general-sans/GeneralSansMedium.tsx(2442,5): error TS2339: Property 'hkern' does not exist on type 'JSX.IntrinsicElements'.
src/icons/Fonts/general-sans/GeneralSansMedium.tsx(2443,5): error TS2339: Property 'hkern' does not exist on type 'JSX.IntrinsicElements'.
src/icons/Fonts/general-sans/GeneralSansMedium.tsx(2444,5): error TS2339: Property 'hkern' does not exist on type 'JSX.IntrinsicElements'.
src/icons/Fonts/general-sans/GeneralSansMedium.tsx(2445,5): error TS2339: Property 'hkern' does not exist on type 'JSX.IntrinsicElements'.
src/icons/Fonts/general-sans/GeneralSansMedium.tsx(2446,5): error TS2339: Property 'hkern' does not exist on type 'JSX.IntrinsicElements'.
src/icons/Fonts/general-sans/GeneralSansMedium.tsx(2447,5): error TS2339: Property 'hkern' does not exist on type 'JSX.IntrinsicElements'.
src/icons/Fonts/general-sans/GeneralSansMedium.tsx(2448,5): error TS2339: Property 'hkern' does not exist on type 'JSX.IntrinsicElements'.
src/icons/Fonts/general-sans/GeneralSansMedium.tsx(2449,5): error TS2339: Property 'hkern' does not exist on type 'JSX.IntrinsicElements'.
src/icons/Fonts/general-sans/GeneralSansMedium.tsx(2450,5): error TS2339: Property 'hkern' does not exist on type 'JSX.IntrinsicElements'.
src/icons/Fonts/general-sans/GeneralSansMedium.tsx(2451,5): error TS2339: Property 'hkern' does not exist on type 'JSX.IntrinsicElements'.
src/icons/Fonts/general-sans/GeneralSansMedium.tsx(2452,5): error TS2339: Property 'hkern' does not exist on type 'JSX.IntrinsicElements'.
src/icons/Fonts/general-sans/GeneralSansMedium.tsx(2453,5): error TS2339: Property 'hkern' does not exist on type 'JSX.IntrinsicElements'.
src/icons/Fonts/general-sans/GeneralSansMedium.tsx(2454,5): error TS2339: Property 'hkern' does not exist on type 'JSX.IntrinsicElements'.
src/icons/Fonts/general-sans/GeneralSansMedium.tsx(2455,5): error TS2339: Property 'hkern' does not exist on type 'JSX.IntrinsicElements'.
src/icons/Fonts/general-sans/GeneralSansMedium.tsx(2456,5): error TS2339: Property 'hkern' does not exist on type 'JSX.IntrinsicElements'.
src/icons/Fonts/general-sans/GeneralSansMedium.tsx(2457,5): error TS2339: Property 'hkern' does not exist on type 'JSX.IntrinsicElements'.
src/icons/Fonts/general-sans/GeneralSansMedium.tsx(2458,5): error TS2339: Property 'hkern' does not exist on type 'JSX.IntrinsicElements'.
src/icons/Fonts/general-sans/GeneralSansMedium.tsx(2459,5): error TS2339: Property 'hkern' does not exist on type 'JSX.IntrinsicElements'.
src/icons/Fonts/general-sans/GeneralSansMedium.tsx(2460,5): error TS2339: Property 'hkern' does not exist on type 'JSX.IntrinsicElements'.
src/icons/Fonts/general-sans/GeneralSansMedium.tsx(2461,5): error TS2339: Property 'hkern' does not exist on type 'JSX.IntrinsicElements'.
src/icons/Fonts/general-sans/GeneralSansMedium.tsx(2462,5): error TS2339: Property 'hkern' does not exist on type 'JSX.IntrinsicElements'.
src/icons/Fonts/general-sans/GeneralSansMedium.tsx(2463,5): error TS2339: Property 'hkern' does not exist on type 'JSX.IntrinsicElements'.
src/icons/Fonts/general-sans/GeneralSansMedium.tsx(2464,5): error TS2339: Property 'hkern' does not exist on type 'JSX.IntrinsicElements'.
src/icons/Fonts/general-sans/GeneralSansMedium.tsx(2465,5): error TS2339: Property 'hkern' does not exist on type 'JSX.IntrinsicElements'.
src/icons/Fonts/general-sans/GeneralSansMedium.tsx(2466,5): error TS2339: Property 'hkern' does not exist on type 'JSX.IntrinsicElements'.
src/icons/Fonts/general-sans/GeneralSansMedium.tsx(2467,5): error TS2339: Property 'hkern' does not exist on type 'JSX.IntrinsicElements'.
src/icons/Fonts/general-sans/GeneralSansMedium.tsx(2468,5): error TS2339: Property 'hkern' does not exist on type 'JSX.IntrinsicElements'.
src/icons/Fonts/general-sans/GeneralSansMedium.tsx(2469,5): error TS2339: Property 'hkern' does not exist on type 'JSX.IntrinsicElements'.
src/icons/Fonts/general-sans/GeneralSansMedium.tsx(2470,5): error TS2339: Property 'hkern' does not exist on type 'JSX.IntrinsicElements'.
src/icons/Fonts/general-sans/GeneralSansMedium.tsx(2471,5): error TS2339: Property 'hkern' does not exist on type 'JSX.IntrinsicElements'.
src/icons/Fonts/general-sans/GeneralSansMedium.tsx(2472,5): error TS2339: Property 'hkern' does not exist on type 'JSX.IntrinsicElements'.
src/icons/Fonts/general-sans/GeneralSansMedium.tsx(2473,5): error TS2339: Property 'hkern' does not exist on type 'JSX.IntrinsicElements'.
src/icons/Fonts/general-sans/GeneralSansMedium.tsx(2474,5): error TS2339: Property 'hkern' does not exist on type 'JSX.IntrinsicElements'.
src/icons/Fonts/general-sans/GeneralSansMedium.tsx(2475,5): error TS2339: Property 'hkern' does not exist on type 'JSX.IntrinsicElements'.
src/icons/Fonts/general-sans/GeneralSansMedium.tsx(2476,5): error TS2339: Property 'hkern' does not exist on type 'JSX.IntrinsicElements'.
src/icons/Fonts/general-sans/GeneralSansMedium.tsx(2477,5): error TS2339: Property 'hkern' does not exist on type 'JSX.IntrinsicElements'.
src/icons/Fonts/general-sans/GeneralSansMedium.tsx(2478,5): error TS2339: Property 'hkern' does not exist on type 'JSX.IntrinsicElements'.
src/icons/Fonts/general-sans/GeneralSansMedium.tsx(2479,5): error TS2339: Property 'hkern' does not exist on type 'JSX.IntrinsicElements'.
src/icons/Fonts/general-sans/GeneralSansMedium.tsx(2480,5): error TS2339: Property 'hkern' does not exist on type 'JSX.IntrinsicElements'.
src/icons/Fonts/general-sans/GeneralSansMedium.tsx(2481,5): error TS2339: Property 'hkern' does not exist on type 'JSX.IntrinsicElements'.
src/icons/Fonts/general-sans/GeneralSansMedium.tsx(2482,5): error TS2339: Property 'hkern' does not exist on type 'JSX.IntrinsicElements'.
src/icons/Fonts/general-sans/GeneralSansMedium.tsx(2483,5): error TS2339: Property 'hkern' does not exist on type 'JSX.IntrinsicElements'.
src/icons/Fonts/general-sans/GeneralSansMedium.tsx(2484,5): error TS2339: Property 'hkern' does not exist on type 'JSX.IntrinsicElements'.
src/icons/Fonts/general-sans/GeneralSansMedium.tsx(2485,5): error TS2339: Property 'hkern' does not exist on type 'JSX.IntrinsicElements'.
src/icons/Fonts/general-sans/GeneralSansMedium.tsx(2486,5): error TS2339: Property 'hkern' does not exist on type 'JSX.IntrinsicElements'.
src/icons/Fonts/general-sans/GeneralSansMedium.tsx(2487,5): error TS2339: Property 'hkern' does not exist on type 'JSX.IntrinsicElements'.
src/icons/Fonts/general-sans/GeneralSansMedium.tsx(2488,5): error TS2339: Property 'hkern' does not exist on type 'JSX.IntrinsicElements'.
src/icons/Fonts/general-sans/GeneralSansMedium.tsx(2489,5): error TS2339: Property 'hkern' does not exist on type 'JSX.IntrinsicElements'.
src/icons/Fonts/general-sans/GeneralSansMedium.tsx(2490,5): error TS2339: Property 'hkern' does not exist on type 'JSX.IntrinsicElements'.
src/icons/Fonts/general-sans/GeneralSansMedium.tsx(2491,5): error TS2339: Property 'hkern' does not exist on type 'JSX.IntrinsicElements'.
src/icons/Fonts/general-sans/GeneralSansMedium.tsx(2492,5): error TS2339: Property 'hkern' does not exist on type 'JSX.IntrinsicElements'.
src/icons/Fonts/general-sans/GeneralSansMedium.tsx(2493,5): error TS2339: Property 'hkern' does not exist on type 'JSX.IntrinsicElements'.
src/icons/Fonts/general-sans/GeneralSansMedium.tsx(2494,5): error TS2339: Property 'hkern' does not exist on type 'JSX.IntrinsicElements'.
src/icons/Fonts/general-sans/GeneralSansMedium.tsx(2495,5): error TS2339: Property 'hkern' does not exist on type 'JSX.IntrinsicElements'.
src/icons/Fonts/general-sans/GeneralSansMedium.tsx(2496,5): error TS2339: Property 'hkern' does not exist on type 'JSX.IntrinsicElements'.
src/icons/Fonts/general-sans/GeneralSansMedium.tsx(2497,5): error TS2339: Property 'hkern' does not exist on type 'JSX.IntrinsicElements'.
src/icons/Fonts/general-sans/GeneralSansMedium.tsx(2498,5): error TS2339: Property 'hkern' does not exist on type 'JSX.IntrinsicElements'.
src/icons/Fonts/general-sans/GeneralSansMedium.tsx(2499,5): error TS2339: Property 'hkern' does not exist on type 'JSX.IntrinsicElements'.
src/icons/Fonts/general-sans/GeneralSansMedium.tsx(2500,5): error TS2339: Property 'hkern' does not exist on type 'JSX.IntrinsicElements'.
src/icons/Fonts/general-sans/GeneralSansMedium.tsx(2501,5): error TS2339: Property 'hkern' does not exist on type 'JSX.IntrinsicElements'.
src/icons/Fonts/general-sans/GeneralSansMedium.tsx(2502,5): error TS2339: Property 'hkern' does not exist on type 'JSX.IntrinsicElements'.
src/icons/Fonts/general-sans/GeneralSansMedium.tsx(2503,5): error TS2339: Property 'hkern' does not exist on type 'JSX.IntrinsicElements'.
src/icons/Fonts/general-sans/GeneralSansMedium.tsx(2504,5): error TS2339: Property 'hkern' does not exist on type 'JSX.IntrinsicElements'.
src/icons/Fonts/general-sans/GeneralSansMedium.tsx(2505,5): error TS2339: Property 'hkern' does not exist on type 'JSX.IntrinsicElements'.
src/icons/Fonts/general-sans/GeneralSansMedium.tsx(2506,5): error TS2339: Property 'hkern' does not exist on type 'JSX.IntrinsicElements'.
src/icons/Fonts/general-sans/GeneralSansMedium.tsx(2507,5): error TS2339: Property 'hkern' does not exist on type 'JSX.IntrinsicElements'.
src/icons/Fonts/general-sans/GeneralSansMedium.tsx(2508,5): error TS2339: Property 'hkern' does not exist on type 'JSX.IntrinsicElements'.
src/icons/Fonts/general-sans/GeneralSansMedium.tsx(2509,5): error TS2339: Property 'hkern' does not exist on type 'JSX.IntrinsicElements'.
src/icons/Fonts/general-sans/GeneralSansMedium.tsx(2510,5): error TS2339: Property 'hkern' does not exist on type 'JSX.IntrinsicElements'.
src/icons/Fonts/general-sans/GeneralSansMedium.tsx(2511,5): error TS2339: Property 'hkern' does not exist on type 'JSX.IntrinsicElements'.
src/icons/Fonts/general-sans/GeneralSansMedium.tsx(2512,5): error TS2339: Property 'hkern' does not exist on type 'JSX.IntrinsicElements'.
src/icons/Fonts/general-sans/GeneralSansMedium.tsx(2513,5): error TS2339: Property 'hkern' does not exist on type 'JSX.IntrinsicElements'.
src/icons/Fonts/general-sans/GeneralSansMedium.tsx(2514,5): error TS2339: Property 'hkern' does not exist on type 'JSX.IntrinsicElements'.
src/icons/Fonts/general-sans/GeneralSansMedium.tsx(2515,5): error TS2339: Property 'hkern' does not exist on type 'JSX.IntrinsicElements'.
src/icons/Fonts/general-sans/GeneralSansMedium.tsx(2516,5): error TS2339: Property 'hkern' does not exist on type 'JSX.IntrinsicElements'.
src/icons/Fonts/general-sans/GeneralSansMedium.tsx(2517,5): error TS2339: Property 'hkern' does not exist on type 'JSX.IntrinsicElements'.
src/icons/Fonts/general-sans/GeneralSansMedium.tsx(2518,5): error TS2339: Property 'hkern' does not exist on type 'JSX.IntrinsicElements'.
src/icons/Fonts/general-sans/GeneralSansMedium.tsx(2519,5): error TS2339: Property 'hkern' does not exist on type 'JSX.IntrinsicElements'.
src/icons/Fonts/general-sans/GeneralSansMedium.tsx(2520,5): error TS2339: Property 'hkern' does not exist on type 'JSX.IntrinsicElements'.
src/icons/Fonts/general-sans/GeneralSansMedium.tsx(2521,5): error TS2339: Property 'hkern' does not exist on type 'JSX.IntrinsicElements'.
src/icons/Fonts/general-sans/GeneralSansMedium.tsx(2522,5): error TS2339: Property 'hkern' does not exist on type 'JSX.IntrinsicElements'.
src/icons/Fonts/general-sans/GeneralSansMedium.tsx(2523,5): error TS2339: Property 'hkern' does not exist on type 'JSX.IntrinsicElements'.
src/icons/Fonts/general-sans/GeneralSansMedium.tsx(2524,5): error TS2339: Property 'hkern' does not exist on type 'JSX.IntrinsicElements'.
src/icons/Fonts/general-sans/GeneralSansMedium.tsx(2525,5): error TS2339: Property 'hkern' does not exist on type 'JSX.IntrinsicElements'.
src/icons/Fonts/general-sans/GeneralSansMedium.tsx(2526,5): error TS2339: Property 'hkern' does not exist on type 'JSX.IntrinsicElements'.
src/icons/Fonts/general-sans/GeneralSansMedium.tsx(2527,5): error TS2339: Property 'hkern' does not exist on type 'JSX.IntrinsicElements'.
src/icons/Fonts/general-sans/GeneralSansMedium.tsx(2528,5): error TS2339: Property 'hkern' does not exist on type 'JSX.IntrinsicElements'.
src/icons/Fonts/general-sans/GeneralSansMedium.tsx(2529,5): error TS2339: Property 'hkern' does not exist on type 'JSX.IntrinsicElements'.
src/icons/Fonts/general-sans/GeneralSansMedium.tsx(2530,5): error TS2339: Property 'hkern' does not exist on type 'JSX.IntrinsicElements'.
src/icons/Fonts/general-sans/GeneralSansMedium.tsx(2531,5): error TS2339: Property 'hkern' does not exist on type 'JSX.IntrinsicElements'.
src/icons/Fonts/general-sans/GeneralSansMedium.tsx(2532,5): error TS2339: Property 'hkern' does not exist on type 'JSX.IntrinsicElements'.
src/icons/Fonts/general-sans/GeneralSansMedium.tsx(2533,5): error TS2339: Property 'hkern' does not exist on type 'JSX.IntrinsicElements'.
src/icons/Fonts/general-sans/GeneralSansMedium.tsx(2534,5): error TS2339: Property 'hkern' does not exist on type 'JSX.IntrinsicElements'.
src/icons/Fonts/general-sans/GeneralSansMedium.tsx(2535,5): error TS2339: Property 'hkern' does not exist on type 'JSX.IntrinsicElements'.
src/icons/Fonts/general-sans/GeneralSansMedium.tsx(2536,5): error TS2339: Property 'hkern' does not exist on type 'JSX.IntrinsicElements'.
src/icons/Fonts/general-sans/GeneralSansMedium.tsx(2537,5): error TS2339: Property 'hkern' does not exist on type 'JSX.IntrinsicElements'.
src/icons/Fonts/general-sans/GeneralSansMedium.tsx(2538,5): error TS2339: Property 'hkern' does not exist on type 'JSX.IntrinsicElements'.
src/icons/Fonts/general-sans/GeneralSansMedium.tsx(2539,5): error TS2339: Property 'hkern' does not exist on type 'JSX.IntrinsicElements'.
src/icons/Fonts/general-sans/GeneralSansMedium.tsx(2540,5): error TS2339: Property 'hkern' does not exist on type 'JSX.IntrinsicElements'.
src/icons/Fonts/general-sans/GeneralSansMedium.tsx(2541,5): error TS2339: Property 'hkern' does not exist on type 'JSX.IntrinsicElements'.
src/icons/Fonts/general-sans/GeneralSansMedium.tsx(2542,5): error TS2339: Property 'hkern' does not exist on type 'JSX.IntrinsicElements'.
src/icons/Fonts/general-sans/GeneralSansMedium.tsx(2543,5): error TS2339: Property 'hkern' does not exist on type 'JSX.IntrinsicElements'.
src/icons/Fonts/general-sans/GeneralSansMedium.tsx(2544,5): error TS2339: Property 'hkern' does not exist on type 'JSX.IntrinsicElements'.
src/icons/Fonts/general-sans/GeneralSansMedium.tsx(2545,5): error TS2339: Property 'hkern' does not exist on type 'JSX.IntrinsicElements'.
src/icons/Fonts/general-sans/GeneralSansMedium.tsx(2546,5): error TS2339: Property 'hkern' does not exist on type 'JSX.IntrinsicElements'.
src/icons/Fonts/general-sans/GeneralSansMedium.tsx(2547,5): error TS2339: Property 'hkern' does not exist on type 'JSX.IntrinsicElements'.
src/icons/Fonts/general-sans/GeneralSansMedium.tsx(2548,5): error TS2339: Property 'hkern' does not exist on type 'JSX.IntrinsicElements'.
src/icons/Fonts/general-sans/GeneralSansMedium.tsx(2549,5): error TS2339: Property 'hkern' does not exist on type 'JSX.IntrinsicElements'.
src/icons/Fonts/general-sans/GeneralSansMedium.tsx(2550,5): error TS2339: Property 'hkern' does not exist on type 'JSX.IntrinsicElements'.
src/icons/Fonts/general-sans/GeneralSansMedium.tsx(2551,5): error TS2339: Property 'hkern' does not exist on type 'JSX.IntrinsicElements'.
src/icons/Fonts/general-sans/GeneralSansMedium.tsx(2552,5): error TS2339: Property 'hkern' does not exist on type 'JSX.IntrinsicElements'.
src/icons/Fonts/general-sans/GeneralSansMedium.tsx(2553,5): error TS2339: Property 'hkern' does not exist on type 'JSX.IntrinsicElements'.
src/icons/Fonts/general-sans/GeneralSansMedium.tsx(2554,5): error TS2339: Property 'hkern' does not exist on type 'JSX.IntrinsicElements'.
src/icons/Fonts/general-sans/GeneralSansMedium.tsx(2555,5): error TS2339: Property 'hkern' does not exist on type 'JSX.IntrinsicElements'.
src/icons/Fonts/general-sans/GeneralSansMedium.tsx(2556,5): error TS2339: Property 'hkern' does not exist on type 'JSX.IntrinsicElements'.
src/icons/Fonts/general-sans/GeneralSansMedium.tsx(2557,5): error TS2339: Property 'hkern' does not exist on type 'JSX.IntrinsicElements'.
src/icons/Fonts/general-sans/GeneralSansMedium.tsx(2558,5): error TS2339: Property 'hkern' does not exist on type 'JSX.IntrinsicElements'.
src/icons/Fonts/general-sans/GeneralSansMedium.tsx(2559,5): error TS2339: Property 'hkern' does not exist on type 'JSX.IntrinsicElements'.
src/icons/Fonts/general-sans/GeneralSansMedium.tsx(2560,5): error TS2339: Property 'hkern' does not exist on type 'JSX.IntrinsicElements'.
src/icons/Fonts/general-sans/GeneralSansMedium.tsx(2561,5): error TS2339: Property 'hkern' does not exist on type 'JSX.IntrinsicElements'.
src/icons/Fonts/general-sans/GeneralSansMedium.tsx(2562,5): error TS2339: Property 'hkern' does not exist on type 'JSX.IntrinsicElements'.
src/icons/Fonts/general-sans/GeneralSansMedium.tsx(2563,5): error TS2339: Property 'hkern' does not exist on type 'JSX.IntrinsicElements'.
src/icons/Fonts/general-sans/GeneralSansMedium.tsx(2564,5): error TS2339: Property 'hkern' does not exist on type 'JSX.IntrinsicElements'.
src/icons/Fonts/general-sans/GeneralSansMedium.tsx(2565,5): error TS2339: Property 'hkern' does not exist on type 'JSX.IntrinsicElements'.
src/icons/Fonts/general-sans/GeneralSansMedium.tsx(2566,5): error TS2339: Property 'hkern' does not exist on type 'JSX.IntrinsicElements'.
src/icons/Fonts/general-sans/GeneralSansMedium.tsx(2567,5): error TS2339: Property 'hkern' does not exist on type 'JSX.IntrinsicElements'.
src/icons/Fonts/general-sans/GeneralSansMedium.tsx(2568,5): error TS2339: Property 'hkern' does not exist on type 'JSX.IntrinsicElements'.
src/icons/Fonts/general-sans/GeneralSansMedium.tsx(2569,5): error TS2339: Property 'hkern' does not exist on type 'JSX.IntrinsicElements'.
src/icons/Fonts/general-sans/GeneralSansMedium.tsx(2570,5): error TS2339: Property 'hkern' does not exist on type 'JSX.IntrinsicElements'.
src/icons/Fonts/general-sans/GeneralSansMedium.tsx(2571,5): error TS2339: Property 'hkern' does not exist on type 'JSX.IntrinsicElements'.
src/icons/Fonts/general-sans/GeneralSansMedium.tsx(2572,5): error TS2339: Property 'hkern' does not exist on type 'JSX.IntrinsicElements'.
src/icons/Fonts/general-sans/GeneralSansMedium.tsx(2573,5): error TS2339: Property 'hkern' does not exist on type 'JSX.IntrinsicElements'.
src/icons/Fonts/general-sans/GeneralSansMedium.tsx(2574,5): error TS2339: Property 'hkern' does not exist on type 'JSX.IntrinsicElements'.
src/icons/Fonts/general-sans/GeneralSansMedium.tsx(2575,5): error TS2339: Property 'hkern' does not exist on type 'JSX.IntrinsicElements'.
src/icons/Fonts/general-sans/GeneralSansMedium.tsx(2576,5): error TS2339: Property 'hkern' does not exist on type 'JSX.IntrinsicElements'.
src/icons/Fonts/general-sans/GeneralSansMedium.tsx(2577,5): error TS2339: Property 'hkern' does not exist on type 'JSX.IntrinsicElements'.
src/icons/Fonts/general-sans/GeneralSansMedium.tsx(2578,5): error TS2339: Property 'hkern' does not exist on type 'JSX.IntrinsicElements'.
src/icons/Fonts/general-sans/GeneralSansMedium.tsx(2579,5): error TS2339: Property 'hkern' does not exist on type 'JSX.IntrinsicElements'.
src/icons/Fonts/general-sans/GeneralSansMedium.tsx(2580,5): error TS2339: Property 'hkern' does not exist on type 'JSX.IntrinsicElements'.
src/icons/Fonts/general-sans/GeneralSansMedium.tsx(2581,5): error TS2339: Property 'hkern' does not exist on type 'JSX.IntrinsicElements'.
src/icons/Fonts/general-sans/GeneralSansMedium.tsx(2582,5): error TS2339: Property 'hkern' does not exist on type 'JSX.IntrinsicElements'.
src/icons/Fonts/general-sans/GeneralSansMedium.tsx(2583,5): error TS2339: Property 'hkern' does not exist on type 'JSX.IntrinsicElements'.
src/icons/Fonts/general-sans/GeneralSansMedium.tsx(2584,5): error TS2339: Property 'hkern' does not exist on type 'JSX.IntrinsicElements'.
src/icons/Fonts/general-sans/GeneralSansMedium.tsx(2585,5): error TS2339: Property 'hkern' does not exist on type 'JSX.IntrinsicElements'.
src/icons/Fonts/general-sans/GeneralSansMedium.tsx(2586,5): error TS2339: Property 'hkern' does not exist on type 'JSX.IntrinsicElements'.
src/icons/Fonts/general-sans/GeneralSansMedium.tsx(2587,5): error TS2339: Property 'hkern' does not exist on type 'JSX.IntrinsicElements'.
src/icons/Fonts/general-sans/GeneralSansMedium.tsx(2588,5): error TS2339: Property 'hkern' does not exist on type 'JSX.IntrinsicElements'.
src/icons/Fonts/general-sans/GeneralSansMedium.tsx(2589,5): error TS2339: Property 'hkern' does not exist on type 'JSX.IntrinsicElements'.
src/icons/Fonts/general-sans/GeneralSansMedium.tsx(2590,5): error TS2339: Property 'hkern' does not exist on type 'JSX.IntrinsicElements'.
src/icons/Fonts/general-sans/GeneralSansMedium.tsx(2591,5): error TS2339: Property 'hkern' does not exist on type 'JSX.IntrinsicElements'.
src/icons/Fonts/general-sans/GeneralSansMedium.tsx(2592,5): error TS2339: Property 'hkern' does not exist on type 'JSX.IntrinsicElements'.
src/icons/Fonts/general-sans/GeneralSansMedium.tsx(2593,5): error TS2339: Property 'hkern' does not exist on type 'JSX.IntrinsicElements'.
src/icons/Fonts/general-sans/GeneralSansMedium.tsx(2594,5): error TS2339: Property 'hkern' does not exist on type 'JSX.IntrinsicElements'.
src/icons/Fonts/general-sans/GeneralSansMedium.tsx(2595,5): error TS2339: Property 'hkern' does not exist on type 'JSX.IntrinsicElements'.
src/icons/Fonts/general-sans/GeneralSansMedium.tsx(2596,5): error TS2339: Property 'hkern' does not exist on type 'JSX.IntrinsicElements'.
src/icons/Fonts/general-sans/GeneralSansMedium.tsx(2597,5): error TS2339: Property 'hkern' does not exist on type 'JSX.IntrinsicElements'.
src/icons/Fonts/general-sans/GeneralSansMedium.tsx(2598,5): error TS2339: Property 'hkern' does not exist on type 'JSX.IntrinsicElements'.
src/icons/Fonts/general-sans/GeneralSansMedium.tsx(2599,5): error TS2339: Property 'hkern' does not exist on type 'JSX.IntrinsicElements'.
src/icons/Fonts/general-sans/GeneralSansMedium.tsx(2600,5): error TS2339: Property 'hkern' does not exist on type 'JSX.IntrinsicElements'.
src/icons/Fonts/general-sans/GeneralSansMedium.tsx(2601,5): error TS2339: Property 'hkern' does not exist on type 'JSX.IntrinsicElements'.
src/icons/Fonts/general-sans/GeneralSansMedium.tsx(2602,5): error TS2339: Property 'hkern' does not exist on type 'JSX.IntrinsicElements'.
src/icons/Fonts/general-sans/GeneralSansMedium.tsx(2603,5): error TS2339: Property 'hkern' does not exist on type 'JSX.IntrinsicElements'.
src/icons/Fonts/general-sans/GeneralSansMedium.tsx(2604,5): error TS2339: Property 'hkern' does not exist on type 'JSX.IntrinsicElements'.
src/icons/Fonts/general-sans/GeneralSansMedium.tsx(2605,5): error TS2339: Property 'hkern' does not exist on type 'JSX.IntrinsicElements'.
src/icons/Fonts/general-sans/GeneralSansMedium.tsx(2606,5): error TS2339: Property 'hkern' does not exist on type 'JSX.IntrinsicElements'.
src/icons/Fonts/general-sans/GeneralSansMedium.tsx(2607,5): error TS2339: Property 'hkern' does not exist on type 'JSX.IntrinsicElements'.
src/icons/Fonts/general-sans/GeneralSansMedium.tsx(2608,5): error TS2339: Property 'hkern' does not exist on type 'JSX.IntrinsicElements'.
src/icons/Fonts/general-sans/GeneralSansMedium.tsx(2609,5): error TS2339: Property 'hkern' does not exist on type 'JSX.IntrinsicElements'.
src/icons/Fonts/general-sans/GeneralSansMedium.tsx(2610,5): error TS2339: Property 'hkern' does not exist on type 'JSX.IntrinsicElements'.
src/icons/Fonts/general-sans/GeneralSansMedium.tsx(2611,5): error TS2339: Property 'hkern' does not exist on type 'JSX.IntrinsicElements'.
src/icons/Fonts/general-sans/GeneralSansMedium.tsx(2612,5): error TS2339: Property 'hkern' does not exist on type 'JSX.IntrinsicElements'.
src/icons/Fonts/general-sans/GeneralSansMedium.tsx(2613,5): error TS2339: Property 'hkern' does not exist on type 'JSX.IntrinsicElements'.
src/icons/Fonts/general-sans/GeneralSansMedium.tsx(2614,5): error TS2339: Property 'hkern' does not exist on type 'JSX.IntrinsicElements'.
src/icons/Fonts/general-sans/GeneralSansMedium.tsx(2615,5): error TS2339: Property 'hkern' does not exist on type 'JSX.IntrinsicElements'.
src/icons/Fonts/general-sans/GeneralSansMedium.tsx(2616,5): error TS2339: Property 'hkern' does not exist on type 'JSX.IntrinsicElements'.
src/icons/Fonts/general-sans/GeneralSansMedium.tsx(2617,5): error TS2339: Property 'hkern' does not exist on type 'JSX.IntrinsicElements'.
src/icons/Fonts/general-sans/GeneralSansMedium.tsx(2618,5): error TS2339: Property 'hkern' does not exist on type 'JSX.IntrinsicElements'.
src/icons/Fonts/general-sans/GeneralSansMedium.tsx(2619,5): error TS2339: Property 'hkern' does not exist on type 'JSX.IntrinsicElements'.
src/icons/Fonts/general-sans/GeneralSansMedium.tsx(2620,5): error TS2339: Property 'hkern' does not exist on type 'JSX.IntrinsicElements'.
src/icons/Fonts/general-sans/GeneralSansMedium.tsx(2621,5): error TS2339: Property 'hkern' does not exist on type 'JSX.IntrinsicElements'.
src/icons/Fonts/general-sans/GeneralSansMedium.tsx(2622,5): error TS2339: Property 'hkern' does not exist on type 'JSX.IntrinsicElements'.
src/icons/Fonts/general-sans/GeneralSansMedium.tsx(2623,5): error TS2339: Property 'hkern' does not exist on type 'JSX.IntrinsicElements'.
src/icons/Fonts/general-sans/GeneralSansMedium.tsx(2624,5): error TS2339: Property 'hkern' does not exist on type 'JSX.IntrinsicElements'.
src/icons/Fonts/general-sans/GeneralSansMedium.tsx(2625,5): error TS2339: Property 'hkern' does not exist on type 'JSX.IntrinsicElements'.
src/icons/Fonts/general-sans/GeneralSansMedium.tsx(2626,5): error TS2339: Property 'hkern' does not exist on type 'JSX.IntrinsicElements'.
src/icons/Fonts/general-sans/GeneralSansMedium.tsx(2627,5): error TS2339: Property 'hkern' does not exist on type 'JSX.IntrinsicElements'.
src/icons/Fonts/general-sans/GeneralSansMedium.tsx(2628,5): error TS2339: Property 'hkern' does not exist on type 'JSX.IntrinsicElements'.
src/icons/Fonts/general-sans/GeneralSansMedium.tsx(2629,5): error TS2339: Property 'hkern' does not exist on type 'JSX.IntrinsicElements'.
src/icons/Fonts/general-sans/GeneralSansMedium.tsx(2630,5): error TS2339: Property 'hkern' does not exist on type 'JSX.IntrinsicElements'.
src/icons/Fonts/general-sans/GeneralSansMedium.tsx(2631,5): error TS2339: Property 'hkern' does not exist on type 'JSX.IntrinsicElements'.
src/icons/Fonts/general-sans/GeneralSansMedium.tsx(2632,5): error TS2339: Property 'hkern' does not exist on type 'JSX.IntrinsicElements'.
src/icons/Fonts/general-sans/GeneralSansMedium.tsx(2633,5): error TS2339: Property 'hkern' does not exist on type 'JSX.IntrinsicElements'.
src/icons/Fonts/general-sans/GeneralSansMedium.tsx(2634,5): error TS2339: Property 'hkern' does not exist on type 'JSX.IntrinsicElements'.
src/icons/Fonts/general-sans/GeneralSansMedium.tsx(2635,5): error TS2339: Property 'hkern' does not exist on type 'JSX.IntrinsicElements'.
src/icons/Fonts/general-sans/GeneralSansMedium.tsx(2636,5): error TS2339: Property 'hkern' does not exist on type 'JSX.IntrinsicElements'.
src/icons/Fonts/general-sans/GeneralSansMedium.tsx(2637,5): error TS2339: Property 'hkern' does not exist on type 'JSX.IntrinsicElements'.
src/icons/Fonts/general-sans/GeneralSansMedium.tsx(2638,5): error TS2339: Property 'hkern' does not exist on type 'JSX.IntrinsicElements'.
src/icons/Fonts/general-sans/GeneralSansMedium.tsx(2639,5): error TS2339: Property 'hkern' does not exist on type 'JSX.IntrinsicElements'.
src/icons/Fonts/general-sans/GeneralSansMedium.tsx(2640,5): error TS2339: Property 'hkern' does not exist on type 'JSX.IntrinsicElements'.
src/icons/Fonts/general-sans/GeneralSansMedium.tsx(2641,5): error TS2339: Property 'hkern' does not exist on type 'JSX.IntrinsicElements'.
src/icons/Fonts/general-sans/GeneralSansMedium.tsx(2642,5): error TS2339: Property 'hkern' does not exist on type 'JSX.IntrinsicElements'.
src/icons/Fonts/general-sans/GeneralSansMedium.tsx(2643,5): error TS2339: Property 'hkern' does not exist on type 'JSX.IntrinsicElements'.
src/icons/Fonts/general-sans/GeneralSansMedium.tsx(2644,5): error TS2339: Property 'hkern' does not exist on type 'JSX.IntrinsicElements'.
src/icons/Fonts/general-sans/GeneralSansMedium.tsx(2645,5): error TS2339: Property 'hkern' does not exist on type 'JSX.IntrinsicElements'.
src/icons/Fonts/general-sans/GeneralSansMedium.tsx(2646,5): error TS2339: Property 'hkern' does not exist on type 'JSX.IntrinsicElements'.
src/icons/Fonts/general-sans/GeneralSansMedium.tsx(2647,5): error TS2339: Property 'hkern' does not exist on type 'JSX.IntrinsicElements'.
src/icons/Fonts/general-sans/GeneralSansMedium.tsx(2648,5): error TS2339: Property 'hkern' does not exist on type 'JSX.IntrinsicElements'.
src/icons/Fonts/general-sans/GeneralSansMedium.tsx(2649,5): error TS2339: Property 'hkern' does not exist on type 'JSX.IntrinsicElements'.
src/icons/Fonts/general-sans/GeneralSansMedium.tsx(2650,5): error TS2339: Property 'hkern' does not exist on type 'JSX.IntrinsicElements'.
src/icons/Fonts/general-sans/GeneralSansMedium.tsx(2651,5): error TS2339: Property 'hkern' does not exist on type 'JSX.IntrinsicElements'.
src/icons/Fonts/general-sans/GeneralSansMedium.tsx(2652,5): error TS2339: Property 'hkern' does not exist on type 'JSX.IntrinsicElements'.
src/icons/Fonts/general-sans/GeneralSansMedium.tsx(2653,5): error TS2339: Property 'hkern' does not exist on type 'JSX.IntrinsicElements'.
src/icons/Fonts/general-sans/GeneralSansMedium.tsx(2654,5): error TS2339: Property 'hkern' does not exist on type 'JSX.IntrinsicElements'.
src/icons/Fonts/general-sans/GeneralSansMedium.tsx(2655,5): error TS2339: Property 'hkern' does not exist on type 'JSX.IntrinsicElements'.
src/icons/Fonts/general-sans/GeneralSansMedium.tsx(2656,5): error TS2339: Property 'hkern' does not exist on type 'JSX.IntrinsicElements'.
src/icons/Fonts/general-sans/GeneralSansMedium.tsx(2657,5): error TS2339: Property 'hkern' does not exist on type 'JSX.IntrinsicElements'.
src/icons/Fonts/general-sans/GeneralSansMedium.tsx(2658,5): error TS2339: Property 'hkern' does not exist on type 'JSX.IntrinsicElements'.
src/icons/Fonts/general-sans/GeneralSansMedium.tsx(2659,5): error TS2339: Property 'hkern' does not exist on type 'JSX.IntrinsicElements'.
src/icons/Fonts/general-sans/GeneralSansMedium.tsx(2660,5): error TS2339: Property 'hkern' does not exist on type 'JSX.IntrinsicElements'.
src/icons/Fonts/general-sans/GeneralSansMedium.tsx(2661,5): error TS2339: Property 'hkern' does not exist on type 'JSX.IntrinsicElements'.
src/icons/Fonts/general-sans/GeneralSansMedium.tsx(2662,5): error TS2339: Property 'hkern' does not exist on type 'JSX.IntrinsicElements'.
src/icons/Fonts/general-sans/GeneralSansMedium.tsx(2663,5): error TS2339: Property 'hkern' does not exist on type 'JSX.IntrinsicElements'.
src/icons/Fonts/general-sans/GeneralSansMedium.tsx(2664,5): error TS2339: Property 'hkern' does not exist on type 'JSX.IntrinsicElements'.
src/icons/Fonts/general-sans/GeneralSansMedium.tsx(2665,5): error TS2339: Property 'hkern' does not exist on type 'JSX.IntrinsicElements'.
src/icons/Fonts/general-sans/GeneralSansMedium.tsx(2666,5): error TS2339: Property 'hkern' does not exist on type 'JSX.IntrinsicElements'.
src/icons/Fonts/general-sans/GeneralSansMedium.tsx(2667,5): error TS2339: Property 'hkern' does not exist on type 'JSX.IntrinsicElements'.
src/icons/Fonts/general-sans/GeneralSansMedium.tsx(2668,5): error TS2339: Property 'hkern' does not exist on type 'JSX.IntrinsicElements'.
src/icons/Fonts/general-sans/GeneralSansMedium.tsx(2669,5): error TS2339: Property 'hkern' does not exist on type 'JSX.IntrinsicElements'.
src/icons/Fonts/general-sans/GeneralSansMedium.tsx(2670,5): error TS2339: Property 'hkern' does not exist on type 'JSX.IntrinsicElements'.
src/icons/Fonts/general-sans/GeneralSansMedium.tsx(2671,5): error TS2339: Property 'hkern' does not exist on type 'JSX.IntrinsicElements'.
src/icons/Fonts/general-sans/GeneralSansMedium.tsx(2672,5): error TS2339: Property 'hkern' does not exist on type 'JSX.IntrinsicElements'.
src/icons/Fonts/general-sans/GeneralSansMedium.tsx(2673,5): error TS2339: Property 'hkern' does not exist on type 'JSX.IntrinsicElements'.
src/icons/Fonts/general-sans/GeneralSansMedium.tsx(2674,5): error TS2339: Property 'hkern' does not exist on type 'JSX.IntrinsicElements'.
src/icons/Fonts/general-sans/GeneralSansMedium.tsx(2675,5): error TS2339: Property 'hkern' does not exist on type 'JSX.IntrinsicElements'.
src/icons/Fonts/general-sans/GeneralSansMedium.tsx(2676,5): error TS2339: Property 'hkern' does not exist on type 'JSX.IntrinsicElements'.
src/icons/Fonts/general-sans/GeneralSansMedium.tsx(2677,5): error TS2339: Property 'hkern' does not exist on type 'JSX.IntrinsicElements'.
src/icons/Fonts/general-sans/GeneralSansMedium.tsx(2678,5): error TS2339: Property 'hkern' does not exist on type 'JSX.IntrinsicElements'.
src/icons/Fonts/general-sans/GeneralSansMedium.tsx(2679,5): error TS2339: Property 'hkern' does not exist on type 'JSX.IntrinsicElements'.
src/icons/Fonts/general-sans/GeneralSansMedium.tsx(2680,5): error TS2339: Property 'hkern' does not exist on type 'JSX.IntrinsicElements'.
src/icons/Fonts/general-sans/GeneralSansMedium.tsx(2681,5): error TS2339: Property 'hkern' does not exist on type 'JSX.IntrinsicElements'.
src/icons/Fonts/general-sans/GeneralSansMedium.tsx(2682,5): error TS2339: Property 'hkern' does not exist on type 'JSX.IntrinsicElements'.
src/icons/Fonts/general-sans/GeneralSansMedium.tsx(2683,5): error TS2339: Property 'hkern' does not exist on type 'JSX.IntrinsicElements'.
src/icons/Fonts/general-sans/GeneralSansMedium.tsx(2684,5): error TS2339: Property 'hkern' does not exist on type 'JSX.IntrinsicElements'.
src/icons/Fonts/general-sans/GeneralSansMedium.tsx(2685,5): error TS2339: Property 'hkern' does not exist on type 'JSX.IntrinsicElements'.
src/icons/Fonts/general-sans/GeneralSansMedium.tsx(2686,5): error TS2339: Property 'hkern' does not exist on type 'JSX.IntrinsicElements'.
src/icons/Fonts/general-sans/GeneralSansMedium.tsx(2687,5): error TS2339: Property 'hkern' does not exist on type 'JSX.IntrinsicElements'.
src/icons/Fonts/general-sans/GeneralSansMedium.tsx(2688,5): error TS2339: Property 'hkern' does not exist on type 'JSX.IntrinsicElements'.
src/icons/Fonts/general-sans/GeneralSansMedium.tsx(2689,5): error TS2339: Property 'hkern' does not exist on type 'JSX.IntrinsicElements'.
src/icons/Fonts/general-sans/GeneralSansMedium.tsx(2690,5): error TS2339: Property 'hkern' does not exist on type 'JSX.IntrinsicElements'.
src/icons/Fonts/general-sans/GeneralSansMedium.tsx(2691,5): error TS2339: Property 'hkern' does not exist on type 'JSX.IntrinsicElements'.
src/icons/Fonts/general-sans/GeneralSansMedium.tsx(2692,5): error TS2339: Property 'hkern' does not exist on type 'JSX.IntrinsicElements'.
src/icons/Fonts/general-sans/GeneralSansMedium.tsx(2693,5): error TS2339: Property 'hkern' does not exist on type 'JSX.IntrinsicElements'.
src/icons/Fonts/general-sans/GeneralSansMedium.tsx(2694,5): error TS2339: Property 'hkern' does not exist on type 'JSX.IntrinsicElements'.
src/icons/Fonts/general-sans/GeneralSansMedium.tsx(2695,5): error TS2339: Property 'hkern' does not exist on type 'JSX.IntrinsicElements'.
src/icons/Fonts/general-sans/GeneralSansMedium.tsx(2696,5): error TS2339: Property 'hkern' does not exist on type 'JSX.IntrinsicElements'.
src/icons/Fonts/general-sans/GeneralSansMedium.tsx(2697,5): error TS2339: Property 'hkern' does not exist on type 'JSX.IntrinsicElements'.
src/icons/Fonts/general-sans/GeneralSansMedium.tsx(2698,5): error TS2339: Property 'hkern' does not exist on type 'JSX.IntrinsicElements'.
src/icons/Fonts/general-sans/GeneralSansMedium.tsx(2699,5): error TS2339: Property 'hkern' does not exist on type 'JSX.IntrinsicElements'.
src/icons/Fonts/general-sans/GeneralSansMedium.tsx(2700,5): error TS2339: Property 'hkern' does not exist on type 'JSX.IntrinsicElements'.
src/icons/Fonts/general-sans/GeneralSansMedium.tsx(2701,5): error TS2339: Property 'hkern' does not exist on type 'JSX.IntrinsicElements'.
src/icons/Fonts/general-sans/GeneralSansMedium.tsx(2702,5): error TS2339: Property 'hkern' does not exist on type 'JSX.IntrinsicElements'.
src/icons/Fonts/general-sans/GeneralSansMedium.tsx(2703,5): error TS2339: Property 'hkern' does not exist on type 'JSX.IntrinsicElements'.
src/icons/Fonts/general-sans/GeneralSansMedium.tsx(2704,5): error TS2339: Property 'hkern' does not exist on type 'JSX.IntrinsicElements'.
src/icons/Fonts/general-sans/GeneralSansMedium.tsx(2705,5): error TS2339: Property 'hkern' does not exist on type 'JSX.IntrinsicElements'.
src/icons/Fonts/general-sans/GeneralSansMedium.tsx(2706,5): error TS2339: Property 'hkern' does not exist on type 'JSX.IntrinsicElements'.
src/icons/Fonts/general-sans/GeneralSansMedium.tsx(2707,5): error TS2339: Property 'hkern' does not exist on type 'JSX.IntrinsicElements'.
src/icons/Fonts/general-sans/GeneralSansMedium.tsx(2708,5): error TS2339: Property 'hkern' does not exist on type 'JSX.IntrinsicElements'.
src/icons/Fonts/general-sans/GeneralSansMedium.tsx(2709,5): error TS2339: Property 'hkern' does not exist on type 'JSX.IntrinsicElements'.
src/icons/Fonts/general-sans/GeneralSansMedium.tsx(2710,5): error TS2339: Property 'hkern' does not exist on type 'JSX.IntrinsicElements'.
src/icons/Fonts/general-sans/GeneralSansMedium.tsx(2711,5): error TS2339: Property 'hkern' does not exist on type 'JSX.IntrinsicElements'.
src/icons/Fonts/general-sans/GeneralSansMedium.tsx(2712,5): error TS2339: Property 'hkern' does not exist on type 'JSX.IntrinsicElements'.
src/icons/Fonts/general-sans/GeneralSansMedium.tsx(2713,5): error TS2339: Property 'hkern' does not exist on type 'JSX.IntrinsicElements'.
src/icons/Fonts/general-sans/GeneralSansMedium.tsx(2714,5): error TS2339: Property 'hkern' does not exist on type 'JSX.IntrinsicElements'.
src/icons/Fonts/general-sans/GeneralSansMedium.tsx(2715,5): error TS2339: Property 'hkern' does not exist on type 'JSX.IntrinsicElements'.
src/icons/Fonts/general-sans/GeneralSansMedium.tsx(2716,5): error TS2339: Property 'hkern' does not exist on type 'JSX.IntrinsicElements'.
src/icons/Fonts/general-sans/GeneralSansMedium.tsx(2717,5): error TS2339: Property 'hkern' does not exist on type 'JSX.IntrinsicElements'.
src/icons/Fonts/general-sans/GeneralSansMedium.tsx(2718,5): error TS2339: Property 'hkern' does not exist on type 'JSX.IntrinsicElements'.
src/icons/Fonts/general-sans/GeneralSansMedium.tsx(2719,5): error TS2339: Property 'hkern' does not exist on type 'JSX.IntrinsicElements'.
src/icons/Fonts/general-sans/GeneralSansMedium.tsx(2720,5): error TS2339: Property 'hkern' does not exist on type 'JSX.IntrinsicElements'.
src/icons/Fonts/general-sans/GeneralSansMedium.tsx(2721,5): error TS2339: Property 'hkern' does not exist on type 'JSX.IntrinsicElements'.
src/icons/Fonts/general-sans/GeneralSansMedium.tsx(2722,5): error TS2339: Property 'hkern' does not exist on type 'JSX.IntrinsicElements'.
src/icons/Fonts/general-sans/GeneralSansMedium.tsx(2723,5): error TS2339: Property 'hkern' does not exist on type 'JSX.IntrinsicElements'.
src/icons/Fonts/general-sans/GeneralSansMedium.tsx(2724,5): error TS2339: Property 'hkern' does not exist on type 'JSX.IntrinsicElements'.
src/icons/Fonts/general-sans/GeneralSansMedium.tsx(2725,5): error TS2339: Property 'hkern' does not exist on type 'JSX.IntrinsicElements'.
src/icons/Fonts/general-sans/GeneralSansMedium.tsx(2726,5): error TS2339: Property 'hkern' does not exist on type 'JSX.IntrinsicElements'.
src/icons/Fonts/general-sans/GeneralSansMedium.tsx(2727,5): error TS2339: Property 'hkern' does not exist on type 'JSX.IntrinsicElements'.
src/icons/Fonts/general-sans/GeneralSansMedium.tsx(2728,5): error TS2339: Property 'hkern' does not exist on type 'JSX.IntrinsicElements'.
src/icons/Fonts/general-sans/GeneralSansMedium.tsx(2729,5): error TS2339: Property 'hkern' does not exist on type 'JSX.IntrinsicElements'.
src/icons/Fonts/general-sans/GeneralSansMedium.tsx(2730,5): error TS2339: Property 'hkern' does not exist on type 'JSX.IntrinsicElements'.
src/icons/Fonts/general-sans/GeneralSansMedium.tsx(2731,5): error TS2339: Property 'hkern' does not exist on type 'JSX.IntrinsicElements'.
src/icons/Fonts/general-sans/GeneralSansMedium.tsx(2732,5): error TS2339: Property 'hkern' does not exist on type 'JSX.IntrinsicElements'.
src/icons/Fonts/general-sans/GeneralSansMedium.tsx(2733,5): error TS2339: Property 'hkern' does not exist on type 'JSX.IntrinsicElements'.
src/icons/Fonts/general-sans/GeneralSansMedium.tsx(2734,5): error TS2339: Property 'hkern' does not exist on type 'JSX.IntrinsicElements'.
src/icons/Fonts/general-sans/GeneralSansMedium.tsx(2735,5): error TS2339: Property 'hkern' does not exist on type 'JSX.IntrinsicElements'.
src/icons/Fonts/general-sans/GeneralSansMedium.tsx(2736,5): error TS2339: Property 'hkern' does not exist on type 'JSX.IntrinsicElements'.
src/icons/Fonts/general-sans/GeneralSansMedium.tsx(2737,5): error TS2339: Property 'hkern' does not exist on type 'JSX.IntrinsicElements'.
src/icons/Fonts/general-sans/GeneralSansMedium.tsx(2738,5): error TS2339: Property 'hkern' does not exist on type 'JSX.IntrinsicElements'.
src/icons/Fonts/general-sans/GeneralSansMedium.tsx(2739,5): error TS2339: Property 'hkern' does not exist on type 'JSX.IntrinsicElements'.
src/icons/Fonts/general-sans/GeneralSansMedium.tsx(2740,5): error TS2339: Property 'hkern' does not exist on type 'JSX.IntrinsicElements'.
src/icons/Fonts/general-sans/GeneralSansMedium.tsx(2741,5): error TS2339: Property 'hkern' does not exist on type 'JSX.IntrinsicElements'.
src/icons/Fonts/general-sans/GeneralSansMedium.tsx(2742,5): error TS2339: Property 'hkern' does not exist on type 'JSX.IntrinsicElements'.
src/icons/Fonts/general-sans/GeneralSansMedium.tsx(2743,5): error TS2339: Property 'hkern' does not exist on type 'JSX.IntrinsicElements'.
src/icons/Fonts/general-sans/GeneralSansMedium.tsx(2744,5): error TS2339: Property 'hkern' does not exist on type 'JSX.IntrinsicElements'.
src/icons/Fonts/general-sans/GeneralSansMedium.tsx(2745,5): error TS2339: Property 'hkern' does not exist on type 'JSX.IntrinsicElements'.
src/icons/Fonts/general-sans/GeneralSansMedium.tsx(2746,5): error TS2339: Property 'hkern' does not exist on type 'JSX.IntrinsicElements'.
src/icons/Fonts/general-sans/GeneralSansMedium.tsx(2747,5): error TS2339: Property 'hkern' does not exist on type 'JSX.IntrinsicElements'.
src/icons/Fonts/general-sans/GeneralSansMedium.tsx(2748,5): error TS2339: Property 'hkern' does not exist on type 'JSX.IntrinsicElements'.
src/icons/Fonts/general-sans/GeneralSansMedium.tsx(2749,5): error TS2339: Property 'hkern' does not exist on type 'JSX.IntrinsicElements'.
src/icons/Fonts/general-sans/GeneralSansMedium.tsx(2750,5): error TS2339: Property 'hkern' does not exist on type 'JSX.IntrinsicElements'.
src/icons/Fonts/general-sans/GeneralSansMedium.tsx(2751,5): error TS2339: Property 'hkern' does not exist on type 'JSX.IntrinsicElements'.
src/icons/Fonts/general-sans/GeneralSansMedium.tsx(2752,5): error TS2339: Property 'hkern' does not exist on type 'JSX.IntrinsicElements'.
src/icons/Fonts/general-sans/GeneralSansMedium.tsx(2753,5): error TS2339: Property 'hkern' does not exist on type 'JSX.IntrinsicElements'.
src/icons/Fonts/general-sans/GeneralSansMedium.tsx(2754,5): error TS2339: Property 'hkern' does not exist on type 'JSX.IntrinsicElements'.
src/icons/Fonts/general-sans/GeneralSansMedium.tsx(2755,5): error TS2339: Property 'hkern' does not exist on type 'JSX.IntrinsicElements'.
src/icons/Fonts/general-sans/GeneralSansMedium.tsx(2756,5): error TS2339: Property 'hkern' does not exist on type 'JSX.IntrinsicElements'.
src/icons/Fonts/general-sans/GeneralSansMedium.tsx(2757,5): error TS2339: Property 'hkern' does not exist on type 'JSX.IntrinsicElements'.
src/icons/Fonts/general-sans/GeneralSansMedium.tsx(2758,5): error TS2339: Property 'hkern' does not exist on type 'JSX.IntrinsicElements'.
src/icons/Fonts/general-sans/GeneralSansMedium.tsx(2759,5): error TS2339: Property 'hkern' does not exist on type 'JSX.IntrinsicElements'.
src/icons/Fonts/general-sans/GeneralSansMedium.tsx(2760,5): error TS2339: Property 'hkern' does not exist on type 'JSX.IntrinsicElements'.
src/icons/Fonts/general-sans/GeneralSansMedium.tsx(2761,5): error TS2339: Property 'hkern' does not exist on type 'JSX.IntrinsicElements'.
src/icons/Fonts/general-sans/GeneralSansMedium.tsx(2762,5): error TS2339: Property 'hkern' does not exist on type 'JSX.IntrinsicElements'.
src/icons/Fonts/general-sans/GeneralSansMedium.tsx(2763,5): error TS2339: Property 'hkern' does not exist on type 'JSX.IntrinsicElements'.
src/icons/Fonts/general-sans/GeneralSansMedium.tsx(2764,5): error TS2339: Property 'hkern' does not exist on type 'JSX.IntrinsicElements'.
src/icons/Fonts/general-sans/GeneralSansMedium.tsx(2765,5): error TS2339: Property 'hkern' does not exist on type 'JSX.IntrinsicElements'.
src/icons/Fonts/general-sans/GeneralSansMedium.tsx(2766,5): error TS2339: Property 'hkern' does not exist on type 'JSX.IntrinsicElements'.
src/icons/Fonts/general-sans/GeneralSansMedium.tsx(2767,5): error TS2339: Property 'hkern' does not exist on type 'JSX.IntrinsicElements'.
src/icons/Fonts/general-sans/GeneralSansMedium.tsx(2768,5): error TS2339: Property 'hkern' does not exist on type 'JSX.IntrinsicElements'.
src/icons/Fonts/general-sans/GeneralSansMedium.tsx(2769,5): error TS2339: Property 'hkern' does not exist on type 'JSX.IntrinsicElements'.
src/icons/Fonts/general-sans/GeneralSansMedium.tsx(2770,5): error TS2339: Property 'hkern' does not exist on type 'JSX.IntrinsicElements'.
src/icons/Fonts/general-sans/GeneralSansMedium.tsx(2771,5): error TS2339: Property 'hkern' does not exist on type 'JSX.IntrinsicElements'.
src/icons/Fonts/general-sans/GeneralSansMedium.tsx(2772,5): error TS2339: Property 'hkern' does not exist on type 'JSX.IntrinsicElements'.
src/icons/Fonts/general-sans/GeneralSansMedium.tsx(2773,5): error TS2339: Property 'hkern' does not exist on type 'JSX.IntrinsicElements'.
src/icons/Fonts/general-sans/GeneralSansMedium.tsx(2774,5): error TS2339: Property 'hkern' does not exist on type 'JSX.IntrinsicElements'.
src/icons/Fonts/general-sans/GeneralSansMedium.tsx(2775,5): error TS2339: Property 'hkern' does not exist on type 'JSX.IntrinsicElements'.
src/icons/Fonts/general-sans/GeneralSansMedium.tsx(2776,5): error TS2339: Property 'hkern' does not exist on type 'JSX.IntrinsicElements'.
src/icons/Fonts/general-sans/GeneralSansMedium.tsx(2777,5): error TS2339: Property 'hkern' does not exist on type 'JSX.IntrinsicElements'.
src/icons/Fonts/general-sans/GeneralSansMedium.tsx(2778,5): error TS2339: Property 'hkern' does not exist on type 'JSX.IntrinsicElements'.
src/icons/Fonts/general-sans/GeneralSansMedium.tsx(2779,5): error TS2339: Property 'hkern' does not exist on type 'JSX.IntrinsicElements'.
src/icons/Fonts/general-sans/GeneralSansMedium.tsx(2780,5): error TS2339: Property 'hkern' does not exist on type 'JSX.IntrinsicElements'.
src/icons/Fonts/general-sans/GeneralSansMedium.tsx(2781,5): error TS2339: Property 'hkern' does not exist on type 'JSX.IntrinsicElements'.
src/icons/Fonts/general-sans/GeneralSansMedium.tsx(2782,5): error TS2339: Property 'hkern' does not exist on type 'JSX.IntrinsicElements'.
src/icons/Fonts/general-sans/GeneralSansMedium.tsx(2783,5): error TS2339: Property 'hkern' does not exist on type 'JSX.IntrinsicElements'.
src/icons/Fonts/general-sans/GeneralSansMedium.tsx(2784,5): error TS2339: Property 'hkern' does not exist on type 'JSX.IntrinsicElements'.
src/icons/Fonts/general-sans/GeneralSansMedium.tsx(2785,5): error TS2339: Property 'hkern' does not exist on type 'JSX.IntrinsicElements'.
src/icons/Fonts/general-sans/GeneralSansMedium.tsx(2786,5): error TS2339: Property 'hkern' does not exist on type 'JSX.IntrinsicElements'.
src/icons/Fonts/general-sans/GeneralSansMedium.tsx(2787,5): error TS2339: Property 'hkern' does not exist on type 'JSX.IntrinsicElements'.
src/icons/Fonts/general-sans/GeneralSansMedium.tsx(2788,5): error TS2339: Property 'hkern' does not exist on type 'JSX.IntrinsicElements'.
src/icons/Fonts/general-sans/GeneralSansMedium.tsx(2789,5): error TS2339: Property 'hkern' does not exist on type 'JSX.IntrinsicElements'.
src/icons/Fonts/general-sans/GeneralSansMedium.tsx(2790,5): error TS2339: Property 'hkern' does not exist on type 'JSX.IntrinsicElements'.
src/icons/Fonts/general-sans/GeneralSansMedium.tsx(2791,5): error TS2339: Property 'hkern' does not exist on type 'JSX.IntrinsicElements'.
src/icons/Fonts/general-sans/GeneralSansMedium.tsx(2792,5): error TS2339: Property 'hkern' does not exist on type 'JSX.IntrinsicElements'.
src/icons/Fonts/general-sans/GeneralSansMedium.tsx(2793,5): error TS2339: Property 'hkern' does not exist on type 'JSX.IntrinsicElements'.
src/icons/Fonts/general-sans/GeneralSansMedium.tsx(2794,5): error TS2339: Property 'hkern' does not exist on type 'JSX.IntrinsicElements'.
src/icons/Fonts/general-sans/GeneralSansMedium.tsx(2795,5): error TS2339: Property 'hkern' does not exist on type 'JSX.IntrinsicElements'.
src/icons/Fonts/general-sans/GeneralSansMedium.tsx(2796,5): error TS2339: Property 'hkern' does not exist on type 'JSX.IntrinsicElements'.
src/icons/Fonts/general-sans/GeneralSansMedium.tsx(2797,5): error TS2339: Property 'hkern' does not exist on type 'JSX.IntrinsicElements'.
src/icons/Fonts/general-sans/GeneralSansMedium.tsx(2798,5): error TS2339: Property 'hkern' does not exist on type 'JSX.IntrinsicElements'.
src/icons/Fonts/general-sans/GeneralSansMedium.tsx(2799,5): error TS2339: Property 'hkern' does not exist on type 'JSX.IntrinsicElements'.
src/icons/Fonts/general-sans/GeneralSansMedium.tsx(2800,5): error TS2339: Property 'hkern' does not exist on type 'JSX.IntrinsicElements'.
src/icons/Fonts/general-sans/GeneralSansMedium.tsx(2801,5): error TS2339: Property 'hkern' does not exist on type 'JSX.IntrinsicElements'.
src/icons/Fonts/general-sans/GeneralSansMedium.tsx(2802,5): error TS2339: Property 'hkern' does not exist on type 'JSX.IntrinsicElements'.
src/icons/Fonts/general-sans/GeneralSansMedium.tsx(2803,5): error TS2339: Property 'hkern' does not exist on type 'JSX.IntrinsicElements'.
src/icons/Fonts/general-sans/GeneralSansMedium.tsx(2804,5): error TS2339: Property 'hkern' does not exist on type 'JSX.IntrinsicElements'.
src/icons/Fonts/general-sans/GeneralSansMedium.tsx(2805,5): error TS2339: Property 'hkern' does not exist on type 'JSX.IntrinsicElements'.
src/icons/Fonts/general-sans/GeneralSansMedium.tsx(2806,5): error TS2339: Property 'hkern' does not exist on type 'JSX.IntrinsicElements'.
src/icons/Fonts/general-sans/GeneralSansMedium.tsx(2807,5): error TS2339: Property 'hkern' does not exist on type 'JSX.IntrinsicElements'.
src/icons/Fonts/general-sans/GeneralSansMedium.tsx(2808,5): error TS2339: Property 'hkern' does not exist on type 'JSX.IntrinsicElements'.
src/icons/Fonts/general-sans/GeneralSansMedium.tsx(2809,5): error TS2339: Property 'hkern' does not exist on type 'JSX.IntrinsicElements'.
src/icons/Fonts/general-sans/GeneralSansMedium.tsx(2810,5): error TS2339: Property 'hkern' does not exist on type 'JSX.IntrinsicElements'.
src/icons/Fonts/general-sans/GeneralSansMedium.tsx(2811,5): error TS2339: Property 'hkern' does not exist on type 'JSX.IntrinsicElements'.
src/icons/Fonts/general-sans/GeneralSansMedium.tsx(2812,5): error TS2339: Property 'hkern' does not exist on type 'JSX.IntrinsicElements'.
src/icons/Fonts/general-sans/GeneralSansMedium.tsx(2813,5): error TS2339: Property 'hkern' does not exist on type 'JSX.IntrinsicElements'.
src/icons/Fonts/general-sans/GeneralSansMedium.tsx(2814,5): error TS2339: Property 'hkern' does not exist on type 'JSX.IntrinsicElements'.
src/icons/Fonts/general-sans/GeneralSansMedium.tsx(2815,5): error TS2339: Property 'hkern' does not exist on type 'JSX.IntrinsicElements'.
src/icons/Fonts/general-sans/GeneralSansMedium.tsx(2816,5): error TS2339: Property 'hkern' does not exist on type 'JSX.IntrinsicElements'.
src/icons/Fonts/general-sans/GeneralSansMedium.tsx(2817,5): error TS2339: Property 'hkern' does not exist on type 'JSX.IntrinsicElements'.
src/icons/Fonts/general-sans/GeneralSansMedium.tsx(2818,5): error TS2339: Property 'hkern' does not exist on type 'JSX.IntrinsicElements'.
src/icons/Fonts/general-sans/GeneralSansMedium.tsx(2819,5): error TS2339: Property 'hkern' does not exist on type 'JSX.IntrinsicElements'.
src/icons/Fonts/general-sans/GeneralSansMedium.tsx(2820,5): error TS2339: Property 'hkern' does not exist on type 'JSX.IntrinsicElements'.
src/icons/Fonts/general-sans/GeneralSansMedium.tsx(2821,5): error TS2339: Property 'hkern' does not exist on type 'JSX.IntrinsicElements'.
src/icons/Fonts/general-sans/GeneralSansMedium.tsx(2822,5): error TS2339: Property 'hkern' does not exist on type 'JSX.IntrinsicElements'.
src/icons/Fonts/general-sans/GeneralSansMedium.tsx(2823,5): error TS2339: Property 'hkern' does not exist on type 'JSX.IntrinsicElements'.
src/icons/Fonts/general-sans/GeneralSansMedium.tsx(2824,5): error TS2339: Property 'hkern' does not exist on type 'JSX.IntrinsicElements'.
src/icons/Fonts/general-sans/GeneralSansMedium.tsx(2825,5): error TS2339: Property 'hkern' does not exist on type 'JSX.IntrinsicElements'.
src/icons/Fonts/general-sans/GeneralSansMedium.tsx(2826,5): error TS2339: Property 'hkern' does not exist on type 'JSX.IntrinsicElements'.
src/icons/Fonts/general-sans/GeneralSansMedium.tsx(2827,5): error TS2339: Property 'hkern' does not exist on type 'JSX.IntrinsicElements'.
src/icons/Fonts/general-sans/GeneralSansMedium.tsx(2828,5): error TS2339: Property 'hkern' does not exist on type 'JSX.IntrinsicElements'.
src/icons/Fonts/general-sans/GeneralSansMedium.tsx(2829,5): error TS2339: Property 'hkern' does not exist on type 'JSX.IntrinsicElements'.
src/icons/Fonts/general-sans/GeneralSansMedium.tsx(2830,5): error TS2339: Property 'hkern' does not exist on type 'JSX.IntrinsicElements'.
src/icons/Fonts/general-sans/GeneralSansMedium.tsx(2831,5): error TS2339: Property 'hkern' does not exist on type 'JSX.IntrinsicElements'.
src/icons/Fonts/general-sans/GeneralSansMedium.tsx(2832,5): error TS2339: Property 'hkern' does not exist on type 'JSX.IntrinsicElements'.
src/icons/Fonts/general-sans/GeneralSansMedium.tsx(2833,5): error TS2339: Property 'hkern' does not exist on type 'JSX.IntrinsicElements'.
src/icons/Fonts/general-sans/GeneralSansMedium.tsx(2834,5): error TS2339: Property 'hkern' does not exist on type 'JSX.IntrinsicElements'.
src/icons/Fonts/general-sans/GeneralSansMedium.tsx(2835,5): error TS2339: Property 'hkern' does not exist on type 'JSX.IntrinsicElements'.
src/icons/Fonts/general-sans/GeneralSansMedium.tsx(2836,5): error TS2339: Property 'hkern' does not exist on type 'JSX.IntrinsicElements'.
src/icons/Fonts/general-sans/GeneralSansMedium.tsx(2837,5): error TS2339: Property 'hkern' does not exist on type 'JSX.IntrinsicElements'.
src/icons/Fonts/general-sans/GeneralSansMedium.tsx(2838,5): error TS2339: Property 'hkern' does not exist on type 'JSX.IntrinsicElements'.
src/icons/Fonts/general-sans/GeneralSansMedium.tsx(2839,5): error TS2339: Property 'hkern' does not exist on type 'JSX.IntrinsicElements'.
src/icons/Fonts/general-sans/GeneralSansMedium.tsx(2840,5): error TS2339: Property 'hkern' does not exist on type 'JSX.IntrinsicElements'.
src/icons/Fonts/general-sans/GeneralSansMedium.tsx(2841,5): error TS2339: Property 'hkern' does not exist on type 'JSX.IntrinsicElements'.
src/icons/Fonts/general-sans/GeneralSansMedium.tsx(2842,5): error TS2339: Property 'hkern' does not exist on type 'JSX.IntrinsicElements'.
src/icons/Fonts/general-sans/GeneralSansMedium.tsx(2843,5): error TS2339: Property 'hkern' does not exist on type 'JSX.IntrinsicElements'.
src/icons/Fonts/general-sans/GeneralSansMedium.tsx(2844,5): error TS2339: Property 'hkern' does not exist on type 'JSX.IntrinsicElements'.
src/icons/Fonts/general-sans/GeneralSansMedium.tsx(2845,5): error TS2339: Property 'hkern' does not exist on type 'JSX.IntrinsicElements'.
src/icons/Fonts/general-sans/GeneralSansMedium.tsx(2846,5): error TS2339: Property 'hkern' does not exist on type 'JSX.IntrinsicElements'.
src/icons/Fonts/general-sans/GeneralSansMedium.tsx(2847,5): error TS2339: Property 'hkern' does not exist on type 'JSX.IntrinsicElements'.
src/icons/Fonts/general-sans/GeneralSansMedium.tsx(2848,5): error TS2339: Property 'hkern' does not exist on type 'JSX.IntrinsicElements'.
src/icons/Fonts/general-sans/GeneralSansMedium.tsx(2849,5): error TS2339: Property 'hkern' does not exist on type 'JSX.IntrinsicElements'.
src/icons/Fonts/general-sans/GeneralSansMedium.tsx(2850,5): error TS2339: Property 'hkern' does not exist on type 'JSX.IntrinsicElements'.
src/icons/Fonts/general-sans/GeneralSansMedium.tsx(2851,5): error TS2339: Property 'hkern' does not exist on type 'JSX.IntrinsicElements'.
src/icons/Fonts/general-sans/GeneralSansMedium.tsx(2852,5): error TS2339: Property 'hkern' does not exist on type 'JSX.IntrinsicElements'.
src/icons/Fonts/general-sans/GeneralSansMedium.tsx(2853,5): error TS2339: Property 'hkern' does not exist on type 'JSX.IntrinsicElements'.
src/icons/Fonts/general-sans/GeneralSansMedium.tsx(2854,5): error TS2339: Property 'hkern' does not exist on type 'JSX.IntrinsicElements'.
src/icons/Fonts/general-sans/GeneralSansMedium.tsx(2855,5): error TS2339: Property 'hkern' does not exist on type 'JSX.IntrinsicElements'.
src/icons/Fonts/general-sans/GeneralSansMedium.tsx(2856,5): error TS2339: Property 'hkern' does not exist on type 'JSX.IntrinsicElements'.
src/icons/Fonts/general-sans/GeneralSansMedium.tsx(2857,5): error TS2339: Property 'hkern' does not exist on type 'JSX.IntrinsicElements'.
src/icons/Fonts/general-sans/GeneralSansMedium.tsx(2858,5): error TS2339: Property 'hkern' does not exist on type 'JSX.IntrinsicElements'.
src/icons/Fonts/general-sans/GeneralSansMedium.tsx(2859,5): error TS2339: Property 'hkern' does not exist on type 'JSX.IntrinsicElements'.
src/icons/Fonts/general-sans/GeneralSansMedium.tsx(2860,5): error TS2339: Property 'hkern' does not exist on type 'JSX.IntrinsicElements'.
src/icons/Fonts/general-sans/GeneralSansMedium.tsx(2861,5): error TS2339: Property 'hkern' does not exist on type 'JSX.IntrinsicElements'.
src/icons/Fonts/general-sans/GeneralSansMedium.tsx(2862,5): error TS2339: Property 'hkern' does not exist on type 'JSX.IntrinsicElements'.
src/icons/Fonts/general-sans/GeneralSansMedium.tsx(2863,5): error TS2339: Property 'hkern' does not exist on type 'JSX.IntrinsicElements'.
src/icons/Fonts/general-sans/GeneralSansMedium.tsx(2864,5): error TS2339: Property 'hkern' does not exist on type 'JSX.IntrinsicElements'.
src/icons/Fonts/general-sans/GeneralSansMedium.tsx(2865,5): error TS2339: Property 'hkern' does not exist on type 'JSX.IntrinsicElements'.
src/icons/Fonts/general-sans/GeneralSansMedium.tsx(2866,5): error TS2339: Property 'hkern' does not exist on type 'JSX.IntrinsicElements'.
src/icons/Fonts/general-sans/GeneralSansMedium.tsx(2867,5): error TS2339: Property 'hkern' does not exist on type 'JSX.IntrinsicElements'.
src/icons/Fonts/general-sans/GeneralSansMedium.tsx(2868,5): error TS2339: Property 'hkern' does not exist on type 'JSX.IntrinsicElements'.
src/icons/Fonts/general-sans/GeneralSansMedium.tsx(2869,5): error TS2339: Property 'hkern' does not exist on type 'JSX.IntrinsicElements'.
src/icons/Fonts/general-sans/GeneralSansMedium.tsx(2870,5): error TS2339: Property 'hkern' does not exist on type 'JSX.IntrinsicElements'.
src/icons/Fonts/general-sans/GeneralSansMedium.tsx(2871,5): error TS2339: Property 'hkern' does not exist on type 'JSX.IntrinsicElements'.
src/icons/Fonts/general-sans/GeneralSansMedium.tsx(2872,5): error TS2339: Property 'hkern' does not exist on type 'JSX.IntrinsicElements'.
src/icons/Fonts/general-sans/GeneralSansMedium.tsx(2873,5): error TS2339: Property 'hkern' does not exist on type 'JSX.IntrinsicElements'.
src/icons/Fonts/general-sans/GeneralSansMedium.tsx(2874,5): error TS2339: Property 'hkern' does not exist on type 'JSX.IntrinsicElements'.
src/icons/Fonts/general-sans/GeneralSansMedium.tsx(2875,5): error TS2339: Property 'hkern' does not exist on type 'JSX.IntrinsicElements'.
src/icons/Fonts/general-sans/GeneralSansMedium.tsx(2876,5): error TS2339: Property 'hkern' does not exist on type 'JSX.IntrinsicElements'.
src/icons/Fonts/general-sans/GeneralSansMedium.tsx(2877,5): error TS2339: Property 'hkern' does not exist on type 'JSX.IntrinsicElements'.
src/icons/Fonts/general-sans/GeneralSansMedium.tsx(2878,5): error TS2339: Property 'hkern' does not exist on type 'JSX.IntrinsicElements'.
src/icons/Fonts/general-sans/GeneralSansMedium.tsx(2879,5): error TS2339: Property 'hkern' does not exist on type 'JSX.IntrinsicElements'.
src/icons/Fonts/general-sans/GeneralSansMedium.tsx(2880,5): error TS2339: Property 'hkern' does not exist on type 'JSX.IntrinsicElements'.
src/icons/Fonts/general-sans/GeneralSansMedium.tsx(2881,5): error TS2339: Property 'hkern' does not exist on type 'JSX.IntrinsicElements'.
src/icons/Fonts/general-sans/GeneralSansMedium.tsx(2882,5): error TS2339: Property 'hkern' does not exist on type 'JSX.IntrinsicElements'.
src/icons/Fonts/general-sans/GeneralSansMedium.tsx(2883,5): error TS2339: Property 'hkern' does not exist on type 'JSX.IntrinsicElements'.
src/icons/Fonts/general-sans/GeneralSansMedium.tsx(2884,5): error TS2339: Property 'hkern' does not exist on type 'JSX.IntrinsicElements'.
src/icons/Fonts/general-sans/GeneralSansMedium.tsx(2885,5): error TS2339: Property 'hkern' does not exist on type 'JSX.IntrinsicElements'.
src/icons/Fonts/general-sans/GeneralSansMedium.tsx(2886,5): error TS2339: Property 'hkern' does not exist on type 'JSX.IntrinsicElements'.
src/icons/Fonts/general-sans/GeneralSansMedium.tsx(2887,5): error TS2339: Property 'hkern' does not exist on type 'JSX.IntrinsicElements'.
src/icons/Fonts/general-sans/GeneralSansMedium.tsx(2888,5): error TS2339: Property 'hkern' does not exist on type 'JSX.IntrinsicElements'.
src/icons/Fonts/general-sans/GeneralSansMedium.tsx(2889,5): error TS2339: Property 'hkern' does not exist on type 'JSX.IntrinsicElements'.
src/icons/Fonts/general-sans/GeneralSansMedium.tsx(2890,5): error TS2339: Property 'hkern' does not exist on type 'JSX.IntrinsicElements'.
src/icons/Fonts/general-sans/GeneralSansMedium.tsx(2891,5): error TS2339: Property 'hkern' does not exist on type 'JSX.IntrinsicElements'.
src/icons/Fonts/general-sans/GeneralSansMedium.tsx(2892,5): error TS2339: Property 'hkern' does not exist on type 'JSX.IntrinsicElements'.
src/icons/Fonts/general-sans/GeneralSansMedium.tsx(2893,5): error TS2339: Property 'hkern' does not exist on type 'JSX.IntrinsicElements'.
src/icons/Fonts/general-sans/GeneralSansMedium.tsx(2894,5): error TS2339: Property 'hkern' does not exist on type 'JSX.IntrinsicElements'.
src/icons/Fonts/general-sans/GeneralSansMedium.tsx(2895,5): error TS2339: Property 'hkern' does not exist on type 'JSX.IntrinsicElements'.
src/icons/Fonts/general-sans/GeneralSansMedium.tsx(2896,5): error TS2339: Property 'hkern' does not exist on type 'JSX.IntrinsicElements'.
src/icons/Fonts/general-sans/GeneralSansMedium.tsx(2897,5): error TS2339: Property 'hkern' does not exist on type 'JSX.IntrinsicElements'.
src/icons/Fonts/general-sans/GeneralSansMedium.tsx(2898,5): error TS2339: Property 'hkern' does not exist on type 'JSX.IntrinsicElements'.
src/icons/Fonts/general-sans/GeneralSansMedium.tsx(2899,5): error TS2339: Property 'hkern' does not exist on type 'JSX.IntrinsicElements'.
src/icons/Fonts/general-sans/GeneralSansMedium.tsx(2900,5): error TS2339: Property 'hkern' does not exist on type 'JSX.IntrinsicElements'.
src/icons/Fonts/general-sans/GeneralSansMedium.tsx(2901,5): error TS2339: Property 'hkern' does not exist on type 'JSX.IntrinsicElements'.
src/icons/Fonts/general-sans/GeneralSansMedium.tsx(2902,5): error TS2339: Property 'hkern' does not exist on type 'JSX.IntrinsicElements'.
src/icons/Fonts/general-sans/GeneralSansMedium.tsx(2903,5): error TS2339: Property 'hkern' does not exist on type 'JSX.IntrinsicElements'.
src/icons/Fonts/general-sans/GeneralSansMedium.tsx(2904,5): error TS2339: Property 'hkern' does not exist on type 'JSX.IntrinsicElements'.
src/icons/Fonts/general-sans/GeneralSansMedium.tsx(2905,5): error TS2339: Property 'hkern' does not exist on type 'JSX.IntrinsicElements'.
src/icons/Fonts/general-sans/GeneralSansMedium.tsx(2906,5): error TS2339: Property 'hkern' does not exist on type 'JSX.IntrinsicElements'.
src/icons/Fonts/general-sans/GeneralSansMedium.tsx(2907,5): error TS2339: Property 'hkern' does not exist on type 'JSX.IntrinsicElements'.
src/icons/Fonts/general-sans/GeneralSansMedium.tsx(2908,5): error TS2339: Property 'hkern' does not exist on type 'JSX.IntrinsicElements'.
src/icons/Fonts/general-sans/GeneralSansMedium.tsx(2909,5): error TS2339: Property 'hkern' does not exist on type 'JSX.IntrinsicElements'.
src/icons/Fonts/general-sans/GeneralSansMedium.tsx(2910,5): error TS2339: Property 'hkern' does not exist on type 'JSX.IntrinsicElements'.
src/icons/Fonts/general-sans/GeneralSansMedium.tsx(2911,5): error TS2339: Property 'hkern' does not exist on type 'JSX.IntrinsicElements'.
src/icons/Fonts/general-sans/GeneralSansMedium.tsx(2912,5): error TS2339: Property 'hkern' does not exist on type 'JSX.IntrinsicElements'.
src/icons/Fonts/general-sans/GeneralSansMedium.tsx(2913,5): error TS2339: Property 'hkern' does not exist on type 'JSX.IntrinsicElements'.
src/icons/Fonts/general-sans/GeneralSansMedium.tsx(2914,5): error TS2339: Property 'hkern' does not exist on type 'JSX.IntrinsicElements'.
src/icons/Fonts/general-sans/GeneralSansMedium.tsx(2915,5): error TS2339: Property 'hkern' does not exist on type 'JSX.IntrinsicElements'.
src/icons/Fonts/general-sans/GeneralSansMedium.tsx(2916,5): error TS2339: Property 'hkern' does not exist on type 'JSX.IntrinsicElements'.
src/icons/Fonts/general-sans/GeneralSansMedium.tsx(2917,5): error TS2339: Property 'hkern' does not exist on type 'JSX.IntrinsicElements'.
src/icons/Fonts/general-sans/GeneralSansMedium.tsx(2918,5): error TS2339: Property 'hkern' does not exist on type 'JSX.IntrinsicElements'.
src/icons/Fonts/general-sans/GeneralSansMedium.tsx(2919,5): error TS2339: Property 'hkern' does not exist on type 'JSX.IntrinsicElements'.
src/icons/Fonts/general-sans/GeneralSansMedium.tsx(2920,5): error TS2339: Property 'hkern' does not exist on type 'JSX.IntrinsicElements'.
src/icons/Fonts/general-sans/GeneralSansMedium.tsx(2921,5): error TS2339: Property 'hkern' does not exist on type 'JSX.IntrinsicElements'.
src/icons/Fonts/general-sans/GeneralSansMedium.tsx(2922,5): error TS2339: Property 'hkern' does not exist on type 'JSX.IntrinsicElements'.
src/icons/Fonts/general-sans/GeneralSansMedium.tsx(2923,5): error TS2339: Property 'hkern' does not exist on type 'JSX.IntrinsicElements'.
src/icons/Fonts/general-sans/GeneralSansMedium.tsx(2924,5): error TS2339: Property 'hkern' does not exist on type 'JSX.IntrinsicElements'.
src/icons/Fonts/general-sans/GeneralSansMedium.tsx(2925,5): error TS2339: Property 'hkern' does not exist on type 'JSX.IntrinsicElements'.
src/icons/Fonts/general-sans/GeneralSansMedium.tsx(2926,5): error TS2339: Property 'hkern' does not exist on type 'JSX.IntrinsicElements'.
src/icons/Fonts/general-sans/GeneralSansMedium.tsx(2927,5): error TS2339: Property 'hkern' does not exist on type 'JSX.IntrinsicElements'.
src/icons/Fonts/general-sans/GeneralSansMedium.tsx(2928,5): error TS2339: Property 'hkern' does not exist on type 'JSX.IntrinsicElements'.
src/icons/Fonts/general-sans/GeneralSansMedium.tsx(2929,5): error TS2339: Property 'hkern' does not exist on type 'JSX.IntrinsicElements'.
src/icons/Fonts/general-sans/GeneralSansMedium.tsx(2930,5): error TS2339: Property 'hkern' does not exist on type 'JSX.IntrinsicElements'.
src/icons/Fonts/general-sans/GeneralSansMedium.tsx(2931,5): error TS2339: Property 'hkern' does not exist on type 'JSX.IntrinsicElements'.
src/icons/Fonts/general-sans/GeneralSansMedium.tsx(2932,5): error TS2339: Property 'hkern' does not exist on type 'JSX.IntrinsicElements'.
src/icons/Fonts/general-sans/GeneralSansMedium.tsx(2933,5): error TS2339: Property 'hkern' does not exist on type 'JSX.IntrinsicElements'.
src/icons/Fonts/general-sans/GeneralSansMedium.tsx(2934,5): error TS2339: Property 'hkern' does not exist on type 'JSX.IntrinsicElements'.
src/icons/Fonts/general-sans/GeneralSansMedium.tsx(2935,5): error TS2339: Property 'hkern' does not exist on type 'JSX.IntrinsicElements'.
src/icons/Fonts/general-sans/GeneralSansMedium.tsx(2936,5): error TS2339: Property 'hkern' does not exist on type 'JSX.IntrinsicElements'.
src/icons/Fonts/general-sans/GeneralSansMedium.tsx(2937,5): error TS2339: Property 'hkern' does not exist on type 'JSX.IntrinsicElements'.
src/icons/Fonts/general-sans/GeneralSansMedium.tsx(2938,5): error TS2339: Property 'hkern' does not exist on type 'JSX.IntrinsicElements'.
src/icons/Fonts/general-sans/GeneralSansMedium.tsx(2939,5): error TS2339: Property 'hkern' does not exist on type 'JSX.IntrinsicElements'.
src/icons/Fonts/general-sans/GeneralSansMedium.tsx(2940,5): error TS2339: Property 'hkern' does not exist on type 'JSX.IntrinsicElements'.
src/icons/Fonts/general-sans/GeneralSansMedium.tsx(2941,5): error TS2339: Property 'hkern' does not exist on type 'JSX.IntrinsicElements'.
src/icons/Fonts/general-sans/GeneralSansMedium.tsx(2942,5): error TS2339: Property 'hkern' does not exist on type 'JSX.IntrinsicElements'.
src/icons/Fonts/general-sans/GeneralSansMedium.tsx(2943,5): error TS2339: Property 'hkern' does not exist on type 'JSX.IntrinsicElements'.
src/icons/Fonts/general-sans/GeneralSansMedium.tsx(2944,5): error TS2339: Property 'hkern' does not exist on type 'JSX.IntrinsicElements'.
src/icons/Fonts/general-sans/GeneralSansMedium.tsx(2945,5): error TS2339: Property 'hkern' does not exist on type 'JSX.IntrinsicElements'.
src/icons/Fonts/general-sans/GeneralSansMedium.tsx(2946,5): error TS2339: Property 'hkern' does not exist on type 'JSX.IntrinsicElements'.
src/icons/Fonts/general-sans/GeneralSansMedium.tsx(2947,5): error TS2339: Property 'hkern' does not exist on type 'JSX.IntrinsicElements'.
src/icons/Fonts/general-sans/GeneralSansMedium.tsx(2948,5): error TS2339: Property 'hkern' does not exist on type 'JSX.IntrinsicElements'.
src/icons/Fonts/general-sans/GeneralSansMedium.tsx(2949,5): error TS2339: Property 'hkern' does not exist on type 'JSX.IntrinsicElements'.
src/icons/Fonts/general-sans/GeneralSansMedium.tsx(2950,5): error TS2339: Property 'hkern' does not exist on type 'JSX.IntrinsicElements'.
src/icons/Fonts/general-sans/GeneralSansMedium.tsx(2951,5): error TS2339: Property 'hkern' does not exist on type 'JSX.IntrinsicElements'.
src/icons/Fonts/general-sans/GeneralSansMedium.tsx(2952,5): error TS2339: Property 'hkern' does not exist on type 'JSX.IntrinsicElements'.
src/icons/Fonts/general-sans/GeneralSansMedium.tsx(2953,5): error TS2339: Property 'hkern' does not exist on type 'JSX.IntrinsicElements'.
src/icons/Fonts/general-sans/GeneralSansMedium.tsx(2954,5): error TS2339: Property 'hkern' does not exist on type 'JSX.IntrinsicElements'.
src/icons/Fonts/general-sans/GeneralSansMedium.tsx(2955,5): error TS2339: Property 'hkern' does not exist on type 'JSX.IntrinsicElements'.
src/icons/Fonts/general-sans/GeneralSansMedium.tsx(2956,5): error TS2339: Property 'hkern' does not exist on type 'JSX.IntrinsicElements'.
src/icons/Fonts/general-sans/GeneralSansMedium.tsx(2957,5): error TS2339: Property 'hkern' does not exist on type 'JSX.IntrinsicElements'.
src/icons/Fonts/general-sans/GeneralSansMedium.tsx(2958,5): error TS2339: Property 'hkern' does not exist on type 'JSX.IntrinsicElements'.
src/icons/Fonts/general-sans/GeneralSansMedium.tsx(2959,5): error TS2339: Property 'hkern' does not exist on type 'JSX.IntrinsicElements'.
src/icons/Fonts/general-sans/GeneralSansMedium.tsx(2960,5): error TS2339: Property 'hkern' does not exist on type 'JSX.IntrinsicElements'.
src/icons/Fonts/general-sans/GeneralSansMedium.tsx(2961,5): error TS2339: Property 'hkern' does not exist on type 'JSX.IntrinsicElements'.
src/icons/Fonts/general-sans/GeneralSansMedium.tsx(2962,5): error TS2339: Property 'hkern' does not exist on type 'JSX.IntrinsicElements'.
src/icons/Fonts/general-sans/GeneralSansMedium.tsx(2963,5): error TS2339: Property 'hkern' does not exist on type 'JSX.IntrinsicElements'.
src/icons/Fonts/general-sans/GeneralSansMedium.tsx(2964,5): error TS2339: Property 'hkern' does not exist on type 'JSX.IntrinsicElements'.
src/icons/Fonts/general-sans/GeneralSansMedium.tsx(2965,5): error TS2339: Property 'hkern' does not exist on type 'JSX.IntrinsicElements'.
src/icons/Fonts/general-sans/GeneralSansMedium.tsx(2966,5): error TS2339: Property 'hkern' does not exist on type 'JSX.IntrinsicElements'.
src/icons/Fonts/general-sans/GeneralSansMedium.tsx(2967,5): error TS2339: Property 'hkern' does not exist on type 'JSX.IntrinsicElements'.
src/icons/Fonts/general-sans/GeneralSansMedium.tsx(2968,5): error TS2339: Property 'hkern' does not exist on type 'JSX.IntrinsicElements'.
src/icons/Fonts/general-sans/GeneralSansMedium.tsx(2969,5): error TS2339: Property 'hkern' does not exist on type 'JSX.IntrinsicElements'.
src/icons/Fonts/general-sans/GeneralSansMedium.tsx(2970,5): error TS2339: Property 'hkern' does not exist on type 'JSX.IntrinsicElements'.
src/icons/Fonts/general-sans/GeneralSansMedium.tsx(2971,5): error TS2339: Property 'hkern' does not exist on type 'JSX.IntrinsicElements'.
src/icons/Fonts/general-sans/GeneralSansMedium.tsx(2972,5): error TS2339: Property 'hkern' does not exist on type 'JSX.IntrinsicElements'.
src/icons/Fonts/general-sans/GeneralSansMedium.tsx(2973,5): error TS2339: Property 'hkern' does not exist on type 'JSX.IntrinsicElements'.
src/icons/Fonts/general-sans/GeneralSansMedium.tsx(2974,5): error TS2339: Property 'hkern' does not exist on type 'JSX.IntrinsicElements'.
src/icons/Fonts/general-sans/GeneralSansMedium.tsx(2975,5): error TS2339: Property 'hkern' does not exist on type 'JSX.IntrinsicElements'.
src/icons/Fonts/general-sans/GeneralSansMedium.tsx(2976,5): error TS2339: Property 'hkern' does not exist on type 'JSX.IntrinsicElements'.
src/icons/Fonts/general-sans/GeneralSansMedium.tsx(2977,5): error TS2339: Property 'hkern' does not exist on type 'JSX.IntrinsicElements'.
src/icons/Fonts/general-sans/GeneralSansMedium.tsx(2978,5): error TS2339: Property 'hkern' does not exist on type 'JSX.IntrinsicElements'.
src/icons/Fonts/general-sans/GeneralSansMedium.tsx(2979,5): error TS2339: Property 'hkern' does not exist on type 'JSX.IntrinsicElements'.
src/icons/Fonts/general-sans/GeneralSansMedium.tsx(2980,5): error TS2339: Property 'hkern' does not exist on type 'JSX.IntrinsicElements'.
src/icons/Fonts/general-sans/GeneralSansMedium.tsx(2981,5): error TS2339: Property 'hkern' does not exist on type 'JSX.IntrinsicElements'.
src/icons/Fonts/general-sans/GeneralSansMedium.tsx(2982,5): error TS2339: Property 'hkern' does not exist on type 'JSX.IntrinsicElements'.
src/icons/Fonts/general-sans/GeneralSansMedium.tsx(2983,5): error TS2339: Property 'hkern' does not exist on type 'JSX.IntrinsicElements'.
src/icons/Fonts/general-sans/GeneralSansMedium.tsx(2984,5): error TS2339: Property 'hkern' does not exist on type 'JSX.IntrinsicElements'.
src/icons/Fonts/general-sans/GeneralSansMedium.tsx(2985,5): error TS2339: Property 'hkern' does not exist on type 'JSX.IntrinsicElements'.
src/icons/Fonts/general-sans/GeneralSansMedium.tsx(2986,5): error TS2339: Property 'hkern' does not exist on type 'JSX.IntrinsicElements'.
src/icons/Fonts/general-sans/GeneralSansMedium.tsx(2987,5): error TS2339: Property 'hkern' does not exist on type 'JSX.IntrinsicElements'.
src/icons/Fonts/general-sans/GeneralSansMedium.tsx(2988,5): error TS2339: Property 'hkern' does not exist on type 'JSX.IntrinsicElements'.
src/icons/Fonts/general-sans/GeneralSansMedium.tsx(2989,5): error TS2339: Property 'hkern' does not exist on type 'JSX.IntrinsicElements'.
src/icons/Fonts/general-sans/GeneralSansMedium.tsx(2990,5): error TS2339: Property 'hkern' does not exist on type 'JSX.IntrinsicElements'.
src/icons/Fonts/general-sans/GeneralSansMedium.tsx(2991,5): error TS2339: Property 'hkern' does not exist on type 'JSX.IntrinsicElements'.
src/icons/Fonts/general-sans/GeneralSansMedium.tsx(2992,5): error TS2339: Property 'hkern' does not exist on type 'JSX.IntrinsicElements'.
src/icons/Fonts/general-sans/GeneralSansMedium.tsx(2993,5): error TS2339: Property 'hkern' does not exist on type 'JSX.IntrinsicElements'.
src/icons/Fonts/general-sans/GeneralSansMedium.tsx(2994,5): error TS2339: Property 'hkern' does not exist on type 'JSX.IntrinsicElements'.
src/icons/Fonts/general-sans/GeneralSansMedium.tsx(2995,5): error TS2339: Property 'hkern' does not exist on type 'JSX.IntrinsicElements'.
src/icons/Fonts/general-sans/GeneralSansMedium.tsx(2996,5): error TS2339: Property 'hkern' does not exist on type 'JSX.IntrinsicElements'.
src/icons/Fonts/general-sans/GeneralSansMedium.tsx(2997,5): error TS2339: Property 'hkern' does not exist on type 'JSX.IntrinsicElements'.
src/icons/Fonts/general-sans/GeneralSansMedium.tsx(2998,5): error TS2339: Property 'hkern' does not exist on type 'JSX.IntrinsicElements'.
src/icons/Fonts/general-sans/GeneralSansMedium.tsx(2999,5): error TS2339: Property 'hkern' does not exist on type 'JSX.IntrinsicElements'.
src/icons/Fonts/general-sans/GeneralSansMedium.tsx(3000,5): error TS2339: Property 'hkern' does not exist on type 'JSX.IntrinsicElements'.
src/icons/Fonts/general-sans/GeneralSansMedium.tsx(3001,5): error TS2339: Property 'hkern' does not exist on type 'JSX.IntrinsicElements'.
src/icons/Fonts/general-sans/GeneralSansMedium.tsx(3002,5): error TS2339: Property 'hkern' does not exist on type 'JSX.IntrinsicElements'.
src/icons/Fonts/general-sans/GeneralSansMedium.tsx(3003,5): error TS2339: Property 'hkern' does not exist on type 'JSX.IntrinsicElements'.
src/icons/Fonts/general-sans/GeneralSansMedium.tsx(3004,5): error TS2339: Property 'hkern' does not exist on type 'JSX.IntrinsicElements'.
src/icons/Fonts/general-sans/GeneralSansMedium.tsx(3005,5): error TS2339: Property 'hkern' does not exist on type 'JSX.IntrinsicElements'.
src/icons/Fonts/general-sans/GeneralSansMedium.tsx(3006,5): error TS2339: Property 'hkern' does not exist on type 'JSX.IntrinsicElements'.
src/icons/Fonts/general-sans/GeneralSansMedium.tsx(3007,5): error TS2339: Property 'hkern' does not exist on type 'JSX.IntrinsicElements'.
src/icons/Fonts/general-sans/GeneralSansMedium.tsx(3008,5): error TS2339: Property 'hkern' does not exist on type 'JSX.IntrinsicElements'.
src/icons/Fonts/general-sans/GeneralSansMedium.tsx(3009,5): error TS2339: Property 'hkern' does not exist on type 'JSX.IntrinsicElements'.
src/icons/Fonts/general-sans/GeneralSansMedium.tsx(3010,5): error TS2339: Property 'hkern' does not exist on type 'JSX.IntrinsicElements'.
src/icons/Fonts/general-sans/GeneralSansMedium.tsx(3011,5): error TS2339: Property 'hkern' does not exist on type 'JSX.IntrinsicElements'.
src/icons/Fonts/general-sans/GeneralSansMedium.tsx(3012,5): error TS2339: Property 'hkern' does not exist on type 'JSX.IntrinsicElements'.
src/icons/Fonts/general-sans/GeneralSansMedium.tsx(3013,5): error TS2339: Property 'hkern' does not exist on type 'JSX.IntrinsicElements'.
src/icons/Fonts/general-sans/GeneralSansMedium.tsx(3014,5): error TS2339: Property 'hkern' does not exist on type 'JSX.IntrinsicElements'.
src/icons/Fonts/general-sans/GeneralSansMedium.tsx(3015,5): error TS2339: Property 'hkern' does not exist on type 'JSX.IntrinsicElements'.
src/icons/Fonts/general-sans/GeneralSansMedium.tsx(3016,5): error TS2339: Property 'hkern' does not exist on type 'JSX.IntrinsicElements'.
src/icons/Fonts/general-sans/GeneralSansMedium.tsx(3017,5): error TS2339: Property 'hkern' does not exist on type 'JSX.IntrinsicElements'.
src/icons/Fonts/general-sans/GeneralSansMedium.tsx(3018,5): error TS2339: Property 'hkern' does not exist on type 'JSX.IntrinsicElements'.
src/icons/Fonts/general-sans/GeneralSansMedium.tsx(3019,5): error TS2339: Property 'hkern' does not exist on type 'JSX.IntrinsicElements'.
src/icons/Fonts/general-sans/GeneralSansMedium.tsx(3020,5): error TS2339: Property 'hkern' does not exist on type 'JSX.IntrinsicElements'.
src/icons/Fonts/general-sans/GeneralSansMedium.tsx(3021,5): error TS2339: Property 'hkern' does not exist on type 'JSX.IntrinsicElements'.
src/icons/Fonts/general-sans/GeneralSansMedium.tsx(3022,5): error TS2339: Property 'hkern' does not exist on type 'JSX.IntrinsicElements'.
src/icons/Fonts/general-sans/GeneralSansMedium.tsx(3023,5): error TS2339: Property 'hkern' does not exist on type 'JSX.IntrinsicElements'.
src/icons/Fonts/general-sans/GeneralSansMedium.tsx(3024,5): error TS2339: Property 'hkern' does not exist on type 'JSX.IntrinsicElements'.
src/icons/Fonts/general-sans/GeneralSansMedium.tsx(3025,5): error TS2339: Property 'hkern' does not exist on type 'JSX.IntrinsicElements'.
src/icons/Fonts/general-sans/GeneralSansMedium.tsx(3026,5): error TS2339: Property 'hkern' does not exist on type 'JSX.IntrinsicElements'.
src/icons/Fonts/general-sans/GeneralSansMedium.tsx(3027,5): error TS2339: Property 'hkern' does not exist on type 'JSX.IntrinsicElements'.
src/icons/Fonts/general-sans/GeneralSansMedium.tsx(3028,5): error TS2339: Property 'hkern' does not exist on type 'JSX.IntrinsicElements'.
src/icons/Fonts/general-sans/GeneralSansMedium.tsx(3029,5): error TS2339: Property 'hkern' does not exist on type 'JSX.IntrinsicElements'.
src/icons/Fonts/general-sans/GeneralSansMedium.tsx(3030,5): error TS2339: Property 'hkern' does not exist on type 'JSX.IntrinsicElements'.
src/icons/Fonts/general-sans/GeneralSansMedium.tsx(3031,5): error TS2339: Property 'hkern' does not exist on type 'JSX.IntrinsicElements'.
src/icons/Fonts/general-sans/GeneralSansMedium.tsx(3032,5): error TS2339: Property 'hkern' does not exist on type 'JSX.IntrinsicElements'.
src/icons/Fonts/general-sans/GeneralSansMedium.tsx(3033,5): error TS2339: Property 'hkern' does not exist on type 'JSX.IntrinsicElements'.
src/icons/Fonts/general-sans/GeneralSansMedium.tsx(3034,5): error TS2339: Property 'hkern' does not exist on type 'JSX.IntrinsicElements'.
src/icons/Fonts/general-sans/GeneralSansMedium.tsx(3035,5): error TS2339: Property 'hkern' does not exist on type 'JSX.IntrinsicElements'.
src/icons/Fonts/general-sans/GeneralSansMedium.tsx(3036,5): error TS2339: Property 'hkern' does not exist on type 'JSX.IntrinsicElements'.
src/icons/Fonts/general-sans/GeneralSansMedium.tsx(3037,5): error TS2339: Property 'hkern' does not exist on type 'JSX.IntrinsicElements'.
src/icons/Fonts/general-sans/GeneralSansMedium.tsx(3038,5): error TS2339: Property 'hkern' does not exist on type 'JSX.IntrinsicElements'.
src/icons/Fonts/general-sans/GeneralSansMedium.tsx(3039,5): error TS2339: Property 'hkern' does not exist on type 'JSX.IntrinsicElements'.
src/icons/Fonts/general-sans/GeneralSansMedium.tsx(3040,5): error TS2339: Property 'hkern' does not exist on type 'JSX.IntrinsicElements'.
src/icons/Fonts/general-sans/GeneralSansMedium.tsx(3041,5): error TS2339: Property 'hkern' does not exist on type 'JSX.IntrinsicElements'.
src/icons/Fonts/general-sans/GeneralSansMedium.tsx(3042,5): error TS2339: Property 'hkern' does not exist on type 'JSX.IntrinsicElements'.
src/icons/Fonts/general-sans/GeneralSansMedium.tsx(3043,5): error TS2339: Property 'hkern' does not exist on type 'JSX.IntrinsicElements'.
src/icons/Fonts/general-sans/GeneralSansMedium.tsx(3044,5): error TS2339: Property 'hkern' does not exist on type 'JSX.IntrinsicElements'.
src/icons/Fonts/general-sans/GeneralSansMedium.tsx(3045,5): error TS2339: Property 'hkern' does not exist on type 'JSX.IntrinsicElements'.
src/icons/Fonts/general-sans/GeneralSansMedium.tsx(3046,5): error TS2339: Property 'hkern' does not exist on type 'JSX.IntrinsicElements'.
src/icons/Fonts/general-sans/GeneralSansMedium.tsx(3047,5): error TS2339: Property 'hkern' does not exist on type 'JSX.IntrinsicElements'.
src/icons/Fonts/general-sans/GeneralSansMedium.tsx(3048,5): error TS2339: Property 'hkern' does not exist on type 'JSX.IntrinsicElements'.
src/icons/Fonts/general-sans/GeneralSansMedium.tsx(3049,5): error TS2339: Property 'hkern' does not exist on type 'JSX.IntrinsicElements'.
src/icons/Fonts/general-sans/GeneralSansMedium.tsx(3050,5): error TS2339: Property 'hkern' does not exist on type 'JSX.IntrinsicElements'.
src/icons/Fonts/general-sans/GeneralSansMedium.tsx(3051,5): error TS2339: Property 'hkern' does not exist on type 'JSX.IntrinsicElements'.
src/icons/Fonts/general-sans/GeneralSansMedium.tsx(3052,5): error TS2339: Property 'hkern' does not exist on type 'JSX.IntrinsicElements'.
src/icons/Fonts/general-sans/GeneralSansMedium.tsx(3053,5): error TS2339: Property 'hkern' does not exist on type 'JSX.IntrinsicElements'.
src/icons/Fonts/general-sans/GeneralSansMedium.tsx(3054,5): error TS2339: Property 'hkern' does not exist on type 'JSX.IntrinsicElements'.
src/icons/Fonts/general-sans/GeneralSansMedium.tsx(3055,5): error TS2339: Property 'hkern' does not exist on type 'JSX.IntrinsicElements'.
src/icons/Fonts/general-sans/GeneralSansMedium.tsx(3056,5): error TS2339: Property 'hkern' does not exist on type 'JSX.IntrinsicElements'.
src/icons/Fonts/general-sans/GeneralSansMedium.tsx(3057,5): error TS2339: Property 'hkern' does not exist on type 'JSX.IntrinsicElements'.
src/icons/Fonts/general-sans/GeneralSansMedium.tsx(3058,5): error TS2339: Property 'hkern' does not exist on type 'JSX.IntrinsicElements'.
src/icons/Fonts/general-sans/GeneralSansMedium.tsx(3059,5): error TS2339: Property 'hkern' does not exist on type 'JSX.IntrinsicElements'.
src/icons/Fonts/general-sans/GeneralSansMedium.tsx(3060,5): error TS2339: Property 'hkern' does not exist on type 'JSX.IntrinsicElements'.
src/icons/Fonts/general-sans/GeneralSansMedium.tsx(3061,5): error TS2339: Property 'hkern' does not exist on type 'JSX.IntrinsicElements'.
src/icons/Fonts/general-sans/GeneralSansMedium.tsx(3062,5): error TS2339: Property 'hkern' does not exist on type 'JSX.IntrinsicElements'.
src/icons/Fonts/general-sans/GeneralSansMedium.tsx(3063,5): error TS2339: Property 'hkern' does not exist on type 'JSX.IntrinsicElements'.
src/icons/Fonts/general-sans/GeneralSansMedium.tsx(3064,5): error TS2339: Property 'hkern' does not exist on type 'JSX.IntrinsicElements'.
src/icons/Fonts/general-sans/GeneralSansMedium.tsx(3065,5): error TS2339: Property 'hkern' does not exist on type 'JSX.IntrinsicElements'.
src/icons/Fonts/general-sans/GeneralSansMedium.tsx(3066,5): error TS2339: Property 'hkern' does not exist on type 'JSX.IntrinsicElements'.
src/icons/Fonts/general-sans/GeneralSansMedium.tsx(3067,5): error TS2339: Property 'hkern' does not exist on type 'JSX.IntrinsicElements'.
src/icons/Fonts/general-sans/GeneralSansMedium.tsx(3068,5): error TS2339: Property 'hkern' does not exist on type 'JSX.IntrinsicElements'.
src/icons/Fonts/general-sans/GeneralSansMedium.tsx(3069,5): error TS2339: Property 'hkern' does not exist on type 'JSX.IntrinsicElements'.
src/icons/Fonts/general-sans/GeneralSansMedium.tsx(3070,5): error TS2339: Property 'hkern' does not exist on type 'JSX.IntrinsicElements'.
src/icons/Fonts/general-sans/GeneralSansMedium.tsx(3071,5): error TS2339: Property 'hkern' does not exist on type 'JSX.IntrinsicElements'.
src/icons/Fonts/general-sans/GeneralSansMedium.tsx(3072,5): error TS2339: Property 'hkern' does not exist on type 'JSX.IntrinsicElements'.
src/icons/Fonts/general-sans/GeneralSansMedium.tsx(3073,5): error TS2339: Property 'hkern' does not exist on type 'JSX.IntrinsicElements'.
src/icons/Fonts/general-sans/GeneralSansMedium.tsx(3074,5): error TS2339: Property 'hkern' does not exist on type 'JSX.IntrinsicElements'.
src/icons/Fonts/general-sans/GeneralSansMedium.tsx(3075,5): error TS2339: Property 'hkern' does not exist on type 'JSX.IntrinsicElements'.
src/icons/Fonts/general-sans/GeneralSansMedium.tsx(3076,5): error TS2339: Property 'hkern' does not exist on type 'JSX.IntrinsicElements'.
src/icons/Fonts/general-sans/GeneralSansMedium.tsx(3077,5): error TS2339: Property 'hkern' does not exist on type 'JSX.IntrinsicElements'.
src/icons/Fonts/general-sans/GeneralSansMedium.tsx(3078,5): error TS2339: Property 'hkern' does not exist on type 'JSX.IntrinsicElements'.
src/icons/Fonts/general-sans/GeneralSansMedium.tsx(3079,5): error TS2339: Property 'hkern' does not exist on type 'JSX.IntrinsicElements'.
src/icons/Fonts/general-sans/GeneralSansMedium.tsx(3080,5): error TS2339: Property 'hkern' does not exist on type 'JSX.IntrinsicElements'.
src/icons/Fonts/general-sans/GeneralSansMedium.tsx(3081,5): error TS2339: Property 'hkern' does not exist on type 'JSX.IntrinsicElements'.
src/icons/Fonts/general-sans/GeneralSansMedium.tsx(3082,5): error TS2339: Property 'hkern' does not exist on type 'JSX.IntrinsicElements'.
src/icons/Fonts/general-sans/GeneralSansMedium.tsx(3083,5): error TS2339: Property 'hkern' does not exist on type 'JSX.IntrinsicElements'.
src/icons/Fonts/general-sans/GeneralSansMedium.tsx(3084,5): error TS2339: Property 'hkern' does not exist on type 'JSX.IntrinsicElements'.
src/icons/Fonts/general-sans/GeneralSansMedium.tsx(3085,5): error TS2339: Property 'hkern' does not exist on type 'JSX.IntrinsicElements'.
src/icons/Fonts/general-sans/GeneralSansMedium.tsx(3086,5): error TS2339: Property 'hkern' does not exist on type 'JSX.IntrinsicElements'.
src/icons/Fonts/general-sans/GeneralSansMedium.tsx(3087,5): error TS2339: Property 'hkern' does not exist on type 'JSX.IntrinsicElements'.
src/icons/Fonts/general-sans/GeneralSansMedium.tsx(3088,5): error TS2339: Property 'hkern' does not exist on type 'JSX.IntrinsicElements'.
src/icons/Fonts/general-sans/GeneralSansMedium.tsx(3089,5): error TS2339: Property 'hkern' does not exist on type 'JSX.IntrinsicElements'.
src/icons/Fonts/general-sans/GeneralSansMedium.tsx(3090,5): error TS2339: Property 'hkern' does not exist on type 'JSX.IntrinsicElements'.
src/icons/Fonts/general-sans/GeneralSansMedium.tsx(3091,5): error TS2339: Property 'hkern' does not exist on type 'JSX.IntrinsicElements'.
src/icons/Fonts/general-sans/GeneralSansMedium.tsx(3092,5): error TS2339: Property 'hkern' does not exist on type 'JSX.IntrinsicElements'.
src/icons/Fonts/general-sans/GeneralSansMedium.tsx(3093,5): error TS2339: Property 'hkern' does not exist on type 'JSX.IntrinsicElements'.
src/icons/Fonts/general-sans/GeneralSansMedium.tsx(3094,5): error TS2339: Property 'hkern' does not exist on type 'JSX.IntrinsicElements'.
src/icons/Fonts/general-sans/GeneralSansMedium.tsx(3095,5): error TS2339: Property 'hkern' does not exist on type 'JSX.IntrinsicElements'.
src/icons/Fonts/general-sans/GeneralSansMedium.tsx(3096,5): error TS2339: Property 'hkern' does not exist on type 'JSX.IntrinsicElements'.
src/icons/Fonts/general-sans/GeneralSansMedium.tsx(3097,5): error TS2339: Property 'hkern' does not exist on type 'JSX.IntrinsicElements'.
src/icons/Fonts/general-sans/GeneralSansMedium.tsx(3098,5): error TS2339: Property 'hkern' does not exist on type 'JSX.IntrinsicElements'.
src/icons/Fonts/general-sans/GeneralSansMedium.tsx(3099,5): error TS2339: Property 'hkern' does not exist on type 'JSX.IntrinsicElements'.
src/icons/Fonts/general-sans/GeneralSansMedium.tsx(3100,5): error TS2339: Property 'hkern' does not exist on type 'JSX.IntrinsicElements'.
src/icons/Fonts/general-sans/GeneralSansMedium.tsx(3101,5): error TS2339: Property 'hkern' does not exist on type 'JSX.IntrinsicElements'.
src/icons/Fonts/general-sans/GeneralSansMedium.tsx(3102,5): error TS2339: Property 'hkern' does not exist on type 'JSX.IntrinsicElements'.
src/icons/Fonts/general-sans/GeneralSansMedium.tsx(3103,5): error TS2339: Property 'hkern' does not exist on type 'JSX.IntrinsicElements'.
src/icons/Fonts/general-sans/GeneralSansMedium.tsx(3104,5): error TS2339: Property 'hkern' does not exist on type 'JSX.IntrinsicElements'.
src/icons/Fonts/general-sans/GeneralSansMedium.tsx(3105,5): error TS2339: Property 'hkern' does not exist on type 'JSX.IntrinsicElements'.
src/icons/Fonts/general-sans/GeneralSansMedium.tsx(3106,5): error TS2339: Property 'hkern' does not exist on type 'JSX.IntrinsicElements'.
src/icons/Fonts/general-sans/GeneralSansMedium.tsx(3107,5): error TS2339: Property 'hkern' does not exist on type 'JSX.IntrinsicElements'.
src/icons/Fonts/general-sans/GeneralSansMedium.tsx(3108,5): error TS2339: Property 'hkern' does not exist on type 'JSX.IntrinsicElements'.
src/icons/Fonts/general-sans/GeneralSansMedium.tsx(3109,5): error TS2339: Property 'hkern' does not exist on type 'JSX.IntrinsicElements'.
src/icons/Fonts/general-sans/GeneralSansMedium.tsx(3110,5): error TS2339: Property 'hkern' does not exist on type 'JSX.IntrinsicElements'.
src/icons/Fonts/general-sans/GeneralSansMedium.tsx(3111,5): error TS2339: Property 'hkern' does not exist on type 'JSX.IntrinsicElements'.
src/icons/Fonts/general-sans/GeneralSansMedium.tsx(3112,5): error TS2339: Property 'hkern' does not exist on type 'JSX.IntrinsicElements'.
src/icons/Fonts/general-sans/GeneralSansMedium.tsx(3113,5): error TS2339: Property 'hkern' does not exist on type 'JSX.IntrinsicElements'.
src/icons/Fonts/general-sans/GeneralSansMedium.tsx(3114,5): error TS2339: Property 'hkern' does not exist on type 'JSX.IntrinsicElements'.
src/icons/Fonts/general-sans/GeneralSansMedium.tsx(3115,5): error TS2339: Property 'hkern' does not exist on type 'JSX.IntrinsicElements'.
src/icons/Fonts/general-sans/GeneralSansMedium.tsx(3116,5): error TS2339: Property 'hkern' does not exist on type 'JSX.IntrinsicElements'.
src/icons/Fonts/general-sans/GeneralSansMedium.tsx(3117,5): error TS2339: Property 'hkern' does not exist on type 'JSX.IntrinsicElements'.
src/icons/Fonts/general-sans/GeneralSansMedium.tsx(3118,5): error TS2339: Property 'hkern' does not exist on type 'JSX.IntrinsicElements'.
src/icons/Fonts/general-sans/GeneralSansMedium.tsx(3119,5): error TS2339: Property 'hkern' does not exist on type 'JSX.IntrinsicElements'.
src/icons/Fonts/general-sans/GeneralSansMedium.tsx(3120,5): error TS2339: Property 'hkern' does not exist on type 'JSX.IntrinsicElements'.
src/icons/Fonts/general-sans/GeneralSansMedium.tsx(3121,5): error TS2339: Property 'hkern' does not exist on type 'JSX.IntrinsicElements'.
src/icons/Fonts/general-sans/GeneralSansMedium.tsx(3122,5): error TS2339: Property 'hkern' does not exist on type 'JSX.IntrinsicElements'.
src/icons/Fonts/general-sans/GeneralSansMedium.tsx(3123,5): error TS2339: Property 'hkern' does not exist on type 'JSX.IntrinsicElements'.
src/icons/Fonts/general-sans/GeneralSansMedium.tsx(3124,5): error TS2339: Property 'hkern' does not exist on type 'JSX.IntrinsicElements'.
src/icons/Fonts/general-sans/GeneralSansMedium.tsx(3125,5): error TS2339: Property 'hkern' does not exist on type 'JSX.IntrinsicElements'.
src/icons/Fonts/general-sans/GeneralSansMedium.tsx(3126,5): error TS2339: Property 'hkern' does not exist on type 'JSX.IntrinsicElements'.
src/icons/Fonts/general-sans/GeneralSansMedium.tsx(3127,5): error TS2339: Property 'hkern' does not exist on type 'JSX.IntrinsicElements'.
src/icons/Fonts/general-sans/GeneralSansMedium.tsx(3128,5): error TS2339: Property 'hkern' does not exist on type 'JSX.IntrinsicElements'.
src/icons/Fonts/general-sans/GeneralSansMedium.tsx(3129,5): error TS2339: Property 'hkern' does not exist on type 'JSX.IntrinsicElements'.
src/icons/Fonts/general-sans/GeneralSansMedium.tsx(3130,5): error TS2339: Property 'hkern' does not exist on type 'JSX.IntrinsicElements'.
src/icons/Fonts/general-sans/GeneralSansMedium.tsx(3131,5): error TS2339: Property 'hkern' does not exist on type 'JSX.IntrinsicElements'.
src/icons/Fonts/general-sans/GeneralSansMedium.tsx(3132,5): error TS2339: Property 'hkern' does not exist on type 'JSX.IntrinsicElements'.
src/icons/Fonts/general-sans/GeneralSansMedium.tsx(3133,5): error TS2339: Property 'hkern' does not exist on type 'JSX.IntrinsicElements'.
src/icons/Fonts/general-sans/GeneralSansMedium.tsx(3134,5): error TS2339: Property 'hkern' does not exist on type 'JSX.IntrinsicElements'.
src/icons/Fonts/general-sans/GeneralSansMedium.tsx(3135,5): error TS2339: Property 'hkern' does not exist on type 'JSX.IntrinsicElements'.
src/icons/Fonts/general-sans/GeneralSansMedium.tsx(3136,5): error TS2339: Property 'hkern' does not exist on type 'JSX.IntrinsicElements'.
src/icons/Fonts/general-sans/GeneralSansMedium.tsx(3137,5): error TS2339: Property 'hkern' does not exist on type 'JSX.IntrinsicElements'.
src/icons/Fonts/general-sans/GeneralSansMedium.tsx(3138,5): error TS2339: Property 'hkern' does not exist on type 'JSX.IntrinsicElements'.
src/icons/Fonts/general-sans/GeneralSansMedium.tsx(3139,5): error TS2339: Property 'hkern' does not exist on type 'JSX.IntrinsicElements'.
src/icons/Fonts/general-sans/GeneralSansMedium.tsx(3140,5): error TS2339: Property 'hkern' does not exist on type 'JSX.IntrinsicElements'.
src/icons/Fonts/general-sans/GeneralSansMedium.tsx(3141,5): error TS2339: Property 'hkern' does not exist on type 'JSX.IntrinsicElements'.
src/icons/Fonts/general-sans/GeneralSansMedium.tsx(3142,5): error TS2339: Property 'hkern' does not exist on type 'JSX.IntrinsicElements'.
src/icons/Fonts/general-sans/GeneralSansMedium.tsx(3143,5): error TS2339: Property 'hkern' does not exist on type 'JSX.IntrinsicElements'.
src/icons/Fonts/general-sans/GeneralSansMedium.tsx(3144,5): error TS2339: Property 'hkern' does not exist on type 'JSX.IntrinsicElements'.
src/icons/Fonts/general-sans/GeneralSansMedium.tsx(3145,5): error TS2339: Property 'hkern' does not exist on type 'JSX.IntrinsicElements'.
src/icons/Fonts/general-sans/GeneralSansMedium.tsx(3146,5): error TS2339: Property 'hkern' does not exist on type 'JSX.IntrinsicElements'.
src/icons/Fonts/general-sans/GeneralSansMedium.tsx(3147,5): error TS2339: Property 'hkern' does not exist on type 'JSX.IntrinsicElements'.
src/icons/Fonts/general-sans/GeneralSansMedium.tsx(3148,5): error TS2339: Property 'hkern' does not exist on type 'JSX.IntrinsicElements'.
src/icons/Fonts/general-sans/GeneralSansMedium.tsx(3149,5): error TS2339: Property 'hkern' does not exist on type 'JSX.IntrinsicElements'.
src/icons/Fonts/general-sans/GeneralSansMedium.tsx(3150,5): error TS2339: Property 'hkern' does not exist on type 'JSX.IntrinsicElements'.
src/icons/Fonts/general-sans/GeneralSansMedium.tsx(3151,5): error TS2339: Property 'hkern' does not exist on type 'JSX.IntrinsicElements'.
src/icons/Fonts/general-sans/GeneralSansMedium.tsx(3152,5): error TS2339: Property 'hkern' does not exist on type 'JSX.IntrinsicElements'.
src/icons/Fonts/general-sans/GeneralSansMedium.tsx(3153,5): error TS2339: Property 'hkern' does not exist on type 'JSX.IntrinsicElements'.
src/icons/Fonts/general-sans/GeneralSansMedium.tsx(3154,5): error TS2339: Property 'hkern' does not exist on type 'JSX.IntrinsicElements'.
src/icons/Fonts/general-sans/GeneralSansMedium.tsx(3155,5): error TS2339: Property 'hkern' does not exist on type 'JSX.IntrinsicElements'.
src/icons/Fonts/general-sans/GeneralSansMedium.tsx(3156,5): error TS2339: Property 'hkern' does not exist on type 'JSX.IntrinsicElements'.
src/icons/Fonts/general-sans/GeneralSansMedium.tsx(3157,5): error TS2339: Property 'hkern' does not exist on type 'JSX.IntrinsicElements'.
src/icons/Fonts/general-sans/GeneralSansMedium.tsx(3158,5): error TS2339: Property 'hkern' does not exist on type 'JSX.IntrinsicElements'.
src/icons/Fonts/general-sans/GeneralSansMedium.tsx(3159,5): error TS2339: Property 'hkern' does not exist on type 'JSX.IntrinsicElements'.
src/icons/Fonts/general-sans/GeneralSansMedium.tsx(3160,5): error TS2339: Property 'hkern' does not exist on type 'JSX.IntrinsicElements'.
src/icons/Fonts/general-sans/GeneralSansMedium.tsx(3161,5): error TS2339: Property 'hkern' does not exist on type 'JSX.IntrinsicElements'.
src/icons/Fonts/general-sans/GeneralSansMedium.tsx(3162,5): error TS2339: Property 'hkern' does not exist on type 'JSX.IntrinsicElements'.
src/icons/Fonts/general-sans/GeneralSansMedium.tsx(3163,5): error TS2339: Property 'hkern' does not exist on type 'JSX.IntrinsicElements'.
src/icons/Fonts/general-sans/GeneralSansMedium.tsx(3164,5): error TS2339: Property 'hkern' does not exist on type 'JSX.IntrinsicElements'.
src/icons/Fonts/general-sans/GeneralSansMedium.tsx(3165,5): error TS2339: Property 'hkern' does not exist on type 'JSX.IntrinsicElements'.
src/icons/Fonts/general-sans/GeneralSansMedium.tsx(3166,5): error TS2339: Property 'hkern' does not exist on type 'JSX.IntrinsicElements'.
src/icons/Fonts/general-sans/GeneralSansMedium.tsx(3167,5): error TS2339: Property 'hkern' does not exist on type 'JSX.IntrinsicElements'.
src/icons/Fonts/general-sans/GeneralSansMedium.tsx(3168,5): error TS2339: Property 'hkern' does not exist on type 'JSX.IntrinsicElements'.
src/icons/Fonts/general-sans/GeneralSansMedium.tsx(3169,5): error TS2339: Property 'hkern' does not exist on type 'JSX.IntrinsicElements'.
src/icons/Fonts/general-sans/GeneralSansMedium.tsx(3170,5): error TS2339: Property 'hkern' does not exist on type 'JSX.IntrinsicElements'.
src/icons/Fonts/general-sans/GeneralSansMedium.tsx(3171,5): error TS2339: Property 'hkern' does not exist on type 'JSX.IntrinsicElements'.
src/icons/Fonts/general-sans/GeneralSansMedium.tsx(3172,5): error TS2339: Property 'hkern' does not exist on type 'JSX.IntrinsicElements'.
src/icons/Fonts/general-sans/GeneralSansMedium.tsx(3173,5): error TS2339: Property 'hkern' does not exist on type 'JSX.IntrinsicElements'.
src/icons/Fonts/general-sans/GeneralSansMedium.tsx(3174,5): error TS2339: Property 'hkern' does not exist on type 'JSX.IntrinsicElements'.
src/icons/Fonts/general-sans/GeneralSansMedium.tsx(3175,5): error TS2339: Property 'hkern' does not exist on type 'JSX.IntrinsicElements'.
src/icons/Fonts/general-sans/GeneralSansMedium.tsx(3176,5): error TS2339: Property 'hkern' does not exist on type 'JSX.IntrinsicElements'.
src/icons/Fonts/general-sans/GeneralSansMedium.tsx(3177,5): error TS2339: Property 'hkern' does not exist on type 'JSX.IntrinsicElements'.
src/icons/Fonts/general-sans/GeneralSansMedium.tsx(3178,5): error TS2339: Property 'hkern' does not exist on type 'JSX.IntrinsicElements'.
src/icons/Fonts/general-sans/GeneralSansMedium.tsx(3179,5): error TS2339: Property 'hkern' does not exist on type 'JSX.IntrinsicElements'.
src/icons/Fonts/general-sans/GeneralSansMedium.tsx(3180,5): error TS2339: Property 'hkern' does not exist on type 'JSX.IntrinsicElements'.
src/icons/Fonts/general-sans/GeneralSansMedium.tsx(3181,5): error TS2339: Property 'hkern' does not exist on type 'JSX.IntrinsicElements'.
src/icons/Fonts/general-sans/GeneralSansMedium.tsx(3182,5): error TS2339: Property 'hkern' does not exist on type 'JSX.IntrinsicElements'.
src/icons/Fonts/general-sans/GeneralSansMedium.tsx(3183,5): error TS2339: Property 'hkern' does not exist on type 'JSX.IntrinsicElements'.
src/icons/Fonts/general-sans/GeneralSansMedium.tsx(3184,5): error TS2339: Property 'hkern' does not exist on type 'JSX.IntrinsicElements'.
src/icons/Fonts/general-sans/GeneralSansMedium.tsx(3185,5): error TS2339: Property 'hkern' does not exist on type 'JSX.IntrinsicElements'.
src/icons/Fonts/general-sans/GeneralSansMedium.tsx(3186,5): error TS2339: Property 'hkern' does not exist on type 'JSX.IntrinsicElements'.
src/icons/Fonts/general-sans/GeneralSansMedium.tsx(3187,5): error TS2339: Property 'hkern' does not exist on type 'JSX.IntrinsicElements'.
src/icons/Fonts/general-sans/GeneralSansMedium.tsx(3188,5): error TS2339: Property 'hkern' does not exist on type 'JSX.IntrinsicElements'.
src/icons/Fonts/general-sans/GeneralSansMedium.tsx(3189,5): error TS2339: Property 'hkern' does not exist on type 'JSX.IntrinsicElements'.
src/icons/Fonts/general-sans/GeneralSansMedium.tsx(3190,5): error TS2339: Property 'hkern' does not exist on type 'JSX.IntrinsicElements'.
src/icons/Fonts/general-sans/GeneralSansMedium.tsx(3191,5): error TS2339: Property 'hkern' does not exist on type 'JSX.IntrinsicElements'.
src/icons/Fonts/general-sans/GeneralSansMedium.tsx(3192,5): error TS2339: Property 'hkern' does not exist on type 'JSX.IntrinsicElements'.
src/icons/Fonts/general-sans/GeneralSansMedium.tsx(3193,5): error TS2339: Property 'hkern' does not exist on type 'JSX.IntrinsicElements'.
src/icons/Fonts/general-sans/GeneralSansMedium.tsx(3194,5): error TS2339: Property 'hkern' does not exist on type 'JSX.IntrinsicElements'.
src/icons/Fonts/general-sans/GeneralSansMedium.tsx(3195,5): error TS2339: Property 'hkern' does not exist on type 'JSX.IntrinsicElements'.
src/icons/Fonts/general-sans/GeneralSansMedium.tsx(3196,5): error TS2339: Property 'hkern' does not exist on type 'JSX.IntrinsicElements'.
src/icons/Fonts/general-sans/GeneralSansMedium.tsx(3197,5): error TS2339: Property 'hkern' does not exist on type 'JSX.IntrinsicElements'.
src/icons/Fonts/general-sans/GeneralSansMedium.tsx(3198,5): error TS2339: Property 'hkern' does not exist on type 'JSX.IntrinsicElements'.
src/icons/Fonts/general-sans/GeneralSansMedium.tsx(3199,5): error TS2339: Property 'hkern' does not exist on type 'JSX.IntrinsicElements'.
src/icons/Fonts/general-sans/GeneralSansMedium.tsx(3200,5): error TS2339: Property 'hkern' does not exist on type 'JSX.IntrinsicElements'.
src/icons/Fonts/general-sans/GeneralSansMedium.tsx(3201,5): error TS2339: Property 'hkern' does not exist on type 'JSX.IntrinsicElements'.
src/icons/Fonts/general-sans/GeneralSansMedium.tsx(3202,5): error TS2339: Property 'hkern' does not exist on type 'JSX.IntrinsicElements'.
src/icons/Fonts/general-sans/GeneralSansMedium.tsx(3203,5): error TS2339: Property 'hkern' does not exist on type 'JSX.IntrinsicElements'.
src/icons/Fonts/general-sans/GeneralSansMedium.tsx(3204,5): error TS2339: Property 'hkern' does not exist on type 'JSX.IntrinsicElements'.
src/icons/Fonts/general-sans/GeneralSansMedium.tsx(3205,5): error TS2339: Property 'hkern' does not exist on type 'JSX.IntrinsicElements'.
src/icons/Fonts/general-sans/GeneralSansMedium.tsx(3206,5): error TS2339: Property 'hkern' does not exist on type 'JSX.IntrinsicElements'.
src/icons/Fonts/general-sans/GeneralSansMedium.tsx(3207,5): error TS2339: Property 'hkern' does not exist on type 'JSX.IntrinsicElements'.
src/icons/Fonts/general-sans/GeneralSansMedium.tsx(3208,5): error TS2339: Property 'hkern' does not exist on type 'JSX.IntrinsicElements'.
src/icons/Fonts/general-sans/GeneralSansMedium.tsx(3209,5): error TS2339: Property 'hkern' does not exist on type 'JSX.IntrinsicElements'.
src/icons/Fonts/general-sans/GeneralSansMedium.tsx(3210,5): error TS2339: Property 'hkern' does not exist on type 'JSX.IntrinsicElements'.
src/icons/Fonts/general-sans/GeneralSansMedium.tsx(3211,5): error TS2339: Property 'hkern' does not exist on type 'JSX.IntrinsicElements'.
src/icons/Fonts/general-sans/GeneralSansMedium.tsx(3212,5): error TS2339: Property 'hkern' does not exist on type 'JSX.IntrinsicElements'.
src/icons/Fonts/general-sans/GeneralSansMedium.tsx(3213,5): error TS2339: Property 'hkern' does not exist on type 'JSX.IntrinsicElements'.
src/icons/Fonts/general-sans/GeneralSansMedium.tsx(3214,5): error TS2339: Property 'hkern' does not exist on type 'JSX.IntrinsicElements'.
src/icons/Fonts/general-sans/GeneralSansMedium.tsx(3215,5): error TS2339: Property 'hkern' does not exist on type 'JSX.IntrinsicElements'.
src/icons/Fonts/general-sans/GeneralSansMedium.tsx(3216,5): error TS2339: Property 'hkern' does not exist on type 'JSX.IntrinsicElements'.
src/icons/Fonts/general-sans/GeneralSansMedium.tsx(3217,5): error TS2339: Property 'hkern' does not exist on type 'JSX.IntrinsicElements'.
src/icons/Fonts/general-sans/GeneralSansMedium.tsx(3218,5): error TS2339: Property 'hkern' does not exist on type 'JSX.IntrinsicElements'.
src/icons/Fonts/general-sans/GeneralSansMedium.tsx(3219,5): error TS2339: Property 'hkern' does not exist on type 'JSX.IntrinsicElements'.
src/icons/Fonts/general-sans/GeneralSansMedium.tsx(3220,5): error TS2339: Property 'hkern' does not exist on type 'JSX.IntrinsicElements'.
src/icons/Fonts/general-sans/GeneralSansMedium.tsx(3221,5): error TS2339: Property 'hkern' does not exist on type 'JSX.IntrinsicElements'.
src/icons/Fonts/general-sans/GeneralSansMedium.tsx(3222,5): error TS2339: Property 'hkern' does not exist on type 'JSX.IntrinsicElements'.
src/icons/Fonts/general-sans/GeneralSansMedium.tsx(3223,5): error TS2339: Property 'hkern' does not exist on type 'JSX.IntrinsicElements'.
src/icons/Fonts/general-sans/GeneralSansMedium.tsx(3224,5): error TS2339: Property 'hkern' does not exist on type 'JSX.IntrinsicElements'.
src/icons/Fonts/general-sans/GeneralSansMedium.tsx(3225,5): error TS2339: Property 'hkern' does not exist on type 'JSX.IntrinsicElements'.
src/icons/Fonts/general-sans/GeneralSansMedium.tsx(3226,5): error TS2339: Property 'hkern' does not exist on type 'JSX.IntrinsicElements'.
src/icons/Fonts/general-sans/GeneralSansMedium.tsx(3227,5): error TS2339: Property 'hkern' does not exist on type 'JSX.IntrinsicElements'.
src/icons/Fonts/general-sans/GeneralSansMedium.tsx(3228,5): error TS2339: Property 'hkern' does not exist on type 'JSX.IntrinsicElements'.
src/icons/Fonts/general-sans/GeneralSansMedium.tsx(3229,5): error TS2339: Property 'hkern' does not exist on type 'JSX.IntrinsicElements'.
src/icons/Fonts/general-sans/GeneralSansMedium.tsx(3230,5): error TS2339: Property 'hkern' does not exist on type 'JSX.IntrinsicElements'.
src/icons/Fonts/general-sans/GeneralSansMedium.tsx(3231,5): error TS2339: Property 'hkern' does not exist on type 'JSX.IntrinsicElements'.
src/icons/Fonts/general-sans/GeneralSansMedium.tsx(3232,5): error TS2339: Property 'hkern' does not exist on type 'JSX.IntrinsicElements'.
src/icons/Fonts/general-sans/GeneralSansMedium.tsx(3233,5): error TS2339: Property 'hkern' does not exist on type 'JSX.IntrinsicElements'.
src/icons/Fonts/general-sans/GeneralSansMedium.tsx(3234,5): error TS2339: Property 'hkern' does not exist on type 'JSX.IntrinsicElements'.
src/icons/Fonts/general-sans/GeneralSansMedium.tsx(3235,5): error TS2339: Property 'hkern' does not exist on type 'JSX.IntrinsicElements'.
src/icons/Fonts/general-sans/GeneralSansMedium.tsx(3236,5): error TS2339: Property 'hkern' does not exist on type 'JSX.IntrinsicElements'.
src/icons/Fonts/general-sans/GeneralSansMedium.tsx(3237,5): error TS2339: Property 'hkern' does not exist on type 'JSX.IntrinsicElements'.
src/icons/Fonts/general-sans/GeneralSansMedium.tsx(3238,5): error TS2339: Property 'hkern' does not exist on type 'JSX.IntrinsicElements'.
src/icons/Fonts/general-sans/GeneralSansMedium.tsx(3239,5): error TS2339: Property 'hkern' does not exist on type 'JSX.IntrinsicElements'.
src/icons/Fonts/general-sans/GeneralSansMedium.tsx(3240,5): error TS2339: Property 'hkern' does not exist on type 'JSX.IntrinsicElements'.
src/icons/Fonts/general-sans/GeneralSansMedium.tsx(3241,5): error TS2339: Property 'hkern' does not exist on type 'JSX.IntrinsicElements'.
src/icons/Fonts/general-sans/GeneralSansMedium.tsx(3242,5): error TS2339: Property 'hkern' does not exist on type 'JSX.IntrinsicElements'.
src/icons/Fonts/general-sans/GeneralSansMedium.tsx(3243,5): error TS2339: Property 'hkern' does not exist on type 'JSX.IntrinsicElements'.
src/icons/Fonts/general-sans/GeneralSansMedium.tsx(3244,5): error TS2339: Property 'hkern' does not exist on type 'JSX.IntrinsicElements'.
src/icons/Fonts/general-sans/GeneralSansMedium.tsx(3245,5): error TS2339: Property 'hkern' does not exist on type 'JSX.IntrinsicElements'.
src/icons/Fonts/general-sans/GeneralSansMedium.tsx(3246,5): error TS2339: Property 'hkern' does not exist on type 'JSX.IntrinsicElements'.
src/icons/Fonts/general-sans/GeneralSansMedium.tsx(3247,5): error TS2339: Property 'hkern' does not exist on type 'JSX.IntrinsicElements'.
src/icons/Fonts/general-sans/GeneralSansMedium.tsx(3248,5): error TS2339: Property 'hkern' does not exist on type 'JSX.IntrinsicElements'.
src/icons/Fonts/general-sans/GeneralSansMedium.tsx(3249,5): error TS2339: Property 'hkern' does not exist on type 'JSX.IntrinsicElements'.
src/icons/Fonts/general-sans/GeneralSansMedium.tsx(3250,5): error TS2339: Property 'hkern' does not exist on type 'JSX.IntrinsicElements'.
src/icons/Fonts/general-sans/GeneralSansMedium.tsx(3251,5): error TS2339: Property 'hkern' does not exist on type 'JSX.IntrinsicElements'.
src/icons/Fonts/general-sans/GeneralSansMedium.tsx(3252,5): error TS2339: Property 'hkern' does not exist on type 'JSX.IntrinsicElements'.
src/icons/Fonts/general-sans/GeneralSansMedium.tsx(3253,5): error TS2339: Property 'hkern' does not exist on type 'JSX.IntrinsicElements'.
src/icons/Fonts/general-sans/GeneralSansMedium.tsx(3254,5): error TS2339: Property 'hkern' does not exist on type 'JSX.IntrinsicElements'.
src/icons/Fonts/general-sans/GeneralSansMedium.tsx(3255,5): error TS2339: Property 'hkern' does not exist on type 'JSX.IntrinsicElements'.
src/icons/Fonts/general-sans/GeneralSansMedium.tsx(3256,5): error TS2339: Property 'hkern' does not exist on type 'JSX.IntrinsicElements'.
src/icons/Fonts/general-sans/GeneralSansMedium.tsx(3257,5): error TS2339: Property 'hkern' does not exist on type 'JSX.IntrinsicElements'.
src/icons/Fonts/general-sans/GeneralSansMedium.tsx(3258,5): error TS2339: Property 'hkern' does not exist on type 'JSX.IntrinsicElements'.
src/icons/Fonts/general-sans/GeneralSansMedium.tsx(3259,5): error TS2339: Property 'hkern' does not exist on type 'JSX.IntrinsicElements'.
src/icons/Fonts/general-sans/GeneralSansMedium.tsx(3260,5): error TS2339: Property 'hkern' does not exist on type 'JSX.IntrinsicElements'.
src/icons/Fonts/general-sans/GeneralSansMedium.tsx(3261,5): error TS2339: Property 'hkern' does not exist on type 'JSX.IntrinsicElements'.
src/icons/Fonts/general-sans/GeneralSansMedium.tsx(3262,5): error TS2339: Property 'hkern' does not exist on type 'JSX.IntrinsicElements'.
src/icons/Fonts/general-sans/GeneralSansMedium.tsx(3263,5): error TS2339: Property 'hkern' does not exist on type 'JSX.IntrinsicElements'.
src/icons/Fonts/general-sans/GeneralSansMedium.tsx(3264,5): error TS2339: Property 'hkern' does not exist on type 'JSX.IntrinsicElements'.
src/icons/Fonts/general-sans/GeneralSansMedium.tsx(3265,5): error TS2339: Property 'hkern' does not exist on type 'JSX.IntrinsicElements'.
src/icons/Fonts/general-sans/GeneralSansMedium.tsx(3266,5): error TS2339: Property 'hkern' does not exist on type 'JSX.IntrinsicElements'.
src/icons/Fonts/general-sans/GeneralSansMedium.tsx(3267,5): error TS2339: Property 'hkern' does not exist on type 'JSX.IntrinsicElements'.
src/icons/Fonts/general-sans/GeneralSansMedium.tsx(3268,5): error TS2339: Property 'hkern' does not exist on type 'JSX.IntrinsicElements'.
src/icons/Fonts/general-sans/GeneralSansMedium.tsx(3269,5): error TS2339: Property 'hkern' does not exist on type 'JSX.IntrinsicElements'.
src/icons/Fonts/general-sans/GeneralSansMedium.tsx(3270,5): error TS2339: Property 'hkern' does not exist on type 'JSX.IntrinsicElements'.
src/icons/Fonts/general-sans/GeneralSansMedium.tsx(3271,5): error TS2339: Property 'hkern' does not exist on type 'JSX.IntrinsicElements'.
src/icons/Fonts/general-sans/GeneralSansMedium.tsx(3272,5): error TS2339: Property 'hkern' does not exist on type 'JSX.IntrinsicElements'.
src/icons/Fonts/general-sans/GeneralSansMedium.tsx(3273,5): error TS2339: Property 'hkern' does not exist on type 'JSX.IntrinsicElements'.
src/icons/Fonts/general-sans/GeneralSansMedium.tsx(3274,5): error TS2339: Property 'hkern' does not exist on type 'JSX.IntrinsicElements'.
src/icons/Fonts/general-sans/GeneralSansMedium.tsx(3275,5): error TS2339: Property 'hkern' does not exist on type 'JSX.IntrinsicElements'.
src/icons/Fonts/general-sans/GeneralSansMedium.tsx(3276,5): error TS2339: Property 'hkern' does not exist on type 'JSX.IntrinsicElements'.
src/icons/Fonts/general-sans/GeneralSansMedium.tsx(3277,5): error TS2339: Property 'hkern' does not exist on type 'JSX.IntrinsicElements'.
src/icons/Fonts/general-sans/GeneralSansMedium.tsx(3278,5): error TS2339: Property 'hkern' does not exist on type 'JSX.IntrinsicElements'.
src/icons/Fonts/general-sans/GeneralSansMedium.tsx(3279,5): error TS2339: Property 'hkern' does not exist on type 'JSX.IntrinsicElements'.
src/icons/Fonts/general-sans/GeneralSansMedium.tsx(3280,5): error TS2339: Property 'hkern' does not exist on type 'JSX.IntrinsicElements'.
src/icons/Fonts/general-sans/GeneralSansMedium.tsx(3281,5): error TS2339: Property 'hkern' does not exist on type 'JSX.IntrinsicElements'.
src/icons/Fonts/general-sans/GeneralSansMedium.tsx(3282,5): error TS2339: Property 'hkern' does not exist on type 'JSX.IntrinsicElements'.
src/icons/Fonts/general-sans/GeneralSansMedium.tsx(3283,5): error TS2339: Property 'hkern' does not exist on type 'JSX.IntrinsicElements'.
src/icons/Fonts/general-sans/GeneralSansMedium.tsx(3284,5): error TS2339: Property 'hkern' does not exist on type 'JSX.IntrinsicElements'.
src/icons/Fonts/general-sans/GeneralSansMedium.tsx(3285,5): error TS2339: Property 'hkern' does not exist on type 'JSX.IntrinsicElements'.
src/icons/Fonts/general-sans/GeneralSansMedium.tsx(3286,5): error TS2339: Property 'hkern' does not exist on type 'JSX.IntrinsicElements'.
src/icons/Fonts/general-sans/GeneralSansMedium.tsx(3287,5): error TS2339: Property 'hkern' does not exist on type 'JSX.IntrinsicElements'.
src/icons/Fonts/general-sans/GeneralSansMedium.tsx(3288,5): error TS2339: Property 'hkern' does not exist on type 'JSX.IntrinsicElements'.
src/icons/Fonts/general-sans/GeneralSansMedium.tsx(3289,5): error TS2339: Property 'hkern' does not exist on type 'JSX.IntrinsicElements'.
src/icons/Fonts/general-sans/GeneralSansMedium.tsx(3290,5): error TS2339: Property 'hkern' does not exist on type 'JSX.IntrinsicElements'.
src/icons/Fonts/general-sans/GeneralSansMedium.tsx(3291,5): error TS2339: Property 'hkern' does not exist on type 'JSX.IntrinsicElements'.
src/icons/Fonts/general-sans/GeneralSansMedium.tsx(3292,5): error TS2339: Property 'hkern' does not exist on type 'JSX.IntrinsicElements'.
src/icons/Fonts/general-sans/GeneralSansMedium.tsx(3293,5): error TS2339: Property 'hkern' does not exist on type 'JSX.IntrinsicElements'.
src/icons/Fonts/general-sans/GeneralSansMedium.tsx(3294,5): error TS2339: Property 'hkern' does not exist on type 'JSX.IntrinsicElements'.
src/icons/Fonts/general-sans/GeneralSansMedium.tsx(3295,5): error TS2339: Property 'hkern' does not exist on type 'JSX.IntrinsicElements'.
src/icons/Fonts/general-sans/GeneralSansMedium.tsx(3296,5): error TS2339: Property 'hkern' does not exist on type 'JSX.IntrinsicElements'.
src/icons/Fonts/general-sans/GeneralSansMedium.tsx(3297,5): error TS2339: Property 'hkern' does not exist on type 'JSX.IntrinsicElements'.
src/icons/Fonts/general-sans/GeneralSansMedium.tsx(3298,5): error TS2339: Property 'hkern' does not exist on type 'JSX.IntrinsicElements'.
src/icons/Fonts/general-sans/GeneralSansMedium.tsx(3299,5): error TS2339: Property 'hkern' does not exist on type 'JSX.IntrinsicElements'.
src/icons/Fonts/general-sans/GeneralSansMedium.tsx(3300,5): error TS2339: Property 'hkern' does not exist on type 'JSX.IntrinsicElements'.
src/icons/Fonts/general-sans/GeneralSansMedium.tsx(3301,5): error TS2339: Property 'hkern' does not exist on type 'JSX.IntrinsicElements'.
src/icons/Fonts/general-sans/GeneralSansMedium.tsx(3302,5): error TS2339: Property 'hkern' does not exist on type 'JSX.IntrinsicElements'.
src/icons/Fonts/general-sans/GeneralSansMedium.tsx(3303,5): error TS2339: Property 'hkern' does not exist on type 'JSX.IntrinsicElements'.
src/icons/Fonts/general-sans/GeneralSansMedium.tsx(3304,5): error TS2339: Property 'hkern' does not exist on type 'JSX.IntrinsicElements'.
src/icons/Fonts/general-sans/GeneralSansMedium.tsx(3305,5): error TS2339: Property 'hkern' does not exist on type 'JSX.IntrinsicElements'.
src/icons/Fonts/general-sans/GeneralSansMedium.tsx(3306,5): error TS2339: Property 'hkern' does not exist on type 'JSX.IntrinsicElements'.
src/icons/Fonts/general-sans/GeneralSansMedium.tsx(3307,5): error TS2339: Property 'hkern' does not exist on type 'JSX.IntrinsicElements'.
src/icons/Fonts/general-sans/GeneralSansMedium.tsx(3308,5): error TS2339: Property 'hkern' does not exist on type 'JSX.IntrinsicElements'.
src/icons/Fonts/general-sans/GeneralSansMedium.tsx(3309,5): error TS2339: Property 'hkern' does not exist on type 'JSX.IntrinsicElements'.
src/icons/Fonts/general-sans/GeneralSansMedium.tsx(3310,5): error TS2339: Property 'hkern' does not exist on type 'JSX.IntrinsicElements'.
src/icons/Fonts/general-sans/GeneralSansMedium.tsx(3311,5): error TS2339: Property 'hkern' does not exist on type 'JSX.IntrinsicElements'.
src/icons/Fonts/general-sans/GeneralSansMedium.tsx(3312,5): error TS2339: Property 'hkern' does not exist on type 'JSX.IntrinsicElements'.
src/icons/Fonts/general-sans/GeneralSansMedium.tsx(3313,5): error TS2339: Property 'hkern' does not exist on type 'JSX.IntrinsicElements'.
src/icons/Fonts/general-sans/GeneralSansMedium.tsx(3314,5): error TS2339: Property 'hkern' does not exist on type 'JSX.IntrinsicElements'.
src/icons/Fonts/general-sans/GeneralSansMedium.tsx(3315,5): error TS2339: Property 'hkern' does not exist on type 'JSX.IntrinsicElements'.
src/icons/Fonts/general-sans/GeneralSansMedium.tsx(3316,5): error TS2339: Property 'hkern' does not exist on type 'JSX.IntrinsicElements'.
src/icons/Fonts/general-sans/GeneralSansMedium.tsx(3317,5): error TS2339: Property 'hkern' does not exist on type 'JSX.IntrinsicElements'.
src/icons/Fonts/general-sans/GeneralSansMedium.tsx(3318,5): error TS2339: Property 'hkern' does not exist on type 'JSX.IntrinsicElements'.
src/icons/Fonts/general-sans/GeneralSansMedium.tsx(3319,5): error TS2339: Property 'hkern' does not exist on type 'JSX.IntrinsicElements'.
src/icons/Fonts/general-sans/GeneralSansMedium.tsx(3320,5): error TS2339: Property 'hkern' does not exist on type 'JSX.IntrinsicElements'.
src/icons/Fonts/general-sans/GeneralSansMedium.tsx(3321,5): error TS2339: Property 'hkern' does not exist on type 'JSX.IntrinsicElements'.
src/icons/Fonts/general-sans/GeneralSansMedium.tsx(3322,5): error TS2339: Property 'hkern' does not exist on type 'JSX.IntrinsicElements'.
src/icons/Fonts/general-sans/GeneralSansMedium.tsx(3323,5): error TS2339: Property 'hkern' does not exist on type 'JSX.IntrinsicElements'.
src/icons/Fonts/general-sans/GeneralSansMedium.tsx(3324,5): error TS2339: Property 'hkern' does not exist on type 'JSX.IntrinsicElements'.
src/icons/Fonts/general-sans/GeneralSansMedium.tsx(3325,5): error TS2339: Property 'hkern' does not exist on type 'JSX.IntrinsicElements'.
src/icons/Fonts/general-sans/GeneralSansMedium.tsx(3326,5): error TS2339: Property 'hkern' does not exist on type 'JSX.IntrinsicElements'.
src/icons/Fonts/general-sans/GeneralSansMedium.tsx(3327,5): error TS2339: Property 'hkern' does not exist on type 'JSX.IntrinsicElements'.
src/icons/Fonts/general-sans/GeneralSansMedium.tsx(3328,5): error TS2339: Property 'hkern' does not exist on type 'JSX.IntrinsicElements'.
src/icons/Fonts/general-sans/GeneralSansMedium.tsx(3329,5): error TS2339: Property 'hkern' does not exist on type 'JSX.IntrinsicElements'.
src/icons/Fonts/general-sans/GeneralSansMedium.tsx(3330,5): error TS2339: Property 'hkern' does not exist on type 'JSX.IntrinsicElements'.
src/icons/Fonts/general-sans/GeneralSansMedium.tsx(3331,5): error TS2339: Property 'hkern' does not exist on type 'JSX.IntrinsicElements'.
src/icons/Fonts/general-sans/GeneralSansMedium.tsx(3332,5): error TS2339: Property 'hkern' does not exist on type 'JSX.IntrinsicElements'.
src/icons/Fonts/general-sans/GeneralSansMedium.tsx(3333,5): error TS2339: Property 'hkern' does not exist on type 'JSX.IntrinsicElements'.
src/icons/Fonts/general-sans/GeneralSansMedium.tsx(3334,5): error TS2339: Property 'hkern' does not exist on type 'JSX.IntrinsicElements'.
src/icons/Fonts/general-sans/GeneralSansMedium.tsx(3335,5): error TS2339: Property 'hkern' does not exist on type 'JSX.IntrinsicElements'.
src/icons/Fonts/general-sans/GeneralSansMedium.tsx(3336,5): error TS2339: Property 'hkern' does not exist on type 'JSX.IntrinsicElements'.
src/icons/Fonts/general-sans/GeneralSansMedium.tsx(3337,5): error TS2339: Property 'hkern' does not exist on type 'JSX.IntrinsicElements'.
src/icons/Fonts/general-sans/GeneralSansMedium.tsx(3338,5): error TS2339: Property 'hkern' does not exist on type 'JSX.IntrinsicElements'.
src/icons/Fonts/general-sans/GeneralSansMedium.tsx(3339,5): error TS2339: Property 'hkern' does not exist on type 'JSX.IntrinsicElements'.
src/icons/Fonts/general-sans/GeneralSansMedium.tsx(3340,5): error TS2339: Property 'hkern' does not exist on type 'JSX.IntrinsicElements'.
src/icons/Fonts/general-sans/GeneralSansMedium.tsx(3341,5): error TS2339: Property 'hkern' does not exist on type 'JSX.IntrinsicElements'.
src/icons/Fonts/general-sans/GeneralSansMedium.tsx(3342,5): error TS2339: Property 'hkern' does not exist on type 'JSX.IntrinsicElements'.
src/icons/Fonts/general-sans/GeneralSansMedium.tsx(3343,5): error TS2339: Property 'hkern' does not exist on type 'JSX.IntrinsicElements'.
src/icons/Fonts/general-sans/GeneralSansMedium.tsx(3344,5): error TS2339: Property 'hkern' does not exist on type 'JSX.IntrinsicElements'.
src/icons/Fonts/general-sans/GeneralSansMedium.tsx(3345,5): error TS2339: Property 'hkern' does not exist on type 'JSX.IntrinsicElements'.
src/icons/Fonts/general-sans/GeneralSansMedium.tsx(3346,5): error TS2339: Property 'hkern' does not exist on type 'JSX.IntrinsicElements'.
src/icons/Fonts/general-sans/GeneralSansMedium.tsx(3347,5): error TS2339: Property 'hkern' does not exist on type 'JSX.IntrinsicElements'.
src/icons/Fonts/general-sans/GeneralSansMedium.tsx(3348,5): error TS2339: Property 'hkern' does not exist on type 'JSX.IntrinsicElements'.
src/icons/Fonts/general-sans/GeneralSansMedium.tsx(3349,5): error TS2339: Property 'hkern' does not exist on type 'JSX.IntrinsicElements'.
src/icons/Fonts/general-sans/GeneralSansMedium.tsx(3350,5): error TS2339: Property 'hkern' does not exist on type 'JSX.IntrinsicElements'.
src/icons/Fonts/general-sans/GeneralSansMedium.tsx(3351,5): error TS2339: Property 'hkern' does not exist on type 'JSX.IntrinsicElements'.
src/icons/Fonts/general-sans/GeneralSansMedium.tsx(3352,5): error TS2339: Property 'hkern' does not exist on type 'JSX.IntrinsicElements'.
src/icons/Fonts/general-sans/GeneralSansMedium.tsx(3353,5): error TS2339: Property 'hkern' does not exist on type 'JSX.IntrinsicElements'.
src/icons/Fonts/general-sans/GeneralSansMedium.tsx(3354,5): error TS2339: Property 'hkern' does not exist on type 'JSX.IntrinsicElements'.
src/icons/Fonts/general-sans/GeneralSansMedium.tsx(3355,5): error TS2339: Property 'hkern' does not exist on type 'JSX.IntrinsicElements'.
src/icons/Fonts/general-sans/GeneralSansMedium.tsx(3356,5): error TS2339: Property 'hkern' does not exist on type 'JSX.IntrinsicElements'.
src/icons/Fonts/general-sans/GeneralSansMedium.tsx(3357,5): error TS2339: Property 'hkern' does not exist on type 'JSX.IntrinsicElements'.
src/icons/Fonts/general-sans/GeneralSansMedium.tsx(3358,5): error TS2339: Property 'hkern' does not exist on type 'JSX.IntrinsicElements'.
src/icons/Fonts/general-sans/GeneralSansMedium.tsx(3359,5): error TS2339: Property 'hkern' does not exist on type 'JSX.IntrinsicElements'.
src/icons/Fonts/general-sans/GeneralSansMedium.tsx(3360,5): error TS2339: Property 'hkern' does not exist on type 'JSX.IntrinsicElements'.
src/icons/Fonts/general-sans/GeneralSansMedium.tsx(3361,5): error TS2339: Property 'hkern' does not exist on type 'JSX.IntrinsicElements'.
src/icons/Fonts/general-sans/GeneralSansMedium.tsx(3362,5): error TS2339: Property 'hkern' does not exist on type 'JSX.IntrinsicElements'.
src/icons/Fonts/general-sans/GeneralSansMedium.tsx(3363,5): error TS2339: Property 'hkern' does not exist on type 'JSX.IntrinsicElements'.
src/icons/Fonts/general-sans/GeneralSansMedium.tsx(3364,5): error TS2339: Property 'hkern' does not exist on type 'JSX.IntrinsicElements'.
src/icons/Fonts/general-sans/GeneralSansMedium.tsx(3365,5): error TS2339: Property 'hkern' does not exist on type 'JSX.IntrinsicElements'.
src/icons/Fonts/general-sans/GeneralSansMedium.tsx(3366,5): error TS2339: Property 'hkern' does not exist on type 'JSX.IntrinsicElements'.
src/icons/Fonts/general-sans/GeneralSansMedium.tsx(3367,5): error TS2339: Property 'hkern' does not exist on type 'JSX.IntrinsicElements'.
src/icons/Fonts/general-sans/GeneralSansMedium.tsx(3368,5): error TS2339: Property 'hkern' does not exist on type 'JSX.IntrinsicElements'.
src/icons/Fonts/general-sans/GeneralSansMedium.tsx(3369,5): error TS2339: Property 'hkern' does not exist on type 'JSX.IntrinsicElements'.
src/icons/Fonts/general-sans/GeneralSansMedium.tsx(3370,5): error TS2339: Property 'hkern' does not exist on type 'JSX.IntrinsicElements'.
src/icons/Fonts/general-sans/GeneralSansMedium.tsx(3371,5): error TS2339: Property 'hkern' does not exist on type 'JSX.IntrinsicElements'.
src/icons/Fonts/general-sans/GeneralSansMedium.tsx(3372,5): error TS2339: Property 'hkern' does not exist on type 'JSX.IntrinsicElements'.
src/icons/Fonts/general-sans/GeneralSansMedium.tsx(3373,5): error TS2339: Property 'hkern' does not exist on type 'JSX.IntrinsicElements'.
src/icons/Fonts/general-sans/GeneralSansMedium.tsx(3374,5): error TS2339: Property 'hkern' does not exist on type 'JSX.IntrinsicElements'.
src/icons/Fonts/general-sans/GeneralSansMedium.tsx(3375,5): error TS2339: Property 'hkern' does not exist on type 'JSX.IntrinsicElements'.
src/icons/Fonts/general-sans/GeneralSansMedium.tsx(3376,5): error TS2339: Property 'hkern' does not exist on type 'JSX.IntrinsicElements'.
src/icons/Fonts/general-sans/GeneralSansMedium.tsx(3377,5): error TS2339: Property 'hkern' does not exist on type 'JSX.IntrinsicElements'.
src/icons/Fonts/general-sans/GeneralSansMedium.tsx(3378,5): error TS2339: Property 'hkern' does not exist on type 'JSX.IntrinsicElements'.
src/icons/Fonts/general-sans/GeneralSansMedium.tsx(3379,5): error TS2339: Property 'hkern' does not exist on type 'JSX.IntrinsicElements'.
src/icons/Fonts/general-sans/GeneralSansMedium.tsx(3380,5): error TS2339: Property 'hkern' does not exist on type 'JSX.IntrinsicElements'.
src/icons/Fonts/general-sans/GeneralSansMedium.tsx(3381,5): error TS2339: Property 'hkern' does not exist on type 'JSX.IntrinsicElements'.
src/icons/Fonts/general-sans/GeneralSansMedium.tsx(3382,5): error TS2339: Property 'hkern' does not exist on type 'JSX.IntrinsicElements'.
src/icons/Fonts/general-sans/GeneralSansMedium.tsx(3383,5): error TS2339: Property 'hkern' does not exist on type 'JSX.IntrinsicElements'.
src/icons/Fonts/general-sans/GeneralSansMedium.tsx(3384,5): error TS2339: Property 'hkern' does not exist on type 'JSX.IntrinsicElements'.
src/icons/Fonts/general-sans/GeneralSansMedium.tsx(3385,5): error TS2339: Property 'hkern' does not exist on type 'JSX.IntrinsicElements'.
src/icons/Fonts/general-sans/GeneralSansMedium.tsx(3386,5): error TS2339: Property 'hkern' does not exist on type 'JSX.IntrinsicElements'.
src/icons/Fonts/general-sans/GeneralSansMedium.tsx(3387,5): error TS2339: Property 'hkern' does not exist on type 'JSX.IntrinsicElements'.
src/icons/Fonts/general-sans/GeneralSansMedium.tsx(3388,5): error TS2339: Property 'hkern' does not exist on type 'JSX.IntrinsicElements'.
src/icons/Fonts/general-sans/GeneralSansMedium.tsx(3389,5): error TS2339: Property 'hkern' does not exist on type 'JSX.IntrinsicElements'.
src/icons/Fonts/general-sans/GeneralSansMedium.tsx(3390,5): error TS2339: Property 'hkern' does not exist on type 'JSX.IntrinsicElements'.
src/icons/Fonts/general-sans/GeneralSansMedium.tsx(3391,5): error TS2339: Property 'hkern' does not exist on type 'JSX.IntrinsicElements'.
src/icons/Fonts/general-sans/GeneralSansMedium.tsx(3392,5): error TS2339: Property 'hkern' does not exist on type 'JSX.IntrinsicElements'.
src/icons/Fonts/general-sans/GeneralSansMedium.tsx(3393,5): error TS2339: Property 'hkern' does not exist on type 'JSX.IntrinsicElements'.
src/icons/Fonts/general-sans/GeneralSansMedium.tsx(3394,5): error TS2339: Property 'hkern' does not exist on type 'JSX.IntrinsicElements'.
src/icons/Fonts/general-sans/GeneralSansMedium.tsx(3395,5): error TS2339: Property 'hkern' does not exist on type 'JSX.IntrinsicElements'.
src/icons/Fonts/general-sans/GeneralSansMedium.tsx(3396,5): error TS2339: Property 'hkern' does not exist on type 'JSX.IntrinsicElements'.
src/icons/Fonts/general-sans/GeneralSansMedium.tsx(3397,5): error TS2339: Property 'hkern' does not exist on type 'JSX.IntrinsicElements'.
src/icons/Fonts/general-sans/GeneralSansMedium.tsx(3398,5): error TS2339: Property 'hkern' does not exist on type 'JSX.IntrinsicElements'.
src/icons/Fonts/general-sans/GeneralSansMedium.tsx(3399,5): error TS2339: Property 'hkern' does not exist on type 'JSX.IntrinsicElements'.
src/icons/Fonts/general-sans/GeneralSansMedium.tsx(3400,5): error TS2339: Property 'hkern' does not exist on type 'JSX.IntrinsicElements'.
src/icons/Fonts/general-sans/GeneralSansMedium.tsx(3401,5): error TS2339: Property 'hkern' does not exist on type 'JSX.IntrinsicElements'.
src/icons/Fonts/general-sans/GeneralSansMedium.tsx(3402,5): error TS2339: Property 'hkern' does not exist on type 'JSX.IntrinsicElements'.
src/icons/Fonts/general-sans/GeneralSansMedium.tsx(3403,5): error TS2339: Property 'hkern' does not exist on type 'JSX.IntrinsicElements'.
src/icons/Fonts/general-sans/GeneralSansMedium.tsx(3404,5): error TS2339: Property 'hkern' does not exist on type 'JSX.IntrinsicElements'.
src/icons/Fonts/general-sans/GeneralSansMedium.tsx(3405,5): error TS2339: Property 'hkern' does not exist on type 'JSX.IntrinsicElements'.
src/icons/Fonts/general-sans/GeneralSansMedium.tsx(3406,5): error TS2339: Property 'hkern' does not exist on type 'JSX.IntrinsicElements'.
src/icons/Fonts/general-sans/GeneralSansMedium.tsx(3407,5): error TS2339: Property 'hkern' does not exist on type 'JSX.IntrinsicElements'.
src/icons/Fonts/general-sans/GeneralSansMedium.tsx(3408,5): error TS2339: Property 'hkern' does not exist on type 'JSX.IntrinsicElements'.
src/icons/Fonts/general-sans/GeneralSansMedium.tsx(3409,5): error TS2339: Property 'hkern' does not exist on type 'JSX.IntrinsicElements'.
src/icons/Fonts/general-sans/GeneralSansMedium.tsx(3410,5): error TS2339: Property 'hkern' does not exist on type 'JSX.IntrinsicElements'.
src/icons/Fonts/general-sans/GeneralSansMedium.tsx(3411,5): error TS2339: Property 'hkern' does not exist on type 'JSX.IntrinsicElements'.
src/icons/Fonts/general-sans/GeneralSansMedium.tsx(3412,5): error TS2339: Property 'hkern' does not exist on type 'JSX.IntrinsicElements'.
src/icons/Fonts/general-sans/GeneralSansMedium.tsx(3413,5): error TS2339: Property 'hkern' does not exist on type 'JSX.IntrinsicElements'.
src/icons/Fonts/general-sans/GeneralSansMedium.tsx(3414,5): error TS2339: Property 'hkern' does not exist on type 'JSX.IntrinsicElements'.
src/icons/Fonts/general-sans/GeneralSansMedium.tsx(3415,5): error TS2339: Property 'hkern' does not exist on type 'JSX.IntrinsicElements'.
src/icons/Fonts/general-sans/GeneralSansMedium.tsx(3416,5): error TS2339: Property 'hkern' does not exist on type 'JSX.IntrinsicElements'.
src/icons/Fonts/general-sans/GeneralSansMedium.tsx(3417,5): error TS2339: Property 'hkern' does not exist on type 'JSX.IntrinsicElements'.
src/icons/Fonts/general-sans/GeneralSansMedium.tsx(3418,5): error TS2339: Property 'hkern' does not exist on type 'JSX.IntrinsicElements'.
src/icons/Fonts/general-sans/GeneralSansMedium.tsx(3419,5): error TS2339: Property 'hkern' does not exist on type 'JSX.IntrinsicElements'.
src/icons/Fonts/general-sans/GeneralSansMedium.tsx(3420,5): error TS2339: Property 'hkern' does not exist on type 'JSX.IntrinsicElements'.
src/icons/Fonts/general-sans/GeneralSansMedium.tsx(3421,5): error TS2339: Property 'hkern' does not exist on type 'JSX.IntrinsicElements'.
src/icons/Fonts/general-sans/GeneralSansMedium.tsx(3422,5): error TS2339: Property 'hkern' does not exist on type 'JSX.IntrinsicElements'.
src/icons/Fonts/general-sans/GeneralSansMedium.tsx(3423,5): error TS2339: Property 'hkern' does not exist on type 'JSX.IntrinsicElements'.
src/icons/Fonts/general-sans/GeneralSansMedium.tsx(3424,5): error TS2339: Property 'hkern' does not exist on type 'JSX.IntrinsicElements'.
src/icons/Fonts/general-sans/GeneralSansMedium.tsx(3425,5): error TS2339: Property 'hkern' does not exist on type 'JSX.IntrinsicElements'.
src/icons/Fonts/general-sans/GeneralSansMedium.tsx(3426,5): error TS2339: Property 'hkern' does not exist on type 'JSX.IntrinsicElements'.
src/icons/Fonts/general-sans/GeneralSansMedium.tsx(3427,5): error TS2339: Property 'hkern' does not exist on type 'JSX.IntrinsicElements'.
src/icons/Fonts/general-sans/GeneralSansMedium.tsx(3428,5): error TS2339: Property 'hkern' does not exist on type 'JSX.IntrinsicElements'.
src/icons/Fonts/general-sans/GeneralSansMedium.tsx(3429,5): error TS2339: Property 'hkern' does not exist on type 'JSX.IntrinsicElements'.
src/icons/Fonts/general-sans/GeneralSansMedium.tsx(3430,5): error TS2339: Property 'hkern' does not exist on type 'JSX.IntrinsicElements'.
src/icons/Fonts/general-sans/GeneralSansMedium.tsx(3431,5): error TS2339: Property 'hkern' does not exist on type 'JSX.IntrinsicElements'.
src/icons/Fonts/general-sans/GeneralSansMedium.tsx(3432,5): error TS2339: Property 'hkern' does not exist on type 'JSX.IntrinsicElements'.
src/icons/Fonts/general-sans/GeneralSansMedium.tsx(3433,5): error TS2339: Property 'hkern' does not exist on type 'JSX.IntrinsicElements'.
src/icons/Fonts/general-sans/GeneralSansMedium.tsx(3434,5): error TS2339: Property 'hkern' does not exist on type 'JSX.IntrinsicElements'.
src/icons/Fonts/general-sans/GeneralSansMedium.tsx(3435,5): error TS2339: Property 'hkern' does not exist on type 'JSX.IntrinsicElements'.
src/icons/Fonts/general-sans/GeneralSansMedium.tsx(3436,5): error TS2339: Property 'hkern' does not exist on type 'JSX.IntrinsicElements'.
src/icons/Fonts/general-sans/GeneralSansMedium.tsx(3437,5): error TS2339: Property 'hkern' does not exist on type 'JSX.IntrinsicElements'.
src/icons/Fonts/general-sans/GeneralSansMedium.tsx(3438,5): error TS2339: Property 'hkern' does not exist on type 'JSX.IntrinsicElements'.
src/icons/Fonts/general-sans/GeneralSansMedium.tsx(3439,5): error TS2339: Property 'hkern' does not exist on type 'JSX.IntrinsicElements'.
src/icons/Fonts/general-sans/GeneralSansMedium.tsx(3440,5): error TS2339: Property 'hkern' does not exist on type 'JSX.IntrinsicElements'.
src/icons/Fonts/general-sans/GeneralSansMedium.tsx(3441,5): error TS2339: Property 'hkern' does not exist on type 'JSX.IntrinsicElements'.
src/icons/Fonts/general-sans/GeneralSansMedium.tsx(3442,5): error TS2339: Property 'hkern' does not exist on type 'JSX.IntrinsicElements'.
src/icons/Fonts/general-sans/GeneralSansMedium.tsx(3443,5): error TS2339: Property 'hkern' does not exist on type 'JSX.IntrinsicElements'.
src/icons/Fonts/general-sans/GeneralSansMedium.tsx(3444,5): error TS2339: Property 'hkern' does not exist on type 'JSX.IntrinsicElements'.
src/icons/Fonts/general-sans/GeneralSansMedium.tsx(3445,5): error TS2339: Property 'hkern' does not exist on type 'JSX.IntrinsicElements'.
src/icons/Fonts/general-sans/GeneralSansMedium.tsx(3446,5): error TS2339: Property 'hkern' does not exist on type 'JSX.IntrinsicElements'.
src/icons/Fonts/general-sans/GeneralSansMedium.tsx(3447,5): error TS2339: Property 'hkern' does not exist on type 'JSX.IntrinsicElements'.
src/icons/Fonts/general-sans/GeneralSansMedium.tsx(3448,5): error TS2339: Property 'hkern' does not exist on type 'JSX.IntrinsicElements'.
src/icons/Fonts/general-sans/GeneralSansMedium.tsx(3449,5): error TS2339: Property 'hkern' does not exist on type 'JSX.IntrinsicElements'.
src/icons/Fonts/general-sans/GeneralSansMedium.tsx(3450,5): error TS2339: Property 'hkern' does not exist on type 'JSX.IntrinsicElements'.
src/icons/Fonts/general-sans/GeneralSansMedium.tsx(3451,5): error TS2339: Property 'hkern' does not exist on type 'JSX.IntrinsicElements'.
src/icons/Fonts/general-sans/GeneralSansMedium.tsx(3452,5): error TS2339: Property 'hkern' does not exist on type 'JSX.IntrinsicElements'.
src/icons/Fonts/general-sans/GeneralSansMedium.tsx(3453,5): error TS2339: Property 'hkern' does not exist on type 'JSX.IntrinsicElements'.
src/icons/Fonts/general-sans/GeneralSansMedium.tsx(3454,5): error TS2339: Property 'hkern' does not exist on type 'JSX.IntrinsicElements'.
src/icons/Fonts/general-sans/GeneralSansMedium.tsx(3455,5): error TS2339: Property 'hkern' does not exist on type 'JSX.IntrinsicElements'.
src/icons/Fonts/general-sans/GeneralSansMedium.tsx(3456,5): error TS2339: Property 'hkern' does not exist on type 'JSX.IntrinsicElements'.
src/icons/Fonts/general-sans/GeneralSansMedium.tsx(3457,5): error TS2339: Property 'hkern' does not exist on type 'JSX.IntrinsicElements'.
src/icons/Fonts/general-sans/GeneralSansMedium.tsx(3458,5): error TS2339: Property 'hkern' does not exist on type 'JSX.IntrinsicElements'.
src/icons/Fonts/general-sans/GeneralSansMedium.tsx(3459,5): error TS2339: Property 'hkern' does not exist on type 'JSX.IntrinsicElements'.
src/icons/Fonts/general-sans/GeneralSansMedium.tsx(3460,5): error TS2339: Property 'hkern' does not exist on type 'JSX.IntrinsicElements'.
src/icons/Fonts/general-sans/GeneralSansMedium.tsx(3461,5): error TS2339: Property 'hkern' does not exist on type 'JSX.IntrinsicElements'.
src/icons/Fonts/general-sans/GeneralSansMedium.tsx(3462,5): error TS2339: Property 'hkern' does not exist on type 'JSX.IntrinsicElements'.
src/icons/Fonts/general-sans/GeneralSansMedium.tsx(3463,5): error TS2339: Property 'hkern' does not exist on type 'JSX.IntrinsicElements'.
src/icons/Fonts/general-sans/GeneralSansMedium.tsx(3464,5): error TS2339: Property 'hkern' does not exist on type 'JSX.IntrinsicElements'.
src/icons/Fonts/general-sans/GeneralSansMedium.tsx(3465,5): error TS2339: Property 'hkern' does not exist on type 'JSX.IntrinsicElements'.
src/icons/Fonts/general-sans/GeneralSansMedium.tsx(3466,5): error TS2339: Property 'hkern' does not exist on type 'JSX.IntrinsicElements'.
src/icons/Fonts/general-sans/GeneralSansMedium.tsx(3467,5): error TS2339: Property 'hkern' does not exist on type 'JSX.IntrinsicElements'.
src/icons/Fonts/general-sans/GeneralSansMedium.tsx(3468,5): error TS2339: Property 'hkern' does not exist on type 'JSX.IntrinsicElements'.
src/icons/Fonts/general-sans/GeneralSansMedium.tsx(3469,5): error TS2339: Property 'hkern' does not exist on type 'JSX.IntrinsicElements'.
src/icons/Fonts/general-sans/GeneralSansMedium.tsx(3470,5): error TS2339: Property 'hkern' does not exist on type 'JSX.IntrinsicElements'.
src/icons/Fonts/general-sans/GeneralSansMedium.tsx(3471,5): error TS2339: Property 'hkern' does not exist on type 'JSX.IntrinsicElements'.
src/icons/Fonts/general-sans/GeneralSansMedium.tsx(3472,5): error TS2339: Property 'hkern' does not exist on type 'JSX.IntrinsicElements'.
src/icons/Fonts/general-sans/GeneralSansMedium.tsx(3473,5): error TS2339: Property 'hkern' does not exist on type 'JSX.IntrinsicElements'.
src/icons/Fonts/general-sans/GeneralSansMedium.tsx(3474,5): error TS2339: Property 'hkern' does not exist on type 'JSX.IntrinsicElements'.
src/icons/Fonts/general-sans/GeneralSansMedium.tsx(3475,5): error TS2339: Property 'hkern' does not exist on type 'JSX.IntrinsicElements'.
src/icons/Fonts/general-sans/GeneralSansMedium.tsx(3476,5): error TS2339: Property 'hkern' does not exist on type 'JSX.IntrinsicElements'.
src/icons/Fonts/general-sans/GeneralSansMedium.tsx(3477,5): error TS2339: Property 'hkern' does not exist on type 'JSX.IntrinsicElements'.
src/icons/Fonts/general-sans/GeneralSansMedium.tsx(3478,5): error TS2339: Property 'hkern' does not exist on type 'JSX.IntrinsicElements'.
src/icons/Fonts/general-sans/GeneralSansMedium.tsx(3479,5): error TS2339: Property 'hkern' does not exist on type 'JSX.IntrinsicElements'.
src/icons/Fonts/general-sans/GeneralSansMedium.tsx(3480,5): error TS2339: Property 'hkern' does not exist on type 'JSX.IntrinsicElements'.
src/icons/Fonts/general-sans/GeneralSansMedium.tsx(3481,5): error TS2339: Property 'hkern' does not exist on type 'JSX.IntrinsicElements'.
src/icons/Fonts/general-sans/GeneralSansMedium.tsx(3482,5): error TS2339: Property 'hkern' does not exist on type 'JSX.IntrinsicElements'.
src/icons/Fonts/general-sans/GeneralSansMedium.tsx(3483,5): error TS2339: Property 'hkern' does not exist on type 'JSX.IntrinsicElements'.
src/icons/Fonts/general-sans/GeneralSansMedium.tsx(3484,5): error TS2339: Property 'hkern' does not exist on type 'JSX.IntrinsicElements'.
src/icons/Fonts/general-sans/GeneralSansMedium.tsx(3485,5): error TS2339: Property 'hkern' does not exist on type 'JSX.IntrinsicElements'.
src/icons/Fonts/general-sans/GeneralSansMedium.tsx(3486,5): error TS2339: Property 'hkern' does not exist on type 'JSX.IntrinsicElements'.
src/icons/Fonts/general-sans/GeneralSansMedium.tsx(3487,5): error TS2339: Property 'hkern' does not exist on type 'JSX.IntrinsicElements'.
src/icons/Fonts/general-sans/GeneralSansMedium.tsx(3488,5): error TS2339: Property 'hkern' does not exist on type 'JSX.IntrinsicElements'.
src/icons/Fonts/general-sans/GeneralSansMedium.tsx(3489,5): error TS2339: Property 'hkern' does not exist on type 'JSX.IntrinsicElements'.
src/icons/Fonts/general-sans/GeneralSansMedium.tsx(3490,5): error TS2339: Property 'hkern' does not exist on type 'JSX.IntrinsicElements'.
src/icons/Fonts/general-sans/GeneralSansMedium.tsx(3491,5): error TS2339: Property 'hkern' does not exist on type 'JSX.IntrinsicElements'.
src/icons/Fonts/general-sans/GeneralSansMedium.tsx(3492,5): error TS2339: Property 'hkern' does not exist on type 'JSX.IntrinsicElements'.
src/icons/Fonts/general-sans/GeneralSansMedium.tsx(3493,5): error TS2339: Property 'hkern' does not exist on type 'JSX.IntrinsicElements'.
src/icons/Fonts/general-sans/GeneralSansMedium.tsx(3494,5): error TS2339: Property 'hkern' does not exist on type 'JSX.IntrinsicElements'.
src/icons/Fonts/general-sans/GeneralSansMedium.tsx(3495,5): error TS2339: Property 'hkern' does not exist on type 'JSX.IntrinsicElements'.
src/icons/Fonts/general-sans/GeneralSansMedium.tsx(3496,5): error TS2339: Property 'hkern' does not exist on type 'JSX.IntrinsicElements'.
src/icons/Fonts/general-sans/GeneralSansMedium.tsx(3497,5): error TS2339: Property 'hkern' does not exist on type 'JSX.IntrinsicElements'.
src/icons/Fonts/general-sans/GeneralSansMedium.tsx(3498,5): error TS2339: Property 'hkern' does not exist on type 'JSX.IntrinsicElements'.
src/icons/Fonts/general-sans/GeneralSansMedium.tsx(3499,5): error TS2339: Property 'hkern' does not exist on type 'JSX.IntrinsicElements'.
src/icons/Fonts/general-sans/GeneralSansMedium.tsx(3500,5): error TS2339: Property 'hkern' does not exist on type 'JSX.IntrinsicElements'.
src/icons/Fonts/general-sans/GeneralSansMedium.tsx(3501,5): error TS2339: Property 'hkern' does not exist on type 'JSX.IntrinsicElements'.
src/icons/Fonts/general-sans/GeneralSansMedium.tsx(3502,5): error TS2339: Property 'hkern' does not exist on type 'JSX.IntrinsicElements'.
src/icons/Fonts/general-sans/GeneralSansMedium.tsx(3503,5): error TS2339: Property 'hkern' does not exist on type 'JSX.IntrinsicElements'.
src/icons/Fonts/general-sans/GeneralSansMedium.tsx(3504,5): error TS2339: Property 'hkern' does not exist on type 'JSX.IntrinsicElements'.
src/icons/Fonts/general-sans/GeneralSansMedium.tsx(3505,5): error TS2339: Property 'hkern' does not exist on type 'JSX.IntrinsicElements'.
src/icons/Fonts/general-sans/GeneralSansMedium.tsx(3506,5): error TS2339: Property 'hkern' does not exist on type 'JSX.IntrinsicElements'.
src/icons/Fonts/general-sans/GeneralSansMedium.tsx(3507,5): error TS2339: Property 'hkern' does not exist on type 'JSX.IntrinsicElements'.
src/icons/Fonts/general-sans/GeneralSansMedium.tsx(3508,5): error TS2339: Property 'hkern' does not exist on type 'JSX.IntrinsicElements'.
src/icons/Fonts/general-sans/GeneralSansMedium.tsx(3509,5): error TS2339: Property 'hkern' does not exist on type 'JSX.IntrinsicElements'.
src/icons/Fonts/general-sans/GeneralSansMedium.tsx(3510,5): error TS2339: Property 'hkern' does not exist on type 'JSX.IntrinsicElements'.
src/icons/Fonts/general-sans/GeneralSansMedium.tsx(3511,5): error TS2339: Property 'hkern' does not exist on type 'JSX.IntrinsicElements'.
src/icons/Fonts/general-sans/GeneralSansMedium.tsx(3512,5): error TS2339: Property 'hkern' does not exist on type 'JSX.IntrinsicElements'.
src/icons/Fonts/general-sans/GeneralSansMedium.tsx(3513,5): error TS2339: Property 'hkern' does not exist on type 'JSX.IntrinsicElements'.
src/icons/Fonts/general-sans/GeneralSansMedium.tsx(3514,5): error TS2339: Property 'hkern' does not exist on type 'JSX.IntrinsicElements'.
src/icons/Fonts/general-sans/GeneralSansMedium.tsx(3515,5): error TS2339: Property 'hkern' does not exist on type 'JSX.IntrinsicElements'.
src/icons/Fonts/general-sans/GeneralSansMedium.tsx(3516,5): error TS2339: Property 'hkern' does not exist on type 'JSX.IntrinsicElements'.
src/icons/Fonts/general-sans/GeneralSansMedium.tsx(3517,5): error TS2339: Property 'hkern' does not exist on type 'JSX.IntrinsicElements'.
src/icons/Fonts/general-sans/GeneralSansMedium.tsx(3518,5): error TS2339: Property 'hkern' does not exist on type 'JSX.IntrinsicElements'.
src/icons/Fonts/general-sans/GeneralSansMedium.tsx(3519,5): error TS2339: Property 'hkern' does not exist on type 'JSX.IntrinsicElements'.
src/icons/Fonts/general-sans/GeneralSansMedium.tsx(3520,5): error TS2339: Property 'hkern' does not exist on type 'JSX.IntrinsicElements'.
src/icons/Fonts/general-sans/GeneralSansMedium.tsx(3521,5): error TS2339: Property 'hkern' does not exist on type 'JSX.IntrinsicElements'.
src/icons/Fonts/general-sans/GeneralSansMedium.tsx(3522,5): error TS2339: Property 'hkern' does not exist on type 'JSX.IntrinsicElements'.
src/icons/Fonts/general-sans/GeneralSansMedium.tsx(3523,5): error TS2339: Property 'hkern' does not exist on type 'JSX.IntrinsicElements'.
src/icons/Fonts/general-sans/GeneralSansMedium.tsx(3524,5): error TS2339: Property 'hkern' does not exist on type 'JSX.IntrinsicElements'.
src/icons/Fonts/general-sans/GeneralSansMedium.tsx(3525,5): error TS2339: Property 'hkern' does not exist on type 'JSX.IntrinsicElements'.
src/icons/Fonts/general-sans/GeneralSansMedium.tsx(3526,5): error TS2339: Property 'hkern' does not exist on type 'JSX.IntrinsicElements'.
src/icons/Fonts/general-sans/GeneralSansMedium.tsx(3527,5): error TS2339: Property 'hkern' does not exist on type 'JSX.IntrinsicElements'.
src/icons/Fonts/general-sans/GeneralSansMedium.tsx(3528,5): error TS2339: Property 'hkern' does not exist on type 'JSX.IntrinsicElements'.
src/icons/Fonts/general-sans/GeneralSansMedium.tsx(3529,5): error TS2339: Property 'hkern' does not exist on type 'JSX.IntrinsicElements'.
src/icons/Fonts/general-sans/GeneralSansMedium.tsx(3530,5): error TS2339: Property 'hkern' does not exist on type 'JSX.IntrinsicElements'.
src/icons/Fonts/general-sans/GeneralSansMedium.tsx(3531,5): error TS2339: Property 'hkern' does not exist on type 'JSX.IntrinsicElements'.
src/icons/Fonts/general-sans/GeneralSansMedium.tsx(3532,5): error TS2339: Property 'hkern' does not exist on type 'JSX.IntrinsicElements'.
src/icons/Fonts/general-sans/GeneralSansMedium.tsx(3533,5): error TS2339: Property 'hkern' does not exist on type 'JSX.IntrinsicElements'.
src/icons/Fonts/general-sans/GeneralSansMedium.tsx(3534,5): error TS2339: Property 'hkern' does not exist on type 'JSX.IntrinsicElements'.
src/icons/Fonts/general-sans/GeneralSansMedium.tsx(3535,5): error TS2339: Property 'hkern' does not exist on type 'JSX.IntrinsicElements'.
src/icons/Fonts/general-sans/GeneralSansMedium.tsx(3536,5): error TS2339: Property 'hkern' does not exist on type 'JSX.IntrinsicElements'.
src/icons/Fonts/general-sans/GeneralSansMedium.tsx(3537,5): error TS2339: Property 'hkern' does not exist on type 'JSX.IntrinsicElements'.
src/icons/Fonts/general-sans/GeneralSansMedium.tsx(3538,5): error TS2339: Property 'hkern' does not exist on type 'JSX.IntrinsicElements'.
src/icons/Fonts/general-sans/GeneralSansMedium.tsx(3539,5): error TS2339: Property 'hkern' does not exist on type 'JSX.IntrinsicElements'.
src/icons/Fonts/general-sans/GeneralSansMedium.tsx(3540,5): error TS2339: Property 'hkern' does not exist on type 'JSX.IntrinsicElements'.
src/icons/Fonts/general-sans/GeneralSansMedium.tsx(3541,5): error TS2339: Property 'hkern' does not exist on type 'JSX.IntrinsicElements'.
src/icons/Fonts/general-sans/GeneralSansMedium.tsx(3542,5): error TS2339: Property 'hkern' does not exist on type 'JSX.IntrinsicElements'.
src/icons/Fonts/general-sans/GeneralSansMedium.tsx(3543,5): error TS2339: Property 'hkern' does not exist on type 'JSX.IntrinsicElements'.
src/icons/Fonts/general-sans/GeneralSansMedium.tsx(3544,5): error TS2339: Property 'hkern' does not exist on type 'JSX.IntrinsicElements'.
src/icons/Fonts/general-sans/GeneralSansMedium.tsx(3545,5): error TS2339: Property 'hkern' does not exist on type 'JSX.IntrinsicElements'.
src/icons/Fonts/general-sans/GeneralSansMedium.tsx(3546,5): error TS2339: Property 'hkern' does not exist on type 'JSX.IntrinsicElements'.
src/icons/Fonts/general-sans/GeneralSansMedium.tsx(3547,5): error TS2339: Property 'hkern' does not exist on type 'JSX.IntrinsicElements'.
src/icons/Fonts/general-sans/GeneralSansMedium.tsx(3548,5): error TS2339: Property 'hkern' does not exist on type 'JSX.IntrinsicElements'.
src/icons/Fonts/general-sans/GeneralSansMedium.tsx(3549,5): error TS2339: Property 'hkern' does not exist on type 'JSX.IntrinsicElements'.
src/icons/Fonts/general-sans/GeneralSansMedium.tsx(3550,5): error TS2339: Property 'hkern' does not exist on type 'JSX.IntrinsicElements'.
src/icons/Fonts/general-sans/GeneralSansMedium.tsx(3551,5): error TS2339: Property 'hkern' does not exist on type 'JSX.IntrinsicElements'.
src/icons/Fonts/general-sans/GeneralSansMedium.tsx(3552,5): error TS2339: Property 'hkern' does not exist on type 'JSX.IntrinsicElements'.
src/icons/Fonts/general-sans/GeneralSansMedium.tsx(3553,5): error TS2339: Property 'hkern' does not exist on type 'JSX.IntrinsicElements'.
src/icons/Fonts/general-sans/GeneralSansMedium.tsx(3554,5): error TS2339: Property 'hkern' does not exist on type 'JSX.IntrinsicElements'.
src/icons/Fonts/general-sans/GeneralSansMedium.tsx(3555,5): error TS2339: Property 'hkern' does not exist on type 'JSX.IntrinsicElements'.
src/icons/Fonts/general-sans/GeneralSansMedium.tsx(3556,5): error TS2339: Property 'hkern' does not exist on type 'JSX.IntrinsicElements'.
src/icons/Fonts/general-sans/GeneralSansMedium.tsx(3557,5): error TS2339: Property 'hkern' does not exist on type 'JSX.IntrinsicElements'.
src/icons/Fonts/general-sans/GeneralSansMedium.tsx(3558,5): error TS2339: Property 'hkern' does not exist on type 'JSX.IntrinsicElements'.
src/icons/Fonts/general-sans/GeneralSansMedium.tsx(3559,5): error TS2339: Property 'hkern' does not exist on type 'JSX.IntrinsicElements'.
src/icons/Fonts/general-sans/GeneralSansMedium.tsx(3560,5): error TS2339: Property 'hkern' does not exist on type 'JSX.IntrinsicElements'.
src/icons/Fonts/general-sans/GeneralSansMedium.tsx(3561,5): error TS2339: Property 'hkern' does not exist on type 'JSX.IntrinsicElements'.
src/icons/Fonts/general-sans/GeneralSansMedium.tsx(3562,5): error TS2339: Property 'hkern' does not exist on type 'JSX.IntrinsicElements'.
src/icons/Fonts/general-sans/GeneralSansMedium.tsx(3563,5): error TS2339: Property 'hkern' does not exist on type 'JSX.IntrinsicElements'.
src/icons/Fonts/general-sans/GeneralSansMedium.tsx(3564,5): error TS2339: Property 'hkern' does not exist on type 'JSX.IntrinsicElements'.
src/icons/Fonts/general-sans/GeneralSansMedium.tsx(3565,5): error TS2339: Property 'hkern' does not exist on type 'JSX.IntrinsicElements'.
src/icons/Fonts/general-sans/GeneralSansMedium.tsx(3566,5): error TS2339: Property 'hkern' does not exist on type 'JSX.IntrinsicElements'.
src/icons/Fonts/general-sans/GeneralSansMedium.tsx(3567,5): error TS2339: Property 'hkern' does not exist on type 'JSX.IntrinsicElements'.
src/icons/Fonts/general-sans/GeneralSansMedium.tsx(3568,5): error TS2339: Property 'hkern' does not exist on type 'JSX.IntrinsicElements'.
src/icons/Fonts/general-sans/GeneralSansMedium.tsx(3569,5): error TS2339: Property 'hkern' does not exist on type 'JSX.IntrinsicElements'.
src/icons/Fonts/general-sans/GeneralSansMedium.tsx(3570,5): error TS2339: Property 'hkern' does not exist on type 'JSX.IntrinsicElements'.
src/icons/Fonts/general-sans/GeneralSansMedium.tsx(3571,5): error TS2339: Property 'hkern' does not exist on type 'JSX.IntrinsicElements'.
src/icons/Fonts/general-sans/GeneralSansMedium.tsx(3572,5): error TS2339: Property 'hkern' does not exist on type 'JSX.IntrinsicElements'.
src/icons/Fonts/general-sans/GeneralSansMedium.tsx(3573,5): error TS2339: Property 'hkern' does not exist on type 'JSX.IntrinsicElements'.
src/icons/Fonts/general-sans/GeneralSansMedium.tsx(3574,5): error TS2339: Property 'hkern' does not exist on type 'JSX.IntrinsicElements'.
src/icons/Fonts/general-sans/GeneralSansMedium.tsx(3575,5): error TS2339: Property 'hkern' does not exist on type 'JSX.IntrinsicElements'.
src/icons/Fonts/general-sans/GeneralSansMedium.tsx(3576,5): error TS2339: Property 'hkern' does not exist on type 'JSX.IntrinsicElements'.
src/icons/Fonts/general-sans/GeneralSansMedium.tsx(3577,5): error TS2339: Property 'hkern' does not exist on type 'JSX.IntrinsicElements'.
src/icons/Fonts/general-sans/GeneralSansMedium.tsx(3578,5): error TS2339: Property 'hkern' does not exist on type 'JSX.IntrinsicElements'.
src/icons/Fonts/general-sans/GeneralSansMedium.tsx(3579,5): error TS2339: Property 'hkern' does not exist on type 'JSX.IntrinsicElements'.
src/icons/Fonts/general-sans/GeneralSansMedium.tsx(3580,5): error TS2339: Property 'hkern' does not exist on type 'JSX.IntrinsicElements'.
src/icons/Fonts/general-sans/GeneralSansMedium.tsx(3581,5): error TS2339: Property 'hkern' does not exist on type 'JSX.IntrinsicElements'.
src/icons/Fonts/general-sans/GeneralSansMedium.tsx(3582,5): error TS2339: Property 'hkern' does not exist on type 'JSX.IntrinsicElements'.
src/icons/Fonts/general-sans/GeneralSansMedium.tsx(3583,5): error TS2339: Property 'hkern' does not exist on type 'JSX.IntrinsicElements'.
src/icons/Fonts/general-sans/GeneralSansMedium.tsx(3584,5): error TS2339: Property 'hkern' does not exist on type 'JSX.IntrinsicElements'.
src/icons/Fonts/general-sans/GeneralSansMedium.tsx(3585,5): error TS2339: Property 'hkern' does not exist on type 'JSX.IntrinsicElements'.
src/icons/Fonts/general-sans/GeneralSansMedium.tsx(3586,5): error TS2339: Property 'hkern' does not exist on type 'JSX.IntrinsicElements'.
src/icons/Fonts/general-sans/GeneralSansMedium.tsx(3587,5): error TS2339: Property 'hkern' does not exist on type 'JSX.IntrinsicElements'.
src/icons/Fonts/general-sans/GeneralSansMedium.tsx(3588,5): error TS2339: Property 'hkern' does not exist on type 'JSX.IntrinsicElements'.
src/icons/Fonts/general-sans/GeneralSansMedium.tsx(3589,5): error TS2339: Property 'hkern' does not exist on type 'JSX.IntrinsicElements'.
src/icons/Fonts/general-sans/GeneralSansMedium.tsx(3590,5): error TS2339: Property 'hkern' does not exist on type 'JSX.IntrinsicElements'.
src/icons/Fonts/general-sans/GeneralSansMedium.tsx(3591,5): error TS2339: Property 'hkern' does not exist on type 'JSX.IntrinsicElements'.
src/icons/Fonts/general-sans/GeneralSansMedium.tsx(3592,5): error TS2339: Property 'hkern' does not exist on type 'JSX.IntrinsicElements'.
src/icons/Fonts/general-sans/GeneralSansMedium.tsx(3593,5): error TS2339: Property 'hkern' does not exist on type 'JSX.IntrinsicElements'.
src/icons/Fonts/general-sans/GeneralSansMedium.tsx(3594,5): error TS2339: Property 'hkern' does not exist on type 'JSX.IntrinsicElements'.
src/icons/Fonts/general-sans/GeneralSansMedium.tsx(3595,5): error TS2339: Property 'hkern' does not exist on type 'JSX.IntrinsicElements'.
src/icons/Fonts/general-sans/GeneralSansMedium.tsx(3596,5): error TS2339: Property 'hkern' does not exist on type 'JSX.IntrinsicElements'.
src/icons/Fonts/general-sans/GeneralSansMedium.tsx(3597,5): error TS2339: Property 'hkern' does not exist on type 'JSX.IntrinsicElements'.
src/icons/Fonts/general-sans/GeneralSansMedium.tsx(3598,5): error TS2339: Property 'hkern' does not exist on type 'JSX.IntrinsicElements'.
src/icons/Fonts/general-sans/GeneralSansMedium.tsx(3599,5): error TS2339: Property 'hkern' does not exist on type 'JSX.IntrinsicElements'.
src/icons/Fonts/general-sans/GeneralSansMedium.tsx(3600,5): error TS2339: Property 'hkern' does not exist on type 'JSX.IntrinsicElements'.
src/icons/Fonts/general-sans/GeneralSansMedium.tsx(3601,5): error TS2339: Property 'hkern' does not exist on type 'JSX.IntrinsicElements'.
src/icons/Fonts/general-sans/GeneralSansMedium.tsx(3602,5): error TS2339: Property 'hkern' does not exist on type 'JSX.IntrinsicElements'.
src/icons/Fonts/general-sans/GeneralSansMedium.tsx(3603,5): error TS2339: Property 'hkern' does not exist on type 'JSX.IntrinsicElements'.
src/icons/Fonts/general-sans/GeneralSansMedium.tsx(3604,5): error TS2339: Property 'hkern' does not exist on type 'JSX.IntrinsicElements'.
src/icons/Fonts/general-sans/GeneralSansMedium.tsx(3605,5): error TS2339: Property 'hkern' does not exist on type 'JSX.IntrinsicElements'.
src/icons/Fonts/general-sans/GeneralSansMedium.tsx(3606,5): error TS2339: Property 'hkern' does not exist on type 'JSX.IntrinsicElements'.
src/icons/Fonts/general-sans/GeneralSansMedium.tsx(3607,5): error TS2339: Property 'hkern' does not exist on type 'JSX.IntrinsicElements'.
src/icons/Fonts/general-sans/GeneralSansMedium.tsx(3608,5): error TS2339: Property 'hkern' does not exist on type 'JSX.IntrinsicElements'.
src/icons/Fonts/general-sans/GeneralSansMedium.tsx(3609,5): error TS2339: Property 'hkern' does not exist on type 'JSX.IntrinsicElements'.
src/icons/Fonts/general-sans/GeneralSansMedium.tsx(3610,5): error TS2339: Property 'hkern' does not exist on type 'JSX.IntrinsicElements'.
src/icons/Fonts/general-sans/GeneralSansMedium.tsx(3611,5): error TS2339: Property 'hkern' does not exist on type 'JSX.IntrinsicElements'.
src/icons/Fonts/general-sans/GeneralSansMedium.tsx(3612,5): error TS2339: Property 'hkern' does not exist on type 'JSX.IntrinsicElements'.
src/icons/Fonts/general-sans/GeneralSansMedium.tsx(3613,5): error TS2339: Property 'hkern' does not exist on type 'JSX.IntrinsicElements'.
src/icons/Fonts/general-sans/GeneralSansMedium.tsx(3614,5): error TS2339: Property 'hkern' does not exist on type 'JSX.IntrinsicElements'.
src/icons/Fonts/general-sans/GeneralSansMedium.tsx(3615,5): error TS2339: Property 'hkern' does not exist on type 'JSX.IntrinsicElements'.
src/icons/Fonts/general-sans/GeneralSansMedium.tsx(3616,5): error TS2339: Property 'hkern' does not exist on type 'JSX.IntrinsicElements'.
src/icons/Fonts/general-sans/GeneralSansMedium.tsx(3617,5): error TS2339: Property 'hkern' does not exist on type 'JSX.IntrinsicElements'.
src/icons/Fonts/general-sans/GeneralSansMedium.tsx(3618,5): error TS2339: Property 'hkern' does not exist on type 'JSX.IntrinsicElements'.
src/icons/Fonts/general-sans/GeneralSansMedium.tsx(3619,5): error TS2339: Property 'hkern' does not exist on type 'JSX.IntrinsicElements'.
src/icons/Fonts/general-sans/GeneralSansMedium.tsx(3620,5): error TS2339: Property 'hkern' does not exist on type 'JSX.IntrinsicElements'.
src/icons/Fonts/general-sans/GeneralSansMedium.tsx(3621,5): error TS2339: Property 'hkern' does not exist on type 'JSX.IntrinsicElements'.
src/icons/Fonts/general-sans/GeneralSansMedium.tsx(3622,5): error TS2339: Property 'hkern' does not exist on type 'JSX.IntrinsicElements'.
src/icons/Fonts/general-sans/GeneralSansMedium.tsx(3623,5): error TS2339: Property 'hkern' does not exist on type 'JSX.IntrinsicElements'.
src/icons/Fonts/general-sans/GeneralSansMedium.tsx(3624,5): error TS2339: Property 'hkern' does not exist on type 'JSX.IntrinsicElements'.
src/icons/Fonts/general-sans/GeneralSansMedium.tsx(3625,5): error TS2339: Property 'hkern' does not exist on type 'JSX.IntrinsicElements'.
src/icons/Fonts/general-sans/GeneralSansMedium.tsx(3626,5): error TS2339: Property 'hkern' does not exist on type 'JSX.IntrinsicElements'.
src/icons/Fonts/general-sans/GeneralSansMedium.tsx(3627,5): error TS2339: Property 'hkern' does not exist on type 'JSX.IntrinsicElements'.
src/icons/Fonts/general-sans/GeneralSansMedium.tsx(3628,5): error TS2339: Property 'hkern' does not exist on type 'JSX.IntrinsicElements'.
src/icons/Fonts/general-sans/GeneralSansMedium.tsx(3629,5): error TS2339: Property 'hkern' does not exist on type 'JSX.IntrinsicElements'.
src/icons/Fonts/general-sans/GeneralSansMedium.tsx(3630,5): error TS2339: Property 'hkern' does not exist on type 'JSX.IntrinsicElements'.
src/icons/Fonts/general-sans/GeneralSansMedium.tsx(3631,5): error TS2339: Property 'hkern' does not exist on type 'JSX.IntrinsicElements'.
src/icons/Fonts/general-sans/GeneralSansMedium.tsx(3632,5): error TS2339: Property 'hkern' does not exist on type 'JSX.IntrinsicElements'.
src/icons/Fonts/general-sans/GeneralSansMedium.tsx(3633,5): error TS2339: Property 'hkern' does not exist on type 'JSX.IntrinsicElements'.
src/icons/Fonts/general-sans/GeneralSansMedium.tsx(3634,5): error TS2339: Property 'hkern' does not exist on type 'JSX.IntrinsicElements'.
src/icons/Fonts/general-sans/GeneralSansMedium.tsx(3635,5): error TS2339: Property 'hkern' does not exist on type 'JSX.IntrinsicElements'.
src/icons/Fonts/general-sans/GeneralSansMedium.tsx(3636,5): error TS2339: Property 'hkern' does not exist on type 'JSX.IntrinsicElements'.
src/icons/Fonts/general-sans/GeneralSansMedium.tsx(3637,5): error TS2339: Property 'hkern' does not exist on type 'JSX.IntrinsicElements'.
src/icons/Fonts/general-sans/GeneralSansMedium.tsx(3638,5): error TS2339: Property 'hkern' does not exist on type 'JSX.IntrinsicElements'.
src/icons/Fonts/general-sans/GeneralSansMedium.tsx(3639,5): error TS2339: Property 'hkern' does not exist on type 'JSX.IntrinsicElements'.
src/icons/Fonts/general-sans/GeneralSansMedium.tsx(3640,5): error TS2339: Property 'hkern' does not exist on type 'JSX.IntrinsicElements'.
src/icons/Fonts/general-sans/GeneralSansMedium.tsx(3641,5): error TS2339: Property 'hkern' does not exist on type 'JSX.IntrinsicElements'.
src/icons/Fonts/general-sans/GeneralSansMedium.tsx(3642,5): error TS2339: Property 'hkern' does not exist on type 'JSX.IntrinsicElements'.
src/icons/Fonts/general-sans/GeneralSansMedium.tsx(3643,5): error TS2339: Property 'hkern' does not exist on type 'JSX.IntrinsicElements'.
src/icons/Fonts/general-sans/GeneralSansMedium.tsx(3644,5): error TS2339: Property 'hkern' does not exist on type 'JSX.IntrinsicElements'.
src/icons/Fonts/general-sans/GeneralSansMedium.tsx(3645,5): error TS2339: Property 'hkern' does not exist on type 'JSX.IntrinsicElements'.
src/icons/Fonts/general-sans/GeneralSansMedium.tsx(3646,5): error TS2339: Property 'hkern' does not exist on type 'JSX.IntrinsicElements'.
src/icons/Fonts/general-sans/GeneralSansMedium.tsx(3647,5): error TS2339: Property 'hkern' does not exist on type 'JSX.IntrinsicElements'.
src/icons/Fonts/general-sans/GeneralSansMedium.tsx(3648,5): error TS2339: Property 'hkern' does not exist on type 'JSX.IntrinsicElements'.
src/icons/Fonts/general-sans/GeneralSansMedium.tsx(3649,5): error TS2339: Property 'hkern' does not exist on type 'JSX.IntrinsicElements'.
src/icons/Fonts/general-sans/GeneralSansMedium.tsx(3650,5): error TS2339: Property 'hkern' does not exist on type 'JSX.IntrinsicElements'.
src/icons/Fonts/general-sans/GeneralSansMedium.tsx(3651,5): error TS2339: Property 'hkern' does not exist on type 'JSX.IntrinsicElements'.
src/icons/Fonts/general-sans/GeneralSansMedium.tsx(3652,5): error TS2339: Property 'hkern' does not exist on type 'JSX.IntrinsicElements'.
src/icons/Fonts/general-sans/GeneralSansMedium.tsx(3653,5): error TS2339: Property 'hkern' does not exist on type 'JSX.IntrinsicElements'.
src/icons/Fonts/general-sans/GeneralSansMedium.tsx(3654,5): error TS2339: Property 'hkern' does not exist on type 'JSX.IntrinsicElements'.
src/icons/Fonts/general-sans/GeneralSansMedium.tsx(3655,5): error TS2339: Property 'hkern' does not exist on type 'JSX.IntrinsicElements'.
src/icons/Fonts/general-sans/GeneralSansMedium.tsx(3656,5): error TS2339: Property 'hkern' does not exist on type 'JSX.IntrinsicElements'.
src/icons/Fonts/general-sans/GeneralSansMedium.tsx(3657,5): error TS2339: Property 'hkern' does not exist on type 'JSX.IntrinsicElements'.
src/icons/Fonts/general-sans/GeneralSansMedium.tsx(3658,5): error TS2339: Property 'hkern' does not exist on type 'JSX.IntrinsicElements'.
src/icons/Fonts/general-sans/GeneralSansMedium.tsx(3659,5): error TS2339: Property 'hkern' does not exist on type 'JSX.IntrinsicElements'.
src/icons/Fonts/general-sans/GeneralSansMedium.tsx(3660,5): error TS2339: Property 'hkern' does not exist on type 'JSX.IntrinsicElements'.
src/icons/Fonts/general-sans/GeneralSansMedium.tsx(3661,5): error TS2339: Property 'hkern' does not exist on type 'JSX.IntrinsicElements'.
src/icons/Fonts/general-sans/GeneralSansMedium.tsx(3662,5): error TS2339: Property 'hkern' does not exist on type 'JSX.IntrinsicElements'.
src/icons/Fonts/general-sans/GeneralSansMedium.tsx(3663,5): error TS2339: Property 'hkern' does not exist on type 'JSX.IntrinsicElements'.
src/icons/Fonts/general-sans/GeneralSansMedium.tsx(3664,5): error TS2339: Property 'hkern' does not exist on type 'JSX.IntrinsicElements'.
src/icons/Fonts/general-sans/GeneralSansMedium.tsx(3665,5): error TS2339: Property 'hkern' does not exist on type 'JSX.IntrinsicElements'.
src/icons/Fonts/general-sans/GeneralSansMedium.tsx(3666,5): error TS2339: Property 'hkern' does not exist on type 'JSX.IntrinsicElements'.
src/icons/Fonts/general-sans/GeneralSansMedium.tsx(3667,5): error TS2339: Property 'hkern' does not exist on type 'JSX.IntrinsicElements'.
src/icons/Fonts/general-sans/GeneralSansMedium.tsx(3668,5): error TS2339: Property 'hkern' does not exist on type 'JSX.IntrinsicElements'.
src/icons/Fonts/general-sans/GeneralSansMedium.tsx(3669,5): error TS2339: Property 'hkern' does not exist on type 'JSX.IntrinsicElements'.
src/icons/Fonts/general-sans/GeneralSansMedium.tsx(3670,5): error TS2339: Property 'hkern' does not exist on type 'JSX.IntrinsicElements'.
src/icons/Fonts/general-sans/GeneralSansMedium.tsx(3671,5): error TS2339: Property 'hkern' does not exist on type 'JSX.IntrinsicElements'.
src/icons/Fonts/general-sans/GeneralSansMedium.tsx(3672,5): error TS2339: Property 'hkern' does not exist on type 'JSX.IntrinsicElements'.
src/icons/Fonts/general-sans/GeneralSansMedium.tsx(3673,5): error TS2339: Property 'hkern' does not exist on type 'JSX.IntrinsicElements'.
src/icons/Fonts/general-sans/GeneralSansMedium.tsx(3674,5): error TS2339: Property 'hkern' does not exist on type 'JSX.IntrinsicElements'.
src/icons/Fonts/general-sans/GeneralSansMedium.tsx(3675,5): error TS2339: Property 'hkern' does not exist on type 'JSX.IntrinsicElements'.
src/icons/Fonts/general-sans/GeneralSansMedium.tsx(3676,5): error TS2339: Property 'hkern' does not exist on type 'JSX.IntrinsicElements'.
src/icons/Fonts/general-sans/GeneralSansMedium.tsx(3677,5): error TS2339: Property 'hkern' does not exist on type 'JSX.IntrinsicElements'.
src/icons/Fonts/general-sans/GeneralSansMedium.tsx(3678,5): error TS2339: Property 'hkern' does not exist on type 'JSX.IntrinsicElements'.
src/icons/Fonts/general-sans/GeneralSansMedium.tsx(3679,5): error TS2339: Property 'hkern' does not exist on type 'JSX.IntrinsicElements'.
src/icons/Fonts/general-sans/GeneralSansMedium.tsx(3680,5): error TS2339: Property 'hkern' does not exist on type 'JSX.IntrinsicElements'.
src/icons/Fonts/general-sans/GeneralSansMedium.tsx(3681,5): error TS2339: Property 'hkern' does not exist on type 'JSX.IntrinsicElements'.
src/icons/Fonts/general-sans/GeneralSansMedium.tsx(3682,5): error TS2339: Property 'hkern' does not exist on type 'JSX.IntrinsicElements'.
src/icons/Fonts/general-sans/GeneralSansMedium.tsx(3683,5): error TS2339: Property 'hkern' does not exist on type 'JSX.IntrinsicElements'.
src/icons/Fonts/general-sans/GeneralSansMedium.tsx(3684,5): error TS2339: Property 'hkern' does not exist on type 'JSX.IntrinsicElements'.
src/icons/Fonts/general-sans/GeneralSansMedium.tsx(3685,5): error TS2339: Property 'hkern' does not exist on type 'JSX.IntrinsicElements'.
src/icons/Fonts/general-sans/GeneralSansMedium.tsx(3686,5): error TS2339: Property 'hkern' does not exist on type 'JSX.IntrinsicElements'.
src/icons/Fonts/general-sans/GeneralSansMedium.tsx(3687,5): error TS2339: Property 'hkern' does not exist on type 'JSX.IntrinsicElements'.
src/icons/Fonts/general-sans/GeneralSansMedium.tsx(3688,5): error TS2339: Property 'hkern' does not exist on type 'JSX.IntrinsicElements'.
src/icons/Fonts/general-sans/GeneralSansMedium.tsx(3689,5): error TS2339: Property 'hkern' does not exist on type 'JSX.IntrinsicElements'.
src/icons/Fonts/general-sans/GeneralSansMedium.tsx(3690,5): error TS2339: Property 'hkern' does not exist on type 'JSX.IntrinsicElements'.
src/icons/Fonts/general-sans/GeneralSansMedium.tsx(3691,5): error TS2339: Property 'hkern' does not exist on type 'JSX.IntrinsicElements'.
src/icons/Fonts/general-sans/GeneralSansMedium.tsx(3692,5): error TS2339: Property 'hkern' does not exist on type 'JSX.IntrinsicElements'.
src/icons/Fonts/general-sans/GeneralSansMedium.tsx(3693,5): error TS2339: Property 'hkern' does not exist on type 'JSX.IntrinsicElements'.
src/icons/Fonts/general-sans/GeneralSansMedium.tsx(3694,5): error TS2339: Property 'hkern' does not exist on type 'JSX.IntrinsicElements'.
src/icons/Fonts/general-sans/GeneralSansMedium.tsx(3695,5): error TS2339: Property 'hkern' does not exist on type 'JSX.IntrinsicElements'.
src/icons/Fonts/general-sans/GeneralSansMedium.tsx(3696,5): error TS2339: Property 'hkern' does not exist on type 'JSX.IntrinsicElements'.
src/icons/Fonts/general-sans/GeneralSansMedium.tsx(3697,5): error TS2339: Property 'hkern' does not exist on type 'JSX.IntrinsicElements'.
src/icons/Fonts/general-sans/GeneralSansMedium.tsx(3698,5): error TS2339: Property 'hkern' does not exist on type 'JSX.IntrinsicElements'.
src/icons/Fonts/general-sans/GeneralSansMedium.tsx(3699,5): error TS2339: Property 'hkern' does not exist on type 'JSX.IntrinsicElements'.
src/icons/Fonts/general-sans/GeneralSansMedium.tsx(3700,5): error TS2339: Property 'hkern' does not exist on type 'JSX.IntrinsicElements'.
src/icons/Fonts/general-sans/GeneralSansMedium.tsx(3701,5): error TS2339: Property 'hkern' does not exist on type 'JSX.IntrinsicElements'.
src/icons/Fonts/general-sans/GeneralSansMedium.tsx(3702,5): error TS2339: Property 'hkern' does not exist on type 'JSX.IntrinsicElements'.
src/icons/Fonts/general-sans/GeneralSansMedium.tsx(3703,5): error TS2339: Property 'hkern' does not exist on type 'JSX.IntrinsicElements'.
src/icons/Fonts/general-sans/GeneralSansMedium.tsx(3704,5): error TS2339: Property 'hkern' does not exist on type 'JSX.IntrinsicElements'.
src/icons/Fonts/general-sans/GeneralSansMedium.tsx(3705,5): error TS2339: Property 'hkern' does not exist on type 'JSX.IntrinsicElements'.
src/icons/Fonts/general-sans/GeneralSansMedium.tsx(3706,5): error TS2339: Property 'hkern' does not exist on type 'JSX.IntrinsicElements'.
src/icons/Fonts/general-sans/GeneralSansMedium.tsx(3707,5): error TS2339: Property 'hkern' does not exist on type 'JSX.IntrinsicElements'.
src/icons/Fonts/general-sans/GeneralSansMedium.tsx(3708,5): error TS2339: Property 'hkern' does not exist on type 'JSX.IntrinsicElements'.
src/icons/Fonts/general-sans/GeneralSansMedium.tsx(3709,5): error TS2339: Property 'hkern' does not exist on type 'JSX.IntrinsicElements'.
src/icons/Fonts/general-sans/GeneralSansMedium.tsx(3710,5): error TS2339: Property 'hkern' does not exist on type 'JSX.IntrinsicElements'.
src/icons/Fonts/general-sans/GeneralSansMedium.tsx(3711,5): error TS2339: Property 'hkern' does not exist on type 'JSX.IntrinsicElements'.
src/icons/Fonts/general-sans/GeneralSansMedium.tsx(3712,5): error TS2339: Property 'hkern' does not exist on type 'JSX.IntrinsicElements'.
src/icons/Fonts/general-sans/GeneralSansMedium.tsx(3713,5): error TS2339: Property 'hkern' does not exist on type 'JSX.IntrinsicElements'.
src/icons/Fonts/general-sans/GeneralSansMedium.tsx(3714,5): error TS2339: Property 'hkern' does not exist on type 'JSX.IntrinsicElements'.
src/icons/Fonts/general-sans/GeneralSansMedium.tsx(3715,5): error TS2339: Property 'hkern' does not exist on type 'JSX.IntrinsicElements'.
src/icons/Fonts/general-sans/GeneralSansMedium.tsx(3716,5): error TS2339: Property 'hkern' does not exist on type 'JSX.IntrinsicElements'.
src/icons/Fonts/general-sans/GeneralSansMedium.tsx(3717,5): error TS2339: Property 'hkern' does not exist on type 'JSX.IntrinsicElements'.
src/icons/Fonts/general-sans/GeneralSansMedium.tsx(3718,5): error TS2339: Property 'hkern' does not exist on type 'JSX.IntrinsicElements'.
src/icons/Fonts/general-sans/GeneralSansMedium.tsx(3719,5): error TS2339: Property 'hkern' does not exist on type 'JSX.IntrinsicElements'.
src/icons/Fonts/general-sans/GeneralSansMedium.tsx(3720,5): error TS2339: Property 'hkern' does not exist on type 'JSX.IntrinsicElements'.
src/icons/Fonts/general-sans/GeneralSansMedium.tsx(3721,5): error TS2339: Property 'hkern' does not exist on type 'JSX.IntrinsicElements'.
src/icons/Fonts/general-sans/GeneralSansMedium.tsx(3722,5): error TS2339: Property 'hkern' does not exist on type 'JSX.IntrinsicElements'.
src/icons/Fonts/general-sans/GeneralSansMedium.tsx(3723,5): error TS2339: Property 'hkern' does not exist on type 'JSX.IntrinsicElements'.
src/icons/Fonts/general-sans/GeneralSansMedium.tsx(3724,5): error TS2339: Property 'hkern' does not exist on type 'JSX.IntrinsicElements'.
src/icons/Fonts/general-sans/GeneralSansMedium.tsx(3725,5): error TS2339: Property 'hkern' does not exist on type 'JSX.IntrinsicElements'.
src/icons/Fonts/general-sans/GeneralSansMedium.tsx(3726,5): error TS2339: Property 'hkern' does not exist on type 'JSX.IntrinsicElements'.
src/icons/Fonts/general-sans/GeneralSansMedium.tsx(3727,5): error TS2339: Property 'hkern' does not exist on type 'JSX.IntrinsicElements'.
src/icons/Fonts/general-sans/GeneralSansMedium.tsx(3728,5): error TS2339: Property 'hkern' does not exist on type 'JSX.IntrinsicElements'.
src/icons/Fonts/general-sans/GeneralSansMedium.tsx(3729,5): error TS2339: Property 'hkern' does not exist on type 'JSX.IntrinsicElements'.
src/icons/Fonts/general-sans/GeneralSansMedium.tsx(3730,5): error TS2339: Property 'hkern' does not exist on type 'JSX.IntrinsicElements'.
src/icons/Fonts/general-sans/GeneralSansMedium.tsx(3731,5): error TS2339: Property 'hkern' does not exist on type 'JSX.IntrinsicElements'.
src/icons/Fonts/general-sans/GeneralSansMedium.tsx(3732,5): error TS2339: Property 'hkern' does not exist on type 'JSX.IntrinsicElements'.
src/icons/Fonts/general-sans/GeneralSansMedium.tsx(3733,5): error TS2339: Property 'hkern' does not exist on type 'JSX.IntrinsicElements'.
src/icons/Fonts/general-sans/GeneralSansMedium.tsx(3734,5): error TS2339: Property 'hkern' does not exist on type 'JSX.IntrinsicElements'.
src/icons/Fonts/general-sans/GeneralSansMedium.tsx(3735,5): error TS2339: Property 'hkern' does not exist on type 'JSX.IntrinsicElements'.
src/icons/Fonts/general-sans/GeneralSansMedium.tsx(3736,5): error TS2339: Property 'hkern' does not exist on type 'JSX.IntrinsicElements'.
src/icons/Fonts/general-sans/GeneralSansMedium.tsx(3737,5): error TS2339: Property 'hkern' does not exist on type 'JSX.IntrinsicElements'.
src/icons/Fonts/general-sans/GeneralSansMedium.tsx(3738,5): error TS2339: Property 'hkern' does not exist on type 'JSX.IntrinsicElements'.
src/icons/Fonts/general-sans/GeneralSansMedium.tsx(3739,5): error TS2339: Property 'hkern' does not exist on type 'JSX.IntrinsicElements'.
src/icons/Fonts/general-sans/GeneralSansMedium.tsx(3740,5): error TS2339: Property 'hkern' does not exist on type 'JSX.IntrinsicElements'.
src/icons/Fonts/general-sans/GeneralSansMedium.tsx(3741,5): error TS2339: Property 'hkern' does not exist on type 'JSX.IntrinsicElements'.
src/icons/Fonts/general-sans/GeneralSansMedium.tsx(3742,5): error TS2339: Property 'hkern' does not exist on type 'JSX.IntrinsicElements'.
src/icons/Fonts/general-sans/GeneralSansMedium.tsx(3743,5): error TS2339: Property 'hkern' does not exist on type 'JSX.IntrinsicElements'.
src/icons/Fonts/general-sans/GeneralSansMedium.tsx(3744,5): error TS2339: Property 'hkern' does not exist on type 'JSX.IntrinsicElements'.
src/icons/Fonts/general-sans/GeneralSansMedium.tsx(3745,5): error TS2339: Property 'hkern' does not exist on type 'JSX.IntrinsicElements'.
src/icons/Fonts/general-sans/GeneralSansMedium.tsx(3746,5): error TS2339: Property 'hkern' does not exist on type 'JSX.IntrinsicElements'.
src/icons/Fonts/general-sans/GeneralSansMedium.tsx(3747,5): error TS2339: Property 'hkern' does not exist on type 'JSX.IntrinsicElements'.
src/icons/Fonts/general-sans/GeneralSansMedium.tsx(3748,5): error TS2339: Property 'hkern' does not exist on type 'JSX.IntrinsicElements'.
src/icons/Fonts/general-sans/GeneralSansMedium.tsx(3749,5): error TS2339: Property 'hkern' does not exist on type 'JSX.IntrinsicElements'.
src/icons/Fonts/general-sans/GeneralSansMedium.tsx(3750,5): error TS2339: Property 'hkern' does not exist on type 'JSX.IntrinsicElements'.
src/icons/Fonts/general-sans/GeneralSansMedium.tsx(3751,5): error TS2339: Property 'hkern' does not exist on type 'JSX.IntrinsicElements'.
src/icons/Fonts/general-sans/GeneralSansMedium.tsx(3752,5): error TS2339: Property 'hkern' does not exist on type 'JSX.IntrinsicElements'.
src/icons/Fonts/general-sans/GeneralSansMedium.tsx(3753,5): error TS2339: Property 'hkern' does not exist on type 'JSX.IntrinsicElements'.
src/icons/Fonts/general-sans/GeneralSansMedium.tsx(3754,5): error TS2339: Property 'hkern' does not exist on type 'JSX.IntrinsicElements'.
src/icons/Fonts/general-sans/GeneralSansMedium.tsx(3755,5): error TS2339: Property 'hkern' does not exist on type 'JSX.IntrinsicElements'.
src/icons/Fonts/general-sans/GeneralSansMedium.tsx(3756,5): error TS2339: Property 'hkern' does not exist on type 'JSX.IntrinsicElements'.
src/icons/Fonts/general-sans/GeneralSansMedium.tsx(3757,5): error TS2339: Property 'hkern' does not exist on type 'JSX.IntrinsicElements'.
src/icons/Fonts/general-sans/GeneralSansMedium.tsx(3758,5): error TS2339: Property 'hkern' does not exist on type 'JSX.IntrinsicElements'.
src/icons/Fonts/general-sans/GeneralSansMedium.tsx(3759,5): error TS2339: Property 'hkern' does not exist on type 'JSX.IntrinsicElements'.
src/icons/Fonts/general-sans/GeneralSansMedium.tsx(3760,5): error TS2339: Property 'hkern' does not exist on type 'JSX.IntrinsicElements'.
src/icons/Fonts/general-sans/GeneralSansMedium.tsx(3761,5): error TS2339: Property 'hkern' does not exist on type 'JSX.IntrinsicElements'.
src/icons/Fonts/general-sans/GeneralSansMedium.tsx(3762,5): error TS2339: Property 'hkern' does not exist on type 'JSX.IntrinsicElements'.
src/icons/Fonts/general-sans/GeneralSansMedium.tsx(3763,5): error TS2339: Property 'hkern' does not exist on type 'JSX.IntrinsicElements'.
src/icons/Fonts/general-sans/GeneralSansMedium.tsx(3764,5): error TS2339: Property 'hkern' does not exist on type 'JSX.IntrinsicElements'.
src/icons/Fonts/general-sans/GeneralSansMedium.tsx(3765,5): error TS2339: Property 'hkern' does not exist on type 'JSX.IntrinsicElements'.
src/icons/Fonts/general-sans/GeneralSansMedium.tsx(3766,5): error TS2339: Property 'hkern' does not exist on type 'JSX.IntrinsicElements'.
src/icons/Fonts/general-sans/GeneralSansMedium.tsx(3767,5): error TS2339: Property 'hkern' does not exist on type 'JSX.IntrinsicElements'.
src/icons/Fonts/general-sans/GeneralSansMedium.tsx(3768,5): error TS2339: Property 'hkern' does not exist on type 'JSX.IntrinsicElements'.
src/icons/Fonts/general-sans/GeneralSansMedium.tsx(3769,5): error TS2339: Property 'hkern' does not exist on type 'JSX.IntrinsicElements'.
src/icons/Fonts/general-sans/GeneralSansMedium.tsx(3770,5): error TS2339: Property 'hkern' does not exist on type 'JSX.IntrinsicElements'.
src/icons/Fonts/general-sans/GeneralSansMedium.tsx(3771,5): error TS2339: Property 'hkern' does not exist on type 'JSX.IntrinsicElements'.
src/icons/Fonts/general-sans/GeneralSansMedium.tsx(3772,5): error TS2339: Property 'hkern' does not exist on type 'JSX.IntrinsicElements'.
src/icons/Fonts/general-sans/GeneralSansMedium.tsx(3773,5): error TS2339: Property 'hkern' does not exist on type 'JSX.IntrinsicElements'.
src/icons/Fonts/general-sans/GeneralSansMedium.tsx(3774,5): error TS2339: Property 'hkern' does not exist on type 'JSX.IntrinsicElements'.
src/icons/Fonts/general-sans/GeneralSansMedium.tsx(3775,5): error TS2339: Property 'hkern' does not exist on type 'JSX.IntrinsicElements'.
src/icons/Fonts/general-sans/GeneralSansMedium.tsx(3776,5): error TS2339: Property 'hkern' does not exist on type 'JSX.IntrinsicElements'.
src/icons/Fonts/general-sans/GeneralSansMedium.tsx(3777,5): error TS2339: Property 'hkern' does not exist on type 'JSX.IntrinsicElements'.
src/icons/Fonts/general-sans/GeneralSansMedium.tsx(3778,5): error TS2339: Property 'hkern' does not exist on type 'JSX.IntrinsicElements'.
src/icons/Fonts/general-sans/GeneralSansMedium.tsx(3779,5): error TS2339: Property 'hkern' does not exist on type 'JSX.IntrinsicElements'.
src/icons/Fonts/general-sans/GeneralSansMedium.tsx(3780,5): error TS2339: Property 'hkern' does not exist on type 'JSX.IntrinsicElements'.
src/icons/Fonts/general-sans/GeneralSansMedium.tsx(3781,5): error TS2339: Property 'hkern' does not exist on type 'JSX.IntrinsicElements'.
src/icons/Fonts/general-sans/GeneralSansMedium.tsx(3782,5): error TS2339: Property 'hkern' does not exist on type 'JSX.IntrinsicElements'.
src/icons/Fonts/general-sans/GeneralSansMedium.tsx(3783,5): error TS2339: Property 'hkern' does not exist on type 'JSX.IntrinsicElements'.
src/icons/Fonts/general-sans/GeneralSansMedium.tsx(3784,5): error TS2339: Property 'hkern' does not exist on type 'JSX.IntrinsicElements'.
src/icons/Fonts/general-sans/GeneralSansMedium.tsx(3785,5): error TS2339: Property 'hkern' does not exist on type 'JSX.IntrinsicElements'.
src/icons/Fonts/general-sans/GeneralSansMedium.tsx(3786,5): error TS2339: Property 'hkern' does not exist on type 'JSX.IntrinsicElements'.
src/icons/Fonts/general-sans/GeneralSansMedium.tsx(3787,5): error TS2339: Property 'hkern' does not exist on type 'JSX.IntrinsicElements'.
src/icons/Fonts/general-sans/GeneralSansMedium.tsx(3788,5): error TS2339: Property 'hkern' does not exist on type 'JSX.IntrinsicElements'.
src/icons/Fonts/general-sans/GeneralSansMedium.tsx(3789,5): error TS2339: Property 'hkern' does not exist on type 'JSX.IntrinsicElements'.
src/icons/Fonts/general-sans/GeneralSansMedium.tsx(3790,5): error TS2339: Property 'hkern' does not exist on type 'JSX.IntrinsicElements'.
src/icons/Fonts/general-sans/GeneralSansMedium.tsx(3791,5): error TS2339: Property 'hkern' does not exist on type 'JSX.IntrinsicElements'.
src/icons/Fonts/general-sans/GeneralSansMedium.tsx(3792,5): error TS2339: Property 'hkern' does not exist on type 'JSX.IntrinsicElements'.
src/icons/Fonts/general-sans/GeneralSansMedium.tsx(3793,5): error TS2339: Property 'hkern' does not exist on type 'JSX.IntrinsicElements'.
src/icons/Fonts/general-sans/GeneralSansMedium.tsx(3794,5): error TS2339: Property 'hkern' does not exist on type 'JSX.IntrinsicElements'.
src/icons/Fonts/general-sans/GeneralSansMedium.tsx(3795,5): error TS2339: Property 'hkern' does not exist on type 'JSX.IntrinsicElements'.
src/icons/Fonts/general-sans/GeneralSansMedium.tsx(3796,5): error TS2339: Property 'hkern' does not exist on type 'JSX.IntrinsicElements'.
src/icons/Fonts/general-sans/GeneralSansMedium.tsx(3797,5): error TS2339: Property 'hkern' does not exist on type 'JSX.IntrinsicElements'.
src/icons/Fonts/general-sans/GeneralSansMedium.tsx(3798,5): error TS2339: Property 'hkern' does not exist on type 'JSX.IntrinsicElements'.
src/icons/Fonts/general-sans/GeneralSansMedium.tsx(3799,5): error TS2339: Property 'hkern' does not exist on type 'JSX.IntrinsicElements'.
src/icons/Fonts/general-sans/GeneralSansMedium.tsx(3800,5): error TS2339: Property 'hkern' does not exist on type 'JSX.IntrinsicElements'.
src/icons/Fonts/general-sans/GeneralSansMedium.tsx(3801,5): error TS2339: Property 'hkern' does not exist on type 'JSX.IntrinsicElements'.
src/icons/Fonts/general-sans/GeneralSansMedium.tsx(3802,5): error TS2339: Property 'hkern' does not exist on type 'JSX.IntrinsicElements'.
src/icons/Fonts/general-sans/GeneralSansMedium.tsx(3803,5): error TS2339: Property 'hkern' does not exist on type 'JSX.IntrinsicElements'.
src/icons/Fonts/general-sans/GeneralSansMedium.tsx(3804,5): error TS2339: Property 'hkern' does not exist on type 'JSX.IntrinsicElements'.
src/icons/Fonts/general-sans/GeneralSansMedium.tsx(3805,5): error TS2339: Property 'hkern' does not exist on type 'JSX.IntrinsicElements'.
src/icons/Fonts/general-sans/GeneralSansMedium.tsx(3806,5): error TS2339: Property 'hkern' does not exist on type 'JSX.IntrinsicElements'.
src/icons/Fonts/general-sans/GeneralSansMedium.tsx(3807,5): error TS2339: Property 'hkern' does not exist on type 'JSX.IntrinsicElements'.
src/icons/Fonts/general-sans/GeneralSansMedium.tsx(3808,5): error TS2339: Property 'hkern' does not exist on type 'JSX.IntrinsicElements'.
src/icons/Fonts/general-sans/GeneralSansMedium.tsx(3809,5): error TS2339: Property 'hkern' does not exist on type 'JSX.IntrinsicElements'.
src/icons/Fonts/general-sans/GeneralSansMedium.tsx(3810,5): error TS2339: Property 'hkern' does not exist on type 'JSX.IntrinsicElements'.
src/icons/Fonts/general-sans/GeneralSansMedium.tsx(3811,5): error TS2339: Property 'hkern' does not exist on type 'JSX.IntrinsicElements'.
src/icons/Fonts/general-sans/GeneralSansMedium.tsx(3812,5): error TS2339: Property 'hkern' does not exist on type 'JSX.IntrinsicElements'.
src/icons/Fonts/general-sans/GeneralSansMedium.tsx(3813,5): error TS2339: Property 'hkern' does not exist on type 'JSX.IntrinsicElements'.
src/icons/Fonts/general-sans/GeneralSansMedium.tsx(3814,5): error TS2339: Property 'hkern' does not exist on type 'JSX.IntrinsicElements'.
src/icons/Fonts/general-sans/GeneralSansMedium.tsx(3815,5): error TS2339: Property 'hkern' does not exist on type 'JSX.IntrinsicElements'.
src/icons/Fonts/general-sans/GeneralSansMedium.tsx(3816,5): error TS2339: Property 'hkern' does not exist on type 'JSX.IntrinsicElements'.
src/icons/Fonts/general-sans/GeneralSansMedium.tsx(3817,5): error TS2339: Property 'hkern' does not exist on type 'JSX.IntrinsicElements'.
src/icons/Fonts/general-sans/GeneralSansMedium.tsx(3818,5): error TS2339: Property 'hkern' does not exist on type 'JSX.IntrinsicElements'.
src/icons/Fonts/general-sans/GeneralSansMedium.tsx(3819,5): error TS2339: Property 'hkern' does not exist on type 'JSX.IntrinsicElements'.
src/icons/Fonts/general-sans/GeneralSansMedium.tsx(3820,5): error TS2339: Property 'hkern' does not exist on type 'JSX.IntrinsicElements'.
src/icons/Fonts/general-sans/GeneralSansMedium.tsx(3821,5): error TS2339: Property 'hkern' does not exist on type 'JSX.IntrinsicElements'.
src/icons/Fonts/general-sans/GeneralSansMedium.tsx(3822,5): error TS2339: Property 'hkern' does not exist on type 'JSX.IntrinsicElements'.
src/icons/Fonts/general-sans/GeneralSansMedium.tsx(3823,5): error TS2339: Property 'hkern' does not exist on type 'JSX.IntrinsicElements'.
src/icons/Fonts/general-sans/GeneralSansMedium.tsx(3824,5): error TS2339: Property 'hkern' does not exist on type 'JSX.IntrinsicElements'.
src/icons/Fonts/general-sans/GeneralSansMedium.tsx(3825,5): error TS2339: Property 'hkern' does not exist on type 'JSX.IntrinsicElements'.
src/icons/Fonts/general-sans/GeneralSansMedium.tsx(3826,5): error TS2339: Property 'hkern' does not exist on type 'JSX.IntrinsicElements'.
src/icons/Fonts/general-sans/GeneralSansMedium.tsx(3827,5): error TS2339: Property 'hkern' does not exist on type 'JSX.IntrinsicElements'.
src/icons/Fonts/general-sans/GeneralSansMedium.tsx(3828,5): error TS2339: Property 'hkern' does not exist on type 'JSX.IntrinsicElements'.
src/icons/Fonts/general-sans/GeneralSansMedium.tsx(3829,5): error TS2339: Property 'hkern' does not exist on type 'JSX.IntrinsicElements'.
src/icons/Fonts/general-sans/GeneralSansMedium.tsx(3830,5): error TS2339: Property 'hkern' does not exist on type 'JSX.IntrinsicElements'.
src/icons/Fonts/general-sans/GeneralSansMedium.tsx(3831,5): error TS2339: Property 'hkern' does not exist on type 'JSX.IntrinsicElements'.
src/icons/Fonts/general-sans/GeneralSansMedium.tsx(3832,5): error TS2339: Property 'hkern' does not exist on type 'JSX.IntrinsicElements'.
src/icons/Fonts/general-sans/GeneralSansMedium.tsx(3833,5): error TS2339: Property 'hkern' does not exist on type 'JSX.IntrinsicElements'.
src/icons/Fonts/general-sans/GeneralSansMedium.tsx(3834,5): error TS2339: Property 'hkern' does not exist on type 'JSX.IntrinsicElements'.
src/icons/Fonts/general-sans/GeneralSansMedium.tsx(3835,5): error TS2339: Property 'hkern' does not exist on type 'JSX.IntrinsicElements'.
src/icons/Fonts/general-sans/GeneralSansMedium.tsx(3836,5): error TS2339: Property 'hkern' does not exist on type 'JSX.IntrinsicElements'.
src/icons/Fonts/general-sans/GeneralSansMedium.tsx(3837,5): error TS2339: Property 'hkern' does not exist on type 'JSX.IntrinsicElements'.
src/icons/Fonts/general-sans/GeneralSansMedium.tsx(3838,5): error TS2339: Property 'hkern' does not exist on type 'JSX.IntrinsicElements'.
src/icons/Fonts/general-sans/GeneralSansMedium.tsx(3839,5): error TS2339: Property 'hkern' does not exist on type 'JSX.IntrinsicElements'.
src/icons/Fonts/general-sans/GeneralSansMedium.tsx(3840,5): error TS2339: Property 'hkern' does not exist on type 'JSX.IntrinsicElements'.
src/icons/Fonts/general-sans/GeneralSansMedium.tsx(3841,5): error TS2339: Property 'hkern' does not exist on type 'JSX.IntrinsicElements'.
src/icons/Fonts/general-sans/GeneralSansMedium.tsx(3842,5): error TS2339: Property 'hkern' does not exist on type 'JSX.IntrinsicElements'.
src/icons/Fonts/general-sans/GeneralSansMedium.tsx(3843,5): error TS2339: Property 'hkern' does not exist on type 'JSX.IntrinsicElements'.
src/icons/Fonts/general-sans/GeneralSansMedium.tsx(3844,5): error TS2339: Property 'hkern' does not exist on type 'JSX.IntrinsicElements'.
src/icons/Fonts/general-sans/GeneralSansMedium.tsx(3845,5): error TS2339: Property 'hkern' does not exist on type 'JSX.IntrinsicElements'.
src/icons/Fonts/general-sans/GeneralSansMedium.tsx(3846,5): error TS2339: Property 'hkern' does not exist on type 'JSX.IntrinsicElements'.
src/icons/Fonts/general-sans/GeneralSansMedium.tsx(3847,5): error TS2339: Property 'hkern' does not exist on type 'JSX.IntrinsicElements'.
src/icons/Fonts/general-sans/GeneralSansMedium.tsx(3848,5): error TS2339: Property 'hkern' does not exist on type 'JSX.IntrinsicElements'.
src/icons/Fonts/general-sans/GeneralSansMedium.tsx(3849,5): error TS2339: Property 'hkern' does not exist on type 'JSX.IntrinsicElements'.
src/icons/Fonts/general-sans/GeneralSansMedium.tsx(3850,5): error TS2339: Property 'hkern' does not exist on type 'JSX.IntrinsicElements'.
src/icons/Fonts/general-sans/GeneralSansMedium.tsx(3851,5): error TS2339: Property 'hkern' does not exist on type 'JSX.IntrinsicElements'.
src/icons/Fonts/general-sans/GeneralSansMedium.tsx(3852,5): error TS2339: Property 'hkern' does not exist on type 'JSX.IntrinsicElements'.
src/icons/Fonts/general-sans/GeneralSansMedium.tsx(3853,5): error TS2339: Property 'hkern' does not exist on type 'JSX.IntrinsicElements'.
src/icons/Fonts/general-sans/GeneralSansMedium.tsx(3854,5): error TS2339: Property 'hkern' does not exist on type 'JSX.IntrinsicElements'.
src/icons/Fonts/general-sans/GeneralSansMedium.tsx(3855,5): error TS2339: Property 'hkern' does not exist on type 'JSX.IntrinsicElements'.
src/icons/Fonts/general-sans/GeneralSansMedium.tsx(3856,5): error TS2339: Property 'hkern' does not exist on type 'JSX.IntrinsicElements'.
src/icons/Fonts/general-sans/GeneralSansMedium.tsx(3857,5): error TS2339: Property 'hkern' does not exist on type 'JSX.IntrinsicElements'.
src/icons/Fonts/general-sans/GeneralSansMedium.tsx(3858,5): error TS2339: Property 'hkern' does not exist on type 'JSX.IntrinsicElements'.
src/icons/Fonts/general-sans/GeneralSansMedium.tsx(3859,5): error TS2339: Property 'hkern' does not exist on type 'JSX.IntrinsicElements'.
src/icons/Fonts/general-sans/GeneralSansMedium.tsx(3860,5): error TS2339: Property 'hkern' does not exist on type 'JSX.IntrinsicElements'.
src/icons/Fonts/general-sans/GeneralSansMedium.tsx(3861,5): error TS2339: Property 'hkern' does not exist on type 'JSX.IntrinsicElements'.
src/icons/Fonts/general-sans/GeneralSansMedium.tsx(3862,5): error TS2339: Property 'hkern' does not exist on type 'JSX.IntrinsicElements'.
src/icons/Fonts/general-sans/GeneralSansMedium.tsx(3863,5): error TS2339: Property 'hkern' does not exist on type 'JSX.IntrinsicElements'.
src/icons/Fonts/general-sans/GeneralSansMedium.tsx(3864,5): error TS2339: Property 'hkern' does not exist on type 'JSX.IntrinsicElements'.
src/icons/Fonts/general-sans/GeneralSansMedium.tsx(3865,5): error TS2339: Property 'hkern' does not exist on type 'JSX.IntrinsicElements'.
src/icons/Fonts/general-sans/GeneralSansMedium.tsx(3866,5): error TS2339: Property 'hkern' does not exist on type 'JSX.IntrinsicElements'.
src/icons/Fonts/general-sans/GeneralSansMedium.tsx(3867,5): error TS2339: Property 'hkern' does not exist on type 'JSX.IntrinsicElements'.
src/icons/Fonts/general-sans/GeneralSansMedium.tsx(3868,5): error TS2339: Property 'hkern' does not exist on type 'JSX.IntrinsicElements'.
src/icons/Fonts/general-sans/GeneralSansMedium.tsx(3869,5): error TS2339: Property 'hkern' does not exist on type 'JSX.IntrinsicElements'.
src/icons/Fonts/general-sans/GeneralSansMedium.tsx(3870,5): error TS2339: Property 'hkern' does not exist on type 'JSX.IntrinsicElements'.
src/icons/Fonts/general-sans/GeneralSansMedium.tsx(3871,5): error TS2339: Property 'hkern' does not exist on type 'JSX.IntrinsicElements'.
src/icons/Fonts/general-sans/GeneralSansMedium.tsx(3872,5): error TS2339: Property 'hkern' does not exist on type 'JSX.IntrinsicElements'.
src/icons/Fonts/general-sans/GeneralSansMedium.tsx(3873,5): error TS2339: Property 'hkern' does not exist on type 'JSX.IntrinsicElements'.
src/icons/Fonts/general-sans/GeneralSansMedium.tsx(3874,5): error TS2339: Property 'hkern' does not exist on type 'JSX.IntrinsicElements'.
src/icons/Fonts/general-sans/GeneralSansMedium.tsx(3875,5): error TS2339: Property 'hkern' does not exist on type 'JSX.IntrinsicElements'.
src/icons/Fonts/general-sans/GeneralSansMedium.tsx(3876,5): error TS2339: Property 'hkern' does not exist on type 'JSX.IntrinsicElements'.
src/icons/Fonts/general-sans/GeneralSansMedium.tsx(3877,5): error TS2339: Property 'hkern' does not exist on type 'JSX.IntrinsicElements'.
src/icons/Fonts/general-sans/GeneralSansMedium.tsx(3878,5): error TS2339: Property 'hkern' does not exist on type 'JSX.IntrinsicElements'.
src/icons/Fonts/general-sans/GeneralSansMedium.tsx(3879,5): error TS2339: Property 'hkern' does not exist on type 'JSX.IntrinsicElements'.
src/icons/Fonts/general-sans/GeneralSansMedium.tsx(3880,5): error TS2339: Property 'hkern' does not exist on type 'JSX.IntrinsicElements'.
src/icons/Fonts/general-sans/GeneralSansMedium.tsx(3881,5): error TS2339: Property 'hkern' does not exist on type 'JSX.IntrinsicElements'.
src/icons/Fonts/general-sans/GeneralSansMedium.tsx(3882,5): error TS2339: Property 'hkern' does not exist on type 'JSX.IntrinsicElements'.
src/icons/Fonts/general-sans/GeneralSansMedium.tsx(3883,5): error TS2339: Property 'hkern' does not exist on type 'JSX.IntrinsicElements'.
src/icons/Fonts/general-sans/GeneralSansMedium.tsx(3884,5): error TS2339: Property 'hkern' does not exist on type 'JSX.IntrinsicElements'.
src/icons/Fonts/general-sans/GeneralSansMedium.tsx(3885,5): error TS2339: Property 'hkern' does not exist on type 'JSX.IntrinsicElements'.
src/icons/Fonts/general-sans/GeneralSansMedium.tsx(3886,5): error TS2339: Property 'hkern' does not exist on type 'JSX.IntrinsicElements'.
src/icons/Fonts/general-sans/GeneralSansMedium.tsx(3887,5): error TS2339: Property 'hkern' does not exist on type 'JSX.IntrinsicElements'.
src/icons/Fonts/general-sans/GeneralSansMedium.tsx(3888,5): error TS2339: Property 'hkern' does not exist on type 'JSX.IntrinsicElements'.
src/icons/Fonts/general-sans/GeneralSansMedium.tsx(3889,5): error TS2339: Property 'hkern' does not exist on type 'JSX.IntrinsicElements'.
src/icons/Fonts/general-sans/GeneralSansMedium.tsx(3890,5): error TS2339: Property 'hkern' does not exist on type 'JSX.IntrinsicElements'.
src/icons/Fonts/general-sans/GeneralSansMedium.tsx(3891,5): error TS2339: Property 'hkern' does not exist on type 'JSX.IntrinsicElements'.
src/icons/Fonts/general-sans/GeneralSansMedium.tsx(3892,5): error TS2339: Property 'hkern' does not exist on type 'JSX.IntrinsicElements'.
src/icons/Fonts/general-sans/GeneralSansMedium.tsx(3893,5): error TS2339: Property 'hkern' does not exist on type 'JSX.IntrinsicElements'.
src/icons/Fonts/general-sans/GeneralSansMedium.tsx(3894,5): error TS2339: Property 'hkern' does not exist on type 'JSX.IntrinsicElements'.
src/icons/Fonts/general-sans/GeneralSansMedium.tsx(3895,5): error TS2339: Property 'hkern' does not exist on type 'JSX.IntrinsicElements'.
src/icons/Fonts/general-sans/GeneralSansMedium.tsx(3896,5): error TS2339: Property 'hkern' does not exist on type 'JSX.IntrinsicElements'.
src/icons/Fonts/general-sans/GeneralSansMedium.tsx(3897,5): error TS2339: Property 'hkern' does not exist on type 'JSX.IntrinsicElements'.
src/icons/Fonts/general-sans/GeneralSansMedium.tsx(3898,5): error TS2339: Property 'hkern' does not exist on type 'JSX.IntrinsicElements'.
src/icons/Fonts/general-sans/GeneralSansMedium.tsx(3899,5): error TS2339: Property 'hkern' does not exist on type 'JSX.IntrinsicElements'.
src/icons/Fonts/general-sans/GeneralSansMedium.tsx(3900,5): error TS2339: Property 'hkern' does not exist on type 'JSX.IntrinsicElements'.
src/icons/Fonts/general-sans/GeneralSansMedium.tsx(3901,5): error TS2339: Property 'hkern' does not exist on type 'JSX.IntrinsicElements'.
src/icons/Fonts/general-sans/GeneralSansMedium.tsx(3902,5): error TS2339: Property 'hkern' does not exist on type 'JSX.IntrinsicElements'.
src/icons/Fonts/general-sans/GeneralSansMedium.tsx(3903,5): error TS2339: Property 'hkern' does not exist on type 'JSX.IntrinsicElements'.
src/icons/Fonts/general-sans/GeneralSansMedium.tsx(3904,5): error TS2339: Property 'hkern' does not exist on type 'JSX.IntrinsicElements'.
src/icons/Fonts/general-sans/GeneralSansMedium.tsx(3905,5): error TS2339: Property 'hkern' does not exist on type 'JSX.IntrinsicElements'.
src/icons/Fonts/general-sans/GeneralSansMedium.tsx(3906,5): error TS2339: Property 'hkern' does not exist on type 'JSX.IntrinsicElements'.
src/icons/Fonts/general-sans/GeneralSansMedium.tsx(3907,5): error TS2339: Property 'hkern' does not exist on type 'JSX.IntrinsicElements'.
src/icons/Fonts/general-sans/GeneralSansMedium.tsx(3908,5): error TS2339: Property 'hkern' does not exist on type 'JSX.IntrinsicElements'.
src/icons/Fonts/general-sans/GeneralSansMedium.tsx(3909,5): error TS2339: Property 'hkern' does not exist on type 'JSX.IntrinsicElements'.
src/icons/Fonts/general-sans/GeneralSansMedium.tsx(3910,5): error TS2339: Property 'hkern' does not exist on type 'JSX.IntrinsicElements'.
src/icons/Fonts/general-sans/GeneralSansMedium.tsx(3911,5): error TS2339: Property 'hkern' does not exist on type 'JSX.IntrinsicElements'.
src/icons/Fonts/general-sans/GeneralSansMedium.tsx(3912,5): error TS2339: Property 'hkern' does not exist on type 'JSX.IntrinsicElements'.
src/icons/Fonts/general-sans/GeneralSansMedium.tsx(3913,5): error TS2339: Property 'hkern' does not exist on type 'JSX.IntrinsicElements'.
src/icons/Fonts/general-sans/GeneralSansMedium.tsx(3914,5): error TS2339: Property 'hkern' does not exist on type 'JSX.IntrinsicElements'.
src/icons/Fonts/general-sans/GeneralSansMedium.tsx(3915,5): error TS2339: Property 'hkern' does not exist on type 'JSX.IntrinsicElements'.
src/icons/Fonts/general-sans/GeneralSansMedium.tsx(3916,5): error TS2339: Property 'hkern' does not exist on type 'JSX.IntrinsicElements'.
src/icons/Fonts/general-sans/GeneralSansMedium.tsx(3917,5): error TS2339: Property 'hkern' does not exist on type 'JSX.IntrinsicElements'.
src/icons/Fonts/general-sans/GeneralSansMedium.tsx(3918,5): error TS2339: Property 'hkern' does not exist on type 'JSX.IntrinsicElements'.
src/icons/Fonts/general-sans/GeneralSansMedium.tsx(3919,5): error TS2339: Property 'hkern' does not exist on type 'JSX.IntrinsicElements'.
src/icons/Fonts/general-sans/GeneralSansMedium.tsx(3920,5): error TS2339: Property 'hkern' does not exist on type 'JSX.IntrinsicElements'.
src/icons/Fonts/general-sans/GeneralSansMedium.tsx(3921,5): error TS2339: Property 'hkern' does not exist on type 'JSX.IntrinsicElements'.
src/icons/Fonts/general-sans/GeneralSansMedium.tsx(3922,5): error TS2339: Property 'hkern' does not exist on type 'JSX.IntrinsicElements'.
src/icons/Fonts/general-sans/GeneralSansMedium.tsx(3923,5): error TS2339: Property 'hkern' does not exist on type 'JSX.IntrinsicElements'.
src/icons/Fonts/general-sans/GeneralSansMedium.tsx(3924,5): error TS2339: Property 'hkern' does not exist on type 'JSX.IntrinsicElements'.
src/icons/Fonts/general-sans/GeneralSansMedium.tsx(3925,5): error TS2339: Property 'hkern' does not exist on type 'JSX.IntrinsicElements'.
src/icons/Fonts/general-sans/GeneralSansMedium.tsx(3926,5): error TS2339: Property 'hkern' does not exist on type 'JSX.IntrinsicElements'.
src/icons/Fonts/general-sans/GeneralSansMedium.tsx(3927,5): error TS2339: Property 'hkern' does not exist on type 'JSX.IntrinsicElements'.
src/icons/Fonts/general-sans/GeneralSansMedium.tsx(3928,5): error TS2339: Property 'hkern' does not exist on type 'JSX.IntrinsicElements'.
src/icons/Fonts/general-sans/GeneralSansMedium.tsx(3929,5): error TS2339: Property 'hkern' does not exist on type 'JSX.IntrinsicElements'.
src/icons/Fonts/general-sans/GeneralSansMedium.tsx(3930,5): error TS2339: Property 'hkern' does not exist on type 'JSX.IntrinsicElements'.
src/icons/Fonts/general-sans/GeneralSansMedium.tsx(3931,5): error TS2339: Property 'hkern' does not exist on type 'JSX.IntrinsicElements'.
src/icons/Fonts/general-sans/GeneralSansMedium.tsx(3932,5): error TS2339: Property 'hkern' does not exist on type 'JSX.IntrinsicElements'.
src/icons/Fonts/general-sans/GeneralSansMedium.tsx(3933,5): error TS2339: Property 'hkern' does not exist on type 'JSX.IntrinsicElements'.
src/icons/Fonts/general-sans/GeneralSansMedium.tsx(3934,5): error TS2339: Property 'hkern' does not exist on type 'JSX.IntrinsicElements'.
src/icons/Fonts/general-sans/GeneralSansMedium.tsx(3935,5): error TS2339: Property 'hkern' does not exist on type 'JSX.IntrinsicElements'.
src/icons/Fonts/general-sans/GeneralSansMedium.tsx(3936,5): error TS2339: Property 'hkern' does not exist on type 'JSX.IntrinsicElements'.
src/icons/Fonts/general-sans/GeneralSansMedium.tsx(3937,5): error TS2339: Property 'hkern' does not exist on type 'JSX.IntrinsicElements'.
src/icons/Fonts/general-sans/GeneralSansMedium.tsx(3938,5): error TS2339: Property 'hkern' does not exist on type 'JSX.IntrinsicElements'.
src/icons/Fonts/general-sans/GeneralSansMedium.tsx(3939,5): error TS2339: Property 'hkern' does not exist on type 'JSX.IntrinsicElements'.
src/icons/Fonts/general-sans/GeneralSansMedium.tsx(3940,5): error TS2339: Property 'hkern' does not exist on type 'JSX.IntrinsicElements'.
src/icons/Fonts/general-sans/GeneralSansMedium.tsx(3941,5): error TS2339: Property 'hkern' does not exist on type 'JSX.IntrinsicElements'.
src/icons/Fonts/general-sans/GeneralSansMedium.tsx(3942,5): error TS2339: Property 'hkern' does not exist on type 'JSX.IntrinsicElements'.
src/icons/Fonts/general-sans/GeneralSansMedium.tsx(3943,5): error TS2339: Property 'hkern' does not exist on type 'JSX.IntrinsicElements'.
src/icons/Fonts/general-sans/GeneralSansMedium.tsx(3944,5): error TS2339: Property 'hkern' does not exist on type 'JSX.IntrinsicElements'.
src/icons/Fonts/general-sans/GeneralSansMedium.tsx(3945,5): error TS2339: Property 'hkern' does not exist on type 'JSX.IntrinsicElements'.
src/icons/Fonts/general-sans/GeneralSansMedium.tsx(3946,5): error TS2339: Property 'hkern' does not exist on type 'JSX.IntrinsicElements'.
src/icons/Fonts/general-sans/GeneralSansMedium.tsx(3947,5): error TS2339: Property 'hkern' does not exist on type 'JSX.IntrinsicElements'.
src/icons/Fonts/general-sans/GeneralSansMedium.tsx(3948,5): error TS2339: Property 'hkern' does not exist on type 'JSX.IntrinsicElements'.
src/icons/Fonts/general-sans/GeneralSansMedium.tsx(3949,5): error TS2339: Property 'hkern' does not exist on type 'JSX.IntrinsicElements'.
src/icons/Fonts/general-sans/GeneralSansMedium.tsx(3950,5): error TS2339: Property 'hkern' does not exist on type 'JSX.IntrinsicElements'.
src/icons/Fonts/general-sans/GeneralSansMedium.tsx(3951,5): error TS2339: Property 'hkern' does not exist on type 'JSX.IntrinsicElements'.
src/icons/Fonts/general-sans/GeneralSansMedium.tsx(3952,5): error TS2339: Property 'hkern' does not exist on type 'JSX.IntrinsicElements'.
src/icons/Fonts/general-sans/GeneralSansMedium.tsx(3953,5): error TS2339: Property 'hkern' does not exist on type 'JSX.IntrinsicElements'.
src/icons/Fonts/general-sans/GeneralSansMedium.tsx(3954,5): error TS2339: Property 'hkern' does not exist on type 'JSX.IntrinsicElements'.
src/icons/Fonts/general-sans/GeneralSansMedium.tsx(3955,5): error TS2339: Property 'hkern' does not exist on type 'JSX.IntrinsicElements'.
src/icons/Fonts/general-sans/GeneralSansMedium.tsx(3956,5): error TS2339: Property 'hkern' does not exist on type 'JSX.IntrinsicElements'.
src/icons/Fonts/general-sans/GeneralSansMedium.tsx(3957,5): error TS2339: Property 'hkern' does not exist on type 'JSX.IntrinsicElements'.
src/icons/Fonts/general-sans/GeneralSansMedium.tsx(3958,5): error TS2339: Property 'hkern' does not exist on type 'JSX.IntrinsicElements'.
src/icons/Fonts/general-sans/GeneralSansMedium.tsx(3959,5): error TS2339: Property 'hkern' does not exist on type 'JSX.IntrinsicElements'.
src/icons/Fonts/general-sans/GeneralSansMedium.tsx(3960,5): error TS2339: Property 'hkern' does not exist on type 'JSX.IntrinsicElements'.
src/icons/Fonts/general-sans/GeneralSansMedium.tsx(3961,5): error TS2339: Property 'hkern' does not exist on type 'JSX.IntrinsicElements'.
src/icons/Fonts/general-sans/GeneralSansMedium.tsx(3962,5): error TS2339: Property 'hkern' does not exist on type 'JSX.IntrinsicElements'.
src/icons/Fonts/general-sans/GeneralSansMedium.tsx(3963,5): error TS2339: Property 'hkern' does not exist on type 'JSX.IntrinsicElements'.
src/icons/Fonts/general-sans/GeneralSansMedium.tsx(3964,5): error TS2339: Property 'hkern' does not exist on type 'JSX.IntrinsicElements'.
src/icons/Fonts/general-sans/GeneralSansMedium.tsx(3965,5): error TS2339: Property 'hkern' does not exist on type 'JSX.IntrinsicElements'.
src/icons/Fonts/general-sans/GeneralSansMedium.tsx(3966,5): error TS2339: Property 'hkern' does not exist on type 'JSX.IntrinsicElements'.
src/icons/Fonts/general-sans/GeneralSansMedium.tsx(3967,5): error TS2339: Property 'hkern' does not exist on type 'JSX.IntrinsicElements'.
src/icons/Fonts/general-sans/GeneralSansMedium.tsx(3968,5): error TS2339: Property 'hkern' does not exist on type 'JSX.IntrinsicElements'.
src/icons/Fonts/general-sans/GeneralSansMedium.tsx(3969,5): error TS2339: Property 'hkern' does not exist on type 'JSX.IntrinsicElements'.
src/icons/Fonts/general-sans/GeneralSansMedium.tsx(3970,5): error TS2339: Property 'hkern' does not exist on type 'JSX.IntrinsicElements'.
src/icons/Fonts/general-sans/GeneralSansMedium.tsx(3971,5): error TS2339: Property 'hkern' does not exist on type 'JSX.IntrinsicElements'.
src/icons/Fonts/general-sans/GeneralSansMedium.tsx(3972,5): error TS2339: Property 'hkern' does not exist on type 'JSX.IntrinsicElements'.
src/icons/Fonts/general-sans/GeneralSansMedium.tsx(3973,5): error TS2339: Property 'hkern' does not exist on type 'JSX.IntrinsicElements'.
src/icons/Fonts/general-sans/GeneralSansMedium.tsx(3974,5): error TS2339: Property 'hkern' does not exist on type 'JSX.IntrinsicElements'.
src/icons/Fonts/general-sans/GeneralSansMedium.tsx(3975,5): error TS2339: Property 'hkern' does not exist on type 'JSX.IntrinsicElements'.
src/icons/Fonts/general-sans/GeneralSansMedium.tsx(3976,5): error TS2339: Property 'hkern' does not exist on type 'JSX.IntrinsicElements'.
src/icons/Fonts/general-sans/GeneralSansMedium.tsx(3977,5): error TS2339: Property 'hkern' does not exist on type 'JSX.IntrinsicElements'.
src/icons/Fonts/general-sans/GeneralSansMedium.tsx(3978,5): error TS2339: Property 'hkern' does not exist on type 'JSX.IntrinsicElements'.
src/icons/Fonts/general-sans/GeneralSansMedium.tsx(3979,5): error TS2339: Property 'hkern' does not exist on type 'JSX.IntrinsicElements'.
src/icons/Fonts/general-sans/GeneralSansMedium.tsx(3980,5): error TS2339: Property 'hkern' does not exist on type 'JSX.IntrinsicElements'.
src/icons/Fonts/general-sans/GeneralSansMedium.tsx(3981,5): error TS2339: Property 'hkern' does not exist on type 'JSX.IntrinsicElements'.
src/icons/Fonts/general-sans/GeneralSansMedium.tsx(3982,5): error TS2339: Property 'hkern' does not exist on type 'JSX.IntrinsicElements'.
src/icons/Fonts/general-sans/GeneralSansMedium.tsx(3983,5): error TS2339: Property 'hkern' does not exist on type 'JSX.IntrinsicElements'.
src/icons/Fonts/general-sans/GeneralSansMedium.tsx(3984,5): error TS2339: Property 'hkern' does not exist on type 'JSX.IntrinsicElements'.
src/icons/Fonts/general-sans/GeneralSansMedium.tsx(3985,5): error TS2339: Property 'hkern' does not exist on type 'JSX.IntrinsicElements'.
src/icons/Fonts/general-sans/GeneralSansMedium.tsx(3986,5): error TS2339: Property 'hkern' does not exist on type 'JSX.IntrinsicElements'.
src/icons/Fonts/general-sans/GeneralSansMedium.tsx(3987,5): error TS2339: Property 'hkern' does not exist on type 'JSX.IntrinsicElements'.
src/icons/Fonts/general-sans/GeneralSansMedium.tsx(3988,5): error TS2339: Property 'hkern' does not exist on type 'JSX.IntrinsicElements'.
src/icons/Fonts/general-sans/GeneralSansMedium.tsx(3989,5): error TS2339: Property 'hkern' does not exist on type 'JSX.IntrinsicElements'.
src/icons/Fonts/general-sans/GeneralSansMedium.tsx(3990,5): error TS2339: Property 'hkern' does not exist on type 'JSX.IntrinsicElements'.
src/icons/Fonts/general-sans/GeneralSansMedium.tsx(3991,5): error TS2339: Property 'hkern' does not exist on type 'JSX.IntrinsicElements'.
src/icons/Fonts/general-sans/GeneralSansMedium.tsx(3992,5): error TS2339: Property 'hkern' does not exist on type 'JSX.IntrinsicElements'.
src/icons/Fonts/general-sans/GeneralSansMedium.tsx(3993,5): error TS2339: Property 'hkern' does not exist on type 'JSX.IntrinsicElements'.
src/icons/Fonts/general-sans/GeneralSansMedium.tsx(3994,5): error TS2339: Property 'hkern' does not exist on type 'JSX.IntrinsicElements'.
src/icons/Fonts/general-sans/GeneralSansMedium.tsx(3995,5): error TS2339: Property 'hkern' does not exist on type 'JSX.IntrinsicElements'.
src/icons/Fonts/general-sans/GeneralSansMedium.tsx(3996,5): error TS2339: Property 'hkern' does not exist on type 'JSX.IntrinsicElements'.
src/icons/Fonts/general-sans/GeneralSansMedium.tsx(3997,5): error TS2339: Property 'hkern' does not exist on type 'JSX.IntrinsicElements'.
src/icons/Fonts/general-sans/GeneralSansMedium.tsx(3998,5): error TS2339: Property 'hkern' does not exist on type 'JSX.IntrinsicElements'.
src/icons/Fonts/general-sans/GeneralSansMedium.tsx(3999,5): error TS2339: Property 'hkern' does not exist on type 'JSX.IntrinsicElements'.
src/icons/Fonts/general-sans/GeneralSansMedium.tsx(4000,5): error TS2339: Property 'hkern' does not exist on type 'JSX.IntrinsicElements'.
src/icons/Fonts/general-sans/GeneralSansMedium.tsx(4001,5): error TS2339: Property 'hkern' does not exist on type 'JSX.IntrinsicElements'.
src/icons/Fonts/general-sans/GeneralSansMedium.tsx(4002,5): error TS2339: Property 'hkern' does not exist on type 'JSX.IntrinsicElements'.
src/icons/Fonts/general-sans/GeneralSansMedium.tsx(4003,5): error TS2339: Property 'hkern' does not exist on type 'JSX.IntrinsicElements'.
src/icons/Fonts/general-sans/GeneralSansMedium.tsx(4004,5): error TS2339: Property 'hkern' does not exist on type 'JSX.IntrinsicElements'.
src/icons/Fonts/general-sans/GeneralSansMedium.tsx(4005,5): error TS2339: Property 'hkern' does not exist on type 'JSX.IntrinsicElements'.
src/icons/Fonts/general-sans/GeneralSansMedium.tsx(4006,5): error TS2339: Property 'hkern' does not exist on type 'JSX.IntrinsicElements'.
src/icons/Fonts/general-sans/GeneralSansMedium.tsx(4007,5): error TS2339: Property 'hkern' does not exist on type 'JSX.IntrinsicElements'.
src/icons/Fonts/general-sans/GeneralSansMedium.tsx(4008,5): error TS2339: Property 'hkern' does not exist on type 'JSX.IntrinsicElements'.
src/icons/Fonts/general-sans/GeneralSansMedium.tsx(4009,5): error TS2339: Property 'hkern' does not exist on type 'JSX.IntrinsicElements'.
src/icons/Fonts/general-sans/GeneralSansMedium.tsx(4010,5): error TS2339: Property 'hkern' does not exist on type 'JSX.IntrinsicElements'.
src/icons/Fonts/general-sans/GeneralSansMedium.tsx(4011,5): error TS2339: Property 'hkern' does not exist on type 'JSX.IntrinsicElements'.
src/icons/Fonts/general-sans/GeneralSansMedium.tsx(4012,5): error TS2339: Property 'hkern' does not exist on type 'JSX.IntrinsicElements'.
src/icons/Fonts/general-sans/GeneralSansMedium.tsx(4013,5): error TS2339: Property 'hkern' does not exist on type 'JSX.IntrinsicElements'.
src/icons/Fonts/general-sans/GeneralSansMedium.tsx(4014,5): error TS2339: Property 'hkern' does not exist on type 'JSX.IntrinsicElements'.
src/icons/Fonts/general-sans/GeneralSansMedium.tsx(4015,5): error TS2339: Property 'hkern' does not exist on type 'JSX.IntrinsicElements'.
src/icons/Fonts/general-sans/GeneralSansMedium.tsx(4016,5): error TS2339: Property 'hkern' does not exist on type 'JSX.IntrinsicElements'.
src/icons/Fonts/general-sans/GeneralSansMedium.tsx(4017,5): error TS2339: Property 'hkern' does not exist on type 'JSX.IntrinsicElements'.
src/icons/Fonts/general-sans/GeneralSansMedium.tsx(4018,5): error TS2339: Property 'hkern' does not exist on type 'JSX.IntrinsicElements'.
src/icons/Fonts/general-sans/GeneralSansMedium.tsx(4019,5): error TS2339: Property 'hkern' does not exist on type 'JSX.IntrinsicElements'.
src/icons/Fonts/general-sans/GeneralSansMedium.tsx(4020,5): error TS2339: Property 'hkern' does not exist on type 'JSX.IntrinsicElements'.
src/icons/Fonts/general-sans/GeneralSansMedium.tsx(4021,5): error TS2339: Property 'hkern' does not exist on type 'JSX.IntrinsicElements'.
src/icons/Fonts/general-sans/GeneralSansMedium.tsx(4022,5): error TS2339: Property 'hkern' does not exist on type 'JSX.IntrinsicElements'.
src/icons/Fonts/general-sans/GeneralSansMedium.tsx(4023,5): error TS2339: Property 'hkern' does not exist on type 'JSX.IntrinsicElements'.
src/icons/Fonts/general-sans/GeneralSansMedium.tsx(4024,5): error TS2339: Property 'hkern' does not exist on type 'JSX.IntrinsicElements'.
src/icons/Fonts/general-sans/GeneralSansMedium.tsx(4025,5): error TS2339: Property 'hkern' does not exist on type 'JSX.IntrinsicElements'.
src/icons/Fonts/general-sans/GeneralSansMedium.tsx(4026,5): error TS2339: Property 'hkern' does not exist on type 'JSX.IntrinsicElements'.
src/icons/Fonts/general-sans/GeneralSansMedium.tsx(4027,5): error TS2339: Property 'hkern' does not exist on type 'JSX.IntrinsicElements'.
src/icons/Fonts/general-sans/GeneralSansMedium.tsx(4028,5): error TS2339: Property 'hkern' does not exist on type 'JSX.IntrinsicElements'.
src/icons/Fonts/general-sans/GeneralSansMedium.tsx(4029,5): error TS2339: Property 'hkern' does not exist on type 'JSX.IntrinsicElements'.
src/icons/Fonts/general-sans/GeneralSansMedium.tsx(4030,5): error TS2339: Property 'hkern' does not exist on type 'JSX.IntrinsicElements'.
src/icons/Fonts/general-sans/GeneralSansMedium.tsx(4031,5): error TS2339: Property 'hkern' does not exist on type 'JSX.IntrinsicElements'.
src/icons/Fonts/general-sans/GeneralSansMedium.tsx(4032,5): error TS2339: Property 'hkern' does not exist on type 'JSX.IntrinsicElements'.
src/icons/Fonts/general-sans/GeneralSansMedium.tsx(4033,5): error TS2339: Property 'hkern' does not exist on type 'JSX.IntrinsicElements'.
src/icons/Fonts/general-sans/GeneralSansMedium.tsx(4034,5): error TS2339: Property 'hkern' does not exist on type 'JSX.IntrinsicElements'.
src/icons/Fonts/general-sans/GeneralSansMedium.tsx(4035,5): error TS2339: Property 'hkern' does not exist on type 'JSX.IntrinsicElements'.
src/icons/Fonts/general-sans/GeneralSansMedium.tsx(4036,5): error TS2339: Property 'hkern' does not exist on type 'JSX.IntrinsicElements'.
src/icons/Fonts/general-sans/GeneralSansMedium.tsx(4037,5): error TS2339: Property 'hkern' does not exist on type 'JSX.IntrinsicElements'.
src/icons/Fonts/general-sans/GeneralSansMedium.tsx(4038,5): error TS2339: Property 'hkern' does not exist on type 'JSX.IntrinsicElements'.
src/icons/Fonts/general-sans/GeneralSansMedium.tsx(4039,5): error TS2339: Property 'hkern' does not exist on type 'JSX.IntrinsicElements'.
src/icons/Fonts/general-sans/GeneralSansMedium.tsx(4040,5): error TS2339: Property 'hkern' does not exist on type 'JSX.IntrinsicElements'.
src/icons/Fonts/general-sans/GeneralSansMedium.tsx(4041,5): error TS2339: Property 'hkern' does not exist on type 'JSX.IntrinsicElements'.
src/icons/Fonts/general-sans/GeneralSansMedium.tsx(4042,5): error TS2339: Property 'hkern' does not exist on type 'JSX.IntrinsicElements'.
src/icons/Fonts/general-sans/GeneralSansMedium.tsx(4043,5): error TS2339: Property 'hkern' does not exist on type 'JSX.IntrinsicElements'.
src/icons/Fonts/general-sans/GeneralSansMedium.tsx(4044,5): error TS2339: Property 'hkern' does not exist on type 'JSX.IntrinsicElements'.
src/icons/Fonts/general-sans/GeneralSansMedium.tsx(4045,5): error TS2339: Property 'hkern' does not exist on type 'JSX.IntrinsicElements'.
src/icons/Fonts/general-sans/GeneralSansMedium.tsx(4046,5): error TS2339: Property 'hkern' does not exist on type 'JSX.IntrinsicElements'.
src/icons/Fonts/general-sans/GeneralSansMedium.tsx(4047,5): error TS2339: Property 'hkern' does not exist on type 'JSX.IntrinsicElements'.
src/icons/Fonts/general-sans/GeneralSansMedium.tsx(4048,5): error TS2339: Property 'hkern' does not exist on type 'JSX.IntrinsicElements'.
src/icons/Fonts/general-sans/GeneralSansMedium.tsx(4049,5): error TS2339: Property 'hkern' does not exist on type 'JSX.IntrinsicElements'.
src/icons/Fonts/general-sans/GeneralSansMedium.tsx(4050,5): error TS2339: Property 'hkern' does not exist on type 'JSX.IntrinsicElements'.
src/icons/Fonts/general-sans/GeneralSansMedium.tsx(4051,5): error TS2339: Property 'hkern' does not exist on type 'JSX.IntrinsicElements'.
src/icons/Fonts/general-sans/GeneralSansMedium.tsx(4052,5): error TS2339: Property 'hkern' does not exist on type 'JSX.IntrinsicElements'.
src/icons/Fonts/general-sans/GeneralSansMedium.tsx(4053,5): error TS2339: Property 'hkern' does not exist on type 'JSX.IntrinsicElements'.
src/icons/Fonts/general-sans/GeneralSansMedium.tsx(4054,5): error TS2339: Property 'hkern' does not exist on type 'JSX.IntrinsicElements'.
src/icons/Fonts/general-sans/GeneralSansMedium.tsx(4055,5): error TS2339: Property 'hkern' does not exist on type 'JSX.IntrinsicElements'.
src/icons/Fonts/general-sans/GeneralSansMedium.tsx(4056,5): error TS2339: Property 'hkern' does not exist on type 'JSX.IntrinsicElements'.
src/icons/Fonts/general-sans/GeneralSansMedium.tsx(4057,5): error TS2339: Property 'hkern' does not exist on type 'JSX.IntrinsicElements'.
src/icons/Fonts/general-sans/GeneralSansMedium.tsx(4058,5): error TS2339: Property 'hkern' does not exist on type 'JSX.IntrinsicElements'.
src/icons/Fonts/general-sans/GeneralSansMedium.tsx(4059,5): error TS2339: Property 'hkern' does not exist on type 'JSX.IntrinsicElements'.
src/icons/Fonts/general-sans/GeneralSansMedium.tsx(4060,5): error TS2339: Property 'hkern' does not exist on type 'JSX.IntrinsicElements'.
src/icons/Fonts/general-sans/GeneralSansMedium.tsx(4061,5): error TS2339: Property 'hkern' does not exist on type 'JSX.IntrinsicElements'.
src/icons/Fonts/general-sans/GeneralSansMedium.tsx(4062,5): error TS2339: Property 'hkern' does not exist on type 'JSX.IntrinsicElements'.
src/icons/Fonts/general-sans/GeneralSansMedium.tsx(4063,5): error TS2339: Property 'hkern' does not exist on type 'JSX.IntrinsicElements'.
src/icons/Fonts/general-sans/GeneralSansMedium.tsx(4064,5): error TS2339: Property 'hkern' does not exist on type 'JSX.IntrinsicElements'.
src/icons/Fonts/general-sans/GeneralSansMedium.tsx(4065,5): error TS2339: Property 'hkern' does not exist on type 'JSX.IntrinsicElements'.
src/icons/Fonts/general-sans/GeneralSansMedium.tsx(4066,5): error TS2339: Property 'hkern' does not exist on type 'JSX.IntrinsicElements'.
src/icons/Fonts/general-sans/GeneralSansMedium.tsx(4067,5): error TS2339: Property 'hkern' does not exist on type 'JSX.IntrinsicElements'.
src/icons/Fonts/general-sans/GeneralSansMedium.tsx(4068,5): error TS2339: Property 'hkern' does not exist on type 'JSX.IntrinsicElements'.
src/icons/Fonts/general-sans/GeneralSansMedium.tsx(4069,5): error TS2339: Property 'hkern' does not exist on type 'JSX.IntrinsicElements'.
src/icons/Fonts/general-sans/GeneralSansMedium.tsx(4070,5): error TS2339: Property 'hkern' does not exist on type 'JSX.IntrinsicElements'.
src/icons/Fonts/general-sans/GeneralSansMedium.tsx(4071,5): error TS2339: Property 'hkern' does not exist on type 'JSX.IntrinsicElements'.
src/icons/Fonts/general-sans/GeneralSansMedium.tsx(4072,5): error TS2339: Property 'hkern' does not exist on type 'JSX.IntrinsicElements'.
src/icons/Fonts/general-sans/GeneralSansMedium.tsx(4073,5): error TS2339: Property 'hkern' does not exist on type 'JSX.IntrinsicElements'.
src/icons/Fonts/general-sans/GeneralSansMedium.tsx(4074,5): error TS2339: Property 'hkern' does not exist on type 'JSX.IntrinsicElements'.
src/icons/Fonts/general-sans/GeneralSansMedium.tsx(4075,5): error TS2339: Property 'hkern' does not exist on type 'JSX.IntrinsicElements'.
src/icons/Fonts/general-sans/GeneralSansMedium.tsx(4076,5): error TS2339: Property 'hkern' does not exist on type 'JSX.IntrinsicElements'.
src/icons/Fonts/general-sans/GeneralSansMedium.tsx(4077,5): error TS2339: Property 'hkern' does not exist on type 'JSX.IntrinsicElements'.
src/icons/Fonts/general-sans/GeneralSansMedium.tsx(4078,5): error TS2339: Property 'hkern' does not exist on type 'JSX.IntrinsicElements'.
src/icons/Fonts/general-sans/GeneralSansMedium.tsx(4079,5): error TS2339: Property 'hkern' does not exist on type 'JSX.IntrinsicElements'.
src/icons/Fonts/general-sans/GeneralSansMedium.tsx(4080,5): error TS2339: Property 'hkern' does not exist on type 'JSX.IntrinsicElements'.
src/icons/Fonts/general-sans/GeneralSansMedium.tsx(4081,5): error TS2339: Property 'hkern' does not exist on type 'JSX.IntrinsicElements'.
src/icons/Fonts/general-sans/GeneralSansMedium.tsx(4082,5): error TS2339: Property 'hkern' does not exist on type 'JSX.IntrinsicElements'.
src/icons/Fonts/general-sans/GeneralSansMedium.tsx(4083,5): error TS2339: Property 'hkern' does not exist on type 'JSX.IntrinsicElements'.
src/icons/Fonts/general-sans/GeneralSansMedium.tsx(4084,5): error TS2339: Property 'hkern' does not exist on type 'JSX.IntrinsicElements'.
src/icons/Fonts/general-sans/GeneralSansMedium.tsx(4085,5): error TS2339: Property 'hkern' does not exist on type 'JSX.IntrinsicElements'.
src/icons/Fonts/general-sans/GeneralSansMedium.tsx(4086,5): error TS2339: Property 'hkern' does not exist on type 'JSX.IntrinsicElements'.
src/icons/Fonts/general-sans/GeneralSansMedium.tsx(4087,5): error TS2339: Property 'hkern' does not exist on type 'JSX.IntrinsicElements'.
src/icons/Fonts/general-sans/GeneralSansMedium.tsx(4088,5): error TS2339: Property 'hkern' does not exist on type 'JSX.IntrinsicElements'.
src/icons/Fonts/general-sans/GeneralSansMedium.tsx(4089,5): error TS2339: Property 'hkern' does not exist on type 'JSX.IntrinsicElements'.
src/icons/Fonts/general-sans/GeneralSansMedium.tsx(4090,5): error TS2339: Property 'hkern' does not exist on type 'JSX.IntrinsicElements'.
src/icons/Fonts/general-sans/GeneralSansMedium.tsx(4091,5): error TS2339: Property 'hkern' does not exist on type 'JSX.IntrinsicElements'.
src/icons/Fonts/general-sans/GeneralSansMedium.tsx(4092,5): error TS2339: Property 'hkern' does not exist on type 'JSX.IntrinsicElements'.
src/icons/Fonts/general-sans/GeneralSansMedium.tsx(4093,5): error TS2339: Property 'hkern' does not exist on type 'JSX.IntrinsicElements'.
src/icons/Fonts/general-sans/GeneralSansMedium.tsx(4094,5): error TS2339: Property 'hkern' does not exist on type 'JSX.IntrinsicElements'.
src/icons/Fonts/general-sans/GeneralSansMedium.tsx(4095,5): error TS2339: Property 'hkern' does not exist on type 'JSX.IntrinsicElements'.
src/icons/Fonts/general-sans/GeneralSansMedium.tsx(4096,5): error TS2339: Property 'hkern' does not exist on type 'JSX.IntrinsicElements'.
src/icons/Fonts/general-sans/GeneralSansMedium.tsx(4097,5): error TS2339: Property 'hkern' does not exist on type 'JSX.IntrinsicElements'.
src/icons/Fonts/general-sans/GeneralSansMedium.tsx(4098,5): error TS2339: Property 'hkern' does not exist on type 'JSX.IntrinsicElements'.
src/icons/Fonts/general-sans/GeneralSansMedium.tsx(4099,5): error TS2339: Property 'hkern' does not exist on type 'JSX.IntrinsicElements'.
src/icons/Fonts/general-sans/GeneralSansMedium.tsx(4100,5): error TS2339: Property 'hkern' does not exist on type 'JSX.IntrinsicElements'.
src/icons/Fonts/general-sans/GeneralSansMedium.tsx(4101,5): error TS2339: Property 'hkern' does not exist on type 'JSX.IntrinsicElements'.
src/icons/Fonts/general-sans/GeneralSansMedium.tsx(4102,5): error TS2339: Property 'hkern' does not exist on type 'JSX.IntrinsicElements'.
src/icons/Fonts/general-sans/GeneralSansMedium.tsx(4103,5): error TS2339: Property 'hkern' does not exist on type 'JSX.IntrinsicElements'.
src/icons/Fonts/general-sans/GeneralSansMedium.tsx(4104,5): error TS2339: Property 'hkern' does not exist on type 'JSX.IntrinsicElements'.
src/icons/Fonts/general-sans/GeneralSansMedium.tsx(4105,5): error TS2339: Property 'hkern' does not exist on type 'JSX.IntrinsicElements'.
src/icons/Fonts/general-sans/GeneralSansMedium.tsx(4106,5): error TS2339: Property 'hkern' does not exist on type 'JSX.IntrinsicElements'.
src/icons/Fonts/general-sans/GeneralSansMedium.tsx(4107,5): error TS2339: Property 'hkern' does not exist on type 'JSX.IntrinsicElements'.
src/icons/Fonts/general-sans/GeneralSansMedium.tsx(4108,5): error TS2339: Property 'hkern' does not exist on type 'JSX.IntrinsicElements'.
src/icons/Fonts/general-sans/GeneralSansMedium.tsx(4109,5): error TS2339: Property 'hkern' does not exist on type 'JSX.IntrinsicElements'.
src/icons/Fonts/general-sans/GeneralSansMedium.tsx(4110,5): error TS2339: Property 'hkern' does not exist on type 'JSX.IntrinsicElements'.
src/icons/Fonts/general-sans/GeneralSansMedium.tsx(4111,5): error TS2339: Property 'hkern' does not exist on type 'JSX.IntrinsicElements'.
src/icons/Fonts/general-sans/GeneralSansMedium.tsx(4112,5): error TS2339: Property 'hkern' does not exist on type 'JSX.IntrinsicElements'.
src/icons/Fonts/general-sans/GeneralSansMedium.tsx(4113,5): error TS2339: Property 'hkern' does not exist on type 'JSX.IntrinsicElements'.
src/icons/Fonts/general-sans/GeneralSansMedium.tsx(4114,5): error TS2339: Property 'hkern' does not exist on type 'JSX.IntrinsicElements'.
src/icons/Fonts/general-sans/GeneralSansMedium.tsx(4115,5): error TS2339: Property 'hkern' does not exist on type 'JSX.IntrinsicElements'.
src/icons/Fonts/general-sans/GeneralSansMedium.tsx(4116,5): error TS2339: Property 'hkern' does not exist on type 'JSX.IntrinsicElements'.
src/icons/Fonts/general-sans/GeneralSansMedium.tsx(4117,5): error TS2339: Property 'hkern' does not exist on type 'JSX.IntrinsicElements'.
src/icons/Fonts/general-sans/GeneralSansMedium.tsx(4118,5): error TS2339: Property 'hkern' does not exist on type 'JSX.IntrinsicElements'.
src/icons/Fonts/general-sans/GeneralSansMedium.tsx(4119,5): error TS2339: Property 'hkern' does not exist on type 'JSX.IntrinsicElements'.
src/icons/Fonts/general-sans/GeneralSansMedium.tsx(4120,5): error TS2339: Property 'hkern' does not exist on type 'JSX.IntrinsicElements'.
src/icons/Fonts/general-sans/GeneralSansMedium.tsx(4121,5): error TS2339: Property 'hkern' does not exist on type 'JSX.IntrinsicElements'.
src/icons/Fonts/general-sans/GeneralSansMedium.tsx(4122,5): error TS2339: Property 'hkern' does not exist on type 'JSX.IntrinsicElements'.
src/icons/Fonts/general-sans/GeneralSansMedium.tsx(4123,5): error TS2339: Property 'hkern' does not exist on type 'JSX.IntrinsicElements'.
src/icons/Fonts/general-sans/GeneralSansMedium.tsx(4124,5): error TS2339: Property 'hkern' does not exist on type 'JSX.IntrinsicElements'.
src/icons/Fonts/general-sans/GeneralSansMedium.tsx(4125,5): error TS2339: Property 'hkern' does not exist on type 'JSX.IntrinsicElements'.
src/icons/Fonts/general-sans/GeneralSansMedium.tsx(4126,5): error TS2339: Property 'hkern' does not exist on type 'JSX.IntrinsicElements'.
src/icons/Fonts/general-sans/GeneralSansMedium.tsx(4127,5): error TS2339: Property 'hkern' does not exist on type 'JSX.IntrinsicElements'.
src/icons/Fonts/general-sans/GeneralSansMedium.tsx(4128,5): error TS2339: Property 'hkern' does not exist on type 'JSX.IntrinsicElements'.
src/icons/Fonts/general-sans/GeneralSansMedium.tsx(4129,5): error TS2339: Property 'hkern' does not exist on type 'JSX.IntrinsicElements'.
src/icons/Fonts/general-sans/GeneralSansMedium.tsx(4130,5): error TS2339: Property 'hkern' does not exist on type 'JSX.IntrinsicElements'.
src/icons/Fonts/general-sans/GeneralSansMedium.tsx(4131,5): error TS2339: Property 'hkern' does not exist on type 'JSX.IntrinsicElements'.
src/icons/Fonts/general-sans/GeneralSansMedium.tsx(4132,5): error TS2339: Property 'hkern' does not exist on type 'JSX.IntrinsicElements'.
src/icons/Fonts/general-sans/GeneralSansMedium.tsx(4133,5): error TS2339: Property 'hkern' does not exist on type 'JSX.IntrinsicElements'.
src/icons/Fonts/general-sans/GeneralSansMedium.tsx(4134,5): error TS2339: Property 'hkern' does not exist on type 'JSX.IntrinsicElements'.
src/icons/Fonts/general-sans/GeneralSansMedium.tsx(4135,5): error TS2339: Property 'hkern' does not exist on type 'JSX.IntrinsicElements'.
src/icons/Fonts/general-sans/GeneralSansMedium.tsx(4136,5): error TS2339: Property 'hkern' does not exist on type 'JSX.IntrinsicElements'.
src/icons/Fonts/general-sans/GeneralSansMedium.tsx(4137,5): error TS2339: Property 'hkern' does not exist on type 'JSX.IntrinsicElements'.
src/icons/Fonts/general-sans/GeneralSansMedium.tsx(4138,5): error TS2339: Property 'hkern' does not exist on type 'JSX.IntrinsicElements'.
src/icons/Fonts/general-sans/GeneralSansMedium.tsx(4139,5): error TS2339: Property 'hkern' does not exist on type 'JSX.IntrinsicElements'.
src/icons/Fonts/general-sans/GeneralSansMedium.tsx(4140,5): error TS2339: Property 'hkern' does not exist on type 'JSX.IntrinsicElements'.
src/icons/Fonts/general-sans/GeneralSansMedium.tsx(4141,5): error TS2339: Property 'hkern' does not exist on type 'JSX.IntrinsicElements'.
src/icons/Fonts/general-sans/GeneralSansMedium.tsx(4142,5): error TS2339: Property 'hkern' does not exist on type 'JSX.IntrinsicElements'.
src/icons/Fonts/general-sans/GeneralSansMedium.tsx(4143,5): error TS2339: Property 'hkern' does not exist on type 'JSX.IntrinsicElements'.
src/icons/Fonts/general-sans/GeneralSansMedium.tsx(4144,5): error TS2339: Property 'hkern' does not exist on type 'JSX.IntrinsicElements'.
src/icons/Fonts/general-sans/GeneralSansMedium.tsx(4145,5): error TS2339: Property 'hkern' does not exist on type 'JSX.IntrinsicElements'.
src/icons/Fonts/general-sans/GeneralSansMedium.tsx(4146,5): error TS2339: Property 'hkern' does not exist on type 'JSX.IntrinsicElements'.
src/icons/Fonts/general-sans/GeneralSansMedium.tsx(4147,5): error TS2339: Property 'hkern' does not exist on type 'JSX.IntrinsicElements'.
src/icons/Fonts/general-sans/GeneralSansMedium.tsx(4148,5): error TS2339: Property 'hkern' does not exist on type 'JSX.IntrinsicElements'.
src/icons/Fonts/general-sans/GeneralSansMedium.tsx(4149,5): error TS2339: Property 'hkern' does not exist on type 'JSX.IntrinsicElements'.
src/icons/Fonts/general-sans/GeneralSansMedium.tsx(4150,5): error TS2339: Property 'hkern' does not exist on type 'JSX.IntrinsicElements'.
src/icons/Fonts/general-sans/GeneralSansMedium.tsx(4151,5): error TS2339: Property 'hkern' does not exist on type 'JSX.IntrinsicElements'.
src/icons/Fonts/general-sans/GeneralSansMedium.tsx(4152,5): error TS2339: Property 'hkern' does not exist on type 'JSX.IntrinsicElements'.
src/icons/Fonts/general-sans/GeneralSansMedium.tsx(4153,5): error TS2339: Property 'hkern' does not exist on type 'JSX.IntrinsicElements'.
src/icons/Fonts/general-sans/GeneralSansMedium.tsx(4154,5): error TS2339: Property 'hkern' does not exist on type 'JSX.IntrinsicElements'.
src/icons/Fonts/general-sans/GeneralSansMedium.tsx(4155,5): error TS2339: Property 'hkern' does not exist on type 'JSX.IntrinsicElements'.
src/icons/Fonts/general-sans/GeneralSansMedium.tsx(4156,5): error TS2339: Property 'hkern' does not exist on type 'JSX.IntrinsicElements'.
src/icons/Fonts/general-sans/GeneralSansMedium.tsx(4157,5): error TS2339: Property 'hkern' does not exist on type 'JSX.IntrinsicElements'.
src/icons/Fonts/general-sans/GeneralSansMedium.tsx(4158,5): error TS2339: Property 'hkern' does not exist on type 'JSX.IntrinsicElements'.
src/icons/Fonts/general-sans/GeneralSansMedium.tsx(4159,5): error TS2339: Property 'hkern' does not exist on type 'JSX.IntrinsicElements'.
src/icons/Fonts/general-sans/GeneralSansMedium.tsx(4160,5): error TS2339: Property 'hkern' does not exist on type 'JSX.IntrinsicElements'.
src/icons/Fonts/general-sans/GeneralSansMedium.tsx(4161,5): error TS2339: Property 'hkern' does not exist on type 'JSX.IntrinsicElements'.
src/icons/Fonts/general-sans/GeneralSansMedium.tsx(4162,5): error TS2339: Property 'hkern' does not exist on type 'JSX.IntrinsicElements'.
src/icons/Fonts/general-sans/GeneralSansMedium.tsx(4163,5): error TS2339: Property 'hkern' does not exist on type 'JSX.IntrinsicElements'.
src/icons/Fonts/general-sans/GeneralSansMedium.tsx(4164,5): error TS2339: Property 'hkern' does not exist on type 'JSX.IntrinsicElements'.
src/icons/Fonts/general-sans/GeneralSansMedium.tsx(4165,5): error TS2339: Property 'hkern' does not exist on type 'JSX.IntrinsicElements'.
src/icons/Fonts/general-sans/GeneralSansMedium.tsx(4166,5): error TS2339: Property 'hkern' does not exist on type 'JSX.IntrinsicElements'.
src/icons/Fonts/general-sans/GeneralSansMedium.tsx(4167,5): error TS2339: Property 'hkern' does not exist on type 'JSX.IntrinsicElements'.
src/icons/Fonts/general-sans/GeneralSansMedium.tsx(4168,5): error TS2339: Property 'hkern' does not exist on type 'JSX.IntrinsicElements'.
src/icons/Fonts/general-sans/GeneralSansMedium.tsx(4169,5): error TS2339: Property 'hkern' does not exist on type 'JSX.IntrinsicElements'.
src/icons/Fonts/general-sans/GeneralSansMedium.tsx(4170,5): error TS2339: Property 'hkern' does not exist on type 'JSX.IntrinsicElements'.
src/icons/Fonts/general-sans/GeneralSansMedium.tsx(4171,5): error TS2339: Property 'hkern' does not exist on type 'JSX.IntrinsicElements'.
src/icons/Fonts/general-sans/GeneralSansMedium.tsx(4172,5): error TS2339: Property 'hkern' does not exist on type 'JSX.IntrinsicElements'.
src/icons/Fonts/general-sans/GeneralSansMedium.tsx(4173,5): error TS2339: Property 'hkern' does not exist on type 'JSX.IntrinsicElements'.
src/icons/Fonts/general-sans/GeneralSansMedium.tsx(4174,5): error TS2339: Property 'hkern' does not exist on type 'JSX.IntrinsicElements'.
src/icons/Fonts/general-sans/GeneralSansMedium.tsx(4175,5): error TS2339: Property 'hkern' does not exist on type 'JSX.IntrinsicElements'.
src/icons/Fonts/general-sans/GeneralSansMedium.tsx(4176,5): error TS2339: Property 'hkern' does not exist on type 'JSX.IntrinsicElements'.
src/icons/Fonts/general-sans/GeneralSansMedium.tsx(4177,5): error TS2339: Property 'hkern' does not exist on type 'JSX.IntrinsicElements'.
src/icons/Fonts/general-sans/GeneralSansMedium.tsx(4178,5): error TS2339: Property 'hkern' does not exist on type 'JSX.IntrinsicElements'.
src/icons/Fonts/general-sans/GeneralSansMedium.tsx(4179,5): error TS2339: Property 'hkern' does not exist on type 'JSX.IntrinsicElements'.
src/icons/Fonts/general-sans/GeneralSansMedium.tsx(4180,5): error TS2339: Property 'hkern' does not exist on type 'JSX.IntrinsicElements'.
src/icons/Fonts/general-sans/GeneralSansMedium.tsx(4181,5): error TS2339: Property 'hkern' does not exist on type 'JSX.IntrinsicElements'.
src/icons/Fonts/general-sans/GeneralSansMedium.tsx(4182,5): error TS2339: Property 'hkern' does not exist on type 'JSX.IntrinsicElements'.
src/icons/Fonts/general-sans/GeneralSansMedium.tsx(4183,5): error TS2339: Property 'hkern' does not exist on type 'JSX.IntrinsicElements'.
src/icons/Fonts/general-sans/GeneralSansMedium.tsx(4184,5): error TS2339: Property 'hkern' does not exist on type 'JSX.IntrinsicElements'.
src/icons/Fonts/general-sans/GeneralSansMedium.tsx(4185,5): error TS2339: Property 'hkern' does not exist on type 'JSX.IntrinsicElements'.
src/icons/Fonts/general-sans/GeneralSansMedium.tsx(4186,5): error TS2339: Property 'hkern' does not exist on type 'JSX.IntrinsicElements'.
src/icons/Fonts/general-sans/GeneralSansMedium.tsx(4187,5): error TS2339: Property 'hkern' does not exist on type 'JSX.IntrinsicElements'.
src/icons/Fonts/general-sans/GeneralSansMedium.tsx(4188,5): error TS2339: Property 'hkern' does not exist on type 'JSX.IntrinsicElements'.
src/icons/Fonts/general-sans/GeneralSansMedium.tsx(4189,5): error TS2339: Property 'hkern' does not exist on type 'JSX.IntrinsicElements'.
src/icons/Fonts/general-sans/GeneralSansMedium.tsx(4190,5): error TS2339: Property 'hkern' does not exist on type 'JSX.IntrinsicElements'.
src/icons/Fonts/general-sans/GeneralSansMedium.tsx(4191,5): error TS2339: Property 'hkern' does not exist on type 'JSX.IntrinsicElements'.
src/icons/Fonts/general-sans/GeneralSansMedium.tsx(4192,5): error TS2339: Property 'hkern' does not exist on type 'JSX.IntrinsicElements'.
src/icons/Fonts/general-sans/GeneralSansMedium.tsx(4193,5): error TS2339: Property 'hkern' does not exist on type 'JSX.IntrinsicElements'.
src/icons/Fonts/general-sans/GeneralSansMedium.tsx(4194,5): error TS2339: Property 'hkern' does not exist on type 'JSX.IntrinsicElements'.
src/icons/Fonts/general-sans/GeneralSansMedium.tsx(4195,5): error TS2339: Property 'hkern' does not exist on type 'JSX.IntrinsicElements'.
src/icons/Fonts/general-sans/GeneralSansMedium.tsx(4196,5): error TS2339: Property 'hkern' does not exist on type 'JSX.IntrinsicElements'.
src/icons/Fonts/general-sans/GeneralSansMedium.tsx(4197,5): error TS2339: Property 'hkern' does not exist on type 'JSX.IntrinsicElements'.
src/icons/Fonts/general-sans/GeneralSansMedium.tsx(4198,5): error TS2339: Property 'hkern' does not exist on type 'JSX.IntrinsicElements'.
src/icons/Fonts/general-sans/GeneralSansMedium.tsx(4199,5): error TS2339: Property 'hkern' does not exist on type 'JSX.IntrinsicElements'.
src/icons/Fonts/general-sans/GeneralSansMedium.tsx(4200,5): error TS2339: Property 'hkern' does not exist on type 'JSX.IntrinsicElements'.
src/icons/Fonts/general-sans/GeneralSansMedium.tsx(4201,5): error TS2339: Property 'hkern' does not exist on type 'JSX.IntrinsicElements'.
src/icons/Fonts/general-sans/GeneralSansMedium.tsx(4202,5): error TS2339: Property 'hkern' does not exist on type 'JSX.IntrinsicElements'.
src/icons/Fonts/general-sans/GeneralSansMedium.tsx(4203,5): error TS2339: Property 'hkern' does not exist on type 'JSX.IntrinsicElements'.
src/icons/Fonts/general-sans/GeneralSansMedium.tsx(4204,5): error TS2339: Property 'hkern' does not exist on type 'JSX.IntrinsicElements'.
src/icons/Fonts/general-sans/GeneralSansMedium.tsx(4205,5): error TS2339: Property 'hkern' does not exist on type 'JSX.IntrinsicElements'.
src/icons/Fonts/general-sans/GeneralSansMedium.tsx(4206,5): error TS2339: Property 'hkern' does not exist on type 'JSX.IntrinsicElements'.
src/icons/Fonts/general-sans/GeneralSansMedium.tsx(4207,5): error TS2339: Property 'hkern' does not exist on type 'JSX.IntrinsicElements'.
src/icons/Fonts/general-sans/GeneralSansMedium.tsx(4208,5): error TS2339: Property 'hkern' does not exist on type 'JSX.IntrinsicElements'.
src/icons/Fonts/general-sans/GeneralSansMedium.tsx(4209,5): error TS2339: Property 'hkern' does not exist on type 'JSX.IntrinsicElements'.
src/icons/Fonts/general-sans/GeneralSansMedium.tsx(4210,5): error TS2339: Property 'hkern' does not exist on type 'JSX.IntrinsicElements'.
src/icons/Fonts/general-sans/GeneralSansMedium.tsx(4211,5): error TS2339: Property 'hkern' does not exist on type 'JSX.IntrinsicElements'.
src/icons/Fonts/general-sans/GeneralSansMedium.tsx(4212,5): error TS2339: Property 'hkern' does not exist on type 'JSX.IntrinsicElements'.
src/icons/Fonts/general-sans/GeneralSansMedium.tsx(4213,5): error TS2339: Property 'hkern' does not exist on type 'JSX.IntrinsicElements'.
src/icons/Fonts/general-sans/GeneralSansMedium.tsx(4214,5): error TS2339: Property 'hkern' does not exist on type 'JSX.IntrinsicElements'.
src/icons/Fonts/general-sans/GeneralSansMedium.tsx(4215,5): error TS2339: Property 'hkern' does not exist on type 'JSX.IntrinsicElements'.
src/icons/Fonts/general-sans/GeneralSansMedium.tsx(4216,5): error TS2339: Property 'hkern' does not exist on type 'JSX.IntrinsicElements'.
src/icons/Fonts/general-sans/GeneralSansMedium.tsx(4217,5): error TS2339: Property 'hkern' does not exist on type 'JSX.IntrinsicElements'.
src/icons/Fonts/general-sans/GeneralSansMedium.tsx(4218,5): error TS2339: Property 'hkern' does not exist on type 'JSX.IntrinsicElements'.
src/icons/Fonts/general-sans/GeneralSansMedium.tsx(4219,5): error TS2339: Property 'hkern' does not exist on type 'JSX.IntrinsicElements'.
src/icons/Fonts/general-sans/GeneralSansMedium.tsx(4220,5): error TS2339: Property 'hkern' does not exist on type 'JSX.IntrinsicElements'.
src/icons/Fonts/general-sans/GeneralSansMedium.tsx(4221,5): error TS2339: Property 'hkern' does not exist on type 'JSX.IntrinsicElements'.
src/icons/Fonts/general-sans/GeneralSansMedium.tsx(4222,5): error TS2339: Property 'hkern' does not exist on type 'JSX.IntrinsicElements'.
src/icons/Fonts/general-sans/GeneralSansMedium.tsx(4223,5): error TS2339: Property 'hkern' does not exist on type 'JSX.IntrinsicElements'.
src/icons/Fonts/general-sans/GeneralSansMedium.tsx(4224,5): error TS2339: Property 'hkern' does not exist on type 'JSX.IntrinsicElements'.
src/icons/Fonts/general-sans/GeneralSansMedium.tsx(4225,5): error TS2339: Property 'hkern' does not exist on type 'JSX.IntrinsicElements'.
src/icons/Fonts/general-sans/GeneralSansMedium.tsx(4226,5): error TS2339: Property 'hkern' does not exist on type 'JSX.IntrinsicElements'.
src/icons/Fonts/general-sans/GeneralSansMedium.tsx(4227,5): error TS2339: Property 'hkern' does not exist on type 'JSX.IntrinsicElements'.
src/icons/Fonts/general-sans/GeneralSansMedium.tsx(4228,5): error TS2339: Property 'hkern' does not exist on type 'JSX.IntrinsicElements'.
src/icons/Fonts/general-sans/GeneralSansMedium.tsx(4229,5): error TS2339: Property 'hkern' does not exist on type 'JSX.IntrinsicElements'.
src/icons/Fonts/general-sans/GeneralSansMedium.tsx(4230,5): error TS2339: Property 'hkern' does not exist on type 'JSX.IntrinsicElements'.
src/icons/Fonts/general-sans/GeneralSansMedium.tsx(4231,5): error TS2339: Property 'hkern' does not exist on type 'JSX.IntrinsicElements'.
src/icons/Fonts/general-sans/GeneralSansMedium.tsx(4232,5): error TS2339: Property 'hkern' does not exist on type 'JSX.IntrinsicElements'.
src/icons/Fonts/general-sans/GeneralSansMedium.tsx(4233,5): error TS2339: Property 'hkern' does not exist on type 'JSX.IntrinsicElements'.
src/icons/Fonts/general-sans/GeneralSansMedium.tsx(4234,5): error TS2339: Property 'hkern' does not exist on type 'JSX.IntrinsicElements'.
src/icons/Fonts/general-sans/GeneralSansMedium.tsx(4235,5): error TS2339: Property 'hkern' does not exist on type 'JSX.IntrinsicElements'.
src/icons/Fonts/general-sans/GeneralSansMedium.tsx(4236,5): error TS2339: Property 'hkern' does not exist on type 'JSX.IntrinsicElements'.
src/icons/Fonts/general-sans/GeneralSansMedium.tsx(4237,5): error TS2339: Property 'hkern' does not exist on type 'JSX.IntrinsicElements'.
src/icons/Fonts/general-sans/GeneralSansMedium.tsx(4238,5): error TS2339: Property 'hkern' does not exist on type 'JSX.IntrinsicElements'.
src/icons/Fonts/general-sans/GeneralSansMedium.tsx(4239,5): error TS2339: Property 'hkern' does not exist on type 'JSX.IntrinsicElements'.
src/icons/Fonts/general-sans/GeneralSansMedium.tsx(4240,5): error TS2339: Property 'hkern' does not exist on type 'JSX.IntrinsicElements'.
src/icons/Fonts/general-sans/GeneralSansMedium.tsx(4241,5): error TS2339: Property 'hkern' does not exist on type 'JSX.IntrinsicElements'.
src/icons/Fonts/general-sans/GeneralSansMedium.tsx(4242,5): error TS2339: Property 'hkern' does not exist on type 'JSX.IntrinsicElements'.
src/icons/Fonts/general-sans/GeneralSansMedium.tsx(4243,5): error TS2339: Property 'hkern' does not exist on type 'JSX.IntrinsicElements'.
src/icons/Fonts/general-sans/GeneralSansMedium.tsx(4244,5): error TS2339: Property 'hkern' does not exist on type 'JSX.IntrinsicElements'.
src/icons/Fonts/general-sans/GeneralSansMedium.tsx(4245,5): error TS2339: Property 'hkern' does not exist on type 'JSX.IntrinsicElements'.
src/icons/Fonts/general-sans/GeneralSansMedium.tsx(4246,5): error TS2339: Property 'hkern' does not exist on type 'JSX.IntrinsicElements'.
src/icons/Fonts/general-sans/GeneralSansMedium.tsx(4247,5): error TS2339: Property 'hkern' does not exist on type 'JSX.IntrinsicElements'.
src/icons/Fonts/general-sans/GeneralSansMedium.tsx(4248,5): error TS2339: Property 'hkern' does not exist on type 'JSX.IntrinsicElements'.
src/icons/Fonts/general-sans/GeneralSansMedium.tsx(4249,5): error TS2339: Property 'hkern' does not exist on type 'JSX.IntrinsicElements'.
src/icons/Fonts/general-sans/GeneralSansMedium.tsx(4250,5): error TS2339: Property 'hkern' does not exist on type 'JSX.IntrinsicElements'.
src/icons/Fonts/general-sans/GeneralSansMedium.tsx(4251,5): error TS2339: Property 'hkern' does not exist on type 'JSX.IntrinsicElements'.
src/icons/Fonts/general-sans/GeneralSansMedium.tsx(4252,5): error TS2339: Property 'hkern' does not exist on type 'JSX.IntrinsicElements'.
src/icons/Fonts/general-sans/GeneralSansMedium.tsx(4253,5): error TS2339: Property 'hkern' does not exist on type 'JSX.IntrinsicElements'.
src/icons/Fonts/general-sans/GeneralSansMedium.tsx(4254,5): error TS2339: Property 'hkern' does not exist on type 'JSX.IntrinsicElements'.
src/icons/Fonts/general-sans/GeneralSansMedium.tsx(4255,5): error TS2339: Property 'hkern' does not exist on type 'JSX.IntrinsicElements'.
src/icons/Fonts/general-sans/GeneralSansMedium.tsx(4256,5): error TS2339: Property 'hkern' does not exist on type 'JSX.IntrinsicElements'.
src/icons/Fonts/general-sans/GeneralSansMedium.tsx(4257,5): error TS2339: Property 'hkern' does not exist on type 'JSX.IntrinsicElements'.
src/icons/Fonts/general-sans/GeneralSansMedium.tsx(4258,5): error TS2339: Property 'hkern' does not exist on type 'JSX.IntrinsicElements'.
src/icons/Fonts/general-sans/GeneralSansMedium.tsx(4259,5): error TS2339: Property 'hkern' does not exist on type 'JSX.IntrinsicElements'.
src/icons/Fonts/general-sans/GeneralSansMedium.tsx(4260,5): error TS2339: Property 'hkern' does not exist on type 'JSX.IntrinsicElements'.
src/icons/Fonts/general-sans/GeneralSansMedium.tsx(4261,5): error TS2339: Property 'hkern' does not exist on type 'JSX.IntrinsicElements'.
src/icons/Fonts/general-sans/GeneralSansMedium.tsx(4262,5): error TS2339: Property 'hkern' does not exist on type 'JSX.IntrinsicElements'.
src/icons/Fonts/general-sans/GeneralSansMedium.tsx(4263,5): error TS2339: Property 'hkern' does not exist on type 'JSX.IntrinsicElements'.
src/icons/Fonts/general-sans/GeneralSansMedium.tsx(4264,5): error TS2339: Property 'hkern' does not exist on type 'JSX.IntrinsicElements'.
src/icons/Fonts/general-sans/GeneralSansMedium.tsx(4265,5): error TS2339: Property 'hkern' does not exist on type 'JSX.IntrinsicElements'.
src/icons/Fonts/general-sans/GeneralSansMedium.tsx(4266,5): error TS2339: Property 'hkern' does not exist on type 'JSX.IntrinsicElements'.
src/icons/Fonts/general-sans/GeneralSansMedium.tsx(4267,5): error TS2339: Property 'hkern' does not exist on type 'JSX.IntrinsicElements'.
src/icons/Fonts/general-sans/GeneralSansMedium.tsx(4268,5): error TS2339: Property 'hkern' does not exist on type 'JSX.IntrinsicElements'.
src/icons/Fonts/general-sans/GeneralSansMedium.tsx(4269,5): error TS2339: Property 'hkern' does not exist on type 'JSX.IntrinsicElements'.
src/icons/Fonts/general-sans/GeneralSansMedium.tsx(4270,5): error TS2339: Property 'hkern' does not exist on type 'JSX.IntrinsicElements'.
src/icons/Fonts/general-sans/GeneralSansMedium.tsx(4271,5): error TS2339: Property 'hkern' does not exist on type 'JSX.IntrinsicElements'.
src/icons/Fonts/general-sans/GeneralSansMedium.tsx(4272,5): error TS2339: Property 'hkern' does not exist on type 'JSX.IntrinsicElements'.
src/icons/Fonts/general-sans/GeneralSansMedium.tsx(4273,5): error TS2339: Property 'hkern' does not exist on type 'JSX.IntrinsicElements'.
src/icons/Fonts/general-sans/GeneralSansMedium.tsx(4274,5): error TS2339: Property 'hkern' does not exist on type 'JSX.IntrinsicElements'.
src/icons/Fonts/general-sans/GeneralSansMedium.tsx(4275,5): error TS2339: Property 'hkern' does not exist on type 'JSX.IntrinsicElements'.
src/icons/Fonts/general-sans/GeneralSansMedium.tsx(4276,5): error TS2339: Property 'hkern' does not exist on type 'JSX.IntrinsicElements'.
src/icons/Fonts/general-sans/GeneralSansMedium.tsx(4277,5): error TS2339: Property 'hkern' does not exist on type 'JSX.IntrinsicElements'.
src/icons/Fonts/general-sans/GeneralSansMedium.tsx(4278,5): error TS2339: Property 'hkern' does not exist on type 'JSX.IntrinsicElements'.
src/icons/Fonts/general-sans/GeneralSansMedium.tsx(4279,5): error TS2339: Property 'hkern' does not exist on type 'JSX.IntrinsicElements'.
src/icons/Fonts/general-sans/GeneralSansMedium.tsx(4280,5): error TS2339: Property 'hkern' does not exist on type 'JSX.IntrinsicElements'.
src/icons/Fonts/general-sans/GeneralSansMedium.tsx(4281,5): error TS2339: Property 'hkern' does not exist on type 'JSX.IntrinsicElements'.
src/icons/Fonts/general-sans/GeneralSansMedium.tsx(4282,5): error TS2339: Property 'hkern' does not exist on type 'JSX.IntrinsicElements'.
src/icons/Fonts/general-sans/GeneralSansMedium.tsx(4283,5): error TS2339: Property 'hkern' does not exist on type 'JSX.IntrinsicElements'.
src/icons/Fonts/general-sans/GeneralSansMedium.tsx(4284,5): error TS2339: Property 'hkern' does not exist on type 'JSX.IntrinsicElements'.
src/icons/Fonts/general-sans/GeneralSansMedium.tsx(4285,5): error TS2339: Property 'hkern' does not exist on type 'JSX.IntrinsicElements'.
src/icons/Fonts/general-sans/GeneralSansMedium.tsx(4286,5): error TS2339: Property 'hkern' does not exist on type 'JSX.IntrinsicElements'.
src/icons/Fonts/general-sans/GeneralSansMedium.tsx(4287,5): error TS2339: Property 'hkern' does not exist on type 'JSX.IntrinsicElements'.
src/icons/Fonts/general-sans/GeneralSansMedium.tsx(4288,5): error TS2339: Property 'hkern' does not exist on type 'JSX.IntrinsicElements'.
src/icons/Fonts/general-sans/GeneralSansMedium.tsx(4289,5): error TS2339: Property 'hkern' does not exist on type 'JSX.IntrinsicElements'.
src/icons/Fonts/general-sans/GeneralSansMedium.tsx(4290,5): error TS2339: Property 'hkern' does not exist on type 'JSX.IntrinsicElements'.
src/icons/Fonts/general-sans/GeneralSansMedium.tsx(4291,5): error TS2339: Property 'hkern' does not exist on type 'JSX.IntrinsicElements'.
src/icons/Fonts/general-sans/GeneralSansMedium.tsx(4292,5): error TS2339: Property 'hkern' does not exist on type 'JSX.IntrinsicElements'.
src/icons/Fonts/general-sans/GeneralSansMedium.tsx(4293,5): error TS2339: Property 'hkern' does not exist on type 'JSX.IntrinsicElements'.
src/icons/Fonts/general-sans/GeneralSansMedium.tsx(4294,5): error TS2339: Property 'hkern' does not exist on type 'JSX.IntrinsicElements'.
src/icons/Fonts/general-sans/GeneralSansMedium.tsx(4295,5): error TS2339: Property 'hkern' does not exist on type 'JSX.IntrinsicElements'.
src/icons/Fonts/general-sans/GeneralSansMedium.tsx(4296,5): error TS2339: Property 'hkern' does not exist on type 'JSX.IntrinsicElements'.
src/icons/Fonts/general-sans/GeneralSansMedium.tsx(4297,5): error TS2339: Property 'hkern' does not exist on type 'JSX.IntrinsicElements'.
src/icons/Fonts/general-sans/GeneralSansMedium.tsx(4298,5): error TS2339: Property 'hkern' does not exist on type 'JSX.IntrinsicElements'.
src/icons/Fonts/general-sans/GeneralSansMedium.tsx(4299,5): error TS2339: Property 'hkern' does not exist on type 'JSX.IntrinsicElements'.
src/icons/Fonts/general-sans/GeneralSansMedium.tsx(4300,5): error TS2339: Property 'hkern' does not exist on type 'JSX.IntrinsicElements'.
src/icons/Fonts/general-sans/GeneralSansMedium.tsx(4301,5): error TS2339: Property 'hkern' does not exist on type 'JSX.IntrinsicElements'.
src/icons/Fonts/general-sans/GeneralSansMedium.tsx(4302,5): error TS2339: Property 'hkern' does not exist on type 'JSX.IntrinsicElements'.
src/icons/Fonts/general-sans/GeneralSansMedium.tsx(4303,5): error TS2339: Property 'hkern' does not exist on type 'JSX.IntrinsicElements'.
src/icons/Fonts/general-sans/GeneralSansMedium.tsx(4304,5): error TS2339: Property 'hkern' does not exist on type 'JSX.IntrinsicElements'.
src/icons/Fonts/general-sans/GeneralSansMedium.tsx(4305,5): error TS2339: Property 'hkern' does not exist on type 'JSX.IntrinsicElements'.
src/icons/Fonts/general-sans/GeneralSansMedium.tsx(4306,5): error TS2339: Property 'hkern' does not exist on type 'JSX.IntrinsicElements'.
src/icons/Fonts/general-sans/GeneralSansMedium.tsx(4307,5): error TS2339: Property 'hkern' does not exist on type 'JSX.IntrinsicElements'.
src/icons/Fonts/general-sans/GeneralSansMedium.tsx(4308,5): error TS2339: Property 'hkern' does not exist on type 'JSX.IntrinsicElements'.
src/icons/Fonts/general-sans/GeneralSansMedium.tsx(4309,5): error TS2339: Property 'hkern' does not exist on type 'JSX.IntrinsicElements'.
src/icons/Fonts/general-sans/GeneralSansMedium.tsx(4310,5): error TS2339: Property 'hkern' does not exist on type 'JSX.IntrinsicElements'.
src/icons/Fonts/general-sans/GeneralSansMedium.tsx(4311,5): error TS2339: Property 'hkern' does not exist on type 'JSX.IntrinsicElements'.
src/icons/Fonts/general-sans/GeneralSansMedium.tsx(4312,5): error TS2339: Property 'hkern' does not exist on type 'JSX.IntrinsicElements'.
src/icons/Fonts/general-sans/GeneralSansMedium.tsx(4313,5): error TS2339: Property 'hkern' does not exist on type 'JSX.IntrinsicElements'.
src/icons/Fonts/general-sans/GeneralSansMedium.tsx(4314,5): error TS2339: Property 'hkern' does not exist on type 'JSX.IntrinsicElements'.
src/icons/Fonts/general-sans/GeneralSansMedium.tsx(4315,5): error TS2339: Property 'hkern' does not exist on type 'JSX.IntrinsicElements'.
src/icons/Fonts/general-sans/GeneralSansMedium.tsx(4316,5): error TS2339: Property 'hkern' does not exist on type 'JSX.IntrinsicElements'.
src/icons/Fonts/general-sans/GeneralSansMedium.tsx(4317,5): error TS2339: Property 'hkern' does not exist on type 'JSX.IntrinsicElements'.
src/icons/Fonts/general-sans/GeneralSansMedium.tsx(4318,5): error TS2339: Property 'hkern' does not exist on type 'JSX.IntrinsicElements'.
src/icons/Fonts/general-sans/GeneralSansMedium.tsx(4319,5): error TS2339: Property 'hkern' does not exist on type 'JSX.IntrinsicElements'.
src/icons/Fonts/general-sans/GeneralSansMedium.tsx(4320,5): error TS2339: Property 'hkern' does not exist on type 'JSX.IntrinsicElements'.
src/icons/Fonts/general-sans/GeneralSansMedium.tsx(4321,5): error TS2339: Property 'hkern' does not exist on type 'JSX.IntrinsicElements'.
src/icons/Fonts/general-sans/GeneralSansMedium.tsx(4322,5): error TS2339: Property 'hkern' does not exist on type 'JSX.IntrinsicElements'.
src/icons/Fonts/general-sans/GeneralSansMedium.tsx(4323,5): error TS2339: Property 'hkern' does not exist on type 'JSX.IntrinsicElements'.
src/icons/Fonts/general-sans/GeneralSansMedium.tsx(4324,5): error TS2339: Property 'hkern' does not exist on type 'JSX.IntrinsicElements'.
src/icons/Fonts/general-sans/GeneralSansMedium.tsx(4325,5): error TS2339: Property 'hkern' does not exist on type 'JSX.IntrinsicElements'.
src/icons/Fonts/general-sans/GeneralSansMedium.tsx(4326,5): error TS2339: Property 'hkern' does not exist on type 'JSX.IntrinsicElements'.
src/icons/Fonts/general-sans/GeneralSansMedium.tsx(4327,5): error TS2339: Property 'hkern' does not exist on type 'JSX.IntrinsicElements'.
src/icons/Fonts/general-sans/GeneralSansMedium.tsx(4328,5): error TS2339: Property 'hkern' does not exist on type 'JSX.IntrinsicElements'.
src/icons/Fonts/general-sans/GeneralSansMedium.tsx(4329,5): error TS2339: Property 'hkern' does not exist on type 'JSX.IntrinsicElements'.
src/icons/Fonts/general-sans/GeneralSansMedium.tsx(4330,5): error TS2339: Property 'hkern' does not exist on type 'JSX.IntrinsicElements'.
src/icons/Fonts/general-sans/GeneralSansMedium.tsx(4331,5): error TS2339: Property 'hkern' does not exist on type 'JSX.IntrinsicElements'.
src/icons/Fonts/general-sans/GeneralSansMedium.tsx(4332,5): error TS2339: Property 'hkern' does not exist on type 'JSX.IntrinsicElements'.
src/icons/Fonts/general-sans/GeneralSansMedium.tsx(4333,5): error TS2339: Property 'hkern' does not exist on type 'JSX.IntrinsicElements'.
src/icons/Fonts/general-sans/GeneralSansMedium.tsx(4334,5): error TS2339: Property 'hkern' does not exist on type 'JSX.IntrinsicElements'.
src/icons/Fonts/general-sans/GeneralSansMedium.tsx(4335,5): error TS2339: Property 'hkern' does not exist on type 'JSX.IntrinsicElements'.
src/icons/Fonts/general-sans/GeneralSansMedium.tsx(4336,5): error TS2339: Property 'hkern' does not exist on type 'JSX.IntrinsicElements'.
src/icons/Fonts/general-sans/GeneralSansMedium.tsx(4337,5): error TS2339: Property 'hkern' does not exist on type 'JSX.IntrinsicElements'.
src/icons/Fonts/general-sans/GeneralSansMedium.tsx(4338,5): error TS2339: Property 'hkern' does not exist on type 'JSX.IntrinsicElements'.
src/icons/Fonts/general-sans/GeneralSansMedium.tsx(4339,5): error TS2339: Property 'hkern' does not exist on type 'JSX.IntrinsicElements'.
src/icons/Fonts/general-sans/GeneralSansMedium.tsx(4340,5): error TS2339: Property 'hkern' does not exist on type 'JSX.IntrinsicElements'.
src/icons/Fonts/general-sans/GeneralSansMedium.tsx(4341,5): error TS2339: Property 'hkern' does not exist on type 'JSX.IntrinsicElements'.
src/icons/Fonts/general-sans/GeneralSansMedium.tsx(4342,5): error TS2339: Property 'hkern' does not exist on type 'JSX.IntrinsicElements'.
src/icons/Fonts/general-sans/GeneralSansMedium.tsx(4343,5): error TS2339: Property 'hkern' does not exist on type 'JSX.IntrinsicElements'.
src/icons/Fonts/general-sans/GeneralSansMedium.tsx(4344,5): error TS2339: Property 'hkern' does not exist on type 'JSX.IntrinsicElements'.
src/icons/Fonts/general-sans/GeneralSansMedium.tsx(4345,5): error TS2339: Property 'hkern' does not exist on type 'JSX.IntrinsicElements'.
src/icons/Fonts/general-sans/GeneralSansMedium.tsx(4346,5): error TS2339: Property 'hkern' does not exist on type 'JSX.IntrinsicElements'.
src/icons/Fonts/general-sans/GeneralSansMedium.tsx(4347,5): error TS2339: Property 'hkern' does not exist on type 'JSX.IntrinsicElements'.
src/icons/Fonts/general-sans/GeneralSansMedium.tsx(4348,5): error TS2339: Property 'hkern' does not exist on type 'JSX.IntrinsicElements'.
src/icons/Fonts/general-sans/GeneralSansMedium.tsx(4349,5): error TS2339: Property 'hkern' does not exist on type 'JSX.IntrinsicElements'.
src/icons/Fonts/general-sans/GeneralSansMedium.tsx(4350,5): error TS2339: Property 'hkern' does not exist on type 'JSX.IntrinsicElements'.
src/icons/Fonts/general-sans/GeneralSansMedium.tsx(4351,5): error TS2339: Property 'hkern' does not exist on type 'JSX.IntrinsicElements'.
src/icons/Fonts/general-sans/GeneralSansMedium.tsx(4352,5): error TS2339: Property 'hkern' does not exist on type 'JSX.IntrinsicElements'.
src/icons/Fonts/general-sans/GeneralSansMedium.tsx(4353,5): error TS2339: Property 'hkern' does not exist on type 'JSX.IntrinsicElements'.
src/icons/Fonts/general-sans/GeneralSansMedium.tsx(4354,5): error TS2339: Property 'hkern' does not exist on type 'JSX.IntrinsicElements'.
src/icons/Fonts/general-sans/GeneralSansMedium.tsx(4355,5): error TS2339: Property 'hkern' does not exist on type 'JSX.IntrinsicElements'.
src/icons/Fonts/general-sans/GeneralSansMedium.tsx(4356,5): error TS2339: Property 'hkern' does not exist on type 'JSX.IntrinsicElements'.
src/icons/Fonts/general-sans/GeneralSansMedium.tsx(4357,5): error TS2339: Property 'hkern' does not exist on type 'JSX.IntrinsicElements'.
src/icons/Fonts/general-sans/GeneralSansMedium.tsx(4358,5): error TS2339: Property 'hkern' does not exist on type 'JSX.IntrinsicElements'.
src/icons/Fonts/general-sans/GeneralSansMedium.tsx(4359,5): error TS2339: Property 'hkern' does not exist on type 'JSX.IntrinsicElements'.
src/icons/Fonts/general-sans/GeneralSansMedium.tsx(4360,5): error TS2339: Property 'hkern' does not exist on type 'JSX.IntrinsicElements'.
src/icons/Fonts/general-sans/GeneralSansMedium.tsx(4361,5): error TS2339: Property 'hkern' does not exist on type 'JSX.IntrinsicElements'.
src/icons/Fonts/general-sans/GeneralSansMedium.tsx(4362,5): error TS2339: Property 'hkern' does not exist on type 'JSX.IntrinsicElements'.
src/icons/Fonts/general-sans/GeneralSansMedium.tsx(4363,5): error TS2339: Property 'hkern' does not exist on type 'JSX.IntrinsicElements'.
src/icons/Fonts/general-sans/GeneralSansMedium.tsx(4364,5): error TS2339: Property 'hkern' does not exist on type 'JSX.IntrinsicElements'.
src/icons/Fonts/general-sans/GeneralSansMedium.tsx(4365,5): error TS2339: Property 'hkern' does not exist on type 'JSX.IntrinsicElements'.
src/icons/Fonts/general-sans/GeneralSansMedium.tsx(4366,5): error TS2339: Property 'hkern' does not exist on type 'JSX.IntrinsicElements'.
src/icons/Fonts/general-sans/GeneralSansMedium.tsx(4367,5): error TS2339: Property 'hkern' does not exist on type 'JSX.IntrinsicElements'.
src/icons/Fonts/general-sans/GeneralSansMedium.tsx(4368,5): error TS2339: Property 'hkern' does not exist on type 'JSX.IntrinsicElements'.
src/icons/Fonts/general-sans/GeneralSansMedium.tsx(4369,5): error TS2339: Property 'hkern' does not exist on type 'JSX.IntrinsicElements'.
src/icons/Fonts/general-sans/GeneralSansMedium.tsx(4370,5): error TS2339: Property 'hkern' does not exist on type 'JSX.IntrinsicElements'.
src/icons/Fonts/general-sans/GeneralSansMedium.tsx(4371,5): error TS2339: Property 'hkern' does not exist on type 'JSX.IntrinsicElements'.
src/icons/Fonts/general-sans/GeneralSansMedium.tsx(4372,5): error TS2339: Property 'hkern' does not exist on type 'JSX.IntrinsicElements'.
src/icons/Fonts/general-sans/GeneralSansMedium.tsx(4373,5): error TS2339: Property 'hkern' does not exist on type 'JSX.IntrinsicElements'.
src/icons/Fonts/general-sans/GeneralSansMedium.tsx(4374,5): error TS2339: Property 'hkern' does not exist on type 'JSX.IntrinsicElements'.
src/icons/Fonts/general-sans/GeneralSansMedium.tsx(4375,5): error TS2339: Property 'hkern' does not exist on type 'JSX.IntrinsicElements'.
src/icons/Fonts/general-sans/GeneralSansMedium.tsx(4376,5): error TS2339: Property 'hkern' does not exist on type 'JSX.IntrinsicElements'.
src/icons/Fonts/general-sans/GeneralSansMedium.tsx(4377,5): error TS2339: Property 'hkern' does not exist on type 'JSX.IntrinsicElements'.
src/icons/Fonts/general-sans/GeneralSansMedium.tsx(4378,5): error TS2339: Property 'hkern' does not exist on type 'JSX.IntrinsicElements'.
src/icons/Fonts/general-sans/GeneralSansMedium.tsx(4379,5): error TS2339: Property 'hkern' does not exist on type 'JSX.IntrinsicElements'.
src/icons/Fonts/general-sans/GeneralSansMedium.tsx(4380,5): error TS2339: Property 'hkern' does not exist on type 'JSX.IntrinsicElements'.
src/icons/Fonts/general-sans/GeneralSansMedium.tsx(4381,5): error TS2339: Property 'hkern' does not exist on type 'JSX.IntrinsicElements'.
src/icons/Fonts/general-sans/GeneralSansMedium.tsx(4382,5): error TS2339: Property 'hkern' does not exist on type 'JSX.IntrinsicElements'.
src/icons/Fonts/general-sans/GeneralSansMedium.tsx(4383,5): error TS2339: Property 'hkern' does not exist on type 'JSX.IntrinsicElements'.
src/icons/Fonts/general-sans/GeneralSansMedium.tsx(4384,5): error TS2339: Property 'hkern' does not exist on type 'JSX.IntrinsicElements'.
src/icons/Fonts/general-sans/GeneralSansMedium.tsx(4385,5): error TS2339: Property 'hkern' does not exist on type 'JSX.IntrinsicElements'.
src/icons/Fonts/general-sans/GeneralSansMedium.tsx(4386,5): error TS2339: Property 'hkern' does not exist on type 'JSX.IntrinsicElements'.
src/icons/Fonts/general-sans/GeneralSansMedium.tsx(4387,5): error TS2339: Property 'hkern' does not exist on type 'JSX.IntrinsicElements'.
src/icons/Fonts/general-sans/GeneralSansMedium.tsx(4388,5): error TS2339: Property 'hkern' does not exist on type 'JSX.IntrinsicElements'.
src/icons/Fonts/general-sans/GeneralSansMedium.tsx(4389,5): error TS2339: Property 'hkern' does not exist on type 'JSX.IntrinsicElements'.
src/icons/Fonts/general-sans/GeneralSansMedium.tsx(4390,5): error TS2339: Property 'hkern' does not exist on type 'JSX.IntrinsicElements'.
src/icons/Fonts/general-sans/GeneralSansMedium.tsx(4391,5): error TS2339: Property 'hkern' does not exist on type 'JSX.IntrinsicElements'.
src/icons/Fonts/general-sans/GeneralSansMedium.tsx(4392,5): error TS2339: Property 'hkern' does not exist on type 'JSX.IntrinsicElements'.
src/icons/Fonts/general-sans/GeneralSansMedium.tsx(4393,5): error TS2339: Property 'hkern' does not exist on type 'JSX.IntrinsicElements'.
src/icons/Fonts/general-sans/GeneralSansMedium.tsx(4394,5): error TS2339: Property 'hkern' does not exist on type 'JSX.IntrinsicElements'.
src/icons/Fonts/general-sans/GeneralSansMedium.tsx(4395,5): error TS2339: Property 'hkern' does not exist on type 'JSX.IntrinsicElements'.
src/icons/Fonts/general-sans/GeneralSansMedium.tsx(4396,5): error TS2339: Property 'hkern' does not exist on type 'JSX.IntrinsicElements'.
src/icons/Fonts/general-sans/GeneralSansMedium.tsx(4397,5): error TS2339: Property 'hkern' does not exist on type 'JSX.IntrinsicElements'.
src/icons/Fonts/general-sans/GeneralSansMedium.tsx(4398,5): error TS2339: Property 'hkern' does not exist on type 'JSX.IntrinsicElements'.
src/icons/Fonts/general-sans/GeneralSansMedium.tsx(4399,5): error TS2339: Property 'hkern' does not exist on type 'JSX.IntrinsicElements'.
src/icons/Fonts/general-sans/GeneralSansMedium.tsx(4400,5): error TS2339: Property 'hkern' does not exist on type 'JSX.IntrinsicElements'.
src/icons/Fonts/general-sans/GeneralSansMedium.tsx(4401,5): error TS2339: Property 'hkern' does not exist on type 'JSX.IntrinsicElements'.
src/icons/Fonts/general-sans/GeneralSansMedium.tsx(4402,5): error TS2339: Property 'hkern' does not exist on type 'JSX.IntrinsicElements'.
src/icons/Fonts/general-sans/GeneralSansMedium.tsx(4403,5): error TS2339: Property 'hkern' does not exist on type 'JSX.IntrinsicElements'.
src/icons/Fonts/general-sans/GeneralSansMedium.tsx(4404,5): error TS2339: Property 'hkern' does not exist on type 'JSX.IntrinsicElements'.
src/icons/Fonts/general-sans/GeneralSansMedium.tsx(4405,5): error TS2339: Property 'hkern' does not exist on type 'JSX.IntrinsicElements'.
src/icons/Fonts/general-sans/GeneralSansMedium.tsx(4406,5): error TS2339: Property 'hkern' does not exist on type 'JSX.IntrinsicElements'.
src/icons/Fonts/general-sans/GeneralSansMedium.tsx(4407,5): error TS2339: Property 'hkern' does not exist on type 'JSX.IntrinsicElements'.
src/icons/Fonts/general-sans/GeneralSansMedium.tsx(4408,5): error TS2339: Property 'hkern' does not exist on type 'JSX.IntrinsicElements'.
src/icons/Fonts/general-sans/GeneralSansMedium.tsx(4409,5): error TS2339: Property 'hkern' does not exist on type 'JSX.IntrinsicElements'.
src/icons/Fonts/general-sans/GeneralSansMedium.tsx(4410,5): error TS2339: Property 'hkern' does not exist on type 'JSX.IntrinsicElements'.
src/icons/Fonts/general-sans/GeneralSansMedium.tsx(4411,5): error TS2339: Property 'hkern' does not exist on type 'JSX.IntrinsicElements'.
src/icons/Fonts/general-sans/GeneralSansMedium.tsx(4412,5): error TS2339: Property 'hkern' does not exist on type 'JSX.IntrinsicElements'.
src/icons/Fonts/general-sans/GeneralSansMedium.tsx(4413,5): error TS2339: Property 'hkern' does not exist on type 'JSX.IntrinsicElements'.
src/icons/Fonts/general-sans/GeneralSansMedium.tsx(4414,5): error TS2339: Property 'hkern' does not exist on type 'JSX.IntrinsicElements'.
src/icons/Fonts/general-sans/GeneralSansMedium.tsx(4415,5): error TS2339: Property 'hkern' does not exist on type 'JSX.IntrinsicElements'.
src/icons/Fonts/general-sans/GeneralSansMedium.tsx(4416,5): error TS2339: Property 'hkern' does not exist on type 'JSX.IntrinsicElements'.
src/icons/Fonts/general-sans/GeneralSansMedium.tsx(4417,5): error TS2339: Property 'hkern' does not exist on type 'JSX.IntrinsicElements'.
src/icons/Fonts/general-sans/GeneralSansMedium.tsx(4418,5): error TS2339: Property 'hkern' does not exist on type 'JSX.IntrinsicElements'.
src/icons/Fonts/general-sans/GeneralSansMedium.tsx(4419,5): error TS2339: Property 'hkern' does not exist on type 'JSX.IntrinsicElements'.
src/icons/Fonts/general-sans/GeneralSansMedium.tsx(4420,5): error TS2339: Property 'hkern' does not exist on type 'JSX.IntrinsicElements'.
src/icons/Fonts/general-sans/GeneralSansMedium.tsx(4421,5): error TS2339: Property 'hkern' does not exist on type 'JSX.IntrinsicElements'.
src/icons/Fonts/general-sans/GeneralSansMedium.tsx(4422,5): error TS2339: Property 'hkern' does not exist on type 'JSX.IntrinsicElements'.
src/icons/Fonts/general-sans/GeneralSansMedium.tsx(4423,5): error TS2339: Property 'hkern' does not exist on type 'JSX.IntrinsicElements'.
src/icons/Fonts/general-sans/GeneralSansMedium.tsx(4424,5): error TS2339: Property 'hkern' does not exist on type 'JSX.IntrinsicElements'.
src/icons/Fonts/general-sans/GeneralSansMedium.tsx(4425,5): error TS2339: Property 'hkern' does not exist on type 'JSX.IntrinsicElements'.
src/icons/Fonts/general-sans/GeneralSansMedium.tsx(4426,5): error TS2339: Property 'hkern' does not exist on type 'JSX.IntrinsicElements'.
src/icons/Fonts/general-sans/GeneralSansMedium.tsx(4427,5): error TS2339: Property 'hkern' does not exist on type 'JSX.IntrinsicElements'.
src/icons/Fonts/general-sans/GeneralSansMedium.tsx(4428,5): error TS2339: Property 'hkern' does not exist on type 'JSX.IntrinsicElements'.
src/icons/Fonts/general-sans/GeneralSansMedium.tsx(4429,5): error TS2339: Property 'hkern' does not exist on type 'JSX.IntrinsicElements'.
src/icons/Fonts/general-sans/GeneralSansMedium.tsx(4430,5): error TS2339: Property 'hkern' does not exist on type 'JSX.IntrinsicElements'.
src/icons/Fonts/general-sans/GeneralSansMedium.tsx(4431,5): error TS2339: Property 'hkern' does not exist on type 'JSX.IntrinsicElements'.
src/icons/Fonts/general-sans/GeneralSansMedium.tsx(4432,5): error TS2339: Property 'hkern' does not exist on type 'JSX.IntrinsicElements'.
src/icons/Fonts/general-sans/GeneralSansMedium.tsx(4433,5): error TS2339: Property 'hkern' does not exist on type 'JSX.IntrinsicElements'.
src/icons/Fonts/general-sans/GeneralSansMedium.tsx(4434,5): error TS2339: Property 'hkern' does not exist on type 'JSX.IntrinsicElements'.
src/icons/Fonts/general-sans/GeneralSansMedium.tsx(4435,5): error TS2339: Property 'hkern' does not exist on type 'JSX.IntrinsicElements'.
src/icons/Fonts/general-sans/GeneralSansMedium.tsx(4436,5): error TS2339: Property 'hkern' does not exist on type 'JSX.IntrinsicElements'.
src/icons/Fonts/general-sans/GeneralSansMedium.tsx(4437,5): error TS2339: Property 'hkern' does not exist on type 'JSX.IntrinsicElements'.
src/icons/Fonts/general-sans/GeneralSansMedium.tsx(4438,5): error TS2339: Property 'hkern' does not exist on type 'JSX.IntrinsicElements'.
src/icons/Fonts/general-sans/GeneralSansMedium.tsx(4439,5): error TS2339: Property 'hkern' does not exist on type 'JSX.IntrinsicElements'.
src/icons/Fonts/general-sans/GeneralSansMedium.tsx(4440,5): error TS2339: Property 'hkern' does not exist on type 'JSX.IntrinsicElements'.
src/icons/Fonts/general-sans/GeneralSansMedium.tsx(4441,5): error TS2339: Property 'hkern' does not exist on type 'JSX.IntrinsicElements'.
src/icons/Fonts/general-sans/GeneralSansMedium.tsx(4442,5): error TS2339: Property 'hkern' does not exist on type 'JSX.IntrinsicElements'.
src/icons/Fonts/general-sans/GeneralSansMedium.tsx(4443,5): error TS2339: Property 'hkern' does not exist on type 'JSX.IntrinsicElements'.
src/icons/Fonts/general-sans/GeneralSansMedium.tsx(4444,5): error TS2339: Property 'hkern' does not exist on type 'JSX.IntrinsicElements'.
src/icons/Fonts/general-sans/GeneralSansMedium.tsx(4445,5): error TS2339: Property 'hkern' does not exist on type 'JSX.IntrinsicElements'.
src/icons/Fonts/general-sans/GeneralSansMedium.tsx(4446,5): error TS2339: Property 'hkern' does not exist on type 'JSX.IntrinsicElements'.
src/icons/Fonts/general-sans/GeneralSansMedium.tsx(4447,5): error TS2339: Property 'hkern' does not exist on type 'JSX.IntrinsicElements'.
src/icons/Fonts/general-sans/GeneralSansMedium.tsx(4448,5): error TS2339: Property 'hkern' does not exist on type 'JSX.IntrinsicElements'.
src/icons/Fonts/general-sans/GeneralSansMedium.tsx(4449,5): error TS2339: Property 'hkern' does not exist on type 'JSX.IntrinsicElements'.
src/icons/Fonts/general-sans/GeneralSansMedium.tsx(4450,5): error TS2339: Property 'hkern' does not exist on type 'JSX.IntrinsicElements'.
src/icons/Fonts/general-sans/GeneralSansMedium.tsx(4451,5): error TS2339: Property 'hkern' does not exist on type 'JSX.IntrinsicElements'.
src/icons/Fonts/general-sans/GeneralSansMedium.tsx(4452,5): error TS2339: Property 'hkern' does not exist on type 'JSX.IntrinsicElements'.
src/icons/Fonts/general-sans/GeneralSansMedium.tsx(4453,5): error TS2339: Property 'hkern' does not exist on type 'JSX.IntrinsicElements'.
src/icons/Fonts/general-sans/GeneralSansMedium.tsx(4454,5): error TS2339: Property 'hkern' does not exist on type 'JSX.IntrinsicElements'.
src/icons/Fonts/general-sans/GeneralSansMedium.tsx(4455,5): error TS2339: Property 'hkern' does not exist on type 'JSX.IntrinsicElements'.
src/icons/Fonts/general-sans/GeneralSansMedium.tsx(4456,5): error TS2339: Property 'hkern' does not exist on type 'JSX.IntrinsicElements'.
src/icons/Fonts/general-sans/GeneralSansMedium.tsx(4457,5): error TS2339: Property 'hkern' does not exist on type 'JSX.IntrinsicElements'.
src/icons/Fonts/general-sans/GeneralSansMedium.tsx(4458,5): error TS2339: Property 'hkern' does not exist on type 'JSX.IntrinsicElements'.
src/icons/Fonts/general-sans/GeneralSansMedium.tsx(4459,5): error TS2339: Property 'hkern' does not exist on type 'JSX.IntrinsicElements'.
src/icons/Fonts/general-sans/GeneralSansMedium.tsx(4460,5): error TS2339: Property 'hkern' does not exist on type 'JSX.IntrinsicElements'.
src/icons/Fonts/general-sans/GeneralSansMedium.tsx(4461,5): error TS2339: Property 'hkern' does not exist on type 'JSX.IntrinsicElements'.
src/icons/Fonts/general-sans/GeneralSansMedium.tsx(4462,5): error TS2339: Property 'hkern' does not exist on type 'JSX.IntrinsicElements'.
src/icons/Fonts/general-sans/GeneralSansMedium.tsx(4463,5): error TS2339: Property 'hkern' does not exist on type 'JSX.IntrinsicElements'.
src/icons/Fonts/general-sans/GeneralSansMedium.tsx(4464,5): error TS2339: Property 'hkern' does not exist on type 'JSX.IntrinsicElements'.
src/icons/Fonts/general-sans/GeneralSansMedium.tsx(4465,5): error TS2339: Property 'hkern' does not exist on type 'JSX.IntrinsicElements'.
src/icons/Fonts/general-sans/GeneralSansMedium.tsx(4466,5): error TS2339: Property 'hkern' does not exist on type 'JSX.IntrinsicElements'.
src/icons/Fonts/general-sans/GeneralSansMedium.tsx(4467,5): error TS2339: Property 'hkern' does not exist on type 'JSX.IntrinsicElements'.
src/icons/Fonts/general-sans/GeneralSansMedium.tsx(4468,5): error TS2339: Property 'hkern' does not exist on type 'JSX.IntrinsicElements'.
src/icons/Fonts/general-sans/GeneralSansMedium.tsx(4469,5): error TS2339: Property 'hkern' does not exist on type 'JSX.IntrinsicElements'.
src/icons/Fonts/general-sans/GeneralSansMedium.tsx(4470,5): error TS2339: Property 'hkern' does not exist on type 'JSX.IntrinsicElements'.
src/icons/Fonts/general-sans/GeneralSansMedium.tsx(4471,5): error TS2339: Property 'hkern' does not exist on type 'JSX.IntrinsicElements'.
src/icons/Fonts/general-sans/GeneralSansMedium.tsx(4472,5): error TS2339: Property 'hkern' does not exist on type 'JSX.IntrinsicElements'.
src/icons/Fonts/general-sans/GeneralSansMedium.tsx(4473,5): error TS2339: Property 'hkern' does not exist on type 'JSX.IntrinsicElements'.
src/icons/Fonts/general-sans/GeneralSansMedium.tsx(4474,5): error TS2339: Property 'hkern' does not exist on type 'JSX.IntrinsicElements'.
src/icons/Fonts/general-sans/GeneralSansMedium.tsx(4475,5): error TS2339: Property 'hkern' does not exist on type 'JSX.IntrinsicElements'.
src/icons/Fonts/general-sans/GeneralSansMedium.tsx(4476,5): error TS2339: Property 'hkern' does not exist on type 'JSX.IntrinsicElements'.
src/icons/Fonts/general-sans/GeneralSansMedium.tsx(4477,5): error TS2339: Property 'hkern' does not exist on type 'JSX.IntrinsicElements'.
src/icons/Fonts/general-sans/GeneralSansMedium.tsx(4478,5): error TS2339: Property 'hkern' does not exist on type 'JSX.IntrinsicElements'.
src/icons/Fonts/general-sans/GeneralSansMedium.tsx(4479,5): error TS2339: Property 'hkern' does not exist on type 'JSX.IntrinsicElements'.
src/icons/Fonts/general-sans/GeneralSansMedium.tsx(4480,5): error TS2339: Property 'hkern' does not exist on type 'JSX.IntrinsicElements'.
src/icons/Fonts/general-sans/GeneralSansMedium.tsx(4481,5): error TS2339: Property 'hkern' does not exist on type 'JSX.IntrinsicElements'.
src/icons/Fonts/general-sans/GeneralSansMedium.tsx(4482,5): error TS2339: Property 'hkern' does not exist on type 'JSX.IntrinsicElements'.
src/icons/Fonts/general-sans/GeneralSansMedium.tsx(4483,5): error TS2339: Property 'hkern' does not exist on type 'JSX.IntrinsicElements'.
src/icons/Fonts/general-sans/GeneralSansMedium.tsx(4484,5): error TS2339: Property 'hkern' does not exist on type 'JSX.IntrinsicElements'.
src/icons/Fonts/general-sans/GeneralSansMedium.tsx(4485,5): error TS2339: Property 'hkern' does not exist on type 'JSX.IntrinsicElements'.
src/icons/Fonts/general-sans/GeneralSansMedium.tsx(4486,5): error TS2339: Property 'hkern' does not exist on type 'JSX.IntrinsicElements'.
src/icons/Fonts/general-sans/GeneralSansMedium.tsx(4487,5): error TS2339: Property 'hkern' does not exist on type 'JSX.IntrinsicElements'.
src/icons/Fonts/general-sans/GeneralSansMedium.tsx(4488,5): error TS2339: Property 'hkern' does not exist on type 'JSX.IntrinsicElements'.
src/icons/Fonts/general-sans/GeneralSansMedium.tsx(4489,5): error TS2339: Property 'hkern' does not exist on type 'JSX.IntrinsicElements'.
src/icons/Fonts/general-sans/GeneralSansMedium.tsx(4490,5): error TS2339: Property 'hkern' does not exist on type 'JSX.IntrinsicElements'.
src/icons/Fonts/general-sans/GeneralSansMedium.tsx(4491,5): error TS2339: Property 'hkern' does not exist on type 'JSX.IntrinsicElements'.
src/icons/Fonts/general-sans/GeneralSansMedium.tsx(4492,5): error TS2339: Property 'hkern' does not exist on type 'JSX.IntrinsicElements'.
src/icons/Fonts/general-sans/GeneralSansMedium.tsx(4493,5): error TS2339: Property 'hkern' does not exist on type 'JSX.IntrinsicElements'.
src/icons/Fonts/general-sans/GeneralSansMedium.tsx(4494,5): error TS2339: Property 'hkern' does not exist on type 'JSX.IntrinsicElements'.
src/icons/Fonts/general-sans/GeneralSansMedium.tsx(4495,5): error TS2339: Property 'hkern' does not exist on type 'JSX.IntrinsicElements'.
src/icons/Fonts/general-sans/GeneralSansMedium.tsx(4496,5): error TS2339: Property 'hkern' does not exist on type 'JSX.IntrinsicElements'.
src/icons/Fonts/general-sans/GeneralSansMedium.tsx(4497,5): error TS2339: Property 'hkern' does not exist on type 'JSX.IntrinsicElements'.
src/icons/Fonts/general-sans/GeneralSansMedium.tsx(4498,5): error TS2339: Property 'hkern' does not exist on type 'JSX.IntrinsicElements'.
src/icons/Fonts/general-sans/GeneralSansMedium.tsx(4499,5): error TS2339: Property 'hkern' does not exist on type 'JSX.IntrinsicElements'.
src/icons/Fonts/general-sans/GeneralSansMedium.tsx(4500,5): error TS2339: Property 'hkern' does not exist on type 'JSX.IntrinsicElements'.
src/icons/Fonts/general-sans/GeneralSansMedium.tsx(4501,5): error TS2339: Property 'hkern' does not exist on type 'JSX.IntrinsicElements'.
src/icons/Fonts/general-sans/GeneralSansMedium.tsx(4502,5): error TS2339: Property 'hkern' does not exist on type 'JSX.IntrinsicElements'.
src/icons/Fonts/general-sans/GeneralSansMedium.tsx(4503,5): error TS2339: Property 'hkern' does not exist on type 'JSX.IntrinsicElements'.
src/icons/Fonts/general-sans/GeneralSansMedium.tsx(4504,5): error TS2339: Property 'hkern' does not exist on type 'JSX.IntrinsicElements'.
src/icons/Fonts/general-sans/GeneralSansMedium.tsx(4505,5): error TS2339: Property 'hkern' does not exist on type 'JSX.IntrinsicElements'.
src/icons/Fonts/general-sans/GeneralSansMedium.tsx(4506,5): error TS2339: Property 'hkern' does not exist on type 'JSX.IntrinsicElements'.
src/icons/Fonts/general-sans/GeneralSansMedium.tsx(4507,5): error TS2339: Property 'hkern' does not exist on type 'JSX.IntrinsicElements'.
src/icons/Fonts/general-sans/GeneralSansMedium.tsx(4508,5): error TS2339: Property 'hkern' does not exist on type 'JSX.IntrinsicElements'.
src/icons/Fonts/general-sans/GeneralSansMedium.tsx(4509,5): error TS2339: Property 'hkern' does not exist on type 'JSX.IntrinsicElements'.
src/icons/Fonts/general-sans/GeneralSansMedium.tsx(4510,5): error TS2339: Property 'hkern' does not exist on type 'JSX.IntrinsicElements'.
src/icons/Fonts/general-sans/GeneralSansMedium.tsx(4511,5): error TS2339: Property 'hkern' does not exist on type 'JSX.IntrinsicElements'.
src/icons/Fonts/general-sans/GeneralSansMedium.tsx(4512,5): error TS2339: Property 'hkern' does not exist on type 'JSX.IntrinsicElements'.
src/icons/Fonts/general-sans/GeneralSansMedium.tsx(4513,5): error TS2339: Property 'hkern' does not exist on type 'JSX.IntrinsicElements'.
src/icons/Fonts/general-sans/GeneralSansMedium.tsx(4514,5): error TS2339: Property 'hkern' does not exist on type 'JSX.IntrinsicElements'.
src/icons/Fonts/general-sans/GeneralSansMedium.tsx(4515,5): error TS2339: Property 'hkern' does not exist on type 'JSX.IntrinsicElements'.
src/icons/Fonts/general-sans/GeneralSansMedium.tsx(4516,5): error TS2339: Property 'hkern' does not exist on type 'JSX.IntrinsicElements'.
src/icons/Fonts/general-sans/GeneralSansMedium.tsx(4517,5): error TS2339: Property 'hkern' does not exist on type 'JSX.IntrinsicElements'.
src/icons/Fonts/general-sans/GeneralSansMedium.tsx(4518,5): error TS2339: Property 'hkern' does not exist on type 'JSX.IntrinsicElements'.
src/icons/Fonts/general-sans/GeneralSansMedium.tsx(4519,5): error TS2339: Property 'hkern' does not exist on type 'JSX.IntrinsicElements'.
src/icons/Fonts/general-sans/GeneralSansMedium.tsx(4520,5): error TS2339: Property 'hkern' does not exist on type 'JSX.IntrinsicElements'.
src/icons/Fonts/general-sans/GeneralSansMedium.tsx(4521,5): error TS2339: Property 'hkern' does not exist on type 'JSX.IntrinsicElements'.
src/icons/Fonts/general-sans/GeneralSansMedium.tsx(4522,5): error TS2339: Property 'hkern' does not exist on type 'JSX.IntrinsicElements'.
src/icons/Fonts/general-sans/GeneralSansMedium.tsx(4523,5): error TS2339: Property 'hkern' does not exist on type 'JSX.IntrinsicElements'.
src/icons/Fonts/general-sans/GeneralSansMedium.tsx(4524,5): error TS2339: Property 'hkern' does not exist on type 'JSX.IntrinsicElements'.
src/icons/Fonts/general-sans/GeneralSansMedium.tsx(4525,5): error TS2339: Property 'hkern' does not exist on type 'JSX.IntrinsicElements'.
src/icons/Fonts/general-sans/GeneralSansMedium.tsx(4526,5): error TS2339: Property 'hkern' does not exist on type 'JSX.IntrinsicElements'.
src/icons/Fonts/general-sans/GeneralSansMedium.tsx(4527,5): error TS2339: Property 'hkern' does not exist on type 'JSX.IntrinsicElements'.
src/icons/Fonts/general-sans/GeneralSansMedium.tsx(4528,5): error TS2339: Property 'hkern' does not exist on type 'JSX.IntrinsicElements'.
src/icons/Fonts/general-sans/GeneralSansMedium.tsx(4529,5): error TS2339: Property 'hkern' does not exist on type 'JSX.IntrinsicElements'.
src/icons/Fonts/general-sans/GeneralSansMedium.tsx(4530,5): error TS2339: Property 'hkern' does not exist on type 'JSX.IntrinsicElements'.
src/icons/Fonts/general-sans/GeneralSansMedium.tsx(4531,5): error TS2339: Property 'hkern' does not exist on type 'JSX.IntrinsicElements'.
src/icons/Fonts/general-sans/GeneralSansMedium.tsx(4532,5): error TS2339: Property 'hkern' does not exist on type 'JSX.IntrinsicElements'.
src/icons/Fonts/general-sans/GeneralSansMedium.tsx(4533,5): error TS2339: Property 'hkern' does not exist on type 'JSX.IntrinsicElements'.
src/icons/Fonts/general-sans/GeneralSansMedium.tsx(4534,5): error TS2339: Property 'hkern' does not exist on type 'JSX.IntrinsicElements'.
src/icons/Fonts/general-sans/GeneralSansMedium.tsx(4535,5): error TS2339: Property 'hkern' does not exist on type 'JSX.IntrinsicElements'.
src/icons/Fonts/general-sans/GeneralSansMedium.tsx(4536,5): error TS2339: Property 'hkern' does not exist on type 'JSX.IntrinsicElements'.
src/icons/Fonts/general-sans/GeneralSansMedium.tsx(4537,5): error TS2339: Property 'hkern' does not exist on type 'JSX.IntrinsicElements'.
src/icons/Fonts/general-sans/GeneralSansMedium.tsx(4538,5): error TS2339: Property 'hkern' does not exist on type 'JSX.IntrinsicElements'.
src/icons/Fonts/general-sans/GeneralSansMedium.tsx(4539,5): error TS2339: Property 'hkern' does not exist on type 'JSX.IntrinsicElements'.
src/icons/Fonts/general-sans/GeneralSansMedium.tsx(4540,5): error TS2339: Property 'hkern' does not exist on type 'JSX.IntrinsicElements'.
src/icons/Fonts/general-sans/GeneralSansMedium.tsx(4541,5): error TS2339: Property 'hkern' does not exist on type 'JSX.IntrinsicElements'.
src/icons/Fonts/general-sans/GeneralSansMedium.tsx(4542,5): error TS2339: Property 'hkern' does not exist on type 'JSX.IntrinsicElements'.
src/icons/Fonts/general-sans/GeneralSansMedium.tsx(4543,5): error TS2339: Property 'hkern' does not exist on type 'JSX.IntrinsicElements'.
src/icons/Fonts/general-sans/GeneralSansMedium.tsx(4544,5): error TS2339: Property 'hkern' does not exist on type 'JSX.IntrinsicElements'.
src/icons/Fonts/general-sans/GeneralSansMedium.tsx(4545,5): error TS2339: Property 'hkern' does not exist on type 'JSX.IntrinsicElements'.
src/icons/Fonts/general-sans/GeneralSansMedium.tsx(4546,5): error TS2339: Property 'hkern' does not exist on type 'JSX.IntrinsicElements'.
src/icons/Fonts/general-sans/GeneralSansMedium.tsx(4547,5): error TS2339: Property 'hkern' does not exist on type 'JSX.IntrinsicElements'.
src/icons/Fonts/general-sans/GeneralSansMedium.tsx(4548,5): error TS2339: Property 'hkern' does not exist on type 'JSX.IntrinsicElements'.
src/icons/Fonts/general-sans/GeneralSansMedium.tsx(4549,5): error TS2339: Property 'hkern' does not exist on type 'JSX.IntrinsicElements'.
src/icons/Fonts/general-sans/GeneralSansMedium.tsx(4550,5): error TS2339: Property 'hkern' does not exist on type 'JSX.IntrinsicElements'.
src/icons/Fonts/general-sans/GeneralSansMedium.tsx(4551,5): error TS2339: Property 'hkern' does not exist on type 'JSX.IntrinsicElements'.
src/icons/Fonts/general-sans/GeneralSansMedium.tsx(4552,5): error TS2339: Property 'hkern' does not exist on type 'JSX.IntrinsicElements'.
src/icons/Fonts/general-sans/GeneralSansMedium.tsx(4553,5): error TS2339: Property 'hkern' does not exist on type 'JSX.IntrinsicElements'.
src/icons/Fonts/general-sans/GeneralSansMedium.tsx(4554,5): error TS2339: Property 'hkern' does not exist on type 'JSX.IntrinsicElements'.
src/icons/Fonts/general-sans/GeneralSansMedium.tsx(4555,5): error TS2339: Property 'hkern' does not exist on type 'JSX.IntrinsicElements'.
src/icons/Fonts/general-sans/GeneralSansMedium.tsx(4556,5): error TS2339: Property 'hkern' does not exist on type 'JSX.IntrinsicElements'.
src/icons/Fonts/general-sans/GeneralSansMedium.tsx(4557,5): error TS2339: Property 'hkern' does not exist on type 'JSX.IntrinsicElements'.
src/icons/Fonts/general-sans/GeneralSansMedium.tsx(4558,5): error TS2339: Property 'hkern' does not exist on type 'JSX.IntrinsicElements'.
src/icons/Fonts/general-sans/GeneralSansMedium.tsx(4559,5): error TS2339: Property 'hkern' does not exist on type 'JSX.IntrinsicElements'.
src/icons/Fonts/general-sans/GeneralSansMedium.tsx(4560,5): error TS2339: Property 'hkern' does not exist on type 'JSX.IntrinsicElements'.
src/icons/Fonts/general-sans/GeneralSansMedium.tsx(4561,5): error TS2339: Property 'hkern' does not exist on type 'JSX.IntrinsicElements'.
src/icons/Fonts/general-sans/GeneralSansMedium.tsx(4562,5): error TS2339: Property 'hkern' does not exist on type 'JSX.IntrinsicElements'.
src/icons/Fonts/general-sans/GeneralSansMedium.tsx(4563,5): error TS2339: Property 'hkern' does not exist on type 'JSX.IntrinsicElements'.
src/icons/Fonts/general-sans/GeneralSansMedium.tsx(4564,5): error TS2339: Property 'hkern' does not exist on type 'JSX.IntrinsicElements'.
src/icons/Fonts/general-sans/GeneralSansMedium.tsx(4565,5): error TS2339: Property 'hkern' does not exist on type 'JSX.IntrinsicElements'.
src/icons/Fonts/general-sans/GeneralSansMedium.tsx(4566,5): error TS2339: Property 'hkern' does not exist on type 'JSX.IntrinsicElements'.
src/icons/Fonts/general-sans/GeneralSansMedium.tsx(4567,5): error TS2339: Property 'hkern' does not exist on type 'JSX.IntrinsicElements'.
src/icons/Fonts/general-sans/GeneralSansMedium.tsx(4568,5): error TS2339: Property 'hkern' does not exist on type 'JSX.IntrinsicElements'.
src/icons/Fonts/general-sans/GeneralSansMedium.tsx(4569,5): error TS2339: Property 'hkern' does not exist on type 'JSX.IntrinsicElements'.
src/icons/Fonts/general-sans/GeneralSansMedium.tsx(4570,5): error TS2339: Property 'hkern' does not exist on type 'JSX.IntrinsicElements'.
src/icons/Fonts/general-sans/GeneralSansMedium.tsx(4571,5): error TS2339: Property 'hkern' does not exist on type 'JSX.IntrinsicElements'.
src/icons/Fonts/general-sans/GeneralSansMedium.tsx(4572,5): error TS2339: Property 'hkern' does not exist on type 'JSX.IntrinsicElements'.
src/icons/Fonts/general-sans/GeneralSansMedium.tsx(4573,5): error TS2339: Property 'hkern' does not exist on type 'JSX.IntrinsicElements'.
src/icons/Fonts/general-sans/GeneralSansMedium.tsx(4574,5): error TS2339: Property 'hkern' does not exist on type 'JSX.IntrinsicElements'.
src/icons/Fonts/general-sans/GeneralSansMedium.tsx(4575,5): error TS2339: Property 'hkern' does not exist on type 'JSX.IntrinsicElements'.
src/icons/Fonts/general-sans/GeneralSansMedium.tsx(4576,5): error TS2339: Property 'hkern' does not exist on type 'JSX.IntrinsicElements'.
src/icons/Fonts/general-sans/GeneralSansMedium.tsx(4577,5): error TS2339: Property 'hkern' does not exist on type 'JSX.IntrinsicElements'.
src/icons/Fonts/general-sans/GeneralSansMedium.tsx(4578,5): error TS2339: Property 'hkern' does not exist on type 'JSX.IntrinsicElements'.
src/icons/Fonts/general-sans/GeneralSansMedium.tsx(4579,5): error TS2339: Property 'hkern' does not exist on type 'JSX.IntrinsicElements'.
src/icons/Fonts/general-sans/GeneralSansMedium.tsx(4580,5): error TS2339: Property 'hkern' does not exist on type 'JSX.IntrinsicElements'.
src/icons/Fonts/general-sans/GeneralSansMedium.tsx(4581,5): error TS2339: Property 'hkern' does not exist on type 'JSX.IntrinsicElements'.
src/icons/Fonts/general-sans/GeneralSansMedium.tsx(4582,5): error TS2339: Property 'hkern' does not exist on type 'JSX.IntrinsicElements'.
src/icons/Fonts/general-sans/GeneralSansMedium.tsx(4583,5): error TS2339: Property 'hkern' does not exist on type 'JSX.IntrinsicElements'.
src/icons/Fonts/general-sans/GeneralSansMedium.tsx(4584,5): error TS2339: Property 'hkern' does not exist on type 'JSX.IntrinsicElements'.
src/icons/Fonts/general-sans/GeneralSansMedium.tsx(4585,5): error TS2339: Property 'hkern' does not exist on type 'JSX.IntrinsicElements'.
src/icons/Fonts/general-sans/GeneralSansMedium.tsx(4586,5): error TS2339: Property 'hkern' does not exist on type 'JSX.IntrinsicElements'.
src/icons/Fonts/general-sans/GeneralSansMedium.tsx(4587,5): error TS2339: Property 'hkern' does not exist on type 'JSX.IntrinsicElements'.
src/icons/Fonts/general-sans/GeneralSansMedium.tsx(4588,5): error TS2339: Property 'hkern' does not exist on type 'JSX.IntrinsicElements'.
src/icons/Fonts/general-sans/GeneralSansMedium.tsx(4589,5): error TS2339: Property 'hkern' does not exist on type 'JSX.IntrinsicElements'.
src/icons/Fonts/general-sans/GeneralSansMedium.tsx(4590,5): error TS2339: Property 'hkern' does not exist on type 'JSX.IntrinsicElements'.
src/icons/Fonts/general-sans/GeneralSansMedium.tsx(4591,5): error TS2339: Property 'hkern' does not exist on type 'JSX.IntrinsicElements'.
src/icons/Fonts/general-sans/GeneralSansMedium.tsx(4592,5): error TS2339: Property 'hkern' does not exist on type 'JSX.IntrinsicElements'.
src/icons/Fonts/general-sans/GeneralSansMedium.tsx(4593,5): error TS2339: Property 'hkern' does not exist on type 'JSX.IntrinsicElements'.
src/icons/Fonts/general-sans/GeneralSansMedium.tsx(4594,5): error TS2339: Property 'hkern' does not exist on type 'JSX.IntrinsicElements'.
src/icons/Fonts/general-sans/GeneralSansMedium.tsx(4595,5): error TS2339: Property 'hkern' does not exist on type 'JSX.IntrinsicElements'.
src/icons/Fonts/general-sans/GeneralSansMedium.tsx(4596,5): error TS2339: Property 'hkern' does not exist on type 'JSX.IntrinsicElements'.
src/icons/Fonts/general-sans/GeneralSansMedium.tsx(4597,5): error TS2339: Property 'hkern' does not exist on type 'JSX.IntrinsicElements'.
src/icons/Fonts/general-sans/GeneralSansMedium.tsx(4598,5): error TS2339: Property 'hkern' does not exist on type 'JSX.IntrinsicElements'.
src/icons/Fonts/general-sans/GeneralSansMedium.tsx(4599,5): error TS2339: Property 'hkern' does not exist on type 'JSX.IntrinsicElements'.
src/icons/Fonts/general-sans/GeneralSansMedium.tsx(4600,5): error TS2339: Property 'hkern' does not exist on type 'JSX.IntrinsicElements'.
src/icons/Fonts/general-sans/GeneralSansMedium.tsx(4601,5): error TS2339: Property 'hkern' does not exist on type 'JSX.IntrinsicElements'.
src/icons/Fonts/general-sans/GeneralSansMedium.tsx(4602,5): error TS2339: Property 'hkern' does not exist on type 'JSX.IntrinsicElements'.
src/icons/Fonts/general-sans/GeneralSansMedium.tsx(4603,5): error TS2339: Property 'hkern' does not exist on type 'JSX.IntrinsicElements'.
src/icons/Fonts/general-sans/GeneralSansMedium.tsx(4604,5): error TS2339: Property 'hkern' does not exist on type 'JSX.IntrinsicElements'.
src/icons/Fonts/general-sans/GeneralSansMedium.tsx(4605,5): error TS2339: Property 'hkern' does not exist on type 'JSX.IntrinsicElements'.
src/icons/Fonts/general-sans/GeneralSansMedium.tsx(4606,5): error TS2339: Property 'hkern' does not exist on type 'JSX.IntrinsicElements'.
src/icons/Fonts/general-sans/GeneralSansMedium.tsx(4607,5): error TS2339: Property 'hkern' does not exist on type 'JSX.IntrinsicElements'.
src/icons/Fonts/general-sans/GeneralSansMedium.tsx(4608,5): error TS2339: Property 'hkern' does not exist on type 'JSX.IntrinsicElements'.
src/icons/Fonts/general-sans/GeneralSansMedium.tsx(4609,5): error TS2339: Property 'hkern' does not exist on type 'JSX.IntrinsicElements'.
src/icons/Fonts/general-sans/GeneralSansMedium.tsx(4610,5): error TS2339: Property 'hkern' does not exist on type 'JSX.IntrinsicElements'.
src/icons/Fonts/general-sans/GeneralSansMedium.tsx(4611,5): error TS2339: Property 'hkern' does not exist on type 'JSX.IntrinsicElements'.
src/icons/Fonts/general-sans/GeneralSansMedium.tsx(4612,5): error TS2339: Property 'hkern' does not exist on type 'JSX.IntrinsicElements'.
src/icons/Fonts/general-sans/GeneralSansMedium.tsx(4613,5): error TS2339: Property 'hkern' does not exist on type 'JSX.IntrinsicElements'.
src/icons/Fonts/general-sans/GeneralSansMedium.tsx(4614,5): error TS2339: Property 'hkern' does not exist on type 'JSX.IntrinsicElements'.
src/icons/Fonts/general-sans/GeneralSansMedium.tsx(4615,5): error TS2339: Property 'hkern' does not exist on type 'JSX.IntrinsicElements'.
src/icons/Fonts/general-sans/GeneralSansMedium.tsx(4616,5): error TS2339: Property 'hkern' does not exist on type 'JSX.IntrinsicElements'.
src/icons/Fonts/general-sans/GeneralSansMedium.tsx(4617,5): error TS2339: Property 'hkern' does not exist on type 'JSX.IntrinsicElements'.
src/icons/Fonts/general-sans/GeneralSansMedium.tsx(4618,5): error TS2339: Property 'hkern' does not exist on type 'JSX.IntrinsicElements'.
src/icons/Fonts/general-sans/GeneralSansMedium.tsx(4619,5): error TS2339: Property 'hkern' does not exist on type 'JSX.IntrinsicElements'.
src/icons/Fonts/general-sans/GeneralSansMedium.tsx(4620,5): error TS2339: Property 'hkern' does not exist on type 'JSX.IntrinsicElements'.
src/icons/Fonts/general-sans/GeneralSansMedium.tsx(4621,5): error TS2339: Property 'hkern' does not exist on type 'JSX.IntrinsicElements'.
src/icons/Fonts/general-sans/GeneralSansMedium.tsx(4622,5): error TS2339: Property 'hkern' does not exist on type 'JSX.IntrinsicElements'.
src/icons/Fonts/general-sans/GeneralSansMedium.tsx(4623,5): error TS2339: Property 'hkern' does not exist on type 'JSX.IntrinsicElements'.
src/icons/Fonts/general-sans/GeneralSansMedium.tsx(4624,5): error TS2339: Property 'hkern' does not exist on type 'JSX.IntrinsicElements'.
src/icons/Fonts/general-sans/GeneralSansMedium.tsx(4625,5): error TS2339: Property 'hkern' does not exist on type 'JSX.IntrinsicElements'.
src/icons/Fonts/general-sans/GeneralSansMedium.tsx(4626,5): error TS2339: Property 'hkern' does not exist on type 'JSX.IntrinsicElements'.
src/icons/Fonts/general-sans/GeneralSansMedium.tsx(4627,5): error TS2339: Property 'hkern' does not exist on type 'JSX.IntrinsicElements'.
src/icons/Fonts/general-sans/GeneralSansMedium.tsx(4628,5): error TS2339: Property 'hkern' does not exist on type 'JSX.IntrinsicElements'.
src/icons/Fonts/general-sans/GeneralSansMedium.tsx(4629,5): error TS2339: Property 'hkern' does not exist on type 'JSX.IntrinsicElements'.
src/icons/Fonts/general-sans/GeneralSansMedium.tsx(4630,5): error TS2339: Property 'hkern' does not exist on type 'JSX.IntrinsicElements'.
src/icons/Fonts/general-sans/GeneralSansMedium.tsx(4631,5): error TS2339: Property 'hkern' does not exist on type 'JSX.IntrinsicElements'.
src/icons/Fonts/general-sans/GeneralSansMedium.tsx(4632,5): error TS2339: Property 'hkern' does not exist on type 'JSX.IntrinsicElements'.
src/icons/Fonts/general-sans/GeneralSansMedium.tsx(4633,5): error TS2339: Property 'hkern' does not exist on type 'JSX.IntrinsicElements'.
src/icons/Fonts/general-sans/GeneralSansMedium.tsx(4634,5): error TS2339: Property 'hkern' does not exist on type 'JSX.IntrinsicElements'.
src/icons/Fonts/general-sans/GeneralSansMedium.tsx(4635,5): error TS2339: Property 'hkern' does not exist on type 'JSX.IntrinsicElements'.
src/icons/Fonts/general-sans/GeneralSansMedium.tsx(4636,5): error TS2339: Property 'hkern' does not exist on type 'JSX.IntrinsicElements'.
src/icons/Fonts/general-sans/GeneralSansMedium.tsx(4637,5): error TS2339: Property 'hkern' does not exist on type 'JSX.IntrinsicElements'.
src/icons/Fonts/general-sans/GeneralSansMedium.tsx(4638,5): error TS2339: Property 'hkern' does not exist on type 'JSX.IntrinsicElements'.
src/icons/Fonts/general-sans/GeneralSansMedium.tsx(4639,5): error TS2339: Property 'hkern' does not exist on type 'JSX.IntrinsicElements'.
src/icons/Fonts/general-sans/GeneralSansMedium.tsx(4640,5): error TS2339: Property 'hkern' does not exist on type 'JSX.IntrinsicElements'.
src/icons/Fonts/general-sans/GeneralSansMedium.tsx(4641,5): error TS2339: Property 'hkern' does not exist on type 'JSX.IntrinsicElements'.
src/icons/Fonts/general-sans/GeneralSansMedium.tsx(4642,5): error TS2339: Property 'hkern' does not exist on type 'JSX.IntrinsicElements'.
src/icons/Fonts/general-sans/GeneralSansMedium.tsx(4643,5): error TS2339: Property 'hkern' does not exist on type 'JSX.IntrinsicElements'.
src/icons/Fonts/general-sans/GeneralSansMedium.tsx(4644,5): error TS2339: Property 'hkern' does not exist on type 'JSX.IntrinsicElements'.
src/icons/Fonts/general-sans/GeneralSansMedium.tsx(4645,5): error TS2339: Property 'hkern' does not exist on type 'JSX.IntrinsicElements'.
src/icons/Fonts/general-sans/GeneralSansMedium.tsx(4646,5): error TS2339: Property 'hkern' does not exist on type 'JSX.IntrinsicElements'.
src/icons/Fonts/general-sans/GeneralSansMedium.tsx(4647,5): error TS2339: Property 'hkern' does not exist on type 'JSX.IntrinsicElements'.
src/icons/Fonts/general-sans/GeneralSansMedium.tsx(4648,5): error TS2339: Property 'hkern' does not exist on type 'JSX.IntrinsicElements'.
src/icons/Fonts/general-sans/GeneralSansMedium.tsx(4649,5): error TS2339: Property 'hkern' does not exist on type 'JSX.IntrinsicElements'.
src/icons/Fonts/general-sans/GeneralSansMedium.tsx(4650,5): error TS2339: Property 'hkern' does not exist on type 'JSX.IntrinsicElements'.
src/icons/Fonts/general-sans/GeneralSansMedium.tsx(4651,5): error TS2339: Property 'hkern' does not exist on type 'JSX.IntrinsicElements'.
src/icons/Fonts/general-sans/GeneralSansMedium.tsx(4652,5): error TS2339: Property 'hkern' does not exist on type 'JSX.IntrinsicElements'.
src/icons/Fonts/general-sans/GeneralSansMedium.tsx(4653,5): error TS2339: Property 'hkern' does not exist on type 'JSX.IntrinsicElements'.
src/icons/Fonts/general-sans/GeneralSansMedium.tsx(4654,5): error TS2339: Property 'hkern' does not exist on type 'JSX.IntrinsicElements'.
src/icons/Fonts/general-sans/GeneralSansMedium.tsx(4655,5): error TS2339: Property 'hkern' does not exist on type 'JSX.IntrinsicElements'.
src/icons/Fonts/general-sans/GeneralSansMedium.tsx(4656,5): error TS2339: Property 'hkern' does not exist on type 'JSX.IntrinsicElements'.
src/icons/Fonts/general-sans/GeneralSansMedium.tsx(4657,5): error TS2339: Property 'hkern' does not exist on type 'JSX.IntrinsicElements'.
src/icons/Fonts/general-sans/GeneralSansMedium.tsx(4658,5): error TS2339: Property 'hkern' does not exist on type 'JSX.IntrinsicElements'.
src/icons/Fonts/general-sans/GeneralSansMedium.tsx(4659,5): error TS2339: Property 'hkern' does not exist on type 'JSX.IntrinsicElements'.
src/icons/Fonts/general-sans/GeneralSansMedium.tsx(4660,5): error TS2339: Property 'hkern' does not exist on type 'JSX.IntrinsicElements'.
src/icons/Fonts/general-sans/GeneralSansMedium.tsx(4661,5): error TS2339: Property 'hkern' does not exist on type 'JSX.IntrinsicElements'.
src/icons/Fonts/general-sans/GeneralSansMedium.tsx(4662,5): error TS2339: Property 'hkern' does not exist on type 'JSX.IntrinsicElements'.
src/icons/Fonts/general-sans/GeneralSansMedium.tsx(4663,5): error TS2339: Property 'hkern' does not exist on type 'JSX.IntrinsicElements'.
src/icons/Fonts/general-sans/GeneralSansMedium.tsx(4664,5): error TS2339: Property 'hkern' does not exist on type 'JSX.IntrinsicElements'.
src/icons/Fonts/general-sans/GeneralSansMedium.tsx(4665,5): error TS2339: Property 'hkern' does not exist on type 'JSX.IntrinsicElements'.
src/icons/Fonts/general-sans/GeneralSansMedium.tsx(4666,5): error TS2339: Property 'hkern' does not exist on type 'JSX.IntrinsicElements'.
src/icons/Fonts/general-sans/GeneralSansMedium.tsx(4667,5): error TS2339: Property 'hkern' does not exist on type 'JSX.IntrinsicElements'.
src/icons/Fonts/general-sans/GeneralSansMedium.tsx(4668,5): error TS2339: Property 'hkern' does not exist on type 'JSX.IntrinsicElements'.
src/icons/Fonts/general-sans/GeneralSansMedium.tsx(4669,5): error TS2339: Property 'hkern' does not exist on type 'JSX.IntrinsicElements'.
src/icons/Fonts/general-sans/GeneralSansMedium.tsx(4670,5): error TS2339: Property 'hkern' does not exist on type 'JSX.IntrinsicElements'.
src/icons/Fonts/general-sans/GeneralSansMedium.tsx(4671,5): error TS2339: Property 'hkern' does not exist on type 'JSX.IntrinsicElements'.
src/icons/Fonts/general-sans/GeneralSansMedium.tsx(4672,5): error TS2339: Property 'hkern' does not exist on type 'JSX.IntrinsicElements'.
src/icons/Fonts/general-sans/GeneralSansMedium.tsx(4673,5): error TS2339: Property 'hkern' does not exist on type 'JSX.IntrinsicElements'.
src/icons/Fonts/general-sans/GeneralSansMedium.tsx(4674,5): error TS2339: Property 'hkern' does not exist on type 'JSX.IntrinsicElements'.
src/icons/Fonts/general-sans/GeneralSansMedium.tsx(4675,5): error TS2339: Property 'hkern' does not exist on type 'JSX.IntrinsicElements'.
src/icons/Fonts/general-sans/GeneralSansMedium.tsx(4676,5): error TS2339: Property 'hkern' does not exist on type 'JSX.IntrinsicElements'.
src/icons/Fonts/general-sans/GeneralSansMedium.tsx(4677,5): error TS2339: Property 'hkern' does not exist on type 'JSX.IntrinsicElements'.
src/icons/Fonts/general-sans/GeneralSansMedium.tsx(4678,5): error TS2339: Property 'hkern' does not exist on type 'JSX.IntrinsicElements'.
src/icons/Fonts/general-sans/GeneralSansMedium.tsx(4679,5): error TS2339: Property 'hkern' does not exist on type 'JSX.IntrinsicElements'.
src/icons/Fonts/general-sans/GeneralSansMedium.tsx(4680,5): error TS2339: Property 'hkern' does not exist on type 'JSX.IntrinsicElements'.
src/icons/Fonts/general-sans/GeneralSansMedium.tsx(4681,5): error TS2339: Property 'hkern' does not exist on type 'JSX.IntrinsicElements'.
src/icons/Fonts/general-sans/GeneralSansMedium.tsx(4682,5): error TS2339: Property 'hkern' does not exist on type 'JSX.IntrinsicElements'.
src/icons/Fonts/general-sans/GeneralSansMedium.tsx(4683,5): error TS2339: Property 'hkern' does not exist on type 'JSX.IntrinsicElements'.
src/icons/Fonts/general-sans/GeneralSansMedium.tsx(4684,5): error TS2339: Property 'hkern' does not exist on type 'JSX.IntrinsicElements'.
src/icons/Fonts/general-sans/GeneralSansMedium.tsx(4685,5): error TS2339: Property 'hkern' does not exist on type 'JSX.IntrinsicElements'.
src/icons/Fonts/general-sans/GeneralSansMedium.tsx(4686,5): error TS2339: Property 'hkern' does not exist on type 'JSX.IntrinsicElements'.
src/icons/Fonts/general-sans/GeneralSansMedium.tsx(4687,5): error TS2339: Property 'hkern' does not exist on type 'JSX.IntrinsicElements'.
src/icons/Fonts/general-sans/GeneralSansMedium.tsx(4688,5): error TS2339: Property 'hkern' does not exist on type 'JSX.IntrinsicElements'.
src/icons/Fonts/general-sans/GeneralSansMedium.tsx(4689,5): error TS2339: Property 'hkern' does not exist on type 'JSX.IntrinsicElements'.
src/icons/Fonts/general-sans/GeneralSansMedium.tsx(4690,5): error TS2339: Property 'hkern' does not exist on type 'JSX.IntrinsicElements'.
src/icons/Fonts/general-sans/GeneralSansMedium.tsx(4691,5): error TS2339: Property 'hkern' does not exist on type 'JSX.IntrinsicElements'.
src/icons/Fonts/general-sans/GeneralSansMedium.tsx(4692,5): error TS2339: Property 'hkern' does not exist on type 'JSX.IntrinsicElements'.
src/icons/Fonts/general-sans/GeneralSansMedium.tsx(4693,5): error TS2339: Property 'hkern' does not exist on type 'JSX.IntrinsicElements'.
src/icons/Fonts/general-sans/GeneralSansMedium.tsx(4694,5): error TS2339: Property 'hkern' does not exist on type 'JSX.IntrinsicElements'.
src/icons/Fonts/general-sans/GeneralSansMedium.tsx(4695,5): error TS2339: Property 'hkern' does not exist on type 'JSX.IntrinsicElements'.
src/icons/Fonts/general-sans/GeneralSansMedium.tsx(4696,5): error TS2339: Property 'hkern' does not exist on type 'JSX.IntrinsicElements'.
src/icons/Fonts/general-sans/GeneralSansMedium.tsx(4697,5): error TS2339: Property 'hkern' does not exist on type 'JSX.IntrinsicElements'.
src/icons/Fonts/general-sans/GeneralSansMedium.tsx(4698,5): error TS2339: Property 'hkern' does not exist on type 'JSX.IntrinsicElements'.
src/icons/Fonts/general-sans/GeneralSansMedium.tsx(4699,5): error TS2339: Property 'hkern' does not exist on type 'JSX.IntrinsicElements'.
src/icons/Fonts/general-sans/GeneralSansMedium.tsx(4700,5): error TS2339: Property 'hkern' does not exist on type 'JSX.IntrinsicElements'.
src/icons/Fonts/general-sans/GeneralSansMedium.tsx(4701,5): error TS2339: Property 'hkern' does not exist on type 'JSX.IntrinsicElements'.
src/icons/Fonts/general-sans/GeneralSansMedium.tsx(4702,5): error TS2339: Property 'hkern' does not exist on type 'JSX.IntrinsicElements'.
src/icons/Fonts/general-sans/GeneralSansMedium.tsx(4703,5): error TS2339: Property 'hkern' does not exist on type 'JSX.IntrinsicElements'.
src/icons/Fonts/general-sans/GeneralSansMedium.tsx(4704,5): error TS2339: Property 'hkern' does not exist on type 'JSX.IntrinsicElements'.
src/icons/Fonts/general-sans/GeneralSansMedium.tsx(4705,5): error TS2339: Property 'hkern' does not exist on type 'JSX.IntrinsicElements'.
src/icons/Fonts/general-sans/GeneralSansMedium.tsx(4706,5): error TS2339: Property 'hkern' does not exist on type 'JSX.IntrinsicElements'.
src/icons/Fonts/general-sans/GeneralSansMedium.tsx(4707,5): error TS2339: Property 'hkern' does not exist on type 'JSX.IntrinsicElements'.
src/icons/Fonts/general-sans/GeneralSansMedium.tsx(4708,5): error TS2339: Property 'hkern' does not exist on type 'JSX.IntrinsicElements'.
src/icons/Fonts/general-sans/GeneralSansMedium.tsx(4709,5): error TS2339: Property 'hkern' does not exist on type 'JSX.IntrinsicElements'.
src/icons/Fonts/general-sans/GeneralSansMedium.tsx(4710,5): error TS2339: Property 'hkern' does not exist on type 'JSX.IntrinsicElements'.
src/icons/Fonts/general-sans/GeneralSansMedium.tsx(4711,5): error TS2339: Property 'hkern' does not exist on type 'JSX.IntrinsicElements'.
src/icons/Fonts/general-sans/GeneralSansMedium.tsx(4712,5): error TS2339: Property 'hkern' does not exist on type 'JSX.IntrinsicElements'.
src/icons/Fonts/general-sans/GeneralSansMedium.tsx(4713,5): error TS2339: Property 'hkern' does not exist on type 'JSX.IntrinsicElements'.
src/icons/Fonts/general-sans/GeneralSansMedium.tsx(4714,5): error TS2339: Property 'hkern' does not exist on type 'JSX.IntrinsicElements'.
src/icons/Fonts/general-sans/GeneralSansMedium.tsx(4715,5): error TS2339: Property 'hkern' does not exist on type 'JSX.IntrinsicElements'.
src/icons/Fonts/general-sans/GeneralSansMedium.tsx(4716,5): error TS2339: Property 'hkern' does not exist on type 'JSX.IntrinsicElements'.
src/icons/Fonts/general-sans/GeneralSansMedium.tsx(4717,5): error TS2339: Property 'hkern' does not exist on type 'JSX.IntrinsicElements'.
src/icons/Fonts/general-sans/GeneralSansMedium.tsx(4718,5): error TS2339: Property 'hkern' does not exist on type 'JSX.IntrinsicElements'.
src/icons/Fonts/general-sans/GeneralSansMedium.tsx(4719,5): error TS2339: Property 'hkern' does not exist on type 'JSX.IntrinsicElements'.
src/icons/Fonts/general-sans/GeneralSansMedium.tsx(4720,5): error TS2339: Property 'hkern' does not exist on type 'JSX.IntrinsicElements'.
src/icons/Fonts/general-sans/GeneralSansMedium.tsx(4721,5): error TS2339: Property 'hkern' does not exist on type 'JSX.IntrinsicElements'.
src/icons/Fonts/general-sans/GeneralSansMedium.tsx(4722,5): error TS2339: Property 'hkern' does not exist on type 'JSX.IntrinsicElements'.
src/icons/Fonts/general-sans/GeneralSansMedium.tsx(4723,5): error TS2339: Property 'hkern' does not exist on type 'JSX.IntrinsicElements'.
src/icons/Fonts/general-sans/GeneralSansMedium.tsx(4724,5): error TS2339: Property 'hkern' does not exist on type 'JSX.IntrinsicElements'.
src/icons/Fonts/general-sans/GeneralSansMedium.tsx(4725,5): error TS2339: Property 'hkern' does not exist on type 'JSX.IntrinsicElements'.
src/icons/Fonts/general-sans/GeneralSansMedium.tsx(4726,5): error TS2339: Property 'hkern' does not exist on type 'JSX.IntrinsicElements'.
src/icons/Fonts/general-sans/GeneralSansMedium.tsx(4727,5): error TS2339: Property 'hkern' does not exist on type 'JSX.IntrinsicElements'.
src/icons/Fonts/general-sans/GeneralSansMedium.tsx(4728,5): error TS2339: Property 'hkern' does not exist on type 'JSX.IntrinsicElements'.
src/icons/Fonts/general-sans/GeneralSansMedium.tsx(4729,5): error TS2339: Property 'hkern' does not exist on type 'JSX.IntrinsicElements'.
src/icons/Fonts/general-sans/GeneralSansMedium.tsx(4730,5): error TS2339: Property 'hkern' does not exist on type 'JSX.IntrinsicElements'.
src/icons/Fonts/general-sans/GeneralSansMedium.tsx(4731,5): error TS2339: Property 'hkern' does not exist on type 'JSX.IntrinsicElements'.
src/icons/Fonts/general-sans/GeneralSansMedium.tsx(4732,5): error TS2339: Property 'hkern' does not exist on type 'JSX.IntrinsicElements'.
src/icons/Fonts/general-sans/GeneralSansMedium.tsx(4733,5): error TS2339: Property 'hkern' does not exist on type 'JSX.IntrinsicElements'.
src/icons/Fonts/general-sans/GeneralSansMedium.tsx(4734,5): error TS2339: Property 'hkern' does not exist on type 'JSX.IntrinsicElements'.
src/icons/Fonts/general-sans/GeneralSansMedium.tsx(4735,5): error TS2339: Property 'hkern' does not exist on type 'JSX.IntrinsicElements'.
src/icons/Fonts/general-sans/GeneralSansMedium.tsx(4736,5): error TS2339: Property 'hkern' does not exist on type 'JSX.IntrinsicElements'.
src/icons/Fonts/general-sans/GeneralSansMedium.tsx(4737,5): error TS2339: Property 'hkern' does not exist on type 'JSX.IntrinsicElements'.
src/icons/Fonts/general-sans/GeneralSansMedium.tsx(4738,5): error TS2339: Property 'hkern' does not exist on type 'JSX.IntrinsicElements'.
src/icons/Fonts/general-sans/GeneralSansMedium.tsx(4739,5): error TS2339: Property 'hkern' does not exist on type 'JSX.IntrinsicElements'.
src/icons/Fonts/general-sans/GeneralSansMedium.tsx(4740,5): error TS2339: Property 'hkern' does not exist on type 'JSX.IntrinsicElements'.
src/icons/Fonts/general-sans/GeneralSansMedium.tsx(4741,5): error TS2339: Property 'hkern' does not exist on type 'JSX.IntrinsicElements'.
src/icons/Fonts/general-sans/GeneralSansMedium.tsx(4742,5): error TS2339: Property 'hkern' does not exist on type 'JSX.IntrinsicElements'.
src/icons/Fonts/general-sans/GeneralSansMedium.tsx(4743,5): error TS2339: Property 'hkern' does not exist on type 'JSX.IntrinsicElements'.
src/icons/Fonts/general-sans/GeneralSansMedium.tsx(4744,5): error TS2339: Property 'hkern' does not exist on type 'JSX.IntrinsicElements'.
src/icons/Fonts/general-sans/GeneralSansMedium.tsx(4745,5): error TS2339: Property 'hkern' does not exist on type 'JSX.IntrinsicElements'.
src/icons/Fonts/general-sans/GeneralSansMedium.tsx(4746,5): error TS2339: Property 'hkern' does not exist on type 'JSX.IntrinsicElements'.
src/icons/Fonts/general-sans/GeneralSansMedium.tsx(4747,5): error TS2339: Property 'hkern' does not exist on type 'JSX.IntrinsicElements'.
src/icons/Fonts/general-sans/GeneralSansMedium.tsx(4748,5): error TS2339: Property 'hkern' does not exist on type 'JSX.IntrinsicElements'.
src/icons/Fonts/general-sans/GeneralSansMedium.tsx(4749,5): error TS2339: Property 'hkern' does not exist on type 'JSX.IntrinsicElements'.
src/icons/Fonts/general-sans/GeneralSansMedium.tsx(4750,5): error TS2339: Property 'hkern' does not exist on type 'JSX.IntrinsicElements'.
src/icons/Fonts/general-sans/GeneralSansMedium.tsx(4751,5): error TS2339: Property 'hkern' does not exist on type 'JSX.IntrinsicElements'.
src/icons/Fonts/general-sans/GeneralSansMedium.tsx(4752,5): error TS2339: Property 'hkern' does not exist on type 'JSX.IntrinsicElements'.
src/icons/Fonts/general-sans/GeneralSansMedium.tsx(4753,5): error TS2339: Property 'hkern' does not exist on type 'JSX.IntrinsicElements'.
src/icons/Fonts/general-sans/GeneralSansMedium.tsx(4754,5): error TS2339: Property 'hkern' does not exist on type 'JSX.IntrinsicElements'.
src/icons/Fonts/general-sans/GeneralSansMedium.tsx(4755,5): error TS2339: Property 'hkern' does not exist on type 'JSX.IntrinsicElements'.
src/icons/Fonts/general-sans/GeneralSansMedium.tsx(4756,5): error TS2339: Property 'hkern' does not exist on type 'JSX.IntrinsicElements'.
src/icons/Fonts/general-sans/GeneralSansMedium.tsx(4757,5): error TS2339: Property 'hkern' does not exist on type 'JSX.IntrinsicElements'.
src/icons/Fonts/general-sans/GeneralSansMedium.tsx(4758,5): error TS2339: Property 'hkern' does not exist on type 'JSX.IntrinsicElements'.
src/icons/Fonts/general-sans/GeneralSansMedium.tsx(4759,5): error TS2339: Property 'hkern' does not exist on type 'JSX.IntrinsicElements'.
src/icons/Fonts/general-sans/GeneralSansMedium.tsx(4760,5): error TS2339: Property 'hkern' does not exist on type 'JSX.IntrinsicElements'.
src/icons/Fonts/general-sans/GeneralSansMedium.tsx(4761,5): error TS2339: Property 'hkern' does not exist on type 'JSX.IntrinsicElements'.
src/icons/Fonts/general-sans/GeneralSansMedium.tsx(4762,5): error TS2339: Property 'hkern' does not exist on type 'JSX.IntrinsicElements'.
src/icons/Fonts/general-sans/GeneralSansMedium.tsx(4763,5): error TS2339: Property 'hkern' does not exist on type 'JSX.IntrinsicElements'.
src/icons/Fonts/general-sans/GeneralSansMedium.tsx(4764,5): error TS2339: Property 'hkern' does not exist on type 'JSX.IntrinsicElements'.
src/icons/Fonts/general-sans/GeneralSansMedium.tsx(4765,5): error TS2339: Property 'hkern' does not exist on type 'JSX.IntrinsicElements'.
src/icons/Fonts/general-sans/GeneralSansMedium.tsx(4766,5): error TS2339: Property 'hkern' does not exist on type 'JSX.IntrinsicElements'.
src/icons/Fonts/general-sans/GeneralSansMedium.tsx(4767,5): error TS2339: Property 'hkern' does not exist on type 'JSX.IntrinsicElements'.
src/icons/Fonts/general-sans/GeneralSansMedium.tsx(4768,5): error TS2339: Property 'hkern' does not exist on type 'JSX.IntrinsicElements'.
src/icons/Fonts/general-sans/GeneralSansMedium.tsx(4769,5): error TS2339: Property 'hkern' does not exist on type 'JSX.IntrinsicElements'.
src/icons/Fonts/general-sans/GeneralSansMedium.tsx(4770,5): error TS2339: Property 'hkern' does not exist on type 'JSX.IntrinsicElements'.
src/icons/Fonts/general-sans/GeneralSansMedium.tsx(4771,5): error TS2339: Property 'hkern' does not exist on type 'JSX.IntrinsicElements'.
src/icons/Fonts/general-sans/GeneralSansMedium.tsx(4772,5): error TS2339: Property 'hkern' does not exist on type 'JSX.IntrinsicElements'.
src/icons/Fonts/general-sans/GeneralSansMedium.tsx(4773,5): error TS2339: Property 'hkern' does not exist on type 'JSX.IntrinsicElements'.
src/icons/Fonts/general-sans/GeneralSansMedium.tsx(4774,5): error TS2339: Property 'hkern' does not exist on type 'JSX.IntrinsicElements'.
src/icons/Fonts/general-sans/GeneralSansMedium.tsx(4775,5): error TS2339: Property 'hkern' does not exist on type 'JSX.IntrinsicElements'.
src/icons/Fonts/general-sans/GeneralSansMedium.tsx(4776,5): error TS2339: Property 'hkern' does not exist on type 'JSX.IntrinsicElements'.
src/icons/Fonts/general-sans/GeneralSansMedium.tsx(4777,5): error TS2339: Property 'hkern' does not exist on type 'JSX.IntrinsicElements'.
src/icons/Fonts/general-sans/GeneralSansMedium.tsx(4778,5): error TS2339: Property 'hkern' does not exist on type 'JSX.IntrinsicElements'.
src/icons/Fonts/general-sans/GeneralSansMedium.tsx(4779,5): error TS2339: Property 'hkern' does not exist on type 'JSX.IntrinsicElements'.
src/icons/Fonts/general-sans/GeneralSansMedium.tsx(4780,5): error TS2339: Property 'hkern' does not exist on type 'JSX.IntrinsicElements'.
src/icons/Fonts/general-sans/GeneralSansMedium.tsx(4781,5): error TS2339: Property 'hkern' does not exist on type 'JSX.IntrinsicElements'.
src/icons/Fonts/general-sans/GeneralSansMedium.tsx(4782,5): error TS2339: Property 'hkern' does not exist on type 'JSX.IntrinsicElements'.
src/icons/Fonts/general-sans/GeneralSansMedium.tsx(4783,5): error TS2339: Property 'hkern' does not exist on type 'JSX.IntrinsicElements'.
src/icons/Fonts/general-sans/GeneralSansMedium.tsx(4784,5): error TS2339: Property 'hkern' does not exist on type 'JSX.IntrinsicElements'.
src/icons/Fonts/general-sans/GeneralSansMedium.tsx(4785,5): error TS2339: Property 'hkern' does not exist on type 'JSX.IntrinsicElements'.
src/icons/Fonts/general-sans/GeneralSansMedium.tsx(4786,5): error TS2339: Property 'hkern' does not exist on type 'JSX.IntrinsicElements'.
src/icons/Fonts/general-sans/GeneralSansMedium.tsx(4787,5): error TS2339: Property 'hkern' does not exist on type 'JSX.IntrinsicElements'.
src/icons/Fonts/general-sans/GeneralSansMedium.tsx(4788,5): error TS2339: Property 'hkern' does not exist on type 'JSX.IntrinsicElements'.
src/icons/Fonts/general-sans/GeneralSansMedium.tsx(4789,5): error TS2339: Property 'hkern' does not exist on type 'JSX.IntrinsicElements'.
src/icons/Fonts/general-sans/GeneralSansMedium.tsx(4790,5): error TS2339: Property 'hkern' does not exist on type 'JSX.IntrinsicElements'.
src/icons/Fonts/general-sans/GeneralSansMedium.tsx(4791,5): error TS2339: Property 'hkern' does not exist on type 'JSX.IntrinsicElements'.
src/icons/Fonts/general-sans/GeneralSansMedium.tsx(4792,5): error TS2339: Property 'hkern' does not exist on type 'JSX.IntrinsicElements'.
src/icons/Fonts/general-sans/GeneralSansMedium.tsx(4793,5): error TS2339: Property 'hkern' does not exist on type 'JSX.IntrinsicElements'.
src/icons/Fonts/general-sans/GeneralSansMedium.tsx(4794,5): error TS2339: Property 'hkern' does not exist on type 'JSX.IntrinsicElements'.
src/icons/Fonts/general-sans/GeneralSansMedium.tsx(4795,5): error TS2339: Property 'hkern' does not exist on type 'JSX.IntrinsicElements'.
src/icons/Fonts/general-sans/GeneralSansMedium.tsx(4796,5): error TS2339: Property 'hkern' does not exist on type 'JSX.IntrinsicElements'.
src/icons/Fonts/general-sans/GeneralSansMedium.tsx(4797,5): error TS2339: Property 'hkern' does not exist on type 'JSX.IntrinsicElements'.
src/icons/Fonts/general-sans/GeneralSansMedium.tsx(4798,5): error TS2339: Property 'hkern' does not exist on type 'JSX.IntrinsicElements'.
src/icons/Fonts/general-sans/GeneralSansMedium.tsx(4799,5): error TS2339: Property 'hkern' does not exist on type 'JSX.IntrinsicElements'.
src/icons/Fonts/general-sans/GeneralSansMedium.tsx(4800,5): error TS2339: Property 'hkern' does not exist on type 'JSX.IntrinsicElements'.
src/icons/Fonts/general-sans/GeneralSansMedium.tsx(4801,5): error TS2339: Property 'hkern' does not exist on type 'JSX.IntrinsicElements'.
src/icons/Fonts/general-sans/GeneralSansMedium.tsx(4802,5): error TS2339: Property 'hkern' does not exist on type 'JSX.IntrinsicElements'.
src/icons/Fonts/general-sans/GeneralSansMedium.tsx(4803,5): error TS2339: Property 'hkern' does not exist on type 'JSX.IntrinsicElements'.
src/icons/Fonts/general-sans/GeneralSansMedium.tsx(4804,5): error TS2339: Property 'hkern' does not exist on type 'JSX.IntrinsicElements'.
src/icons/Fonts/general-sans/GeneralSansMedium.tsx(4805,5): error TS2339: Property 'hkern' does not exist on type 'JSX.IntrinsicElements'.
src/icons/Fonts/general-sans/GeneralSansMedium.tsx(4806,5): error TS2339: Property 'hkern' does not exist on type 'JSX.IntrinsicElements'.
src/icons/Fonts/general-sans/GeneralSansMedium.tsx(4807,5): error TS2339: Property 'hkern' does not exist on type 'JSX.IntrinsicElements'.
src/icons/Fonts/general-sans/GeneralSansMedium.tsx(4808,5): error TS2339: Property 'hkern' does not exist on type 'JSX.IntrinsicElements'.
src/icons/Fonts/general-sans/GeneralSansMedium.tsx(4809,5): error TS2339: Property 'hkern' does not exist on type 'JSX.IntrinsicElements'.
src/icons/Fonts/general-sans/GeneralSansMedium.tsx(4810,5): error TS2339: Property 'hkern' does not exist on type 'JSX.IntrinsicElements'.
src/icons/Fonts/general-sans/GeneralSansMedium.tsx(4811,5): error TS2339: Property 'hkern' does not exist on type 'JSX.IntrinsicElements'.
src/icons/Fonts/general-sans/GeneralSansMedium.tsx(4812,5): error TS2339: Property 'hkern' does not exist on type 'JSX.IntrinsicElements'.
src/icons/Fonts/general-sans/GeneralSansMedium.tsx(4813,5): error TS2339: Property 'hkern' does not exist on type 'JSX.IntrinsicElements'.
src/icons/Fonts/general-sans/GeneralSansMedium.tsx(4814,5): error TS2339: Property 'hkern' does not exist on type 'JSX.IntrinsicElements'.
src/icons/Fonts/general-sans/GeneralSansMedium.tsx(4815,5): error TS2339: Property 'hkern' does not exist on type 'JSX.IntrinsicElements'.
src/icons/Fonts/general-sans/GeneralSansMedium.tsx(4816,5): error TS2339: Property 'hkern' does not exist on type 'JSX.IntrinsicElements'.
src/icons/Fonts/general-sans/GeneralSansMedium.tsx(4817,5): error TS2339: Property 'hkern' does not exist on type 'JSX.IntrinsicElements'.
src/icons/Fonts/general-sans/GeneralSansMedium.tsx(4818,5): error TS2339: Property 'hkern' does not exist on type 'JSX.IntrinsicElements'.
src/icons/Fonts/general-sans/GeneralSansMedium.tsx(4819,5): error TS2339: Property 'hkern' does not exist on type 'JSX.IntrinsicElements'.
src/icons/Fonts/general-sans/GeneralSansMedium.tsx(4820,5): error TS2339: Property 'hkern' does not exist on type 'JSX.IntrinsicElements'.
src/icons/Fonts/general-sans/GeneralSansMedium.tsx(4821,5): error TS2339: Property 'hkern' does not exist on type 'JSX.IntrinsicElements'.
src/icons/Fonts/general-sans/GeneralSansMedium.tsx(4822,5): error TS2339: Property 'hkern' does not exist on type 'JSX.IntrinsicElements'.
src/icons/Fonts/general-sans/GeneralSansMedium.tsx(4823,5): error TS2339: Property 'hkern' does not exist on type 'JSX.IntrinsicElements'.
src/icons/Fonts/general-sans/GeneralSansMedium.tsx(4824,5): error TS2339: Property 'hkern' does not exist on type 'JSX.IntrinsicElements'.
src/icons/Fonts/general-sans/GeneralSansMedium.tsx(4825,5): error TS2339: Property 'hkern' does not exist on type 'JSX.IntrinsicElements'.
src/icons/Fonts/general-sans/GeneralSansMedium.tsx(4826,5): error TS2339: Property 'hkern' does not exist on type 'JSX.IntrinsicElements'.
src/icons/Fonts/general-sans/GeneralSansMedium.tsx(4827,5): error TS2339: Property 'hkern' does not exist on type 'JSX.IntrinsicElements'.
src/icons/Fonts/general-sans/GeneralSansMedium.tsx(4828,5): error TS2339: Property 'hkern' does not exist on type 'JSX.IntrinsicElements'.
src/icons/Fonts/general-sans/GeneralSansMedium.tsx(4829,5): error TS2339: Property 'hkern' does not exist on type 'JSX.IntrinsicElements'.
src/icons/Fonts/general-sans/GeneralSansMedium.tsx(4830,5): error TS2339: Property 'hkern' does not exist on type 'JSX.IntrinsicElements'.
src/icons/Fonts/general-sans/GeneralSansMedium.tsx(4831,5): error TS2339: Property 'hkern' does not exist on type 'JSX.IntrinsicElements'.
src/icons/Fonts/general-sans/GeneralSansMedium.tsx(4832,5): error TS2339: Property 'hkern' does not exist on type 'JSX.IntrinsicElements'.
src/icons/Fonts/general-sans/GeneralSansMedium.tsx(4833,5): error TS2339: Property 'hkern' does not exist on type 'JSX.IntrinsicElements'.
src/icons/Fonts/general-sans/GeneralSansMedium.tsx(4834,5): error TS2339: Property 'hkern' does not exist on type 'JSX.IntrinsicElements'.
src/icons/Fonts/general-sans/GeneralSansMedium.tsx(4835,5): error TS2339: Property 'hkern' does not exist on type 'JSX.IntrinsicElements'.
src/icons/Fonts/general-sans/GeneralSansMedium.tsx(4836,5): error TS2339: Property 'hkern' does not exist on type 'JSX.IntrinsicElements'.
src/icons/Fonts/general-sans/GeneralSansMedium.tsx(4837,5): error TS2339: Property 'hkern' does not exist on type 'JSX.IntrinsicElements'.
src/icons/Fonts/general-sans/GeneralSansMedium.tsx(4838,5): error TS2339: Property 'hkern' does not exist on type 'JSX.IntrinsicElements'.
src/icons/Fonts/general-sans/GeneralSansMedium.tsx(4839,5): error TS2339: Property 'hkern' does not exist on type 'JSX.IntrinsicElements'.
src/icons/Fonts/general-sans/GeneralSansMedium.tsx(4840,5): error TS2339: Property 'hkern' does not exist on type 'JSX.IntrinsicElements'.
src/icons/Fonts/general-sans/GeneralSansMedium.tsx(4841,5): error TS2339: Property 'hkern' does not exist on type 'JSX.IntrinsicElements'.
src/icons/Fonts/general-sans/GeneralSansMedium.tsx(4842,5): error TS2339: Property 'hkern' does not exist on type 'JSX.IntrinsicElements'.
src/icons/Fonts/general-sans/GeneralSansMedium.tsx(4843,5): error TS2339: Property 'hkern' does not exist on type 'JSX.IntrinsicElements'.
src/icons/Fonts/general-sans/GeneralSansMedium.tsx(4844,5): error TS2339: Property 'hkern' does not exist on type 'JSX.IntrinsicElements'.
src/icons/Fonts/general-sans/GeneralSansMedium.tsx(4845,5): error TS2339: Property 'hkern' does not exist on type 'JSX.IntrinsicElements'.
src/icons/Fonts/general-sans/GeneralSansMedium.tsx(4846,5): error TS2339: Property 'hkern' does not exist on type 'JSX.IntrinsicElements'.
src/icons/Fonts/general-sans/GeneralSansMedium.tsx(4847,5): error TS2339: Property 'hkern' does not exist on type 'JSX.IntrinsicElements'.
src/icons/Fonts/general-sans/GeneralSansMedium.tsx(4848,5): error TS2339: Property 'hkern' does not exist on type 'JSX.IntrinsicElements'.
src/icons/Fonts/general-sans/GeneralSansMedium.tsx(4849,5): error TS2339: Property 'hkern' does not exist on type 'JSX.IntrinsicElements'.
src/icons/Fonts/general-sans/GeneralSansMedium.tsx(4850,5): error TS2339: Property 'hkern' does not exist on type 'JSX.IntrinsicElements'.
src/icons/Fonts/general-sans/GeneralSansMedium.tsx(4851,5): error TS2339: Property 'hkern' does not exist on type 'JSX.IntrinsicElements'.
src/icons/Fonts/general-sans/GeneralSansMedium.tsx(4852,5): error TS2339: Property 'hkern' does not exist on type 'JSX.IntrinsicElements'.
src/icons/Fonts/general-sans/GeneralSansMedium.tsx(4853,5): error TS2339: Property 'hkern' does not exist on type 'JSX.IntrinsicElements'.
src/icons/Fonts/general-sans/GeneralSansMedium.tsx(4854,5): error TS2339: Property 'hkern' does not exist on type 'JSX.IntrinsicElements'.
src/icons/Fonts/general-sans/GeneralSansMedium.tsx(4855,5): error TS2339: Property 'hkern' does not exist on type 'JSX.IntrinsicElements'.
src/icons/Fonts/general-sans/GeneralSansMedium.tsx(4856,5): error TS2339: Property 'hkern' does not exist on type 'JSX.IntrinsicElements'.
src/icons/Fonts/general-sans/GeneralSansMedium.tsx(4857,5): error TS2339: Property 'hkern' does not exist on type 'JSX.IntrinsicElements'.
src/icons/Fonts/general-sans/GeneralSansMedium.tsx(4858,5): error TS2339: Property 'hkern' does not exist on type 'JSX.IntrinsicElements'.
src/icons/Fonts/general-sans/GeneralSansMedium.tsx(4859,5): error TS2339: Property 'hkern' does not exist on type 'JSX.IntrinsicElements'.
src/icons/Fonts/general-sans/GeneralSansMedium.tsx(4860,5): error TS2339: Property 'hkern' does not exist on type 'JSX.IntrinsicElements'.
src/icons/Fonts/general-sans/GeneralSansMedium.tsx(4861,5): error TS2339: Property 'hkern' does not exist on type 'JSX.IntrinsicElements'.
src/icons/Fonts/general-sans/GeneralSansMedium.tsx(4862,5): error TS2339: Property 'hkern' does not exist on type 'JSX.IntrinsicElements'.
src/icons/Fonts/general-sans/GeneralSansMedium.tsx(4863,5): error TS2339: Property 'hkern' does not exist on type 'JSX.IntrinsicElements'.
src/icons/Fonts/general-sans/GeneralSansMedium.tsx(4864,5): error TS2339: Property 'hkern' does not exist on type 'JSX.IntrinsicElements'.
src/icons/Fonts/general-sans/GeneralSansMedium.tsx(4865,5): error TS2339: Property 'hkern' does not exist on type 'JSX.IntrinsicElements'.
src/icons/Fonts/general-sans/GeneralSansMedium.tsx(4866,5): error TS2339: Property 'hkern' does not exist on type 'JSX.IntrinsicElements'.
src/icons/Fonts/general-sans/GeneralSansMedium.tsx(4867,5): error TS2339: Property 'hkern' does not exist on type 'JSX.IntrinsicElements'.
src/icons/Fonts/general-sans/GeneralSansMedium.tsx(4868,5): error TS2339: Property 'hkern' does not exist on type 'JSX.IntrinsicElements'.
src/icons/Fonts/general-sans/GeneralSansMedium.tsx(4869,5): error TS2339: Property 'hkern' does not exist on type 'JSX.IntrinsicElements'.
src/icons/Fonts/general-sans/GeneralSansMedium.tsx(4870,5): error TS2339: Property 'hkern' does not exist on type 'JSX.IntrinsicElements'.
src/icons/Fonts/general-sans/GeneralSansMedium.tsx(4871,5): error TS2339: Property 'hkern' does not exist on type 'JSX.IntrinsicElements'.
src/icons/Fonts/general-sans/GeneralSansMedium.tsx(4872,5): error TS2339: Property 'hkern' does not exist on type 'JSX.IntrinsicElements'.
src/icons/Fonts/general-sans/GeneralSansMedium.tsx(4873,5): error TS2339: Property 'hkern' does not exist on type 'JSX.IntrinsicElements'.
src/icons/Fonts/general-sans/GeneralSansMedium.tsx(4874,5): error TS2339: Property 'hkern' does not exist on type 'JSX.IntrinsicElements'.
src/icons/Fonts/general-sans/GeneralSansMedium.tsx(4875,5): error TS2339: Property 'hkern' does not exist on type 'JSX.IntrinsicElements'.
src/icons/Fonts/general-sans/GeneralSansMedium.tsx(4876,5): error TS2339: Property 'hkern' does not exist on type 'JSX.IntrinsicElements'.
src/icons/Fonts/general-sans/GeneralSansMedium.tsx(4877,5): error TS2339: Property 'hkern' does not exist on type 'JSX.IntrinsicElements'.
src/icons/Fonts/general-sans/GeneralSansMedium.tsx(4878,5): error TS2339: Property 'hkern' does not exist on type 'JSX.IntrinsicElements'.
src/icons/Fonts/general-sans/GeneralSansMedium.tsx(4879,5): error TS2339: Property 'hkern' does not exist on type 'JSX.IntrinsicElements'.
src/icons/Fonts/general-sans/GeneralSansMedium.tsx(4880,5): error TS2339: Property 'hkern' does not exist on type 'JSX.IntrinsicElements'.
src/icons/Fonts/general-sans/GeneralSansMedium.tsx(4881,5): error TS2339: Property 'hkern' does not exist on type 'JSX.IntrinsicElements'.
src/icons/Fonts/general-sans/GeneralSansMedium.tsx(4882,5): error TS2339: Property 'hkern' does not exist on type 'JSX.IntrinsicElements'.
src/icons/Fonts/general-sans/GeneralSansMedium.tsx(4883,5): error TS2339: Property 'hkern' does not exist on type 'JSX.IntrinsicElements'.
src/icons/Fonts/general-sans/GeneralSansMedium.tsx(4884,5): error TS2339: Property 'hkern' does not exist on type 'JSX.IntrinsicElements'.
src/icons/Fonts/general-sans/GeneralSansMedium.tsx(4885,5): error TS2339: Property 'hkern' does not exist on type 'JSX.IntrinsicElements'.
src/icons/Fonts/general-sans/GeneralSansMedium.tsx(4886,5): error TS2339: Property 'hkern' does not exist on type 'JSX.IntrinsicElements'.
src/icons/Fonts/general-sans/GeneralSansMedium.tsx(4887,5): error TS2339: Property 'hkern' does not exist on type 'JSX.IntrinsicElements'.
src/icons/Fonts/general-sans/GeneralSansMedium.tsx(4888,5): error TS2339: Property 'hkern' does not exist on type 'JSX.IntrinsicElements'.
src/icons/Fonts/general-sans/GeneralSansMedium.tsx(4889,5): error TS2339: Property 'hkern' does not exist on type 'JSX.IntrinsicElements'.
src/icons/Fonts/general-sans/GeneralSansMedium.tsx(4890,5): error TS2339: Property 'hkern' does not exist on type 'JSX.IntrinsicElements'.
src/icons/Fonts/general-sans/GeneralSansMedium.tsx(4891,5): error TS2339: Property 'hkern' does not exist on type 'JSX.IntrinsicElements'.
src/icons/Fonts/general-sans/GeneralSansMedium.tsx(4892,5): error TS2339: Property 'hkern' does not exist on type 'JSX.IntrinsicElements'.
src/icons/Fonts/general-sans/GeneralSansMedium.tsx(4893,5): error TS2339: Property 'hkern' does not exist on type 'JSX.IntrinsicElements'.
src/icons/Fonts/general-sans/GeneralSansMedium.tsx(4894,5): error TS2339: Property 'hkern' does not exist on type 'JSX.IntrinsicElements'.
src/icons/Fonts/general-sans/GeneralSansMedium.tsx(4895,5): error TS2339: Property 'hkern' does not exist on type 'JSX.IntrinsicElements'.
src/icons/Fonts/general-sans/GeneralSansMedium.tsx(4896,5): error TS2339: Property 'hkern' does not exist on type 'JSX.IntrinsicElements'.
src/icons/Fonts/general-sans/GeneralSansMedium.tsx(4897,5): error TS2339: Property 'hkern' does not exist on type 'JSX.IntrinsicElements'.
src/icons/Fonts/general-sans/GeneralSansMedium.tsx(4898,5): error TS2339: Property 'hkern' does not exist on type 'JSX.IntrinsicElements'.
src/icons/Fonts/general-sans/GeneralSansMedium.tsx(4899,5): error TS2339: Property 'hkern' does not exist on type 'JSX.IntrinsicElements'.
src/icons/Fonts/general-sans/GeneralSansMedium.tsx(4900,5): error TS2339: Property 'hkern' does not exist on type 'JSX.IntrinsicElements'.
src/icons/Fonts/general-sans/GeneralSansMedium.tsx(4901,5): error TS2339: Property 'hkern' does not exist on type 'JSX.IntrinsicElements'.
src/icons/Fonts/general-sans/GeneralSansMedium.tsx(4902,5): error TS2339: Property 'hkern' does not exist on type 'JSX.IntrinsicElements'.
src/icons/Fonts/general-sans/GeneralSansMedium.tsx(4903,5): error TS2339: Property 'hkern' does not exist on type 'JSX.IntrinsicElements'.
src/icons/Fonts/general-sans/GeneralSansMedium.tsx(4904,5): error TS2339: Property 'hkern' does not exist on type 'JSX.IntrinsicElements'.
src/icons/Fonts/general-sans/GeneralSansMedium.tsx(4905,5): error TS2339: Property 'hkern' does not exist on type 'JSX.IntrinsicElements'.
src/icons/Fonts/general-sans/GeneralSansMedium.tsx(4906,5): error TS2339: Property 'hkern' does not exist on type 'JSX.IntrinsicElements'.
src/icons/Fonts/general-sans/GeneralSansMedium.tsx(4907,5): error TS2339: Property 'hkern' does not exist on type 'JSX.IntrinsicElements'.
src/icons/Fonts/general-sans/GeneralSansMedium.tsx(4908,5): error TS2339: Property 'hkern' does not exist on type 'JSX.IntrinsicElements'.
src/icons/Fonts/general-sans/GeneralSansMedium.tsx(4909,5): error TS2339: Property 'hkern' does not exist on type 'JSX.IntrinsicElements'.
src/icons/Fonts/general-sans/GeneralSansMedium.tsx(4910,5): error TS2339: Property 'hkern' does not exist on type 'JSX.IntrinsicElements'.
src/icons/Fonts/general-sans/GeneralSansMedium.tsx(4911,5): error TS2339: Property 'hkern' does not exist on type 'JSX.IntrinsicElements'.
src/icons/Fonts/general-sans/GeneralSansMedium.tsx(4912,5): error TS2339: Property 'hkern' does not exist on type 'JSX.IntrinsicElements'.
src/icons/Fonts/general-sans/GeneralSansMedium.tsx(4913,5): error TS2339: Property 'hkern' does not exist on type 'JSX.IntrinsicElements'.
src/icons/Fonts/general-sans/GeneralSansMedium.tsx(4914,5): error TS2339: Property 'hkern' does not exist on type 'JSX.IntrinsicElements'.
src/icons/Fonts/general-sans/GeneralSansMedium.tsx(4915,5): error TS2339: Property 'hkern' does not exist on type 'JSX.IntrinsicElements'.
src/icons/Fonts/general-sans/GeneralSansMedium.tsx(4916,5): error TS2339: Property 'hkern' does not exist on type 'JSX.IntrinsicElements'.
src/icons/Fonts/general-sans/GeneralSansMedium.tsx(4917,5): error TS2339: Property 'hkern' does not exist on type 'JSX.IntrinsicElements'.
src/icons/Fonts/general-sans/GeneralSansMedium.tsx(4918,5): error TS2339: Property 'hkern' does not exist on type 'JSX.IntrinsicElements'.
src/icons/Fonts/general-sans/GeneralSansMedium.tsx(4919,5): error TS2339: Property 'hkern' does not exist on type 'JSX.IntrinsicElements'.
src/icons/Fonts/general-sans/GeneralSansMedium.tsx(4920,5): error TS2339: Property 'hkern' does not exist on type 'JSX.IntrinsicElements'.
src/icons/Fonts/general-sans/GeneralSansMedium.tsx(4921,5): error TS2339: Property 'hkern' does not exist on type 'JSX.IntrinsicElements'.
src/icons/Fonts/general-sans/GeneralSansMedium.tsx(4922,5): error TS2339: Property 'hkern' does not exist on type 'JSX.IntrinsicElements'.
src/icons/Fonts/general-sans/GeneralSansMedium.tsx(4923,5): error TS2339: Property 'hkern' does not exist on type 'JSX.IntrinsicElements'.
src/icons/Fonts/general-sans/GeneralSansMedium.tsx(4924,5): error TS2339: Property 'hkern' does not exist on type 'JSX.IntrinsicElements'.
src/icons/Fonts/general-sans/GeneralSansMedium.tsx(4925,5): error TS2339: Property 'hkern' does not exist on type 'JSX.IntrinsicElements'.
src/icons/Fonts/general-sans/GeneralSansMedium.tsx(4926,5): error TS2339: Property 'hkern' does not exist on type 'JSX.IntrinsicElements'.
src/icons/Fonts/general-sans/GeneralSansMedium.tsx(4927,5): error TS2339: Property 'hkern' does not exist on type 'JSX.IntrinsicElements'.
src/icons/Fonts/general-sans/GeneralSansMedium.tsx(4928,5): error TS2339: Property 'hkern' does not exist on type 'JSX.IntrinsicElements'.
src/icons/Fonts/general-sans/GeneralSansMedium.tsx(4929,5): error TS2339: Property 'hkern' does not exist on type 'JSX.IntrinsicElements'.
src/icons/Fonts/general-sans/GeneralSansMedium.tsx(4930,5): error TS2339: Property 'hkern' does not exist on type 'JSX.IntrinsicElements'.
src/icons/Fonts/general-sans/GeneralSansMedium.tsx(4931,5): error TS2339: Property 'hkern' does not exist on type 'JSX.IntrinsicElements'.
src/icons/Fonts/general-sans/GeneralSansMedium.tsx(4932,5): error TS2339: Property 'hkern' does not exist on type 'JSX.IntrinsicElements'.
src/icons/Fonts/general-sans/GeneralSansMedium.tsx(4933,5): error TS2339: Property 'hkern' does not exist on type 'JSX.IntrinsicElements'.
src/icons/Fonts/general-sans/GeneralSansMedium.tsx(4934,5): error TS2339: Property 'hkern' does not exist on type 'JSX.IntrinsicElements'.
src/icons/Fonts/general-sans/GeneralSansMedium.tsx(4935,5): error TS2339: Property 'hkern' does not exist on type 'JSX.IntrinsicElements'.
src/icons/Fonts/general-sans/GeneralSansMedium.tsx(4936,5): error TS2339: Property 'hkern' does not exist on type 'JSX.IntrinsicElements'.
src/icons/Fonts/general-sans/GeneralSansMedium.tsx(4937,5): error TS2339: Property 'hkern' does not exist on type 'JSX.IntrinsicElements'.
src/icons/Fonts/general-sans/GeneralSansMedium.tsx(4938,5): error TS2339: Property 'hkern' does not exist on type 'JSX.IntrinsicElements'.
src/icons/Fonts/general-sans/GeneralSansMedium.tsx(4939,5): error TS2339: Property 'hkern' does not exist on type 'JSX.IntrinsicElements'.
src/icons/Fonts/general-sans/GeneralSansMedium.tsx(4940,5): error TS2339: Property 'hkern' does not exist on type 'JSX.IntrinsicElements'.
src/icons/Fonts/general-sans/GeneralSansMedium.tsx(4941,5): error TS2339: Property 'hkern' does not exist on type 'JSX.IntrinsicElements'.
src/icons/Fonts/general-sans/GeneralSansMedium.tsx(4942,5): error TS2339: Property 'hkern' does not exist on type 'JSX.IntrinsicElements'.
src/icons/Fonts/general-sans/GeneralSansMedium.tsx(4943,5): error TS2339: Property 'hkern' does not exist on type 'JSX.IntrinsicElements'.
src/icons/Fonts/general-sans/GeneralSansMedium.tsx(4944,5): error TS2339: Property 'hkern' does not exist on type 'JSX.IntrinsicElements'.
src/icons/Fonts/general-sans/GeneralSansMedium.tsx(4945,5): error TS2339: Property 'hkern' does not exist on type 'JSX.IntrinsicElements'.
src/icons/Fonts/general-sans/GeneralSansMedium.tsx(4946,5): error TS2339: Property 'hkern' does not exist on type 'JSX.IntrinsicElements'.
src/icons/Fonts/general-sans/GeneralSansMedium.tsx(4947,5): error TS2339: Property 'hkern' does not exist on type 'JSX.IntrinsicElements'.
src/icons/Fonts/general-sans/GeneralSansMedium.tsx(4948,5): error TS2339: Property 'hkern' does not exist on type 'JSX.IntrinsicElements'.
src/icons/Fonts/general-sans/GeneralSansMedium.tsx(4949,5): error TS2339: Property 'hkern' does not exist on type 'JSX.IntrinsicElements'.
src/icons/Fonts/general-sans/GeneralSansMedium.tsx(4950,5): error TS2339: Property 'hkern' does not exist on type 'JSX.IntrinsicElements'.
src/icons/Fonts/general-sans/GeneralSansMedium.tsx(4951,5): error TS2339: Property 'hkern' does not exist on type 'JSX.IntrinsicElements'.
src/icons/Fonts/general-sans/GeneralSansMedium.tsx(4952,5): error TS2339: Property 'hkern' does not exist on type 'JSX.IntrinsicElements'.
src/icons/Fonts/general-sans/GeneralSansMedium.tsx(4953,5): error TS2339: Property 'hkern' does not exist on type 'JSX.IntrinsicElements'.
src/icons/Fonts/general-sans/GeneralSansMedium.tsx(4954,5): error TS2339: Property 'hkern' does not exist on type 'JSX.IntrinsicElements'.
src/icons/Fonts/general-sans/GeneralSansMedium.tsx(4955,5): error TS2339: Property 'hkern' does not exist on type 'JSX.IntrinsicElements'.
src/icons/Fonts/general-sans/GeneralSansMedium.tsx(4956,5): error TS2339: Property 'hkern' does not exist on type 'JSX.IntrinsicElements'.
src/icons/Fonts/general-sans/GeneralSansMedium.tsx(4957,5): error TS2339: Property 'hkern' does not exist on type 'JSX.IntrinsicElements'.
src/icons/Fonts/general-sans/GeneralSansMedium.tsx(4958,5): error TS2339: Property 'hkern' does not exist on type 'JSX.IntrinsicElements'.
src/icons/Fonts/general-sans/GeneralSansMedium.tsx(4959,5): error TS2339: Property 'hkern' does not exist on type 'JSX.IntrinsicElements'.
src/icons/Fonts/general-sans/GeneralSansMedium.tsx(4960,5): error TS2339: Property 'hkern' does not exist on type 'JSX.IntrinsicElements'.
src/icons/Fonts/general-sans/GeneralSansMedium.tsx(4961,5): error TS2339: Property 'hkern' does not exist on type 'JSX.IntrinsicElements'.
src/icons/Fonts/general-sans/GeneralSansMedium.tsx(4962,5): error TS2339: Property 'hkern' does not exist on type 'JSX.IntrinsicElements'.
src/icons/Fonts/general-sans/GeneralSansMedium.tsx(4963,5): error TS2339: Property 'hkern' does not exist on type 'JSX.IntrinsicElements'.
src/icons/Fonts/general-sans/GeneralSansMedium.tsx(4964,5): error TS2339: Property 'hkern' does not exist on type 'JSX.IntrinsicElements'.
src/icons/Fonts/general-sans/GeneralSansMedium.tsx(4965,5): error TS2339: Property 'hkern' does not exist on type 'JSX.IntrinsicElements'.
src/icons/Fonts/general-sans/GeneralSansMedium.tsx(4966,5): error TS2339: Property 'hkern' does not exist on type 'JSX.IntrinsicElements'.
src/icons/Fonts/general-sans/GeneralSansMedium.tsx(4967,5): error TS2339: Property 'hkern' does not exist on type 'JSX.IntrinsicElements'.
src/icons/Fonts/general-sans/GeneralSansMedium.tsx(4968,5): error TS2339: Property 'hkern' does not exist on type 'JSX.IntrinsicElements'.
src/icons/Fonts/general-sans/GeneralSansMedium.tsx(4969,5): error TS2339: Property 'hkern' does not exist on type 'JSX.IntrinsicElements'.
src/icons/Fonts/general-sans/GeneralSansMedium.tsx(4970,5): error TS2339: Property 'hkern' does not exist on type 'JSX.IntrinsicElements'.
src/icons/Fonts/general-sans/GeneralSansMedium.tsx(4971,5): error TS2339: Property 'hkern' does not exist on type 'JSX.IntrinsicElements'.
src/icons/Fonts/general-sans/GeneralSansMedium.tsx(4972,5): error TS2339: Property 'hkern' does not exist on type 'JSX.IntrinsicElements'.
src/icons/Fonts/general-sans/GeneralSansMedium.tsx(4973,5): error TS2339: Property 'hkern' does not exist on type 'JSX.IntrinsicElements'.
src/icons/Fonts/general-sans/GeneralSansMedium.tsx(4974,5): error TS2339: Property 'hkern' does not exist on type 'JSX.IntrinsicElements'.
src/icons/Fonts/general-sans/GeneralSansMedium.tsx(4975,5): error TS2339: Property 'hkern' does not exist on type 'JSX.IntrinsicElements'.
src/icons/Fonts/general-sans/GeneralSansMedium.tsx(4976,5): error TS2339: Property 'hkern' does not exist on type 'JSX.IntrinsicElements'.
src/icons/Fonts/general-sans/GeneralSansMedium.tsx(4977,5): error TS2339: Property 'hkern' does not exist on type 'JSX.IntrinsicElements'.
src/icons/Fonts/general-sans/GeneralSansMedium.tsx(4978,5): error TS2339: Property 'hkern' does not exist on type 'JSX.IntrinsicElements'.
src/icons/Fonts/general-sans/GeneralSansMedium.tsx(4979,5): error TS2339: Property 'hkern' does not exist on type 'JSX.IntrinsicElements'.
src/icons/Fonts/general-sans/GeneralSansMedium.tsx(4980,5): error TS2339: Property 'hkern' does not exist on type 'JSX.IntrinsicElements'.
src/icons/Fonts/general-sans/GeneralSansMedium.tsx(4981,5): error TS2339: Property 'hkern' does not exist on type 'JSX.IntrinsicElements'.
src/icons/Fonts/general-sans/GeneralSansMedium.tsx(4982,5): error TS2339: Property 'hkern' does not exist on type 'JSX.IntrinsicElements'.
src/icons/Fonts/general-sans/GeneralSansMedium.tsx(4983,5): error TS2339: Property 'hkern' does not exist on type 'JSX.IntrinsicElements'.
src/icons/Fonts/general-sans/GeneralSansMedium.tsx(4984,5): error TS2339: Property 'hkern' does not exist on type 'JSX.IntrinsicElements'.
src/icons/Fonts/general-sans/GeneralSansMedium.tsx(4985,5): error TS2339: Property 'hkern' does not exist on type 'JSX.IntrinsicElements'.
src/icons/Fonts/general-sans/GeneralSansMedium.tsx(4986,5): error TS2339: Property 'hkern' does not exist on type 'JSX.IntrinsicElements'.
src/icons/Fonts/general-sans/GeneralSansMedium.tsx(4987,5): error TS2339: Property 'hkern' does not exist on type 'JSX.IntrinsicElements'.
src/icons/Fonts/general-sans/GeneralSansMedium.tsx(4988,5): error TS2339: Property 'hkern' does not exist on type 'JSX.IntrinsicElements'.
src/icons/Fonts/general-sans/GeneralSansMedium.tsx(4989,5): error TS2339: Property 'hkern' does not exist on type 'JSX.IntrinsicElements'.
src/icons/Fonts/general-sans/GeneralSansMedium.tsx(4990,5): error TS2339: Property 'hkern' does not exist on type 'JSX.IntrinsicElements'.
src/icons/Fonts/general-sans/GeneralSansMedium.tsx(4991,5): error TS2339: Property 'hkern' does not exist on type 'JSX.IntrinsicElements'.
src/icons/Fonts/general-sans/GeneralSansMedium.tsx(4992,5): error TS2339: Property 'hkern' does not exist on type 'JSX.IntrinsicElements'.
src/icons/Fonts/general-sans/GeneralSansMedium.tsx(4993,5): error TS2339: Property 'hkern' does not exist on type 'JSX.IntrinsicElements'.
src/icons/Fonts/general-sans/GeneralSansMedium.tsx(4994,5): error TS2339: Property 'hkern' does not exist on type 'JSX.IntrinsicElements'.
src/icons/Fonts/general-sans/GeneralSansMedium.tsx(4995,5): error TS2339: Property 'hkern' does not exist on type 'JSX.IntrinsicElements'.
src/icons/Fonts/general-sans/GeneralSansMedium.tsx(4996,5): error TS2339: Property 'hkern' does not exist on type 'JSX.IntrinsicElements'.
src/icons/Fonts/general-sans/GeneralSansMedium.tsx(4997,5): error TS2339: Property 'hkern' does not exist on type 'JSX.IntrinsicElements'.
src/icons/Fonts/general-sans/GeneralSansMedium.tsx(4998,5): error TS2339: Property 'hkern' does not exist on type 'JSX.IntrinsicElements'.
src/icons/Fonts/general-sans/GeneralSansMedium.tsx(4999,5): error TS2339: Property 'hkern' does not exist on type 'JSX.IntrinsicElements'.
src/icons/Fonts/general-sans/GeneralSansMedium.tsx(5000,5): error TS2339: Property 'hkern' does not exist on type 'JSX.IntrinsicElements'.
src/icons/Fonts/general-sans/GeneralSansMedium.tsx(5001,5): error TS2339: Property 'hkern' does not exist on type 'JSX.IntrinsicElements'.
src/icons/Fonts/general-sans/GeneralSansMedium.tsx(5002,5): error TS2339: Property 'hkern' does not exist on type 'JSX.IntrinsicElements'.
src/icons/Fonts/general-sans/GeneralSansMedium.tsx(5003,5): error TS2339: Property 'hkern' does not exist on type 'JSX.IntrinsicElements'.
src/icons/Fonts/general-sans/GeneralSansMedium.tsx(5004,5): error TS2339: Property 'hkern' does not exist on type 'JSX.IntrinsicElements'.
src/icons/Fonts/general-sans/GeneralSansMedium.tsx(5005,5): error TS2339: Property 'hkern' does not exist on type 'JSX.IntrinsicElements'.
src/icons/Fonts/general-sans/GeneralSansMedium.tsx(5006,5): error TS2339: Property 'hkern' does not exist on type 'JSX.IntrinsicElements'.
src/icons/Fonts/general-sans/GeneralSansMedium.tsx(5007,5): error TS2339: Property 'hkern' does not exist on type 'JSX.IntrinsicElements'.
src/icons/Fonts/general-sans/GeneralSansMedium.tsx(5008,5): error TS2339: Property 'hkern' does not exist on type 'JSX.IntrinsicElements'.
src/icons/Fonts/general-sans/GeneralSansMedium.tsx(5009,5): error TS2339: Property 'hkern' does not exist on type 'JSX.IntrinsicElements'.
src/icons/Fonts/general-sans/GeneralSansMedium.tsx(5010,5): error TS2339: Property 'hkern' does not exist on type 'JSX.IntrinsicElements'.
src/icons/Fonts/general-sans/GeneralSansMedium.tsx(5011,5): error TS2339: Property 'hkern' does not exist on type 'JSX.IntrinsicElements'.
src/icons/Fonts/general-sans/GeneralSansMedium.tsx(5012,5): error TS2339: Property 'hkern' does not exist on type 'JSX.IntrinsicElements'.
src/icons/Fonts/general-sans/GeneralSansMedium.tsx(5013,5): error TS2339: Property 'hkern' does not exist on type 'JSX.IntrinsicElements'.
src/icons/Fonts/general-sans/GeneralSansMedium.tsx(5014,5): error TS2339: Property 'hkern' does not exist on type 'JSX.IntrinsicElements'.
src/icons/Fonts/general-sans/GeneralSansMedium.tsx(5015,5): error TS2339: Property 'hkern' does not exist on type 'JSX.IntrinsicElements'.
src/icons/Fonts/general-sans/GeneralSansMedium.tsx(5016,5): error TS2339: Property 'hkern' does not exist on type 'JSX.IntrinsicElements'.
src/icons/Fonts/general-sans/GeneralSansMedium.tsx(5017,5): error TS2339: Property 'hkern' does not exist on type 'JSX.IntrinsicElements'.
src/icons/Fonts/general-sans/GeneralSansMedium.tsx(5018,5): error TS2339: Property 'hkern' does not exist on type 'JSX.IntrinsicElements'.
src/icons/Fonts/general-sans/GeneralSansMedium.tsx(5019,5): error TS2339: Property 'hkern' does not exist on type 'JSX.IntrinsicElements'.
src/icons/Fonts/general-sans/GeneralSansMedium.tsx(5020,5): error TS2339: Property 'hkern' does not exist on type 'JSX.IntrinsicElements'.
src/icons/Fonts/general-sans/GeneralSansMedium.tsx(5021,5): error TS2339: Property 'hkern' does not exist on type 'JSX.IntrinsicElements'.
src/icons/Fonts/general-sans/GeneralSansMedium.tsx(5022,5): error TS2339: Property 'hkern' does not exist on type 'JSX.IntrinsicElements'.
src/icons/Fonts/general-sans/GeneralSansMedium.tsx(5023,5): error TS2339: Property 'hkern' does not exist on type 'JSX.IntrinsicElements'.
src/icons/Fonts/general-sans/GeneralSansMedium.tsx(5024,5): error TS2339: Property 'hkern' does not exist on type 'JSX.IntrinsicElements'.
src/icons/Fonts/general-sans/GeneralSansMedium.tsx(5025,5): error TS2339: Property 'hkern' does not exist on type 'JSX.IntrinsicElements'.
src/icons/Fonts/general-sans/GeneralSansMedium.tsx(5026,5): error TS2339: Property 'hkern' does not exist on type 'JSX.IntrinsicElements'.
src/icons/Fonts/general-sans/GeneralSansMedium.tsx(5027,5): error TS2339: Property 'hkern' does not exist on type 'JSX.IntrinsicElements'.
src/icons/Fonts/general-sans/GeneralSansMedium.tsx(5028,5): error TS2339: Property 'hkern' does not exist on type 'JSX.IntrinsicElements'.
src/icons/Fonts/general-sans/GeneralSansMedium.tsx(5029,5): error TS2339: Property 'hkern' does not exist on type 'JSX.IntrinsicElements'.
src/icons/Fonts/general-sans/GeneralSansMedium.tsx(5030,5): error TS2339: Property 'hkern' does not exist on type 'JSX.IntrinsicElements'.
src/icons/Fonts/general-sans/GeneralSansMedium.tsx(5031,5): error TS2339: Property 'hkern' does not exist on type 'JSX.IntrinsicElements'.
src/icons/Fonts/general-sans/GeneralSansMedium.tsx(5032,5): error TS2339: Property 'hkern' does not exist on type 'JSX.IntrinsicElements'.
src/icons/Fonts/general-sans/GeneralSansMedium.tsx(5033,5): error TS2339: Property 'hkern' does not exist on type 'JSX.IntrinsicElements'.
src/icons/Fonts/general-sans/GeneralSansMedium.tsx(5034,5): error TS2339: Property 'hkern' does not exist on type 'JSX.IntrinsicElements'.
src/icons/Fonts/general-sans/GeneralSansMedium.tsx(5035,5): error TS2339: Property 'hkern' does not exist on type 'JSX.IntrinsicElements'.
src/icons/Fonts/general-sans/GeneralSansMedium.tsx(5036,5): error TS2339: Property 'hkern' does not exist on type 'JSX.IntrinsicElements'.
src/icons/Fonts/general-sans/GeneralSansMedium.tsx(5037,5): error TS2339: Property 'hkern' does not exist on type 'JSX.IntrinsicElements'.
src/icons/Fonts/general-sans/GeneralSansMedium.tsx(5038,5): error TS2339: Property 'hkern' does not exist on type 'JSX.IntrinsicElements'.
src/icons/Fonts/general-sans/GeneralSansMedium.tsx(5039,5): error TS2339: Property 'hkern' does not exist on type 'JSX.IntrinsicElements'.
src/icons/Fonts/general-sans/GeneralSansMedium.tsx(5040,5): error TS2339: Property 'hkern' does not exist on type 'JSX.IntrinsicElements'.
src/icons/Fonts/general-sans/GeneralSansMedium.tsx(5041,5): error TS2339: Property 'hkern' does not exist on type 'JSX.IntrinsicElements'.
src/icons/Fonts/general-sans/GeneralSansMedium.tsx(5042,5): error TS2339: Property 'hkern' does not exist on type 'JSX.IntrinsicElements'.
src/icons/Fonts/general-sans/GeneralSansMedium.tsx(5043,5): error TS2339: Property 'hkern' does not exist on type 'JSX.IntrinsicElements'.
src/icons/Fonts/general-sans/GeneralSansMedium.tsx(5044,5): error TS2339: Property 'hkern' does not exist on type 'JSX.IntrinsicElements'.
src/icons/Fonts/general-sans/GeneralSansMedium.tsx(5045,5): error TS2339: Property 'hkern' does not exist on type 'JSX.IntrinsicElements'.
src/icons/Fonts/general-sans/GeneralSansMedium.tsx(5046,5): error TS2339: Property 'hkern' does not exist on type 'JSX.IntrinsicElements'.
src/icons/Fonts/general-sans/GeneralSansMedium.tsx(5047,5): error TS2339: Property 'hkern' does not exist on type 'JSX.IntrinsicElements'.
src/icons/Fonts/general-sans/GeneralSansMedium.tsx(5048,5): error TS2339: Property 'hkern' does not exist on type 'JSX.IntrinsicElements'.
src/icons/Fonts/general-sans/GeneralSansMedium.tsx(5049,5): error TS2339: Property 'hkern' does not exist on type 'JSX.IntrinsicElements'.
src/icons/Fonts/general-sans/GeneralSansMedium.tsx(5050,5): error TS2339: Property 'hkern' does not exist on type 'JSX.IntrinsicElements'.
src/icons/Fonts/general-sans/GeneralSansMedium.tsx(5051,5): error TS2339: Property 'hkern' does not exist on type 'JSX.IntrinsicElements'.
src/icons/Fonts/general-sans/GeneralSansMedium.tsx(5052,5): error TS2339: Property 'hkern' does not exist on type 'JSX.IntrinsicElements'.
src/icons/Fonts/general-sans/GeneralSansMedium.tsx(5053,5): error TS2339: Property 'hkern' does not exist on type 'JSX.IntrinsicElements'.
src/icons/Fonts/general-sans/GeneralSansMedium.tsx(5054,5): error TS2339: Property 'hkern' does not exist on type 'JSX.IntrinsicElements'.
src/icons/Fonts/general-sans/GeneralSansMedium.tsx(5055,5): error TS2339: Property 'hkern' does not exist on type 'JSX.IntrinsicElements'.
src/icons/Fonts/general-sans/GeneralSansMedium.tsx(5056,5): error TS2339: Property 'hkern' does not exist on type 'JSX.IntrinsicElements'.
src/icons/Fonts/general-sans/GeneralSansMedium.tsx(5057,5): error TS2339: Property 'hkern' does not exist on type 'JSX.IntrinsicElements'.
src/icons/Fonts/general-sans/GeneralSansMedium.tsx(5058,5): error TS2339: Property 'hkern' does not exist on type 'JSX.IntrinsicElements'.
src/icons/Fonts/general-sans/GeneralSansMedium.tsx(5059,5): error TS2339: Property 'hkern' does not exist on type 'JSX.IntrinsicElements'.
src/icons/Fonts/general-sans/GeneralSansMedium.tsx(5060,5): error TS2339: Property 'hkern' does not exist on type 'JSX.IntrinsicElements'.
src/icons/Fonts/general-sans/GeneralSansMedium.tsx(5061,5): error TS2339: Property 'hkern' does not exist on type 'JSX.IntrinsicElements'.
src/icons/Fonts/general-sans/GeneralSansMedium.tsx(5062,5): error TS2339: Property 'hkern' does not exist on type 'JSX.IntrinsicElements'.
src/icons/Fonts/general-sans/GeneralSansMedium.tsx(5063,5): error TS2339: Property 'hkern' does not exist on type 'JSX.IntrinsicElements'.
src/icons/Fonts/general-sans/GeneralSansMedium.tsx(5064,5): error TS2339: Property 'hkern' does not exist on type 'JSX.IntrinsicElements'.
src/icons/Fonts/general-sans/GeneralSansMedium.tsx(5065,5): error TS2339: Property 'hkern' does not exist on type 'JSX.IntrinsicElements'.
src/icons/Fonts/general-sans/GeneralSansMedium.tsx(5066,5): error TS2339: Property 'hkern' does not exist on type 'JSX.IntrinsicElements'.
src/icons/Fonts/general-sans/GeneralSansMedium.tsx(5067,5): error TS2339: Property 'hkern' does not exist on type 'JSX.IntrinsicElements'.
src/icons/Fonts/general-sans/GeneralSansMedium.tsx(5068,5): error TS2339: Property 'hkern' does not exist on type 'JSX.IntrinsicElements'.
src/icons/Fonts/general-sans/GeneralSansMedium.tsx(5069,5): error TS2339: Property 'hkern' does not exist on type 'JSX.IntrinsicElements'.
src/icons/Fonts/general-sans/GeneralSansMedium.tsx(5070,5): error TS2339: Property 'hkern' does not exist on type 'JSX.IntrinsicElements'.
src/icons/Fonts/general-sans/GeneralSansMedium.tsx(5071,5): error TS2339: Property 'hkern' does not exist on type 'JSX.IntrinsicElements'.
src/icons/Fonts/general-sans/GeneralSansMedium.tsx(5072,5): error TS2339: Property 'hkern' does not exist on type 'JSX.IntrinsicElements'.
src/icons/Fonts/general-sans/GeneralSansMedium.tsx(5073,5): error TS2339: Property 'hkern' does not exist on type 'JSX.IntrinsicElements'.
src/icons/Fonts/general-sans/GeneralSansMedium.tsx(5074,5): error TS2339: Property 'hkern' does not exist on type 'JSX.IntrinsicElements'.
src/icons/Fonts/general-sans/GeneralSansMedium.tsx(5075,5): error TS2339: Property 'hkern' does not exist on type 'JSX.IntrinsicElements'.
src/icons/Fonts/general-sans/GeneralSansMedium.tsx(5076,5): error TS2339: Property 'hkern' does not exist on type 'JSX.IntrinsicElements'.
src/icons/Fonts/general-sans/GeneralSansMedium.tsx(5077,5): error TS2339: Property 'hkern' does not exist on type 'JSX.IntrinsicElements'.
src/icons/Fonts/general-sans/GeneralSansMedium.tsx(5078,5): error TS2339: Property 'hkern' does not exist on type 'JSX.IntrinsicElements'.
src/icons/Fonts/general-sans/GeneralSansMedium.tsx(5079,5): error TS2339: Property 'hkern' does not exist on type 'JSX.IntrinsicElements'.
src/icons/Fonts/general-sans/GeneralSansMedium.tsx(5080,5): error TS2339: Property 'hkern' does not exist on type 'JSX.IntrinsicElements'.
src/icons/Fonts/general-sans/GeneralSansMedium.tsx(5081,5): error TS2339: Property 'hkern' does not exist on type 'JSX.IntrinsicElements'.
src/icons/Fonts/general-sans/GeneralSansMedium.tsx(5082,5): error TS2339: Property 'hkern' does not exist on type 'JSX.IntrinsicElements'.
src/icons/Fonts/general-sans/GeneralSansMedium.tsx(5083,5): error TS2339: Property 'hkern' does not exist on type 'JSX.IntrinsicElements'.
src/icons/Fonts/general-sans/GeneralSansMedium.tsx(5084,5): error TS2339: Property 'hkern' does not exist on type 'JSX.IntrinsicElements'.
src/icons/Fonts/general-sans/GeneralSansMedium.tsx(5085,5): error TS2339: Property 'hkern' does not exist on type 'JSX.IntrinsicElements'.
src/icons/Fonts/general-sans/GeneralSansMedium.tsx(5086,5): error TS2339: Property 'hkern' does not exist on type 'JSX.IntrinsicElements'.
src/icons/Fonts/general-sans/GeneralSansMedium.tsx(5087,5): error TS2339: Property 'hkern' does not exist on type 'JSX.IntrinsicElements'.
src/icons/Fonts/general-sans/GeneralSansMedium.tsx(5088,5): error TS2339: Property 'hkern' does not exist on type 'JSX.IntrinsicElements'.
src/icons/Fonts/general-sans/GeneralSansMedium.tsx(5089,5): error TS2339: Property 'hkern' does not exist on type 'JSX.IntrinsicElements'.
src/icons/Fonts/general-sans/GeneralSansMedium.tsx(5090,5): error TS2339: Property 'hkern' does not exist on type 'JSX.IntrinsicElements'.
src/icons/Fonts/general-sans/GeneralSansMedium.tsx(5091,5): error TS2339: Property 'hkern' does not exist on type 'JSX.IntrinsicElements'.
src/icons/Fonts/general-sans/GeneralSansMedium.tsx(5092,5): error TS2339: Property 'hkern' does not exist on type 'JSX.IntrinsicElements'.
src/icons/Fonts/general-sans/GeneralSansMedium.tsx(5093,5): error TS2339: Property 'hkern' does not exist on type 'JSX.IntrinsicElements'.
src/icons/Fonts/general-sans/GeneralSansMedium.tsx(5094,5): error TS2339: Property 'hkern' does not exist on type 'JSX.IntrinsicElements'.
src/icons/Fonts/general-sans/GeneralSansMedium.tsx(5095,5): error TS2339: Property 'hkern' does not exist on type 'JSX.IntrinsicElements'.
src/icons/Fonts/general-sans/GeneralSansMedium.tsx(5096,5): error TS2339: Property 'hkern' does not exist on type 'JSX.IntrinsicElements'.
src/icons/Fonts/general-sans/GeneralSansMedium.tsx(5097,5): error TS2339: Property 'hkern' does not exist on type 'JSX.IntrinsicElements'.
src/icons/Fonts/general-sans/GeneralSansMedium.tsx(5098,5): error TS2339: Property 'hkern' does not exist on type 'JSX.IntrinsicElements'.
src/icons/Fonts/general-sans/GeneralSansMedium.tsx(5099,5): error TS2339: Property 'hkern' does not exist on type 'JSX.IntrinsicElements'.
src/icons/Fonts/general-sans/GeneralSansMedium.tsx(5100,5): error TS2339: Property 'hkern' does not exist on type 'JSX.IntrinsicElements'.
src/icons/Fonts/general-sans/GeneralSansMedium.tsx(5101,5): error TS2339: Property 'hkern' does not exist on type 'JSX.IntrinsicElements'.
src/icons/Fonts/general-sans/GeneralSansMedium.tsx(5102,5): error TS2339: Property 'hkern' does not exist on type 'JSX.IntrinsicElements'.
src/icons/Fonts/general-sans/GeneralSansMedium.tsx(5103,5): error TS2339: Property 'hkern' does not exist on type 'JSX.IntrinsicElements'.
src/icons/Fonts/general-sans/GeneralSansMedium.tsx(5104,5): error TS2339: Property 'hkern' does not exist on type 'JSX.IntrinsicElements'.
src/icons/Fonts/general-sans/GeneralSansMedium.tsx(5105,5): error TS2339: Property 'hkern' does not exist on type 'JSX.IntrinsicElements'.
src/icons/Fonts/general-sans/GeneralSansMedium.tsx(5106,5): error TS2339: Property 'hkern' does not exist on type 'JSX.IntrinsicElements'.
src/icons/Fonts/general-sans/GeneralSansMedium.tsx(5107,5): error TS2339: Property 'hkern' does not exist on type 'JSX.IntrinsicElements'.
src/icons/Fonts/general-sans/GeneralSansMedium.tsx(5108,5): error TS2339: Property 'hkern' does not exist on type 'JSX.IntrinsicElements'.
src/icons/Fonts/general-sans/GeneralSansMedium.tsx(5109,5): error TS2339: Property 'hkern' does not exist on type 'JSX.IntrinsicElements'.
src/icons/Fonts/general-sans/GeneralSansMedium.tsx(5110,5): error TS2339: Property 'hkern' does not exist on type 'JSX.IntrinsicElements'.
src/icons/Fonts/general-sans/GeneralSansMedium.tsx(5111,5): error TS2339: Property 'hkern' does not exist on type 'JSX.IntrinsicElements'.
src/icons/Fonts/general-sans/GeneralSansMedium.tsx(5112,5): error TS2339: Property 'hkern' does not exist on type 'JSX.IntrinsicElements'.
src/icons/Fonts/general-sans/GeneralSansMedium.tsx(5113,5): error TS2339: Property 'hkern' does not exist on type 'JSX.IntrinsicElements'.
src/icons/Fonts/general-sans/GeneralSansMedium.tsx(5114,5): error TS2339: Property 'hkern' does not exist on type 'JSX.IntrinsicElements'.
src/icons/Fonts/general-sans/GeneralSansMedium.tsx(5115,5): error TS2339: Property 'hkern' does not exist on type 'JSX.IntrinsicElements'.
src/icons/Fonts/general-sans/GeneralSansMedium.tsx(5116,5): error TS2339: Property 'hkern' does not exist on type 'JSX.IntrinsicElements'.
src/icons/Fonts/general-sans/GeneralSansMedium.tsx(5117,5): error TS2339: Property 'hkern' does not exist on type 'JSX.IntrinsicElements'.
src/icons/Fonts/general-sans/GeneralSansMedium.tsx(5118,5): error TS2339: Property 'hkern' does not exist on type 'JSX.IntrinsicElements'.
src/icons/Fonts/general-sans/GeneralSansMedium.tsx(5119,5): error TS2339: Property 'hkern' does not exist on type 'JSX.IntrinsicElements'.
src/icons/Fonts/general-sans/GeneralSansMedium.tsx(5120,5): error TS2339: Property 'hkern' does not exist on type 'JSX.IntrinsicElements'.
src/icons/Fonts/general-sans/GeneralSansMedium.tsx(5121,5): error TS2339: Property 'hkern' does not exist on type 'JSX.IntrinsicElements'.
src/icons/Fonts/general-sans/GeneralSansMedium.tsx(5122,5): error TS2339: Property 'hkern' does not exist on type 'JSX.IntrinsicElements'.
src/icons/Fonts/general-sans/GeneralSansMedium.tsx(5123,5): error TS2339: Property 'hkern' does not exist on type 'JSX.IntrinsicElements'.
src/icons/Fonts/general-sans/GeneralSansMedium.tsx(5124,5): error TS2339: Property 'hkern' does not exist on type 'JSX.IntrinsicElements'.
src/icons/Fonts/general-sans/GeneralSansMedium.tsx(5125,5): error TS2339: Property 'hkern' does not exist on type 'JSX.IntrinsicElements'.
src/icons/Fonts/general-sans/GeneralSansMedium.tsx(5126,5): error TS2339: Property 'hkern' does not exist on type 'JSX.IntrinsicElements'.
src/icons/Fonts/general-sans/GeneralSansMedium.tsx(5127,5): error TS2339: Property 'hkern' does not exist on type 'JSX.IntrinsicElements'.
src/icons/Fonts/general-sans/GeneralSansMedium.tsx(5128,5): error TS2339: Property 'hkern' does not exist on type 'JSX.IntrinsicElements'.
src/icons/Fonts/general-sans/GeneralSansMedium.tsx(5129,5): error TS2339: Property 'hkern' does not exist on type 'JSX.IntrinsicElements'.
src/icons/Fonts/general-sans/GeneralSansMedium.tsx(5130,5): error TS2339: Property 'hkern' does not exist on type 'JSX.IntrinsicElements'.
src/icons/Fonts/general-sans/GeneralSansMedium.tsx(5131,5): error TS2339: Property 'hkern' does not exist on type 'JSX.IntrinsicElements'.
src/icons/Fonts/general-sans/GeneralSansMedium.tsx(5132,5): error TS2339: Property 'hkern' does not exist on type 'JSX.IntrinsicElements'.
src/icons/Fonts/general-sans/GeneralSansMedium.tsx(5133,5): error TS2339: Property 'hkern' does not exist on type 'JSX.IntrinsicElements'.
src/icons/Fonts/general-sans/GeneralSansMedium.tsx(5134,5): error TS2339: Property 'hkern' does not exist on type 'JSX.IntrinsicElements'.
src/icons/Fonts/general-sans/GeneralSansMedium.tsx(5135,5): error TS2339: Property 'hkern' does not exist on type 'JSX.IntrinsicElements'.
src/icons/Fonts/general-sans/GeneralSansMedium.tsx(5136,5): error TS2339: Property 'hkern' does not exist on type 'JSX.IntrinsicElements'.
src/icons/Fonts/general-sans/GeneralSansMedium.tsx(5137,5): error TS2339: Property 'hkern' does not exist on type 'JSX.IntrinsicElements'.
src/icons/Fonts/general-sans/GeneralSansMedium.tsx(5138,5): error TS2339: Property 'hkern' does not exist on type 'JSX.IntrinsicElements'.
src/icons/Fonts/general-sans/GeneralSansMedium.tsx(5139,5): error TS2339: Property 'hkern' does not exist on type 'JSX.IntrinsicElements'.
src/icons/Fonts/general-sans/GeneralSansMedium.tsx(5140,5): error TS2339: Property 'hkern' does not exist on type 'JSX.IntrinsicElements'.
src/icons/Fonts/general-sans/GeneralSansMedium.tsx(5141,5): error TS2339: Property 'hkern' does not exist on type 'JSX.IntrinsicElements'.
src/icons/Fonts/general-sans/GeneralSansMedium.tsx(5142,5): error TS2339: Property 'hkern' does not exist on type 'JSX.IntrinsicElements'.
src/icons/Fonts/general-sans/GeneralSansMedium.tsx(5143,5): error TS2339: Property 'hkern' does not exist on type 'JSX.IntrinsicElements'.
src/icons/Fonts/general-sans/GeneralSansMedium.tsx(5144,5): error TS2339: Property 'hkern' does not exist on type 'JSX.IntrinsicElements'.
src/icons/Fonts/general-sans/GeneralSansMedium.tsx(5145,5): error TS2339: Property 'hkern' does not exist on type 'JSX.IntrinsicElements'.
src/icons/Fonts/general-sans/GeneralSansMedium.tsx(5146,5): error TS2339: Property 'hkern' does not exist on type 'JSX.IntrinsicElements'.
src/icons/Fonts/general-sans/GeneralSansMedium.tsx(5147,5): error TS2339: Property 'hkern' does not exist on type 'JSX.IntrinsicElements'.
src/icons/Fonts/general-sans/GeneralSansMedium.tsx(5148,5): error TS2339: Property 'hkern' does not exist on type 'JSX.IntrinsicElements'.
src/icons/Fonts/general-sans/GeneralSansMedium.tsx(5149,5): error TS2339: Property 'hkern' does not exist on type 'JSX.IntrinsicElements'.
src/icons/Fonts/general-sans/GeneralSansMedium.tsx(5150,5): error TS2339: Property 'hkern' does not exist on type 'JSX.IntrinsicElements'.
src/icons/Fonts/general-sans/GeneralSansMedium.tsx(5151,5): error TS2339: Property 'hkern' does not exist on type 'JSX.IntrinsicElements'.
src/icons/Fonts/general-sans/GeneralSansMedium.tsx(5152,5): error TS2339: Property 'hkern' does not exist on type 'JSX.IntrinsicElements'.
src/icons/Fonts/general-sans/GeneralSansMedium.tsx(5153,5): error TS2339: Property 'hkern' does not exist on type 'JSX.IntrinsicElements'.
src/icons/Fonts/general-sans/GeneralSansMedium.tsx(5154,5): error TS2339: Property 'hkern' does not exist on type 'JSX.IntrinsicElements'.
src/icons/Fonts/general-sans/GeneralSansMedium.tsx(5155,5): error TS2339: Property 'hkern' does not exist on type 'JSX.IntrinsicElements'.
src/icons/Fonts/general-sans/GeneralSansMedium.tsx(5156,5): error TS2339: Property 'hkern' does not exist on type 'JSX.IntrinsicElements'.
src/icons/Fonts/general-sans/GeneralSansMedium.tsx(5157,5): error TS2339: Property 'hkern' does not exist on type 'JSX.IntrinsicElements'.
src/icons/Fonts/general-sans/GeneralSansMedium.tsx(5158,5): error TS2339: Property 'hkern' does not exist on type 'JSX.IntrinsicElements'.
src/icons/Fonts/general-sans/GeneralSansMedium.tsx(5159,5): error TS2339: Property 'hkern' does not exist on type 'JSX.IntrinsicElements'.
src/icons/Fonts/general-sans/GeneralSansMedium.tsx(5160,5): error TS2339: Property 'hkern' does not exist on type 'JSX.IntrinsicElements'.
src/icons/Fonts/general-sans/GeneralSansMedium.tsx(5161,5): error TS2339: Property 'hkern' does not exist on type 'JSX.IntrinsicElements'.
src/icons/Fonts/general-sans/GeneralSansMedium.tsx(5162,5): error TS2339: Property 'hkern' does not exist on type 'JSX.IntrinsicElements'.
src/icons/Fonts/general-sans/GeneralSansMedium.tsx(5163,5): error TS2339: Property 'hkern' does not exist on type 'JSX.IntrinsicElements'.
src/icons/Fonts/general-sans/GeneralSansMedium.tsx(5164,5): error TS2339: Property 'hkern' does not exist on type 'JSX.IntrinsicElements'.
src/icons/Fonts/general-sans/GeneralSansMedium.tsx(5165,5): error TS2339: Property 'hkern' does not exist on type 'JSX.IntrinsicElements'.
src/icons/Fonts/general-sans/GeneralSansMedium.tsx(5166,5): error TS2339: Property 'hkern' does not exist on type 'JSX.IntrinsicElements'.
src/icons/Fonts/general-sans/GeneralSansMedium.tsx(5167,5): error TS2339: Property 'hkern' does not exist on type 'JSX.IntrinsicElements'.
src/icons/Fonts/general-sans/GeneralSansMedium.tsx(5168,5): error TS2339: Property 'hkern' does not exist on type 'JSX.IntrinsicElements'.
src/icons/Fonts/general-sans/GeneralSansMedium.tsx(5169,5): error TS2339: Property 'hkern' does not exist on type 'JSX.IntrinsicElements'.
src/icons/Fonts/general-sans/GeneralSansMedium.tsx(5170,5): error TS2339: Property 'hkern' does not exist on type 'JSX.IntrinsicElements'.
src/icons/Fonts/general-sans/GeneralSansMedium.tsx(5171,5): error TS2339: Property 'hkern' does not exist on type 'JSX.IntrinsicElements'.
src/icons/Fonts/general-sans/GeneralSansMedium.tsx(5172,5): error TS2339: Property 'hkern' does not exist on type 'JSX.IntrinsicElements'.
src/icons/Fonts/general-sans/GeneralSansMedium.tsx(5173,5): error TS2339: Property 'hkern' does not exist on type 'JSX.IntrinsicElements'.
src/icons/Fonts/general-sans/GeneralSansMedium.tsx(5174,5): error TS2339: Property 'hkern' does not exist on type 'JSX.IntrinsicElements'.
src/icons/Fonts/general-sans/GeneralSansMedium.tsx(5175,5): error TS2339: Property 'hkern' does not exist on type 'JSX.IntrinsicElements'.
src/icons/Fonts/general-sans/GeneralSansMedium.tsx(5176,5): error TS2339: Property 'hkern' does not exist on type 'JSX.IntrinsicElements'.
src/icons/Fonts/general-sans/GeneralSansMedium.tsx(5177,5): error TS2339: Property 'hkern' does not exist on type 'JSX.IntrinsicElements'.
src/icons/Fonts/general-sans/GeneralSansMedium.tsx(5178,5): error TS2339: Property 'hkern' does not exist on type 'JSX.IntrinsicElements'.
src/icons/Fonts/general-sans/GeneralSansMedium.tsx(5179,5): error TS2339: Property 'hkern' does not exist on type 'JSX.IntrinsicElements'.
src/icons/Fonts/general-sans/GeneralSansMedium.tsx(5180,5): error TS2339: Property 'hkern' does not exist on type 'JSX.IntrinsicElements'.
src/icons/Fonts/general-sans/GeneralSansMedium.tsx(5181,5): error TS2339: Property 'hkern' does not exist on type 'JSX.IntrinsicElements'.
src/icons/Fonts/general-sans/GeneralSansMedium.tsx(5182,5): error TS2339: Property 'hkern' does not exist on type 'JSX.IntrinsicElements'.
src/icons/Fonts/general-sans/GeneralSansMedium.tsx(5183,5): error TS2339: Property 'hkern' does not exist on type 'JSX.IntrinsicElements'.
src/icons/Fonts/general-sans/GeneralSansMedium.tsx(5184,5): error TS2339: Property 'hkern' does not exist on type 'JSX.IntrinsicElements'.
src/icons/Fonts/general-sans/GeneralSansMedium.tsx(5185,5): error TS2339: Property 'hkern' does not exist on type 'JSX.IntrinsicElements'.
src/icons/Fonts/general-sans/GeneralSansMedium.tsx(5186,5): error TS2339: Property 'hkern' does not exist on type 'JSX.IntrinsicElements'.
src/icons/Fonts/general-sans/GeneralSansMedium.tsx(5187,5): error TS2339: Property 'hkern' does not exist on type 'JSX.IntrinsicElements'.
src/icons/Fonts/general-sans/GeneralSansMedium.tsx(5188,5): error TS2339: Property 'hkern' does not exist on type 'JSX.IntrinsicElements'.
src/icons/Fonts/general-sans/GeneralSansMedium.tsx(5189,5): error TS2339: Property 'hkern' does not exist on type 'JSX.IntrinsicElements'.
src/icons/Fonts/general-sans/GeneralSansMedium.tsx(5190,5): error TS2339: Property 'hkern' does not exist on type 'JSX.IntrinsicElements'.
src/icons/Fonts/general-sans/GeneralSansMedium.tsx(5191,5): error TS2339: Property 'hkern' does not exist on type 'JSX.IntrinsicElements'.
src/icons/Fonts/general-sans/GeneralSansMedium.tsx(5192,5): error TS2339: Property 'hkern' does not exist on type 'JSX.IntrinsicElements'.
src/icons/Fonts/general-sans/GeneralSansMedium.tsx(5193,5): error TS2339: Property 'hkern' does not exist on type 'JSX.IntrinsicElements'.
src/icons/Fonts/general-sans/GeneralSansMedium.tsx(5194,5): error TS2339: Property 'hkern' does not exist on type 'JSX.IntrinsicElements'.
src/icons/Fonts/general-sans/GeneralSansMedium.tsx(5195,5): error TS2339: Property 'hkern' does not exist on type 'JSX.IntrinsicElements'.
src/icons/Fonts/general-sans/GeneralSansMedium.tsx(5196,5): error TS2339: Property 'hkern' does not exist on type 'JSX.IntrinsicElements'.
src/icons/Fonts/general-sans/GeneralSansMedium.tsx(5197,5): error TS2339: Property 'hkern' does not exist on type 'JSX.IntrinsicElements'.
src/icons/Fonts/general-sans/GeneralSansMedium.tsx(5198,5): error TS2339: Property 'hkern' does not exist on type 'JSX.IntrinsicElements'.
src/icons/Fonts/general-sans/GeneralSansMedium.tsx(5199,5): error TS2339: Property 'hkern' does not exist on type 'JSX.IntrinsicElements'.
src/icons/Fonts/general-sans/GeneralSansMedium.tsx(5200,5): error TS2339: Property 'hkern' does not exist on type 'JSX.IntrinsicElements'.
src/icons/Fonts/general-sans/GeneralSansMedium.tsx(5201,5): error TS2339: Property 'hkern' does not exist on type 'JSX.IntrinsicElements'.
src/icons/Fonts/general-sans/GeneralSansMedium.tsx(5202,5): error TS2339: Property 'hkern' does not exist on type 'JSX.IntrinsicElements'.
src/icons/Fonts/general-sans/GeneralSansMedium.tsx(5203,5): error TS2339: Property 'hkern' does not exist on type 'JSX.IntrinsicElements'.
src/icons/Fonts/general-sans/GeneralSansMedium.tsx(5204,5): error TS2339: Property 'hkern' does not exist on type 'JSX.IntrinsicElements'.
src/icons/Fonts/general-sans/GeneralSansMedium.tsx(5205,5): error TS2339: Property 'hkern' does not exist on type 'JSX.IntrinsicElements'.
src/icons/Fonts/general-sans/GeneralSansMedium.tsx(5206,5): error TS2339: Property 'hkern' does not exist on type 'JSX.IntrinsicElements'.
src/icons/Fonts/general-sans/GeneralSansMedium.tsx(5207,5): error TS2339: Property 'hkern' does not exist on type 'JSX.IntrinsicElements'.
src/icons/Fonts/general-sans/GeneralSansMedium.tsx(5208,5): error TS2339: Property 'hkern' does not exist on type 'JSX.IntrinsicElements'.
src/icons/Fonts/general-sans/GeneralSansMedium.tsx(5209,5): error TS2339: Property 'hkern' does not exist on type 'JSX.IntrinsicElements'.
src/icons/Fonts/general-sans/GeneralSansMedium.tsx(5210,5): error TS2339: Property 'hkern' does not exist on type 'JSX.IntrinsicElements'.
src/icons/Fonts/general-sans/GeneralSansMedium.tsx(5211,5): error TS2339: Property 'hkern' does not exist on type 'JSX.IntrinsicElements'.
src/icons/Fonts/general-sans/GeneralSansMedium.tsx(5212,5): error TS2339: Property 'hkern' does not exist on type 'JSX.IntrinsicElements'.
src/icons/Fonts/general-sans/GeneralSansMedium.tsx(5213,5): error TS2339: Property 'hkern' does not exist on type 'JSX.IntrinsicElements'.
src/icons/Fonts/general-sans/GeneralSansMedium.tsx(5214,5): error TS2339: Property 'hkern' does not exist on type 'JSX.IntrinsicElements'.
src/icons/Fonts/general-sans/GeneralSansMedium.tsx(5215,5): error TS2339: Property 'hkern' does not exist on type 'JSX.IntrinsicElements'.
src/icons/Fonts/general-sans/GeneralSansMedium.tsx(5216,5): error TS2339: Property 'hkern' does not exist on type 'JSX.IntrinsicElements'.
src/icons/Fonts/general-sans/GeneralSansMedium.tsx(5217,5): error TS2339: Property 'hkern' does not exist on type 'JSX.IntrinsicElements'.
src/icons/Fonts/general-sans/GeneralSansMedium.tsx(5218,5): error TS2339: Property 'hkern' does not exist on type 'JSX.IntrinsicElements'.
src/icons/Fonts/general-sans/GeneralSansMedium.tsx(5219,5): error TS2339: Property 'hkern' does not exist on type 'JSX.IntrinsicElements'.
src/icons/Fonts/general-sans/GeneralSansMedium.tsx(5220,5): error TS2339: Property 'hkern' does not exist on type 'JSX.IntrinsicElements'.
src/icons/Fonts/general-sans/GeneralSansMedium.tsx(5221,5): error TS2339: Property 'hkern' does not exist on type 'JSX.IntrinsicElements'.
src/icons/Fonts/general-sans/GeneralSansMedium.tsx(5222,5): error TS2339: Property 'hkern' does not exist on type 'JSX.IntrinsicElements'.
src/icons/Fonts/general-sans/GeneralSansMedium.tsx(5223,5): error TS2339: Property 'hkern' does not exist on type 'JSX.IntrinsicElements'.
src/icons/Fonts/general-sans/GeneralSansMedium.tsx(5226,5): error TS2339: Property 'hkern' does not exist on type 'JSX.IntrinsicElements'.
src/icons/Fonts/general-sans/GeneralSansMedium.tsx(5229,5): error TS2339: Property 'hkern' does not exist on type 'JSX.IntrinsicElements'.
src/icons/Fonts/general-sans/GeneralSansMedium.tsx(5232,5): error TS2339: Property 'hkern' does not exist on type 'JSX.IntrinsicElements'.
src/icons/Fonts/general-sans/GeneralSansMedium.tsx(5235,5): error TS2339: Property 'hkern' does not exist on type 'JSX.IntrinsicElements'.
src/icons/Fonts/general-sans/GeneralSansMedium.tsx(5238,5): error TS2339: Property 'hkern' does not exist on type 'JSX.IntrinsicElements'.
src/icons/Fonts/general-sans/GeneralSansMedium.tsx(5241,5): error TS2339: Property 'hkern' does not exist on type 'JSX.IntrinsicElements'.
src/icons/Fonts/general-sans/GeneralSansMedium.tsx(5244,5): error TS2339: Property 'hkern' does not exist on type 'JSX.IntrinsicElements'.
src/icons/Fonts/general-sans/GeneralSansMedium.tsx(5247,5): error TS2339: Property 'hkern' does not exist on type 'JSX.IntrinsicElements'.
src/icons/Fonts/general-sans/GeneralSansMedium.tsx(5250,5): error TS2339: Property 'hkern' does not exist on type 'JSX.IntrinsicElements'.
src/icons/Fonts/general-sans/GeneralSansMedium.tsx(5253,5): error TS2339: Property 'hkern' does not exist on type 'JSX.IntrinsicElements'.
src/icons/Fonts/general-sans/GeneralSansMedium.tsx(5256,5): error TS2339: Property 'hkern' does not exist on type 'JSX.IntrinsicElements'.
src/icons/Fonts/general-sans/GeneralSansMedium.tsx(5259,5): error TS2339: Property 'hkern' does not exist on type 'JSX.IntrinsicElements'.
src/icons/Fonts/general-sans/GeneralSansMedium.tsx(5262,5): error TS2339: Property 'hkern' does not exist on type 'JSX.IntrinsicElements'.
src/icons/Fonts/general-sans/GeneralSansMedium.tsx(5265,5): error TS2339: Property 'hkern' does not exist on type 'JSX.IntrinsicElements'.
src/icons/Fonts/general-sans/GeneralSansMedium.tsx(5268,5): error TS2339: Property 'hkern' does not exist on type 'JSX.IntrinsicElements'.
src/icons/Fonts/general-sans/GeneralSansMedium.tsx(5271,5): error TS2339: Property 'hkern' does not exist on type 'JSX.IntrinsicElements'.
src/icons/Fonts/general-sans/GeneralSansMedium.tsx(5274,5): error TS2339: Property 'hkern' does not exist on type 'JSX.IntrinsicElements'.
src/icons/Fonts/general-sans/GeneralSansMedium.tsx(5277,5): error TS2339: Property 'hkern' does not exist on type 'JSX.IntrinsicElements'.
src/icons/Fonts/general-sans/GeneralSansMedium.tsx(5280,5): error TS2339: Property 'hkern' does not exist on type 'JSX.IntrinsicElements'.
src/icons/Fonts/general-sans/GeneralSansMedium.tsx(5283,5): error TS2339: Property 'hkern' does not exist on type 'JSX.IntrinsicElements'.
src/icons/Fonts/general-sans/GeneralSansMedium.tsx(5286,5): error TS2339: Property 'hkern' does not exist on type 'JSX.IntrinsicElements'.
src/icons/Fonts/general-sans/GeneralSansMedium.tsx(5289,5): error TS2339: Property 'hkern' does not exist on type 'JSX.IntrinsicElements'.
src/icons/Fonts/general-sans/GeneralSansMedium.tsx(5292,5): error TS2339: Property 'hkern' does not exist on type 'JSX.IntrinsicElements'.
src/icons/Fonts/general-sans/GeneralSansMedium.tsx(5295,5): error TS2339: Property 'hkern' does not exist on type 'JSX.IntrinsicElements'.
src/icons/Fonts/general-sans/GeneralSansMedium.tsx(5298,5): error TS2339: Property 'hkern' does not exist on type 'JSX.IntrinsicElements'.
src/icons/Fonts/general-sans/GeneralSansMedium.tsx(5301,5): error TS2339: Property 'hkern' does not exist on type 'JSX.IntrinsicElements'.
src/icons/Fonts/general-sans/GeneralSansMedium.tsx(5304,5): error TS2339: Property 'hkern' does not exist on type 'JSX.IntrinsicElements'.
src/icons/Fonts/general-sans/GeneralSansMedium.tsx(5307,5): error TS2339: Property 'hkern' does not exist on type 'JSX.IntrinsicElements'.
src/icons/Fonts/general-sans/GeneralSansMedium.tsx(5310,5): error TS2339: Property 'hkern' does not exist on type 'JSX.IntrinsicElements'.
src/icons/Fonts/general-sans/GeneralSansMedium.tsx(5313,5): error TS2339: Property 'hkern' does not exist on type 'JSX.IntrinsicElements'.
src/icons/Fonts/general-sans/GeneralSansMedium.tsx(5316,5): error TS2339: Property 'hkern' does not exist on type 'JSX.IntrinsicElements'.
src/icons/Fonts/general-sans/GeneralSansMedium.tsx(5319,5): error TS2339: Property 'hkern' does not exist on type 'JSX.IntrinsicElements'.
src/icons/Fonts/general-sans/GeneralSansMedium.tsx(5322,5): error TS2339: Property 'hkern' does not exist on type 'JSX.IntrinsicElements'.
src/icons/Fonts/general-sans/GeneralSansMedium.tsx(5325,5): error TS2339: Property 'hkern' does not exist on type 'JSX.IntrinsicElements'.
src/icons/Fonts/general-sans/GeneralSansMedium.tsx(5328,5): error TS2339: Property 'hkern' does not exist on type 'JSX.IntrinsicElements'.
src/icons/Fonts/general-sans/GeneralSansMedium.tsx(5331,5): error TS2339: Property 'hkern' does not exist on type 'JSX.IntrinsicElements'.
src/icons/Fonts/general-sans/GeneralSansMedium.tsx(5334,5): error TS2339: Property 'hkern' does not exist on type 'JSX.IntrinsicElements'.
src/icons/Fonts/general-sans/GeneralSansMedium.tsx(5337,5): error TS2339: Property 'hkern' does not exist on type 'JSX.IntrinsicElements'.
src/icons/Fonts/general-sans/GeneralSansMedium.tsx(5340,5): error TS2339: Property 'hkern' does not exist on type 'JSX.IntrinsicElements'.
src/icons/Fonts/general-sans/GeneralSansMedium.tsx(5343,5): error TS2339: Property 'hkern' does not exist on type 'JSX.IntrinsicElements'.
src/icons/Fonts/general-sans/GeneralSansMedium.tsx(5346,5): error TS2339: Property 'hkern' does not exist on type 'JSX.IntrinsicElements'.
src/icons/Fonts/general-sans/GeneralSansMedium.tsx(5349,5): error TS2339: Property 'hkern' does not exist on type 'JSX.IntrinsicElements'.
src/icons/Fonts/general-sans/GeneralSansMedium.tsx(5352,5): error TS2339: Property 'hkern' does not exist on type 'JSX.IntrinsicElements'.
src/icons/Fonts/general-sans/GeneralSansMedium.tsx(5355,5): error TS2339: Property 'hkern' does not exist on type 'JSX.IntrinsicElements'.
src/icons/Fonts/general-sans/GeneralSansMedium.tsx(5358,5): error TS2339: Property 'hkern' does not exist on type 'JSX.IntrinsicElements'.
src/icons/Fonts/general-sans/GeneralSansMedium.tsx(5361,5): error TS2339: Property 'hkern' does not exist on type 'JSX.IntrinsicElements'.
src/icons/Fonts/general-sans/GeneralSansMedium.tsx(5364,5): error TS2339: Property 'hkern' does not exist on type 'JSX.IntrinsicElements'.
src/icons/Fonts/general-sans/GeneralSansMedium.tsx(5367,5): error TS2339: Property 'hkern' does not exist on type 'JSX.IntrinsicElements'.
src/icons/Fonts/general-sans/GeneralSansMedium.tsx(5370,5): error TS2339: Property 'hkern' does not exist on type 'JSX.IntrinsicElements'.
src/icons/Fonts/general-sans/GeneralSansMedium.tsx(5373,5): error TS2339: Property 'hkern' does not exist on type 'JSX.IntrinsicElements'.
src/icons/Fonts/general-sans/GeneralSansMedium.tsx(5376,5): error TS2339: Property 'hkern' does not exist on type 'JSX.IntrinsicElements'.
src/icons/Fonts/general-sans/GeneralSansMedium.tsx(5379,5): error TS2339: Property 'hkern' does not exist on type 'JSX.IntrinsicElements'.
src/icons/Fonts/general-sans/GeneralSansMedium.tsx(5382,5): error TS2339: Property 'hkern' does not exist on type 'JSX.IntrinsicElements'.
src/icons/Fonts/general-sans/GeneralSansMedium.tsx(5385,5): error TS2339: Property 'hkern' does not exist on type 'JSX.IntrinsicElements'.
src/icons/Fonts/general-sans/GeneralSansMedium.tsx(5388,5): error TS2339: Property 'hkern' does not exist on type 'JSX.IntrinsicElements'.
src/icons/Fonts/general-sans/GeneralSansMedium.tsx(5391,5): error TS2339: Property 'hkern' does not exist on type 'JSX.IntrinsicElements'.
src/icons/Fonts/general-sans/GeneralSansMedium.tsx(5394,5): error TS2339: Property 'hkern' does not exist on type 'JSX.IntrinsicElements'.
src/icons/Fonts/general-sans/GeneralSansMedium.tsx(5397,5): error TS2339: Property 'hkern' does not exist on type 'JSX.IntrinsicElements'.
src/icons/Fonts/general-sans/GeneralSansMedium.tsx(5400,5): error TS2339: Property 'hkern' does not exist on type 'JSX.IntrinsicElements'.
src/icons/Fonts/general-sans/GeneralSansMedium.tsx(5403,5): error TS2339: Property 'hkern' does not exist on type 'JSX.IntrinsicElements'.
src/icons/Fonts/general-sans/GeneralSansMedium.tsx(5406,5): error TS2339: Property 'hkern' does not exist on type 'JSX.IntrinsicElements'.
src/icons/Fonts/general-sans/GeneralSansMedium.tsx(5409,5): error TS2339: Property 'hkern' does not exist on type 'JSX.IntrinsicElements'.
src/icons/Fonts/general-sans/GeneralSansMedium.tsx(5412,5): error TS2339: Property 'hkern' does not exist on type 'JSX.IntrinsicElements'.
src/icons/Fonts/general-sans/GeneralSansMedium.tsx(5415,5): error TS2339: Property 'hkern' does not exist on type 'JSX.IntrinsicElements'.
src/icons/Fonts/general-sans/GeneralSansMedium.tsx(5418,5): error TS2339: Property 'hkern' does not exist on type 'JSX.IntrinsicElements'.
src/icons/Fonts/general-sans/GeneralSansMedium.tsx(5421,5): error TS2339: Property 'hkern' does not exist on type 'JSX.IntrinsicElements'.
src/icons/Fonts/general-sans/GeneralSansMedium.tsx(5424,5): error TS2339: Property 'hkern' does not exist on type 'JSX.IntrinsicElements'.
src/icons/Fonts/general-sans/GeneralSansMedium.tsx(5427,5): error TS2339: Property 'hkern' does not exist on type 'JSX.IntrinsicElements'.
src/icons/Fonts/general-sans/GeneralSansMedium.tsx(5430,5): error TS2339: Property 'hkern' does not exist on type 'JSX.IntrinsicElements'.
src/icons/Fonts/general-sans/GeneralSansMedium.tsx(5433,5): error TS2339: Property 'hkern' does not exist on type 'JSX.IntrinsicElements'.
src/icons/Fonts/general-sans/GeneralSansMedium.tsx(5436,5): error TS2339: Property 'hkern' does not exist on type 'JSX.IntrinsicElements'.
src/icons/Fonts/general-sans/GeneralSansMedium.tsx(5439,5): error TS2339: Property 'hkern' does not exist on type 'JSX.IntrinsicElements'.
src/icons/Fonts/general-sans/GeneralSansMedium.tsx(5442,5): error TS2339: Property 'hkern' does not exist on type 'JSX.IntrinsicElements'.
src/icons/Fonts/general-sans/GeneralSansMedium.tsx(5445,5): error TS2339: Property 'hkern' does not exist on type 'JSX.IntrinsicElements'.
src/icons/Fonts/general-sans/GeneralSansMedium.tsx(5448,5): error TS2339: Property 'hkern' does not exist on type 'JSX.IntrinsicElements'.
src/icons/Fonts/general-sans/GeneralSansMedium.tsx(5451,5): error TS2339: Property 'hkern' does not exist on type 'JSX.IntrinsicElements'.
src/icons/Fonts/general-sans/GeneralSansMedium.tsx(5454,5): error TS2339: Property 'hkern' does not exist on type 'JSX.IntrinsicElements'.
src/icons/Fonts/general-sans/GeneralSansMedium.tsx(5457,5): error TS2339: Property 'hkern' does not exist on type 'JSX.IntrinsicElements'.
src/icons/Fonts/general-sans/GeneralSansMedium.tsx(5460,5): error TS2339: Property 'hkern' does not exist on type 'JSX.IntrinsicElements'.
src/icons/Fonts/general-sans/GeneralSansMedium.tsx(5463,5): error TS2339: Property 'hkern' does not exist on type 'JSX.IntrinsicElements'.
src/icons/Fonts/general-sans/GeneralSansMedium.tsx(5466,5): error TS2339: Property 'hkern' does not exist on type 'JSX.IntrinsicElements'.
src/icons/Fonts/general-sans/GeneralSansMedium.tsx(5469,5): error TS2339: Property 'hkern' does not exist on type 'JSX.IntrinsicElements'.
src/icons/Fonts/general-sans/GeneralSansMedium.tsx(5472,5): error TS2339: Property 'hkern' does not exist on type 'JSX.IntrinsicElements'.
src/icons/Fonts/general-sans/GeneralSansMedium.tsx(5475,5): error TS2339: Property 'hkern' does not exist on type 'JSX.IntrinsicElements'.
src/icons/Fonts/general-sans/GeneralSansMedium.tsx(5478,5): error TS2339: Property 'hkern' does not exist on type 'JSX.IntrinsicElements'.
src/icons/Fonts/general-sans/GeneralSansMedium.tsx(5481,5): error TS2339: Property 'hkern' does not exist on type 'JSX.IntrinsicElements'.
src/icons/Fonts/general-sans/GeneralSansMedium.tsx(5484,5): error TS2339: Property 'hkern' does not exist on type 'JSX.IntrinsicElements'.
src/icons/Fonts/general-sans/GeneralSansMedium.tsx(5487,5): error TS2339: Property 'hkern' does not exist on type 'JSX.IntrinsicElements'.
src/icons/Fonts/general-sans/GeneralSansMedium.tsx(5490,5): error TS2339: Property 'hkern' does not exist on type 'JSX.IntrinsicElements'.
src/icons/Fonts/general-sans/GeneralSansMedium.tsx(5493,5): error TS2339: Property 'hkern' does not exist on type 'JSX.IntrinsicElements'.
src/icons/Fonts/general-sans/GeneralSansMedium.tsx(5496,5): error TS2339: Property 'hkern' does not exist on type 'JSX.IntrinsicElements'.
src/icons/Fonts/general-sans/GeneralSansMedium.tsx(5499,5): error TS2339: Property 'hkern' does not exist on type 'JSX.IntrinsicElements'.
src/icons/Fonts/general-sans/GeneralSansMedium.tsx(5502,5): error TS2339: Property 'hkern' does not exist on type 'JSX.IntrinsicElements'.
src/icons/Fonts/general-sans/GeneralSansMedium.tsx(5505,5): error TS2339: Property 'hkern' does not exist on type 'JSX.IntrinsicElements'.
src/icons/Fonts/general-sans/GeneralSansMedium.tsx(5508,5): error TS2339: Property 'hkern' does not exist on type 'JSX.IntrinsicElements'.
src/icons/Fonts/general-sans/GeneralSansMedium.tsx(5511,5): error TS2339: Property 'hkern' does not exist on type 'JSX.IntrinsicElements'.
src/icons/Fonts/general-sans/GeneralSansMedium.tsx(5514,5): error TS2339: Property 'hkern' does not exist on type 'JSX.IntrinsicElements'.
src/icons/Fonts/general-sans/GeneralSansMedium.tsx(5517,5): error TS2339: Property 'hkern' does not exist on type 'JSX.IntrinsicElements'.
src/icons/Fonts/general-sans/GeneralSansMedium.tsx(5520,5): error TS2339: Property 'hkern' does not exist on type 'JSX.IntrinsicElements'.
src/icons/Fonts/general-sans/GeneralSansMedium.tsx(5523,5): error TS2339: Property 'hkern' does not exist on type 'JSX.IntrinsicElements'.
src/icons/Fonts/general-sans/GeneralSansMedium.tsx(5526,5): error TS2339: Property 'hkern' does not exist on type 'JSX.IntrinsicElements'.
src/icons/Fonts/general-sans/GeneralSansMedium.tsx(5529,5): error TS2339: Property 'hkern' does not exist on type 'JSX.IntrinsicElements'.
src/icons/Fonts/general-sans/GeneralSansMedium.tsx(5532,5): error TS2339: Property 'hkern' does not exist on type 'JSX.IntrinsicElements'.
src/icons/Fonts/general-sans/GeneralSansMedium.tsx(5535,5): error TS2339: Property 'hkern' does not exist on type 'JSX.IntrinsicElements'.
src/icons/Fonts/general-sans/GeneralSansMedium.tsx(5538,5): error TS2339: Property 'hkern' does not exist on type 'JSX.IntrinsicElements'.
src/icons/Fonts/general-sans/GeneralSansMedium.tsx(5541,5): error TS2339: Property 'hkern' does not exist on type 'JSX.IntrinsicElements'.
src/icons/Fonts/general-sans/GeneralSansMedium.tsx(5544,5): error TS2339: Property 'hkern' does not exist on type 'JSX.IntrinsicElements'.
src/icons/Fonts/general-sans/GeneralSansMedium.tsx(5547,5): error TS2339: Property 'hkern' does not exist on type 'JSX.IntrinsicElements'.
src/icons/Fonts/general-sans/GeneralSansMedium.tsx(5550,5): error TS2339: Property 'hkern' does not exist on type 'JSX.IntrinsicElements'.
src/icons/Fonts/general-sans/GeneralSansMedium.tsx(5553,5): error TS2339: Property 'hkern' does not exist on type 'JSX.IntrinsicElements'.
src/icons/Fonts/general-sans/GeneralSansMedium.tsx(5556,5): error TS2339: Property 'hkern' does not exist on type 'JSX.IntrinsicElements'.
src/icons/Fonts/general-sans/GeneralSansMedium.tsx(5559,5): error TS2339: Property 'hkern' does not exist on type 'JSX.IntrinsicElements'.
src/icons/Fonts/general-sans/GeneralSansMedium.tsx(5562,5): error TS2339: Property 'hkern' does not exist on type 'JSX.IntrinsicElements'.
src/icons/Fonts/general-sans/GeneralSansMedium.tsx(5565,5): error TS2339: Property 'hkern' does not exist on type 'JSX.IntrinsicElements'.
src/icons/Fonts/general-sans/GeneralSansMedium.tsx(5568,5): error TS2339: Property 'hkern' does not exist on type 'JSX.IntrinsicElements'.
src/icons/Fonts/general-sans/GeneralSansMedium.tsx(5571,5): error TS2339: Property 'hkern' does not exist on type 'JSX.IntrinsicElements'.
src/icons/Fonts/general-sans/GeneralSansMedium.tsx(5574,5): error TS2339: Property 'hkern' does not exist on type 'JSX.IntrinsicElements'.
src/icons/Fonts/general-sans/GeneralSansMedium.tsx(5577,5): error TS2339: Property 'hkern' does not exist on type 'JSX.IntrinsicElements'.
src/icons/Fonts/general-sans/GeneralSansMedium.tsx(5580,5): error TS2339: Property 'hkern' does not exist on type 'JSX.IntrinsicElements'.
src/icons/Fonts/general-sans/GeneralSansMedium.tsx(5583,5): error TS2339: Property 'hkern' does not exist on type 'JSX.IntrinsicElements'.
src/icons/Fonts/general-sans/GeneralSansMedium.tsx(5586,5): error TS2339: Property 'hkern' does not exist on type 'JSX.IntrinsicElements'.
src/icons/Fonts/general-sans/GeneralSansMedium.tsx(5589,5): error TS2339: Property 'hkern' does not exist on type 'JSX.IntrinsicElements'.
src/icons/Fonts/general-sans/GeneralSansMedium.tsx(5592,5): error TS2339: Property 'hkern' does not exist on type 'JSX.IntrinsicElements'.
src/icons/Fonts/general-sans/GeneralSansMedium.tsx(5595,5): error TS2339: Property 'hkern' does not exist on type 'JSX.IntrinsicElements'.
src/icons/Fonts/general-sans/GeneralSansMedium.tsx(5598,5): error TS2339: Property 'hkern' does not exist on type 'JSX.IntrinsicElements'.
src/icons/Fonts/general-sans/GeneralSansMedium.tsx(5601,5): error TS2339: Property 'hkern' does not exist on type 'JSX.IntrinsicElements'.
src/icons/Fonts/general-sans/GeneralSansMedium.tsx(5604,5): error TS2339: Property 'hkern' does not exist on type 'JSX.IntrinsicElements'.
src/icons/Fonts/general-sans/GeneralSansMedium.tsx(5607,5): error TS2339: Property 'hkern' does not exist on type 'JSX.IntrinsicElements'.
src/icons/Fonts/general-sans/GeneralSansMedium.tsx(5610,5): error TS2339: Property 'hkern' does not exist on type 'JSX.IntrinsicElements'.
src/icons/Fonts/general-sans/GeneralSansMedium.tsx(5613,5): error TS2339: Property 'hkern' does not exist on type 'JSX.IntrinsicElements'.
src/icons/Fonts/general-sans/GeneralSansMedium.tsx(5616,5): error TS2339: Property 'hkern' does not exist on type 'JSX.IntrinsicElements'.
src/icons/Fonts/general-sans/GeneralSansMedium.tsx(5619,5): error TS2339: Property 'hkern' does not exist on type 'JSX.IntrinsicElements'.
src/icons/Fonts/general-sans/GeneralSansMedium.tsx(5622,5): error TS2339: Property 'hkern' does not exist on type 'JSX.IntrinsicElements'.
src/icons/Fonts/general-sans/GeneralSansMedium.tsx(5625,5): error TS2339: Property 'hkern' does not exist on type 'JSX.IntrinsicElements'.
src/icons/Fonts/general-sans/GeneralSansMedium.tsx(5628,5): error TS2339: Property 'hkern' does not exist on type 'JSX.IntrinsicElements'.
src/icons/Fonts/general-sans/GeneralSansMedium.tsx(5631,5): error TS2339: Property 'hkern' does not exist on type 'JSX.IntrinsicElements'.
src/icons/Fonts/general-sans/GeneralSansMedium.tsx(5634,5): error TS2339: Property 'hkern' does not exist on type 'JSX.IntrinsicElements'.
src/icons/Fonts/general-sans/GeneralSansMedium.tsx(5637,5): error TS2339: Property 'hkern' does not exist on type 'JSX.IntrinsicElements'.
src/icons/Fonts/general-sans/GeneralSansMedium.tsx(5640,5): error TS2339: Property 'hkern' does not exist on type 'JSX.IntrinsicElements'.
src/icons/Fonts/general-sans/GeneralSansMedium.tsx(5643,5): error TS2339: Property 'hkern' does not exist on type 'JSX.IntrinsicElements'.
src/icons/Fonts/general-sans/GeneralSansMedium.tsx(5646,5): error TS2339: Property 'hkern' does not exist on type 'JSX.IntrinsicElements'.
src/icons/Fonts/general-sans/GeneralSansMedium.tsx(5649,5): error TS2339: Property 'hkern' does not exist on type 'JSX.IntrinsicElements'.
src/icons/Fonts/general-sans/GeneralSansMedium.tsx(5652,5): error TS2339: Property 'hkern' does not exist on type 'JSX.IntrinsicElements'.
src/icons/Fonts/general-sans/GeneralSansMedium.tsx(5655,5): error TS2339: Property 'hkern' does not exist on type 'JSX.IntrinsicElements'.
src/icons/Fonts/general-sans/GeneralSansMedium.tsx(5658,5): error TS2339: Property 'hkern' does not exist on type 'JSX.IntrinsicElements'.
src/icons/Fonts/general-sans/GeneralSansMedium.tsx(5661,5): error TS2339: Property 'hkern' does not exist on type 'JSX.IntrinsicElements'.
src/icons/Fonts/general-sans/GeneralSansMedium.tsx(5664,5): error TS2339: Property 'hkern' does not exist on type 'JSX.IntrinsicElements'.
src/icons/Fonts/general-sans/GeneralSansMedium.tsx(5667,5): error TS2339: Property 'hkern' does not exist on type 'JSX.IntrinsicElements'.
src/icons/Fonts/general-sans/GeneralSansMedium.tsx(5670,5): error TS2339: Property 'hkern' does not exist on type 'JSX.IntrinsicElements'.
src/icons/Fonts/general-sans/GeneralSansMedium.tsx(5673,5): error TS2339: Property 'hkern' does not exist on type 'JSX.IntrinsicElements'.
src/icons/Fonts/general-sans/GeneralSansMedium.tsx(5676,5): error TS2339: Property 'hkern' does not exist on type 'JSX.IntrinsicElements'.
src/icons/Fonts/general-sans/GeneralSansMedium.tsx(5679,5): error TS2339: Property 'hkern' does not exist on type 'JSX.IntrinsicElements'.
src/icons/Fonts/general-sans/GeneralSansMedium.tsx(5682,5): error TS2339: Property 'hkern' does not exist on type 'JSX.IntrinsicElements'.
src/icons/Fonts/general-sans/GeneralSansMedium.tsx(5685,5): error TS2339: Property 'hkern' does not exist on type 'JSX.IntrinsicElements'.
src/icons/Fonts/general-sans/GeneralSansMedium.tsx(5688,5): error TS2339: Property 'hkern' does not exist on type 'JSX.IntrinsicElements'.
src/icons/Fonts/general-sans/GeneralSansMedium.tsx(5691,5): error TS2339: Property 'hkern' does not exist on type 'JSX.IntrinsicElements'.
src/icons/Fonts/general-sans/GeneralSansMedium.tsx(5694,5): error TS2339: Property 'hkern' does not exist on type 'JSX.IntrinsicElements'.
src/icons/Fonts/general-sans/GeneralSansMedium.tsx(5697,5): error TS2339: Property 'hkern' does not exist on type 'JSX.IntrinsicElements'.
src/icons/Fonts/general-sans/GeneralSansMedium.tsx(5700,5): error TS2339: Property 'hkern' does not exist on type 'JSX.IntrinsicElements'.
src/icons/Fonts/general-sans/GeneralSansMedium.tsx(5703,5): error TS2339: Property 'hkern' does not exist on type 'JSX.IntrinsicElements'.
src/icons/Fonts/general-sans/GeneralSansMedium.tsx(5706,5): error TS2339: Property 'hkern' does not exist on type 'JSX.IntrinsicElements'.
src/icons/Fonts/general-sans/GeneralSansMedium.tsx(5709,5): error TS2339: Property 'hkern' does not exist on type 'JSX.IntrinsicElements'.
src/icons/Fonts/general-sans/GeneralSansMedium.tsx(5712,5): error TS2339: Property 'hkern' does not exist on type 'JSX.IntrinsicElements'.
src/icons/Fonts/general-sans/GeneralSansMedium.tsx(5715,5): error TS2339: Property 'hkern' does not exist on type 'JSX.IntrinsicElements'.
src/icons/Fonts/general-sans/GeneralSansMedium.tsx(5718,5): error TS2339: Property 'hkern' does not exist on type 'JSX.IntrinsicElements'.
src/icons/Fonts/general-sans/GeneralSansMedium.tsx(5721,5): error TS2339: Property 'hkern' does not exist on type 'JSX.IntrinsicElements'.
src/icons/Fonts/general-sans/GeneralSansMedium.tsx(5724,5): error TS2339: Property 'hkern' does not exist on type 'JSX.IntrinsicElements'.
src/icons/Fonts/general-sans/GeneralSansMedium.tsx(5727,5): error TS2339: Property 'hkern' does not exist on type 'JSX.IntrinsicElements'.
src/icons/Fonts/general-sans/GeneralSansMedium.tsx(5730,5): error TS2339: Property 'hkern' does not exist on type 'JSX.IntrinsicElements'.
src/icons/Fonts/general-sans/GeneralSansMedium.tsx(5733,5): error TS2339: Property 'hkern' does not exist on type 'JSX.IntrinsicElements'.
src/icons/Fonts/general-sans/GeneralSansMedium.tsx(5736,5): error TS2339: Property 'hkern' does not exist on type 'JSX.IntrinsicElements'.
src/icons/Fonts/general-sans/GeneralSansMedium.tsx(5739,5): error TS2339: Property 'hkern' does not exist on type 'JSX.IntrinsicElements'.
src/icons/Fonts/general-sans/GeneralSansMedium.tsx(5742,5): error TS2339: Property 'hkern' does not exist on type 'JSX.IntrinsicElements'.
src/icons/Fonts/general-sans/GeneralSansMedium.tsx(5745,5): error TS2339: Property 'hkern' does not exist on type 'JSX.IntrinsicElements'.
src/icons/Fonts/general-sans/GeneralSansMedium.tsx(5748,5): error TS2339: Property 'hkern' does not exist on type 'JSX.IntrinsicElements'.
src/icons/Fonts/general-sans/GeneralSansMedium.tsx(5751,5): error TS2339: Property 'hkern' does not exist on type 'JSX.IntrinsicElements'.
src/icons/Fonts/general-sans/GeneralSansMedium.tsx(5754,5): error TS2339: Property 'hkern' does not exist on type 'JSX.IntrinsicElements'.
src/icons/Fonts/general-sans/GeneralSansMedium.tsx(5757,5): error TS2339: Property 'hkern' does not exist on type 'JSX.IntrinsicElements'.
src/icons/Fonts/general-sans/GeneralSansMedium.tsx(5760,5): error TS2339: Property 'hkern' does not exist on type 'JSX.IntrinsicElements'.
src/icons/Fonts/general-sans/GeneralSansMedium.tsx(5763,5): error TS2339: Property 'hkern' does not exist on type 'JSX.IntrinsicElements'.
src/icons/Fonts/general-sans/GeneralSansMedium.tsx(5766,5): error TS2339: Property 'hkern' does not exist on type 'JSX.IntrinsicElements'.
src/icons/Fonts/general-sans/GeneralSansMedium.tsx(5769,5): error TS2339: Property 'hkern' does not exist on type 'JSX.IntrinsicElements'.
src/icons/Fonts/general-sans/GeneralSansMedium.tsx(5772,5): error TS2339: Property 'hkern' does not exist on type 'JSX.IntrinsicElements'.
src/icons/Fonts/general-sans/GeneralSansMedium.tsx(5775,5): error TS2339: Property 'hkern' does not exist on type 'JSX.IntrinsicElements'.
src/icons/Fonts/general-sans/GeneralSansMedium.tsx(5778,5): error TS2339: Property 'hkern' does not exist on type 'JSX.IntrinsicElements'.
src/icons/Fonts/general-sans/GeneralSansMedium.tsx(5781,5): error TS2339: Property 'hkern' does not exist on type 'JSX.IntrinsicElements'.
src/icons/Fonts/general-sans/GeneralSansMedium.tsx(5784,5): error TS2339: Property 'hkern' does not exist on type 'JSX.IntrinsicElements'.
src/icons/Fonts/general-sans/GeneralSansMedium.tsx(5787,5): error TS2339: Property 'hkern' does not exist on type 'JSX.IntrinsicElements'.
src/icons/Fonts/general-sans/GeneralSansMedium.tsx(5790,5): error TS2339: Property 'hkern' does not exist on type 'JSX.IntrinsicElements'.
src/icons/Fonts/general-sans/GeneralSansMedium.tsx(5793,5): error TS2339: Property 'hkern' does not exist on type 'JSX.IntrinsicElements'.
src/icons/Fonts/general-sans/GeneralSansMedium.tsx(5796,5): error TS2339: Property 'hkern' does not exist on type 'JSX.IntrinsicElements'.
src/icons/Fonts/general-sans/GeneralSansMedium.tsx(5799,5): error TS2339: Property 'hkern' does not exist on type 'JSX.IntrinsicElements'.
src/icons/Fonts/general-sans/GeneralSansMedium.tsx(5802,5): error TS2339: Property 'hkern' does not exist on type 'JSX.IntrinsicElements'.
src/icons/Fonts/general-sans/GeneralSansMedium.tsx(5805,5): error TS2339: Property 'hkern' does not exist on type 'JSX.IntrinsicElements'.
src/icons/Fonts/general-sans/GeneralSansMedium.tsx(5808,5): error TS2339: Property 'hkern' does not exist on type 'JSX.IntrinsicElements'.
src/icons/Fonts/general-sans/GeneralSansMedium.tsx(5811,5): error TS2339: Property 'hkern' does not exist on type 'JSX.IntrinsicElements'.
src/icons/Fonts/general-sans/GeneralSansMedium.tsx(5814,5): error TS2339: Property 'hkern' does not exist on type 'JSX.IntrinsicElements'.
src/icons/Fonts/general-sans/GeneralSansMedium.tsx(5817,5): error TS2339: Property 'hkern' does not exist on type 'JSX.IntrinsicElements'.
src/icons/Fonts/general-sans/GeneralSansMedium.tsx(5820,5): error TS2339: Property 'hkern' does not exist on type 'JSX.IntrinsicElements'.
src/icons/Fonts/general-sans/GeneralSansMedium.tsx(5823,5): error TS2339: Property 'hkern' does not exist on type 'JSX.IntrinsicElements'.
src/icons/Fonts/general-sans/GeneralSansMedium.tsx(5826,5): error TS2339: Property 'hkern' does not exist on type 'JSX.IntrinsicElements'.
src/icons/Fonts/general-sans/GeneralSansMedium.tsx(5829,5): error TS2339: Property 'hkern' does not exist on type 'JSX.IntrinsicElements'.
src/icons/Fonts/general-sans/GeneralSansMedium.tsx(5832,5): error TS2339: Property 'hkern' does not exist on type 'JSX.IntrinsicElements'.
src/icons/Fonts/general-sans/GeneralSansMedium.tsx(5835,5): error TS2339: Property 'hkern' does not exist on type 'JSX.IntrinsicElements'.
src/icons/Fonts/general-sans/GeneralSansMedium.tsx(5838,5): error TS2339: Property 'hkern' does not exist on type 'JSX.IntrinsicElements'.
src/icons/Fonts/general-sans/GeneralSansMedium.tsx(5841,5): error TS2339: Property 'hkern' does not exist on type 'JSX.IntrinsicElements'.
src/icons/Fonts/general-sans/GeneralSansMedium.tsx(5844,5): error TS2339: Property 'hkern' does not exist on type 'JSX.IntrinsicElements'.
src/icons/Fonts/general-sans/GeneralSansMedium.tsx(5847,5): error TS2339: Property 'hkern' does not exist on type 'JSX.IntrinsicElements'.
src/icons/Fonts/general-sans/GeneralSansMedium.tsx(5850,5): error TS2339: Property 'hkern' does not exist on type 'JSX.IntrinsicElements'.
src/icons/Fonts/general-sans/GeneralSansMedium.tsx(5853,5): error TS2339: Property 'hkern' does not exist on type 'JSX.IntrinsicElements'.
src/icons/Fonts/general-sans/GeneralSansMedium.tsx(5856,5): error TS2339: Property 'hkern' does not exist on type 'JSX.IntrinsicElements'.
src/icons/Fonts/general-sans/GeneralSansMedium.tsx(5859,5): error TS2339: Property 'hkern' does not exist on type 'JSX.IntrinsicElements'.
src/icons/Fonts/general-sans/GeneralSansMedium.tsx(5862,5): error TS2339: Property 'hkern' does not exist on type 'JSX.IntrinsicElements'.
src/icons/Fonts/general-sans/GeneralSansMedium.tsx(5865,5): error TS2339: Property 'hkern' does not exist on type 'JSX.IntrinsicElements'.
src/icons/Fonts/general-sans/GeneralSansMedium.tsx(5868,5): error TS2339: Property 'hkern' does not exist on type 'JSX.IntrinsicElements'.
src/icons/Fonts/general-sans/GeneralSansMedium.tsx(5871,5): error TS2339: Property 'hkern' does not exist on type 'JSX.IntrinsicElements'.
src/icons/Fonts/general-sans/GeneralSansMedium.tsx(5874,5): error TS2339: Property 'hkern' does not exist on type 'JSX.IntrinsicElements'.
src/icons/Fonts/general-sans/GeneralSansMedium.tsx(5877,5): error TS2339: Property 'hkern' does not exist on type 'JSX.IntrinsicElements'.
src/icons/Fonts/general-sans/GeneralSansMedium.tsx(5880,5): error TS2339: Property 'hkern' does not exist on type 'JSX.IntrinsicElements'.
src/icons/Fonts/general-sans/GeneralSansMedium.tsx(5883,5): error TS2339: Property 'hkern' does not exist on type 'JSX.IntrinsicElements'.
src/icons/Fonts/general-sans/GeneralSansMedium.tsx(5886,5): error TS2339: Property 'hkern' does not exist on type 'JSX.IntrinsicElements'.
src/icons/Fonts/general-sans/GeneralSansMedium.tsx(5889,5): error TS2339: Property 'hkern' does not exist on type 'JSX.IntrinsicElements'.
src/icons/Fonts/general-sans/GeneralSansMedium.tsx(5892,5): error TS2339: Property 'hkern' does not exist on type 'JSX.IntrinsicElements'.
src/icons/Fonts/general-sans/GeneralSansMedium.tsx(5895,5): error TS2339: Property 'hkern' does not exist on type 'JSX.IntrinsicElements'.
src/icons/Fonts/general-sans/GeneralSansMedium.tsx(5898,5): error TS2339: Property 'hkern' does not exist on type 'JSX.IntrinsicElements'.
src/icons/Fonts/general-sans/GeneralSansMedium.tsx(5901,5): error TS2339: Property 'hkern' does not exist on type 'JSX.IntrinsicElements'.
src/icons/Fonts/general-sans/GeneralSansMedium.tsx(5904,5): error TS2339: Property 'hkern' does not exist on type 'JSX.IntrinsicElements'.
src/icons/Fonts/general-sans/GeneralSansMedium.tsx(5907,5): error TS2339: Property 'hkern' does not exist on type 'JSX.IntrinsicElements'.
src/icons/Fonts/general-sans/GeneralSansMedium.tsx(5910,5): error TS2339: Property 'hkern' does not exist on type 'JSX.IntrinsicElements'.
src/icons/Fonts/general-sans/GeneralSansMedium.tsx(5913,5): error TS2339: Property 'hkern' does not exist on type 'JSX.IntrinsicElements'.
src/icons/Fonts/general-sans/GeneralSansMedium.tsx(5916,5): error TS2339: Property 'hkern' does not exist on type 'JSX.IntrinsicElements'.
src/icons/Fonts/general-sans/GeneralSansMedium.tsx(5919,5): error TS2339: Property 'hkern' does not exist on type 'JSX.IntrinsicElements'.
src/icons/Fonts/general-sans/GeneralSansMedium.tsx(5922,5): error TS2339: Property 'hkern' does not exist on type 'JSX.IntrinsicElements'.
src/icons/Fonts/general-sans/GeneralSansMedium.tsx(5925,5): error TS2339: Property 'hkern' does not exist on type 'JSX.IntrinsicElements'.
src/icons/Fonts/general-sans/GeneralSansMedium.tsx(5928,5): error TS2339: Property 'hkern' does not exist on type 'JSX.IntrinsicElements'.
src/icons/Fonts/general-sans/GeneralSansMedium.tsx(5931,5): error TS2339: Property 'hkern' does not exist on type 'JSX.IntrinsicElements'.
src/icons/Fonts/general-sans/GeneralSansMedium.tsx(5934,5): error TS2339: Property 'hkern' does not exist on type 'JSX.IntrinsicElements'.
src/icons/Fonts/general-sans/GeneralSansMedium.tsx(5937,5): error TS2339: Property 'hkern' does not exist on type 'JSX.IntrinsicElements'.
src/icons/Fonts/general-sans/GeneralSansMedium.tsx(5940,5): error TS2339: Property 'hkern' does not exist on type 'JSX.IntrinsicElements'.
src/icons/Fonts/general-sans/GeneralSansMedium.tsx(5943,5): error TS2339: Property 'hkern' does not exist on type 'JSX.IntrinsicElements'.
src/icons/Fonts/general-sans/GeneralSansMedium.tsx(5946,5): error TS2339: Property 'hkern' does not exist on type 'JSX.IntrinsicElements'.
src/icons/Fonts/general-sans/GeneralSansMedium.tsx(5949,5): error TS2339: Property 'hkern' does not exist on type 'JSX.IntrinsicElements'.
src/icons/Fonts/general-sans/GeneralSansMedium.tsx(5952,5): error TS2339: Property 'hkern' does not exist on type 'JSX.IntrinsicElements'.
src/icons/Fonts/general-sans/GeneralSansMedium.tsx(5955,5): error TS2339: Property 'hkern' does not exist on type 'JSX.IntrinsicElements'.
src/icons/Fonts/general-sans/GeneralSansMedium.tsx(5958,5): error TS2339: Property 'hkern' does not exist on type 'JSX.IntrinsicElements'.
src/icons/Fonts/general-sans/GeneralSansMedium.tsx(5961,5): error TS2339: Property 'hkern' does not exist on type 'JSX.IntrinsicElements'.
src/icons/Fonts/general-sans/GeneralSansMedium.tsx(5964,5): error TS2339: Property 'hkern' does not exist on type 'JSX.IntrinsicElements'.
src/icons/Fonts/general-sans/GeneralSansMedium.tsx(5967,5): error TS2339: Property 'hkern' does not exist on type 'JSX.IntrinsicElements'.
src/icons/Fonts/general-sans/GeneralSansMedium.tsx(5970,5): error TS2339: Property 'hkern' does not exist on type 'JSX.IntrinsicElements'.
src/icons/Fonts/general-sans/GeneralSansMedium.tsx(5973,5): error TS2339: Property 'hkern' does not exist on type 'JSX.IntrinsicElements'.
src/icons/Fonts/general-sans/GeneralSansMedium.tsx(5976,5): error TS2339: Property 'hkern' does not exist on type 'JSX.IntrinsicElements'.
src/icons/Fonts/general-sans/GeneralSansMedium.tsx(5979,5): error TS2339: Property 'hkern' does not exist on type 'JSX.IntrinsicElements'.
src/icons/Fonts/general-sans/GeneralSansMedium.tsx(5982,5): error TS2339: Property 'hkern' does not exist on type 'JSX.IntrinsicElements'.
src/icons/Fonts/general-sans/GeneralSansMedium.tsx(5985,5): error TS2339: Property 'hkern' does not exist on type 'JSX.IntrinsicElements'.
src/icons/Fonts/general-sans/GeneralSansMedium.tsx(5988,5): error TS2339: Property 'hkern' does not exist on type 'JSX.IntrinsicElements'.
src/icons/Fonts/general-sans/GeneralSansMedium.tsx(5991,5): error TS2339: Property 'hkern' does not exist on type 'JSX.IntrinsicElements'.
src/icons/Fonts/general-sans/GeneralSansMedium.tsx(5994,5): error TS2339: Property 'hkern' does not exist on type 'JSX.IntrinsicElements'.
src/icons/Fonts/general-sans/GeneralSansMedium.tsx(5997,5): error TS2339: Property 'hkern' does not exist on type 'JSX.IntrinsicElements'.
src/icons/Fonts/general-sans/GeneralSansMedium.tsx(6000,5): error TS2339: Property 'hkern' does not exist on type 'JSX.IntrinsicElements'.
src/icons/Fonts/general-sans/GeneralSansMedium.tsx(6003,5): error TS2339: Property 'hkern' does not exist on type 'JSX.IntrinsicElements'.
src/icons/Fonts/general-sans/GeneralSansMedium.tsx(6006,5): error TS2339: Property 'hkern' does not exist on type 'JSX.IntrinsicElements'.
src/icons/Fonts/general-sans/GeneralSansMedium.tsx(6009,5): error TS2339: Property 'hkern' does not exist on type 'JSX.IntrinsicElements'.
src/icons/Fonts/general-sans/GeneralSansMedium.tsx(6012,5): error TS2339: Property 'hkern' does not exist on type 'JSX.IntrinsicElements'.
src/icons/Fonts/general-sans/GeneralSansMedium.tsx(6015,5): error TS2339: Property 'hkern' does not exist on type 'JSX.IntrinsicElements'.
src/icons/Fonts/general-sans/GeneralSansMedium.tsx(6018,5): error TS2339: Property 'hkern' does not exist on type 'JSX.IntrinsicElements'.
src/icons/Fonts/general-sans/GeneralSansMedium.tsx(6021,5): error TS2339: Property 'hkern' does not exist on type 'JSX.IntrinsicElements'.
src/icons/Fonts/general-sans/GeneralSansMedium.tsx(6024,5): error TS2339: Property 'hkern' does not exist on type 'JSX.IntrinsicElements'.
src/icons/Fonts/general-sans/GeneralSansMedium.tsx(6027,5): error TS2339: Property 'hkern' does not exist on type 'JSX.IntrinsicElements'.
src/icons/Fonts/general-sans/GeneralSansMedium.tsx(6030,5): error TS2339: Property 'hkern' does not exist on type 'JSX.IntrinsicElements'.
src/icons/Fonts/general-sans/GeneralSansMedium.tsx(6033,5): error TS2339: Property 'hkern' does not exist on type 'JSX.IntrinsicElements'.
src/icons/Fonts/general-sans/GeneralSansMedium.tsx(6036,5): error TS2339: Property 'hkern' does not exist on type 'JSX.IntrinsicElements'.
src/icons/Fonts/general-sans/GeneralSansMedium.tsx(6039,5): error TS2339: Property 'hkern' does not exist on type 'JSX.IntrinsicElements'.
src/icons/Fonts/general-sans/GeneralSansMedium.tsx(6042,5): error TS2339: Property 'hkern' does not exist on type 'JSX.IntrinsicElements'.
src/icons/Fonts/general-sans/GeneralSansMedium.tsx(6045,5): error TS2339: Property 'hkern' does not exist on type 'JSX.IntrinsicElements'.
src/icons/Fonts/general-sans/GeneralSansMedium.tsx(6048,5): error TS2339: Property 'hkern' does not exist on type 'JSX.IntrinsicElements'.
src/icons/Fonts/general-sans/GeneralSansMedium.tsx(6051,5): error TS2339: Property 'hkern' does not exist on type 'JSX.IntrinsicElements'.
src/icons/Fonts/general-sans/GeneralSansMedium.tsx(6054,5): error TS2339: Property 'hkern' does not exist on type 'JSX.IntrinsicElements'.
src/icons/Fonts/general-sans/GeneralSansMedium.tsx(6057,5): error TS2339: Property 'hkern' does not exist on type 'JSX.IntrinsicElements'.
src/icons/Fonts/general-sans/GeneralSansMedium.tsx(6060,5): error TS2339: Property 'hkern' does not exist on type 'JSX.IntrinsicElements'.
src/icons/Fonts/general-sans/GeneralSansMedium.tsx(6063,5): error TS2339: Property 'hkern' does not exist on type 'JSX.IntrinsicElements'.
src/icons/Fonts/general-sans/GeneralSansMedium.tsx(6066,5): error TS2339: Property 'hkern' does not exist on type 'JSX.IntrinsicElements'.
src/icons/Fonts/general-sans/GeneralSansMedium.tsx(6069,5): error TS2339: Property 'hkern' does not exist on type 'JSX.IntrinsicElements'.
src/icons/Fonts/general-sans/GeneralSansMedium.tsx(6072,5): error TS2339: Property 'hkern' does not exist on type 'JSX.IntrinsicElements'.
src/icons/Fonts/general-sans/GeneralSansMedium.tsx(6075,5): error TS2339: Property 'hkern' does not exist on type 'JSX.IntrinsicElements'.
src/icons/Fonts/general-sans/GeneralSansMedium.tsx(6078,5): error TS2339: Property 'hkern' does not exist on type 'JSX.IntrinsicElements'.
src/icons/Fonts/general-sans/GeneralSansMedium.tsx(6081,5): error TS2339: Property 'hkern' does not exist on type 'JSX.IntrinsicElements'.
src/icons/Fonts/general-sans/GeneralSansMedium.tsx(6084,5): error TS2339: Property 'hkern' does not exist on type 'JSX.IntrinsicElements'.
src/icons/Fonts/general-sans/GeneralSansMedium.tsx(6087,5): error TS2339: Property 'hkern' does not exist on type 'JSX.IntrinsicElements'.
src/icons/Fonts/general-sans/GeneralSansMedium.tsx(6090,5): error TS2339: Property 'hkern' does not exist on type 'JSX.IntrinsicElements'.
src/icons/Fonts/general-sans/GeneralSansMedium.tsx(6093,5): error TS2339: Property 'hkern' does not exist on type 'JSX.IntrinsicElements'.
src/icons/Fonts/general-sans/GeneralSansMedium.tsx(6096,5): error TS2339: Property 'hkern' does not exist on type 'JSX.IntrinsicElements'.
src/icons/Fonts/general-sans/GeneralSansMedium.tsx(6099,5): error TS2339: Property 'hkern' does not exist on type 'JSX.IntrinsicElements'.
src/icons/Fonts/general-sans/GeneralSansMedium.tsx(6102,5): error TS2339: Property 'hkern' does not exist on type 'JSX.IntrinsicElements'.
src/icons/Fonts/general-sans/GeneralSansMedium.tsx(6105,5): error TS2339: Property 'hkern' does not exist on type 'JSX.IntrinsicElements'.
src/icons/Fonts/general-sans/GeneralSansMedium.tsx(6108,5): error TS2339: Property 'hkern' does not exist on type 'JSX.IntrinsicElements'.
src/icons/Fonts/general-sans/GeneralSansMedium.tsx(6111,5): error TS2339: Property 'hkern' does not exist on type 'JSX.IntrinsicElements'.
src/icons/Fonts/general-sans/GeneralSansMedium.tsx(6114,5): error TS2339: Property 'hkern' does not exist on type 'JSX.IntrinsicElements'.
src/icons/Fonts/general-sans/GeneralSansMedium.tsx(6117,5): error TS2339: Property 'hkern' does not exist on type 'JSX.IntrinsicElements'.
src/icons/Fonts/general-sans/GeneralSansMedium.tsx(6120,5): error TS2339: Property 'hkern' does not exist on type 'JSX.IntrinsicElements'.
src/icons/Fonts/general-sans/GeneralSansMedium.tsx(6123,5): error TS2339: Property 'hkern' does not exist on type 'JSX.IntrinsicElements'.
src/icons/Fonts/general-sans/GeneralSansMedium.tsx(6126,5): error TS2339: Property 'hkern' does not exist on type 'JSX.IntrinsicElements'.
src/icons/Fonts/general-sans/GeneralSansMedium.tsx(6129,5): error TS2339: Property 'hkern' does not exist on type 'JSX.IntrinsicElements'.
src/icons/Fonts/general-sans/GeneralSansMedium.tsx(6132,5): error TS2339: Property 'hkern' does not exist on type 'JSX.IntrinsicElements'.
src/icons/Fonts/general-sans/GeneralSansMedium.tsx(6135,5): error TS2339: Property 'hkern' does not exist on type 'JSX.IntrinsicElements'.
src/icons/Fonts/general-sans/GeneralSansMedium.tsx(6138,5): error TS2339: Property 'hkern' does not exist on type 'JSX.IntrinsicElements'.
src/icons/Fonts/general-sans/GeneralSansMedium.tsx(6141,5): error TS2339: Property 'hkern' does not exist on type 'JSX.IntrinsicElements'.
src/icons/Fonts/general-sans/GeneralSansMedium.tsx(6144,5): error TS2339: Property 'hkern' does not exist on type 'JSX.IntrinsicElements'.
src/icons/Fonts/general-sans/GeneralSansMedium.tsx(6147,5): error TS2339: Property 'hkern' does not exist on type 'JSX.IntrinsicElements'.
src/icons/Fonts/general-sans/GeneralSansMedium.tsx(6150,5): error TS2339: Property 'hkern' does not exist on type 'JSX.IntrinsicElements'.
src/icons/Fonts/general-sans/GeneralSansMedium.tsx(6153,5): error TS2339: Property 'hkern' does not exist on type 'JSX.IntrinsicElements'.
src/icons/Fonts/general-sans/GeneralSansMedium.tsx(6156,5): error TS2339: Property 'hkern' does not exist on type 'JSX.IntrinsicElements'.
src/icons/Fonts/general-sans/GeneralSansMedium.tsx(6159,5): error TS2339: Property 'hkern' does not exist on type 'JSX.IntrinsicElements'.
src/icons/Fonts/general-sans/GeneralSansMedium.tsx(6162,5): error TS2339: Property 'hkern' does not exist on type 'JSX.IntrinsicElements'.
src/icons/Fonts/general-sans/GeneralSansMedium.tsx(6165,5): error TS2339: Property 'hkern' does not exist on type 'JSX.IntrinsicElements'.
src/icons/Fonts/general-sans/GeneralSansMedium.tsx(6168,5): error TS2339: Property 'hkern' does not exist on type 'JSX.IntrinsicElements'.
src/icons/Fonts/general-sans/GeneralSansMedium.tsx(6171,5): error TS2339: Property 'hkern' does not exist on type 'JSX.IntrinsicElements'.
src/icons/Fonts/general-sans/GeneralSansMedium.tsx(6174,5): error TS2339: Property 'hkern' does not exist on type 'JSX.IntrinsicElements'.
src/icons/Fonts/general-sans/GeneralSansMedium.tsx(6177,5): error TS2339: Property 'hkern' does not exist on type 'JSX.IntrinsicElements'.
src/icons/Fonts/general-sans/GeneralSansMedium.tsx(6180,5): error TS2339: Property 'hkern' does not exist on type 'JSX.IntrinsicElements'.
src/icons/Fonts/general-sans/GeneralSansMedium.tsx(6183,5): error TS2339: Property 'hkern' does not exist on type 'JSX.IntrinsicElements'.
src/icons/Fonts/general-sans/GeneralSansMedium.tsx(6186,5): error TS2339: Property 'hkern' does not exist on type 'JSX.IntrinsicElements'.
src/icons/Fonts/general-sans/GeneralSansMedium.tsx(6189,5): error TS2339: Property 'hkern' does not exist on type 'JSX.IntrinsicElements'.
src/icons/Fonts/general-sans/GeneralSansMedium.tsx(6192,5): error TS2339: Property 'hkern' does not exist on type 'JSX.IntrinsicElements'.
src/icons/Fonts/general-sans/GeneralSansMedium.tsx(6195,5): error TS2339: Property 'hkern' does not exist on type 'JSX.IntrinsicElements'.
src/icons/Fonts/general-sans/GeneralSansMedium.tsx(6198,5): error TS2339: Property 'hkern' does not exist on type 'JSX.IntrinsicElements'.
src/icons/Fonts/general-sans/GeneralSansMedium.tsx(6201,5): error TS2339: Property 'hkern' does not exist on type 'JSX.IntrinsicElements'.
src/icons/Fonts/general-sans/GeneralSansMedium.tsx(6204,5): error TS2339: Property 'hkern' does not exist on type 'JSX.IntrinsicElements'.
src/icons/Fonts/general-sans/GeneralSansMedium.tsx(6207,5): error TS2339: Property 'hkern' does not exist on type 'JSX.IntrinsicElements'.
src/icons/Fonts/general-sans/GeneralSansMedium.tsx(6210,5): error TS2339: Property 'hkern' does not exist on type 'JSX.IntrinsicElements'.
src/icons/Fonts/general-sans/GeneralSansMedium.tsx(6213,5): error TS2339: Property 'hkern' does not exist on type 'JSX.IntrinsicElements'.
src/icons/Fonts/general-sans/GeneralSansMedium.tsx(6216,5): error TS2339: Property 'hkern' does not exist on type 'JSX.IntrinsicElements'.
src/icons/Fonts/general-sans/GeneralSansMedium.tsx(6219,5): error TS2339: Property 'hkern' does not exist on type 'JSX.IntrinsicElements'.
src/icons/Fonts/general-sans/GeneralSansMedium.tsx(6222,5): error TS2339: Property 'hkern' does not exist on type 'JSX.IntrinsicElements'.
src/icons/Fonts/general-sans/GeneralSansMedium.tsx(6225,5): error TS2339: Property 'hkern' does not exist on type 'JSX.IntrinsicElements'.
src/icons/Fonts/general-sans/GeneralSansMedium.tsx(6228,5): error TS2339: Property 'hkern' does not exist on type 'JSX.IntrinsicElements'.
src/icons/Fonts/general-sans/GeneralSansMedium.tsx(6231,5): error TS2339: Property 'hkern' does not exist on type 'JSX.IntrinsicElements'.
src/icons/Fonts/general-sans/GeneralSansMedium.tsx(6234,5): error TS2339: Property 'hkern' does not exist on type 'JSX.IntrinsicElements'.
src/icons/Fonts/general-sans/GeneralSansMedium.tsx(6237,5): error TS2339: Property 'hkern' does not exist on type 'JSX.IntrinsicElements'.
src/icons/Fonts/general-sans/GeneralSansMedium.tsx(6240,5): error TS2339: Property 'hkern' does not exist on type 'JSX.IntrinsicElements'.
src/icons/Fonts/general-sans/GeneralSansMedium.tsx(6243,5): error TS2339: Property 'hkern' does not exist on type 'JSX.IntrinsicElements'.
src/icons/Fonts/general-sans/GeneralSansMedium.tsx(6246,5): error TS2339: Property 'hkern' does not exist on type 'JSX.IntrinsicElements'.
src/icons/Fonts/general-sans/GeneralSansMedium.tsx(6249,5): error TS2339: Property 'hkern' does not exist on type 'JSX.IntrinsicElements'.
src/icons/Fonts/general-sans/GeneralSansMedium.tsx(6252,5): error TS2339: Property 'hkern' does not exist on type 'JSX.IntrinsicElements'.
src/icons/Fonts/general-sans/GeneralSansMedium.tsx(6255,5): error TS2339: Property 'hkern' does not exist on type 'JSX.IntrinsicElements'.
src/icons/Fonts/general-sans/GeneralSansMedium.tsx(6258,5): error TS2339: Property 'hkern' does not exist on type 'JSX.IntrinsicElements'.
src/icons/Fonts/general-sans/GeneralSansMedium.tsx(6261,5): error TS2339: Property 'hkern' does not exist on type 'JSX.IntrinsicElements'.
src/icons/Fonts/general-sans/GeneralSansMedium.tsx(6264,5): error TS2339: Property 'hkern' does not exist on type 'JSX.IntrinsicElements'.
src/icons/Fonts/general-sans/GeneralSansMedium.tsx(6267,5): error TS2339: Property 'hkern' does not exist on type 'JSX.IntrinsicElements'.
src/icons/Fonts/general-sans/GeneralSansMedium.tsx(6270,5): error TS2339: Property 'hkern' does not exist on type 'JSX.IntrinsicElements'.
src/icons/Fonts/general-sans/GeneralSansMedium.tsx(6273,5): error TS2339: Property 'hkern' does not exist on type 'JSX.IntrinsicElements'.
src/icons/Fonts/general-sans/GeneralSansMedium.tsx(6276,5): error TS2339: Property 'hkern' does not exist on type 'JSX.IntrinsicElements'.
src/icons/Fonts/general-sans/GeneralSansMedium.tsx(6279,5): error TS2339: Property 'hkern' does not exist on type 'JSX.IntrinsicElements'.
src/icons/Fonts/general-sans/GeneralSansMedium.tsx(6282,5): error TS2339: Property 'hkern' does not exist on type 'JSX.IntrinsicElements'.
src/icons/Fonts/general-sans/GeneralSansMedium.tsx(6285,5): error TS2339: Property 'hkern' does not exist on type 'JSX.IntrinsicElements'.
src/icons/Fonts/general-sans/GeneralSansMedium.tsx(6288,5): error TS2339: Property 'hkern' does not exist on type 'JSX.IntrinsicElements'.
src/icons/Fonts/general-sans/GeneralSansMedium.tsx(6291,5): error TS2339: Property 'hkern' does not exist on type 'JSX.IntrinsicElements'.
src/icons/Fonts/general-sans/GeneralSansMedium.tsx(6294,5): error TS2339: Property 'hkern' does not exist on type 'JSX.IntrinsicElements'.
src/icons/Fonts/general-sans/GeneralSansMedium.tsx(6297,5): error TS2339: Property 'hkern' does not exist on type 'JSX.IntrinsicElements'.
src/icons/Fonts/general-sans/GeneralSansMedium.tsx(6300,5): error TS2339: Property 'hkern' does not exist on type 'JSX.IntrinsicElements'.
src/icons/Fonts/general-sans/GeneralSansMedium.tsx(6303,5): error TS2339: Property 'hkern' does not exist on type 'JSX.IntrinsicElements'.
src/icons/Fonts/general-sans/GeneralSansMedium.tsx(6306,5): error TS2339: Property 'hkern' does not exist on type 'JSX.IntrinsicElements'.
src/icons/Fonts/general-sans/GeneralSansMedium.tsx(6309,5): error TS2339: Property 'hkern' does not exist on type 'JSX.IntrinsicElements'.
src/icons/Fonts/general-sans/GeneralSansMedium.tsx(6312,5): error TS2339: Property 'hkern' does not exist on type 'JSX.IntrinsicElements'.
src/icons/Fonts/general-sans/GeneralSansMedium.tsx(6315,5): error TS2339: Property 'hkern' does not exist on type 'JSX.IntrinsicElements'.
src/icons/Fonts/general-sans/GeneralSansMedium.tsx(6318,5): error TS2339: Property 'hkern' does not exist on type 'JSX.IntrinsicElements'.
src/icons/Fonts/general-sans/GeneralSansMedium.tsx(6321,5): error TS2339: Property 'hkern' does not exist on type 'JSX.IntrinsicElements'.
src/icons/Fonts/general-sans/GeneralSansMedium.tsx(6324,5): error TS2339: Property 'hkern' does not exist on type 'JSX.IntrinsicElements'.
src/icons/Fonts/general-sans/GeneralSansMedium.tsx(6327,5): error TS2339: Property 'hkern' does not exist on type 'JSX.IntrinsicElements'.
src/icons/Fonts/general-sans/GeneralSansMedium.tsx(6330,5): error TS2339: Property 'hkern' does not exist on type 'JSX.IntrinsicElements'.
src/icons/Fonts/general-sans/GeneralSansMedium.tsx(6333,5): error TS2339: Property 'hkern' does not exist on type 'JSX.IntrinsicElements'.
src/icons/Fonts/general-sans/GeneralSansMedium.tsx(6336,5): error TS2339: Property 'hkern' does not exist on type 'JSX.IntrinsicElements'.
src/icons/Fonts/general-sans/GeneralSansMedium.tsx(6339,5): error TS2339: Property 'hkern' does not exist on type 'JSX.IntrinsicElements'.
src/icons/Fonts/general-sans/GeneralSansMedium.tsx(6342,5): error TS2339: Property 'hkern' does not exist on type 'JSX.IntrinsicElements'.
src/icons/Fonts/general-sans/GeneralSansMedium.tsx(6345,5): error TS2339: Property 'hkern' does not exist on type 'JSX.IntrinsicElements'.
src/icons/Fonts/general-sans/GeneralSansMedium.tsx(6348,5): error TS2339: Property 'hkern' does not exist on type 'JSX.IntrinsicElements'.
src/icons/Fonts/general-sans/GeneralSansMedium.tsx(6351,5): error TS2339: Property 'hkern' does not exist on type 'JSX.IntrinsicElements'.
src/icons/Fonts/general-sans/GeneralSansMedium.tsx(6354,5): error TS2339: Property 'hkern' does not exist on type 'JSX.IntrinsicElements'.
src/icons/Fonts/general-sans/GeneralSansMedium.tsx(6357,5): error TS2339: Property 'hkern' does not exist on type 'JSX.IntrinsicElements'.
src/icons/Fonts/general-sans/GeneralSansMedium.tsx(6360,5): error TS2339: Property 'hkern' does not exist on type 'JSX.IntrinsicElements'.
src/icons/Fonts/general-sans/GeneralSansMedium.tsx(6363,5): error TS2339: Property 'hkern' does not exist on type 'JSX.IntrinsicElements'.
src/icons/Fonts/general-sans/GeneralSansMedium.tsx(6366,5): error TS2339: Property 'hkern' does not exist on type 'JSX.IntrinsicElements'.
src/icons/Fonts/general-sans/GeneralSansMedium.tsx(6369,5): error TS2339: Property 'hkern' does not exist on type 'JSX.IntrinsicElements'.
src/icons/Fonts/general-sans/GeneralSansMedium.tsx(6372,5): error TS2339: Property 'hkern' does not exist on type 'JSX.IntrinsicElements'.
src/icons/Fonts/general-sans/GeneralSansMedium.tsx(6375,5): error TS2339: Property 'hkern' does not exist on type 'JSX.IntrinsicElements'.
src/icons/Fonts/general-sans/GeneralSansMedium.tsx(6378,5): error TS2339: Property 'hkern' does not exist on type 'JSX.IntrinsicElements'.
src/icons/Fonts/general-sans/GeneralSansMedium.tsx(6381,5): error TS2339: Property 'hkern' does not exist on type 'JSX.IntrinsicElements'.
src/icons/Fonts/general-sans/GeneralSansMedium.tsx(6384,5): error TS2339: Property 'hkern' does not exist on type 'JSX.IntrinsicElements'.
src/icons/Fonts/general-sans/GeneralSansMedium.tsx(6387,5): error TS2339: Property 'hkern' does not exist on type 'JSX.IntrinsicElements'.
src/icons/Fonts/general-sans/GeneralSansMedium.tsx(6390,5): error TS2339: Property 'hkern' does not exist on type 'JSX.IntrinsicElements'.
src/icons/Fonts/general-sans/GeneralSansMedium.tsx(6393,5): error TS2339: Property 'hkern' does not exist on type 'JSX.IntrinsicElements'.
src/icons/Fonts/general-sans/GeneralSansMedium.tsx(6396,5): error TS2339: Property 'hkern' does not exist on type 'JSX.IntrinsicElements'.
src/icons/Fonts/general-sans/GeneralSansMedium.tsx(6399,5): error TS2339: Property 'hkern' does not exist on type 'JSX.IntrinsicElements'.
src/icons/Fonts/general-sans/GeneralSansMedium.tsx(6402,5): error TS2339: Property 'hkern' does not exist on type 'JSX.IntrinsicElements'.
src/icons/Fonts/general-sans/GeneralSansMedium.tsx(6405,5): error TS2339: Property 'hkern' does not exist on type 'JSX.IntrinsicElements'.
src/icons/Fonts/general-sans/GeneralSansMedium.tsx(6408,5): error TS2339: Property 'hkern' does not exist on type 'JSX.IntrinsicElements'.
src/icons/Fonts/general-sans/GeneralSansMedium.tsx(6411,5): error TS2339: Property 'hkern' does not exist on type 'JSX.IntrinsicElements'.
src/icons/Fonts/general-sans/GeneralSansMedium.tsx(6414,5): error TS2339: Property 'hkern' does not exist on type 'JSX.IntrinsicElements'.
src/icons/Fonts/general-sans/GeneralSansMedium.tsx(6417,5): error TS2339: Property 'hkern' does not exist on type 'JSX.IntrinsicElements'.
src/icons/Fonts/general-sans/GeneralSansMedium.tsx(6420,5): error TS2339: Property 'hkern' does not exist on type 'JSX.IntrinsicElements'.
src/icons/Fonts/general-sans/GeneralSansMedium.tsx(6423,5): error TS2339: Property 'hkern' does not exist on type 'JSX.IntrinsicElements'.
src/icons/Fonts/general-sans/GeneralSansMedium.tsx(6426,5): error TS2339: Property 'hkern' does not exist on type 'JSX.IntrinsicElements'.
src/icons/Fonts/general-sans/GeneralSansMedium.tsx(6429,5): error TS2339: Property 'hkern' does not exist on type 'JSX.IntrinsicElements'.
src/icons/Fonts/general-sans/GeneralSansMedium.tsx(6432,5): error TS2339: Property 'hkern' does not exist on type 'JSX.IntrinsicElements'.
src/icons/Fonts/general-sans/GeneralSansMedium.tsx(6435,5): error TS2339: Property 'hkern' does not exist on type 'JSX.IntrinsicElements'.
src/icons/Fonts/general-sans/GeneralSansMedium.tsx(6438,5): error TS2339: Property 'hkern' does not exist on type 'JSX.IntrinsicElements'.
src/icons/Fonts/general-sans/GeneralSansMedium.tsx(6441,5): error TS2339: Property 'hkern' does not exist on type 'JSX.IntrinsicElements'.
src/icons/Fonts/general-sans/GeneralSansMedium.tsx(6444,5): error TS2339: Property 'hkern' does not exist on type 'JSX.IntrinsicElements'.
src/icons/Fonts/general-sans/GeneralSansMedium.tsx(6447,5): error TS2339: Property 'hkern' does not exist on type 'JSX.IntrinsicElements'.
src/icons/Fonts/general-sans/GeneralSansMedium.tsx(6450,5): error TS2339: Property 'hkern' does not exist on type 'JSX.IntrinsicElements'.
src/icons/Fonts/general-sans/GeneralSansMedium.tsx(6453,5): error TS2339: Property 'hkern' does not exist on type 'JSX.IntrinsicElements'.
src/icons/Fonts/general-sans/GeneralSansMedium.tsx(6456,5): error TS2339: Property 'hkern' does not exist on type 'JSX.IntrinsicElements'.
src/icons/Fonts/general-sans/GeneralSansMedium.tsx(6459,5): error TS2339: Property 'hkern' does not exist on type 'JSX.IntrinsicElements'.
src/icons/Fonts/general-sans/GeneralSansMedium.tsx(6462,5): error TS2339: Property 'hkern' does not exist on type 'JSX.IntrinsicElements'.
src/icons/Fonts/general-sans/GeneralSansMedium.tsx(6465,5): error TS2339: Property 'hkern' does not exist on type 'JSX.IntrinsicElements'.
src/icons/Fonts/general-sans/GeneralSansMedium.tsx(6468,5): error TS2339: Property 'hkern' does not exist on type 'JSX.IntrinsicElements'.
src/icons/Fonts/general-sans/GeneralSansMedium.tsx(6471,5): error TS2339: Property 'hkern' does not exist on type 'JSX.IntrinsicElements'.
src/icons/Fonts/general-sans/GeneralSansMedium.tsx(6474,5): error TS2339: Property 'hkern' does not exist on type 'JSX.IntrinsicElements'.
src/icons/Fonts/general-sans/GeneralSansMedium.tsx(6477,5): error TS2339: Property 'hkern' does not exist on type 'JSX.IntrinsicElements'.
src/icons/Fonts/general-sans/GeneralSansMedium.tsx(6480,5): error TS2339: Property 'hkern' does not exist on type 'JSX.IntrinsicElements'.
src/icons/Fonts/general-sans/GeneralSansMedium.tsx(6483,5): error TS2339: Property 'hkern' does not exist on type 'JSX.IntrinsicElements'.
src/icons/Fonts/general-sans/GeneralSansMedium.tsx(6486,5): error TS2339: Property 'hkern' does not exist on type 'JSX.IntrinsicElements'.
src/icons/Fonts/general-sans/GeneralSansMedium.tsx(6489,5): error TS2339: Property 'hkern' does not exist on type 'JSX.IntrinsicElements'.
src/icons/Fonts/general-sans/GeneralSansMedium.tsx(6492,5): error TS2339: Property 'hkern' does not exist on type 'JSX.IntrinsicElements'.
src/icons/Fonts/general-sans/GeneralSansMedium.tsx(6495,5): error TS2339: Property 'hkern' does not exist on type 'JSX.IntrinsicElements'.
src/icons/Fonts/general-sans/GeneralSansMedium.tsx(6498,5): error TS2339: Property 'hkern' does not exist on type 'JSX.IntrinsicElements'.
src/icons/Fonts/general-sans/GeneralSansMedium.tsx(6501,5): error TS2339: Property 'hkern' does not exist on type 'JSX.IntrinsicElements'.
src/icons/Fonts/general-sans/GeneralSansMedium.tsx(6504,5): error TS2339: Property 'hkern' does not exist on type 'JSX.IntrinsicElements'.
src/icons/Fonts/general-sans/GeneralSansMedium.tsx(6507,5): error TS2339: Property 'hkern' does not exist on type 'JSX.IntrinsicElements'.
src/icons/Fonts/general-sans/GeneralSansMedium.tsx(6510,5): error TS2339: Property 'hkern' does not exist on type 'JSX.IntrinsicElements'.
src/icons/Fonts/general-sans/GeneralSansMedium.tsx(6513,5): error TS2339: Property 'hkern' does not exist on type 'JSX.IntrinsicElements'.
src/icons/Fonts/general-sans/GeneralSansMedium.tsx(6516,5): error TS2339: Property 'hkern' does not exist on type 'JSX.IntrinsicElements'.
src/icons/Fonts/general-sans/GeneralSansMedium.tsx(6519,5): error TS2339: Property 'hkern' does not exist on type 'JSX.IntrinsicElements'.
src/icons/Fonts/general-sans/GeneralSansMedium.tsx(6522,5): error TS2339: Property 'hkern' does not exist on type 'JSX.IntrinsicElements'.
src/icons/Fonts/general-sans/GeneralSansMedium.tsx(6525,5): error TS2339: Property 'hkern' does not exist on type 'JSX.IntrinsicElements'.
src/icons/Fonts/general-sans/GeneralSansMedium.tsx(6528,5): error TS2339: Property 'hkern' does not exist on type 'JSX.IntrinsicElements'.
src/icons/Fonts/general-sans/GeneralSansMedium.tsx(6531,5): error TS2339: Property 'hkern' does not exist on type 'JSX.IntrinsicElements'.
src/icons/Fonts/general-sans/GeneralSansMedium.tsx(6534,5): error TS2339: Property 'hkern' does not exist on type 'JSX.IntrinsicElements'.
src/icons/Fonts/general-sans/GeneralSansMedium.tsx(6537,5): error TS2339: Property 'hkern' does not exist on type 'JSX.IntrinsicElements'.
src/icons/Fonts/general-sans/GeneralSansMedium.tsx(6540,5): error TS2339: Property 'hkern' does not exist on type 'JSX.IntrinsicElements'.
src/icons/Fonts/general-sans/GeneralSansMedium.tsx(6543,5): error TS2339: Property 'hkern' does not exist on type 'JSX.IntrinsicElements'.
src/icons/Fonts/general-sans/GeneralSansMedium.tsx(6546,5): error TS2339: Property 'hkern' does not exist on type 'JSX.IntrinsicElements'.
src/icons/Fonts/general-sans/GeneralSansMedium.tsx(6549,5): error TS2339: Property 'hkern' does not exist on type 'JSX.IntrinsicElements'.
src/icons/Fonts/general-sans/GeneralSansMedium.tsx(6552,5): error TS2339: Property 'hkern' does not exist on type 'JSX.IntrinsicElements'.
src/icons/Fonts/general-sans/GeneralSansMedium.tsx(6555,5): error TS2339: Property 'hkern' does not exist on type 'JSX.IntrinsicElements'.
src/icons/Fonts/general-sans/GeneralSansMedium.tsx(6558,5): error TS2339: Property 'hkern' does not exist on type 'JSX.IntrinsicElements'.
src/icons/Fonts/general-sans/GeneralSansMedium.tsx(6561,5): error TS2339: Property 'hkern' does not exist on type 'JSX.IntrinsicElements'.
src/icons/Fonts/general-sans/GeneralSansMedium.tsx(6564,5): error TS2339: Property 'hkern' does not exist on type 'JSX.IntrinsicElements'.
src/icons/Fonts/general-sans/GeneralSansMedium.tsx(6567,5): error TS2339: Property 'hkern' does not exist on type 'JSX.IntrinsicElements'.
src/icons/Fonts/general-sans/GeneralSansMedium.tsx(6570,5): error TS2339: Property 'hkern' does not exist on type 'JSX.IntrinsicElements'.
src/icons/Fonts/general-sans/GeneralSansMedium.tsx(6573,5): error TS2339: Property 'hkern' does not exist on type 'JSX.IntrinsicElements'.
src/icons/Fonts/general-sans/GeneralSansMedium.tsx(6576,5): error TS2339: Property 'hkern' does not exist on type 'JSX.IntrinsicElements'.
src/icons/Fonts/general-sans/GeneralSansMedium.tsx(6579,5): error TS2339: Property 'hkern' does not exist on type 'JSX.IntrinsicElements'.
src/icons/Fonts/general-sans/GeneralSansMedium.tsx(6582,5): error TS2339: Property 'hkern' does not exist on type 'JSX.IntrinsicElements'.
src/icons/Fonts/general-sans/GeneralSansMedium.tsx(6585,5): error TS2339: Property 'hkern' does not exist on type 'JSX.IntrinsicElements'.
src/icons/Fonts/general-sans/GeneralSansMedium.tsx(6588,5): error TS2339: Property 'hkern' does not exist on type 'JSX.IntrinsicElements'.
src/icons/Fonts/general-sans/GeneralSansMedium.tsx(6591,5): error TS2339: Property 'hkern' does not exist on type 'JSX.IntrinsicElements'.
src/icons/Fonts/general-sans/GeneralSansMedium.tsx(6594,5): error TS2339: Property 'hkern' does not exist on type 'JSX.IntrinsicElements'.
src/icons/Fonts/general-sans/GeneralSansMedium.tsx(6597,5): error TS2339: Property 'hkern' does not exist on type 'JSX.IntrinsicElements'.
src/icons/Fonts/general-sans/GeneralSansMedium.tsx(6600,5): error TS2339: Property 'hkern' does not exist on type 'JSX.IntrinsicElements'.
src/icons/Fonts/general-sans/GeneralSansMedium.tsx(6603,5): error TS2339: Property 'hkern' does not exist on type 'JSX.IntrinsicElements'.
src/icons/Fonts/general-sans/GeneralSansMedium.tsx(6606,5): error TS2339: Property 'hkern' does not exist on type 'JSX.IntrinsicElements'.
src/icons/Fonts/general-sans/GeneralSansMedium.tsx(6609,5): error TS2339: Property 'hkern' does not exist on type 'JSX.IntrinsicElements'.
src/icons/Fonts/general-sans/GeneralSansMedium.tsx(6612,5): error TS2339: Property 'hkern' does not exist on type 'JSX.IntrinsicElements'.
src/icons/Fonts/general-sans/GeneralSansMedium.tsx(6615,5): error TS2339: Property 'hkern' does not exist on type 'JSX.IntrinsicElements'.
src/icons/Fonts/general-sans/GeneralSansMedium.tsx(6618,5): error TS2339: Property 'hkern' does not exist on type 'JSX.IntrinsicElements'.
src/icons/Fonts/general-sans/GeneralSansMedium.tsx(6621,5): error TS2339: Property 'hkern' does not exist on type 'JSX.IntrinsicElements'.
src/icons/Fonts/general-sans/GeneralSansMedium.tsx(6624,5): error TS2339: Property 'hkern' does not exist on type 'JSX.IntrinsicElements'.
src/icons/Fonts/general-sans/GeneralSansMedium.tsx(6627,5): error TS2339: Property 'hkern' does not exist on type 'JSX.IntrinsicElements'.
src/icons/Fonts/general-sans/GeneralSansMedium.tsx(6630,5): error TS2339: Property 'hkern' does not exist on type 'JSX.IntrinsicElements'.
src/icons/Fonts/general-sans/GeneralSansMedium.tsx(6633,5): error TS2339: Property 'hkern' does not exist on type 'JSX.IntrinsicElements'.
src/icons/Fonts/general-sans/GeneralSansMedium.tsx(6636,5): error TS2339: Property 'hkern' does not exist on type 'JSX.IntrinsicElements'.
src/icons/Fonts/general-sans/GeneralSansMedium.tsx(6639,5): error TS2339: Property 'hkern' does not exist on type 'JSX.IntrinsicElements'.
src/icons/Fonts/general-sans/GeneralSansMedium.tsx(6642,5): error TS2339: Property 'hkern' does not exist on type 'JSX.IntrinsicElements'.
src/icons/Fonts/general-sans/GeneralSansMedium.tsx(6645,5): error TS2339: Property 'hkern' does not exist on type 'JSX.IntrinsicElements'.
src/icons/Fonts/general-sans/GeneralSansMedium.tsx(6648,5): error TS2339: Property 'hkern' does not exist on type 'JSX.IntrinsicElements'.
src/icons/Fonts/general-sans/GeneralSansMedium.tsx(6651,5): error TS2339: Property 'hkern' does not exist on type 'JSX.IntrinsicElements'.
src/icons/Fonts/general-sans/GeneralSansMedium.tsx(6654,5): error TS2339: Property 'hkern' does not exist on type 'JSX.IntrinsicElements'.
src/icons/Fonts/general-sans/GeneralSansMedium.tsx(6657,5): error TS2339: Property 'hkern' does not exist on type 'JSX.IntrinsicElements'.
src/icons/Fonts/general-sans/GeneralSansMedium.tsx(6660,5): error TS2339: Property 'hkern' does not exist on type 'JSX.IntrinsicElements'.
src/icons/Fonts/general-sans/GeneralSansMedium.tsx(6663,5): error TS2339: Property 'hkern' does not exist on type 'JSX.IntrinsicElements'.
src/icons/Fonts/general-sans/GeneralSansMedium.tsx(6666,5): error TS2339: Property 'hkern' does not exist on type 'JSX.IntrinsicElements'.
src/icons/Fonts/general-sans/GeneralSansMedium.tsx(6669,5): error TS2339: Property 'hkern' does not exist on type 'JSX.IntrinsicElements'.
src/icons/Fonts/general-sans/GeneralSansMedium.tsx(6672,5): error TS2339: Property 'hkern' does not exist on type 'JSX.IntrinsicElements'.
src/icons/Fonts/general-sans/GeneralSansMedium.tsx(6675,5): error TS2339: Property 'hkern' does not exist on type 'JSX.IntrinsicElements'.
src/icons/Fonts/general-sans/GeneralSansMedium.tsx(6678,5): error TS2339: Property 'hkern' does not exist on type 'JSX.IntrinsicElements'.
src/icons/Fonts/general-sans/GeneralSansMedium.tsx(6681,5): error TS2339: Property 'hkern' does not exist on type 'JSX.IntrinsicElements'.
src/icons/Fonts/general-sans/GeneralSansMedium.tsx(6684,5): error TS2339: Property 'hkern' does not exist on type 'JSX.IntrinsicElements'.
src/icons/Fonts/general-sans/GeneralSansMedium.tsx(6687,5): error TS2339: Property 'hkern' does not exist on type 'JSX.IntrinsicElements'.
src/icons/Fonts/general-sans/GeneralSansMedium.tsx(6690,5): error TS2339: Property 'hkern' does not exist on type 'JSX.IntrinsicElements'.
src/icons/Fonts/general-sans/GeneralSansMedium.tsx(6693,5): error TS2339: Property 'hkern' does not exist on type 'JSX.IntrinsicElements'.
src/icons/Fonts/general-sans/GeneralSansMedium.tsx(6696,5): error TS2339: Property 'hkern' does not exist on type 'JSX.IntrinsicElements'.
src/icons/Fonts/general-sans/GeneralSansMedium.tsx(6699,5): error TS2339: Property 'hkern' does not exist on type 'JSX.IntrinsicElements'.
src/icons/Fonts/general-sans/GeneralSansMedium.tsx(6702,5): error TS2339: Property 'hkern' does not exist on type 'JSX.IntrinsicElements'.
src/icons/Fonts/general-sans/GeneralSansMedium.tsx(6705,5): error TS2339: Property 'hkern' does not exist on type 'JSX.IntrinsicElements'.
src/icons/Fonts/general-sans/GeneralSansMedium.tsx(6708,5): error TS2339: Property 'hkern' does not exist on type 'JSX.IntrinsicElements'.
src/icons/Fonts/general-sans/GeneralSansMedium.tsx(6711,5): error TS2339: Property 'hkern' does not exist on type 'JSX.IntrinsicElements'.
src/icons/Fonts/general-sans/GeneralSansMedium.tsx(6714,5): error TS2339: Property 'hkern' does not exist on type 'JSX.IntrinsicElements'.
src/icons/Fonts/general-sans/GeneralSansMedium.tsx(6717,5): error TS2339: Property 'hkern' does not exist on type 'JSX.IntrinsicElements'.
src/icons/Fonts/general-sans/GeneralSansMedium.tsx(6720,5): error TS2339: Property 'hkern' does not exist on type 'JSX.IntrinsicElements'.
src/icons/Fonts/general-sans/GeneralSansMedium.tsx(6723,5): error TS2339: Property 'hkern' does not exist on type 'JSX.IntrinsicElements'.
src/icons/Fonts/general-sans/GeneralSansMedium.tsx(6726,5): error TS2339: Property 'hkern' does not exist on type 'JSX.IntrinsicElements'.
src/icons/Fonts/general-sans/GeneralSansMedium.tsx(6729,5): error TS2339: Property 'hkern' does not exist on type 'JSX.IntrinsicElements'.
src/icons/Fonts/general-sans/GeneralSansMedium.tsx(6732,5): error TS2339: Property 'hkern' does not exist on type 'JSX.IntrinsicElements'.
src/icons/Fonts/general-sans/GeneralSansMedium.tsx(6735,5): error TS2339: Property 'hkern' does not exist on type 'JSX.IntrinsicElements'.
src/icons/Fonts/general-sans/GeneralSansMedium.tsx(6738,5): error TS2339: Property 'hkern' does not exist on type 'JSX.IntrinsicElements'.
src/icons/Fonts/general-sans/GeneralSansMedium.tsx(6741,5): error TS2339: Property 'hkern' does not exist on type 'JSX.IntrinsicElements'.
src/icons/Fonts/general-sans/GeneralSansMedium.tsx(6744,5): error TS2339: Property 'hkern' does not exist on type 'JSX.IntrinsicElements'.
src/icons/Fonts/general-sans/GeneralSansMedium.tsx(6747,5): error TS2339: Property 'hkern' does not exist on type 'JSX.IntrinsicElements'.
src/icons/Fonts/general-sans/GeneralSansMedium.tsx(6750,5): error TS2339: Property 'hkern' does not exist on type 'JSX.IntrinsicElements'.
src/icons/Fonts/general-sans/GeneralSansMedium.tsx(6753,5): error TS2339: Property 'hkern' does not exist on type 'JSX.IntrinsicElements'.
src/icons/Fonts/general-sans/GeneralSansMedium.tsx(6756,5): error TS2339: Property 'hkern' does not exist on type 'JSX.IntrinsicElements'.
src/icons/Fonts/general-sans/GeneralSansMedium.tsx(6759,5): error TS2339: Property 'hkern' does not exist on type 'JSX.IntrinsicElements'.
src/icons/Fonts/general-sans/GeneralSansMedium.tsx(6762,5): error TS2339: Property 'hkern' does not exist on type 'JSX.IntrinsicElements'.
src/icons/Fonts/general-sans/GeneralSansMedium.tsx(6765,5): error TS2339: Property 'hkern' does not exist on type 'JSX.IntrinsicElements'.
src/icons/Fonts/general-sans/GeneralSansMedium.tsx(6768,5): error TS2339: Property 'hkern' does not exist on type 'JSX.IntrinsicElements'.
src/icons/Fonts/general-sans/GeneralSansMedium.tsx(6771,5): error TS2339: Property 'hkern' does not exist on type 'JSX.IntrinsicElements'.
src/icons/Fonts/general-sans/GeneralSansMedium.tsx(6774,5): error TS2339: Property 'hkern' does not exist on type 'JSX.IntrinsicElements'.
src/icons/Fonts/general-sans/GeneralSansMedium.tsx(6777,5): error TS2339: Property 'hkern' does not exist on type 'JSX.IntrinsicElements'.
src/icons/Fonts/general-sans/GeneralSansMedium.tsx(6780,5): error TS2339: Property 'hkern' does not exist on type 'JSX.IntrinsicElements'.
src/icons/Fonts/general-sans/GeneralSansMedium.tsx(6783,5): error TS2339: Property 'hkern' does not exist on type 'JSX.IntrinsicElements'.
src/icons/Fonts/general-sans/GeneralSansMedium.tsx(6786,5): error TS2339: Property 'hkern' does not exist on type 'JSX.IntrinsicElements'.
src/icons/Fonts/general-sans/GeneralSansMedium.tsx(6789,5): error TS2339: Property 'hkern' does not exist on type 'JSX.IntrinsicElements'.
src/icons/Fonts/general-sans/GeneralSansMedium.tsx(6792,5): error TS2339: Property 'hkern' does not exist on type 'JSX.IntrinsicElements'.
src/icons/Fonts/general-sans/GeneralSansMedium.tsx(6795,5): error TS2339: Property 'hkern' does not exist on type 'JSX.IntrinsicElements'.
src/icons/Fonts/general-sans/GeneralSansMedium.tsx(6798,5): error TS2339: Property 'hkern' does not exist on type 'JSX.IntrinsicElements'.
src/icons/Fonts/general-sans/GeneralSansMedium.tsx(6801,5): error TS2339: Property 'hkern' does not exist on type 'JSX.IntrinsicElements'.
src/icons/Fonts/general-sans/GeneralSansMedium.tsx(6804,5): error TS2339: Property 'hkern' does not exist on type 'JSX.IntrinsicElements'.
src/icons/Fonts/general-sans/GeneralSansMedium.tsx(6807,5): error TS2339: Property 'hkern' does not exist on type 'JSX.IntrinsicElements'.
src/icons/Fonts/general-sans/GeneralSansMedium.tsx(6810,5): error TS2339: Property 'hkern' does not exist on type 'JSX.IntrinsicElements'.
src/icons/Fonts/general-sans/GeneralSansMedium.tsx(6813,5): error TS2339: Property 'hkern' does not exist on type 'JSX.IntrinsicElements'.
src/icons/Fonts/general-sans/GeneralSansMedium.tsx(6816,5): error TS2339: Property 'hkern' does not exist on type 'JSX.IntrinsicElements'.
src/icons/Fonts/general-sans/GeneralSansMedium.tsx(6819,5): error TS2339: Property 'hkern' does not exist on type 'JSX.IntrinsicElements'.
src/icons/Fonts/general-sans/GeneralSansMedium.tsx(6822,5): error TS2339: Property 'hkern' does not exist on type 'JSX.IntrinsicElements'.
src/icons/Fonts/general-sans/GeneralSansMedium.tsx(6825,5): error TS2339: Property 'hkern' does not exist on type 'JSX.IntrinsicElements'.
src/icons/Fonts/general-sans/GeneralSansMedium.tsx(6828,5): error TS2339: Property 'hkern' does not exist on type 'JSX.IntrinsicElements'.
src/icons/Fonts/general-sans/GeneralSansMedium.tsx(6831,5): error TS2339: Property 'hkern' does not exist on type 'JSX.IntrinsicElements'.
src/icons/Fonts/general-sans/GeneralSansMedium.tsx(6834,5): error TS2339: Property 'hkern' does not exist on type 'JSX.IntrinsicElements'.
src/icons/Fonts/general-sans/GeneralSansMedium.tsx(6837,5): error TS2339: Property 'hkern' does not exist on type 'JSX.IntrinsicElements'.
src/icons/Fonts/general-sans/GeneralSansMedium.tsx(6840,5): error TS2339: Property 'hkern' does not exist on type 'JSX.IntrinsicElements'.
src/icons/Fonts/general-sans/GeneralSansMedium.tsx(6843,5): error TS2339: Property 'hkern' does not exist on type 'JSX.IntrinsicElements'.
src/icons/Fonts/general-sans/GeneralSansMedium.tsx(6846,5): error TS2339: Property 'hkern' does not exist on type 'JSX.IntrinsicElements'.
src/icons/Fonts/general-sans/GeneralSansMedium.tsx(6849,5): error TS2339: Property 'hkern' does not exist on type 'JSX.IntrinsicElements'.
src/icons/Fonts/general-sans/GeneralSansMedium.tsx(6852,5): error TS2339: Property 'hkern' does not exist on type 'JSX.IntrinsicElements'.
src/icons/Fonts/general-sans/GeneralSansMedium.tsx(6855,5): error TS2339: Property 'hkern' does not exist on type 'JSX.IntrinsicElements'.
src/icons/Fonts/general-sans/GeneralSansMedium.tsx(6858,5): error TS2339: Property 'hkern' does not exist on type 'JSX.IntrinsicElements'.
src/icons/Fonts/general-sans/GeneralSansMedium.tsx(6861,5): error TS2339: Property 'hkern' does not exist on type 'JSX.IntrinsicElements'.
src/icons/Fonts/general-sans/GeneralSansMedium.tsx(6864,5): error TS2339: Property 'hkern' does not exist on type 'JSX.IntrinsicElements'.
src/icons/Fonts/general-sans/GeneralSansMedium.tsx(6867,5): error TS2339: Property 'hkern' does not exist on type 'JSX.IntrinsicElements'.
src/icons/Fonts/general-sans/GeneralSansMedium.tsx(6870,5): error TS2339: Property 'hkern' does not exist on type 'JSX.IntrinsicElements'.
src/icons/Fonts/general-sans/GeneralSansMedium.tsx(6873,5): error TS2339: Property 'hkern' does not exist on type 'JSX.IntrinsicElements'.
src/icons/Fonts/general-sans/GeneralSansMedium.tsx(6876,5): error TS2339: Property 'hkern' does not exist on type 'JSX.IntrinsicElements'.
src/icons/Fonts/general-sans/GeneralSansMedium.tsx(6879,5): error TS2339: Property 'hkern' does not exist on type 'JSX.IntrinsicElements'.
src/icons/Fonts/general-sans/GeneralSansMedium.tsx(6882,5): error TS2339: Property 'hkern' does not exist on type 'JSX.IntrinsicElements'.
src/icons/Fonts/general-sans/GeneralSansMedium.tsx(6885,5): error TS2339: Property 'hkern' does not exist on type 'JSX.IntrinsicElements'.
src/icons/Fonts/general-sans/GeneralSansMedium.tsx(6888,5): error TS2339: Property 'hkern' does not exist on type 'JSX.IntrinsicElements'.
src/icons/Fonts/general-sans/GeneralSansMedium.tsx(6891,5): error TS2339: Property 'hkern' does not exist on type 'JSX.IntrinsicElements'.
src/icons/Fonts/general-sans/GeneralSansMedium.tsx(6894,5): error TS2339: Property 'hkern' does not exist on type 'JSX.IntrinsicElements'.
src/icons/Fonts/general-sans/GeneralSansMedium.tsx(6897,5): error TS2339: Property 'hkern' does not exist on type 'JSX.IntrinsicElements'.
src/icons/Fonts/general-sans/GeneralSansMedium.tsx(6900,5): error TS2339: Property 'hkern' does not exist on type 'JSX.IntrinsicElements'.
src/icons/Fonts/general-sans/GeneralSansMedium.tsx(6903,5): error TS2339: Property 'hkern' does not exist on type 'JSX.IntrinsicElements'.
src/icons/Fonts/general-sans/GeneralSansMedium.tsx(6906,5): error TS2339: Property 'hkern' does not exist on type 'JSX.IntrinsicElements'.
src/icons/Fonts/general-sans/GeneralSansMedium.tsx(6909,5): error TS2339: Property 'hkern' does not exist on type 'JSX.IntrinsicElements'.
src/icons/Fonts/general-sans/GeneralSansMedium.tsx(6912,5): error TS2339: Property 'hkern' does not exist on type 'JSX.IntrinsicElements'.
src/icons/Fonts/general-sans/GeneralSansMedium.tsx(6915,5): error TS2339: Property 'hkern' does not exist on type 'JSX.IntrinsicElements'.
src/icons/Fonts/general-sans/GeneralSansMedium.tsx(6918,5): error TS2339: Property 'hkern' does not exist on type 'JSX.IntrinsicElements'.
src/icons/Fonts/general-sans/GeneralSansMedium.tsx(6921,5): error TS2339: Property 'hkern' does not exist on type 'JSX.IntrinsicElements'.
src/icons/Fonts/general-sans/GeneralSansMedium.tsx(6924,5): error TS2339: Property 'hkern' does not exist on type 'JSX.IntrinsicElements'.
src/icons/Fonts/general-sans/GeneralSansMedium.tsx(6927,5): error TS2339: Property 'hkern' does not exist on type 'JSX.IntrinsicElements'.
src/icons/Fonts/general-sans/GeneralSansMedium.tsx(6930,5): error TS2339: Property 'hkern' does not exist on type 'JSX.IntrinsicElements'.
src/icons/Fonts/general-sans/GeneralSansMedium.tsx(6933,5): error TS2339: Property 'hkern' does not exist on type 'JSX.IntrinsicElements'.
src/icons/Fonts/general-sans/GeneralSansMedium.tsx(6936,5): error TS2339: Property 'hkern' does not exist on type 'JSX.IntrinsicElements'.
src/icons/Fonts/general-sans/GeneralSansMedium.tsx(6939,5): error TS2339: Property 'hkern' does not exist on type 'JSX.IntrinsicElements'.
src/icons/Fonts/general-sans/GeneralSansMedium.tsx(6942,5): error TS2339: Property 'hkern' does not exist on type 'JSX.IntrinsicElements'.
src/icons/Fonts/general-sans/GeneralSansMedium.tsx(6945,5): error TS2339: Property 'hkern' does not exist on type 'JSX.IntrinsicElements'.
src/icons/Fonts/general-sans/GeneralSansMedium.tsx(6948,5): error TS2339: Property 'hkern' does not exist on type 'JSX.IntrinsicElements'.
src/icons/Fonts/general-sans/GeneralSansMedium.tsx(6951,5): error TS2339: Property 'hkern' does not exist on type 'JSX.IntrinsicElements'.
src/icons/Fonts/general-sans/GeneralSansMedium.tsx(6954,5): error TS2339: Property 'hkern' does not exist on type 'JSX.IntrinsicElements'.
src/icons/Fonts/general-sans/GeneralSansMedium.tsx(6957,5): error TS2339: Property 'hkern' does not exist on type 'JSX.IntrinsicElements'.
src/icons/Fonts/general-sans/GeneralSansMedium.tsx(6960,5): error TS2339: Property 'hkern' does not exist on type 'JSX.IntrinsicElements'.
src/icons/Fonts/general-sans/GeneralSansMedium.tsx(6963,5): error TS2339: Property 'hkern' does not exist on type 'JSX.IntrinsicElements'.
src/icons/Fonts/general-sans/GeneralSansMedium.tsx(6966,5): error TS2339: Property 'hkern' does not exist on type 'JSX.IntrinsicElements'.
src/icons/Fonts/general-sans/GeneralSansMedium.tsx(6969,5): error TS2339: Property 'hkern' does not exist on type 'JSX.IntrinsicElements'.
src/icons/Fonts/general-sans/GeneralSansMedium.tsx(6972,5): error TS2339: Property 'hkern' does not exist on type 'JSX.IntrinsicElements'.
src/icons/Fonts/general-sans/GeneralSansMedium.tsx(6975,5): error TS2339: Property 'hkern' does not exist on type 'JSX.IntrinsicElements'.
src/icons/Fonts/general-sans/GeneralSansMedium.tsx(6978,5): error TS2339: Property 'hkern' does not exist on type 'JSX.IntrinsicElements'.
src/icons/Fonts/general-sans/GeneralSansMedium.tsx(6981,5): error TS2339: Property 'hkern' does not exist on type 'JSX.IntrinsicElements'.
src/icons/Fonts/general-sans/GeneralSansMedium.tsx(6984,5): error TS2339: Property 'hkern' does not exist on type 'JSX.IntrinsicElements'.
src/icons/Fonts/general-sans/GeneralSansMedium.tsx(6987,5): error TS2339: Property 'hkern' does not exist on type 'JSX.IntrinsicElements'.
src/icons/Fonts/general-sans/GeneralSansMedium.tsx(6990,5): error TS2339: Property 'hkern' does not exist on type 'JSX.IntrinsicElements'.
src/icons/Fonts/general-sans/GeneralSansMedium.tsx(6993,5): error TS2339: Property 'hkern' does not exist on type 'JSX.IntrinsicElements'.
src/icons/Fonts/general-sans/GeneralSansMedium.tsx(6996,5): error TS2339: Property 'hkern' does not exist on type 'JSX.IntrinsicElements'.
src/icons/Fonts/general-sans/GeneralSansMedium.tsx(6999,5): error TS2339: Property 'hkern' does not exist on type 'JSX.IntrinsicElements'.
src/icons/Fonts/general-sans/GeneralSansMedium.tsx(7002,5): error TS2339: Property 'hkern' does not exist on type 'JSX.IntrinsicElements'.
src/icons/Fonts/general-sans/GeneralSansMedium.tsx(7005,5): error TS2339: Property 'hkern' does not exist on type 'JSX.IntrinsicElements'.
src/icons/Fonts/general-sans/GeneralSansMedium.tsx(7008,5): error TS2339: Property 'hkern' does not exist on type 'JSX.IntrinsicElements'.
src/icons/Fonts/general-sans/GeneralSansMedium.tsx(7011,5): error TS2339: Property 'hkern' does not exist on type 'JSX.IntrinsicElements'.
src/icons/Fonts/general-sans/GeneralSansMedium.tsx(7014,5): error TS2339: Property 'hkern' does not exist on type 'JSX.IntrinsicElements'.
src/icons/Fonts/general-sans/GeneralSansMedium.tsx(7017,5): error TS2339: Property 'hkern' does not exist on type 'JSX.IntrinsicElements'.
src/icons/Fonts/general-sans/GeneralSansMedium.tsx(7020,5): error TS2339: Property 'hkern' does not exist on type 'JSX.IntrinsicElements'.
src/icons/Fonts/general-sans/GeneralSansMedium.tsx(7023,5): error TS2339: Property 'hkern' does not exist on type 'JSX.IntrinsicElements'.
src/icons/Fonts/general-sans/GeneralSansMedium.tsx(7026,5): error TS2339: Property 'hkern' does not exist on type 'JSX.IntrinsicElements'.
src/icons/Fonts/general-sans/GeneralSansMedium.tsx(7029,5): error TS2339: Property 'hkern' does not exist on type 'JSX.IntrinsicElements'.
src/icons/Fonts/general-sans/GeneralSansMedium.tsx(7032,5): error TS2339: Property 'hkern' does not exist on type 'JSX.IntrinsicElements'.
src/icons/Fonts/general-sans/GeneralSansMedium.tsx(7035,3): error TS2339: Property 'font' does not exist on type 'JSX.IntrinsicElements'.
src/icons/Fonts/general-sans/GeneralSansRegular.tsx(11,1): error TS2339: Property 'font' does not exist on type 'JSX.IntrinsicElements'.
src/icons/Fonts/general-sans/GeneralSansRegular.tsx(12,3): error TS2339: Property 'font-face' does not exist on type 'JSX.IntrinsicElements'.
src/icons/Fonts/general-sans/GeneralSansRegular.tsx(27,1): error TS2339: Property 'missing-glyph' does not exist on type 'JSX.IntrinsicElements'.
src/icons/Fonts/general-sans/GeneralSansRegular.tsx(29,5): error TS2339: Property 'glyph' does not exist on type 'JSX.IntrinsicElements'.
src/icons/Fonts/general-sans/GeneralSansRegular.tsx(31,5): error TS2339: Property 'glyph' does not exist on type 'JSX.IntrinsicElements'.
src/icons/Fonts/general-sans/GeneralSansRegular.tsx(33,5): error TS2339: Property 'glyph' does not exist on type 'JSX.IntrinsicElements'.
src/icons/Fonts/general-sans/GeneralSansRegular.tsx(35,5): error TS2339: Property 'glyph' does not exist on type 'JSX.IntrinsicElements'.
src/icons/Fonts/general-sans/GeneralSansRegular.tsx(37,5): error TS2339: Property 'glyph' does not exist on type 'JSX.IntrinsicElements'.
src/icons/Fonts/general-sans/GeneralSansRegular.tsx(39,5): error TS2339: Property 'glyph' does not exist on type 'JSX.IntrinsicElements'.
src/icons/Fonts/general-sans/GeneralSansRegular.tsx(41,5): error TS2339: Property 'glyph' does not exist on type 'JSX.IntrinsicElements'.
src/icons/Fonts/general-sans/GeneralSansRegular.tsx(43,5): error TS2339: Property 'glyph' does not exist on type 'JSX.IntrinsicElements'.
src/icons/Fonts/general-sans/GeneralSansRegular.tsx(45,5): error TS2339: Property 'glyph' does not exist on type 'JSX.IntrinsicElements'.
src/icons/Fonts/general-sans/GeneralSansRegular.tsx(47,5): error TS2339: Property 'glyph' does not exist on type 'JSX.IntrinsicElements'.
src/icons/Fonts/general-sans/GeneralSansRegular.tsx(49,5): error TS2339: Property 'glyph' does not exist on type 'JSX.IntrinsicElements'.
src/icons/Fonts/general-sans/GeneralSansRegular.tsx(52,5): error TS2339: Property 'glyph' does not exist on type 'JSX.IntrinsicElements'.
src/icons/Fonts/general-sans/GeneralSansRegular.tsx(55,5): error TS2339: Property 'glyph' does not exist on type 'JSX.IntrinsicElements'.
src/icons/Fonts/general-sans/GeneralSansRegular.tsx(58,5): error TS2339: Property 'glyph' does not exist on type 'JSX.IntrinsicElements'.
src/icons/Fonts/general-sans/GeneralSansRegular.tsx(60,5): error TS2339: Property 'glyph' does not exist on type 'JSX.IntrinsicElements'.
src/icons/Fonts/general-sans/GeneralSansRegular.tsx(62,5): error TS2339: Property 'glyph' does not exist on type 'JSX.IntrinsicElements'.
src/icons/Fonts/general-sans/GeneralSansRegular.tsx(64,5): error TS2339: Property 'glyph' does not exist on type 'JSX.IntrinsicElements'.
src/icons/Fonts/general-sans/GeneralSansRegular.tsx(66,5): error TS2339: Property 'glyph' does not exist on type 'JSX.IntrinsicElements'.
src/icons/Fonts/general-sans/GeneralSansRegular.tsx(68,5): error TS2339: Property 'glyph' does not exist on type 'JSX.IntrinsicElements'.
src/icons/Fonts/general-sans/GeneralSansRegular.tsx(70,5): error TS2339: Property 'glyph' does not exist on type 'JSX.IntrinsicElements'.
src/icons/Fonts/general-sans/GeneralSansRegular.tsx(72,5): error TS2339: Property 'glyph' does not exist on type 'JSX.IntrinsicElements'.
src/icons/Fonts/general-sans/GeneralSansRegular.tsx(74,5): error TS2339: Property 'glyph' does not exist on type 'JSX.IntrinsicElements'.
src/icons/Fonts/general-sans/GeneralSansRegular.tsx(76,5): error TS2339: Property 'glyph' does not exist on type 'JSX.IntrinsicElements'.
src/icons/Fonts/general-sans/GeneralSansRegular.tsx(78,5): error TS2339: Property 'glyph' does not exist on type 'JSX.IntrinsicElements'.
src/icons/Fonts/general-sans/GeneralSansRegular.tsx(80,5): error TS2339: Property 'glyph' does not exist on type 'JSX.IntrinsicElements'.
src/icons/Fonts/general-sans/GeneralSansRegular.tsx(82,5): error TS2339: Property 'glyph' does not exist on type 'JSX.IntrinsicElements'.
src/icons/Fonts/general-sans/GeneralSansRegular.tsx(85,5): error TS2339: Property 'glyph' does not exist on type 'JSX.IntrinsicElements'.
src/icons/Fonts/general-sans/GeneralSansRegular.tsx(87,5): error TS2339: Property 'glyph' does not exist on type 'JSX.IntrinsicElements'.
src/icons/Fonts/general-sans/GeneralSansRegular.tsx(89,5): error TS2339: Property 'glyph' does not exist on type 'JSX.IntrinsicElements'.
src/icons/Fonts/general-sans/GeneralSansRegular.tsx(92,5): error TS2339: Property 'glyph' does not exist on type 'JSX.IntrinsicElements'.
src/icons/Fonts/general-sans/GeneralSansRegular.tsx(94,5): error TS2339: Property 'glyph' does not exist on type 'JSX.IntrinsicElements'.
src/icons/Fonts/general-sans/GeneralSansRegular.tsx(97,5): error TS2339: Property 'glyph' does not exist on type 'JSX.IntrinsicElements'.
src/icons/Fonts/general-sans/GeneralSansRegular.tsx(100,5): error TS2339: Property 'glyph' does not exist on type 'JSX.IntrinsicElements'.
src/icons/Fonts/general-sans/GeneralSansRegular.tsx(102,5): error TS2339: Property 'glyph' does not exist on type 'JSX.IntrinsicElements'.
src/icons/Fonts/general-sans/GeneralSansRegular.tsx(104,5): error TS2339: Property 'glyph' does not exist on type 'JSX.IntrinsicElements'.
src/icons/Fonts/general-sans/GeneralSansRegular.tsx(106,5): error TS2339: Property 'glyph' does not exist on type 'JSX.IntrinsicElements'.
src/icons/Fonts/general-sans/GeneralSansRegular.tsx(108,5): error TS2339: Property 'glyph' does not exist on type 'JSX.IntrinsicElements'.
src/icons/Fonts/general-sans/GeneralSansRegular.tsx(110,5): error TS2339: Property 'glyph' does not exist on type 'JSX.IntrinsicElements'.
src/icons/Fonts/general-sans/GeneralSansRegular.tsx(113,5): error TS2339: Property 'glyph' does not exist on type 'JSX.IntrinsicElements'.
src/icons/Fonts/general-sans/GeneralSansRegular.tsx(117,5): error TS2339: Property 'glyph' does not exist on type 'JSX.IntrinsicElements'.
src/icons/Fonts/general-sans/GeneralSansRegular.tsx(119,5): error TS2339: Property 'glyph' does not exist on type 'JSX.IntrinsicElements'.
src/icons/Fonts/general-sans/GeneralSansRegular.tsx(122,5): error TS2339: Property 'glyph' does not exist on type 'JSX.IntrinsicElements'.
src/icons/Fonts/general-sans/GeneralSansRegular.tsx(124,5): error TS2339: Property 'glyph' does not exist on type 'JSX.IntrinsicElements'.
src/icons/Fonts/general-sans/GeneralSansRegular.tsx(126,5): error TS2339: Property 'glyph' does not exist on type 'JSX.IntrinsicElements'.
src/icons/Fonts/general-sans/GeneralSansRegular.tsx(128,5): error TS2339: Property 'glyph' does not exist on type 'JSX.IntrinsicElements'.
src/icons/Fonts/general-sans/GeneralSansRegular.tsx(130,5): error TS2339: Property 'glyph' does not exist on type 'JSX.IntrinsicElements'.
src/icons/Fonts/general-sans/GeneralSansRegular.tsx(132,5): error TS2339: Property 'glyph' does not exist on type 'JSX.IntrinsicElements'.
src/icons/Fonts/general-sans/GeneralSansRegular.tsx(134,5): error TS2339: Property 'glyph' does not exist on type 'JSX.IntrinsicElements'.
src/icons/Fonts/general-sans/GeneralSansRegular.tsx(136,5): error TS2339: Property 'glyph' does not exist on type 'JSX.IntrinsicElements'.
src/icons/Fonts/general-sans/GeneralSansRegular.tsx(138,5): error TS2339: Property 'glyph' does not exist on type 'JSX.IntrinsicElements'.
src/icons/Fonts/general-sans/GeneralSansRegular.tsx(140,5): error TS2339: Property 'glyph' does not exist on type 'JSX.IntrinsicElements'.
src/icons/Fonts/general-sans/GeneralSansRegular.tsx(142,5): error TS2339: Property 'glyph' does not exist on type 'JSX.IntrinsicElements'.
src/icons/Fonts/general-sans/GeneralSansRegular.tsx(144,5): error TS2339: Property 'glyph' does not exist on type 'JSX.IntrinsicElements'.
src/icons/Fonts/general-sans/GeneralSansRegular.tsx(146,5): error TS2339: Property 'glyph' does not exist on type 'JSX.IntrinsicElements'.
src/icons/Fonts/general-sans/GeneralSansRegular.tsx(148,5): error TS2339: Property 'glyph' does not exist on type 'JSX.IntrinsicElements'.
src/icons/Fonts/general-sans/GeneralSansRegular.tsx(150,5): error TS2339: Property 'glyph' does not exist on type 'JSX.IntrinsicElements'.
src/icons/Fonts/general-sans/GeneralSansRegular.tsx(153,5): error TS2339: Property 'glyph' does not exist on type 'JSX.IntrinsicElements'.
src/icons/Fonts/general-sans/GeneralSansRegular.tsx(155,5): error TS2339: Property 'glyph' does not exist on type 'JSX.IntrinsicElements'.
src/icons/Fonts/general-sans/GeneralSansRegular.tsx(158,5): error TS2339: Property 'glyph' does not exist on type 'JSX.IntrinsicElements'.
src/icons/Fonts/general-sans/GeneralSansRegular.tsx(160,5): error TS2339: Property 'glyph' does not exist on type 'JSX.IntrinsicElements'.
src/icons/Fonts/general-sans/GeneralSansRegular.tsx(162,5): error TS2339: Property 'glyph' does not exist on type 'JSX.IntrinsicElements'.
src/icons/Fonts/general-sans/GeneralSansRegular.tsx(164,5): error TS2339: Property 'glyph' does not exist on type 'JSX.IntrinsicElements'.
src/icons/Fonts/general-sans/GeneralSansRegular.tsx(166,5): error TS2339: Property 'glyph' does not exist on type 'JSX.IntrinsicElements'.
src/icons/Fonts/general-sans/GeneralSansRegular.tsx(168,5): error TS2339: Property 'glyph' does not exist on type 'JSX.IntrinsicElements'.
src/icons/Fonts/general-sans/GeneralSansRegular.tsx(170,5): error TS2339: Property 'glyph' does not exist on type 'JSX.IntrinsicElements'.
src/icons/Fonts/general-sans/GeneralSansRegular.tsx(172,5): error TS2339: Property 'glyph' does not exist on type 'JSX.IntrinsicElements'.
src/icons/Fonts/general-sans/GeneralSansRegular.tsx(174,5): error TS2339: Property 'glyph' does not exist on type 'JSX.IntrinsicElements'.
src/icons/Fonts/general-sans/GeneralSansRegular.tsx(176,5): error TS2339: Property 'glyph' does not exist on type 'JSX.IntrinsicElements'.
src/icons/Fonts/general-sans/GeneralSansRegular.tsx(178,5): error TS2339: Property 'glyph' does not exist on type 'JSX.IntrinsicElements'.
src/icons/Fonts/general-sans/GeneralSansRegular.tsx(180,5): error TS2339: Property 'glyph' does not exist on type 'JSX.IntrinsicElements'.
src/icons/Fonts/general-sans/GeneralSansRegular.tsx(182,5): error TS2339: Property 'glyph' does not exist on type 'JSX.IntrinsicElements'.
src/icons/Fonts/general-sans/GeneralSansRegular.tsx(184,5): error TS2339: Property 'glyph' does not exist on type 'JSX.IntrinsicElements'.
src/icons/Fonts/general-sans/GeneralSansRegular.tsx(187,5): error TS2339: Property 'glyph' does not exist on type 'JSX.IntrinsicElements'.
src/icons/Fonts/general-sans/GeneralSansRegular.tsx(189,5): error TS2339: Property 'glyph' does not exist on type 'JSX.IntrinsicElements'.
src/icons/Fonts/general-sans/GeneralSansRegular.tsx(191,5): error TS2339: Property 'glyph' does not exist on type 'JSX.IntrinsicElements'.
src/icons/Fonts/general-sans/GeneralSansRegular.tsx(193,5): error TS2339: Property 'glyph' does not exist on type 'JSX.IntrinsicElements'.
src/icons/Fonts/general-sans/GeneralSansRegular.tsx(196,5): error TS2339: Property 'glyph' does not exist on type 'JSX.IntrinsicElements'.
src/icons/Fonts/general-sans/GeneralSansRegular.tsx(198,5): error TS2339: Property 'glyph' does not exist on type 'JSX.IntrinsicElements'.
src/icons/Fonts/general-sans/GeneralSansRegular.tsx(201,5): error TS2339: Property 'glyph' does not exist on type 'JSX.IntrinsicElements'.
src/icons/Fonts/general-sans/GeneralSansRegular.tsx(203,5): error TS2339: Property 'glyph' does not exist on type 'JSX.IntrinsicElements'.
src/icons/Fonts/general-sans/GeneralSansRegular.tsx(205,5): error TS2339: Property 'glyph' does not exist on type 'JSX.IntrinsicElements'.
src/icons/Fonts/general-sans/GeneralSansRegular.tsx(207,5): error TS2339: Property 'glyph' does not exist on type 'JSX.IntrinsicElements'.
src/icons/Fonts/general-sans/GeneralSansRegular.tsx(209,5): error TS2339: Property 'glyph' does not exist on type 'JSX.IntrinsicElements'.
src/icons/Fonts/general-sans/GeneralSansRegular.tsx(211,5): error TS2339: Property 'glyph' does not exist on type 'JSX.IntrinsicElements'.
src/icons/Fonts/general-sans/GeneralSansRegular.tsx(213,5): error TS2339: Property 'glyph' does not exist on type 'JSX.IntrinsicElements'.
src/icons/Fonts/general-sans/GeneralSansRegular.tsx(215,5): error TS2339: Property 'glyph' does not exist on type 'JSX.IntrinsicElements'.
src/icons/Fonts/general-sans/GeneralSansRegular.tsx(217,5): error TS2339: Property 'glyph' does not exist on type 'JSX.IntrinsicElements'.
src/icons/Fonts/general-sans/GeneralSansRegular.tsx(219,5): error TS2339: Property 'glyph' does not exist on type 'JSX.IntrinsicElements'.
src/icons/Fonts/general-sans/GeneralSansRegular.tsx(222,5): error TS2339: Property 'glyph' does not exist on type 'JSX.IntrinsicElements'.
src/icons/Fonts/general-sans/GeneralSansRegular.tsx(224,5): error TS2339: Property 'glyph' does not exist on type 'JSX.IntrinsicElements'.
src/icons/Fonts/general-sans/GeneralSansRegular.tsx(227,5): error TS2339: Property 'glyph' does not exist on type 'JSX.IntrinsicElements'.
src/icons/Fonts/general-sans/GeneralSansRegular.tsx(229,5): error TS2339: Property 'glyph' does not exist on type 'JSX.IntrinsicElements'.
src/icons/Fonts/general-sans/GeneralSansRegular.tsx(231,5): error TS2339: Property 'glyph' does not exist on type 'JSX.IntrinsicElements'.
src/icons/Fonts/general-sans/GeneralSansRegular.tsx(233,5): error TS2339: Property 'glyph' does not exist on type 'JSX.IntrinsicElements'.
src/icons/Fonts/general-sans/GeneralSansRegular.tsx(235,5): error TS2339: Property 'glyph' does not exist on type 'JSX.IntrinsicElements'.
src/icons/Fonts/general-sans/GeneralSansRegular.tsx(237,5): error TS2339: Property 'glyph' does not exist on type 'JSX.IntrinsicElements'.
src/icons/Fonts/general-sans/GeneralSansRegular.tsx(239,5): error TS2339: Property 'glyph' does not exist on type 'JSX.IntrinsicElements'.
src/icons/Fonts/general-sans/GeneralSansRegular.tsx(241,5): error TS2339: Property 'glyph' does not exist on type 'JSX.IntrinsicElements'.
src/icons/Fonts/general-sans/GeneralSansRegular.tsx(244,5): error TS2339: Property 'glyph' does not exist on type 'JSX.IntrinsicElements'.
src/icons/Fonts/general-sans/GeneralSansRegular.tsx(246,5): error TS2339: Property 'glyph' does not exist on type 'JSX.IntrinsicElements'.
src/icons/Fonts/general-sans/GeneralSansRegular.tsx(249,5): error TS2339: Property 'glyph' does not exist on type 'JSX.IntrinsicElements'.
src/icons/Fonts/general-sans/GeneralSansRegular.tsx(251,5): error TS2339: Property 'glyph' does not exist on type 'JSX.IntrinsicElements'.
src/icons/Fonts/general-sans/GeneralSansRegular.tsx(253,5): error TS2339: Property 'glyph' does not exist on type 'JSX.IntrinsicElements'.
src/icons/Fonts/general-sans/GeneralSansRegular.tsx(255,5): error TS2339: Property 'glyph' does not exist on type 'JSX.IntrinsicElements'.
src/icons/Fonts/general-sans/GeneralSansRegular.tsx(257,5): error TS2339: Property 'glyph' does not exist on type 'JSX.IntrinsicElements'.
src/icons/Fonts/general-sans/GeneralSansRegular.tsx(260,5): error TS2339: Property 'glyph' does not exist on type 'JSX.IntrinsicElements'.
src/icons/Fonts/general-sans/GeneralSansRegular.tsx(263,5): error TS2339: Property 'glyph' does not exist on type 'JSX.IntrinsicElements'.
src/icons/Fonts/general-sans/GeneralSansRegular.tsx(265,5): error TS2339: Property 'glyph' does not exist on type 'JSX.IntrinsicElements'.
src/icons/Fonts/general-sans/GeneralSansRegular.tsx(267,5): error TS2339: Property 'glyph' does not exist on type 'JSX.IntrinsicElements'.
src/icons/Fonts/general-sans/GeneralSansRegular.tsx(270,5): error TS2339: Property 'glyph' does not exist on type 'JSX.IntrinsicElements'.
src/icons/Fonts/general-sans/GeneralSansRegular.tsx(272,5): error TS2339: Property 'glyph' does not exist on type 'JSX.IntrinsicElements'.
src/icons/Fonts/general-sans/GeneralSansRegular.tsx(275,5): error TS2339: Property 'glyph' does not exist on type 'JSX.IntrinsicElements'.
src/icons/Fonts/general-sans/GeneralSansRegular.tsx(278,5): error TS2339: Property 'glyph' does not exist on type 'JSX.IntrinsicElements'.
src/icons/Fonts/general-sans/GeneralSansRegular.tsx(280,5): error TS2339: Property 'glyph' does not exist on type 'JSX.IntrinsicElements'.
src/icons/Fonts/general-sans/GeneralSansRegular.tsx(282,5): error TS2339: Property 'glyph' does not exist on type 'JSX.IntrinsicElements'.
src/icons/Fonts/general-sans/GeneralSansRegular.tsx(284,5): error TS2339: Property 'glyph' does not exist on type 'JSX.IntrinsicElements'.
src/icons/Fonts/general-sans/GeneralSansRegular.tsx(287,5): error TS2339: Property 'glyph' does not exist on type 'JSX.IntrinsicElements'.
src/icons/Fonts/general-sans/GeneralSansRegular.tsx(289,5): error TS2339: Property 'glyph' does not exist on type 'JSX.IntrinsicElements'.
src/icons/Fonts/general-sans/GeneralSansRegular.tsx(291,5): error TS2339: Property 'glyph' does not exist on type 'JSX.IntrinsicElements'.
src/icons/Fonts/general-sans/GeneralSansRegular.tsx(293,5): error TS2339: Property 'glyph' does not exist on type 'JSX.IntrinsicElements'.
src/icons/Fonts/general-sans/GeneralSansRegular.tsx(295,5): error TS2339: Property 'glyph' does not exist on type 'JSX.IntrinsicElements'.
src/icons/Fonts/general-sans/GeneralSansRegular.tsx(298,5): error TS2339: Property 'glyph' does not exist on type 'JSX.IntrinsicElements'.
src/icons/Fonts/general-sans/GeneralSansRegular.tsx(300,5): error TS2339: Property 'glyph' does not exist on type 'JSX.IntrinsicElements'.
src/icons/Fonts/general-sans/GeneralSansRegular.tsx(302,5): error TS2339: Property 'glyph' does not exist on type 'JSX.IntrinsicElements'.
src/icons/Fonts/general-sans/GeneralSansRegular.tsx(304,5): error TS2339: Property 'glyph' does not exist on type 'JSX.IntrinsicElements'.
src/icons/Fonts/general-sans/GeneralSansRegular.tsx(306,5): error TS2339: Property 'glyph' does not exist on type 'JSX.IntrinsicElements'.
src/icons/Fonts/general-sans/GeneralSansRegular.tsx(308,5): error TS2339: Property 'glyph' does not exist on type 'JSX.IntrinsicElements'.
src/icons/Fonts/general-sans/GeneralSansRegular.tsx(310,5): error TS2339: Property 'glyph' does not exist on type 'JSX.IntrinsicElements'.
src/icons/Fonts/general-sans/GeneralSansRegular.tsx(312,5): error TS2339: Property 'glyph' does not exist on type 'JSX.IntrinsicElements'.
src/icons/Fonts/general-sans/GeneralSansRegular.tsx(314,5): error TS2339: Property 'glyph' does not exist on type 'JSX.IntrinsicElements'.
src/icons/Fonts/general-sans/GeneralSansRegular.tsx(316,5): error TS2339: Property 'glyph' does not exist on type 'JSX.IntrinsicElements'.
src/icons/Fonts/general-sans/GeneralSansRegular.tsx(318,5): error TS2339: Property 'glyph' does not exist on type 'JSX.IntrinsicElements'.
src/icons/Fonts/general-sans/GeneralSansRegular.tsx(321,5): error TS2339: Property 'glyph' does not exist on type 'JSX.IntrinsicElements'.
src/icons/Fonts/general-sans/GeneralSansRegular.tsx(324,5): error TS2339: Property 'glyph' does not exist on type 'JSX.IntrinsicElements'.
src/icons/Fonts/general-sans/GeneralSansRegular.tsx(326,5): error TS2339: Property 'glyph' does not exist on type 'JSX.IntrinsicElements'.
src/icons/Fonts/general-sans/GeneralSansRegular.tsx(328,5): error TS2339: Property 'glyph' does not exist on type 'JSX.IntrinsicElements'.
src/icons/Fonts/general-sans/GeneralSansRegular.tsx(330,5): error TS2339: Property 'glyph' does not exist on type 'JSX.IntrinsicElements'.
src/icons/Fonts/general-sans/GeneralSansRegular.tsx(332,5): error TS2339: Property 'glyph' does not exist on type 'JSX.IntrinsicElements'.
src/icons/Fonts/general-sans/GeneralSansRegular.tsx(335,5): error TS2339: Property 'glyph' does not exist on type 'JSX.IntrinsicElements'.
src/icons/Fonts/general-sans/GeneralSansRegular.tsx(338,5): error TS2339: Property 'glyph' does not exist on type 'JSX.IntrinsicElements'.
src/icons/Fonts/general-sans/GeneralSansRegular.tsx(340,5): error TS2339: Property 'glyph' does not exist on type 'JSX.IntrinsicElements'.
src/icons/Fonts/general-sans/GeneralSansRegular.tsx(343,5): error TS2339: Property 'glyph' does not exist on type 'JSX.IntrinsicElements'.
src/icons/Fonts/general-sans/GeneralSansRegular.tsx(345,5): error TS2339: Property 'glyph' does not exist on type 'JSX.IntrinsicElements'.
src/icons/Fonts/general-sans/GeneralSansRegular.tsx(347,5): error TS2339: Property 'glyph' does not exist on type 'JSX.IntrinsicElements'.
src/icons/Fonts/general-sans/GeneralSansRegular.tsx(349,5): error TS2339: Property 'glyph' does not exist on type 'JSX.IntrinsicElements'.
src/icons/Fonts/general-sans/GeneralSansRegular.tsx(352,5): error TS2339: Property 'glyph' does not exist on type 'JSX.IntrinsicElements'.
src/icons/Fonts/general-sans/GeneralSansRegular.tsx(354,5): error TS2339: Property 'glyph' does not exist on type 'JSX.IntrinsicElements'.
src/icons/Fonts/general-sans/GeneralSansRegular.tsx(356,5): error TS2339: Property 'glyph' does not exist on type 'JSX.IntrinsicElements'.
src/icons/Fonts/general-sans/GeneralSansRegular.tsx(358,5): error TS2339: Property 'glyph' does not exist on type 'JSX.IntrinsicElements'.
src/icons/Fonts/general-sans/GeneralSansRegular.tsx(360,5): error TS2339: Property 'glyph' does not exist on type 'JSX.IntrinsicElements'.
src/icons/Fonts/general-sans/GeneralSansRegular.tsx(362,5): error TS2339: Property 'glyph' does not exist on type 'JSX.IntrinsicElements'.
src/icons/Fonts/general-sans/GeneralSansRegular.tsx(364,5): error TS2339: Property 'glyph' does not exist on type 'JSX.IntrinsicElements'.
src/icons/Fonts/general-sans/GeneralSansRegular.tsx(366,5): error TS2339: Property 'glyph' does not exist on type 'JSX.IntrinsicElements'.
src/icons/Fonts/general-sans/GeneralSansRegular.tsx(368,5): error TS2339: Property 'glyph' does not exist on type 'JSX.IntrinsicElements'.
src/icons/Fonts/general-sans/GeneralSansRegular.tsx(371,5): error TS2339: Property 'glyph' does not exist on type 'JSX.IntrinsicElements'.
src/icons/Fonts/general-sans/GeneralSansRegular.tsx(374,5): error TS2339: Property 'glyph' does not exist on type 'JSX.IntrinsicElements'.
src/icons/Fonts/general-sans/GeneralSansRegular.tsx(377,5): error TS2339: Property 'glyph' does not exist on type 'JSX.IntrinsicElements'.
src/icons/Fonts/general-sans/GeneralSansRegular.tsx(379,5): error TS2339: Property 'glyph' does not exist on type 'JSX.IntrinsicElements'.
src/icons/Fonts/general-sans/GeneralSansRegular.tsx(382,5): error TS2339: Property 'glyph' does not exist on type 'JSX.IntrinsicElements'.
src/icons/Fonts/general-sans/GeneralSansRegular.tsx(384,5): error TS2339: Property 'glyph' does not exist on type 'JSX.IntrinsicElements'.
src/icons/Fonts/general-sans/GeneralSansRegular.tsx(386,5): error TS2339: Property 'glyph' does not exist on type 'JSX.IntrinsicElements'.
src/icons/Fonts/general-sans/GeneralSansRegular.tsx(388,5): error TS2339: Property 'glyph' does not exist on type 'JSX.IntrinsicElements'.
src/icons/Fonts/general-sans/GeneralSansRegular.tsx(391,5): error TS2339: Property 'glyph' does not exist on type 'JSX.IntrinsicElements'.
src/icons/Fonts/general-sans/GeneralSansRegular.tsx(393,5): error TS2339: Property 'glyph' does not exist on type 'JSX.IntrinsicElements'.
src/icons/Fonts/general-sans/GeneralSansRegular.tsx(395,5): error TS2339: Property 'glyph' does not exist on type 'JSX.IntrinsicElements'.
src/icons/Fonts/general-sans/GeneralSansRegular.tsx(398,5): error TS2339: Property 'glyph' does not exist on type 'JSX.IntrinsicElements'.
src/icons/Fonts/general-sans/GeneralSansRegular.tsx(401,5): error TS2339: Property 'glyph' does not exist on type 'JSX.IntrinsicElements'.
src/icons/Fonts/general-sans/GeneralSansRegular.tsx(404,5): error TS2339: Property 'glyph' does not exist on type 'JSX.IntrinsicElements'.
src/icons/Fonts/general-sans/GeneralSansRegular.tsx(407,5): error TS2339: Property 'glyph' does not exist on type 'JSX.IntrinsicElements'.
src/icons/Fonts/general-sans/GeneralSansRegular.tsx(410,5): error TS2339: Property 'glyph' does not exist on type 'JSX.IntrinsicElements'.
src/icons/Fonts/general-sans/GeneralSansRegular.tsx(413,5): error TS2339: Property 'glyph' does not exist on type 'JSX.IntrinsicElements'.
src/icons/Fonts/general-sans/GeneralSansRegular.tsx(416,5): error TS2339: Property 'glyph' does not exist on type 'JSX.IntrinsicElements'.
src/icons/Fonts/general-sans/GeneralSansRegular.tsx(420,5): error TS2339: Property 'glyph' does not exist on type 'JSX.IntrinsicElements'.
src/icons/Fonts/general-sans/GeneralSansRegular.tsx(423,5): error TS2339: Property 'glyph' does not exist on type 'JSX.IntrinsicElements'.
src/icons/Fonts/general-sans/GeneralSansRegular.tsx(426,5): error TS2339: Property 'glyph' does not exist on type 'JSX.IntrinsicElements'.
src/icons/Fonts/general-sans/GeneralSansRegular.tsx(429,5): error TS2339: Property 'glyph' does not exist on type 'JSX.IntrinsicElements'.
src/icons/Fonts/general-sans/GeneralSansRegular.tsx(432,5): error TS2339: Property 'glyph' does not exist on type 'JSX.IntrinsicElements'.
src/icons/Fonts/general-sans/GeneralSansRegular.tsx(435,5): error TS2339: Property 'glyph' does not exist on type 'JSX.IntrinsicElements'.
src/icons/Fonts/general-sans/GeneralSansRegular.tsx(437,5): error TS2339: Property 'glyph' does not exist on type 'JSX.IntrinsicElements'.
src/icons/Fonts/general-sans/GeneralSansRegular.tsx(439,5): error TS2339: Property 'glyph' does not exist on type 'JSX.IntrinsicElements'.
src/icons/Fonts/general-sans/GeneralSansRegular.tsx(441,5): error TS2339: Property 'glyph' does not exist on type 'JSX.IntrinsicElements'.
src/icons/Fonts/general-sans/GeneralSansRegular.tsx(443,5): error TS2339: Property 'glyph' does not exist on type 'JSX.IntrinsicElements'.
src/icons/Fonts/general-sans/GeneralSansRegular.tsx(446,5): error TS2339: Property 'glyph' does not exist on type 'JSX.IntrinsicElements'.
src/icons/Fonts/general-sans/GeneralSansRegular.tsx(449,5): error TS2339: Property 'glyph' does not exist on type 'JSX.IntrinsicElements'.
src/icons/Fonts/general-sans/GeneralSansRegular.tsx(451,5): error TS2339: Property 'glyph' does not exist on type 'JSX.IntrinsicElements'.
src/icons/Fonts/general-sans/GeneralSansRegular.tsx(453,5): error TS2339: Property 'glyph' does not exist on type 'JSX.IntrinsicElements'.
src/icons/Fonts/general-sans/GeneralSansRegular.tsx(456,5): error TS2339: Property 'glyph' does not exist on type 'JSX.IntrinsicElements'.
src/icons/Fonts/general-sans/GeneralSansRegular.tsx(459,5): error TS2339: Property 'glyph' does not exist on type 'JSX.IntrinsicElements'.
src/icons/Fonts/general-sans/GeneralSansRegular.tsx(462,5): error TS2339: Property 'glyph' does not exist on type 'JSX.IntrinsicElements'.
src/icons/Fonts/general-sans/GeneralSansRegular.tsx(464,5): error TS2339: Property 'glyph' does not exist on type 'JSX.IntrinsicElements'.
src/icons/Fonts/general-sans/GeneralSansRegular.tsx(467,5): error TS2339: Property 'glyph' does not exist on type 'JSX.IntrinsicElements'.
src/icons/Fonts/general-sans/GeneralSansRegular.tsx(469,5): error TS2339: Property 'glyph' does not exist on type 'JSX.IntrinsicElements'.
src/icons/Fonts/general-sans/GeneralSansRegular.tsx(471,5): error TS2339: Property 'glyph' does not exist on type 'JSX.IntrinsicElements'.
src/icons/Fonts/general-sans/GeneralSansRegular.tsx(473,5): error TS2339: Property 'glyph' does not exist on type 'JSX.IntrinsicElements'.
src/icons/Fonts/general-sans/GeneralSansRegular.tsx(476,5): error TS2339: Property 'glyph' does not exist on type 'JSX.IntrinsicElements'.
src/icons/Fonts/general-sans/GeneralSansRegular.tsx(478,5): error TS2339: Property 'glyph' does not exist on type 'JSX.IntrinsicElements'.
src/icons/Fonts/general-sans/GeneralSansRegular.tsx(480,5): error TS2339: Property 'glyph' does not exist on type 'JSX.IntrinsicElements'.
src/icons/Fonts/general-sans/GeneralSansRegular.tsx(483,5): error TS2339: Property 'glyph' does not exist on type 'JSX.IntrinsicElements'.
src/icons/Fonts/general-sans/GeneralSansRegular.tsx(485,5): error TS2339: Property 'glyph' does not exist on type 'JSX.IntrinsicElements'.
src/icons/Fonts/general-sans/GeneralSansRegular.tsx(488,5): error TS2339: Property 'glyph' does not exist on type 'JSX.IntrinsicElements'.
src/icons/Fonts/general-sans/GeneralSansRegular.tsx(490,5): error TS2339: Property 'glyph' does not exist on type 'JSX.IntrinsicElements'.
src/icons/Fonts/general-sans/GeneralSansRegular.tsx(493,5): error TS2339: Property 'glyph' does not exist on type 'JSX.IntrinsicElements'.
src/icons/Fonts/general-sans/GeneralSansRegular.tsx(495,5): error TS2339: Property 'glyph' does not exist on type 'JSX.IntrinsicElements'.
src/icons/Fonts/general-sans/GeneralSansRegular.tsx(498,5): error TS2339: Property 'glyph' does not exist on type 'JSX.IntrinsicElements'.
src/icons/Fonts/general-sans/GeneralSansRegular.tsx(501,5): error TS2339: Property 'glyph' does not exist on type 'JSX.IntrinsicElements'.
src/icons/Fonts/general-sans/GeneralSansRegular.tsx(504,5): error TS2339: Property 'glyph' does not exist on type 'JSX.IntrinsicElements'.
src/icons/Fonts/general-sans/GeneralSansRegular.tsx(507,5): error TS2339: Property 'glyph' does not exist on type 'JSX.IntrinsicElements'.
src/icons/Fonts/general-sans/GeneralSansRegular.tsx(510,5): error TS2339: Property 'glyph' does not exist on type 'JSX.IntrinsicElements'.
src/icons/Fonts/general-sans/GeneralSansRegular.tsx(512,5): error TS2339: Property 'glyph' does not exist on type 'JSX.IntrinsicElements'.
src/icons/Fonts/general-sans/GeneralSansRegular.tsx(515,5): error TS2339: Property 'glyph' does not exist on type 'JSX.IntrinsicElements'.
src/icons/Fonts/general-sans/GeneralSansRegular.tsx(517,5): error TS2339: Property 'glyph' does not exist on type 'JSX.IntrinsicElements'.
src/icons/Fonts/general-sans/GeneralSansRegular.tsx(520,5): error TS2339: Property 'glyph' does not exist on type 'JSX.IntrinsicElements'.
src/icons/Fonts/general-sans/GeneralSansRegular.tsx(522,5): error TS2339: Property 'glyph' does not exist on type 'JSX.IntrinsicElements'.
src/icons/Fonts/general-sans/GeneralSansRegular.tsx(525,5): error TS2339: Property 'glyph' does not exist on type 'JSX.IntrinsicElements'.
src/icons/Fonts/general-sans/GeneralSansRegular.tsx(527,5): error TS2339: Property 'glyph' does not exist on type 'JSX.IntrinsicElements'.
src/icons/Fonts/general-sans/GeneralSansRegular.tsx(530,5): error TS2339: Property 'glyph' does not exist on type 'JSX.IntrinsicElements'.
src/icons/Fonts/general-sans/GeneralSansRegular.tsx(532,5): error TS2339: Property 'glyph' does not exist on type 'JSX.IntrinsicElements'.
src/icons/Fonts/general-sans/GeneralSansRegular.tsx(535,5): error TS2339: Property 'glyph' does not exist on type 'JSX.IntrinsicElements'.
src/icons/Fonts/general-sans/GeneralSansRegular.tsx(537,5): error TS2339: Property 'glyph' does not exist on type 'JSX.IntrinsicElements'.
src/icons/Fonts/general-sans/GeneralSansRegular.tsx(540,5): error TS2339: Property 'glyph' does not exist on type 'JSX.IntrinsicElements'.
src/icons/Fonts/general-sans/GeneralSansRegular.tsx(543,5): error TS2339: Property 'glyph' does not exist on type 'JSX.IntrinsicElements'.
src/icons/Fonts/general-sans/GeneralSansRegular.tsx(546,5): error TS2339: Property 'glyph' does not exist on type 'JSX.IntrinsicElements'.
src/icons/Fonts/general-sans/GeneralSansRegular.tsx(549,5): error TS2339: Property 'glyph' does not exist on type 'JSX.IntrinsicElements'.
src/icons/Fonts/general-sans/GeneralSansRegular.tsx(552,5): error TS2339: Property 'glyph' does not exist on type 'JSX.IntrinsicElements'.
src/icons/Fonts/general-sans/GeneralSansRegular.tsx(554,5): error TS2339: Property 'glyph' does not exist on type 'JSX.IntrinsicElements'.
src/icons/Fonts/general-sans/GeneralSansRegular.tsx(556,5): error TS2339: Property 'glyph' does not exist on type 'JSX.IntrinsicElements'.
src/icons/Fonts/general-sans/GeneralSansRegular.tsx(558,5): error TS2339: Property 'glyph' does not exist on type 'JSX.IntrinsicElements'.
src/icons/Fonts/general-sans/GeneralSansRegular.tsx(560,5): error TS2339: Property 'glyph' does not exist on type 'JSX.IntrinsicElements'.
src/icons/Fonts/general-sans/GeneralSansRegular.tsx(562,5): error TS2339: Property 'glyph' does not exist on type 'JSX.IntrinsicElements'.
src/icons/Fonts/general-sans/GeneralSansRegular.tsx(564,5): error TS2339: Property 'glyph' does not exist on type 'JSX.IntrinsicElements'.
src/icons/Fonts/general-sans/GeneralSansRegular.tsx(566,5): error TS2339: Property 'glyph' does not exist on type 'JSX.IntrinsicElements'.
src/icons/Fonts/general-sans/GeneralSansRegular.tsx(568,5): error TS2339: Property 'glyph' does not exist on type 'JSX.IntrinsicElements'.
src/icons/Fonts/general-sans/GeneralSansRegular.tsx(570,5): error TS2339: Property 'glyph' does not exist on type 'JSX.IntrinsicElements'.
src/icons/Fonts/general-sans/GeneralSansRegular.tsx(572,5): error TS2339: Property 'glyph' does not exist on type 'JSX.IntrinsicElements'.
src/icons/Fonts/general-sans/GeneralSansRegular.tsx(574,5): error TS2339: Property 'glyph' does not exist on type 'JSX.IntrinsicElements'.
src/icons/Fonts/general-sans/GeneralSansRegular.tsx(576,5): error TS2339: Property 'glyph' does not exist on type 'JSX.IntrinsicElements'.
src/icons/Fonts/general-sans/GeneralSansRegular.tsx(578,5): error TS2339: Property 'glyph' does not exist on type 'JSX.IntrinsicElements'.
src/icons/Fonts/general-sans/GeneralSansRegular.tsx(580,5): error TS2339: Property 'glyph' does not exist on type 'JSX.IntrinsicElements'.
src/icons/Fonts/general-sans/GeneralSansRegular.tsx(582,5): error TS2339: Property 'glyph' does not exist on type 'JSX.IntrinsicElements'.
src/icons/Fonts/general-sans/GeneralSansRegular.tsx(584,5): error TS2339: Property 'glyph' does not exist on type 'JSX.IntrinsicElements'.
src/icons/Fonts/general-sans/GeneralSansRegular.tsx(586,5): error TS2339: Property 'glyph' does not exist on type 'JSX.IntrinsicElements'.
src/icons/Fonts/general-sans/GeneralSansRegular.tsx(588,5): error TS2339: Property 'glyph' does not exist on type 'JSX.IntrinsicElements'.
src/icons/Fonts/general-sans/GeneralSansRegular.tsx(590,5): error TS2339: Property 'glyph' does not exist on type 'JSX.IntrinsicElements'.
src/icons/Fonts/general-sans/GeneralSansRegular.tsx(593,5): error TS2339: Property 'glyph' does not exist on type 'JSX.IntrinsicElements'.
src/icons/Fonts/general-sans/GeneralSansRegular.tsx(595,5): error TS2339: Property 'glyph' does not exist on type 'JSX.IntrinsicElements'.
src/icons/Fonts/general-sans/GeneralSansRegular.tsx(597,5): error TS2339: Property 'glyph' does not exist on type 'JSX.IntrinsicElements'.
src/icons/Fonts/general-sans/GeneralSansRegular.tsx(599,5): error TS2339: Property 'glyph' does not exist on type 'JSX.IntrinsicElements'.
src/icons/Fonts/general-sans/GeneralSansRegular.tsx(601,5): error TS2339: Property 'glyph' does not exist on type 'JSX.IntrinsicElements'.
src/icons/Fonts/general-sans/GeneralSansRegular.tsx(604,5): error TS2339: Property 'glyph' does not exist on type 'JSX.IntrinsicElements'.
src/icons/Fonts/general-sans/GeneralSansRegular.tsx(607,5): error TS2339: Property 'glyph' does not exist on type 'JSX.IntrinsicElements'.
src/icons/Fonts/general-sans/GeneralSansRegular.tsx(610,5): error TS2339: Property 'glyph' does not exist on type 'JSX.IntrinsicElements'.
src/icons/Fonts/general-sans/GeneralSansRegular.tsx(613,5): error TS2339: Property 'glyph' does not exist on type 'JSX.IntrinsicElements'.
src/icons/Fonts/general-sans/GeneralSansRegular.tsx(615,5): error TS2339: Property 'glyph' does not exist on type 'JSX.IntrinsicElements'.
src/icons/Fonts/general-sans/GeneralSansRegular.tsx(617,5): error TS2339: Property 'glyph' does not exist on type 'JSX.IntrinsicElements'.
src/icons/Fonts/general-sans/GeneralSansRegular.tsx(620,5): error TS2339: Property 'glyph' does not exist on type 'JSX.IntrinsicElements'.
src/icons/Fonts/general-sans/GeneralSansRegular.tsx(622,5): error TS2339: Property 'glyph' does not exist on type 'JSX.IntrinsicElements'.
src/icons/Fonts/general-sans/GeneralSansRegular.tsx(624,5): error TS2339: Property 'glyph' does not exist on type 'JSX.IntrinsicElements'.
src/icons/Fonts/general-sans/GeneralSansRegular.tsx(626,5): error TS2339: Property 'glyph' does not exist on type 'JSX.IntrinsicElements'.
src/icons/Fonts/general-sans/GeneralSansRegular.tsx(629,5): error TS2339: Property 'glyph' does not exist on type 'JSX.IntrinsicElements'.
src/icons/Fonts/general-sans/GeneralSansRegular.tsx(632,5): error TS2339: Property 'glyph' does not exist on type 'JSX.IntrinsicElements'.
src/icons/Fonts/general-sans/GeneralSansRegular.tsx(635,5): error TS2339: Property 'glyph' does not exist on type 'JSX.IntrinsicElements'.
src/icons/Fonts/general-sans/GeneralSansRegular.tsx(638,5): error TS2339: Property 'glyph' does not exist on type 'JSX.IntrinsicElements'.
src/icons/Fonts/general-sans/GeneralSansRegular.tsx(641,5): error TS2339: Property 'glyph' does not exist on type 'JSX.IntrinsicElements'.
src/icons/Fonts/general-sans/GeneralSansRegular.tsx(644,5): error TS2339: Property 'glyph' does not exist on type 'JSX.IntrinsicElements'.
src/icons/Fonts/general-sans/GeneralSansRegular.tsx(646,5): error TS2339: Property 'glyph' does not exist on type 'JSX.IntrinsicElements'.
src/icons/Fonts/general-sans/GeneralSansRegular.tsx(649,5): error TS2339: Property 'glyph' does not exist on type 'JSX.IntrinsicElements'.
src/icons/Fonts/general-sans/GeneralSansRegular.tsx(651,5): error TS2339: Property 'glyph' does not exist on type 'JSX.IntrinsicElements'.
src/icons/Fonts/general-sans/GeneralSansRegular.tsx(653,5): error TS2339: Property 'glyph' does not exist on type 'JSX.IntrinsicElements'.
src/icons/Fonts/general-sans/GeneralSansRegular.tsx(655,5): error TS2339: Property 'glyph' does not exist on type 'JSX.IntrinsicElements'.
src/icons/Fonts/general-sans/GeneralSansRegular.tsx(657,5): error TS2339: Property 'glyph' does not exist on type 'JSX.IntrinsicElements'.
src/icons/Fonts/general-sans/GeneralSansRegular.tsx(660,5): error TS2339: Property 'glyph' does not exist on type 'JSX.IntrinsicElements'.
src/icons/Fonts/general-sans/GeneralSansRegular.tsx(663,5): error TS2339: Property 'glyph' does not exist on type 'JSX.IntrinsicElements'.
src/icons/Fonts/general-sans/GeneralSansRegular.tsx(665,5): error TS2339: Property 'glyph' does not exist on type 'JSX.IntrinsicElements'.
src/icons/Fonts/general-sans/GeneralSansRegular.tsx(667,5): error TS2339: Property 'glyph' does not exist on type 'JSX.IntrinsicElements'.
src/icons/Fonts/general-sans/GeneralSansRegular.tsx(670,5): error TS2339: Property 'glyph' does not exist on type 'JSX.IntrinsicElements'.
src/icons/Fonts/general-sans/GeneralSansRegular.tsx(672,5): error TS2339: Property 'glyph' does not exist on type 'JSX.IntrinsicElements'.
src/icons/Fonts/general-sans/GeneralSansRegular.tsx(674,5): error TS2339: Property 'glyph' does not exist on type 'JSX.IntrinsicElements'.
src/icons/Fonts/general-sans/GeneralSansRegular.tsx(676,5): error TS2339: Property 'glyph' does not exist on type 'JSX.IntrinsicElements'.
src/icons/Fonts/general-sans/GeneralSansRegular.tsx(678,5): error TS2339: Property 'glyph' does not exist on type 'JSX.IntrinsicElements'.
src/icons/Fonts/general-sans/GeneralSansRegular.tsx(680,5): error TS2339: Property 'glyph' does not exist on type 'JSX.IntrinsicElements'.
src/icons/Fonts/general-sans/GeneralSansRegular.tsx(683,5): error TS2339: Property 'glyph' does not exist on type 'JSX.IntrinsicElements'.
src/icons/Fonts/general-sans/GeneralSansRegular.tsx(685,5): error TS2339: Property 'glyph' does not exist on type 'JSX.IntrinsicElements'.
src/icons/Fonts/general-sans/GeneralSansRegular.tsx(687,5): error TS2339: Property 'glyph' does not exist on type 'JSX.IntrinsicElements'.
src/icons/Fonts/general-sans/GeneralSansRegular.tsx(689,5): error TS2339: Property 'glyph' does not exist on type 'JSX.IntrinsicElements'.
src/icons/Fonts/general-sans/GeneralSansRegular.tsx(691,5): error TS2339: Property 'glyph' does not exist on type 'JSX.IntrinsicElements'.
src/icons/Fonts/general-sans/GeneralSansRegular.tsx(693,5): error TS2339: Property 'glyph' does not exist on type 'JSX.IntrinsicElements'.
src/icons/Fonts/general-sans/GeneralSansRegular.tsx(695,5): error TS2339: Property 'glyph' does not exist on type 'JSX.IntrinsicElements'.
src/icons/Fonts/general-sans/GeneralSansRegular.tsx(697,5): error TS2339: Property 'glyph' does not exist on type 'JSX.IntrinsicElements'.
src/icons/Fonts/general-sans/GeneralSansRegular.tsx(700,5): error TS2339: Property 'glyph' does not exist on type 'JSX.IntrinsicElements'.
src/icons/Fonts/general-sans/GeneralSansRegular.tsx(703,5): error TS2339: Property 'glyph' does not exist on type 'JSX.IntrinsicElements'.
src/icons/Fonts/general-sans/GeneralSansRegular.tsx(705,5): error TS2339: Property 'glyph' does not exist on type 'JSX.IntrinsicElements'.
src/icons/Fonts/general-sans/GeneralSansRegular.tsx(707,5): error TS2339: Property 'glyph' does not exist on type 'JSX.IntrinsicElements'.
src/icons/Fonts/general-sans/GeneralSansRegular.tsx(709,5): error TS2339: Property 'glyph' does not exist on type 'JSX.IntrinsicElements'.
src/icons/Fonts/general-sans/GeneralSansRegular.tsx(711,5): error TS2339: Property 'glyph' does not exist on type 'JSX.IntrinsicElements'.
src/icons/Fonts/general-sans/GeneralSansRegular.tsx(713,5): error TS2339: Property 'glyph' does not exist on type 'JSX.IntrinsicElements'.
src/icons/Fonts/general-sans/GeneralSansRegular.tsx(715,5): error TS2339: Property 'glyph' does not exist on type 'JSX.IntrinsicElements'.
src/icons/Fonts/general-sans/GeneralSansRegular.tsx(717,5): error TS2339: Property 'glyph' does not exist on type 'JSX.IntrinsicElements'.
src/icons/Fonts/general-sans/GeneralSansRegular.tsx(719,5): error TS2339: Property 'glyph' does not exist on type 'JSX.IntrinsicElements'.
src/icons/Fonts/general-sans/GeneralSansRegular.tsx(721,5): error TS2339: Property 'glyph' does not exist on type 'JSX.IntrinsicElements'.
src/icons/Fonts/general-sans/GeneralSansRegular.tsx(723,5): error TS2339: Property 'glyph' does not exist on type 'JSX.IntrinsicElements'.
src/icons/Fonts/general-sans/GeneralSansRegular.tsx(725,5): error TS2339: Property 'glyph' does not exist on type 'JSX.IntrinsicElements'.
src/icons/Fonts/general-sans/GeneralSansRegular.tsx(727,5): error TS2339: Property 'glyph' does not exist on type 'JSX.IntrinsicElements'.
src/icons/Fonts/general-sans/GeneralSansRegular.tsx(729,5): error TS2339: Property 'glyph' does not exist on type 'JSX.IntrinsicElements'.
src/icons/Fonts/general-sans/GeneralSansRegular.tsx(731,5): error TS2339: Property 'glyph' does not exist on type 'JSX.IntrinsicElements'.
src/icons/Fonts/general-sans/GeneralSansRegular.tsx(733,5): error TS2339: Property 'glyph' does not exist on type 'JSX.IntrinsicElements'.
src/icons/Fonts/general-sans/GeneralSansRegular.tsx(735,5): error TS2339: Property 'glyph' does not exist on type 'JSX.IntrinsicElements'.
src/icons/Fonts/general-sans/GeneralSansRegular.tsx(737,5): error TS2339: Property 'glyph' does not exist on type 'JSX.IntrinsicElements'.
src/icons/Fonts/general-sans/GeneralSansRegular.tsx(739,5): error TS2339: Property 'glyph' does not exist on type 'JSX.IntrinsicElements'.
src/icons/Fonts/general-sans/GeneralSansRegular.tsx(741,5): error TS2339: Property 'glyph' does not exist on type 'JSX.IntrinsicElements'.
src/icons/Fonts/general-sans/GeneralSansRegular.tsx(743,5): error TS2339: Property 'glyph' does not exist on type 'JSX.IntrinsicElements'.
src/icons/Fonts/general-sans/GeneralSansRegular.tsx(745,5): error TS2339: Property 'glyph' does not exist on type 'JSX.IntrinsicElements'.
src/icons/Fonts/general-sans/GeneralSansRegular.tsx(747,5): error TS2339: Property 'glyph' does not exist on type 'JSX.IntrinsicElements'.
src/icons/Fonts/general-sans/GeneralSansRegular.tsx(749,5): error TS2339: Property 'glyph' does not exist on type 'JSX.IntrinsicElements'.
src/icons/Fonts/general-sans/GeneralSansRegular.tsx(751,5): error TS2339: Property 'glyph' does not exist on type 'JSX.IntrinsicElements'.
src/icons/Fonts/general-sans/GeneralSansRegular.tsx(753,5): error TS2339: Property 'glyph' does not exist on type 'JSX.IntrinsicElements'.
src/icons/Fonts/general-sans/GeneralSansRegular.tsx(755,5): error TS2339: Property 'glyph' does not exist on type 'JSX.IntrinsicElements'.
src/icons/Fonts/general-sans/GeneralSansRegular.tsx(757,5): error TS2339: Property 'glyph' does not exist on type 'JSX.IntrinsicElements'.
src/icons/Fonts/general-sans/GeneralSansRegular.tsx(759,5): error TS2339: Property 'glyph' does not exist on type 'JSX.IntrinsicElements'.
src/icons/Fonts/general-sans/GeneralSansRegular.tsx(761,5): error TS2339: Property 'glyph' does not exist on type 'JSX.IntrinsicElements'.
src/icons/Fonts/general-sans/GeneralSansRegular.tsx(763,5): error TS2339: Property 'glyph' does not exist on type 'JSX.IntrinsicElements'.
src/icons/Fonts/general-sans/GeneralSansRegular.tsx(765,5): error TS2339: Property 'glyph' does not exist on type 'JSX.IntrinsicElements'.
src/icons/Fonts/general-sans/GeneralSansRegular.tsx(768,5): error TS2339: Property 'glyph' does not exist on type 'JSX.IntrinsicElements'.
src/icons/Fonts/general-sans/GeneralSansRegular.tsx(770,5): error TS2339: Property 'glyph' does not exist on type 'JSX.IntrinsicElements'.
src/icons/Fonts/general-sans/GeneralSansRegular.tsx(772,5): error TS2339: Property 'glyph' does not exist on type 'JSX.IntrinsicElements'.
src/icons/Fonts/general-sans/GeneralSansRegular.tsx(774,5): error TS2339: Property 'glyph' does not exist on type 'JSX.IntrinsicElements'.
src/icons/Fonts/general-sans/GeneralSansRegular.tsx(776,5): error TS2339: Property 'glyph' does not exist on type 'JSX.IntrinsicElements'.
src/icons/Fonts/general-sans/GeneralSansRegular.tsx(778,5): error TS2339: Property 'glyph' does not exist on type 'JSX.IntrinsicElements'.
src/icons/Fonts/general-sans/GeneralSansRegular.tsx(780,5): error TS2339: Property 'glyph' does not exist on type 'JSX.IntrinsicElements'.
src/icons/Fonts/general-sans/GeneralSansRegular.tsx(783,5): error TS2339: Property 'glyph' does not exist on type 'JSX.IntrinsicElements'.
src/icons/Fonts/general-sans/GeneralSansRegular.tsx(786,5): error TS2339: Property 'glyph' does not exist on type 'JSX.IntrinsicElements'.
src/icons/Fonts/general-sans/GeneralSansRegular.tsx(788,5): error TS2339: Property 'glyph' does not exist on type 'JSX.IntrinsicElements'.
src/icons/Fonts/general-sans/GeneralSansRegular.tsx(790,5): error TS2339: Property 'glyph' does not exist on type 'JSX.IntrinsicElements'.
src/icons/Fonts/general-sans/GeneralSansRegular.tsx(792,5): error TS2339: Property 'glyph' does not exist on type 'JSX.IntrinsicElements'.
src/icons/Fonts/general-sans/GeneralSansRegular.tsx(794,5): error TS2339: Property 'glyph' does not exist on type 'JSX.IntrinsicElements'.
src/icons/Fonts/general-sans/GeneralSansRegular.tsx(796,5): error TS2339: Property 'glyph' does not exist on type 'JSX.IntrinsicElements'.
src/icons/Fonts/general-sans/GeneralSansRegular.tsx(798,5): error TS2339: Property 'glyph' does not exist on type 'JSX.IntrinsicElements'.
src/icons/Fonts/general-sans/GeneralSansRegular.tsx(800,5): error TS2339: Property 'glyph' does not exist on type 'JSX.IntrinsicElements'.
src/icons/Fonts/general-sans/GeneralSansRegular.tsx(803,5): error TS2339: Property 'glyph' does not exist on type 'JSX.IntrinsicElements'.
src/icons/Fonts/general-sans/GeneralSansRegular.tsx(806,5): error TS2339: Property 'glyph' does not exist on type 'JSX.IntrinsicElements'.
src/icons/Fonts/general-sans/GeneralSansRegular.tsx(809,5): error TS2339: Property 'glyph' does not exist on type 'JSX.IntrinsicElements'.
src/icons/Fonts/general-sans/GeneralSansRegular.tsx(811,5): error TS2339: Property 'glyph' does not exist on type 'JSX.IntrinsicElements'.
src/icons/Fonts/general-sans/GeneralSansRegular.tsx(813,5): error TS2339: Property 'glyph' does not exist on type 'JSX.IntrinsicElements'.
src/icons/Fonts/general-sans/GeneralSansRegular.tsx(815,5): error TS2339: Property 'glyph' does not exist on type 'JSX.IntrinsicElements'.
src/icons/Fonts/general-sans/GeneralSansRegular.tsx(818,5): error TS2339: Property 'glyph' does not exist on type 'JSX.IntrinsicElements'.
src/icons/Fonts/general-sans/GeneralSansRegular.tsx(822,5): error TS2339: Property 'glyph' does not exist on type 'JSX.IntrinsicElements'.
src/icons/Fonts/general-sans/GeneralSansRegular.tsx(824,5): error TS2339: Property 'glyph' does not exist on type 'JSX.IntrinsicElements'.
src/icons/Fonts/general-sans/GeneralSansRegular.tsx(826,5): error TS2339: Property 'glyph' does not exist on type 'JSX.IntrinsicElements'.
src/icons/Fonts/general-sans/GeneralSansRegular.tsx(828,5): error TS2339: Property 'glyph' does not exist on type 'JSX.IntrinsicElements'.
src/icons/Fonts/general-sans/GeneralSansRegular.tsx(830,5): error TS2339: Property 'glyph' does not exist on type 'JSX.IntrinsicElements'.
src/icons/Fonts/general-sans/GeneralSansRegular.tsx(832,5): error TS2339: Property 'glyph' does not exist on type 'JSX.IntrinsicElements'.
src/icons/Fonts/general-sans/GeneralSansRegular.tsx(834,5): error TS2339: Property 'glyph' does not exist on type 'JSX.IntrinsicElements'.
src/icons/Fonts/general-sans/GeneralSansRegular.tsx(836,5): error TS2339: Property 'glyph' does not exist on type 'JSX.IntrinsicElements'.
src/icons/Fonts/general-sans/GeneralSansRegular.tsx(838,5): error TS2339: Property 'glyph' does not exist on type 'JSX.IntrinsicElements'.
src/icons/Fonts/general-sans/GeneralSansRegular.tsx(841,5): error TS2339: Property 'glyph' does not exist on type 'JSX.IntrinsicElements'.
src/icons/Fonts/general-sans/GeneralSansRegular.tsx(843,5): error TS2339: Property 'glyph' does not exist on type 'JSX.IntrinsicElements'.
src/icons/Fonts/general-sans/GeneralSansRegular.tsx(845,5): error TS2339: Property 'glyph' does not exist on type 'JSX.IntrinsicElements'.
src/icons/Fonts/general-sans/GeneralSansRegular.tsx(847,5): error TS2339: Property 'glyph' does not exist on type 'JSX.IntrinsicElements'.
src/icons/Fonts/general-sans/GeneralSansRegular.tsx(849,5): error TS2339: Property 'glyph' does not exist on type 'JSX.IntrinsicElements'.
src/icons/Fonts/general-sans/GeneralSansRegular.tsx(852,5): error TS2339: Property 'glyph' does not exist on type 'JSX.IntrinsicElements'.
src/icons/Fonts/general-sans/GeneralSansRegular.tsx(854,5): error TS2339: Property 'glyph' does not exist on type 'JSX.IntrinsicElements'.
src/icons/Fonts/general-sans/GeneralSansRegular.tsx(856,5): error TS2339: Property 'glyph' does not exist on type 'JSX.IntrinsicElements'.
src/icons/Fonts/general-sans/GeneralSansRegular.tsx(858,5): error TS2339: Property 'glyph' does not exist on type 'JSX.IntrinsicElements'.
src/icons/Fonts/general-sans/GeneralSansRegular.tsx(860,5): error TS2339: Property 'glyph' does not exist on type 'JSX.IntrinsicElements'.
src/icons/Fonts/general-sans/GeneralSansRegular.tsx(863,5): error TS2339: Property 'glyph' does not exist on type 'JSX.IntrinsicElements'.
src/icons/Fonts/general-sans/GeneralSansRegular.tsx(865,5): error TS2339: Property 'glyph' does not exist on type 'JSX.IntrinsicElements'.
src/icons/Fonts/general-sans/GeneralSansRegular.tsx(868,5): error TS2339: Property 'glyph' does not exist on type 'JSX.IntrinsicElements'.
src/icons/Fonts/general-sans/GeneralSansRegular.tsx(870,5): error TS2339: Property 'glyph' does not exist on type 'JSX.IntrinsicElements'.
src/icons/Fonts/general-sans/GeneralSansRegular.tsx(872,5): error TS2339: Property 'glyph' does not exist on type 'JSX.IntrinsicElements'.
src/icons/Fonts/general-sans/GeneralSansRegular.tsx(874,5): error TS2339: Property 'glyph' does not exist on type 'JSX.IntrinsicElements'.
src/icons/Fonts/general-sans/GeneralSansRegular.tsx(876,5): error TS2339: Property 'glyph' does not exist on type 'JSX.IntrinsicElements'.
src/icons/Fonts/general-sans/GeneralSansRegular.tsx(879,5): error TS2339: Property 'glyph' does not exist on type 'JSX.IntrinsicElements'.
src/icons/Fonts/general-sans/GeneralSansRegular.tsx(882,5): error TS2339: Property 'glyph' does not exist on type 'JSX.IntrinsicElements'.
src/icons/Fonts/general-sans/GeneralSansRegular.tsx(884,5): error TS2339: Property 'glyph' does not exist on type 'JSX.IntrinsicElements'.
src/icons/Fonts/general-sans/GeneralSansRegular.tsx(886,5): error TS2339: Property 'glyph' does not exist on type 'JSX.IntrinsicElements'.
src/icons/Fonts/general-sans/GeneralSansRegular.tsx(888,5): error TS2339: Property 'glyph' does not exist on type 'JSX.IntrinsicElements'.
src/icons/Fonts/general-sans/GeneralSansRegular.tsx(890,5): error TS2339: Property 'glyph' does not exist on type 'JSX.IntrinsicElements'.
src/icons/Fonts/general-sans/GeneralSansRegular.tsx(892,5): error TS2339: Property 'glyph' does not exist on type 'JSX.IntrinsicElements'.
src/icons/Fonts/general-sans/GeneralSansRegular.tsx(894,5): error TS2339: Property 'glyph' does not exist on type 'JSX.IntrinsicElements'.
src/icons/Fonts/general-sans/GeneralSansRegular.tsx(896,5): error TS2339: Property 'glyph' does not exist on type 'JSX.IntrinsicElements'.
src/icons/Fonts/general-sans/GeneralSansRegular.tsx(899,5): error TS2339: Property 'glyph' does not exist on type 'JSX.IntrinsicElements'.
src/icons/Fonts/general-sans/GeneralSansRegular.tsx(901,5): error TS2339: Property 'glyph' does not exist on type 'JSX.IntrinsicElements'.
src/icons/Fonts/general-sans/GeneralSansRegular.tsx(904,5): error TS2339: Property 'glyph' does not exist on type 'JSX.IntrinsicElements'.
src/icons/Fonts/general-sans/GeneralSansRegular.tsx(906,5): error TS2339: Property 'glyph' does not exist on type 'JSX.IntrinsicElements'.
src/icons/Fonts/general-sans/GeneralSansRegular.tsx(908,5): error TS2339: Property 'glyph' does not exist on type 'JSX.IntrinsicElements'.
src/icons/Fonts/general-sans/GeneralSansRegular.tsx(910,5): error TS2339: Property 'glyph' does not exist on type 'JSX.IntrinsicElements'.
src/icons/Fonts/general-sans/GeneralSansRegular.tsx(912,5): error TS2339: Property 'glyph' does not exist on type 'JSX.IntrinsicElements'.
src/icons/Fonts/general-sans/GeneralSansRegular.tsx(914,5): error TS2339: Property 'glyph' does not exist on type 'JSX.IntrinsicElements'.
src/icons/Fonts/general-sans/GeneralSansRegular.tsx(917,5): error TS2339: Property 'glyph' does not exist on type 'JSX.IntrinsicElements'.
src/icons/Fonts/general-sans/GeneralSansRegular.tsx(919,5): error TS2339: Property 'glyph' does not exist on type 'JSX.IntrinsicElements'.
src/icons/Fonts/general-sans/GeneralSansRegular.tsx(921,5): error TS2339: Property 'glyph' does not exist on type 'JSX.IntrinsicElements'.
src/icons/Fonts/general-sans/GeneralSansRegular.tsx(923,5): error TS2339: Property 'glyph' does not exist on type 'JSX.IntrinsicElements'.
src/icons/Fonts/general-sans/GeneralSansRegular.tsx(926,5): error TS2339: Property 'glyph' does not exist on type 'JSX.IntrinsicElements'.
src/icons/Fonts/general-sans/GeneralSansRegular.tsx(928,5): error TS2339: Property 'glyph' does not exist on type 'JSX.IntrinsicElements'.
src/icons/Fonts/general-sans/GeneralSansRegular.tsx(930,5): error TS2339: Property 'glyph' does not exist on type 'JSX.IntrinsicElements'.
src/icons/Fonts/general-sans/GeneralSansRegular.tsx(933,5): error TS2339: Property 'glyph' does not exist on type 'JSX.IntrinsicElements'.
src/icons/Fonts/general-sans/GeneralSansRegular.tsx(935,5): error TS2339: Property 'glyph' does not exist on type 'JSX.IntrinsicElements'.
src/icons/Fonts/general-sans/GeneralSansRegular.tsx(938,5): error TS2339: Property 'glyph' does not exist on type 'JSX.IntrinsicElements'.
src/icons/Fonts/general-sans/GeneralSansRegular.tsx(941,5): error TS2339: Property 'glyph' does not exist on type 'JSX.IntrinsicElements'.
src/icons/Fonts/general-sans/GeneralSansRegular.tsx(943,5): error TS2339: Property 'glyph' does not exist on type 'JSX.IntrinsicElements'.
src/icons/Fonts/general-sans/GeneralSansRegular.tsx(945,5): error TS2339: Property 'glyph' does not exist on type 'JSX.IntrinsicElements'.
src/icons/Fonts/general-sans/GeneralSansRegular.tsx(947,5): error TS2339: Property 'glyph' does not exist on type 'JSX.IntrinsicElements'.
src/icons/Fonts/general-sans/GeneralSansRegular.tsx(950,5): error TS2339: Property 'glyph' does not exist on type 'JSX.IntrinsicElements'.
src/icons/Fonts/general-sans/GeneralSansRegular.tsx(952,5): error TS2339: Property 'glyph' does not exist on type 'JSX.IntrinsicElements'.
src/icons/Fonts/general-sans/GeneralSansRegular.tsx(954,5): error TS2339: Property 'glyph' does not exist on type 'JSX.IntrinsicElements'.
src/icons/Fonts/general-sans/GeneralSansRegular.tsx(956,5): error TS2339: Property 'glyph' does not exist on type 'JSX.IntrinsicElements'.
src/icons/Fonts/general-sans/GeneralSansRegular.tsx(958,5): error TS2339: Property 'glyph' does not exist on type 'JSX.IntrinsicElements'.
src/icons/Fonts/general-sans/GeneralSansRegular.tsx(961,5): error TS2339: Property 'glyph' does not exist on type 'JSX.IntrinsicElements'.
src/icons/Fonts/general-sans/GeneralSansRegular.tsx(963,5): error TS2339: Property 'glyph' does not exist on type 'JSX.IntrinsicElements'.
src/icons/Fonts/general-sans/GeneralSansRegular.tsx(965,5): error TS2339: Property 'glyph' does not exist on type 'JSX.IntrinsicElements'.
src/icons/Fonts/general-sans/GeneralSansRegular.tsx(967,5): error TS2339: Property 'glyph' does not exist on type 'JSX.IntrinsicElements'.
src/icons/Fonts/general-sans/GeneralSansRegular.tsx(969,5): error TS2339: Property 'glyph' does not exist on type 'JSX.IntrinsicElements'.
src/icons/Fonts/general-sans/GeneralSansRegular.tsx(971,5): error TS2339: Property 'glyph' does not exist on type 'JSX.IntrinsicElements'.
src/icons/Fonts/general-sans/GeneralSansRegular.tsx(974,5): error TS2339: Property 'glyph' does not exist on type 'JSX.IntrinsicElements'.
src/icons/Fonts/general-sans/GeneralSansRegular.tsx(976,5): error TS2339: Property 'glyph' does not exist on type 'JSX.IntrinsicElements'.
src/icons/Fonts/general-sans/GeneralSansRegular.tsx(978,5): error TS2339: Property 'glyph' does not exist on type 'JSX.IntrinsicElements'.
src/icons/Fonts/general-sans/GeneralSansRegular.tsx(980,5): error TS2339: Property 'glyph' does not exist on type 'JSX.IntrinsicElements'.
src/icons/Fonts/general-sans/GeneralSansRegular.tsx(982,5): error TS2339: Property 'glyph' does not exist on type 'JSX.IntrinsicElements'.
src/icons/Fonts/general-sans/GeneralSansRegular.tsx(985,5): error TS2339: Property 'glyph' does not exist on type 'JSX.IntrinsicElements'.
src/icons/Fonts/general-sans/GeneralSansRegular.tsx(987,5): error TS2339: Property 'glyph' does not exist on type 'JSX.IntrinsicElements'.
src/icons/Fonts/general-sans/GeneralSansRegular.tsx(989,5): error TS2339: Property 'glyph' does not exist on type 'JSX.IntrinsicElements'.
src/icons/Fonts/general-sans/GeneralSansRegular.tsx(991,5): error TS2339: Property 'glyph' does not exist on type 'JSX.IntrinsicElements'.
src/icons/Fonts/general-sans/GeneralSansRegular.tsx(993,5): error TS2339: Property 'glyph' does not exist on type 'JSX.IntrinsicElements'.
src/icons/Fonts/general-sans/GeneralSansRegular.tsx(995,5): error TS2339: Property 'glyph' does not exist on type 'JSX.IntrinsicElements'.
src/icons/Fonts/general-sans/GeneralSansRegular.tsx(997,5): error TS2339: Property 'glyph' does not exist on type 'JSX.IntrinsicElements'.
src/icons/Fonts/general-sans/GeneralSansRegular.tsx(999,5): error TS2339: Property 'glyph' does not exist on type 'JSX.IntrinsicElements'.
src/icons/Fonts/general-sans/GeneralSansRegular.tsx(1001,5): error TS2339: Property 'glyph' does not exist on type 'JSX.IntrinsicElements'.
src/icons/Fonts/general-sans/GeneralSansRegular.tsx(1003,5): error TS2339: Property 'glyph' does not exist on type 'JSX.IntrinsicElements'.
src/icons/Fonts/general-sans/GeneralSansRegular.tsx(1005,5): error TS2339: Property 'glyph' does not exist on type 'JSX.IntrinsicElements'.
src/icons/Fonts/general-sans/GeneralSansRegular.tsx(1008,5): error TS2339: Property 'glyph' does not exist on type 'JSX.IntrinsicElements'.
src/icons/Fonts/general-sans/GeneralSansRegular.tsx(1011,5): error TS2339: Property 'glyph' does not exist on type 'JSX.IntrinsicElements'.
src/icons/Fonts/general-sans/GeneralSansRegular.tsx(1014,5): error TS2339: Property 'glyph' does not exist on type 'JSX.IntrinsicElements'.
src/icons/Fonts/general-sans/GeneralSansRegular.tsx(1017,5): error TS2339: Property 'glyph' does not exist on type 'JSX.IntrinsicElements'.
src/icons/Fonts/general-sans/GeneralSansRegular.tsx(1020,5): error TS2339: Property 'glyph' does not exist on type 'JSX.IntrinsicElements'.
src/icons/Fonts/general-sans/GeneralSansRegular.tsx(1023,5): error TS2339: Property 'glyph' does not exist on type 'JSX.IntrinsicElements'.
src/icons/Fonts/general-sans/GeneralSansRegular.tsx(1026,5): error TS2339: Property 'glyph' does not exist on type 'JSX.IntrinsicElements'.
src/icons/Fonts/general-sans/GeneralSansRegular.tsx(1029,5): error TS2339: Property 'glyph' does not exist on type 'JSX.IntrinsicElements'.
src/icons/Fonts/general-sans/GeneralSansRegular.tsx(1032,5): error TS2339: Property 'glyph' does not exist on type 'JSX.IntrinsicElements'.
src/icons/Fonts/general-sans/GeneralSansRegular.tsx(1035,5): error TS2339: Property 'hkern' does not exist on type 'JSX.IntrinsicElements'.
src/icons/Fonts/general-sans/GeneralSansRegular.tsx(1036,5): error TS2339: Property 'hkern' does not exist on type 'JSX.IntrinsicElements'.
src/icons/Fonts/general-sans/GeneralSansRegular.tsx(1037,5): error TS2339: Property 'hkern' does not exist on type 'JSX.IntrinsicElements'.
src/icons/Fonts/general-sans/GeneralSansRegular.tsx(1038,5): error TS2339: Property 'hkern' does not exist on type 'JSX.IntrinsicElements'.
src/icons/Fonts/general-sans/GeneralSansRegular.tsx(1039,5): error TS2339: Property 'hkern' does not exist on type 'JSX.IntrinsicElements'.
src/icons/Fonts/general-sans/GeneralSansRegular.tsx(1040,5): error TS2339: Property 'hkern' does not exist on type 'JSX.IntrinsicElements'.
src/icons/Fonts/general-sans/GeneralSansRegular.tsx(1041,5): error TS2339: Property 'hkern' does not exist on type 'JSX.IntrinsicElements'.
src/icons/Fonts/general-sans/GeneralSansRegular.tsx(1042,5): error TS2339: Property 'hkern' does not exist on type 'JSX.IntrinsicElements'.
src/icons/Fonts/general-sans/GeneralSansRegular.tsx(1043,5): error TS2339: Property 'hkern' does not exist on type 'JSX.IntrinsicElements'.
src/icons/Fonts/general-sans/GeneralSansRegular.tsx(1044,5): error TS2339: Property 'hkern' does not exist on type 'JSX.IntrinsicElements'.
src/icons/Fonts/general-sans/GeneralSansRegular.tsx(1045,5): error TS2339: Property 'hkern' does not exist on type 'JSX.IntrinsicElements'.
src/icons/Fonts/general-sans/GeneralSansRegular.tsx(1046,5): error TS2339: Property 'hkern' does not exist on type 'JSX.IntrinsicElements'.
src/icons/Fonts/general-sans/GeneralSansRegular.tsx(1047,5): error TS2339: Property 'hkern' does not exist on type 'JSX.IntrinsicElements'.
src/icons/Fonts/general-sans/GeneralSansRegular.tsx(1048,5): error TS2339: Property 'hkern' does not exist on type 'JSX.IntrinsicElements'.
src/icons/Fonts/general-sans/GeneralSansRegular.tsx(1049,5): error TS2339: Property 'hkern' does not exist on type 'JSX.IntrinsicElements'.
src/icons/Fonts/general-sans/GeneralSansRegular.tsx(1050,5): error TS2339: Property 'hkern' does not exist on type 'JSX.IntrinsicElements'.
src/icons/Fonts/general-sans/GeneralSansRegular.tsx(1051,5): error TS2339: Property 'hkern' does not exist on type 'JSX.IntrinsicElements'.
src/icons/Fonts/general-sans/GeneralSansRegular.tsx(1052,5): error TS2339: Property 'hkern' does not exist on type 'JSX.IntrinsicElements'.
src/icons/Fonts/general-sans/GeneralSansRegular.tsx(1053,5): error TS2339: Property 'hkern' does not exist on type 'JSX.IntrinsicElements'.
src/icons/Fonts/general-sans/GeneralSansRegular.tsx(1054,5): error TS2339: Property 'hkern' does not exist on type 'JSX.IntrinsicElements'.
src/icons/Fonts/general-sans/GeneralSansRegular.tsx(1055,5): error TS2339: Property 'hkern' does not exist on type 'JSX.IntrinsicElements'.
src/icons/Fonts/general-sans/GeneralSansRegular.tsx(1056,5): error TS2339: Property 'hkern' does not exist on type 'JSX.IntrinsicElements'.
src/icons/Fonts/general-sans/GeneralSansRegular.tsx(1057,5): error TS2339: Property 'hkern' does not exist on type 'JSX.IntrinsicElements'.
src/icons/Fonts/general-sans/GeneralSansRegular.tsx(1058,5): error TS2339: Property 'hkern' does not exist on type 'JSX.IntrinsicElements'.
src/icons/Fonts/general-sans/GeneralSansRegular.tsx(1059,5): error TS2339: Property 'hkern' does not exist on type 'JSX.IntrinsicElements'.
src/icons/Fonts/general-sans/GeneralSansRegular.tsx(1060,5): error TS2339: Property 'hkern' does not exist on type 'JSX.IntrinsicElements'.
src/icons/Fonts/general-sans/GeneralSansRegular.tsx(1061,5): error TS2339: Property 'hkern' does not exist on type 'JSX.IntrinsicElements'.
src/icons/Fonts/general-sans/GeneralSansRegular.tsx(1062,5): error TS2339: Property 'hkern' does not exist on type 'JSX.IntrinsicElements'.
src/icons/Fonts/general-sans/GeneralSansRegular.tsx(1063,5): error TS2339: Property 'hkern' does not exist on type 'JSX.IntrinsicElements'.
src/icons/Fonts/general-sans/GeneralSansRegular.tsx(1064,5): error TS2339: Property 'hkern' does not exist on type 'JSX.IntrinsicElements'.
src/icons/Fonts/general-sans/GeneralSansRegular.tsx(1065,5): error TS2339: Property 'hkern' does not exist on type 'JSX.IntrinsicElements'.
src/icons/Fonts/general-sans/GeneralSansRegular.tsx(1066,5): error TS2339: Property 'hkern' does not exist on type 'JSX.IntrinsicElements'.
src/icons/Fonts/general-sans/GeneralSansRegular.tsx(1067,5): error TS2339: Property 'hkern' does not exist on type 'JSX.IntrinsicElements'.
src/icons/Fonts/general-sans/GeneralSansRegular.tsx(1068,5): error TS2339: Property 'hkern' does not exist on type 'JSX.IntrinsicElements'.
src/icons/Fonts/general-sans/GeneralSansRegular.tsx(1069,5): error TS2339: Property 'hkern' does not exist on type 'JSX.IntrinsicElements'.
src/icons/Fonts/general-sans/GeneralSansRegular.tsx(1070,5): error TS2339: Property 'hkern' does not exist on type 'JSX.IntrinsicElements'.
src/icons/Fonts/general-sans/GeneralSansRegular.tsx(1071,5): error TS2339: Property 'hkern' does not exist on type 'JSX.IntrinsicElements'.
src/icons/Fonts/general-sans/GeneralSansRegular.tsx(1072,5): error TS2339: Property 'hkern' does not exist on type 'JSX.IntrinsicElements'.
src/icons/Fonts/general-sans/GeneralSansRegular.tsx(1073,5): error TS2339: Property 'hkern' does not exist on type 'JSX.IntrinsicElements'.
src/icons/Fonts/general-sans/GeneralSansRegular.tsx(1074,5): error TS2339: Property 'hkern' does not exist on type 'JSX.IntrinsicElements'.
src/icons/Fonts/general-sans/GeneralSansRegular.tsx(1075,5): error TS2339: Property 'hkern' does not exist on type 'JSX.IntrinsicElements'.
src/icons/Fonts/general-sans/GeneralSansRegular.tsx(1076,5): error TS2339: Property 'hkern' does not exist on type 'JSX.IntrinsicElements'.
src/icons/Fonts/general-sans/GeneralSansRegular.tsx(1077,5): error TS2339: Property 'hkern' does not exist on type 'JSX.IntrinsicElements'.
src/icons/Fonts/general-sans/GeneralSansRegular.tsx(1078,5): error TS2339: Property 'hkern' does not exist on type 'JSX.IntrinsicElements'.
src/icons/Fonts/general-sans/GeneralSansRegular.tsx(1079,5): error TS2339: Property 'hkern' does not exist on type 'JSX.IntrinsicElements'.
src/icons/Fonts/general-sans/GeneralSansRegular.tsx(1080,5): error TS2339: Property 'hkern' does not exist on type 'JSX.IntrinsicElements'.
src/icons/Fonts/general-sans/GeneralSansRegular.tsx(1081,5): error TS2339: Property 'hkern' does not exist on type 'JSX.IntrinsicElements'.
src/icons/Fonts/general-sans/GeneralSansRegular.tsx(1082,5): error TS2339: Property 'hkern' does not exist on type 'JSX.IntrinsicElements'.
src/icons/Fonts/general-sans/GeneralSansRegular.tsx(1083,5): error TS2339: Property 'hkern' does not exist on type 'JSX.IntrinsicElements'.
src/icons/Fonts/general-sans/GeneralSansRegular.tsx(1084,5): error TS2339: Property 'hkern' does not exist on type 'JSX.IntrinsicElements'.
src/icons/Fonts/general-sans/GeneralSansRegular.tsx(1085,5): error TS2339: Property 'hkern' does not exist on type 'JSX.IntrinsicElements'.
src/icons/Fonts/general-sans/GeneralSansRegular.tsx(1086,5): error TS2339: Property 'hkern' does not exist on type 'JSX.IntrinsicElements'.
src/icons/Fonts/general-sans/GeneralSansRegular.tsx(1087,5): error TS2339: Property 'hkern' does not exist on type 'JSX.IntrinsicElements'.
src/icons/Fonts/general-sans/GeneralSansRegular.tsx(1088,5): error TS2339: Property 'hkern' does not exist on type 'JSX.IntrinsicElements'.
src/icons/Fonts/general-sans/GeneralSansRegular.tsx(1089,5): error TS2339: Property 'hkern' does not exist on type 'JSX.IntrinsicElements'.
src/icons/Fonts/general-sans/GeneralSansRegular.tsx(1090,5): error TS2339: Property 'hkern' does not exist on type 'JSX.IntrinsicElements'.
src/icons/Fonts/general-sans/GeneralSansRegular.tsx(1091,5): error TS2339: Property 'hkern' does not exist on type 'JSX.IntrinsicElements'.
src/icons/Fonts/general-sans/GeneralSansRegular.tsx(1092,5): error TS2339: Property 'hkern' does not exist on type 'JSX.IntrinsicElements'.
src/icons/Fonts/general-sans/GeneralSansRegular.tsx(1093,5): error TS2339: Property 'hkern' does not exist on type 'JSX.IntrinsicElements'.
src/icons/Fonts/general-sans/GeneralSansRegular.tsx(1094,5): error TS2339: Property 'hkern' does not exist on type 'JSX.IntrinsicElements'.
src/icons/Fonts/general-sans/GeneralSansRegular.tsx(1095,5): error TS2339: Property 'hkern' does not exist on type 'JSX.IntrinsicElements'.
src/icons/Fonts/general-sans/GeneralSansRegular.tsx(1096,5): error TS2339: Property 'hkern' does not exist on type 'JSX.IntrinsicElements'.
src/icons/Fonts/general-sans/GeneralSansRegular.tsx(1097,5): error TS2339: Property 'hkern' does not exist on type 'JSX.IntrinsicElements'.
src/icons/Fonts/general-sans/GeneralSansRegular.tsx(1098,5): error TS2339: Property 'hkern' does not exist on type 'JSX.IntrinsicElements'.
src/icons/Fonts/general-sans/GeneralSansRegular.tsx(1099,5): error TS2339: Property 'hkern' does not exist on type 'JSX.IntrinsicElements'.
src/icons/Fonts/general-sans/GeneralSansRegular.tsx(1100,5): error TS2339: Property 'hkern' does not exist on type 'JSX.IntrinsicElements'.
src/icons/Fonts/general-sans/GeneralSansRegular.tsx(1101,5): error TS2339: Property 'hkern' does not exist on type 'JSX.IntrinsicElements'.
src/icons/Fonts/general-sans/GeneralSansRegular.tsx(1102,5): error TS2339: Property 'hkern' does not exist on type 'JSX.IntrinsicElements'.
src/icons/Fonts/general-sans/GeneralSansRegular.tsx(1103,5): error TS2339: Property 'hkern' does not exist on type 'JSX.IntrinsicElements'.
src/icons/Fonts/general-sans/GeneralSansRegular.tsx(1104,5): error TS2339: Property 'hkern' does not exist on type 'JSX.IntrinsicElements'.
src/icons/Fonts/general-sans/GeneralSansRegular.tsx(1105,5): error TS2339: Property 'hkern' does not exist on type 'JSX.IntrinsicElements'.
src/icons/Fonts/general-sans/GeneralSansRegular.tsx(1106,5): error TS2339: Property 'hkern' does not exist on type 'JSX.IntrinsicElements'.
src/icons/Fonts/general-sans/GeneralSansRegular.tsx(1107,5): error TS2339: Property 'hkern' does not exist on type 'JSX.IntrinsicElements'.
src/icons/Fonts/general-sans/GeneralSansRegular.tsx(1108,5): error TS2339: Property 'hkern' does not exist on type 'JSX.IntrinsicElements'.
src/icons/Fonts/general-sans/GeneralSansRegular.tsx(1109,5): error TS2339: Property 'hkern' does not exist on type 'JSX.IntrinsicElements'.
src/icons/Fonts/general-sans/GeneralSansRegular.tsx(1110,5): error TS2339: Property 'hkern' does not exist on type 'JSX.IntrinsicElements'.
src/icons/Fonts/general-sans/GeneralSansRegular.tsx(1111,5): error TS2339: Property 'hkern' does not exist on type 'JSX.IntrinsicElements'.
src/icons/Fonts/general-sans/GeneralSansRegular.tsx(1112,5): error TS2339: Property 'hkern' does not exist on type 'JSX.IntrinsicElements'.
src/icons/Fonts/general-sans/GeneralSansRegular.tsx(1113,5): error TS2339: Property 'hkern' does not exist on type 'JSX.IntrinsicElements'.
src/icons/Fonts/general-sans/GeneralSansRegular.tsx(1114,5): error TS2339: Property 'hkern' does not exist on type 'JSX.IntrinsicElements'.
src/icons/Fonts/general-sans/GeneralSansRegular.tsx(1115,5): error TS2339: Property 'hkern' does not exist on type 'JSX.IntrinsicElements'.
src/icons/Fonts/general-sans/GeneralSansRegular.tsx(1116,5): error TS2339: Property 'hkern' does not exist on type 'JSX.IntrinsicElements'.
src/icons/Fonts/general-sans/GeneralSansRegular.tsx(1117,5): error TS2339: Property 'hkern' does not exist on type 'JSX.IntrinsicElements'.
src/icons/Fonts/general-sans/GeneralSansRegular.tsx(1118,5): error TS2339: Property 'hkern' does not exist on type 'JSX.IntrinsicElements'.
src/icons/Fonts/general-sans/GeneralSansRegular.tsx(1119,5): error TS2339: Property 'hkern' does not exist on type 'JSX.IntrinsicElements'.
src/icons/Fonts/general-sans/GeneralSansRegular.tsx(1120,5): error TS2339: Property 'hkern' does not exist on type 'JSX.IntrinsicElements'.
src/icons/Fonts/general-sans/GeneralSansRegular.tsx(1121,5): error TS2339: Property 'hkern' does not exist on type 'JSX.IntrinsicElements'.
src/icons/Fonts/general-sans/GeneralSansRegular.tsx(1122,5): error TS2339: Property 'hkern' does not exist on type 'JSX.IntrinsicElements'.
src/icons/Fonts/general-sans/GeneralSansRegular.tsx(1123,5): error TS2339: Property 'hkern' does not exist on type 'JSX.IntrinsicElements'.
src/icons/Fonts/general-sans/GeneralSansRegular.tsx(1124,5): error TS2339: Property 'hkern' does not exist on type 'JSX.IntrinsicElements'.
src/icons/Fonts/general-sans/GeneralSansRegular.tsx(1125,5): error TS2339: Property 'hkern' does not exist on type 'JSX.IntrinsicElements'.
src/icons/Fonts/general-sans/GeneralSansRegular.tsx(1126,5): error TS2339: Property 'hkern' does not exist on type 'JSX.IntrinsicElements'.
src/icons/Fonts/general-sans/GeneralSansRegular.tsx(1127,5): error TS2339: Property 'hkern' does not exist on type 'JSX.IntrinsicElements'.
src/icons/Fonts/general-sans/GeneralSansRegular.tsx(1128,5): error TS2339: Property 'hkern' does not exist on type 'JSX.IntrinsicElements'.
src/icons/Fonts/general-sans/GeneralSansRegular.tsx(1129,5): error TS2339: Property 'hkern' does not exist on type 'JSX.IntrinsicElements'.
src/icons/Fonts/general-sans/GeneralSansRegular.tsx(1130,5): error TS2339: Property 'hkern' does not exist on type 'JSX.IntrinsicElements'.
src/icons/Fonts/general-sans/GeneralSansRegular.tsx(1131,5): error TS2339: Property 'hkern' does not exist on type 'JSX.IntrinsicElements'.
src/icons/Fonts/general-sans/GeneralSansRegular.tsx(1132,5): error TS2339: Property 'hkern' does not exist on type 'JSX.IntrinsicElements'.
src/icons/Fonts/general-sans/GeneralSansRegular.tsx(1133,5): error TS2339: Property 'hkern' does not exist on type 'JSX.IntrinsicElements'.
src/icons/Fonts/general-sans/GeneralSansRegular.tsx(1134,5): error TS2339: Property 'hkern' does not exist on type 'JSX.IntrinsicElements'.
src/icons/Fonts/general-sans/GeneralSansRegular.tsx(1135,5): error TS2339: Property 'hkern' does not exist on type 'JSX.IntrinsicElements'.
src/icons/Fonts/general-sans/GeneralSansRegular.tsx(1136,5): error TS2339: Property 'hkern' does not exist on type 'JSX.IntrinsicElements'.
src/icons/Fonts/general-sans/GeneralSansRegular.tsx(1137,5): error TS2339: Property 'hkern' does not exist on type 'JSX.IntrinsicElements'.
src/icons/Fonts/general-sans/GeneralSansRegular.tsx(1138,5): error TS2339: Property 'hkern' does not exist on type 'JSX.IntrinsicElements'.
src/icons/Fonts/general-sans/GeneralSansRegular.tsx(1139,5): error TS2339: Property 'hkern' does not exist on type 'JSX.IntrinsicElements'.
src/icons/Fonts/general-sans/GeneralSansRegular.tsx(1140,5): error TS2339: Property 'hkern' does not exist on type 'JSX.IntrinsicElements'.
src/icons/Fonts/general-sans/GeneralSansRegular.tsx(1141,5): error TS2339: Property 'hkern' does not exist on type 'JSX.IntrinsicElements'.
src/icons/Fonts/general-sans/GeneralSansRegular.tsx(1142,5): error TS2339: Property 'hkern' does not exist on type 'JSX.IntrinsicElements'.
src/icons/Fonts/general-sans/GeneralSansRegular.tsx(1143,5): error TS2339: Property 'hkern' does not exist on type 'JSX.IntrinsicElements'.
src/icons/Fonts/general-sans/GeneralSansRegular.tsx(1144,5): error TS2339: Property 'hkern' does not exist on type 'JSX.IntrinsicElements'.
src/icons/Fonts/general-sans/GeneralSansRegular.tsx(1145,5): error TS2339: Property 'hkern' does not exist on type 'JSX.IntrinsicElements'.
src/icons/Fonts/general-sans/GeneralSansRegular.tsx(1146,5): error TS2339: Property 'hkern' does not exist on type 'JSX.IntrinsicElements'.
src/icons/Fonts/general-sans/GeneralSansRegular.tsx(1147,5): error TS2339: Property 'hkern' does not exist on type 'JSX.IntrinsicElements'.
src/icons/Fonts/general-sans/GeneralSansRegular.tsx(1148,5): error TS2339: Property 'hkern' does not exist on type 'JSX.IntrinsicElements'.
src/icons/Fonts/general-sans/GeneralSansRegular.tsx(1149,5): error TS2339: Property 'hkern' does not exist on type 'JSX.IntrinsicElements'.
src/icons/Fonts/general-sans/GeneralSansRegular.tsx(1150,5): error TS2339: Property 'hkern' does not exist on type 'JSX.IntrinsicElements'.
src/icons/Fonts/general-sans/GeneralSansRegular.tsx(1151,5): error TS2339: Property 'hkern' does not exist on type 'JSX.IntrinsicElements'.
src/icons/Fonts/general-sans/GeneralSansRegular.tsx(1152,5): error TS2339: Property 'hkern' does not exist on type 'JSX.IntrinsicElements'.
src/icons/Fonts/general-sans/GeneralSansRegular.tsx(1153,5): error TS2339: Property 'hkern' does not exist on type 'JSX.IntrinsicElements'.
src/icons/Fonts/general-sans/GeneralSansRegular.tsx(1154,5): error TS2339: Property 'hkern' does not exist on type 'JSX.IntrinsicElements'.
src/icons/Fonts/general-sans/GeneralSansRegular.tsx(1155,5): error TS2339: Property 'hkern' does not exist on type 'JSX.IntrinsicElements'.
src/icons/Fonts/general-sans/GeneralSansRegular.tsx(1156,5): error TS2339: Property 'hkern' does not exist on type 'JSX.IntrinsicElements'.
src/icons/Fonts/general-sans/GeneralSansRegular.tsx(1157,5): error TS2339: Property 'hkern' does not exist on type 'JSX.IntrinsicElements'.
src/icons/Fonts/general-sans/GeneralSansRegular.tsx(1158,5): error TS2339: Property 'hkern' does not exist on type 'JSX.IntrinsicElements'.
src/icons/Fonts/general-sans/GeneralSansRegular.tsx(1159,5): error TS2339: Property 'hkern' does not exist on type 'JSX.IntrinsicElements'.
src/icons/Fonts/general-sans/GeneralSansRegular.tsx(1160,5): error TS2339: Property 'hkern' does not exist on type 'JSX.IntrinsicElements'.
src/icons/Fonts/general-sans/GeneralSansRegular.tsx(1161,5): error TS2339: Property 'hkern' does not exist on type 'JSX.IntrinsicElements'.
src/icons/Fonts/general-sans/GeneralSansRegular.tsx(1162,5): error TS2339: Property 'hkern' does not exist on type 'JSX.IntrinsicElements'.
src/icons/Fonts/general-sans/GeneralSansRegular.tsx(1163,5): error TS2339: Property 'hkern' does not exist on type 'JSX.IntrinsicElements'.
src/icons/Fonts/general-sans/GeneralSansRegular.tsx(1164,5): error TS2339: Property 'hkern' does not exist on type 'JSX.IntrinsicElements'.
src/icons/Fonts/general-sans/GeneralSansRegular.tsx(1165,5): error TS2339: Property 'hkern' does not exist on type 'JSX.IntrinsicElements'.
src/icons/Fonts/general-sans/GeneralSansRegular.tsx(1166,5): error TS2339: Property 'hkern' does not exist on type 'JSX.IntrinsicElements'.
src/icons/Fonts/general-sans/GeneralSansRegular.tsx(1167,5): error TS2339: Property 'hkern' does not exist on type 'JSX.IntrinsicElements'.
src/icons/Fonts/general-sans/GeneralSansRegular.tsx(1168,5): error TS2339: Property 'hkern' does not exist on type 'JSX.IntrinsicElements'.
src/icons/Fonts/general-sans/GeneralSansRegular.tsx(1169,5): error TS2339: Property 'hkern' does not exist on type 'JSX.IntrinsicElements'.
src/icons/Fonts/general-sans/GeneralSansRegular.tsx(1170,5): error TS2339: Property 'hkern' does not exist on type 'JSX.IntrinsicElements'.
src/icons/Fonts/general-sans/GeneralSansRegular.tsx(1171,5): error TS2339: Property 'hkern' does not exist on type 'JSX.IntrinsicElements'.
src/icons/Fonts/general-sans/GeneralSansRegular.tsx(1172,5): error TS2339: Property 'hkern' does not exist on type 'JSX.IntrinsicElements'.
src/icons/Fonts/general-sans/GeneralSansRegular.tsx(1173,5): error TS2339: Property 'hkern' does not exist on type 'JSX.IntrinsicElements'.
src/icons/Fonts/general-sans/GeneralSansRegular.tsx(1174,5): error TS2339: Property 'hkern' does not exist on type 'JSX.IntrinsicElements'.
src/icons/Fonts/general-sans/GeneralSansRegular.tsx(1175,5): error TS2339: Property 'hkern' does not exist on type 'JSX.IntrinsicElements'.
src/icons/Fonts/general-sans/GeneralSansRegular.tsx(1176,5): error TS2339: Property 'hkern' does not exist on type 'JSX.IntrinsicElements'.
src/icons/Fonts/general-sans/GeneralSansRegular.tsx(1177,5): error TS2339: Property 'hkern' does not exist on type 'JSX.IntrinsicElements'.
src/icons/Fonts/general-sans/GeneralSansRegular.tsx(1178,5): error TS2339: Property 'hkern' does not exist on type 'JSX.IntrinsicElements'.
src/icons/Fonts/general-sans/GeneralSansRegular.tsx(1179,5): error TS2339: Property 'hkern' does not exist on type 'JSX.IntrinsicElements'.
src/icons/Fonts/general-sans/GeneralSansRegular.tsx(1180,5): error TS2339: Property 'hkern' does not exist on type 'JSX.IntrinsicElements'.
src/icons/Fonts/general-sans/GeneralSansRegular.tsx(1181,5): error TS2339: Property 'hkern' does not exist on type 'JSX.IntrinsicElements'.
src/icons/Fonts/general-sans/GeneralSansRegular.tsx(1182,5): error TS2339: Property 'hkern' does not exist on type 'JSX.IntrinsicElements'.
src/icons/Fonts/general-sans/GeneralSansRegular.tsx(1183,5): error TS2339: Property 'hkern' does not exist on type 'JSX.IntrinsicElements'.
src/icons/Fonts/general-sans/GeneralSansRegular.tsx(1184,5): error TS2339: Property 'hkern' does not exist on type 'JSX.IntrinsicElements'.
src/icons/Fonts/general-sans/GeneralSansRegular.tsx(1185,5): error TS2339: Property 'hkern' does not exist on type 'JSX.IntrinsicElements'.
src/icons/Fonts/general-sans/GeneralSansRegular.tsx(1186,5): error TS2339: Property 'hkern' does not exist on type 'JSX.IntrinsicElements'.
src/icons/Fonts/general-sans/GeneralSansRegular.tsx(1187,5): error TS2339: Property 'hkern' does not exist on type 'JSX.IntrinsicElements'.
src/icons/Fonts/general-sans/GeneralSansRegular.tsx(1188,5): error TS2339: Property 'hkern' does not exist on type 'JSX.IntrinsicElements'.
src/icons/Fonts/general-sans/GeneralSansRegular.tsx(1189,5): error TS2339: Property 'hkern' does not exist on type 'JSX.IntrinsicElements'.
src/icons/Fonts/general-sans/GeneralSansRegular.tsx(1190,5): error TS2339: Property 'hkern' does not exist on type 'JSX.IntrinsicElements'.
src/icons/Fonts/general-sans/GeneralSansRegular.tsx(1191,5): error TS2339: Property 'hkern' does not exist on type 'JSX.IntrinsicElements'.
src/icons/Fonts/general-sans/GeneralSansRegular.tsx(1192,5): error TS2339: Property 'hkern' does not exist on type 'JSX.IntrinsicElements'.
src/icons/Fonts/general-sans/GeneralSansRegular.tsx(1193,5): error TS2339: Property 'hkern' does not exist on type 'JSX.IntrinsicElements'.
src/icons/Fonts/general-sans/GeneralSansRegular.tsx(1194,5): error TS2339: Property 'hkern' does not exist on type 'JSX.IntrinsicElements'.
src/icons/Fonts/general-sans/GeneralSansRegular.tsx(1195,5): error TS2339: Property 'hkern' does not exist on type 'JSX.IntrinsicElements'.
src/icons/Fonts/general-sans/GeneralSansRegular.tsx(1196,5): error TS2339: Property 'hkern' does not exist on type 'JSX.IntrinsicElements'.
src/icons/Fonts/general-sans/GeneralSansRegular.tsx(1197,5): error TS2339: Property 'hkern' does not exist on type 'JSX.IntrinsicElements'.
src/icons/Fonts/general-sans/GeneralSansRegular.tsx(1198,5): error TS2339: Property 'hkern' does not exist on type 'JSX.IntrinsicElements'.
src/icons/Fonts/general-sans/GeneralSansRegular.tsx(1199,5): error TS2339: Property 'hkern' does not exist on type 'JSX.IntrinsicElements'.
src/icons/Fonts/general-sans/GeneralSansRegular.tsx(1200,5): error TS2339: Property 'hkern' does not exist on type 'JSX.IntrinsicElements'.
src/icons/Fonts/general-sans/GeneralSansRegular.tsx(1201,5): error TS2339: Property 'hkern' does not exist on type 'JSX.IntrinsicElements'.
src/icons/Fonts/general-sans/GeneralSansRegular.tsx(1202,5): error TS2339: Property 'hkern' does not exist on type 'JSX.IntrinsicElements'.
src/icons/Fonts/general-sans/GeneralSansRegular.tsx(1203,5): error TS2339: Property 'hkern' does not exist on type 'JSX.IntrinsicElements'.
src/icons/Fonts/general-sans/GeneralSansRegular.tsx(1204,5): error TS2339: Property 'hkern' does not exist on type 'JSX.IntrinsicElements'.
src/icons/Fonts/general-sans/GeneralSansRegular.tsx(1205,5): error TS2339: Property 'hkern' does not exist on type 'JSX.IntrinsicElements'.
src/icons/Fonts/general-sans/GeneralSansRegular.tsx(1206,5): error TS2339: Property 'hkern' does not exist on type 'JSX.IntrinsicElements'.
src/icons/Fonts/general-sans/GeneralSansRegular.tsx(1207,5): error TS2339: Property 'hkern' does not exist on type 'JSX.IntrinsicElements'.
src/icons/Fonts/general-sans/GeneralSansRegular.tsx(1208,5): error TS2339: Property 'hkern' does not exist on type 'JSX.IntrinsicElements'.
src/icons/Fonts/general-sans/GeneralSansRegular.tsx(1209,5): error TS2339: Property 'hkern' does not exist on type 'JSX.IntrinsicElements'.
src/icons/Fonts/general-sans/GeneralSansRegular.tsx(1210,5): error TS2339: Property 'hkern' does not exist on type 'JSX.IntrinsicElements'.
src/icons/Fonts/general-sans/GeneralSansRegular.tsx(1211,5): error TS2339: Property 'hkern' does not exist on type 'JSX.IntrinsicElements'.
src/icons/Fonts/general-sans/GeneralSansRegular.tsx(1212,5): error TS2339: Property 'hkern' does not exist on type 'JSX.IntrinsicElements'.
src/icons/Fonts/general-sans/GeneralSansRegular.tsx(1213,5): error TS2339: Property 'hkern' does not exist on type 'JSX.IntrinsicElements'.
src/icons/Fonts/general-sans/GeneralSansRegular.tsx(1214,5): error TS2339: Property 'hkern' does not exist on type 'JSX.IntrinsicElements'.
src/icons/Fonts/general-sans/GeneralSansRegular.tsx(1215,5): error TS2339: Property 'hkern' does not exist on type 'JSX.IntrinsicElements'.
src/icons/Fonts/general-sans/GeneralSansRegular.tsx(1216,5): error TS2339: Property 'hkern' does not exist on type 'JSX.IntrinsicElements'.
src/icons/Fonts/general-sans/GeneralSansRegular.tsx(1217,5): error TS2339: Property 'hkern' does not exist on type 'JSX.IntrinsicElements'.
src/icons/Fonts/general-sans/GeneralSansRegular.tsx(1218,5): error TS2339: Property 'hkern' does not exist on type 'JSX.IntrinsicElements'.
src/icons/Fonts/general-sans/GeneralSansRegular.tsx(1219,5): error TS2339: Property 'hkern' does not exist on type 'JSX.IntrinsicElements'.
src/icons/Fonts/general-sans/GeneralSansRegular.tsx(1220,5): error TS2339: Property 'hkern' does not exist on type 'JSX.IntrinsicElements'.
src/icons/Fonts/general-sans/GeneralSansRegular.tsx(1221,5): error TS2339: Property 'hkern' does not exist on type 'JSX.IntrinsicElements'.
src/icons/Fonts/general-sans/GeneralSansRegular.tsx(1222,5): error TS2339: Property 'hkern' does not exist on type 'JSX.IntrinsicElements'.
src/icons/Fonts/general-sans/GeneralSansRegular.tsx(1223,5): error TS2339: Property 'hkern' does not exist on type 'JSX.IntrinsicElements'.
src/icons/Fonts/general-sans/GeneralSansRegular.tsx(1224,5): error TS2339: Property 'hkern' does not exist on type 'JSX.IntrinsicElements'.
src/icons/Fonts/general-sans/GeneralSansRegular.tsx(1225,5): error TS2339: Property 'hkern' does not exist on type 'JSX.IntrinsicElements'.
src/icons/Fonts/general-sans/GeneralSansRegular.tsx(1226,5): error TS2339: Property 'hkern' does not exist on type 'JSX.IntrinsicElements'.
src/icons/Fonts/general-sans/GeneralSansRegular.tsx(1227,5): error TS2339: Property 'hkern' does not exist on type 'JSX.IntrinsicElements'.
src/icons/Fonts/general-sans/GeneralSansRegular.tsx(1228,5): error TS2339: Property 'hkern' does not exist on type 'JSX.IntrinsicElements'.
src/icons/Fonts/general-sans/GeneralSansRegular.tsx(1229,5): error TS2339: Property 'hkern' does not exist on type 'JSX.IntrinsicElements'.
src/icons/Fonts/general-sans/GeneralSansRegular.tsx(1230,5): error TS2339: Property 'hkern' does not exist on type 'JSX.IntrinsicElements'.
src/icons/Fonts/general-sans/GeneralSansRegular.tsx(1231,5): error TS2339: Property 'hkern' does not exist on type 'JSX.IntrinsicElements'.
src/icons/Fonts/general-sans/GeneralSansRegular.tsx(1232,5): error TS2339: Property 'hkern' does not exist on type 'JSX.IntrinsicElements'.
src/icons/Fonts/general-sans/GeneralSansRegular.tsx(1233,5): error TS2339: Property 'hkern' does not exist on type 'JSX.IntrinsicElements'.
src/icons/Fonts/general-sans/GeneralSansRegular.tsx(1234,5): error TS2339: Property 'hkern' does not exist on type 'JSX.IntrinsicElements'.
src/icons/Fonts/general-sans/GeneralSansRegular.tsx(1235,5): error TS2339: Property 'hkern' does not exist on type 'JSX.IntrinsicElements'.
src/icons/Fonts/general-sans/GeneralSansRegular.tsx(1236,5): error TS2339: Property 'hkern' does not exist on type 'JSX.IntrinsicElements'.
src/icons/Fonts/general-sans/GeneralSansRegular.tsx(1237,5): error TS2339: Property 'hkern' does not exist on type 'JSX.IntrinsicElements'.
src/icons/Fonts/general-sans/GeneralSansRegular.tsx(1238,5): error TS2339: Property 'hkern' does not exist on type 'JSX.IntrinsicElements'.
src/icons/Fonts/general-sans/GeneralSansRegular.tsx(1239,5): error TS2339: Property 'hkern' does not exist on type 'JSX.IntrinsicElements'.
src/icons/Fonts/general-sans/GeneralSansRegular.tsx(1240,5): error TS2339: Property 'hkern' does not exist on type 'JSX.IntrinsicElements'.
src/icons/Fonts/general-sans/GeneralSansRegular.tsx(1241,5): error TS2339: Property 'hkern' does not exist on type 'JSX.IntrinsicElements'.
src/icons/Fonts/general-sans/GeneralSansRegular.tsx(1242,5): error TS2339: Property 'hkern' does not exist on type 'JSX.IntrinsicElements'.
src/icons/Fonts/general-sans/GeneralSansRegular.tsx(1243,5): error TS2339: Property 'hkern' does not exist on type 'JSX.IntrinsicElements'.
src/icons/Fonts/general-sans/GeneralSansRegular.tsx(1244,5): error TS2339: Property 'hkern' does not exist on type 'JSX.IntrinsicElements'.
src/icons/Fonts/general-sans/GeneralSansRegular.tsx(1245,5): error TS2339: Property 'hkern' does not exist on type 'JSX.IntrinsicElements'.
src/icons/Fonts/general-sans/GeneralSansRegular.tsx(1246,5): error TS2339: Property 'hkern' does not exist on type 'JSX.IntrinsicElements'.
src/icons/Fonts/general-sans/GeneralSansRegular.tsx(1247,5): error TS2339: Property 'hkern' does not exist on type 'JSX.IntrinsicElements'.
src/icons/Fonts/general-sans/GeneralSansRegular.tsx(1248,5): error TS2339: Property 'hkern' does not exist on type 'JSX.IntrinsicElements'.
src/icons/Fonts/general-sans/GeneralSansRegular.tsx(1249,5): error TS2339: Property 'hkern' does not exist on type 'JSX.IntrinsicElements'.
src/icons/Fonts/general-sans/GeneralSansRegular.tsx(1250,5): error TS2339: Property 'hkern' does not exist on type 'JSX.IntrinsicElements'.
src/icons/Fonts/general-sans/GeneralSansRegular.tsx(1251,5): error TS2339: Property 'hkern' does not exist on type 'JSX.IntrinsicElements'.
src/icons/Fonts/general-sans/GeneralSansRegular.tsx(1252,5): error TS2339: Property 'hkern' does not exist on type 'JSX.IntrinsicElements'.
src/icons/Fonts/general-sans/GeneralSansRegular.tsx(1253,5): error TS2339: Property 'hkern' does not exist on type 'JSX.IntrinsicElements'.
src/icons/Fonts/general-sans/GeneralSansRegular.tsx(1254,5): error TS2339: Property 'hkern' does not exist on type 'JSX.IntrinsicElements'.
src/icons/Fonts/general-sans/GeneralSansRegular.tsx(1255,5): error TS2339: Property 'hkern' does not exist on type 'JSX.IntrinsicElements'.
src/icons/Fonts/general-sans/GeneralSansRegular.tsx(1256,5): error TS2339: Property 'hkern' does not exist on type 'JSX.IntrinsicElements'.
src/icons/Fonts/general-sans/GeneralSansRegular.tsx(1257,5): error TS2339: Property 'hkern' does not exist on type 'JSX.IntrinsicElements'.
src/icons/Fonts/general-sans/GeneralSansRegular.tsx(1258,5): error TS2339: Property 'hkern' does not exist on type 'JSX.IntrinsicElements'.
src/icons/Fonts/general-sans/GeneralSansRegular.tsx(1259,5): error TS2339: Property 'hkern' does not exist on type 'JSX.IntrinsicElements'.
src/icons/Fonts/general-sans/GeneralSansRegular.tsx(1260,5): error TS2339: Property 'hkern' does not exist on type 'JSX.IntrinsicElements'.
src/icons/Fonts/general-sans/GeneralSansRegular.tsx(1261,5): error TS2339: Property 'hkern' does not exist on type 'JSX.IntrinsicElements'.
src/icons/Fonts/general-sans/GeneralSansRegular.tsx(1262,5): error TS2339: Property 'hkern' does not exist on type 'JSX.IntrinsicElements'.
src/icons/Fonts/general-sans/GeneralSansRegular.tsx(1263,5): error TS2339: Property 'hkern' does not exist on type 'JSX.IntrinsicElements'.
src/icons/Fonts/general-sans/GeneralSansRegular.tsx(1264,5): error TS2339: Property 'hkern' does not exist on type 'JSX.IntrinsicElements'.
src/icons/Fonts/general-sans/GeneralSansRegular.tsx(1265,5): error TS2339: Property 'hkern' does not exist on type 'JSX.IntrinsicElements'.
src/icons/Fonts/general-sans/GeneralSansRegular.tsx(1266,5): error TS2339: Property 'hkern' does not exist on type 'JSX.IntrinsicElements'.
src/icons/Fonts/general-sans/GeneralSansRegular.tsx(1267,5): error TS2339: Property 'hkern' does not exist on type 'JSX.IntrinsicElements'.
src/icons/Fonts/general-sans/GeneralSansRegular.tsx(1268,5): error TS2339: Property 'hkern' does not exist on type 'JSX.IntrinsicElements'.
src/icons/Fonts/general-sans/GeneralSansRegular.tsx(1269,5): error TS2339: Property 'hkern' does not exist on type 'JSX.IntrinsicElements'.
src/icons/Fonts/general-sans/GeneralSansRegular.tsx(1270,5): error TS2339: Property 'hkern' does not exist on type 'JSX.IntrinsicElements'.
src/icons/Fonts/general-sans/GeneralSansRegular.tsx(1271,5): error TS2339: Property 'hkern' does not exist on type 'JSX.IntrinsicElements'.
src/icons/Fonts/general-sans/GeneralSansRegular.tsx(1272,5): error TS2339: Property 'hkern' does not exist on type 'JSX.IntrinsicElements'.
src/icons/Fonts/general-sans/GeneralSansRegular.tsx(1273,5): error TS2339: Property 'hkern' does not exist on type 'JSX.IntrinsicElements'.
src/icons/Fonts/general-sans/GeneralSansRegular.tsx(1274,5): error TS2339: Property 'hkern' does not exist on type 'JSX.IntrinsicElements'.
src/icons/Fonts/general-sans/GeneralSansRegular.tsx(1275,5): error TS2339: Property 'hkern' does not exist on type 'JSX.IntrinsicElements'.
src/icons/Fonts/general-sans/GeneralSansRegular.tsx(1276,5): error TS2339: Property 'hkern' does not exist on type 'JSX.IntrinsicElements'.
src/icons/Fonts/general-sans/GeneralSansRegular.tsx(1277,5): error TS2339: Property 'hkern' does not exist on type 'JSX.IntrinsicElements'.
src/icons/Fonts/general-sans/GeneralSansRegular.tsx(1278,5): error TS2339: Property 'hkern' does not exist on type 'JSX.IntrinsicElements'.
src/icons/Fonts/general-sans/GeneralSansRegular.tsx(1279,5): error TS2339: Property 'hkern' does not exist on type 'JSX.IntrinsicElements'.
src/icons/Fonts/general-sans/GeneralSansRegular.tsx(1280,5): error TS2339: Property 'hkern' does not exist on type 'JSX.IntrinsicElements'.
src/icons/Fonts/general-sans/GeneralSansRegular.tsx(1281,5): error TS2339: Property 'hkern' does not exist on type 'JSX.IntrinsicElements'.
src/icons/Fonts/general-sans/GeneralSansRegular.tsx(1282,5): error TS2339: Property 'hkern' does not exist on type 'JSX.IntrinsicElements'.
src/icons/Fonts/general-sans/GeneralSansRegular.tsx(1283,5): error TS2339: Property 'hkern' does not exist on type 'JSX.IntrinsicElements'.
src/icons/Fonts/general-sans/GeneralSansRegular.tsx(1284,5): error TS2339: Property 'hkern' does not exist on type 'JSX.IntrinsicElements'.
src/icons/Fonts/general-sans/GeneralSansRegular.tsx(1285,5): error TS2339: Property 'hkern' does not exist on type 'JSX.IntrinsicElements'.
src/icons/Fonts/general-sans/GeneralSansRegular.tsx(1286,5): error TS2339: Property 'hkern' does not exist on type 'JSX.IntrinsicElements'.
src/icons/Fonts/general-sans/GeneralSansRegular.tsx(1287,5): error TS2339: Property 'hkern' does not exist on type 'JSX.IntrinsicElements'.
src/icons/Fonts/general-sans/GeneralSansRegular.tsx(1288,5): error TS2339: Property 'hkern' does not exist on type 'JSX.IntrinsicElements'.
src/icons/Fonts/general-sans/GeneralSansRegular.tsx(1289,5): error TS2339: Property 'hkern' does not exist on type 'JSX.IntrinsicElements'.
src/icons/Fonts/general-sans/GeneralSansRegular.tsx(1290,5): error TS2339: Property 'hkern' does not exist on type 'JSX.IntrinsicElements'.
src/icons/Fonts/general-sans/GeneralSansRegular.tsx(1291,5): error TS2339: Property 'hkern' does not exist on type 'JSX.IntrinsicElements'.
src/icons/Fonts/general-sans/GeneralSansRegular.tsx(1292,5): error TS2339: Property 'hkern' does not exist on type 'JSX.IntrinsicElements'.
src/icons/Fonts/general-sans/GeneralSansRegular.tsx(1293,5): error TS2339: Property 'hkern' does not exist on type 'JSX.IntrinsicElements'.
src/icons/Fonts/general-sans/GeneralSansRegular.tsx(1294,5): error TS2339: Property 'hkern' does not exist on type 'JSX.IntrinsicElements'.
src/icons/Fonts/general-sans/GeneralSansRegular.tsx(1295,5): error TS2339: Property 'hkern' does not exist on type 'JSX.IntrinsicElements'.
src/icons/Fonts/general-sans/GeneralSansRegular.tsx(1296,5): error TS2339: Property 'hkern' does not exist on type 'JSX.IntrinsicElements'.
src/icons/Fonts/general-sans/GeneralSansRegular.tsx(1297,5): error TS2339: Property 'hkern' does not exist on type 'JSX.IntrinsicElements'.
src/icons/Fonts/general-sans/GeneralSansRegular.tsx(1298,5): error TS2339: Property 'hkern' does not exist on type 'JSX.IntrinsicElements'.
src/icons/Fonts/general-sans/GeneralSansRegular.tsx(1299,5): error TS2339: Property 'hkern' does not exist on type 'JSX.IntrinsicElements'.
src/icons/Fonts/general-sans/GeneralSansRegular.tsx(1300,5): error TS2339: Property 'hkern' does not exist on type 'JSX.IntrinsicElements'.
src/icons/Fonts/general-sans/GeneralSansRegular.tsx(1301,5): error TS2339: Property 'hkern' does not exist on type 'JSX.IntrinsicElements'.
src/icons/Fonts/general-sans/GeneralSansRegular.tsx(1302,5): error TS2339: Property 'hkern' does not exist on type 'JSX.IntrinsicElements'.
src/icons/Fonts/general-sans/GeneralSansRegular.tsx(1303,5): error TS2339: Property 'hkern' does not exist on type 'JSX.IntrinsicElements'.
src/icons/Fonts/general-sans/GeneralSansRegular.tsx(1304,5): error TS2339: Property 'hkern' does not exist on type 'JSX.IntrinsicElements'.
src/icons/Fonts/general-sans/GeneralSansRegular.tsx(1305,5): error TS2339: Property 'hkern' does not exist on type 'JSX.IntrinsicElements'.
src/icons/Fonts/general-sans/GeneralSansRegular.tsx(1306,5): error TS2339: Property 'hkern' does not exist on type 'JSX.IntrinsicElements'.
src/icons/Fonts/general-sans/GeneralSansRegular.tsx(1307,5): error TS2339: Property 'hkern' does not exist on type 'JSX.IntrinsicElements'.
src/icons/Fonts/general-sans/GeneralSansRegular.tsx(1308,5): error TS2339: Property 'hkern' does not exist on type 'JSX.IntrinsicElements'.
src/icons/Fonts/general-sans/GeneralSansRegular.tsx(1309,5): error TS2339: Property 'hkern' does not exist on type 'JSX.IntrinsicElements'.
src/icons/Fonts/general-sans/GeneralSansRegular.tsx(1310,5): error TS2339: Property 'hkern' does not exist on type 'JSX.IntrinsicElements'.
src/icons/Fonts/general-sans/GeneralSansRegular.tsx(1311,5): error TS2339: Property 'hkern' does not exist on type 'JSX.IntrinsicElements'.
src/icons/Fonts/general-sans/GeneralSansRegular.tsx(1312,5): error TS2339: Property 'hkern' does not exist on type 'JSX.IntrinsicElements'.
src/icons/Fonts/general-sans/GeneralSansRegular.tsx(1313,5): error TS2339: Property 'hkern' does not exist on type 'JSX.IntrinsicElements'.
src/icons/Fonts/general-sans/GeneralSansRegular.tsx(1314,5): error TS2339: Property 'hkern' does not exist on type 'JSX.IntrinsicElements'.
src/icons/Fonts/general-sans/GeneralSansRegular.tsx(1315,5): error TS2339: Property 'hkern' does not exist on type 'JSX.IntrinsicElements'.
src/icons/Fonts/general-sans/GeneralSansRegular.tsx(1316,5): error TS2339: Property 'hkern' does not exist on type 'JSX.IntrinsicElements'.
src/icons/Fonts/general-sans/GeneralSansRegular.tsx(1317,5): error TS2339: Property 'hkern' does not exist on type 'JSX.IntrinsicElements'.
src/icons/Fonts/general-sans/GeneralSansRegular.tsx(1318,5): error TS2339: Property 'hkern' does not exist on type 'JSX.IntrinsicElements'.
src/icons/Fonts/general-sans/GeneralSansRegular.tsx(1319,5): error TS2339: Property 'hkern' does not exist on type 'JSX.IntrinsicElements'.
src/icons/Fonts/general-sans/GeneralSansRegular.tsx(1320,5): error TS2339: Property 'hkern' does not exist on type 'JSX.IntrinsicElements'.
src/icons/Fonts/general-sans/GeneralSansRegular.tsx(1321,5): error TS2339: Property 'hkern' does not exist on type 'JSX.IntrinsicElements'.
src/icons/Fonts/general-sans/GeneralSansRegular.tsx(1322,5): error TS2339: Property 'hkern' does not exist on type 'JSX.IntrinsicElements'.
src/icons/Fonts/general-sans/GeneralSansRegular.tsx(1323,5): error TS2339: Property 'hkern' does not exist on type 'JSX.IntrinsicElements'.
src/icons/Fonts/general-sans/GeneralSansRegular.tsx(1324,5): error TS2339: Property 'hkern' does not exist on type 'JSX.IntrinsicElements'.
src/icons/Fonts/general-sans/GeneralSansRegular.tsx(1325,5): error TS2339: Property 'hkern' does not exist on type 'JSX.IntrinsicElements'.
src/icons/Fonts/general-sans/GeneralSansRegular.tsx(1326,5): error TS2339: Property 'hkern' does not exist on type 'JSX.IntrinsicElements'.
src/icons/Fonts/general-sans/GeneralSansRegular.tsx(1327,5): error TS2339: Property 'hkern' does not exist on type 'JSX.IntrinsicElements'.
src/icons/Fonts/general-sans/GeneralSansRegular.tsx(1328,5): error TS2339: Property 'hkern' does not exist on type 'JSX.IntrinsicElements'.
src/icons/Fonts/general-sans/GeneralSansRegular.tsx(1329,5): error TS2339: Property 'hkern' does not exist on type 'JSX.IntrinsicElements'.
src/icons/Fonts/general-sans/GeneralSansRegular.tsx(1330,5): error TS2339: Property 'hkern' does not exist on type 'JSX.IntrinsicElements'.
src/icons/Fonts/general-sans/GeneralSansRegular.tsx(1331,5): error TS2339: Property 'hkern' does not exist on type 'JSX.IntrinsicElements'.
src/icons/Fonts/general-sans/GeneralSansRegular.tsx(1332,5): error TS2339: Property 'hkern' does not exist on type 'JSX.IntrinsicElements'.
src/icons/Fonts/general-sans/GeneralSansRegular.tsx(1333,5): error TS2339: Property 'hkern' does not exist on type 'JSX.IntrinsicElements'.
src/icons/Fonts/general-sans/GeneralSansRegular.tsx(1334,5): error TS2339: Property 'hkern' does not exist on type 'JSX.IntrinsicElements'.
src/icons/Fonts/general-sans/GeneralSansRegular.tsx(1335,5): error TS2339: Property 'hkern' does not exist on type 'JSX.IntrinsicElements'.
src/icons/Fonts/general-sans/GeneralSansRegular.tsx(1336,5): error TS2339: Property 'hkern' does not exist on type 'JSX.IntrinsicElements'.
src/icons/Fonts/general-sans/GeneralSansRegular.tsx(1337,5): error TS2339: Property 'hkern' does not exist on type 'JSX.IntrinsicElements'.
src/icons/Fonts/general-sans/GeneralSansRegular.tsx(1338,5): error TS2339: Property 'hkern' does not exist on type 'JSX.IntrinsicElements'.
src/icons/Fonts/general-sans/GeneralSansRegular.tsx(1339,5): error TS2339: Property 'hkern' does not exist on type 'JSX.IntrinsicElements'.
src/icons/Fonts/general-sans/GeneralSansRegular.tsx(1340,5): error TS2339: Property 'hkern' does not exist on type 'JSX.IntrinsicElements'.
src/icons/Fonts/general-sans/GeneralSansRegular.tsx(1341,5): error TS2339: Property 'hkern' does not exist on type 'JSX.IntrinsicElements'.
src/icons/Fonts/general-sans/GeneralSansRegular.tsx(1342,5): error TS2339: Property 'hkern' does not exist on type 'JSX.IntrinsicElements'.
src/icons/Fonts/general-sans/GeneralSansRegular.tsx(1343,5): error TS2339: Property 'hkern' does not exist on type 'JSX.IntrinsicElements'.
src/icons/Fonts/general-sans/GeneralSansRegular.tsx(1344,5): error TS2339: Property 'hkern' does not exist on type 'JSX.IntrinsicElements'.
src/icons/Fonts/general-sans/GeneralSansRegular.tsx(1345,5): error TS2339: Property 'hkern' does not exist on type 'JSX.IntrinsicElements'.
src/icons/Fonts/general-sans/GeneralSansRegular.tsx(1346,5): error TS2339: Property 'hkern' does not exist on type 'JSX.IntrinsicElements'.
src/icons/Fonts/general-sans/GeneralSansRegular.tsx(1347,5): error TS2339: Property 'hkern' does not exist on type 'JSX.IntrinsicElements'.
src/icons/Fonts/general-sans/GeneralSansRegular.tsx(1348,5): error TS2339: Property 'hkern' does not exist on type 'JSX.IntrinsicElements'.
src/icons/Fonts/general-sans/GeneralSansRegular.tsx(1349,5): error TS2339: Property 'hkern' does not exist on type 'JSX.IntrinsicElements'.
src/icons/Fonts/general-sans/GeneralSansRegular.tsx(1350,5): error TS2339: Property 'hkern' does not exist on type 'JSX.IntrinsicElements'.
src/icons/Fonts/general-sans/GeneralSansRegular.tsx(1351,5): error TS2339: Property 'hkern' does not exist on type 'JSX.IntrinsicElements'.
src/icons/Fonts/general-sans/GeneralSansRegular.tsx(1352,5): error TS2339: Property 'hkern' does not exist on type 'JSX.IntrinsicElements'.
src/icons/Fonts/general-sans/GeneralSansRegular.tsx(1353,5): error TS2339: Property 'hkern' does not exist on type 'JSX.IntrinsicElements'.
src/icons/Fonts/general-sans/GeneralSansRegular.tsx(1354,5): error TS2339: Property 'hkern' does not exist on type 'JSX.IntrinsicElements'.
src/icons/Fonts/general-sans/GeneralSansRegular.tsx(1355,5): error TS2339: Property 'hkern' does not exist on type 'JSX.IntrinsicElements'.
src/icons/Fonts/general-sans/GeneralSansRegular.tsx(1356,5): error TS2339: Property 'hkern' does not exist on type 'JSX.IntrinsicElements'.
src/icons/Fonts/general-sans/GeneralSansRegular.tsx(1357,5): error TS2339: Property 'hkern' does not exist on type 'JSX.IntrinsicElements'.
src/icons/Fonts/general-sans/GeneralSansRegular.tsx(1358,5): error TS2339: Property 'hkern' does not exist on type 'JSX.IntrinsicElements'.
src/icons/Fonts/general-sans/GeneralSansRegular.tsx(1359,5): error TS2339: Property 'hkern' does not exist on type 'JSX.IntrinsicElements'.
src/icons/Fonts/general-sans/GeneralSansRegular.tsx(1360,5): error TS2339: Property 'hkern' does not exist on type 'JSX.IntrinsicElements'.
src/icons/Fonts/general-sans/GeneralSansRegular.tsx(1361,5): error TS2339: Property 'hkern' does not exist on type 'JSX.IntrinsicElements'.
src/icons/Fonts/general-sans/GeneralSansRegular.tsx(1362,5): error TS2339: Property 'hkern' does not exist on type 'JSX.IntrinsicElements'.
src/icons/Fonts/general-sans/GeneralSansRegular.tsx(1363,5): error TS2339: Property 'hkern' does not exist on type 'JSX.IntrinsicElements'.
src/icons/Fonts/general-sans/GeneralSansRegular.tsx(1364,5): error TS2339: Property 'hkern' does not exist on type 'JSX.IntrinsicElements'.
src/icons/Fonts/general-sans/GeneralSansRegular.tsx(1365,5): error TS2339: Property 'hkern' does not exist on type 'JSX.IntrinsicElements'.
src/icons/Fonts/general-sans/GeneralSansRegular.tsx(1366,5): error TS2339: Property 'hkern' does not exist on type 'JSX.IntrinsicElements'.
src/icons/Fonts/general-sans/GeneralSansRegular.tsx(1367,5): error TS2339: Property 'hkern' does not exist on type 'JSX.IntrinsicElements'.
src/icons/Fonts/general-sans/GeneralSansRegular.tsx(1368,5): error TS2339: Property 'hkern' does not exist on type 'JSX.IntrinsicElements'.
src/icons/Fonts/general-sans/GeneralSansRegular.tsx(1369,5): error TS2339: Property 'hkern' does not exist on type 'JSX.IntrinsicElements'.
src/icons/Fonts/general-sans/GeneralSansRegular.tsx(1370,5): error TS2339: Property 'hkern' does not exist on type 'JSX.IntrinsicElements'.
src/icons/Fonts/general-sans/GeneralSansRegular.tsx(1371,5): error TS2339: Property 'hkern' does not exist on type 'JSX.IntrinsicElements'.
src/icons/Fonts/general-sans/GeneralSansRegular.tsx(1372,5): error TS2339: Property 'hkern' does not exist on type 'JSX.IntrinsicElements'.
src/icons/Fonts/general-sans/GeneralSansRegular.tsx(1373,5): error TS2339: Property 'hkern' does not exist on type 'JSX.IntrinsicElements'.
src/icons/Fonts/general-sans/GeneralSansRegular.tsx(1374,5): error TS2339: Property 'hkern' does not exist on type 'JSX.IntrinsicElements'.
src/icons/Fonts/general-sans/GeneralSansRegular.tsx(1375,5): error TS2339: Property 'hkern' does not exist on type 'JSX.IntrinsicElements'.
src/icons/Fonts/general-sans/GeneralSansRegular.tsx(1376,5): error TS2339: Property 'hkern' does not exist on type 'JSX.IntrinsicElements'.
src/icons/Fonts/general-sans/GeneralSansRegular.tsx(1377,5): error TS2339: Property 'hkern' does not exist on type 'JSX.IntrinsicElements'.
src/icons/Fonts/general-sans/GeneralSansRegular.tsx(1378,5): error TS2339: Property 'hkern' does not exist on type 'JSX.IntrinsicElements'.
src/icons/Fonts/general-sans/GeneralSansRegular.tsx(1379,5): error TS2339: Property 'hkern' does not exist on type 'JSX.IntrinsicElements'.
src/icons/Fonts/general-sans/GeneralSansRegular.tsx(1380,5): error TS2339: Property 'hkern' does not exist on type 'JSX.IntrinsicElements'.
src/icons/Fonts/general-sans/GeneralSansRegular.tsx(1381,5): error TS2339: Property 'hkern' does not exist on type 'JSX.IntrinsicElements'.
src/icons/Fonts/general-sans/GeneralSansRegular.tsx(1382,5): error TS2339: Property 'hkern' does not exist on type 'JSX.IntrinsicElements'.
src/icons/Fonts/general-sans/GeneralSansRegular.tsx(1383,5): error TS2339: Property 'hkern' does not exist on type 'JSX.IntrinsicElements'.
src/icons/Fonts/general-sans/GeneralSansRegular.tsx(1384,5): error TS2339: Property 'hkern' does not exist on type 'JSX.IntrinsicElements'.
src/icons/Fonts/general-sans/GeneralSansRegular.tsx(1385,5): error TS2339: Property 'hkern' does not exist on type 'JSX.IntrinsicElements'.
src/icons/Fonts/general-sans/GeneralSansRegular.tsx(1386,5): error TS2339: Property 'hkern' does not exist on type 'JSX.IntrinsicElements'.
src/icons/Fonts/general-sans/GeneralSansRegular.tsx(1387,5): error TS2339: Property 'hkern' does not exist on type 'JSX.IntrinsicElements'.
src/icons/Fonts/general-sans/GeneralSansRegular.tsx(1388,5): error TS2339: Property 'hkern' does not exist on type 'JSX.IntrinsicElements'.
src/icons/Fonts/general-sans/GeneralSansRegular.tsx(1389,5): error TS2339: Property 'hkern' does not exist on type 'JSX.IntrinsicElements'.
src/icons/Fonts/general-sans/GeneralSansRegular.tsx(1390,5): error TS2339: Property 'hkern' does not exist on type 'JSX.IntrinsicElements'.
src/icons/Fonts/general-sans/GeneralSansRegular.tsx(1391,5): error TS2339: Property 'hkern' does not exist on type 'JSX.IntrinsicElements'.
src/icons/Fonts/general-sans/GeneralSansRegular.tsx(1392,5): error TS2339: Property 'hkern' does not exist on type 'JSX.IntrinsicElements'.
src/icons/Fonts/general-sans/GeneralSansRegular.tsx(1393,5): error TS2339: Property 'hkern' does not exist on type 'JSX.IntrinsicElements'.
src/icons/Fonts/general-sans/GeneralSansRegular.tsx(1394,5): error TS2339: Property 'hkern' does not exist on type 'JSX.IntrinsicElements'.
src/icons/Fonts/general-sans/GeneralSansRegular.tsx(1395,5): error TS2339: Property 'hkern' does not exist on type 'JSX.IntrinsicElements'.
src/icons/Fonts/general-sans/GeneralSansRegular.tsx(1396,5): error TS2339: Property 'hkern' does not exist on type 'JSX.IntrinsicElements'.
src/icons/Fonts/general-sans/GeneralSansRegular.tsx(1397,5): error TS2339: Property 'hkern' does not exist on type 'JSX.IntrinsicElements'.
src/icons/Fonts/general-sans/GeneralSansRegular.tsx(1398,5): error TS2339: Property 'hkern' does not exist on type 'JSX.IntrinsicElements'.
src/icons/Fonts/general-sans/GeneralSansRegular.tsx(1399,5): error TS2339: Property 'hkern' does not exist on type 'JSX.IntrinsicElements'.
src/icons/Fonts/general-sans/GeneralSansRegular.tsx(1400,5): error TS2339: Property 'hkern' does not exist on type 'JSX.IntrinsicElements'.
src/icons/Fonts/general-sans/GeneralSansRegular.tsx(1401,5): error TS2339: Property 'hkern' does not exist on type 'JSX.IntrinsicElements'.
src/icons/Fonts/general-sans/GeneralSansRegular.tsx(1402,5): error TS2339: Property 'hkern' does not exist on type 'JSX.IntrinsicElements'.
src/icons/Fonts/general-sans/GeneralSansRegular.tsx(1403,5): error TS2339: Property 'hkern' does not exist on type 'JSX.IntrinsicElements'.
src/icons/Fonts/general-sans/GeneralSansRegular.tsx(1404,5): error TS2339: Property 'hkern' does not exist on type 'JSX.IntrinsicElements'.
src/icons/Fonts/general-sans/GeneralSansRegular.tsx(1405,5): error TS2339: Property 'hkern' does not exist on type 'JSX.IntrinsicElements'.
src/icons/Fonts/general-sans/GeneralSansRegular.tsx(1406,5): error TS2339: Property 'hkern' does not exist on type 'JSX.IntrinsicElements'.
src/icons/Fonts/general-sans/GeneralSansRegular.tsx(1407,5): error TS2339: Property 'hkern' does not exist on type 'JSX.IntrinsicElements'.
src/icons/Fonts/general-sans/GeneralSansRegular.tsx(1408,5): error TS2339: Property 'hkern' does not exist on type 'JSX.IntrinsicElements'.
src/icons/Fonts/general-sans/GeneralSansRegular.tsx(1409,5): error TS2339: Property 'hkern' does not exist on type 'JSX.IntrinsicElements'.
src/icons/Fonts/general-sans/GeneralSansRegular.tsx(1410,5): error TS2339: Property 'hkern' does not exist on type 'JSX.IntrinsicElements'.
src/icons/Fonts/general-sans/GeneralSansRegular.tsx(1411,5): error TS2339: Property 'hkern' does not exist on type 'JSX.IntrinsicElements'.
src/icons/Fonts/general-sans/GeneralSansRegular.tsx(1412,5): error TS2339: Property 'hkern' does not exist on type 'JSX.IntrinsicElements'.
src/icons/Fonts/general-sans/GeneralSansRegular.tsx(1413,5): error TS2339: Property 'hkern' does not exist on type 'JSX.IntrinsicElements'.
src/icons/Fonts/general-sans/GeneralSansRegular.tsx(1414,5): error TS2339: Property 'hkern' does not exist on type 'JSX.IntrinsicElements'.
src/icons/Fonts/general-sans/GeneralSansRegular.tsx(1415,5): error TS2339: Property 'hkern' does not exist on type 'JSX.IntrinsicElements'.
src/icons/Fonts/general-sans/GeneralSansRegular.tsx(1416,5): error TS2339: Property 'hkern' does not exist on type 'JSX.IntrinsicElements'.
src/icons/Fonts/general-sans/GeneralSansRegular.tsx(1417,5): error TS2339: Property 'hkern' does not exist on type 'JSX.IntrinsicElements'.
src/icons/Fonts/general-sans/GeneralSansRegular.tsx(1418,5): error TS2339: Property 'hkern' does not exist on type 'JSX.IntrinsicElements'.
src/icons/Fonts/general-sans/GeneralSansRegular.tsx(1419,5): error TS2339: Property 'hkern' does not exist on type 'JSX.IntrinsicElements'.
src/icons/Fonts/general-sans/GeneralSansRegular.tsx(1420,5): error TS2339: Property 'hkern' does not exist on type 'JSX.IntrinsicElements'.
src/icons/Fonts/general-sans/GeneralSansRegular.tsx(1421,5): error TS2339: Property 'hkern' does not exist on type 'JSX.IntrinsicElements'.
src/icons/Fonts/general-sans/GeneralSansRegular.tsx(1422,5): error TS2339: Property 'hkern' does not exist on type 'JSX.IntrinsicElements'.
src/icons/Fonts/general-sans/GeneralSansRegular.tsx(1423,5): error TS2339: Property 'hkern' does not exist on type 'JSX.IntrinsicElements'.
src/icons/Fonts/general-sans/GeneralSansRegular.tsx(1424,5): error TS2339: Property 'hkern' does not exist on type 'JSX.IntrinsicElements'.
src/icons/Fonts/general-sans/GeneralSansRegular.tsx(1425,5): error TS2339: Property 'hkern' does not exist on type 'JSX.IntrinsicElements'.
src/icons/Fonts/general-sans/GeneralSansRegular.tsx(1426,5): error TS2339: Property 'hkern' does not exist on type 'JSX.IntrinsicElements'.
src/icons/Fonts/general-sans/GeneralSansRegular.tsx(1427,5): error TS2339: Property 'hkern' does not exist on type 'JSX.IntrinsicElements'.
src/icons/Fonts/general-sans/GeneralSansRegular.tsx(1428,5): error TS2339: Property 'hkern' does not exist on type 'JSX.IntrinsicElements'.
src/icons/Fonts/general-sans/GeneralSansRegular.tsx(1429,5): error TS2339: Property 'hkern' does not exist on type 'JSX.IntrinsicElements'.
src/icons/Fonts/general-sans/GeneralSansRegular.tsx(1430,5): error TS2339: Property 'hkern' does not exist on type 'JSX.IntrinsicElements'.
src/icons/Fonts/general-sans/GeneralSansRegular.tsx(1431,5): error TS2339: Property 'hkern' does not exist on type 'JSX.IntrinsicElements'.
src/icons/Fonts/general-sans/GeneralSansRegular.tsx(1432,5): error TS2339: Property 'hkern' does not exist on type 'JSX.IntrinsicElements'.
src/icons/Fonts/general-sans/GeneralSansRegular.tsx(1433,5): error TS2339: Property 'hkern' does not exist on type 'JSX.IntrinsicElements'.
src/icons/Fonts/general-sans/GeneralSansRegular.tsx(1434,5): error TS2339: Property 'hkern' does not exist on type 'JSX.IntrinsicElements'.
src/icons/Fonts/general-sans/GeneralSansRegular.tsx(1435,5): error TS2339: Property 'hkern' does not exist on type 'JSX.IntrinsicElements'.
src/icons/Fonts/general-sans/GeneralSansRegular.tsx(1436,5): error TS2339: Property 'hkern' does not exist on type 'JSX.IntrinsicElements'.
src/icons/Fonts/general-sans/GeneralSansRegular.tsx(1437,5): error TS2339: Property 'hkern' does not exist on type 'JSX.IntrinsicElements'.
src/icons/Fonts/general-sans/GeneralSansRegular.tsx(1438,5): error TS2339: Property 'hkern' does not exist on type 'JSX.IntrinsicElements'.
src/icons/Fonts/general-sans/GeneralSansRegular.tsx(1439,5): error TS2339: Property 'hkern' does not exist on type 'JSX.IntrinsicElements'.
src/icons/Fonts/general-sans/GeneralSansRegular.tsx(1440,5): error TS2339: Property 'hkern' does not exist on type 'JSX.IntrinsicElements'.
src/icons/Fonts/general-sans/GeneralSansRegular.tsx(1441,5): error TS2339: Property 'hkern' does not exist on type 'JSX.IntrinsicElements'.
src/icons/Fonts/general-sans/GeneralSansRegular.tsx(1442,5): error TS2339: Property 'hkern' does not exist on type 'JSX.IntrinsicElements'.
src/icons/Fonts/general-sans/GeneralSansRegular.tsx(1443,5): error TS2339: Property 'hkern' does not exist on type 'JSX.IntrinsicElements'.
src/icons/Fonts/general-sans/GeneralSansRegular.tsx(1444,5): error TS2339: Property 'hkern' does not exist on type 'JSX.IntrinsicElements'.
src/icons/Fonts/general-sans/GeneralSansRegular.tsx(1445,5): error TS2339: Property 'hkern' does not exist on type 'JSX.IntrinsicElements'.
src/icons/Fonts/general-sans/GeneralSansRegular.tsx(1446,5): error TS2339: Property 'hkern' does not exist on type 'JSX.IntrinsicElements'.
src/icons/Fonts/general-sans/GeneralSansRegular.tsx(1447,5): error TS2339: Property 'hkern' does not exist on type 'JSX.IntrinsicElements'.
src/icons/Fonts/general-sans/GeneralSansRegular.tsx(1448,5): error TS2339: Property 'hkern' does not exist on type 'JSX.IntrinsicElements'.
src/icons/Fonts/general-sans/GeneralSansRegular.tsx(1449,5): error TS2339: Property 'hkern' does not exist on type 'JSX.IntrinsicElements'.
src/icons/Fonts/general-sans/GeneralSansRegular.tsx(1450,5): error TS2339: Property 'hkern' does not exist on type 'JSX.IntrinsicElements'.
src/icons/Fonts/general-sans/GeneralSansRegular.tsx(1451,5): error TS2339: Property 'hkern' does not exist on type 'JSX.IntrinsicElements'.
src/icons/Fonts/general-sans/GeneralSansRegular.tsx(1452,5): error TS2339: Property 'hkern' does not exist on type 'JSX.IntrinsicElements'.
src/icons/Fonts/general-sans/GeneralSansRegular.tsx(1453,5): error TS2339: Property 'hkern' does not exist on type 'JSX.IntrinsicElements'.
src/icons/Fonts/general-sans/GeneralSansRegular.tsx(1454,5): error TS2339: Property 'hkern' does not exist on type 'JSX.IntrinsicElements'.
src/icons/Fonts/general-sans/GeneralSansRegular.tsx(1455,5): error TS2339: Property 'hkern' does not exist on type 'JSX.IntrinsicElements'.
src/icons/Fonts/general-sans/GeneralSansRegular.tsx(1456,5): error TS2339: Property 'hkern' does not exist on type 'JSX.IntrinsicElements'.
src/icons/Fonts/general-sans/GeneralSansRegular.tsx(1457,5): error TS2339: Property 'hkern' does not exist on type 'JSX.IntrinsicElements'.
src/icons/Fonts/general-sans/GeneralSansRegular.tsx(1458,5): error TS2339: Property 'hkern' does not exist on type 'JSX.IntrinsicElements'.
src/icons/Fonts/general-sans/GeneralSansRegular.tsx(1459,5): error TS2339: Property 'hkern' does not exist on type 'JSX.IntrinsicElements'.
src/icons/Fonts/general-sans/GeneralSansRegular.tsx(1460,5): error TS2339: Property 'hkern' does not exist on type 'JSX.IntrinsicElements'.
src/icons/Fonts/general-sans/GeneralSansRegular.tsx(1461,5): error TS2339: Property 'hkern' does not exist on type 'JSX.IntrinsicElements'.
src/icons/Fonts/general-sans/GeneralSansRegular.tsx(1462,5): error TS2339: Property 'hkern' does not exist on type 'JSX.IntrinsicElements'.
src/icons/Fonts/general-sans/GeneralSansRegular.tsx(1463,5): error TS2339: Property 'hkern' does not exist on type 'JSX.IntrinsicElements'.
src/icons/Fonts/general-sans/GeneralSansRegular.tsx(1464,5): error TS2339: Property 'hkern' does not exist on type 'JSX.IntrinsicElements'.
src/icons/Fonts/general-sans/GeneralSansRegular.tsx(1465,5): error TS2339: Property 'hkern' does not exist on type 'JSX.IntrinsicElements'.
src/icons/Fonts/general-sans/GeneralSansRegular.tsx(1466,5): error TS2339: Property 'hkern' does not exist on type 'JSX.IntrinsicElements'.
src/icons/Fonts/general-sans/GeneralSansRegular.tsx(1467,5): error TS2339: Property 'hkern' does not exist on type 'JSX.IntrinsicElements'.
src/icons/Fonts/general-sans/GeneralSansRegular.tsx(1468,5): error TS2339: Property 'hkern' does not exist on type 'JSX.IntrinsicElements'.
src/icons/Fonts/general-sans/GeneralSansRegular.tsx(1469,5): error TS2339: Property 'hkern' does not exist on type 'JSX.IntrinsicElements'.
src/icons/Fonts/general-sans/GeneralSansRegular.tsx(1470,5): error TS2339: Property 'hkern' does not exist on type 'JSX.IntrinsicElements'.
src/icons/Fonts/general-sans/GeneralSansRegular.tsx(1471,5): error TS2339: Property 'hkern' does not exist on type 'JSX.IntrinsicElements'.
src/icons/Fonts/general-sans/GeneralSansRegular.tsx(1472,5): error TS2339: Property 'hkern' does not exist on type 'JSX.IntrinsicElements'.
src/icons/Fonts/general-sans/GeneralSansRegular.tsx(1473,5): error TS2339: Property 'hkern' does not exist on type 'JSX.IntrinsicElements'.
src/icons/Fonts/general-sans/GeneralSansRegular.tsx(1474,5): error TS2339: Property 'hkern' does not exist on type 'JSX.IntrinsicElements'.
src/icons/Fonts/general-sans/GeneralSansRegular.tsx(1475,5): error TS2339: Property 'hkern' does not exist on type 'JSX.IntrinsicElements'.
src/icons/Fonts/general-sans/GeneralSansRegular.tsx(1476,5): error TS2339: Property 'hkern' does not exist on type 'JSX.IntrinsicElements'.
src/icons/Fonts/general-sans/GeneralSansRegular.tsx(1477,5): error TS2339: Property 'hkern' does not exist on type 'JSX.IntrinsicElements'.
src/icons/Fonts/general-sans/GeneralSansRegular.tsx(1478,5): error TS2339: Property 'hkern' does not exist on type 'JSX.IntrinsicElements'.
src/icons/Fonts/general-sans/GeneralSansRegular.tsx(1479,5): error TS2339: Property 'hkern' does not exist on type 'JSX.IntrinsicElements'.
src/icons/Fonts/general-sans/GeneralSansRegular.tsx(1480,5): error TS2339: Property 'hkern' does not exist on type 'JSX.IntrinsicElements'.
src/icons/Fonts/general-sans/GeneralSansRegular.tsx(1481,5): error TS2339: Property 'hkern' does not exist on type 'JSX.IntrinsicElements'.
src/icons/Fonts/general-sans/GeneralSansRegular.tsx(1482,5): error TS2339: Property 'hkern' does not exist on type 'JSX.IntrinsicElements'.
src/icons/Fonts/general-sans/GeneralSansRegular.tsx(1483,5): error TS2339: Property 'hkern' does not exist on type 'JSX.IntrinsicElements'.
src/icons/Fonts/general-sans/GeneralSansRegular.tsx(1484,5): error TS2339: Property 'hkern' does not exist on type 'JSX.IntrinsicElements'.
src/icons/Fonts/general-sans/GeneralSansRegular.tsx(1485,5): error TS2339: Property 'hkern' does not exist on type 'JSX.IntrinsicElements'.
src/icons/Fonts/general-sans/GeneralSansRegular.tsx(1486,5): error TS2339: Property 'hkern' does not exist on type 'JSX.IntrinsicElements'.
src/icons/Fonts/general-sans/GeneralSansRegular.tsx(1487,5): error TS2339: Property 'hkern' does not exist on type 'JSX.IntrinsicElements'.
src/icons/Fonts/general-sans/GeneralSansRegular.tsx(1488,5): error TS2339: Property 'hkern' does not exist on type 'JSX.IntrinsicElements'.
src/icons/Fonts/general-sans/GeneralSansRegular.tsx(1489,5): error TS2339: Property 'hkern' does not exist on type 'JSX.IntrinsicElements'.
src/icons/Fonts/general-sans/GeneralSansRegular.tsx(1490,5): error TS2339: Property 'hkern' does not exist on type 'JSX.IntrinsicElements'.
src/icons/Fonts/general-sans/GeneralSansRegular.tsx(1491,5): error TS2339: Property 'hkern' does not exist on type 'JSX.IntrinsicElements'.
src/icons/Fonts/general-sans/GeneralSansRegular.tsx(1492,5): error TS2339: Property 'hkern' does not exist on type 'JSX.IntrinsicElements'.
src/icons/Fonts/general-sans/GeneralSansRegular.tsx(1493,5): error TS2339: Property 'hkern' does not exist on type 'JSX.IntrinsicElements'.
src/icons/Fonts/general-sans/GeneralSansRegular.tsx(1494,5): error TS2339: Property 'hkern' does not exist on type 'JSX.IntrinsicElements'.
src/icons/Fonts/general-sans/GeneralSansRegular.tsx(1495,5): error TS2339: Property 'hkern' does not exist on type 'JSX.IntrinsicElements'.
src/icons/Fonts/general-sans/GeneralSansRegular.tsx(1496,5): error TS2339: Property 'hkern' does not exist on type 'JSX.IntrinsicElements'.
src/icons/Fonts/general-sans/GeneralSansRegular.tsx(1497,5): error TS2339: Property 'hkern' does not exist on type 'JSX.IntrinsicElements'.
src/icons/Fonts/general-sans/GeneralSansRegular.tsx(1498,5): error TS2339: Property 'hkern' does not exist on type 'JSX.IntrinsicElements'.
src/icons/Fonts/general-sans/GeneralSansRegular.tsx(1499,5): error TS2339: Property 'hkern' does not exist on type 'JSX.IntrinsicElements'.
src/icons/Fonts/general-sans/GeneralSansRegular.tsx(1500,5): error TS2339: Property 'hkern' does not exist on type 'JSX.IntrinsicElements'.
src/icons/Fonts/general-sans/GeneralSansRegular.tsx(1501,5): error TS2339: Property 'hkern' does not exist on type 'JSX.IntrinsicElements'.
src/icons/Fonts/general-sans/GeneralSansRegular.tsx(1502,5): error TS2339: Property 'hkern' does not exist on type 'JSX.IntrinsicElements'.
src/icons/Fonts/general-sans/GeneralSansRegular.tsx(1503,5): error TS2339: Property 'hkern' does not exist on type 'JSX.IntrinsicElements'.
src/icons/Fonts/general-sans/GeneralSansRegular.tsx(1504,5): error TS2339: Property 'hkern' does not exist on type 'JSX.IntrinsicElements'.
src/icons/Fonts/general-sans/GeneralSansRegular.tsx(1505,5): error TS2339: Property 'hkern' does not exist on type 'JSX.IntrinsicElements'.
src/icons/Fonts/general-sans/GeneralSansRegular.tsx(1506,5): error TS2339: Property 'hkern' does not exist on type 'JSX.IntrinsicElements'.
src/icons/Fonts/general-sans/GeneralSansRegular.tsx(1507,5): error TS2339: Property 'hkern' does not exist on type 'JSX.IntrinsicElements'.
src/icons/Fonts/general-sans/GeneralSansRegular.tsx(1508,5): error TS2339: Property 'hkern' does not exist on type 'JSX.IntrinsicElements'.
src/icons/Fonts/general-sans/GeneralSansRegular.tsx(1509,5): error TS2339: Property 'hkern' does not exist on type 'JSX.IntrinsicElements'.
src/icons/Fonts/general-sans/GeneralSansRegular.tsx(1510,5): error TS2339: Property 'hkern' does not exist on type 'JSX.IntrinsicElements'.
src/icons/Fonts/general-sans/GeneralSansRegular.tsx(1511,5): error TS2339: Property 'hkern' does not exist on type 'JSX.IntrinsicElements'.
src/icons/Fonts/general-sans/GeneralSansRegular.tsx(1512,5): error TS2339: Property 'hkern' does not exist on type 'JSX.IntrinsicElements'.
src/icons/Fonts/general-sans/GeneralSansRegular.tsx(1513,5): error TS2339: Property 'hkern' does not exist on type 'JSX.IntrinsicElements'.
src/icons/Fonts/general-sans/GeneralSansRegular.tsx(1514,5): error TS2339: Property 'hkern' does not exist on type 'JSX.IntrinsicElements'.
src/icons/Fonts/general-sans/GeneralSansRegular.tsx(1515,5): error TS2339: Property 'hkern' does not exist on type 'JSX.IntrinsicElements'.
src/icons/Fonts/general-sans/GeneralSansRegular.tsx(1516,5): error TS2339: Property 'hkern' does not exist on type 'JSX.IntrinsicElements'.
src/icons/Fonts/general-sans/GeneralSansRegular.tsx(1517,5): error TS2339: Property 'hkern' does not exist on type 'JSX.IntrinsicElements'.
src/icons/Fonts/general-sans/GeneralSansRegular.tsx(1518,5): error TS2339: Property 'hkern' does not exist on type 'JSX.IntrinsicElements'.
src/icons/Fonts/general-sans/GeneralSansRegular.tsx(1519,5): error TS2339: Property 'hkern' does not exist on type 'JSX.IntrinsicElements'.
src/icons/Fonts/general-sans/GeneralSansRegular.tsx(1520,5): error TS2339: Property 'hkern' does not exist on type 'JSX.IntrinsicElements'.
src/icons/Fonts/general-sans/GeneralSansRegular.tsx(1521,5): error TS2339: Property 'hkern' does not exist on type 'JSX.IntrinsicElements'.
src/icons/Fonts/general-sans/GeneralSansRegular.tsx(1522,5): error TS2339: Property 'hkern' does not exist on type 'JSX.IntrinsicElements'.
src/icons/Fonts/general-sans/GeneralSansRegular.tsx(1523,5): error TS2339: Property 'hkern' does not exist on type 'JSX.IntrinsicElements'.
src/icons/Fonts/general-sans/GeneralSansRegular.tsx(1524,5): error TS2339: Property 'hkern' does not exist on type 'JSX.IntrinsicElements'.
src/icons/Fonts/general-sans/GeneralSansRegular.tsx(1525,5): error TS2339: Property 'hkern' does not exist on type 'JSX.IntrinsicElements'.
src/icons/Fonts/general-sans/GeneralSansRegular.tsx(1526,5): error TS2339: Property 'hkern' does not exist on type 'JSX.IntrinsicElements'.
src/icons/Fonts/general-sans/GeneralSansRegular.tsx(1527,5): error TS2339: Property 'hkern' does not exist on type 'JSX.IntrinsicElements'.
src/icons/Fonts/general-sans/GeneralSansRegular.tsx(1528,5): error TS2339: Property 'hkern' does not exist on type 'JSX.IntrinsicElements'.
src/icons/Fonts/general-sans/GeneralSansRegular.tsx(1529,5): error TS2339: Property 'hkern' does not exist on type 'JSX.IntrinsicElements'.
src/icons/Fonts/general-sans/GeneralSansRegular.tsx(1530,5): error TS2339: Property 'hkern' does not exist on type 'JSX.IntrinsicElements'.
src/icons/Fonts/general-sans/GeneralSansRegular.tsx(1531,5): error TS2339: Property 'hkern' does not exist on type 'JSX.IntrinsicElements'.
src/icons/Fonts/general-sans/GeneralSansRegular.tsx(1532,5): error TS2339: Property 'hkern' does not exist on type 'JSX.IntrinsicElements'.
src/icons/Fonts/general-sans/GeneralSansRegular.tsx(1533,5): error TS2339: Property 'hkern' does not exist on type 'JSX.IntrinsicElements'.
src/icons/Fonts/general-sans/GeneralSansRegular.tsx(1534,5): error TS2339: Property 'hkern' does not exist on type 'JSX.IntrinsicElements'.
src/icons/Fonts/general-sans/GeneralSansRegular.tsx(1535,5): error TS2339: Property 'hkern' does not exist on type 'JSX.IntrinsicElements'.
src/icons/Fonts/general-sans/GeneralSansRegular.tsx(1536,5): error TS2339: Property 'hkern' does not exist on type 'JSX.IntrinsicElements'.
src/icons/Fonts/general-sans/GeneralSansRegular.tsx(1537,5): error TS2339: Property 'hkern' does not exist on type 'JSX.IntrinsicElements'.
src/icons/Fonts/general-sans/GeneralSansRegular.tsx(1538,5): error TS2339: Property 'hkern' does not exist on type 'JSX.IntrinsicElements'.
src/icons/Fonts/general-sans/GeneralSansRegular.tsx(1539,5): error TS2339: Property 'hkern' does not exist on type 'JSX.IntrinsicElements'.
src/icons/Fonts/general-sans/GeneralSansRegular.tsx(1540,5): error TS2339: Property 'hkern' does not exist on type 'JSX.IntrinsicElements'.
src/icons/Fonts/general-sans/GeneralSansRegular.tsx(1541,5): error TS2339: Property 'hkern' does not exist on type 'JSX.IntrinsicElements'.
src/icons/Fonts/general-sans/GeneralSansRegular.tsx(1542,5): error TS2339: Property 'hkern' does not exist on type 'JSX.IntrinsicElements'.
src/icons/Fonts/general-sans/GeneralSansRegular.tsx(1543,5): error TS2339: Property 'hkern' does not exist on type 'JSX.IntrinsicElements'.
src/icons/Fonts/general-sans/GeneralSansRegular.tsx(1544,5): error TS2339: Property 'hkern' does not exist on type 'JSX.IntrinsicElements'.
src/icons/Fonts/general-sans/GeneralSansRegular.tsx(1545,5): error TS2339: Property 'hkern' does not exist on type 'JSX.IntrinsicElements'.
src/icons/Fonts/general-sans/GeneralSansRegular.tsx(1546,5): error TS2339: Property 'hkern' does not exist on type 'JSX.IntrinsicElements'.
src/icons/Fonts/general-sans/GeneralSansRegular.tsx(1547,5): error TS2339: Property 'hkern' does not exist on type 'JSX.IntrinsicElements'.
src/icons/Fonts/general-sans/GeneralSansRegular.tsx(1548,5): error TS2339: Property 'hkern' does not exist on type 'JSX.IntrinsicElements'.
src/icons/Fonts/general-sans/GeneralSansRegular.tsx(1549,5): error TS2339: Property 'hkern' does not exist on type 'JSX.IntrinsicElements'.
src/icons/Fonts/general-sans/GeneralSansRegular.tsx(1550,5): error TS2339: Property 'hkern' does not exist on type 'JSX.IntrinsicElements'.
src/icons/Fonts/general-sans/GeneralSansRegular.tsx(1551,5): error TS2339: Property 'hkern' does not exist on type 'JSX.IntrinsicElements'.
src/icons/Fonts/general-sans/GeneralSansRegular.tsx(1552,5): error TS2339: Property 'hkern' does not exist on type 'JSX.IntrinsicElements'.
src/icons/Fonts/general-sans/GeneralSansRegular.tsx(1553,5): error TS2339: Property 'hkern' does not exist on type 'JSX.IntrinsicElements'.
src/icons/Fonts/general-sans/GeneralSansRegular.tsx(1554,5): error TS2339: Property 'hkern' does not exist on type 'JSX.IntrinsicElements'.
src/icons/Fonts/general-sans/GeneralSansRegular.tsx(1555,5): error TS2339: Property 'hkern' does not exist on type 'JSX.IntrinsicElements'.
src/icons/Fonts/general-sans/GeneralSansRegular.tsx(1556,5): error TS2339: Property 'hkern' does not exist on type 'JSX.IntrinsicElements'.
src/icons/Fonts/general-sans/GeneralSansRegular.tsx(1557,5): error TS2339: Property 'hkern' does not exist on type 'JSX.IntrinsicElements'.
src/icons/Fonts/general-sans/GeneralSansRegular.tsx(1558,5): error TS2339: Property 'hkern' does not exist on type 'JSX.IntrinsicElements'.
src/icons/Fonts/general-sans/GeneralSansRegular.tsx(1559,5): error TS2339: Property 'hkern' does not exist on type 'JSX.IntrinsicElements'.
src/icons/Fonts/general-sans/GeneralSansRegular.tsx(1560,5): error TS2339: Property 'hkern' does not exist on type 'JSX.IntrinsicElements'.
src/icons/Fonts/general-sans/GeneralSansRegular.tsx(1561,5): error TS2339: Property 'hkern' does not exist on type 'JSX.IntrinsicElements'.
src/icons/Fonts/general-sans/GeneralSansRegular.tsx(1562,5): error TS2339: Property 'hkern' does not exist on type 'JSX.IntrinsicElements'.
src/icons/Fonts/general-sans/GeneralSansRegular.tsx(1563,5): error TS2339: Property 'hkern' does not exist on type 'JSX.IntrinsicElements'.
src/icons/Fonts/general-sans/GeneralSansRegular.tsx(1564,5): error TS2339: Property 'hkern' does not exist on type 'JSX.IntrinsicElements'.
src/icons/Fonts/general-sans/GeneralSansRegular.tsx(1565,5): error TS2339: Property 'hkern' does not exist on type 'JSX.IntrinsicElements'.
src/icons/Fonts/general-sans/GeneralSansRegular.tsx(1566,5): error TS2339: Property 'hkern' does not exist on type 'JSX.IntrinsicElements'.
src/icons/Fonts/general-sans/GeneralSansRegular.tsx(1567,5): error TS2339: Property 'hkern' does not exist on type 'JSX.IntrinsicElements'.
src/icons/Fonts/general-sans/GeneralSansRegular.tsx(1568,5): error TS2339: Property 'hkern' does not exist on type 'JSX.IntrinsicElements'.
src/icons/Fonts/general-sans/GeneralSansRegular.tsx(1569,5): error TS2339: Property 'hkern' does not exist on type 'JSX.IntrinsicElements'.
src/icons/Fonts/general-sans/GeneralSansRegular.tsx(1570,5): error TS2339: Property 'hkern' does not exist on type 'JSX.IntrinsicElements'.
src/icons/Fonts/general-sans/GeneralSansRegular.tsx(1571,5): error TS2339: Property 'hkern' does not exist on type 'JSX.IntrinsicElements'.
src/icons/Fonts/general-sans/GeneralSansRegular.tsx(1572,5): error TS2339: Property 'hkern' does not exist on type 'JSX.IntrinsicElements'.
src/icons/Fonts/general-sans/GeneralSansRegular.tsx(1573,5): error TS2339: Property 'hkern' does not exist on type 'JSX.IntrinsicElements'.
src/icons/Fonts/general-sans/GeneralSansRegular.tsx(1574,5): error TS2339: Property 'hkern' does not exist on type 'JSX.IntrinsicElements'.
src/icons/Fonts/general-sans/GeneralSansRegular.tsx(1575,5): error TS2339: Property 'hkern' does not exist on type 'JSX.IntrinsicElements'.
src/icons/Fonts/general-sans/GeneralSansRegular.tsx(1576,5): error TS2339: Property 'hkern' does not exist on type 'JSX.IntrinsicElements'.
src/icons/Fonts/general-sans/GeneralSansRegular.tsx(1577,5): error TS2339: Property 'hkern' does not exist on type 'JSX.IntrinsicElements'.
src/icons/Fonts/general-sans/GeneralSansRegular.tsx(1578,5): error TS2339: Property 'hkern' does not exist on type 'JSX.IntrinsicElements'.
src/icons/Fonts/general-sans/GeneralSansRegular.tsx(1579,5): error TS2339: Property 'hkern' does not exist on type 'JSX.IntrinsicElements'.
src/icons/Fonts/general-sans/GeneralSansRegular.tsx(1580,5): error TS2339: Property 'hkern' does not exist on type 'JSX.IntrinsicElements'.
src/icons/Fonts/general-sans/GeneralSansRegular.tsx(1581,5): error TS2339: Property 'hkern' does not exist on type 'JSX.IntrinsicElements'.
src/icons/Fonts/general-sans/GeneralSansRegular.tsx(1582,5): error TS2339: Property 'hkern' does not exist on type 'JSX.IntrinsicElements'.
src/icons/Fonts/general-sans/GeneralSansRegular.tsx(1583,5): error TS2339: Property 'hkern' does not exist on type 'JSX.IntrinsicElements'.
src/icons/Fonts/general-sans/GeneralSansRegular.tsx(1584,5): error TS2339: Property 'hkern' does not exist on type 'JSX.IntrinsicElements'.
src/icons/Fonts/general-sans/GeneralSansRegular.tsx(1585,5): error TS2339: Property 'hkern' does not exist on type 'JSX.IntrinsicElements'.
src/icons/Fonts/general-sans/GeneralSansRegular.tsx(1586,5): error TS2339: Property 'hkern' does not exist on type 'JSX.IntrinsicElements'.
src/icons/Fonts/general-sans/GeneralSansRegular.tsx(1587,5): error TS2339: Property 'hkern' does not exist on type 'JSX.IntrinsicElements'.
src/icons/Fonts/general-sans/GeneralSansRegular.tsx(1588,5): error TS2339: Property 'hkern' does not exist on type 'JSX.IntrinsicElements'.
src/icons/Fonts/general-sans/GeneralSansRegular.tsx(1589,5): error TS2339: Property 'hkern' does not exist on type 'JSX.IntrinsicElements'.
src/icons/Fonts/general-sans/GeneralSansRegular.tsx(1590,5): error TS2339: Property 'hkern' does not exist on type 'JSX.IntrinsicElements'.
src/icons/Fonts/general-sans/GeneralSansRegular.tsx(1591,5): error TS2339: Property 'hkern' does not exist on type 'JSX.IntrinsicElements'.
src/icons/Fonts/general-sans/GeneralSansRegular.tsx(1592,5): error TS2339: Property 'hkern' does not exist on type 'JSX.IntrinsicElements'.
src/icons/Fonts/general-sans/GeneralSansRegular.tsx(1593,5): error TS2339: Property 'hkern' does not exist on type 'JSX.IntrinsicElements'.
src/icons/Fonts/general-sans/GeneralSansRegular.tsx(1594,5): error TS2339: Property 'hkern' does not exist on type 'JSX.IntrinsicElements'.
src/icons/Fonts/general-sans/GeneralSansRegular.tsx(1595,5): error TS2339: Property 'hkern' does not exist on type 'JSX.IntrinsicElements'.
src/icons/Fonts/general-sans/GeneralSansRegular.tsx(1596,5): error TS2339: Property 'hkern' does not exist on type 'JSX.IntrinsicElements'.
src/icons/Fonts/general-sans/GeneralSansRegular.tsx(1597,5): error TS2339: Property 'hkern' does not exist on type 'JSX.IntrinsicElements'.
src/icons/Fonts/general-sans/GeneralSansRegular.tsx(1598,5): error TS2339: Property 'hkern' does not exist on type 'JSX.IntrinsicElements'.
src/icons/Fonts/general-sans/GeneralSansRegular.tsx(1599,5): error TS2339: Property 'hkern' does not exist on type 'JSX.IntrinsicElements'.
src/icons/Fonts/general-sans/GeneralSansRegular.tsx(1600,5): error TS2339: Property 'hkern' does not exist on type 'JSX.IntrinsicElements'.
src/icons/Fonts/general-sans/GeneralSansRegular.tsx(1601,5): error TS2339: Property 'hkern' does not exist on type 'JSX.IntrinsicElements'.
src/icons/Fonts/general-sans/GeneralSansRegular.tsx(1602,5): error TS2339: Property 'hkern' does not exist on type 'JSX.IntrinsicElements'.
src/icons/Fonts/general-sans/GeneralSansRegular.tsx(1603,5): error TS2339: Property 'hkern' does not exist on type 'JSX.IntrinsicElements'.
src/icons/Fonts/general-sans/GeneralSansRegular.tsx(1604,5): error TS2339: Property 'hkern' does not exist on type 'JSX.IntrinsicElements'.
src/icons/Fonts/general-sans/GeneralSansRegular.tsx(1605,5): error TS2339: Property 'hkern' does not exist on type 'JSX.IntrinsicElements'.
src/icons/Fonts/general-sans/GeneralSansRegular.tsx(1606,5): error TS2339: Property 'hkern' does not exist on type 'JSX.IntrinsicElements'.
src/icons/Fonts/general-sans/GeneralSansRegular.tsx(1607,5): error TS2339: Property 'hkern' does not exist on type 'JSX.IntrinsicElements'.
src/icons/Fonts/general-sans/GeneralSansRegular.tsx(1608,5): error TS2339: Property 'hkern' does not exist on type 'JSX.IntrinsicElements'.
src/icons/Fonts/general-sans/GeneralSansRegular.tsx(1609,5): error TS2339: Property 'hkern' does not exist on type 'JSX.IntrinsicElements'.
src/icons/Fonts/general-sans/GeneralSansRegular.tsx(1610,5): error TS2339: Property 'hkern' does not exist on type 'JSX.IntrinsicElements'.
src/icons/Fonts/general-sans/GeneralSansRegular.tsx(1611,5): error TS2339: Property 'hkern' does not exist on type 'JSX.IntrinsicElements'.
src/icons/Fonts/general-sans/GeneralSansRegular.tsx(1612,5): error TS2339: Property 'hkern' does not exist on type 'JSX.IntrinsicElements'.
src/icons/Fonts/general-sans/GeneralSansRegular.tsx(1613,5): error TS2339: Property 'hkern' does not exist on type 'JSX.IntrinsicElements'.
src/icons/Fonts/general-sans/GeneralSansRegular.tsx(1614,5): error TS2339: Property 'hkern' does not exist on type 'JSX.IntrinsicElements'.
src/icons/Fonts/general-sans/GeneralSansRegular.tsx(1615,5): error TS2339: Property 'hkern' does not exist on type 'JSX.IntrinsicElements'.
src/icons/Fonts/general-sans/GeneralSansRegular.tsx(1616,5): error TS2339: Property 'hkern' does not exist on type 'JSX.IntrinsicElements'.
src/icons/Fonts/general-sans/GeneralSansRegular.tsx(1617,5): error TS2339: Property 'hkern' does not exist on type 'JSX.IntrinsicElements'.
src/icons/Fonts/general-sans/GeneralSansRegular.tsx(1618,5): error TS2339: Property 'hkern' does not exist on type 'JSX.IntrinsicElements'.
src/icons/Fonts/general-sans/GeneralSansRegular.tsx(1619,5): error TS2339: Property 'hkern' does not exist on type 'JSX.IntrinsicElements'.
src/icons/Fonts/general-sans/GeneralSansRegular.tsx(1620,5): error TS2339: Property 'hkern' does not exist on type 'JSX.IntrinsicElements'.
src/icons/Fonts/general-sans/GeneralSansRegular.tsx(1621,5): error TS2339: Property 'hkern' does not exist on type 'JSX.IntrinsicElements'.
src/icons/Fonts/general-sans/GeneralSansRegular.tsx(1622,5): error TS2339: Property 'hkern' does not exist on type 'JSX.IntrinsicElements'.
src/icons/Fonts/general-sans/GeneralSansRegular.tsx(1623,5): error TS2339: Property 'hkern' does not exist on type 'JSX.IntrinsicElements'.
src/icons/Fonts/general-sans/GeneralSansRegular.tsx(1624,5): error TS2339: Property 'hkern' does not exist on type 'JSX.IntrinsicElements'.
src/icons/Fonts/general-sans/GeneralSansRegular.tsx(1625,5): error TS2339: Property 'hkern' does not exist on type 'JSX.IntrinsicElements'.
src/icons/Fonts/general-sans/GeneralSansRegular.tsx(1626,5): error TS2339: Property 'hkern' does not exist on type 'JSX.IntrinsicElements'.
src/icons/Fonts/general-sans/GeneralSansRegular.tsx(1627,5): error TS2339: Property 'hkern' does not exist on type 'JSX.IntrinsicElements'.
src/icons/Fonts/general-sans/GeneralSansRegular.tsx(1628,5): error TS2339: Property 'hkern' does not exist on type 'JSX.IntrinsicElements'.
src/icons/Fonts/general-sans/GeneralSansRegular.tsx(1629,5): error TS2339: Property 'hkern' does not exist on type 'JSX.IntrinsicElements'.
src/icons/Fonts/general-sans/GeneralSansRegular.tsx(1630,5): error TS2339: Property 'hkern' does not exist on type 'JSX.IntrinsicElements'.
src/icons/Fonts/general-sans/GeneralSansRegular.tsx(1631,5): error TS2339: Property 'hkern' does not exist on type 'JSX.IntrinsicElements'.
src/icons/Fonts/general-sans/GeneralSansRegular.tsx(1632,5): error TS2339: Property 'hkern' does not exist on type 'JSX.IntrinsicElements'.
src/icons/Fonts/general-sans/GeneralSansRegular.tsx(1633,5): error TS2339: Property 'hkern' does not exist on type 'JSX.IntrinsicElements'.
src/icons/Fonts/general-sans/GeneralSansRegular.tsx(1634,5): error TS2339: Property 'hkern' does not exist on type 'JSX.IntrinsicElements'.
src/icons/Fonts/general-sans/GeneralSansRegular.tsx(1635,5): error TS2339: Property 'hkern' does not exist on type 'JSX.IntrinsicElements'.
src/icons/Fonts/general-sans/GeneralSansRegular.tsx(1636,5): error TS2339: Property 'hkern' does not exist on type 'JSX.IntrinsicElements'.
src/icons/Fonts/general-sans/GeneralSansRegular.tsx(1637,5): error TS2339: Property 'hkern' does not exist on type 'JSX.IntrinsicElements'.
src/icons/Fonts/general-sans/GeneralSansRegular.tsx(1638,5): error TS2339: Property 'hkern' does not exist on type 'JSX.IntrinsicElements'.
src/icons/Fonts/general-sans/GeneralSansRegular.tsx(1639,5): error TS2339: Property 'hkern' does not exist on type 'JSX.IntrinsicElements'.
src/icons/Fonts/general-sans/GeneralSansRegular.tsx(1640,5): error TS2339: Property 'hkern' does not exist on type 'JSX.IntrinsicElements'.
src/icons/Fonts/general-sans/GeneralSansRegular.tsx(1641,5): error TS2339: Property 'hkern' does not exist on type 'JSX.IntrinsicElements'.
src/icons/Fonts/general-sans/GeneralSansRegular.tsx(1642,5): error TS2339: Property 'hkern' does not exist on type 'JSX.IntrinsicElements'.
src/icons/Fonts/general-sans/GeneralSansRegular.tsx(1643,5): error TS2339: Property 'hkern' does not exist on type 'JSX.IntrinsicElements'.
src/icons/Fonts/general-sans/GeneralSansRegular.tsx(1644,5): error TS2339: Property 'hkern' does not exist on type 'JSX.IntrinsicElements'.
src/icons/Fonts/general-sans/GeneralSansRegular.tsx(1645,5): error TS2339: Property 'hkern' does not exist on type 'JSX.IntrinsicElements'.
src/icons/Fonts/general-sans/GeneralSansRegular.tsx(1646,5): error TS2339: Property 'hkern' does not exist on type 'JSX.IntrinsicElements'.
src/icons/Fonts/general-sans/GeneralSansRegular.tsx(1647,5): error TS2339: Property 'hkern' does not exist on type 'JSX.IntrinsicElements'.
src/icons/Fonts/general-sans/GeneralSansRegular.tsx(1648,5): error TS2339: Property 'hkern' does not exist on type 'JSX.IntrinsicElements'.
src/icons/Fonts/general-sans/GeneralSansRegular.tsx(1649,5): error TS2339: Property 'hkern' does not exist on type 'JSX.IntrinsicElements'.
src/icons/Fonts/general-sans/GeneralSansRegular.tsx(1650,5): error TS2339: Property 'hkern' does not exist on type 'JSX.IntrinsicElements'.
src/icons/Fonts/general-sans/GeneralSansRegular.tsx(1651,5): error TS2339: Property 'hkern' does not exist on type 'JSX.IntrinsicElements'.
src/icons/Fonts/general-sans/GeneralSansRegular.tsx(1652,5): error TS2339: Property 'hkern' does not exist on type 'JSX.IntrinsicElements'.
src/icons/Fonts/general-sans/GeneralSansRegular.tsx(1653,5): error TS2339: Property 'hkern' does not exist on type 'JSX.IntrinsicElements'.
src/icons/Fonts/general-sans/GeneralSansRegular.tsx(1654,5): error TS2339: Property 'hkern' does not exist on type 'JSX.IntrinsicElements'.
src/icons/Fonts/general-sans/GeneralSansRegular.tsx(1655,5): error TS2339: Property 'hkern' does not exist on type 'JSX.IntrinsicElements'.
src/icons/Fonts/general-sans/GeneralSansRegular.tsx(1656,5): error TS2339: Property 'hkern' does not exist on type 'JSX.IntrinsicElements'.
src/icons/Fonts/general-sans/GeneralSansRegular.tsx(1657,5): error TS2339: Property 'hkern' does not exist on type 'JSX.IntrinsicElements'.
src/icons/Fonts/general-sans/GeneralSansRegular.tsx(1658,5): error TS2339: Property 'hkern' does not exist on type 'JSX.IntrinsicElements'.
src/icons/Fonts/general-sans/GeneralSansRegular.tsx(1659,5): error TS2339: Property 'hkern' does not exist on type 'JSX.IntrinsicElements'.
src/icons/Fonts/general-sans/GeneralSansRegular.tsx(1660,5): error TS2339: Property 'hkern' does not exist on type 'JSX.IntrinsicElements'.
src/icons/Fonts/general-sans/GeneralSansRegular.tsx(1661,5): error TS2339: Property 'hkern' does not exist on type 'JSX.IntrinsicElements'.
src/icons/Fonts/general-sans/GeneralSansRegular.tsx(1662,5): error TS2339: Property 'hkern' does not exist on type 'JSX.IntrinsicElements'.
src/icons/Fonts/general-sans/GeneralSansRegular.tsx(1663,5): error TS2339: Property 'hkern' does not exist on type 'JSX.IntrinsicElements'.
src/icons/Fonts/general-sans/GeneralSansRegular.tsx(1664,5): error TS2339: Property 'hkern' does not exist on type 'JSX.IntrinsicElements'.
src/icons/Fonts/general-sans/GeneralSansRegular.tsx(1665,5): error TS2339: Property 'hkern' does not exist on type 'JSX.IntrinsicElements'.
src/icons/Fonts/general-sans/GeneralSansRegular.tsx(1666,5): error TS2339: Property 'hkern' does not exist on type 'JSX.IntrinsicElements'.
src/icons/Fonts/general-sans/GeneralSansRegular.tsx(1667,5): error TS2339: Property 'hkern' does not exist on type 'JSX.IntrinsicElements'.
src/icons/Fonts/general-sans/GeneralSansRegular.tsx(1668,5): error TS2339: Property 'hkern' does not exist on type 'JSX.IntrinsicElements'.
src/icons/Fonts/general-sans/GeneralSansRegular.tsx(1669,5): error TS2339: Property 'hkern' does not exist on type 'JSX.IntrinsicElements'.
src/icons/Fonts/general-sans/GeneralSansRegular.tsx(1670,5): error TS2339: Property 'hkern' does not exist on type 'JSX.IntrinsicElements'.
src/icons/Fonts/general-sans/GeneralSansRegular.tsx(1671,5): error TS2339: Property 'hkern' does not exist on type 'JSX.IntrinsicElements'.
src/icons/Fonts/general-sans/GeneralSansRegular.tsx(1672,5): error TS2339: Property 'hkern' does not exist on type 'JSX.IntrinsicElements'.
src/icons/Fonts/general-sans/GeneralSansRegular.tsx(1673,5): error TS2339: Property 'hkern' does not exist on type 'JSX.IntrinsicElements'.
src/icons/Fonts/general-sans/GeneralSansRegular.tsx(1674,5): error TS2339: Property 'hkern' does not exist on type 'JSX.IntrinsicElements'.
src/icons/Fonts/general-sans/GeneralSansRegular.tsx(1675,5): error TS2339: Property 'hkern' does not exist on type 'JSX.IntrinsicElements'.
src/icons/Fonts/general-sans/GeneralSansRegular.tsx(1676,5): error TS2339: Property 'hkern' does not exist on type 'JSX.IntrinsicElements'.
src/icons/Fonts/general-sans/GeneralSansRegular.tsx(1677,5): error TS2339: Property 'hkern' does not exist on type 'JSX.IntrinsicElements'.
src/icons/Fonts/general-sans/GeneralSansRegular.tsx(1678,5): error TS2339: Property 'hkern' does not exist on type 'JSX.IntrinsicElements'.
src/icons/Fonts/general-sans/GeneralSansRegular.tsx(1679,5): error TS2339: Property 'hkern' does not exist on type 'JSX.IntrinsicElements'.
src/icons/Fonts/general-sans/GeneralSansRegular.tsx(1680,5): error TS2339: Property 'hkern' does not exist on type 'JSX.IntrinsicElements'.
src/icons/Fonts/general-sans/GeneralSansRegular.tsx(1681,5): error TS2339: Property 'hkern' does not exist on type 'JSX.IntrinsicElements'.
src/icons/Fonts/general-sans/GeneralSansRegular.tsx(1682,5): error TS2339: Property 'hkern' does not exist on type 'JSX.IntrinsicElements'.
src/icons/Fonts/general-sans/GeneralSansRegular.tsx(1683,5): error TS2339: Property 'hkern' does not exist on type 'JSX.IntrinsicElements'.
src/icons/Fonts/general-sans/GeneralSansRegular.tsx(1684,5): error TS2339: Property 'hkern' does not exist on type 'JSX.IntrinsicElements'.
src/icons/Fonts/general-sans/GeneralSansRegular.tsx(1685,5): error TS2339: Property 'hkern' does not exist on type 'JSX.IntrinsicElements'.
src/icons/Fonts/general-sans/GeneralSansRegular.tsx(1686,5): error TS2339: Property 'hkern' does not exist on type 'JSX.IntrinsicElements'.
src/icons/Fonts/general-sans/GeneralSansRegular.tsx(1687,5): error TS2339: Property 'hkern' does not exist on type 'JSX.IntrinsicElements'.
src/icons/Fonts/general-sans/GeneralSansRegular.tsx(1688,5): error TS2339: Property 'hkern' does not exist on type 'JSX.IntrinsicElements'.
src/icons/Fonts/general-sans/GeneralSansRegular.tsx(1689,5): error TS2339: Property 'hkern' does not exist on type 'JSX.IntrinsicElements'.
src/icons/Fonts/general-sans/GeneralSansRegular.tsx(1690,5): error TS2339: Property 'hkern' does not exist on type 'JSX.IntrinsicElements'.
src/icons/Fonts/general-sans/GeneralSansRegular.tsx(1691,5): error TS2339: Property 'hkern' does not exist on type 'JSX.IntrinsicElements'.
src/icons/Fonts/general-sans/GeneralSansRegular.tsx(1692,5): error TS2339: Property 'hkern' does not exist on type 'JSX.IntrinsicElements'.
src/icons/Fonts/general-sans/GeneralSansRegular.tsx(1693,5): error TS2339: Property 'hkern' does not exist on type 'JSX.IntrinsicElements'.
src/icons/Fonts/general-sans/GeneralSansRegular.tsx(1694,5): error TS2339: Property 'hkern' does not exist on type 'JSX.IntrinsicElements'.
src/icons/Fonts/general-sans/GeneralSansRegular.tsx(1695,5): error TS2339: Property 'hkern' does not exist on type 'JSX.IntrinsicElements'.
src/icons/Fonts/general-sans/GeneralSansRegular.tsx(1696,5): error TS2339: Property 'hkern' does not exist on type 'JSX.IntrinsicElements'.
src/icons/Fonts/general-sans/GeneralSansRegular.tsx(1697,5): error TS2339: Property 'hkern' does not exist on type 'JSX.IntrinsicElements'.
src/icons/Fonts/general-sans/GeneralSansRegular.tsx(1698,5): error TS2339: Property 'hkern' does not exist on type 'JSX.IntrinsicElements'.
src/icons/Fonts/general-sans/GeneralSansRegular.tsx(1699,5): error TS2339: Property 'hkern' does not exist on type 'JSX.IntrinsicElements'.
src/icons/Fonts/general-sans/GeneralSansRegular.tsx(1700,5): error TS2339: Property 'hkern' does not exist on type 'JSX.IntrinsicElements'.
src/icons/Fonts/general-sans/GeneralSansRegular.tsx(1701,5): error TS2339: Property 'hkern' does not exist on type 'JSX.IntrinsicElements'.
src/icons/Fonts/general-sans/GeneralSansRegular.tsx(1702,5): error TS2339: Property 'hkern' does not exist on type 'JSX.IntrinsicElements'.
src/icons/Fonts/general-sans/GeneralSansRegular.tsx(1703,5): error TS2339: Property 'hkern' does not exist on type 'JSX.IntrinsicElements'.
src/icons/Fonts/general-sans/GeneralSansRegular.tsx(1704,5): error TS2339: Property 'hkern' does not exist on type 'JSX.IntrinsicElements'.
src/icons/Fonts/general-sans/GeneralSansRegular.tsx(1705,5): error TS2339: Property 'hkern' does not exist on type 'JSX.IntrinsicElements'.
src/icons/Fonts/general-sans/GeneralSansRegular.tsx(1706,5): error TS2339: Property 'hkern' does not exist on type 'JSX.IntrinsicElements'.
src/icons/Fonts/general-sans/GeneralSansRegular.tsx(1707,5): error TS2339: Property 'hkern' does not exist on type 'JSX.IntrinsicElements'.
src/icons/Fonts/general-sans/GeneralSansRegular.tsx(1708,5): error TS2339: Property 'hkern' does not exist on type 'JSX.IntrinsicElements'.
src/icons/Fonts/general-sans/GeneralSansRegular.tsx(1709,5): error TS2339: Property 'hkern' does not exist on type 'JSX.IntrinsicElements'.
src/icons/Fonts/general-sans/GeneralSansRegular.tsx(1710,5): error TS2339: Property 'hkern' does not exist on type 'JSX.IntrinsicElements'.
src/icons/Fonts/general-sans/GeneralSansRegular.tsx(1711,5): error TS2339: Property 'hkern' does not exist on type 'JSX.IntrinsicElements'.
src/icons/Fonts/general-sans/GeneralSansRegular.tsx(1712,5): error TS2339: Property 'hkern' does not exist on type 'JSX.IntrinsicElements'.
src/icons/Fonts/general-sans/GeneralSansRegular.tsx(1713,5): error TS2339: Property 'hkern' does not exist on type 'JSX.IntrinsicElements'.
src/icons/Fonts/general-sans/GeneralSansRegular.tsx(1714,5): error TS2339: Property 'hkern' does not exist on type 'JSX.IntrinsicElements'.
src/icons/Fonts/general-sans/GeneralSansRegular.tsx(1715,5): error TS2339: Property 'hkern' does not exist on type 'JSX.IntrinsicElements'.
src/icons/Fonts/general-sans/GeneralSansRegular.tsx(1716,5): error TS2339: Property 'hkern' does not exist on type 'JSX.IntrinsicElements'.
src/icons/Fonts/general-sans/GeneralSansRegular.tsx(1717,5): error TS2339: Property 'hkern' does not exist on type 'JSX.IntrinsicElements'.
src/icons/Fonts/general-sans/GeneralSansRegular.tsx(1718,5): error TS2339: Property 'hkern' does not exist on type 'JSX.IntrinsicElements'.
src/icons/Fonts/general-sans/GeneralSansRegular.tsx(1719,5): error TS2339: Property 'hkern' does not exist on type 'JSX.IntrinsicElements'.
src/icons/Fonts/general-sans/GeneralSansRegular.tsx(1720,5): error TS2339: Property 'hkern' does not exist on type 'JSX.IntrinsicElements'.
src/icons/Fonts/general-sans/GeneralSansRegular.tsx(1721,5): error TS2339: Property 'hkern' does not exist on type 'JSX.IntrinsicElements'.
src/icons/Fonts/general-sans/GeneralSansRegular.tsx(1722,5): error TS2339: Property 'hkern' does not exist on type 'JSX.IntrinsicElements'.
src/icons/Fonts/general-sans/GeneralSansRegular.tsx(1723,5): error TS2339: Property 'hkern' does not exist on type 'JSX.IntrinsicElements'.
src/icons/Fonts/general-sans/GeneralSansRegular.tsx(1724,5): error TS2339: Property 'hkern' does not exist on type 'JSX.IntrinsicElements'.
src/icons/Fonts/general-sans/GeneralSansRegular.tsx(1725,5): error TS2339: Property 'hkern' does not exist on type 'JSX.IntrinsicElements'.
src/icons/Fonts/general-sans/GeneralSansRegular.tsx(1726,5): error TS2339: Property 'hkern' does not exist on type 'JSX.IntrinsicElements'.
src/icons/Fonts/general-sans/GeneralSansRegular.tsx(1727,5): error TS2339: Property 'hkern' does not exist on type 'JSX.IntrinsicElements'.
src/icons/Fonts/general-sans/GeneralSansRegular.tsx(1728,5): error TS2339: Property 'hkern' does not exist on type 'JSX.IntrinsicElements'.
src/icons/Fonts/general-sans/GeneralSansRegular.tsx(1729,5): error TS2339: Property 'hkern' does not exist on type 'JSX.IntrinsicElements'.
src/icons/Fonts/general-sans/GeneralSansRegular.tsx(1730,5): error TS2339: Property 'hkern' does not exist on type 'JSX.IntrinsicElements'.
src/icons/Fonts/general-sans/GeneralSansRegular.tsx(1731,5): error TS2339: Property 'hkern' does not exist on type 'JSX.IntrinsicElements'.
src/icons/Fonts/general-sans/GeneralSansRegular.tsx(1732,5): error TS2339: Property 'hkern' does not exist on type 'JSX.IntrinsicElements'.
src/icons/Fonts/general-sans/GeneralSansRegular.tsx(1733,5): error TS2339: Property 'hkern' does not exist on type 'JSX.IntrinsicElements'.
src/icons/Fonts/general-sans/GeneralSansRegular.tsx(1734,5): error TS2339: Property 'hkern' does not exist on type 'JSX.IntrinsicElements'.
src/icons/Fonts/general-sans/GeneralSansRegular.tsx(1735,5): error TS2339: Property 'hkern' does not exist on type 'JSX.IntrinsicElements'.
src/icons/Fonts/general-sans/GeneralSansRegular.tsx(1736,5): error TS2339: Property 'hkern' does not exist on type 'JSX.IntrinsicElements'.
src/icons/Fonts/general-sans/GeneralSansRegular.tsx(1737,5): error TS2339: Property 'hkern' does not exist on type 'JSX.IntrinsicElements'.
src/icons/Fonts/general-sans/GeneralSansRegular.tsx(1738,5): error TS2339: Property 'hkern' does not exist on type 'JSX.IntrinsicElements'.
src/icons/Fonts/general-sans/GeneralSansRegular.tsx(1739,5): error TS2339: Property 'hkern' does not exist on type 'JSX.IntrinsicElements'.
src/icons/Fonts/general-sans/GeneralSansRegular.tsx(1740,5): error TS2339: Property 'hkern' does not exist on type 'JSX.IntrinsicElements'.
src/icons/Fonts/general-sans/GeneralSansRegular.tsx(1741,5): error TS2339: Property 'hkern' does not exist on type 'JSX.IntrinsicElements'.
src/icons/Fonts/general-sans/GeneralSansRegular.tsx(1742,5): error TS2339: Property 'hkern' does not exist on type 'JSX.IntrinsicElements'.
src/icons/Fonts/general-sans/GeneralSansRegular.tsx(1743,5): error TS2339: Property 'hkern' does not exist on type 'JSX.IntrinsicElements'.
src/icons/Fonts/general-sans/GeneralSansRegular.tsx(1744,5): error TS2339: Property 'hkern' does not exist on type 'JSX.IntrinsicElements'.
src/icons/Fonts/general-sans/GeneralSansRegular.tsx(1745,5): error TS2339: Property 'hkern' does not exist on type 'JSX.IntrinsicElements'.
src/icons/Fonts/general-sans/GeneralSansRegular.tsx(1746,5): error TS2339: Property 'hkern' does not exist on type 'JSX.IntrinsicElements'.
src/icons/Fonts/general-sans/GeneralSansRegular.tsx(1747,5): error TS2339: Property 'hkern' does not exist on type 'JSX.IntrinsicElements'.
src/icons/Fonts/general-sans/GeneralSansRegular.tsx(1748,5): error TS2339: Property 'hkern' does not exist on type 'JSX.IntrinsicElements'.
src/icons/Fonts/general-sans/GeneralSansRegular.tsx(1749,5): error TS2339: Property 'hkern' does not exist on type 'JSX.IntrinsicElements'.
src/icons/Fonts/general-sans/GeneralSansRegular.tsx(1750,5): error TS2339: Property 'hkern' does not exist on type 'JSX.IntrinsicElements'.
src/icons/Fonts/general-sans/GeneralSansRegular.tsx(1751,5): error TS2339: Property 'hkern' does not exist on type 'JSX.IntrinsicElements'.
src/icons/Fonts/general-sans/GeneralSansRegular.tsx(1752,5): error TS2339: Property 'hkern' does not exist on type 'JSX.IntrinsicElements'.
src/icons/Fonts/general-sans/GeneralSansRegular.tsx(1753,5): error TS2339: Property 'hkern' does not exist on type 'JSX.IntrinsicElements'.
src/icons/Fonts/general-sans/GeneralSansRegular.tsx(1754,5): error TS2339: Property 'hkern' does not exist on type 'JSX.IntrinsicElements'.
src/icons/Fonts/general-sans/GeneralSansRegular.tsx(1755,5): error TS2339: Property 'hkern' does not exist on type 'JSX.IntrinsicElements'.
src/icons/Fonts/general-sans/GeneralSansRegular.tsx(1756,5): error TS2339: Property 'hkern' does not exist on type 'JSX.IntrinsicElements'.
src/icons/Fonts/general-sans/GeneralSansRegular.tsx(1757,5): error TS2339: Property 'hkern' does not exist on type 'JSX.IntrinsicElements'.
src/icons/Fonts/general-sans/GeneralSansRegular.tsx(1758,5): error TS2339: Property 'hkern' does not exist on type 'JSX.IntrinsicElements'.
src/icons/Fonts/general-sans/GeneralSansRegular.tsx(1759,5): error TS2339: Property 'hkern' does not exist on type 'JSX.IntrinsicElements'.
src/icons/Fonts/general-sans/GeneralSansRegular.tsx(1760,5): error TS2339: Property 'hkern' does not exist on type 'JSX.IntrinsicElements'.
src/icons/Fonts/general-sans/GeneralSansRegular.tsx(1761,5): error TS2339: Property 'hkern' does not exist on type 'JSX.IntrinsicElements'.
src/icons/Fonts/general-sans/GeneralSansRegular.tsx(1762,5): error TS2339: Property 'hkern' does not exist on type 'JSX.IntrinsicElements'.
src/icons/Fonts/general-sans/GeneralSansRegular.tsx(1763,5): error TS2339: Property 'hkern' does not exist on type 'JSX.IntrinsicElements'.
src/icons/Fonts/general-sans/GeneralSansRegular.tsx(1764,5): error TS2339: Property 'hkern' does not exist on type 'JSX.IntrinsicElements'.
src/icons/Fonts/general-sans/GeneralSansRegular.tsx(1765,5): error TS2339: Property 'hkern' does not exist on type 'JSX.IntrinsicElements'.
src/icons/Fonts/general-sans/GeneralSansRegular.tsx(1766,5): error TS2339: Property 'hkern' does not exist on type 'JSX.IntrinsicElements'.
src/icons/Fonts/general-sans/GeneralSansRegular.tsx(1767,5): error TS2339: Property 'hkern' does not exist on type 'JSX.IntrinsicElements'.
src/icons/Fonts/general-sans/GeneralSansRegular.tsx(1768,5): error TS2339: Property 'hkern' does not exist on type 'JSX.IntrinsicElements'.
src/icons/Fonts/general-sans/GeneralSansRegular.tsx(1769,5): error TS2339: Property 'hkern' does not exist on type 'JSX.IntrinsicElements'.
src/icons/Fonts/general-sans/GeneralSansRegular.tsx(1770,5): error TS2339: Property 'hkern' does not exist on type 'JSX.IntrinsicElements'.
src/icons/Fonts/general-sans/GeneralSansRegular.tsx(1771,5): error TS2339: Property 'hkern' does not exist on type 'JSX.IntrinsicElements'.
src/icons/Fonts/general-sans/GeneralSansRegular.tsx(1772,5): error TS2339: Property 'hkern' does not exist on type 'JSX.IntrinsicElements'.
src/icons/Fonts/general-sans/GeneralSansRegular.tsx(1773,5): error TS2339: Property 'hkern' does not exist on type 'JSX.IntrinsicElements'.
src/icons/Fonts/general-sans/GeneralSansRegular.tsx(1774,5): error TS2339: Property 'hkern' does not exist on type 'JSX.IntrinsicElements'.
src/icons/Fonts/general-sans/GeneralSansRegular.tsx(1775,5): error TS2339: Property 'hkern' does not exist on type 'JSX.IntrinsicElements'.
src/icons/Fonts/general-sans/GeneralSansRegular.tsx(1776,5): error TS2339: Property 'hkern' does not exist on type 'JSX.IntrinsicElements'.
src/icons/Fonts/general-sans/GeneralSansRegular.tsx(1777,5): error TS2339: Property 'hkern' does not exist on type 'JSX.IntrinsicElements'.
src/icons/Fonts/general-sans/GeneralSansRegular.tsx(1778,5): error TS2339: Property 'hkern' does not exist on type 'JSX.IntrinsicElements'.
src/icons/Fonts/general-sans/GeneralSansRegular.tsx(1779,5): error TS2339: Property 'hkern' does not exist on type 'JSX.IntrinsicElements'.
src/icons/Fonts/general-sans/GeneralSansRegular.tsx(1780,5): error TS2339: Property 'hkern' does not exist on type 'JSX.IntrinsicElements'.
src/icons/Fonts/general-sans/GeneralSansRegular.tsx(1781,5): error TS2339: Property 'hkern' does not exist on type 'JSX.IntrinsicElements'.
src/icons/Fonts/general-sans/GeneralSansRegular.tsx(1782,5): error TS2339: Property 'hkern' does not exist on type 'JSX.IntrinsicElements'.
src/icons/Fonts/general-sans/GeneralSansRegular.tsx(1783,5): error TS2339: Property 'hkern' does not exist on type 'JSX.IntrinsicElements'.
src/icons/Fonts/general-sans/GeneralSansRegular.tsx(1784,5): error TS2339: Property 'hkern' does not exist on type 'JSX.IntrinsicElements'.
src/icons/Fonts/general-sans/GeneralSansRegular.tsx(1785,5): error TS2339: Property 'hkern' does not exist on type 'JSX.IntrinsicElements'.
src/icons/Fonts/general-sans/GeneralSansRegular.tsx(1786,5): error TS2339: Property 'hkern' does not exist on type 'JSX.IntrinsicElements'.
src/icons/Fonts/general-sans/GeneralSansRegular.tsx(1787,5): error TS2339: Property 'hkern' does not exist on type 'JSX.IntrinsicElements'.
src/icons/Fonts/general-sans/GeneralSansRegular.tsx(1788,5): error TS2339: Property 'hkern' does not exist on type 'JSX.IntrinsicElements'.
src/icons/Fonts/general-sans/GeneralSansRegular.tsx(1789,5): error TS2339: Property 'hkern' does not exist on type 'JSX.IntrinsicElements'.
src/icons/Fonts/general-sans/GeneralSansRegular.tsx(1790,5): error TS2339: Property 'hkern' does not exist on type 'JSX.IntrinsicElements'.
src/icons/Fonts/general-sans/GeneralSansRegular.tsx(1791,5): error TS2339: Property 'hkern' does not exist on type 'JSX.IntrinsicElements'.
src/icons/Fonts/general-sans/GeneralSansRegular.tsx(1792,5): error TS2339: Property 'hkern' does not exist on type 'JSX.IntrinsicElements'.
src/icons/Fonts/general-sans/GeneralSansRegular.tsx(1793,5): error TS2339: Property 'hkern' does not exist on type 'JSX.IntrinsicElements'.
src/icons/Fonts/general-sans/GeneralSansRegular.tsx(1794,5): error TS2339: Property 'hkern' does not exist on type 'JSX.IntrinsicElements'.
src/icons/Fonts/general-sans/GeneralSansRegular.tsx(1795,5): error TS2339: Property 'hkern' does not exist on type 'JSX.IntrinsicElements'.
src/icons/Fonts/general-sans/GeneralSansRegular.tsx(1796,5): error TS2339: Property 'hkern' does not exist on type 'JSX.IntrinsicElements'.
src/icons/Fonts/general-sans/GeneralSansRegular.tsx(1797,5): error TS2339: Property 'hkern' does not exist on type 'JSX.IntrinsicElements'.
src/icons/Fonts/general-sans/GeneralSansRegular.tsx(1798,5): error TS2339: Property 'hkern' does not exist on type 'JSX.IntrinsicElements'.
src/icons/Fonts/general-sans/GeneralSansRegular.tsx(1799,5): error TS2339: Property 'hkern' does not exist on type 'JSX.IntrinsicElements'.
src/icons/Fonts/general-sans/GeneralSansRegular.tsx(1800,5): error TS2339: Property 'hkern' does not exist on type 'JSX.IntrinsicElements'.
src/icons/Fonts/general-sans/GeneralSansRegular.tsx(1801,5): error TS2339: Property 'hkern' does not exist on type 'JSX.IntrinsicElements'.
src/icons/Fonts/general-sans/GeneralSansRegular.tsx(1802,5): error TS2339: Property 'hkern' does not exist on type 'JSX.IntrinsicElements'.
src/icons/Fonts/general-sans/GeneralSansRegular.tsx(1803,5): error TS2339: Property 'hkern' does not exist on type 'JSX.IntrinsicElements'.
src/icons/Fonts/general-sans/GeneralSansRegular.tsx(1804,5): error TS2339: Property 'hkern' does not exist on type 'JSX.IntrinsicElements'.
src/icons/Fonts/general-sans/GeneralSansRegular.tsx(1805,5): error TS2339: Property 'hkern' does not exist on type 'JSX.IntrinsicElements'.
src/icons/Fonts/general-sans/GeneralSansRegular.tsx(1806,5): error TS2339: Property 'hkern' does not exist on type 'JSX.IntrinsicElements'.
src/icons/Fonts/general-sans/GeneralSansRegular.tsx(1807,5): error TS2339: Property 'hkern' does not exist on type 'JSX.IntrinsicElements'.
src/icons/Fonts/general-sans/GeneralSansRegular.tsx(1808,5): error TS2339: Property 'hkern' does not exist on type 'JSX.IntrinsicElements'.
src/icons/Fonts/general-sans/GeneralSansRegular.tsx(1809,5): error TS2339: Property 'hkern' does not exist on type 'JSX.IntrinsicElements'.
src/icons/Fonts/general-sans/GeneralSansRegular.tsx(1810,5): error TS2339: Property 'hkern' does not exist on type 'JSX.IntrinsicElements'.
src/icons/Fonts/general-sans/GeneralSansRegular.tsx(1811,5): error TS2339: Property 'hkern' does not exist on type 'JSX.IntrinsicElements'.
src/icons/Fonts/general-sans/GeneralSansRegular.tsx(1812,5): error TS2339: Property 'hkern' does not exist on type 'JSX.IntrinsicElements'.
src/icons/Fonts/general-sans/GeneralSansRegular.tsx(1813,5): error TS2339: Property 'hkern' does not exist on type 'JSX.IntrinsicElements'.
src/icons/Fonts/general-sans/GeneralSansRegular.tsx(1814,5): error TS2339: Property 'hkern' does not exist on type 'JSX.IntrinsicElements'.
src/icons/Fonts/general-sans/GeneralSansRegular.tsx(1815,5): error TS2339: Property 'hkern' does not exist on type 'JSX.IntrinsicElements'.
src/icons/Fonts/general-sans/GeneralSansRegular.tsx(1816,5): error TS2339: Property 'hkern' does not exist on type 'JSX.IntrinsicElements'.
src/icons/Fonts/general-sans/GeneralSansRegular.tsx(1817,5): error TS2339: Property 'hkern' does not exist on type 'JSX.IntrinsicElements'.
src/icons/Fonts/general-sans/GeneralSansRegular.tsx(1818,5): error TS2339: Property 'hkern' does not exist on type 'JSX.IntrinsicElements'.
src/icons/Fonts/general-sans/GeneralSansRegular.tsx(1819,5): error TS2339: Property 'hkern' does not exist on type 'JSX.IntrinsicElements'.
src/icons/Fonts/general-sans/GeneralSansRegular.tsx(1820,5): error TS2339: Property 'hkern' does not exist on type 'JSX.IntrinsicElements'.
src/icons/Fonts/general-sans/GeneralSansRegular.tsx(1821,5): error TS2339: Property 'hkern' does not exist on type 'JSX.IntrinsicElements'.
src/icons/Fonts/general-sans/GeneralSansRegular.tsx(1822,5): error TS2339: Property 'hkern' does not exist on type 'JSX.IntrinsicElements'.
src/icons/Fonts/general-sans/GeneralSansRegular.tsx(1823,5): error TS2339: Property 'hkern' does not exist on type 'JSX.IntrinsicElements'.
src/icons/Fonts/general-sans/GeneralSansRegular.tsx(1824,5): error TS2339: Property 'hkern' does not exist on type 'JSX.IntrinsicElements'.
src/icons/Fonts/general-sans/GeneralSansRegular.tsx(1825,5): error TS2339: Property 'hkern' does not exist on type 'JSX.IntrinsicElements'.
src/icons/Fonts/general-sans/GeneralSansRegular.tsx(1826,5): error TS2339: Property 'hkern' does not exist on type 'JSX.IntrinsicElements'.
src/icons/Fonts/general-sans/GeneralSansRegular.tsx(1827,5): error TS2339: Property 'hkern' does not exist on type 'JSX.IntrinsicElements'.
src/icons/Fonts/general-sans/GeneralSansRegular.tsx(1828,5): error TS2339: Property 'hkern' does not exist on type 'JSX.IntrinsicElements'.
src/icons/Fonts/general-sans/GeneralSansRegular.tsx(1829,5): error TS2339: Property 'hkern' does not exist on type 'JSX.IntrinsicElements'.
src/icons/Fonts/general-sans/GeneralSansRegular.tsx(1830,5): error TS2339: Property 'hkern' does not exist on type 'JSX.IntrinsicElements'.
src/icons/Fonts/general-sans/GeneralSansRegular.tsx(1831,5): error TS2339: Property 'hkern' does not exist on type 'JSX.IntrinsicElements'.
src/icons/Fonts/general-sans/GeneralSansRegular.tsx(1832,5): error TS2339: Property 'hkern' does not exist on type 'JSX.IntrinsicElements'.
src/icons/Fonts/general-sans/GeneralSansRegular.tsx(1833,5): error TS2339: Property 'hkern' does not exist on type 'JSX.IntrinsicElements'.
src/icons/Fonts/general-sans/GeneralSansRegular.tsx(1834,5): error TS2339: Property 'hkern' does not exist on type 'JSX.IntrinsicElements'.
src/icons/Fonts/general-sans/GeneralSansRegular.tsx(1835,5): error TS2339: Property 'hkern' does not exist on type 'JSX.IntrinsicElements'.
src/icons/Fonts/general-sans/GeneralSansRegular.tsx(1836,5): error TS2339: Property 'hkern' does not exist on type 'JSX.IntrinsicElements'.
src/icons/Fonts/general-sans/GeneralSansRegular.tsx(1837,5): error TS2339: Property 'hkern' does not exist on type 'JSX.IntrinsicElements'.
src/icons/Fonts/general-sans/GeneralSansRegular.tsx(1838,5): error TS2339: Property 'hkern' does not exist on type 'JSX.IntrinsicElements'.
src/icons/Fonts/general-sans/GeneralSansRegular.tsx(1839,5): error TS2339: Property 'hkern' does not exist on type 'JSX.IntrinsicElements'.
src/icons/Fonts/general-sans/GeneralSansRegular.tsx(1840,5): error TS2339: Property 'hkern' does not exist on type 'JSX.IntrinsicElements'.
src/icons/Fonts/general-sans/GeneralSansRegular.tsx(1841,5): error TS2339: Property 'hkern' does not exist on type 'JSX.IntrinsicElements'.
src/icons/Fonts/general-sans/GeneralSansRegular.tsx(1842,5): error TS2339: Property 'hkern' does not exist on type 'JSX.IntrinsicElements'.
src/icons/Fonts/general-sans/GeneralSansRegular.tsx(1843,5): error TS2339: Property 'hkern' does not exist on type 'JSX.IntrinsicElements'.
src/icons/Fonts/general-sans/GeneralSansRegular.tsx(1844,5): error TS2339: Property 'hkern' does not exist on type 'JSX.IntrinsicElements'.
src/icons/Fonts/general-sans/GeneralSansRegular.tsx(1845,5): error TS2339: Property 'hkern' does not exist on type 'JSX.IntrinsicElements'.
src/icons/Fonts/general-sans/GeneralSansRegular.tsx(1846,5): error TS2339: Property 'hkern' does not exist on type 'JSX.IntrinsicElements'.
src/icons/Fonts/general-sans/GeneralSansRegular.tsx(1847,5): error TS2339: Property 'hkern' does not exist on type 'JSX.IntrinsicElements'.
src/icons/Fonts/general-sans/GeneralSansRegular.tsx(1848,5): error TS2339: Property 'hkern' does not exist on type 'JSX.IntrinsicElements'.
src/icons/Fonts/general-sans/GeneralSansRegular.tsx(1849,5): error TS2339: Property 'hkern' does not exist on type 'JSX.IntrinsicElements'.
src/icons/Fonts/general-sans/GeneralSansRegular.tsx(1850,5): error TS2339: Property 'hkern' does not exist on type 'JSX.IntrinsicElements'.
src/icons/Fonts/general-sans/GeneralSansRegular.tsx(1851,5): error TS2339: Property 'hkern' does not exist on type 'JSX.IntrinsicElements'.
src/icons/Fonts/general-sans/GeneralSansRegular.tsx(1852,5): error TS2339: Property 'hkern' does not exist on type 'JSX.IntrinsicElements'.
src/icons/Fonts/general-sans/GeneralSansRegular.tsx(1853,5): error TS2339: Property 'hkern' does not exist on type 'JSX.IntrinsicElements'.
src/icons/Fonts/general-sans/GeneralSansRegular.tsx(1854,5): error TS2339: Property 'hkern' does not exist on type 'JSX.IntrinsicElements'.
src/icons/Fonts/general-sans/GeneralSansRegular.tsx(1855,5): error TS2339: Property 'hkern' does not exist on type 'JSX.IntrinsicElements'.
src/icons/Fonts/general-sans/GeneralSansRegular.tsx(1856,5): error TS2339: Property 'hkern' does not exist on type 'JSX.IntrinsicElements'.
src/icons/Fonts/general-sans/GeneralSansRegular.tsx(1857,5): error TS2339: Property 'hkern' does not exist on type 'JSX.IntrinsicElements'.
src/icons/Fonts/general-sans/GeneralSansRegular.tsx(1858,5): error TS2339: Property 'hkern' does not exist on type 'JSX.IntrinsicElements'.
src/icons/Fonts/general-sans/GeneralSansRegular.tsx(1859,5): error TS2339: Property 'hkern' does not exist on type 'JSX.IntrinsicElements'.
src/icons/Fonts/general-sans/GeneralSansRegular.tsx(1860,5): error TS2339: Property 'hkern' does not exist on type 'JSX.IntrinsicElements'.
src/icons/Fonts/general-sans/GeneralSansRegular.tsx(1861,5): error TS2339: Property 'hkern' does not exist on type 'JSX.IntrinsicElements'.
src/icons/Fonts/general-sans/GeneralSansRegular.tsx(1862,5): error TS2339: Property 'hkern' does not exist on type 'JSX.IntrinsicElements'.
src/icons/Fonts/general-sans/GeneralSansRegular.tsx(1863,5): error TS2339: Property 'hkern' does not exist on type 'JSX.IntrinsicElements'.
src/icons/Fonts/general-sans/GeneralSansRegular.tsx(1864,5): error TS2339: Property 'hkern' does not exist on type 'JSX.IntrinsicElements'.
src/icons/Fonts/general-sans/GeneralSansRegular.tsx(1865,5): error TS2339: Property 'hkern' does not exist on type 'JSX.IntrinsicElements'.
src/icons/Fonts/general-sans/GeneralSansRegular.tsx(1866,5): error TS2339: Property 'hkern' does not exist on type 'JSX.IntrinsicElements'.
src/icons/Fonts/general-sans/GeneralSansRegular.tsx(1867,5): error TS2339: Property 'hkern' does not exist on type 'JSX.IntrinsicElements'.
src/icons/Fonts/general-sans/GeneralSansRegular.tsx(1868,5): error TS2339: Property 'hkern' does not exist on type 'JSX.IntrinsicElements'.
src/icons/Fonts/general-sans/GeneralSansRegular.tsx(1869,5): error TS2339: Property 'hkern' does not exist on type 'JSX.IntrinsicElements'.
src/icons/Fonts/general-sans/GeneralSansRegular.tsx(1870,5): error TS2339: Property 'hkern' does not exist on type 'JSX.IntrinsicElements'.
src/icons/Fonts/general-sans/GeneralSansRegular.tsx(1871,5): error TS2339: Property 'hkern' does not exist on type 'JSX.IntrinsicElements'.
src/icons/Fonts/general-sans/GeneralSansRegular.tsx(1872,5): error TS2339: Property 'hkern' does not exist on type 'JSX.IntrinsicElements'.
src/icons/Fonts/general-sans/GeneralSansRegular.tsx(1873,5): error TS2339: Property 'hkern' does not exist on type 'JSX.IntrinsicElements'.
src/icons/Fonts/general-sans/GeneralSansRegular.tsx(1874,5): error TS2339: Property 'hkern' does not exist on type 'JSX.IntrinsicElements'.
src/icons/Fonts/general-sans/GeneralSansRegular.tsx(1875,5): error TS2339: Property 'hkern' does not exist on type 'JSX.IntrinsicElements'.
src/icons/Fonts/general-sans/GeneralSansRegular.tsx(1876,5): error TS2339: Property 'hkern' does not exist on type 'JSX.IntrinsicElements'.
src/icons/Fonts/general-sans/GeneralSansRegular.tsx(1877,5): error TS2339: Property 'hkern' does not exist on type 'JSX.IntrinsicElements'.
src/icons/Fonts/general-sans/GeneralSansRegular.tsx(1878,5): error TS2339: Property 'hkern' does not exist on type 'JSX.IntrinsicElements'.
src/icons/Fonts/general-sans/GeneralSansRegular.tsx(1879,5): error TS2339: Property 'hkern' does not exist on type 'JSX.IntrinsicElements'.
src/icons/Fonts/general-sans/GeneralSansRegular.tsx(1880,5): error TS2339: Property 'hkern' does not exist on type 'JSX.IntrinsicElements'.
src/icons/Fonts/general-sans/GeneralSansRegular.tsx(1881,5): error TS2339: Property 'hkern' does not exist on type 'JSX.IntrinsicElements'.
src/icons/Fonts/general-sans/GeneralSansRegular.tsx(1882,5): error TS2339: Property 'hkern' does not exist on type 'JSX.IntrinsicElements'.
src/icons/Fonts/general-sans/GeneralSansRegular.tsx(1883,5): error TS2339: Property 'hkern' does not exist on type 'JSX.IntrinsicElements'.
src/icons/Fonts/general-sans/GeneralSansRegular.tsx(1884,5): error TS2339: Property 'hkern' does not exist on type 'JSX.IntrinsicElements'.
src/icons/Fonts/general-sans/GeneralSansRegular.tsx(1885,5): error TS2339: Property 'hkern' does not exist on type 'JSX.IntrinsicElements'.
src/icons/Fonts/general-sans/GeneralSansRegular.tsx(1886,5): error TS2339: Property 'hkern' does not exist on type 'JSX.IntrinsicElements'.
src/icons/Fonts/general-sans/GeneralSansRegular.tsx(1887,5): error TS2339: Property 'hkern' does not exist on type 'JSX.IntrinsicElements'.
src/icons/Fonts/general-sans/GeneralSansRegular.tsx(1888,5): error TS2339: Property 'hkern' does not exist on type 'JSX.IntrinsicElements'.
src/icons/Fonts/general-sans/GeneralSansRegular.tsx(1889,5): error TS2339: Property 'hkern' does not exist on type 'JSX.IntrinsicElements'.
src/icons/Fonts/general-sans/GeneralSansRegular.tsx(1890,5): error TS2339: Property 'hkern' does not exist on type 'JSX.IntrinsicElements'.
src/icons/Fonts/general-sans/GeneralSansRegular.tsx(1891,5): error TS2339: Property 'hkern' does not exist on type 'JSX.IntrinsicElements'.
src/icons/Fonts/general-sans/GeneralSansRegular.tsx(1892,5): error TS2339: Property 'hkern' does not exist on type 'JSX.IntrinsicElements'.
src/icons/Fonts/general-sans/GeneralSansRegular.tsx(1893,5): error TS2339: Property 'hkern' does not exist on type 'JSX.IntrinsicElements'.
src/icons/Fonts/general-sans/GeneralSansRegular.tsx(1894,5): error TS2339: Property 'hkern' does not exist on type 'JSX.IntrinsicElements'.
src/icons/Fonts/general-sans/GeneralSansRegular.tsx(1895,5): error TS2339: Property 'hkern' does not exist on type 'JSX.IntrinsicElements'.
src/icons/Fonts/general-sans/GeneralSansRegular.tsx(1896,5): error TS2339: Property 'hkern' does not exist on type 'JSX.IntrinsicElements'.
src/icons/Fonts/general-sans/GeneralSansRegular.tsx(1897,5): error TS2339: Property 'hkern' does not exist on type 'JSX.IntrinsicElements'.
src/icons/Fonts/general-sans/GeneralSansRegular.tsx(1898,5): error TS2339: Property 'hkern' does not exist on type 'JSX.IntrinsicElements'.
src/icons/Fonts/general-sans/GeneralSansRegular.tsx(1899,5): error TS2339: Property 'hkern' does not exist on type 'JSX.IntrinsicElements'.
src/icons/Fonts/general-sans/GeneralSansRegular.tsx(1900,5): error TS2339: Property 'hkern' does not exist on type 'JSX.IntrinsicElements'.
src/icons/Fonts/general-sans/GeneralSansRegular.tsx(1901,5): error TS2339: Property 'hkern' does not exist on type 'JSX.IntrinsicElements'.
src/icons/Fonts/general-sans/GeneralSansRegular.tsx(1902,5): error TS2339: Property 'hkern' does not exist on type 'JSX.IntrinsicElements'.
src/icons/Fonts/general-sans/GeneralSansRegular.tsx(1903,5): error TS2339: Property 'hkern' does not exist on type 'JSX.IntrinsicElements'.
src/icons/Fonts/general-sans/GeneralSansRegular.tsx(1904,5): error TS2339: Property 'hkern' does not exist on type 'JSX.IntrinsicElements'.
src/icons/Fonts/general-sans/GeneralSansRegular.tsx(1905,5): error TS2339: Property 'hkern' does not exist on type 'JSX.IntrinsicElements'.
src/icons/Fonts/general-sans/GeneralSansRegular.tsx(1906,5): error TS2339: Property 'hkern' does not exist on type 'JSX.IntrinsicElements'.
src/icons/Fonts/general-sans/GeneralSansRegular.tsx(1907,5): error TS2339: Property 'hkern' does not exist on type 'JSX.IntrinsicElements'.
src/icons/Fonts/general-sans/GeneralSansRegular.tsx(1908,5): error TS2339: Property 'hkern' does not exist on type 'JSX.IntrinsicElements'.
src/icons/Fonts/general-sans/GeneralSansRegular.tsx(1909,5): error TS2339: Property 'hkern' does not exist on type 'JSX.IntrinsicElements'.
src/icons/Fonts/general-sans/GeneralSansRegular.tsx(1910,5): error TS2339: Property 'hkern' does not exist on type 'JSX.IntrinsicElements'.
src/icons/Fonts/general-sans/GeneralSansRegular.tsx(1911,5): error TS2339: Property 'hkern' does not exist on type 'JSX.IntrinsicElements'.
src/icons/Fonts/general-sans/GeneralSansRegular.tsx(1912,5): error TS2339: Property 'hkern' does not exist on type 'JSX.IntrinsicElements'.
src/icons/Fonts/general-sans/GeneralSansRegular.tsx(1913,5): error TS2339: Property 'hkern' does not exist on type 'JSX.IntrinsicElements'.
src/icons/Fonts/general-sans/GeneralSansRegular.tsx(1914,5): error TS2339: Property 'hkern' does not exist on type 'JSX.IntrinsicElements'.
src/icons/Fonts/general-sans/GeneralSansRegular.tsx(1915,5): error TS2339: Property 'hkern' does not exist on type 'JSX.IntrinsicElements'.
src/icons/Fonts/general-sans/GeneralSansRegular.tsx(1916,5): error TS2339: Property 'hkern' does not exist on type 'JSX.IntrinsicElements'.
src/icons/Fonts/general-sans/GeneralSansRegular.tsx(1917,5): error TS2339: Property 'hkern' does not exist on type 'JSX.IntrinsicElements'.
src/icons/Fonts/general-sans/GeneralSansRegular.tsx(1918,5): error TS2339: Property 'hkern' does not exist on type 'JSX.IntrinsicElements'.
src/icons/Fonts/general-sans/GeneralSansRegular.tsx(1919,5): error TS2339: Property 'hkern' does not exist on type 'JSX.IntrinsicElements'.
src/icons/Fonts/general-sans/GeneralSansRegular.tsx(1920,5): error TS2339: Property 'hkern' does not exist on type 'JSX.IntrinsicElements'.
src/icons/Fonts/general-sans/GeneralSansRegular.tsx(1921,5): error TS2339: Property 'hkern' does not exist on type 'JSX.IntrinsicElements'.
src/icons/Fonts/general-sans/GeneralSansRegular.tsx(1922,5): error TS2339: Property 'hkern' does not exist on type 'JSX.IntrinsicElements'.
src/icons/Fonts/general-sans/GeneralSansRegular.tsx(1923,5): error TS2339: Property 'hkern' does not exist on type 'JSX.IntrinsicElements'.
src/icons/Fonts/general-sans/GeneralSansRegular.tsx(1924,5): error TS2339: Property 'hkern' does not exist on type 'JSX.IntrinsicElements'.
src/icons/Fonts/general-sans/GeneralSansRegular.tsx(1925,5): error TS2339: Property 'hkern' does not exist on type 'JSX.IntrinsicElements'.
src/icons/Fonts/general-sans/GeneralSansRegular.tsx(1926,5): error TS2339: Property 'hkern' does not exist on type 'JSX.IntrinsicElements'.
src/icons/Fonts/general-sans/GeneralSansRegular.tsx(1927,5): error TS2339: Property 'hkern' does not exist on type 'JSX.IntrinsicElements'.
src/icons/Fonts/general-sans/GeneralSansRegular.tsx(1928,5): error TS2339: Property 'hkern' does not exist on type 'JSX.IntrinsicElements'.
src/icons/Fonts/general-sans/GeneralSansRegular.tsx(1929,5): error TS2339: Property 'hkern' does not exist on type 'JSX.IntrinsicElements'.
src/icons/Fonts/general-sans/GeneralSansRegular.tsx(1930,5): error TS2339: Property 'hkern' does not exist on type 'JSX.IntrinsicElements'.
src/icons/Fonts/general-sans/GeneralSansRegular.tsx(1931,5): error TS2339: Property 'hkern' does not exist on type 'JSX.IntrinsicElements'.
src/icons/Fonts/general-sans/GeneralSansRegular.tsx(1932,5): error TS2339: Property 'hkern' does not exist on type 'JSX.IntrinsicElements'.
src/icons/Fonts/general-sans/GeneralSansRegular.tsx(1933,5): error TS2339: Property 'hkern' does not exist on type 'JSX.IntrinsicElements'.
src/icons/Fonts/general-sans/GeneralSansRegular.tsx(1934,5): error TS2339: Property 'hkern' does not exist on type 'JSX.IntrinsicElements'.
src/icons/Fonts/general-sans/GeneralSansRegular.tsx(1935,5): error TS2339: Property 'hkern' does not exist on type 'JSX.IntrinsicElements'.
src/icons/Fonts/general-sans/GeneralSansRegular.tsx(1936,5): error TS2339: Property 'hkern' does not exist on type 'JSX.IntrinsicElements'.
src/icons/Fonts/general-sans/GeneralSansRegular.tsx(1937,5): error TS2339: Property 'hkern' does not exist on type 'JSX.IntrinsicElements'.
src/icons/Fonts/general-sans/GeneralSansRegular.tsx(1938,5): error TS2339: Property 'hkern' does not exist on type 'JSX.IntrinsicElements'.
src/icons/Fonts/general-sans/GeneralSansRegular.tsx(1939,5): error TS2339: Property 'hkern' does not exist on type 'JSX.IntrinsicElements'.
src/icons/Fonts/general-sans/GeneralSansRegular.tsx(1940,5): error TS2339: Property 'hkern' does not exist on type 'JSX.IntrinsicElements'.
src/icons/Fonts/general-sans/GeneralSansRegular.tsx(1941,5): error TS2339: Property 'hkern' does not exist on type 'JSX.IntrinsicElements'.
src/icons/Fonts/general-sans/GeneralSansRegular.tsx(1942,5): error TS2339: Property 'hkern' does not exist on type 'JSX.IntrinsicElements'.
src/icons/Fonts/general-sans/GeneralSansRegular.tsx(1943,5): error TS2339: Property 'hkern' does not exist on type 'JSX.IntrinsicElements'.
src/icons/Fonts/general-sans/GeneralSansRegular.tsx(1944,5): error TS2339: Property 'hkern' does not exist on type 'JSX.IntrinsicElements'.
src/icons/Fonts/general-sans/GeneralSansRegular.tsx(1945,5): error TS2339: Property 'hkern' does not exist on type 'JSX.IntrinsicElements'.
src/icons/Fonts/general-sans/GeneralSansRegular.tsx(1946,5): error TS2339: Property 'hkern' does not exist on type 'JSX.IntrinsicElements'.
src/icons/Fonts/general-sans/GeneralSansRegular.tsx(1947,5): error TS2339: Property 'hkern' does not exist on type 'JSX.IntrinsicElements'.
src/icons/Fonts/general-sans/GeneralSansRegular.tsx(1948,5): error TS2339: Property 'hkern' does not exist on type 'JSX.IntrinsicElements'.
src/icons/Fonts/general-sans/GeneralSansRegular.tsx(1949,5): error TS2339: Property 'hkern' does not exist on type 'JSX.IntrinsicElements'.
src/icons/Fonts/general-sans/GeneralSansRegular.tsx(1950,5): error TS2339: Property 'hkern' does not exist on type 'JSX.IntrinsicElements'.
src/icons/Fonts/general-sans/GeneralSansRegular.tsx(1951,5): error TS2339: Property 'hkern' does not exist on type 'JSX.IntrinsicElements'.
src/icons/Fonts/general-sans/GeneralSansRegular.tsx(1952,5): error TS2339: Property 'hkern' does not exist on type 'JSX.IntrinsicElements'.
src/icons/Fonts/general-sans/GeneralSansRegular.tsx(1953,5): error TS2339: Property 'hkern' does not exist on type 'JSX.IntrinsicElements'.
src/icons/Fonts/general-sans/GeneralSansRegular.tsx(1954,5): error TS2339: Property 'hkern' does not exist on type 'JSX.IntrinsicElements'.
src/icons/Fonts/general-sans/GeneralSansRegular.tsx(1955,5): error TS2339: Property 'hkern' does not exist on type 'JSX.IntrinsicElements'.
src/icons/Fonts/general-sans/GeneralSansRegular.tsx(1956,5): error TS2339: Property 'hkern' does not exist on type 'JSX.IntrinsicElements'.
src/icons/Fonts/general-sans/GeneralSansRegular.tsx(1957,5): error TS2339: Property 'hkern' does not exist on type 'JSX.IntrinsicElements'.
src/icons/Fonts/general-sans/GeneralSansRegular.tsx(1958,5): error TS2339: Property 'hkern' does not exist on type 'JSX.IntrinsicElements'.
src/icons/Fonts/general-sans/GeneralSansRegular.tsx(1959,5): error TS2339: Property 'hkern' does not exist on type 'JSX.IntrinsicElements'.
src/icons/Fonts/general-sans/GeneralSansRegular.tsx(1960,5): error TS2339: Property 'hkern' does not exist on type 'JSX.IntrinsicElements'.
src/icons/Fonts/general-sans/GeneralSansRegular.tsx(1961,5): error TS2339: Property 'hkern' does not exist on type 'JSX.IntrinsicElements'.
src/icons/Fonts/general-sans/GeneralSansRegular.tsx(1962,5): error TS2339: Property 'hkern' does not exist on type 'JSX.IntrinsicElements'.
src/icons/Fonts/general-sans/GeneralSansRegular.tsx(1963,5): error TS2339: Property 'hkern' does not exist on type 'JSX.IntrinsicElements'.
src/icons/Fonts/general-sans/GeneralSansRegular.tsx(1964,5): error TS2339: Property 'hkern' does not exist on type 'JSX.IntrinsicElements'.
src/icons/Fonts/general-sans/GeneralSansRegular.tsx(1965,5): error TS2339: Property 'hkern' does not exist on type 'JSX.IntrinsicElements'.
src/icons/Fonts/general-sans/GeneralSansRegular.tsx(1966,5): error TS2339: Property 'hkern' does not exist on type 'JSX.IntrinsicElements'.
src/icons/Fonts/general-sans/GeneralSansRegular.tsx(1967,5): error TS2339: Property 'hkern' does not exist on type 'JSX.IntrinsicElements'.
src/icons/Fonts/general-sans/GeneralSansRegular.tsx(1968,5): error TS2339: Property 'hkern' does not exist on type 'JSX.IntrinsicElements'.
src/icons/Fonts/general-sans/GeneralSansRegular.tsx(1969,5): error TS2339: Property 'hkern' does not exist on type 'JSX.IntrinsicElements'.
src/icons/Fonts/general-sans/GeneralSansRegular.tsx(1970,5): error TS2339: Property 'hkern' does not exist on type 'JSX.IntrinsicElements'.
src/icons/Fonts/general-sans/GeneralSansRegular.tsx(1971,5): error TS2339: Property 'hkern' does not exist on type 'JSX.IntrinsicElements'.
src/icons/Fonts/general-sans/GeneralSansRegular.tsx(1972,5): error TS2339: Property 'hkern' does not exist on type 'JSX.IntrinsicElements'.
src/icons/Fonts/general-sans/GeneralSansRegular.tsx(1973,5): error TS2339: Property 'hkern' does not exist on type 'JSX.IntrinsicElements'.
src/icons/Fonts/general-sans/GeneralSansRegular.tsx(1974,5): error TS2339: Property 'hkern' does not exist on type 'JSX.IntrinsicElements'.
src/icons/Fonts/general-sans/GeneralSansRegular.tsx(1975,5): error TS2339: Property 'hkern' does not exist on type 'JSX.IntrinsicElements'.
src/icons/Fonts/general-sans/GeneralSansRegular.tsx(1976,5): error TS2339: Property 'hkern' does not exist on type 'JSX.IntrinsicElements'.
src/icons/Fonts/general-sans/GeneralSansRegular.tsx(1977,5): error TS2339: Property 'hkern' does not exist on type 'JSX.IntrinsicElements'.
src/icons/Fonts/general-sans/GeneralSansRegular.tsx(1978,5): error TS2339: Property 'hkern' does not exist on type 'JSX.IntrinsicElements'.
src/icons/Fonts/general-sans/GeneralSansRegular.tsx(1979,5): error TS2339: Property 'hkern' does not exist on type 'JSX.IntrinsicElements'.
src/icons/Fonts/general-sans/GeneralSansRegular.tsx(1980,5): error TS2339: Property 'hkern' does not exist on type 'JSX.IntrinsicElements'.
src/icons/Fonts/general-sans/GeneralSansRegular.tsx(1981,5): error TS2339: Property 'hkern' does not exist on type 'JSX.IntrinsicElements'.
src/icons/Fonts/general-sans/GeneralSansRegular.tsx(1982,5): error TS2339: Property 'hkern' does not exist on type 'JSX.IntrinsicElements'.
src/icons/Fonts/general-sans/GeneralSansRegular.tsx(1983,5): error TS2339: Property 'hkern' does not exist on type 'JSX.IntrinsicElements'.
src/icons/Fonts/general-sans/GeneralSansRegular.tsx(1984,5): error TS2339: Property 'hkern' does not exist on type 'JSX.IntrinsicElements'.
src/icons/Fonts/general-sans/GeneralSansRegular.tsx(1985,5): error TS2339: Property 'hkern' does not exist on type 'JSX.IntrinsicElements'.
src/icons/Fonts/general-sans/GeneralSansRegular.tsx(1986,5): error TS2339: Property 'hkern' does not exist on type 'JSX.IntrinsicElements'.
src/icons/Fonts/general-sans/GeneralSansRegular.tsx(1987,5): error TS2339: Property 'hkern' does not exist on type 'JSX.IntrinsicElements'.
src/icons/Fonts/general-sans/GeneralSansRegular.tsx(1988,5): error TS2339: Property 'hkern' does not exist on type 'JSX.IntrinsicElements'.
src/icons/Fonts/general-sans/GeneralSansRegular.tsx(1989,5): error TS2339: Property 'hkern' does not exist on type 'JSX.IntrinsicElements'.
src/icons/Fonts/general-sans/GeneralSansRegular.tsx(1990,5): error TS2339: Property 'hkern' does not exist on type 'JSX.IntrinsicElements'.
src/icons/Fonts/general-sans/GeneralSansRegular.tsx(1991,5): error TS2339: Property 'hkern' does not exist on type 'JSX.IntrinsicElements'.
src/icons/Fonts/general-sans/GeneralSansRegular.tsx(1992,5): error TS2339: Property 'hkern' does not exist on type 'JSX.IntrinsicElements'.
src/icons/Fonts/general-sans/GeneralSansRegular.tsx(1993,5): error TS2339: Property 'hkern' does not exist on type 'JSX.IntrinsicElements'.
src/icons/Fonts/general-sans/GeneralSansRegular.tsx(1994,5): error TS2339: Property 'hkern' does not exist on type 'JSX.IntrinsicElements'.
src/icons/Fonts/general-sans/GeneralSansRegular.tsx(1995,5): error TS2339: Property 'hkern' does not exist on type 'JSX.IntrinsicElements'.
src/icons/Fonts/general-sans/GeneralSansRegular.tsx(1996,5): error TS2339: Property 'hkern' does not exist on type 'JSX.IntrinsicElements'.
src/icons/Fonts/general-sans/GeneralSansRegular.tsx(1997,5): error TS2339: Property 'hkern' does not exist on type 'JSX.IntrinsicElements'.
src/icons/Fonts/general-sans/GeneralSansRegular.tsx(1998,5): error TS2339: Property 'hkern' does not exist on type 'JSX.IntrinsicElements'.
src/icons/Fonts/general-sans/GeneralSansRegular.tsx(1999,5): error TS2339: Property 'hkern' does not exist on type 'JSX.IntrinsicElements'.
src/icons/Fonts/general-sans/GeneralSansRegular.tsx(2000,5): error TS2339: Property 'hkern' does not exist on type 'JSX.IntrinsicElements'.
src/icons/Fonts/general-sans/GeneralSansRegular.tsx(2001,5): error TS2339: Property 'hkern' does not exist on type 'JSX.IntrinsicElements'.
src/icons/Fonts/general-sans/GeneralSansRegular.tsx(2002,5): error TS2339: Property 'hkern' does not exist on type 'JSX.IntrinsicElements'.
src/icons/Fonts/general-sans/GeneralSansRegular.tsx(2003,5): error TS2339: Property 'hkern' does not exist on type 'JSX.IntrinsicElements'.
src/icons/Fonts/general-sans/GeneralSansRegular.tsx(2004,5): error TS2339: Property 'hkern' does not exist on type 'JSX.IntrinsicElements'.
src/icons/Fonts/general-sans/GeneralSansRegular.tsx(2005,5): error TS2339: Property 'hkern' does not exist on type 'JSX.IntrinsicElements'.
src/icons/Fonts/general-sans/GeneralSansRegular.tsx(2006,5): error TS2339: Property 'hkern' does not exist on type 'JSX.IntrinsicElements'.
src/icons/Fonts/general-sans/GeneralSansRegular.tsx(2007,5): error TS2339: Property 'hkern' does not exist on type 'JSX.IntrinsicElements'.
src/icons/Fonts/general-sans/GeneralSansRegular.tsx(2008,5): error TS2339: Property 'hkern' does not exist on type 'JSX.IntrinsicElements'.
src/icons/Fonts/general-sans/GeneralSansRegular.tsx(2009,5): error TS2339: Property 'hkern' does not exist on type 'JSX.IntrinsicElements'.
src/icons/Fonts/general-sans/GeneralSansRegular.tsx(2010,5): error TS2339: Property 'hkern' does not exist on type 'JSX.IntrinsicElements'.
src/icons/Fonts/general-sans/GeneralSansRegular.tsx(2011,5): error TS2339: Property 'hkern' does not exist on type 'JSX.IntrinsicElements'.
src/icons/Fonts/general-sans/GeneralSansRegular.tsx(2012,5): error TS2339: Property 'hkern' does not exist on type 'JSX.IntrinsicElements'.
src/icons/Fonts/general-sans/GeneralSansRegular.tsx(2013,5): error TS2339: Property 'hkern' does not exist on type 'JSX.IntrinsicElements'.
src/icons/Fonts/general-sans/GeneralSansRegular.tsx(2014,5): error TS2339: Property 'hkern' does not exist on type 'JSX.IntrinsicElements'.
src/icons/Fonts/general-sans/GeneralSansRegular.tsx(2015,5): error TS2339: Property 'hkern' does not exist on type 'JSX.IntrinsicElements'.
src/icons/Fonts/general-sans/GeneralSansRegular.tsx(2016,5): error TS2339: Property 'hkern' does not exist on type 'JSX.IntrinsicElements'.
src/icons/Fonts/general-sans/GeneralSansRegular.tsx(2017,5): error TS2339: Property 'hkern' does not exist on type 'JSX.IntrinsicElements'.
src/icons/Fonts/general-sans/GeneralSansRegular.tsx(2018,5): error TS2339: Property 'hkern' does not exist on type 'JSX.IntrinsicElements'.
src/icons/Fonts/general-sans/GeneralSansRegular.tsx(2019,5): error TS2339: Property 'hkern' does not exist on type 'JSX.IntrinsicElements'.
src/icons/Fonts/general-sans/GeneralSansRegular.tsx(2020,5): error TS2339: Property 'hkern' does not exist on type 'JSX.IntrinsicElements'.
src/icons/Fonts/general-sans/GeneralSansRegular.tsx(2021,5): error TS2339: Property 'hkern' does not exist on type 'JSX.IntrinsicElements'.
src/icons/Fonts/general-sans/GeneralSansRegular.tsx(2022,5): error TS2339: Property 'hkern' does not exist on type 'JSX.IntrinsicElements'.
src/icons/Fonts/general-sans/GeneralSansRegular.tsx(2023,5): error TS2339: Property 'hkern' does not exist on type 'JSX.IntrinsicElements'.
src/icons/Fonts/general-sans/GeneralSansRegular.tsx(2024,5): error TS2339: Property 'hkern' does not exist on type 'JSX.IntrinsicElements'.
src/icons/Fonts/general-sans/GeneralSansRegular.tsx(2025,5): error TS2339: Property 'hkern' does not exist on type 'JSX.IntrinsicElements'.
src/icons/Fonts/general-sans/GeneralSansRegular.tsx(2026,5): error TS2339: Property 'hkern' does not exist on type 'JSX.IntrinsicElements'.
src/icons/Fonts/general-sans/GeneralSansRegular.tsx(2027,5): error TS2339: Property 'hkern' does not exist on type 'JSX.IntrinsicElements'.
src/icons/Fonts/general-sans/GeneralSansRegular.tsx(2028,5): error TS2339: Property 'hkern' does not exist on type 'JSX.IntrinsicElements'.
src/icons/Fonts/general-sans/GeneralSansRegular.tsx(2029,5): error TS2339: Property 'hkern' does not exist on type 'JSX.IntrinsicElements'.
src/icons/Fonts/general-sans/GeneralSansRegular.tsx(2030,5): error TS2339: Property 'hkern' does not exist on type 'JSX.IntrinsicElements'.
src/icons/Fonts/general-sans/GeneralSansRegular.tsx(2031,5): error TS2339: Property 'hkern' does not exist on type 'JSX.IntrinsicElements'.
src/icons/Fonts/general-sans/GeneralSansRegular.tsx(2032,5): error TS2339: Property 'hkern' does not exist on type 'JSX.IntrinsicElements'.
src/icons/Fonts/general-sans/GeneralSansRegular.tsx(2033,5): error TS2339: Property 'hkern' does not exist on type 'JSX.IntrinsicElements'.
src/icons/Fonts/general-sans/GeneralSansRegular.tsx(2034,5): error TS2339: Property 'hkern' does not exist on type 'JSX.IntrinsicElements'.
src/icons/Fonts/general-sans/GeneralSansRegular.tsx(2035,5): error TS2339: Property 'hkern' does not exist on type 'JSX.IntrinsicElements'.
src/icons/Fonts/general-sans/GeneralSansRegular.tsx(2036,5): error TS2339: Property 'hkern' does not exist on type 'JSX.IntrinsicElements'.
src/icons/Fonts/general-sans/GeneralSansRegular.tsx(2037,5): error TS2339: Property 'hkern' does not exist on type 'JSX.IntrinsicElements'.
src/icons/Fonts/general-sans/GeneralSansRegular.tsx(2038,5): error TS2339: Property 'hkern' does not exist on type 'JSX.IntrinsicElements'.
src/icons/Fonts/general-sans/GeneralSansRegular.tsx(2039,5): error TS2339: Property 'hkern' does not exist on type 'JSX.IntrinsicElements'.
src/icons/Fonts/general-sans/GeneralSansRegular.tsx(2040,5): error TS2339: Property 'hkern' does not exist on type 'JSX.IntrinsicElements'.
src/icons/Fonts/general-sans/GeneralSansRegular.tsx(2041,5): error TS2339: Property 'hkern' does not exist on type 'JSX.IntrinsicElements'.
src/icons/Fonts/general-sans/GeneralSansRegular.tsx(2042,5): error TS2339: Property 'hkern' does not exist on type 'JSX.IntrinsicElements'.
src/icons/Fonts/general-sans/GeneralSansRegular.tsx(2043,5): error TS2339: Property 'hkern' does not exist on type 'JSX.IntrinsicElements'.
src/icons/Fonts/general-sans/GeneralSansRegular.tsx(2044,5): error TS2339: Property 'hkern' does not exist on type 'JSX.IntrinsicElements'.
src/icons/Fonts/general-sans/GeneralSansRegular.tsx(2045,5): error TS2339: Property 'hkern' does not exist on type 'JSX.IntrinsicElements'.
src/icons/Fonts/general-sans/GeneralSansRegular.tsx(2046,5): error TS2339: Property 'hkern' does not exist on type 'JSX.IntrinsicElements'.
src/icons/Fonts/general-sans/GeneralSansRegular.tsx(2047,5): error TS2339: Property 'hkern' does not exist on type 'JSX.IntrinsicElements'.
src/icons/Fonts/general-sans/GeneralSansRegular.tsx(2048,5): error TS2339: Property 'hkern' does not exist on type 'JSX.IntrinsicElements'.
src/icons/Fonts/general-sans/GeneralSansRegular.tsx(2049,5): error TS2339: Property 'hkern' does not exist on type 'JSX.IntrinsicElements'.
src/icons/Fonts/general-sans/GeneralSansRegular.tsx(2050,5): error TS2339: Property 'hkern' does not exist on type 'JSX.IntrinsicElements'.
src/icons/Fonts/general-sans/GeneralSansRegular.tsx(2051,5): error TS2339: Property 'hkern' does not exist on type 'JSX.IntrinsicElements'.
src/icons/Fonts/general-sans/GeneralSansRegular.tsx(2052,5): error TS2339: Property 'hkern' does not exist on type 'JSX.IntrinsicElements'.
src/icons/Fonts/general-sans/GeneralSansRegular.tsx(2053,5): error TS2339: Property 'hkern' does not exist on type 'JSX.IntrinsicElements'.
src/icons/Fonts/general-sans/GeneralSansRegular.tsx(2054,5): error TS2339: Property 'hkern' does not exist on type 'JSX.IntrinsicElements'.
src/icons/Fonts/general-sans/GeneralSansRegular.tsx(2055,5): error TS2339: Property 'hkern' does not exist on type 'JSX.IntrinsicElements'.
src/icons/Fonts/general-sans/GeneralSansRegular.tsx(2056,5): error TS2339: Property 'hkern' does not exist on type 'JSX.IntrinsicElements'.
src/icons/Fonts/general-sans/GeneralSansRegular.tsx(2057,5): error TS2339: Property 'hkern' does not exist on type 'JSX.IntrinsicElements'.
src/icons/Fonts/general-sans/GeneralSansRegular.tsx(2058,5): error TS2339: Property 'hkern' does not exist on type 'JSX.IntrinsicElements'.
src/icons/Fonts/general-sans/GeneralSansRegular.tsx(2059,5): error TS2339: Property 'hkern' does not exist on type 'JSX.IntrinsicElements'.
src/icons/Fonts/general-sans/GeneralSansRegular.tsx(2060,5): error TS2339: Property 'hkern' does not exist on type 'JSX.IntrinsicElements'.
src/icons/Fonts/general-sans/GeneralSansRegular.tsx(2061,5): error TS2339: Property 'hkern' does not exist on type 'JSX.IntrinsicElements'.
src/icons/Fonts/general-sans/GeneralSansRegular.tsx(2062,5): error TS2339: Property 'hkern' does not exist on type 'JSX.IntrinsicElements'.
src/icons/Fonts/general-sans/GeneralSansRegular.tsx(2063,5): error TS2339: Property 'hkern' does not exist on type 'JSX.IntrinsicElements'.
src/icons/Fonts/general-sans/GeneralSansRegular.tsx(2064,5): error TS2339: Property 'hkern' does not exist on type 'JSX.IntrinsicElements'.
src/icons/Fonts/general-sans/GeneralSansRegular.tsx(2065,5): error TS2339: Property 'hkern' does not exist on type 'JSX.IntrinsicElements'.
src/icons/Fonts/general-sans/GeneralSansRegular.tsx(2066,5): error TS2339: Property 'hkern' does not exist on type 'JSX.IntrinsicElements'.
src/icons/Fonts/general-sans/GeneralSansRegular.tsx(2067,5): error TS2339: Property 'hkern' does not exist on type 'JSX.IntrinsicElements'.
src/icons/Fonts/general-sans/GeneralSansRegular.tsx(2068,5): error TS2339: Property 'hkern' does not exist on type 'JSX.IntrinsicElements'.
src/icons/Fonts/general-sans/GeneralSansRegular.tsx(2069,5): error TS2339: Property 'hkern' does not exist on type 'JSX.IntrinsicElements'.
src/icons/Fonts/general-sans/GeneralSansRegular.tsx(2070,5): error TS2339: Property 'hkern' does not exist on type 'JSX.IntrinsicElements'.
src/icons/Fonts/general-sans/GeneralSansRegular.tsx(2071,5): error TS2339: Property 'hkern' does not exist on type 'JSX.IntrinsicElements'.
src/icons/Fonts/general-sans/GeneralSansRegular.tsx(2072,5): error TS2339: Property 'hkern' does not exist on type 'JSX.IntrinsicElements'.
src/icons/Fonts/general-sans/GeneralSansRegular.tsx(2073,5): error TS2339: Property 'hkern' does not exist on type 'JSX.IntrinsicElements'.
src/icons/Fonts/general-sans/GeneralSansRegular.tsx(2074,5): error TS2339: Property 'hkern' does not exist on type 'JSX.IntrinsicElements'.
src/icons/Fonts/general-sans/GeneralSansRegular.tsx(2075,5): error TS2339: Property 'hkern' does not exist on type 'JSX.IntrinsicElements'.
src/icons/Fonts/general-sans/GeneralSansRegular.tsx(2076,5): error TS2339: Property 'hkern' does not exist on type 'JSX.IntrinsicElements'.
src/icons/Fonts/general-sans/GeneralSansRegular.tsx(2077,5): error TS2339: Property 'hkern' does not exist on type 'JSX.IntrinsicElements'.
src/icons/Fonts/general-sans/GeneralSansRegular.tsx(2078,5): error TS2339: Property 'hkern' does not exist on type 'JSX.IntrinsicElements'.
src/icons/Fonts/general-sans/GeneralSansRegular.tsx(2079,5): error TS2339: Property 'hkern' does not exist on type 'JSX.IntrinsicElements'.
src/icons/Fonts/general-sans/GeneralSansRegular.tsx(2080,5): error TS2339: Property 'hkern' does not exist on type 'JSX.IntrinsicElements'.
src/icons/Fonts/general-sans/GeneralSansRegular.tsx(2081,5): error TS2339: Property 'hkern' does not exist on type 'JSX.IntrinsicElements'.
src/icons/Fonts/general-sans/GeneralSansRegular.tsx(2082,5): error TS2339: Property 'hkern' does not exist on type 'JSX.IntrinsicElements'.
src/icons/Fonts/general-sans/GeneralSansRegular.tsx(2083,5): error TS2339: Property 'hkern' does not exist on type 'JSX.IntrinsicElements'.
src/icons/Fonts/general-sans/GeneralSansRegular.tsx(2084,5): error TS2339: Property 'hkern' does not exist on type 'JSX.IntrinsicElements'.
src/icons/Fonts/general-sans/GeneralSansRegular.tsx(2085,5): error TS2339: Property 'hkern' does not exist on type 'JSX.IntrinsicElements'.
src/icons/Fonts/general-sans/GeneralSansRegular.tsx(2086,5): error TS2339: Property 'hkern' does not exist on type 'JSX.IntrinsicElements'.
src/icons/Fonts/general-sans/GeneralSansRegular.tsx(2087,5): error TS2339: Property 'hkern' does not exist on type 'JSX.IntrinsicElements'.
src/icons/Fonts/general-sans/GeneralSansRegular.tsx(2088,5): error TS2339: Property 'hkern' does not exist on type 'JSX.IntrinsicElements'.
src/icons/Fonts/general-sans/GeneralSansRegular.tsx(2089,5): error TS2339: Property 'hkern' does not exist on type 'JSX.IntrinsicElements'.
src/icons/Fonts/general-sans/GeneralSansRegular.tsx(2090,5): error TS2339: Property 'hkern' does not exist on type 'JSX.IntrinsicElements'.
src/icons/Fonts/general-sans/GeneralSansRegular.tsx(2091,5): error TS2339: Property 'hkern' does not exist on type 'JSX.IntrinsicElements'.
src/icons/Fonts/general-sans/GeneralSansRegular.tsx(2092,5): error TS2339: Property 'hkern' does not exist on type 'JSX.IntrinsicElements'.
src/icons/Fonts/general-sans/GeneralSansRegular.tsx(2093,5): error TS2339: Property 'hkern' does not exist on type 'JSX.IntrinsicElements'.
src/icons/Fonts/general-sans/GeneralSansRegular.tsx(2094,5): error TS2339: Property 'hkern' does not exist on type 'JSX.IntrinsicElements'.
src/icons/Fonts/general-sans/GeneralSansRegular.tsx(2095,5): error TS2339: Property 'hkern' does not exist on type 'JSX.IntrinsicElements'.
src/icons/Fonts/general-sans/GeneralSansRegular.tsx(2096,5): error TS2339: Property 'hkern' does not exist on type 'JSX.IntrinsicElements'.
src/icons/Fonts/general-sans/GeneralSansRegular.tsx(2097,5): error TS2339: Property 'hkern' does not exist on type 'JSX.IntrinsicElements'.
src/icons/Fonts/general-sans/GeneralSansRegular.tsx(2098,5): error TS2339: Property 'hkern' does not exist on type 'JSX.IntrinsicElements'.
src/icons/Fonts/general-sans/GeneralSansRegular.tsx(2099,5): error TS2339: Property 'hkern' does not exist on type 'JSX.IntrinsicElements'.
src/icons/Fonts/general-sans/GeneralSansRegular.tsx(2100,5): error TS2339: Property 'hkern' does not exist on type 'JSX.IntrinsicElements'.
src/icons/Fonts/general-sans/GeneralSansRegular.tsx(2101,5): error TS2339: Property 'hkern' does not exist on type 'JSX.IntrinsicElements'.
src/icons/Fonts/general-sans/GeneralSansRegular.tsx(2102,5): error TS2339: Property 'hkern' does not exist on type 'JSX.IntrinsicElements'.
src/icons/Fonts/general-sans/GeneralSansRegular.tsx(2103,5): error TS2339: Property 'hkern' does not exist on type 'JSX.IntrinsicElements'.
src/icons/Fonts/general-sans/GeneralSansRegular.tsx(2104,5): error TS2339: Property 'hkern' does not exist on type 'JSX.IntrinsicElements'.
src/icons/Fonts/general-sans/GeneralSansRegular.tsx(2105,5): error TS2339: Property 'hkern' does not exist on type 'JSX.IntrinsicElements'.
src/icons/Fonts/general-sans/GeneralSansRegular.tsx(2106,5): error TS2339: Property 'hkern' does not exist on type 'JSX.IntrinsicElements'.
src/icons/Fonts/general-sans/GeneralSansRegular.tsx(2107,5): error TS2339: Property 'hkern' does not exist on type 'JSX.IntrinsicElements'.
src/icons/Fonts/general-sans/GeneralSansRegular.tsx(2108,5): error TS2339: Property 'hkern' does not exist on type 'JSX.IntrinsicElements'.
src/icons/Fonts/general-sans/GeneralSansRegular.tsx(2109,5): error TS2339: Property 'hkern' does not exist on type 'JSX.IntrinsicElements'.
src/icons/Fonts/general-sans/GeneralSansRegular.tsx(2110,5): error TS2339: Property 'hkern' does not exist on type 'JSX.IntrinsicElements'.
src/icons/Fonts/general-sans/GeneralSansRegular.tsx(2111,5): error TS2339: Property 'hkern' does not exist on type 'JSX.IntrinsicElements'.
src/icons/Fonts/general-sans/GeneralSansRegular.tsx(2112,5): error TS2339: Property 'hkern' does not exist on type 'JSX.IntrinsicElements'.
src/icons/Fonts/general-sans/GeneralSansRegular.tsx(2113,5): error TS2339: Property 'hkern' does not exist on type 'JSX.IntrinsicElements'.
src/icons/Fonts/general-sans/GeneralSansRegular.tsx(2114,5): error TS2339: Property 'hkern' does not exist on type 'JSX.IntrinsicElements'.
src/icons/Fonts/general-sans/GeneralSansRegular.tsx(2115,5): error TS2339: Property 'hkern' does not exist on type 'JSX.IntrinsicElements'.
src/icons/Fonts/general-sans/GeneralSansRegular.tsx(2116,5): error TS2339: Property 'hkern' does not exist on type 'JSX.IntrinsicElements'.
src/icons/Fonts/general-sans/GeneralSansRegular.tsx(2117,5): error TS2339: Property 'hkern' does not exist on type 'JSX.IntrinsicElements'.
src/icons/Fonts/general-sans/GeneralSansRegular.tsx(2118,5): error TS2339: Property 'hkern' does not exist on type 'JSX.IntrinsicElements'.
src/icons/Fonts/general-sans/GeneralSansRegular.tsx(2119,5): error TS2339: Property 'hkern' does not exist on type 'JSX.IntrinsicElements'.
src/icons/Fonts/general-sans/GeneralSansRegular.tsx(2120,5): error TS2339: Property 'hkern' does not exist on type 'JSX.IntrinsicElements'.
src/icons/Fonts/general-sans/GeneralSansRegular.tsx(2121,5): error TS2339: Property 'hkern' does not exist on type 'JSX.IntrinsicElements'.
src/icons/Fonts/general-sans/GeneralSansRegular.tsx(2122,5): error TS2339: Property 'hkern' does not exist on type 'JSX.IntrinsicElements'.
src/icons/Fonts/general-sans/GeneralSansRegular.tsx(2123,5): error TS2339: Property 'hkern' does not exist on type 'JSX.IntrinsicElements'.
src/icons/Fonts/general-sans/GeneralSansRegular.tsx(2124,5): error TS2339: Property 'hkern' does not exist on type 'JSX.IntrinsicElements'.
src/icons/Fonts/general-sans/GeneralSansRegular.tsx(2125,5): error TS2339: Property 'hkern' does not exist on type 'JSX.IntrinsicElements'.
src/icons/Fonts/general-sans/GeneralSansRegular.tsx(2126,5): error TS2339: Property 'hkern' does not exist on type 'JSX.IntrinsicElements'.
src/icons/Fonts/general-sans/GeneralSansRegular.tsx(2127,5): error TS2339: Property 'hkern' does not exist on type 'JSX.IntrinsicElements'.
src/icons/Fonts/general-sans/GeneralSansRegular.tsx(2128,5): error TS2339: Property 'hkern' does not exist on type 'JSX.IntrinsicElements'.
src/icons/Fonts/general-sans/GeneralSansRegular.tsx(2129,5): error TS2339: Property 'hkern' does not exist on type 'JSX.IntrinsicElements'.
src/icons/Fonts/general-sans/GeneralSansRegular.tsx(2130,5): error TS2339: Property 'hkern' does not exist on type 'JSX.IntrinsicElements'.
src/icons/Fonts/general-sans/GeneralSansRegular.tsx(2131,5): error TS2339: Property 'hkern' does not exist on type 'JSX.IntrinsicElements'.
src/icons/Fonts/general-sans/GeneralSansRegular.tsx(2132,5): error TS2339: Property 'hkern' does not exist on type 'JSX.IntrinsicElements'.
src/icons/Fonts/general-sans/GeneralSansRegular.tsx(2133,5): error TS2339: Property 'hkern' does not exist on type 'JSX.IntrinsicElements'.
src/icons/Fonts/general-sans/GeneralSansRegular.tsx(2134,5): error TS2339: Property 'hkern' does not exist on type 'JSX.IntrinsicElements'.
src/icons/Fonts/general-sans/GeneralSansRegular.tsx(2135,5): error TS2339: Property 'hkern' does not exist on type 'JSX.IntrinsicElements'.
src/icons/Fonts/general-sans/GeneralSansRegular.tsx(2136,5): error TS2339: Property 'hkern' does not exist on type 'JSX.IntrinsicElements'.
src/icons/Fonts/general-sans/GeneralSansRegular.tsx(2137,5): error TS2339: Property 'hkern' does not exist on type 'JSX.IntrinsicElements'.
src/icons/Fonts/general-sans/GeneralSansRegular.tsx(2138,5): error TS2339: Property 'hkern' does not exist on type 'JSX.IntrinsicElements'.
src/icons/Fonts/general-sans/GeneralSansRegular.tsx(2139,5): error TS2339: Property 'hkern' does not exist on type 'JSX.IntrinsicElements'.
src/icons/Fonts/general-sans/GeneralSansRegular.tsx(2140,5): error TS2339: Property 'hkern' does not exist on type 'JSX.IntrinsicElements'.
src/icons/Fonts/general-sans/GeneralSansRegular.tsx(2141,5): error TS2339: Property 'hkern' does not exist on type 'JSX.IntrinsicElements'.
src/icons/Fonts/general-sans/GeneralSansRegular.tsx(2142,5): error TS2339: Property 'hkern' does not exist on type 'JSX.IntrinsicElements'.
src/icons/Fonts/general-sans/GeneralSansRegular.tsx(2143,5): error TS2339: Property 'hkern' does not exist on type 'JSX.IntrinsicElements'.
src/icons/Fonts/general-sans/GeneralSansRegular.tsx(2144,5): error TS2339: Property 'hkern' does not exist on type 'JSX.IntrinsicElements'.
src/icons/Fonts/general-sans/GeneralSansRegular.tsx(2145,5): error TS2339: Property 'hkern' does not exist on type 'JSX.IntrinsicElements'.
src/icons/Fonts/general-sans/GeneralSansRegular.tsx(2146,5): error TS2339: Property 'hkern' does not exist on type 'JSX.IntrinsicElements'.
src/icons/Fonts/general-sans/GeneralSansRegular.tsx(2147,5): error TS2339: Property 'hkern' does not exist on type 'JSX.IntrinsicElements'.
src/icons/Fonts/general-sans/GeneralSansRegular.tsx(2148,5): error TS2339: Property 'hkern' does not exist on type 'JSX.IntrinsicElements'.
src/icons/Fonts/general-sans/GeneralSansRegular.tsx(2149,5): error TS2339: Property 'hkern' does not exist on type 'JSX.IntrinsicElements'.
src/icons/Fonts/general-sans/GeneralSansRegular.tsx(2150,5): error TS2339: Property 'hkern' does not exist on type 'JSX.IntrinsicElements'.
src/icons/Fonts/general-sans/GeneralSansRegular.tsx(2151,5): error TS2339: Property 'hkern' does not exist on type 'JSX.IntrinsicElements'.
src/icons/Fonts/general-sans/GeneralSansRegular.tsx(2152,5): error TS2339: Property 'hkern' does not exist on type 'JSX.IntrinsicElements'.
src/icons/Fonts/general-sans/GeneralSansRegular.tsx(2153,5): error TS2339: Property 'hkern' does not exist on type 'JSX.IntrinsicElements'.
src/icons/Fonts/general-sans/GeneralSansRegular.tsx(2154,5): error TS2339: Property 'hkern' does not exist on type 'JSX.IntrinsicElements'.
src/icons/Fonts/general-sans/GeneralSansRegular.tsx(2155,5): error TS2339: Property 'hkern' does not exist on type 'JSX.IntrinsicElements'.
src/icons/Fonts/general-sans/GeneralSansRegular.tsx(2156,5): error TS2339: Property 'hkern' does not exist on type 'JSX.IntrinsicElements'.
src/icons/Fonts/general-sans/GeneralSansRegular.tsx(2157,5): error TS2339: Property 'hkern' does not exist on type 'JSX.IntrinsicElements'.
src/icons/Fonts/general-sans/GeneralSansRegular.tsx(2158,5): error TS2339: Property 'hkern' does not exist on type 'JSX.IntrinsicElements'.
src/icons/Fonts/general-sans/GeneralSansRegular.tsx(2159,5): error TS2339: Property 'hkern' does not exist on type 'JSX.IntrinsicElements'.
src/icons/Fonts/general-sans/GeneralSansRegular.tsx(2160,5): error TS2339: Property 'hkern' does not exist on type 'JSX.IntrinsicElements'.
src/icons/Fonts/general-sans/GeneralSansRegular.tsx(2161,5): error TS2339: Property 'hkern' does not exist on type 'JSX.IntrinsicElements'.
src/icons/Fonts/general-sans/GeneralSansRegular.tsx(2162,5): error TS2339: Property 'hkern' does not exist on type 'JSX.IntrinsicElements'.
src/icons/Fonts/general-sans/GeneralSansRegular.tsx(2163,5): error TS2339: Property 'hkern' does not exist on type 'JSX.IntrinsicElements'.
src/icons/Fonts/general-sans/GeneralSansRegular.tsx(2164,5): error TS2339: Property 'hkern' does not exist on type 'JSX.IntrinsicElements'.
src/icons/Fonts/general-sans/GeneralSansRegular.tsx(2165,5): error TS2339: Property 'hkern' does not exist on type 'JSX.IntrinsicElements'.
src/icons/Fonts/general-sans/GeneralSansRegular.tsx(2166,5): error TS2339: Property 'hkern' does not exist on type 'JSX.IntrinsicElements'.
src/icons/Fonts/general-sans/GeneralSansRegular.tsx(2167,5): error TS2339: Property 'hkern' does not exist on type 'JSX.IntrinsicElements'.
src/icons/Fonts/general-sans/GeneralSansRegular.tsx(2168,5): error TS2339: Property 'hkern' does not exist on type 'JSX.IntrinsicElements'.
src/icons/Fonts/general-sans/GeneralSansRegular.tsx(2169,5): error TS2339: Property 'hkern' does not exist on type 'JSX.IntrinsicElements'.
src/icons/Fonts/general-sans/GeneralSansRegular.tsx(2170,5): error TS2339: Property 'hkern' does not exist on type 'JSX.IntrinsicElements'.
src/icons/Fonts/general-sans/GeneralSansRegular.tsx(2171,5): error TS2339: Property 'hkern' does not exist on type 'JSX.IntrinsicElements'.
src/icons/Fonts/general-sans/GeneralSansRegular.tsx(2172,5): error TS2339: Property 'hkern' does not exist on type 'JSX.IntrinsicElements'.
src/icons/Fonts/general-sans/GeneralSansRegular.tsx(2173,5): error TS2339: Property 'hkern' does not exist on type 'JSX.IntrinsicElements'.
src/icons/Fonts/general-sans/GeneralSansRegular.tsx(2174,5): error TS2339: Property 'hkern' does not exist on type 'JSX.IntrinsicElements'.
src/icons/Fonts/general-sans/GeneralSansRegular.tsx(2175,5): error TS2339: Property 'hkern' does not exist on type 'JSX.IntrinsicElements'.
src/icons/Fonts/general-sans/GeneralSansRegular.tsx(2176,5): error TS2339: Property 'hkern' does not exist on type 'JSX.IntrinsicElements'.
src/icons/Fonts/general-sans/GeneralSansRegular.tsx(2177,5): error TS2339: Property 'hkern' does not exist on type 'JSX.IntrinsicElements'.
src/icons/Fonts/general-sans/GeneralSansRegular.tsx(2178,5): error TS2339: Property 'hkern' does not exist on type 'JSX.IntrinsicElements'.
src/icons/Fonts/general-sans/GeneralSansRegular.tsx(2179,5): error TS2339: Property 'hkern' does not exist on type 'JSX.IntrinsicElements'.
src/icons/Fonts/general-sans/GeneralSansRegular.tsx(2180,5): error TS2339: Property 'hkern' does not exist on type 'JSX.IntrinsicElements'.
src/icons/Fonts/general-sans/GeneralSansRegular.tsx(2181,5): error TS2339: Property 'hkern' does not exist on type 'JSX.IntrinsicElements'.
src/icons/Fonts/general-sans/GeneralSansRegular.tsx(2182,5): error TS2339: Property 'hkern' does not exist on type 'JSX.IntrinsicElements'.
src/icons/Fonts/general-sans/GeneralSansRegular.tsx(2183,5): error TS2339: Property 'hkern' does not exist on type 'JSX.IntrinsicElements'.
src/icons/Fonts/general-sans/GeneralSansRegular.tsx(2184,5): error TS2339: Property 'hkern' does not exist on type 'JSX.IntrinsicElements'.
src/icons/Fonts/general-sans/GeneralSansRegular.tsx(2185,5): error TS2339: Property 'hkern' does not exist on type 'JSX.IntrinsicElements'.
src/icons/Fonts/general-sans/GeneralSansRegular.tsx(2186,5): error TS2339: Property 'hkern' does not exist on type 'JSX.IntrinsicElements'.
src/icons/Fonts/general-sans/GeneralSansRegular.tsx(2187,5): error TS2339: Property 'hkern' does not exist on type 'JSX.IntrinsicElements'.
src/icons/Fonts/general-sans/GeneralSansRegular.tsx(2188,5): error TS2339: Property 'hkern' does not exist on type 'JSX.IntrinsicElements'.
src/icons/Fonts/general-sans/GeneralSansRegular.tsx(2189,5): error TS2339: Property 'hkern' does not exist on type 'JSX.IntrinsicElements'.
src/icons/Fonts/general-sans/GeneralSansRegular.tsx(2190,5): error TS2339: Property 'hkern' does not exist on type 'JSX.IntrinsicElements'.
src/icons/Fonts/general-sans/GeneralSansRegular.tsx(2191,5): error TS2339: Property 'hkern' does not exist on type 'JSX.IntrinsicElements'.
src/icons/Fonts/general-sans/GeneralSansRegular.tsx(2192,5): error TS2339: Property 'hkern' does not exist on type 'JSX.IntrinsicElements'.
src/icons/Fonts/general-sans/GeneralSansRegular.tsx(2193,5): error TS2339: Property 'hkern' does not exist on type 'JSX.IntrinsicElements'.
src/icons/Fonts/general-sans/GeneralSansRegular.tsx(2194,5): error TS2339: Property 'hkern' does not exist on type 'JSX.IntrinsicElements'.
src/icons/Fonts/general-sans/GeneralSansRegular.tsx(2195,5): error TS2339: Property 'hkern' does not exist on type 'JSX.IntrinsicElements'.
src/icons/Fonts/general-sans/GeneralSansRegular.tsx(2196,5): error TS2339: Property 'hkern' does not exist on type 'JSX.IntrinsicElements'.
src/icons/Fonts/general-sans/GeneralSansRegular.tsx(2197,5): error TS2339: Property 'hkern' does not exist on type 'JSX.IntrinsicElements'.
src/icons/Fonts/general-sans/GeneralSansRegular.tsx(2198,5): error TS2339: Property 'hkern' does not exist on type 'JSX.IntrinsicElements'.
src/icons/Fonts/general-sans/GeneralSansRegular.tsx(2199,5): error TS2339: Property 'hkern' does not exist on type 'JSX.IntrinsicElements'.
src/icons/Fonts/general-sans/GeneralSansRegular.tsx(2200,5): error TS2339: Property 'hkern' does not exist on type 'JSX.IntrinsicElements'.
src/icons/Fonts/general-sans/GeneralSansRegular.tsx(2201,5): error TS2339: Property 'hkern' does not exist on type 'JSX.IntrinsicElements'.
src/icons/Fonts/general-sans/GeneralSansRegular.tsx(2202,5): error TS2339: Property 'hkern' does not exist on type 'JSX.IntrinsicElements'.
src/icons/Fonts/general-sans/GeneralSansRegular.tsx(2203,5): error TS2339: Property 'hkern' does not exist on type 'JSX.IntrinsicElements'.
src/icons/Fonts/general-sans/GeneralSansRegular.tsx(2204,5): error TS2339: Property 'hkern' does not exist on type 'JSX.IntrinsicElements'.
src/icons/Fonts/general-sans/GeneralSansRegular.tsx(2205,5): error TS2339: Property 'hkern' does not exist on type 'JSX.IntrinsicElements'.
src/icons/Fonts/general-sans/GeneralSansRegular.tsx(2206,5): error TS2339: Property 'hkern' does not exist on type 'JSX.IntrinsicElements'.
src/icons/Fonts/general-sans/GeneralSansRegular.tsx(2207,5): error TS2339: Property 'hkern' does not exist on type 'JSX.IntrinsicElements'.
src/icons/Fonts/general-sans/GeneralSansRegular.tsx(2208,5): error TS2339: Property 'hkern' does not exist on type 'JSX.IntrinsicElements'.
src/icons/Fonts/general-sans/GeneralSansRegular.tsx(2209,5): error TS2339: Property 'hkern' does not exist on type 'JSX.IntrinsicElements'.
src/icons/Fonts/general-sans/GeneralSansRegular.tsx(2210,5): error TS2339: Property 'hkern' does not exist on type 'JSX.IntrinsicElements'.
src/icons/Fonts/general-sans/GeneralSansRegular.tsx(2211,5): error TS2339: Property 'hkern' does not exist on type 'JSX.IntrinsicElements'.
src/icons/Fonts/general-sans/GeneralSansRegular.tsx(2212,5): error TS2339: Property 'hkern' does not exist on type 'JSX.IntrinsicElements'.
src/icons/Fonts/general-sans/GeneralSansRegular.tsx(2213,5): error TS2339: Property 'hkern' does not exist on type 'JSX.IntrinsicElements'.
src/icons/Fonts/general-sans/GeneralSansRegular.tsx(2214,5): error TS2339: Property 'hkern' does not exist on type 'JSX.IntrinsicElements'.
src/icons/Fonts/general-sans/GeneralSansRegular.tsx(2215,5): error TS2339: Property 'hkern' does not exist on type 'JSX.IntrinsicElements'.
src/icons/Fonts/general-sans/GeneralSansRegular.tsx(2216,5): error TS2339: Property 'hkern' does not exist on type 'JSX.IntrinsicElements'.
src/icons/Fonts/general-sans/GeneralSansRegular.tsx(2217,5): error TS2339: Property 'hkern' does not exist on type 'JSX.IntrinsicElements'.
src/icons/Fonts/general-sans/GeneralSansRegular.tsx(2218,5): error TS2339: Property 'hkern' does not exist on type 'JSX.IntrinsicElements'.
src/icons/Fonts/general-sans/GeneralSansRegular.tsx(2219,5): error TS2339: Property 'hkern' does not exist on type 'JSX.IntrinsicElements'.
src/icons/Fonts/general-sans/GeneralSansRegular.tsx(2220,5): error TS2339: Property 'hkern' does not exist on type 'JSX.IntrinsicElements'.
src/icons/Fonts/general-sans/GeneralSansRegular.tsx(2221,5): error TS2339: Property 'hkern' does not exist on type 'JSX.IntrinsicElements'.
src/icons/Fonts/general-sans/GeneralSansRegular.tsx(2222,5): error TS2339: Property 'hkern' does not exist on type 'JSX.IntrinsicElements'.
src/icons/Fonts/general-sans/GeneralSansRegular.tsx(2223,5): error TS2339: Property 'hkern' does not exist on type 'JSX.IntrinsicElements'.
src/icons/Fonts/general-sans/GeneralSansRegular.tsx(2224,5): error TS2339: Property 'hkern' does not exist on type 'JSX.IntrinsicElements'.
src/icons/Fonts/general-sans/GeneralSansRegular.tsx(2225,5): error TS2339: Property 'hkern' does not exist on type 'JSX.IntrinsicElements'.
src/icons/Fonts/general-sans/GeneralSansRegular.tsx(2226,5): error TS2339: Property 'hkern' does not exist on type 'JSX.IntrinsicElements'.
src/icons/Fonts/general-sans/GeneralSansRegular.tsx(2227,5): error TS2339: Property 'hkern' does not exist on type 'JSX.IntrinsicElements'.
src/icons/Fonts/general-sans/GeneralSansRegular.tsx(2228,5): error TS2339: Property 'hkern' does not exist on type 'JSX.IntrinsicElements'.
src/icons/Fonts/general-sans/GeneralSansRegular.tsx(2229,5): error TS2339: Property 'hkern' does not exist on type 'JSX.IntrinsicElements'.
src/icons/Fonts/general-sans/GeneralSansRegular.tsx(2230,5): error TS2339: Property 'hkern' does not exist on type 'JSX.IntrinsicElements'.
src/icons/Fonts/general-sans/GeneralSansRegular.tsx(2231,5): error TS2339: Property 'hkern' does not exist on type 'JSX.IntrinsicElements'.
src/icons/Fonts/general-sans/GeneralSansRegular.tsx(2232,5): error TS2339: Property 'hkern' does not exist on type 'JSX.IntrinsicElements'.
src/icons/Fonts/general-sans/GeneralSansRegular.tsx(2233,5): error TS2339: Property 'hkern' does not exist on type 'JSX.IntrinsicElements'.
src/icons/Fonts/general-sans/GeneralSansRegular.tsx(2234,5): error TS2339: Property 'hkern' does not exist on type 'JSX.IntrinsicElements'.
src/icons/Fonts/general-sans/GeneralSansRegular.tsx(2235,5): error TS2339: Property 'hkern' does not exist on type 'JSX.IntrinsicElements'.
src/icons/Fonts/general-sans/GeneralSansRegular.tsx(2236,5): error TS2339: Property 'hkern' does not exist on type 'JSX.IntrinsicElements'.
src/icons/Fonts/general-sans/GeneralSansRegular.tsx(2237,5): error TS2339: Property 'hkern' does not exist on type 'JSX.IntrinsicElements'.
src/icons/Fonts/general-sans/GeneralSansRegular.tsx(2238,5): error TS2339: Property 'hkern' does not exist on type 'JSX.IntrinsicElements'.
src/icons/Fonts/general-sans/GeneralSansRegular.tsx(2239,5): error TS2339: Property 'hkern' does not exist on type 'JSX.IntrinsicElements'.
src/icons/Fonts/general-sans/GeneralSansRegular.tsx(2240,5): error TS2339: Property 'hkern' does not exist on type 'JSX.IntrinsicElements'.
src/icons/Fonts/general-sans/GeneralSansRegular.tsx(2241,5): error TS2339: Property 'hkern' does not exist on type 'JSX.IntrinsicElements'.
src/icons/Fonts/general-sans/GeneralSansRegular.tsx(2242,5): error TS2339: Property 'hkern' does not exist on type 'JSX.IntrinsicElements'.
src/icons/Fonts/general-sans/GeneralSansRegular.tsx(2243,5): error TS2339: Property 'hkern' does not exist on type 'JSX.IntrinsicElements'.
src/icons/Fonts/general-sans/GeneralSansRegular.tsx(2244,5): error TS2339: Property 'hkern' does not exist on type 'JSX.IntrinsicElements'.
src/icons/Fonts/general-sans/GeneralSansRegular.tsx(2245,5): error TS2339: Property 'hkern' does not exist on type 'JSX.IntrinsicElements'.
src/icons/Fonts/general-sans/GeneralSansRegular.tsx(2246,5): error TS2339: Property 'hkern' does not exist on type 'JSX.IntrinsicElements'.
src/icons/Fonts/general-sans/GeneralSansRegular.tsx(2247,5): error TS2339: Property 'hkern' does not exist on type 'JSX.IntrinsicElements'.
src/icons/Fonts/general-sans/GeneralSansRegular.tsx(2248,5): error TS2339: Property 'hkern' does not exist on type 'JSX.IntrinsicElements'.
src/icons/Fonts/general-sans/GeneralSansRegular.tsx(2249,5): error TS2339: Property 'hkern' does not exist on type 'JSX.IntrinsicElements'.
src/icons/Fonts/general-sans/GeneralSansRegular.tsx(2250,5): error TS2339: Property 'hkern' does not exist on type 'JSX.IntrinsicElements'.
src/icons/Fonts/general-sans/GeneralSansRegular.tsx(2251,5): error TS2339: Property 'hkern' does not exist on type 'JSX.IntrinsicElements'.
src/icons/Fonts/general-sans/GeneralSansRegular.tsx(2252,5): error TS2339: Property 'hkern' does not exist on type 'JSX.IntrinsicElements'.
src/icons/Fonts/general-sans/GeneralSansRegular.tsx(2253,5): error TS2339: Property 'hkern' does not exist on type 'JSX.IntrinsicElements'.
src/icons/Fonts/general-sans/GeneralSansRegular.tsx(2254,5): error TS2339: Property 'hkern' does not exist on type 'JSX.IntrinsicElements'.
src/icons/Fonts/general-sans/GeneralSansRegular.tsx(2255,5): error TS2339: Property 'hkern' does not exist on type 'JSX.IntrinsicElements'.
src/icons/Fonts/general-sans/GeneralSansRegular.tsx(2256,5): error TS2339: Property 'hkern' does not exist on type 'JSX.IntrinsicElements'.
src/icons/Fonts/general-sans/GeneralSansRegular.tsx(2257,5): error TS2339: Property 'hkern' does not exist on type 'JSX.IntrinsicElements'.
src/icons/Fonts/general-sans/GeneralSansRegular.tsx(2258,5): error TS2339: Property 'hkern' does not exist on type 'JSX.IntrinsicElements'.
src/icons/Fonts/general-sans/GeneralSansRegular.tsx(2259,5): error TS2339: Property 'hkern' does not exist on type 'JSX.IntrinsicElements'.
src/icons/Fonts/general-sans/GeneralSansRegular.tsx(2260,5): error TS2339: Property 'hkern' does not exist on type 'JSX.IntrinsicElements'.
src/icons/Fonts/general-sans/GeneralSansRegular.tsx(2261,5): error TS2339: Property 'hkern' does not exist on type 'JSX.IntrinsicElements'.
src/icons/Fonts/general-sans/GeneralSansRegular.tsx(2262,5): error TS2339: Property 'hkern' does not exist on type 'JSX.IntrinsicElements'.
src/icons/Fonts/general-sans/GeneralSansRegular.tsx(2263,5): error TS2339: Property 'hkern' does not exist on type 'JSX.IntrinsicElements'.
src/icons/Fonts/general-sans/GeneralSansRegular.tsx(2264,5): error TS2339: Property 'hkern' does not exist on type 'JSX.IntrinsicElements'.
src/icons/Fonts/general-sans/GeneralSansRegular.tsx(2265,5): error TS2339: Property 'hkern' does not exist on type 'JSX.IntrinsicElements'.
src/icons/Fonts/general-sans/GeneralSansRegular.tsx(2266,5): error TS2339: Property 'hkern' does not exist on type 'JSX.IntrinsicElements'.
src/icons/Fonts/general-sans/GeneralSansRegular.tsx(2267,5): error TS2339: Property 'hkern' does not exist on type 'JSX.IntrinsicElements'.
src/icons/Fonts/general-sans/GeneralSansRegular.tsx(2268,5): error TS2339: Property 'hkern' does not exist on type 'JSX.IntrinsicElements'.
src/icons/Fonts/general-sans/GeneralSansRegular.tsx(2269,5): error TS2339: Property 'hkern' does not exist on type 'JSX.IntrinsicElements'.
src/icons/Fonts/general-sans/GeneralSansRegular.tsx(2270,5): error TS2339: Property 'hkern' does not exist on type 'JSX.IntrinsicElements'.
src/icons/Fonts/general-sans/GeneralSansRegular.tsx(2271,5): error TS2339: Property 'hkern' does not exist on type 'JSX.IntrinsicElements'.
src/icons/Fonts/general-sans/GeneralSansRegular.tsx(2272,5): error TS2339: Property 'hkern' does not exist on type 'JSX.IntrinsicElements'.
src/icons/Fonts/general-sans/GeneralSansRegular.tsx(2273,5): error TS2339: Property 'hkern' does not exist on type 'JSX.IntrinsicElements'.
src/icons/Fonts/general-sans/GeneralSansRegular.tsx(2274,5): error TS2339: Property 'hkern' does not exist on type 'JSX.IntrinsicElements'.
src/icons/Fonts/general-sans/GeneralSansRegular.tsx(2275,5): error TS2339: Property 'hkern' does not exist on type 'JSX.IntrinsicElements'.
src/icons/Fonts/general-sans/GeneralSansRegular.tsx(2276,5): error TS2339: Property 'hkern' does not exist on type 'JSX.IntrinsicElements'.
src/icons/Fonts/general-sans/GeneralSansRegular.tsx(2277,5): error TS2339: Property 'hkern' does not exist on type 'JSX.IntrinsicElements'.
src/icons/Fonts/general-sans/GeneralSansRegular.tsx(2278,5): error TS2339: Property 'hkern' does not exist on type 'JSX.IntrinsicElements'.
src/icons/Fonts/general-sans/GeneralSansRegular.tsx(2279,5): error TS2339: Property 'hkern' does not exist on type 'JSX.IntrinsicElements'.
src/icons/Fonts/general-sans/GeneralSansRegular.tsx(2280,5): error TS2339: Property 'hkern' does not exist on type 'JSX.IntrinsicElements'.
src/icons/Fonts/general-sans/GeneralSansRegular.tsx(2281,5): error TS2339: Property 'hkern' does not exist on type 'JSX.IntrinsicElements'.
src/icons/Fonts/general-sans/GeneralSansRegular.tsx(2282,5): error TS2339: Property 'hkern' does not exist on type 'JSX.IntrinsicElements'.
src/icons/Fonts/general-sans/GeneralSansRegular.tsx(2283,5): error TS2339: Property 'hkern' does not exist on type 'JSX.IntrinsicElements'.
src/icons/Fonts/general-sans/GeneralSansRegular.tsx(2284,5): error TS2339: Property 'hkern' does not exist on type 'JSX.IntrinsicElements'.
src/icons/Fonts/general-sans/GeneralSansRegular.tsx(2285,5): error TS2339: Property 'hkern' does not exist on type 'JSX.IntrinsicElements'.
src/icons/Fonts/general-sans/GeneralSansRegular.tsx(2286,5): error TS2339: Property 'hkern' does not exist on type 'JSX.IntrinsicElements'.
src/icons/Fonts/general-sans/GeneralSansRegular.tsx(2287,5): error TS2339: Property 'hkern' does not exist on type 'JSX.IntrinsicElements'.
src/icons/Fonts/general-sans/GeneralSansRegular.tsx(2288,5): error TS2339: Property 'hkern' does not exist on type 'JSX.IntrinsicElements'.
src/icons/Fonts/general-sans/GeneralSansRegular.tsx(2289,5): error TS2339: Property 'hkern' does not exist on type 'JSX.IntrinsicElements'.
src/icons/Fonts/general-sans/GeneralSansRegular.tsx(2290,5): error TS2339: Property 'hkern' does not exist on type 'JSX.IntrinsicElements'.
src/icons/Fonts/general-sans/GeneralSansRegular.tsx(2291,5): error TS2339: Property 'hkern' does not exist on type 'JSX.IntrinsicElements'.
src/icons/Fonts/general-sans/GeneralSansRegular.tsx(2292,5): error TS2339: Property 'hkern' does not exist on type 'JSX.IntrinsicElements'.
src/icons/Fonts/general-sans/GeneralSansRegular.tsx(2293,5): error TS2339: Property 'hkern' does not exist on type 'JSX.IntrinsicElements'.
src/icons/Fonts/general-sans/GeneralSansRegular.tsx(2294,5): error TS2339: Property 'hkern' does not exist on type 'JSX.IntrinsicElements'.
src/icons/Fonts/general-sans/GeneralSansRegular.tsx(2295,5): error TS2339: Property 'hkern' does not exist on type 'JSX.IntrinsicElements'.
src/icons/Fonts/general-sans/GeneralSansRegular.tsx(2296,5): error TS2339: Property 'hkern' does not exist on type 'JSX.IntrinsicElements'.
src/icons/Fonts/general-sans/GeneralSansRegular.tsx(2297,5): error TS2339: Property 'hkern' does not exist on type 'JSX.IntrinsicElements'.
src/icons/Fonts/general-sans/GeneralSansRegular.tsx(2298,5): error TS2339: Property 'hkern' does not exist on type 'JSX.IntrinsicElements'.
src/icons/Fonts/general-sans/GeneralSansRegular.tsx(2299,5): error TS2339: Property 'hkern' does not exist on type 'JSX.IntrinsicElements'.
src/icons/Fonts/general-sans/GeneralSansRegular.tsx(2300,5): error TS2339: Property 'hkern' does not exist on type 'JSX.IntrinsicElements'.
src/icons/Fonts/general-sans/GeneralSansRegular.tsx(2301,5): error TS2339: Property 'hkern' does not exist on type 'JSX.IntrinsicElements'.
src/icons/Fonts/general-sans/GeneralSansRegular.tsx(2302,5): error TS2339: Property 'hkern' does not exist on type 'JSX.IntrinsicElements'.
src/icons/Fonts/general-sans/GeneralSansRegular.tsx(2303,5): error TS2339: Property 'hkern' does not exist on type 'JSX.IntrinsicElements'.
src/icons/Fonts/general-sans/GeneralSansRegular.tsx(2304,5): error TS2339: Property 'hkern' does not exist on type 'JSX.IntrinsicElements'.
src/icons/Fonts/general-sans/GeneralSansRegular.tsx(2305,5): error TS2339: Property 'hkern' does not exist on type 'JSX.IntrinsicElements'.
src/icons/Fonts/general-sans/GeneralSansRegular.tsx(2306,5): error TS2339: Property 'hkern' does not exist on type 'JSX.IntrinsicElements'.
src/icons/Fonts/general-sans/GeneralSansRegular.tsx(2307,5): error TS2339: Property 'hkern' does not exist on type 'JSX.IntrinsicElements'.
src/icons/Fonts/general-sans/GeneralSansRegular.tsx(2308,5): error TS2339: Property 'hkern' does not exist on type 'JSX.IntrinsicElements'.
src/icons/Fonts/general-sans/GeneralSansRegular.tsx(2309,5): error TS2339: Property 'hkern' does not exist on type 'JSX.IntrinsicElements'.
src/icons/Fonts/general-sans/GeneralSansRegular.tsx(2310,5): error TS2339: Property 'hkern' does not exist on type 'JSX.IntrinsicElements'.
src/icons/Fonts/general-sans/GeneralSansRegular.tsx(2311,5): error TS2339: Property 'hkern' does not exist on type 'JSX.IntrinsicElements'.
src/icons/Fonts/general-sans/GeneralSansRegular.tsx(2312,5): error TS2339: Property 'hkern' does not exist on type 'JSX.IntrinsicElements'.
src/icons/Fonts/general-sans/GeneralSansRegular.tsx(2313,5): error TS2339: Property 'hkern' does not exist on type 'JSX.IntrinsicElements'.
src/icons/Fonts/general-sans/GeneralSansRegular.tsx(2314,5): error TS2339: Property 'hkern' does not exist on type 'JSX.IntrinsicElements'.
src/icons/Fonts/general-sans/GeneralSansRegular.tsx(2315,5): error TS2339: Property 'hkern' does not exist on type 'JSX.IntrinsicElements'.
src/icons/Fonts/general-sans/GeneralSansRegular.tsx(2316,5): error TS2339: Property 'hkern' does not exist on type 'JSX.IntrinsicElements'.
src/icons/Fonts/general-sans/GeneralSansRegular.tsx(2317,5): error TS2339: Property 'hkern' does not exist on type 'JSX.IntrinsicElements'.
src/icons/Fonts/general-sans/GeneralSansRegular.tsx(2318,5): error TS2339: Property 'hkern' does not exist on type 'JSX.IntrinsicElements'.
src/icons/Fonts/general-sans/GeneralSansRegular.tsx(2319,5): error TS2339: Property 'hkern' does not exist on type 'JSX.IntrinsicElements'.
src/icons/Fonts/general-sans/GeneralSansRegular.tsx(2320,5): error TS2339: Property 'hkern' does not exist on type 'JSX.IntrinsicElements'.
src/icons/Fonts/general-sans/GeneralSansRegular.tsx(2321,5): error TS2339: Property 'hkern' does not exist on type 'JSX.IntrinsicElements'.
src/icons/Fonts/general-sans/GeneralSansRegular.tsx(2322,5): error TS2339: Property 'hkern' does not exist on type 'JSX.IntrinsicElements'.
src/icons/Fonts/general-sans/GeneralSansRegular.tsx(2323,5): error TS2339: Property 'hkern' does not exist on type 'JSX.IntrinsicElements'.
src/icons/Fonts/general-sans/GeneralSansRegular.tsx(2324,5): error TS2339: Property 'hkern' does not exist on type 'JSX.IntrinsicElements'.
src/icons/Fonts/general-sans/GeneralSansRegular.tsx(2325,5): error TS2339: Property 'hkern' does not exist on type 'JSX.IntrinsicElements'.
src/icons/Fonts/general-sans/GeneralSansRegular.tsx(2326,5): error TS2339: Property 'hkern' does not exist on type 'JSX.IntrinsicElements'.
src/icons/Fonts/general-sans/GeneralSansRegular.tsx(2327,5): error TS2339: Property 'hkern' does not exist on type 'JSX.IntrinsicElements'.
src/icons/Fonts/general-sans/GeneralSansRegular.tsx(2328,5): error TS2339: Property 'hkern' does not exist on type 'JSX.IntrinsicElements'.
src/icons/Fonts/general-sans/GeneralSansRegular.tsx(2329,5): error TS2339: Property 'hkern' does not exist on type 'JSX.IntrinsicElements'.
src/icons/Fonts/general-sans/GeneralSansRegular.tsx(2330,5): error TS2339: Property 'hkern' does not exist on type 'JSX.IntrinsicElements'.
src/icons/Fonts/general-sans/GeneralSansRegular.tsx(2331,5): error TS2339: Property 'hkern' does not exist on type 'JSX.IntrinsicElements'.
src/icons/Fonts/general-sans/GeneralSansRegular.tsx(2332,5): error TS2339: Property 'hkern' does not exist on type 'JSX.IntrinsicElements'.
src/icons/Fonts/general-sans/GeneralSansRegular.tsx(2333,5): error TS2339: Property 'hkern' does not exist on type 'JSX.IntrinsicElements'.
src/icons/Fonts/general-sans/GeneralSansRegular.tsx(2334,5): error TS2339: Property 'hkern' does not exist on type 'JSX.IntrinsicElements'.
src/icons/Fonts/general-sans/GeneralSansRegular.tsx(2335,5): error TS2339: Property 'hkern' does not exist on type 'JSX.IntrinsicElements'.
src/icons/Fonts/general-sans/GeneralSansRegular.tsx(2336,5): error TS2339: Property 'hkern' does not exist on type 'JSX.IntrinsicElements'.
src/icons/Fonts/general-sans/GeneralSansRegular.tsx(2337,5): error TS2339: Property 'hkern' does not exist on type 'JSX.IntrinsicElements'.
src/icons/Fonts/general-sans/GeneralSansRegular.tsx(2338,5): error TS2339: Property 'hkern' does not exist on type 'JSX.IntrinsicElements'.
src/icons/Fonts/general-sans/GeneralSansRegular.tsx(2339,5): error TS2339: Property 'hkern' does not exist on type 'JSX.IntrinsicElements'.
src/icons/Fonts/general-sans/GeneralSansRegular.tsx(2340,5): error TS2339: Property 'hkern' does not exist on type 'JSX.IntrinsicElements'.
src/icons/Fonts/general-sans/GeneralSansRegular.tsx(2341,5): error TS2339: Property 'hkern' does not exist on type 'JSX.IntrinsicElements'.
src/icons/Fonts/general-sans/GeneralSansRegular.tsx(2342,5): error TS2339: Property 'hkern' does not exist on type 'JSX.IntrinsicElements'.
src/icons/Fonts/general-sans/GeneralSansRegular.tsx(2343,5): error TS2339: Property 'hkern' does not exist on type 'JSX.IntrinsicElements'.
src/icons/Fonts/general-sans/GeneralSansRegular.tsx(2344,5): error TS2339: Property 'hkern' does not exist on type 'JSX.IntrinsicElements'.
src/icons/Fonts/general-sans/GeneralSansRegular.tsx(2345,5): error TS2339: Property 'hkern' does not exist on type 'JSX.IntrinsicElements'.
src/icons/Fonts/general-sans/GeneralSansRegular.tsx(2346,5): error TS2339: Property 'hkern' does not exist on type 'JSX.IntrinsicElements'.
src/icons/Fonts/general-sans/GeneralSansRegular.tsx(2347,5): error TS2339: Property 'hkern' does not exist on type 'JSX.IntrinsicElements'.
src/icons/Fonts/general-sans/GeneralSansRegular.tsx(2348,5): error TS2339: Property 'hkern' does not exist on type 'JSX.IntrinsicElements'.
src/icons/Fonts/general-sans/GeneralSansRegular.tsx(2349,5): error TS2339: Property 'hkern' does not exist on type 'JSX.IntrinsicElements'.
src/icons/Fonts/general-sans/GeneralSansRegular.tsx(2350,5): error TS2339: Property 'hkern' does not exist on type 'JSX.IntrinsicElements'.
src/icons/Fonts/general-sans/GeneralSansRegular.tsx(2351,5): error TS2339: Property 'hkern' does not exist on type 'JSX.IntrinsicElements'.
src/icons/Fonts/general-sans/GeneralSansRegular.tsx(2352,5): error TS2339: Property 'hkern' does not exist on type 'JSX.IntrinsicElements'.
src/icons/Fonts/general-sans/GeneralSansRegular.tsx(2353,5): error TS2339: Property 'hkern' does not exist on type 'JSX.IntrinsicElements'.
src/icons/Fonts/general-sans/GeneralSansRegular.tsx(2354,5): error TS2339: Property 'hkern' does not exist on type 'JSX.IntrinsicElements'.
src/icons/Fonts/general-sans/GeneralSansRegular.tsx(2355,5): error TS2339: Property 'hkern' does not exist on type 'JSX.IntrinsicElements'.
src/icons/Fonts/general-sans/GeneralSansRegular.tsx(2356,5): error TS2339: Property 'hkern' does not exist on type 'JSX.IntrinsicElements'.
src/icons/Fonts/general-sans/GeneralSansRegular.tsx(2357,5): error TS2339: Property 'hkern' does not exist on type 'JSX.IntrinsicElements'.
src/icons/Fonts/general-sans/GeneralSansRegular.tsx(2358,5): error TS2339: Property 'hkern' does not exist on type 'JSX.IntrinsicElements'.
src/icons/Fonts/general-sans/GeneralSansRegular.tsx(2359,5): error TS2339: Property 'hkern' does not exist on type 'JSX.IntrinsicElements'.
src/icons/Fonts/general-sans/GeneralSansRegular.tsx(2360,5): error TS2339: Property 'hkern' does not exist on type 'JSX.IntrinsicElements'.
src/icons/Fonts/general-sans/GeneralSansRegular.tsx(2361,5): error TS2339: Property 'hkern' does not exist on type 'JSX.IntrinsicElements'.
src/icons/Fonts/general-sans/GeneralSansRegular.tsx(2362,5): error TS2339: Property 'hkern' does not exist on type 'JSX.IntrinsicElements'.
src/icons/Fonts/general-sans/GeneralSansRegular.tsx(2363,5): error TS2339: Property 'hkern' does not exist on type 'JSX.IntrinsicElements'.
src/icons/Fonts/general-sans/GeneralSansRegular.tsx(2364,5): error TS2339: Property 'hkern' does not exist on type 'JSX.IntrinsicElements'.
src/icons/Fonts/general-sans/GeneralSansRegular.tsx(2365,5): error TS2339: Property 'hkern' does not exist on type 'JSX.IntrinsicElements'.
src/icons/Fonts/general-sans/GeneralSansRegular.tsx(2366,5): error TS2339: Property 'hkern' does not exist on type 'JSX.IntrinsicElements'.
src/icons/Fonts/general-sans/GeneralSansRegular.tsx(2367,5): error TS2339: Property 'hkern' does not exist on type 'JSX.IntrinsicElements'.
src/icons/Fonts/general-sans/GeneralSansRegular.tsx(2368,5): error TS2339: Property 'hkern' does not exist on type 'JSX.IntrinsicElements'.
src/icons/Fonts/general-sans/GeneralSansRegular.tsx(2369,5): error TS2339: Property 'hkern' does not exist on type 'JSX.IntrinsicElements'.
src/icons/Fonts/general-sans/GeneralSansRegular.tsx(2370,5): error TS2339: Property 'hkern' does not exist on type 'JSX.IntrinsicElements'.
src/icons/Fonts/general-sans/GeneralSansRegular.tsx(2371,5): error TS2339: Property 'hkern' does not exist on type 'JSX.IntrinsicElements'.
src/icons/Fonts/general-sans/GeneralSansRegular.tsx(2372,5): error TS2339: Property 'hkern' does not exist on type 'JSX.IntrinsicElements'.
src/icons/Fonts/general-sans/GeneralSansRegular.tsx(2373,5): error TS2339: Property 'hkern' does not exist on type 'JSX.IntrinsicElements'.
src/icons/Fonts/general-sans/GeneralSansRegular.tsx(2374,5): error TS2339: Property 'hkern' does not exist on type 'JSX.IntrinsicElements'.
src/icons/Fonts/general-sans/GeneralSansRegular.tsx(2375,5): error TS2339: Property 'hkern' does not exist on type 'JSX.IntrinsicElements'.
src/icons/Fonts/general-sans/GeneralSansRegular.tsx(2376,5): error TS2339: Property 'hkern' does not exist on type 'JSX.IntrinsicElements'.
src/icons/Fonts/general-sans/GeneralSansRegular.tsx(2377,5): error TS2339: Property 'hkern' does not exist on type 'JSX.IntrinsicElements'.
src/icons/Fonts/general-sans/GeneralSansRegular.tsx(2378,5): error TS2339: Property 'hkern' does not exist on type 'JSX.IntrinsicElements'.
src/icons/Fonts/general-sans/GeneralSansRegular.tsx(2379,5): error TS2339: Property 'hkern' does not exist on type 'JSX.IntrinsicElements'.
src/icons/Fonts/general-sans/GeneralSansRegular.tsx(2380,5): error TS2339: Property 'hkern' does not exist on type 'JSX.IntrinsicElements'.
src/icons/Fonts/general-sans/GeneralSansRegular.tsx(2381,5): error TS2339: Property 'hkern' does not exist on type 'JSX.IntrinsicElements'.
src/icons/Fonts/general-sans/GeneralSansRegular.tsx(2382,5): error TS2339: Property 'hkern' does not exist on type 'JSX.IntrinsicElements'.
src/icons/Fonts/general-sans/GeneralSansRegular.tsx(2383,5): error TS2339: Property 'hkern' does not exist on type 'JSX.IntrinsicElements'.
src/icons/Fonts/general-sans/GeneralSansRegular.tsx(2384,5): error TS2339: Property 'hkern' does not exist on type 'JSX.IntrinsicElements'.
src/icons/Fonts/general-sans/GeneralSansRegular.tsx(2385,5): error TS2339: Property 'hkern' does not exist on type 'JSX.IntrinsicElements'.
src/icons/Fonts/general-sans/GeneralSansRegular.tsx(2386,5): error TS2339: Property 'hkern' does not exist on type 'JSX.IntrinsicElements'.
src/icons/Fonts/general-sans/GeneralSansRegular.tsx(2387,5): error TS2339: Property 'hkern' does not exist on type 'JSX.IntrinsicElements'.
src/icons/Fonts/general-sans/GeneralSansRegular.tsx(2388,5): error TS2339: Property 'hkern' does not exist on type 'JSX.IntrinsicElements'.
src/icons/Fonts/general-sans/GeneralSansRegular.tsx(2389,5): error TS2339: Property 'hkern' does not exist on type 'JSX.IntrinsicElements'.
src/icons/Fonts/general-sans/GeneralSansRegular.tsx(2390,5): error TS2339: Property 'hkern' does not exist on type 'JSX.IntrinsicElements'.
src/icons/Fonts/general-sans/GeneralSansRegular.tsx(2391,5): error TS2339: Property 'hkern' does not exist on type 'JSX.IntrinsicElements'.
src/icons/Fonts/general-sans/GeneralSansRegular.tsx(2392,5): error TS2339: Property 'hkern' does not exist on type 'JSX.IntrinsicElements'.
src/icons/Fonts/general-sans/GeneralSansRegular.tsx(2393,5): error TS2339: Property 'hkern' does not exist on type 'JSX.IntrinsicElements'.
src/icons/Fonts/general-sans/GeneralSansRegular.tsx(2394,5): error TS2339: Property 'hkern' does not exist on type 'JSX.IntrinsicElements'.
src/icons/Fonts/general-sans/GeneralSansRegular.tsx(2395,5): error TS2339: Property 'hkern' does not exist on type 'JSX.IntrinsicElements'.
src/icons/Fonts/general-sans/GeneralSansRegular.tsx(2396,5): error TS2339: Property 'hkern' does not exist on type 'JSX.IntrinsicElements'.
src/icons/Fonts/general-sans/GeneralSansRegular.tsx(2397,5): error TS2339: Property 'hkern' does not exist on type 'JSX.IntrinsicElements'.
src/icons/Fonts/general-sans/GeneralSansRegular.tsx(2398,5): error TS2339: Property 'hkern' does not exist on type 'JSX.IntrinsicElements'.
src/icons/Fonts/general-sans/GeneralSansRegular.tsx(2399,5): error TS2339: Property 'hkern' does not exist on type 'JSX.IntrinsicElements'.
src/icons/Fonts/general-sans/GeneralSansRegular.tsx(2400,5): error TS2339: Property 'hkern' does not exist on type 'JSX.IntrinsicElements'.
src/icons/Fonts/general-sans/GeneralSansRegular.tsx(2401,5): error TS2339: Property 'hkern' does not exist on type 'JSX.IntrinsicElements'.
src/icons/Fonts/general-sans/GeneralSansRegular.tsx(2402,5): error TS2339: Property 'hkern' does not exist on type 'JSX.IntrinsicElements'.
src/icons/Fonts/general-sans/GeneralSansRegular.tsx(2403,5): error TS2339: Property 'hkern' does not exist on type 'JSX.IntrinsicElements'.
src/icons/Fonts/general-sans/GeneralSansRegular.tsx(2404,5): error TS2339: Property 'hkern' does not exist on type 'JSX.IntrinsicElements'.
src/icons/Fonts/general-sans/GeneralSansRegular.tsx(2405,5): error TS2339: Property 'hkern' does not exist on type 'JSX.IntrinsicElements'.
src/icons/Fonts/general-sans/GeneralSansRegular.tsx(2406,5): error TS2339: Property 'hkern' does not exist on type 'JSX.IntrinsicElements'.
src/icons/Fonts/general-sans/GeneralSansRegular.tsx(2407,5): error TS2339: Property 'hkern' does not exist on type 'JSX.IntrinsicElements'.
src/icons/Fonts/general-sans/GeneralSansRegular.tsx(2408,5): error TS2339: Property 'hkern' does not exist on type 'JSX.IntrinsicElements'.
src/icons/Fonts/general-sans/GeneralSansRegular.tsx(2409,5): error TS2339: Property 'hkern' does not exist on type 'JSX.IntrinsicElements'.
src/icons/Fonts/general-sans/GeneralSansRegular.tsx(2410,5): error TS2339: Property 'hkern' does not exist on type 'JSX.IntrinsicElements'.
src/icons/Fonts/general-sans/GeneralSansRegular.tsx(2411,5): error TS2339: Property 'hkern' does not exist on type 'JSX.IntrinsicElements'.
src/icons/Fonts/general-sans/GeneralSansRegular.tsx(2412,5): error TS2339: Property 'hkern' does not exist on type 'JSX.IntrinsicElements'.
src/icons/Fonts/general-sans/GeneralSansRegular.tsx(2413,5): error TS2339: Property 'hkern' does not exist on type 'JSX.IntrinsicElements'.
src/icons/Fonts/general-sans/GeneralSansRegular.tsx(2414,5): error TS2339: Property 'hkern' does not exist on type 'JSX.IntrinsicElements'.
src/icons/Fonts/general-sans/GeneralSansRegular.tsx(2415,5): error TS2339: Property 'hkern' does not exist on type 'JSX.IntrinsicElements'.
src/icons/Fonts/general-sans/GeneralSansRegular.tsx(2416,5): error TS2339: Property 'hkern' does not exist on type 'JSX.IntrinsicElements'.
src/icons/Fonts/general-sans/GeneralSansRegular.tsx(2417,5): error TS2339: Property 'hkern' does not exist on type 'JSX.IntrinsicElements'.
src/icons/Fonts/general-sans/GeneralSansRegular.tsx(2418,5): error TS2339: Property 'hkern' does not exist on type 'JSX.IntrinsicElements'.
src/icons/Fonts/general-sans/GeneralSansRegular.tsx(2419,5): error TS2339: Property 'hkern' does not exist on type 'JSX.IntrinsicElements'.
src/icons/Fonts/general-sans/GeneralSansRegular.tsx(2420,5): error TS2339: Property 'hkern' does not exist on type 'JSX.IntrinsicElements'.
src/icons/Fonts/general-sans/GeneralSansRegular.tsx(2421,5): error TS2339: Property 'hkern' does not exist on type 'JSX.IntrinsicElements'.
src/icons/Fonts/general-sans/GeneralSansRegular.tsx(2422,5): error TS2339: Property 'hkern' does not exist on type 'JSX.IntrinsicElements'.
src/icons/Fonts/general-sans/GeneralSansRegular.tsx(2423,5): error TS2339: Property 'hkern' does not exist on type 'JSX.IntrinsicElements'.
src/icons/Fonts/general-sans/GeneralSansRegular.tsx(2424,5): error TS2339: Property 'hkern' does not exist on type 'JSX.IntrinsicElements'.
src/icons/Fonts/general-sans/GeneralSansRegular.tsx(2425,5): error TS2339: Property 'hkern' does not exist on type 'JSX.IntrinsicElements'.
src/icons/Fonts/general-sans/GeneralSansRegular.tsx(2426,5): error TS2339: Property 'hkern' does not exist on type 'JSX.IntrinsicElements'.
src/icons/Fonts/general-sans/GeneralSansRegular.tsx(2427,5): error TS2339: Property 'hkern' does not exist on type 'JSX.IntrinsicElements'.
src/icons/Fonts/general-sans/GeneralSansRegular.tsx(2428,5): error TS2339: Property 'hkern' does not exist on type 'JSX.IntrinsicElements'.
src/icons/Fonts/general-sans/GeneralSansRegular.tsx(2429,5): error TS2339: Property 'hkern' does not exist on type 'JSX.IntrinsicElements'.
src/icons/Fonts/general-sans/GeneralSansRegular.tsx(2430,5): error TS2339: Property 'hkern' does not exist on type 'JSX.IntrinsicElements'.
src/icons/Fonts/general-sans/GeneralSansRegular.tsx(2431,5): error TS2339: Property 'hkern' does not exist on type 'JSX.IntrinsicElements'.
src/icons/Fonts/general-sans/GeneralSansRegular.tsx(2432,5): error TS2339: Property 'hkern' does not exist on type 'JSX.IntrinsicElements'.
src/icons/Fonts/general-sans/GeneralSansRegular.tsx(2433,5): error TS2339: Property 'hkern' does not exist on type 'JSX.IntrinsicElements'.
src/icons/Fonts/general-sans/GeneralSansRegular.tsx(2434,5): error TS2339: Property 'hkern' does not exist on type 'JSX.IntrinsicElements'.
src/icons/Fonts/general-sans/GeneralSansRegular.tsx(2435,5): error TS2339: Property 'hkern' does not exist on type 'JSX.IntrinsicElements'.
src/icons/Fonts/general-sans/GeneralSansRegular.tsx(2436,5): error TS2339: Property 'hkern' does not exist on type 'JSX.IntrinsicElements'.
src/icons/Fonts/general-sans/GeneralSansRegular.tsx(2437,5): error TS2339: Property 'hkern' does not exist on type 'JSX.IntrinsicElements'.
src/icons/Fonts/general-sans/GeneralSansRegular.tsx(2438,5): error TS2339: Property 'hkern' does not exist on type 'JSX.IntrinsicElements'.
src/icons/Fonts/general-sans/GeneralSansRegular.tsx(2439,5): error TS2339: Property 'hkern' does not exist on type 'JSX.IntrinsicElements'.
src/icons/Fonts/general-sans/GeneralSansRegular.tsx(2440,5): error TS2339: Property 'hkern' does not exist on type 'JSX.IntrinsicElements'.
src/icons/Fonts/general-sans/GeneralSansRegular.tsx(2441,5): error TS2339: Property 'hkern' does not exist on type 'JSX.IntrinsicElements'.
src/icons/Fonts/general-sans/GeneralSansRegular.tsx(2442,5): error TS2339: Property 'hkern' does not exist on type 'JSX.IntrinsicElements'.
src/icons/Fonts/general-sans/GeneralSansRegular.tsx(2443,5): error TS2339: Property 'hkern' does not exist on type 'JSX.IntrinsicElements'.
src/icons/Fonts/general-sans/GeneralSansRegular.tsx(2444,5): error TS2339: Property 'hkern' does not exist on type 'JSX.IntrinsicElements'.
src/icons/Fonts/general-sans/GeneralSansRegular.tsx(2445,5): error TS2339: Property 'hkern' does not exist on type 'JSX.IntrinsicElements'.
src/icons/Fonts/general-sans/GeneralSansRegular.tsx(2446,5): error TS2339: Property 'hkern' does not exist on type 'JSX.IntrinsicElements'.
src/icons/Fonts/general-sans/GeneralSansRegular.tsx(2447,5): error TS2339: Property 'hkern' does not exist on type 'JSX.IntrinsicElements'.
src/icons/Fonts/general-sans/GeneralSansRegular.tsx(2448,5): error TS2339: Property 'hkern' does not exist on type 'JSX.IntrinsicElements'.
src/icons/Fonts/general-sans/GeneralSansRegular.tsx(2449,5): error TS2339: Property 'hkern' does not exist on type 'JSX.IntrinsicElements'.
src/icons/Fonts/general-sans/GeneralSansRegular.tsx(2450,5): error TS2339: Property 'hkern' does not exist on type 'JSX.IntrinsicElements'.
src/icons/Fonts/general-sans/GeneralSansRegular.tsx(2451,5): error TS2339: Property 'hkern' does not exist on type 'JSX.IntrinsicElements'.
src/icons/Fonts/general-sans/GeneralSansRegular.tsx(2452,5): error TS2339: Property 'hkern' does not exist on type 'JSX.IntrinsicElements'.
src/icons/Fonts/general-sans/GeneralSansRegular.tsx(2453,5): error TS2339: Property 'hkern' does not exist on type 'JSX.IntrinsicElements'.
src/icons/Fonts/general-sans/GeneralSansRegular.tsx(2454,5): error TS2339: Property 'hkern' does not exist on type 'JSX.IntrinsicElements'.
src/icons/Fonts/general-sans/GeneralSansRegular.tsx(2455,5): error TS2339: Property 'hkern' does not exist on type 'JSX.IntrinsicElements'.
src/icons/Fonts/general-sans/GeneralSansRegular.tsx(2456,5): error TS2339: Property 'hkern' does not exist on type 'JSX.IntrinsicElements'.
src/icons/Fonts/general-sans/GeneralSansRegular.tsx(2457,5): error TS2339: Property 'hkern' does not exist on type 'JSX.IntrinsicElements'.
src/icons/Fonts/general-sans/GeneralSansRegular.tsx(2458,5): error TS2339: Property 'hkern' does not exist on type 'JSX.IntrinsicElements'.
src/icons/Fonts/general-sans/GeneralSansRegular.tsx(2459,5): error TS2339: Property 'hkern' does not exist on type 'JSX.IntrinsicElements'.
src/icons/Fonts/general-sans/GeneralSansRegular.tsx(2460,5): error TS2339: Property 'hkern' does not exist on type 'JSX.IntrinsicElements'.
src/icons/Fonts/general-sans/GeneralSansRegular.tsx(2461,5): error TS2339: Property 'hkern' does not exist on type 'JSX.IntrinsicElements'.
src/icons/Fonts/general-sans/GeneralSansRegular.tsx(2462,5): error TS2339: Property 'hkern' does not exist on type 'JSX.IntrinsicElements'.
src/icons/Fonts/general-sans/GeneralSansRegular.tsx(2463,5): error TS2339: Property 'hkern' does not exist on type 'JSX.IntrinsicElements'.
src/icons/Fonts/general-sans/GeneralSansRegular.tsx(2464,5): error TS2339: Property 'hkern' does not exist on type 'JSX.IntrinsicElements'.
src/icons/Fonts/general-sans/GeneralSansRegular.tsx(2465,5): error TS2339: Property 'hkern' does not exist on type 'JSX.IntrinsicElements'.
src/icons/Fonts/general-sans/GeneralSansRegular.tsx(2466,5): error TS2339: Property 'hkern' does not exist on type 'JSX.IntrinsicElements'.
src/icons/Fonts/general-sans/GeneralSansRegular.tsx(2467,5): error TS2339: Property 'hkern' does not exist on type 'JSX.IntrinsicElements'.
src/icons/Fonts/general-sans/GeneralSansRegular.tsx(2468,5): error TS2339: Property 'hkern' does not exist on type 'JSX.IntrinsicElements'.
src/icons/Fonts/general-sans/GeneralSansRegular.tsx(2469,5): error TS2339: Property 'hkern' does not exist on type 'JSX.IntrinsicElements'.
src/icons/Fonts/general-sans/GeneralSansRegular.tsx(2470,5): error TS2339: Property 'hkern' does not exist on type 'JSX.IntrinsicElements'.
src/icons/Fonts/general-sans/GeneralSansRegular.tsx(2471,5): error TS2339: Property 'hkern' does not exist on type 'JSX.IntrinsicElements'.
src/icons/Fonts/general-sans/GeneralSansRegular.tsx(2472,5): error TS2339: Property 'hkern' does not exist on type 'JSX.IntrinsicElements'.
src/icons/Fonts/general-sans/GeneralSansRegular.tsx(2473,5): error TS2339: Property 'hkern' does not exist on type 'JSX.IntrinsicElements'.
src/icons/Fonts/general-sans/GeneralSansRegular.tsx(2474,5): error TS2339: Property 'hkern' does not exist on type 'JSX.IntrinsicElements'.
src/icons/Fonts/general-sans/GeneralSansRegular.tsx(2475,5): error TS2339: Property 'hkern' does not exist on type 'JSX.IntrinsicElements'.
src/icons/Fonts/general-sans/GeneralSansRegular.tsx(2476,5): error TS2339: Property 'hkern' does not exist on type 'JSX.IntrinsicElements'.
src/icons/Fonts/general-sans/GeneralSansRegular.tsx(2477,5): error TS2339: Property 'hkern' does not exist on type 'JSX.IntrinsicElements'.
src/icons/Fonts/general-sans/GeneralSansRegular.tsx(2478,5): error TS2339: Property 'hkern' does not exist on type 'JSX.IntrinsicElements'.
src/icons/Fonts/general-sans/GeneralSansRegular.tsx(2479,5): error TS2339: Property 'hkern' does not exist on type 'JSX.IntrinsicElements'.
src/icons/Fonts/general-sans/GeneralSansRegular.tsx(2480,5): error TS2339: Property 'hkern' does not exist on type 'JSX.IntrinsicElements'.
src/icons/Fonts/general-sans/GeneralSansRegular.tsx(2481,5): error TS2339: Property 'hkern' does not exist on type 'JSX.IntrinsicElements'.
src/icons/Fonts/general-sans/GeneralSansRegular.tsx(2482,5): error TS2339: Property 'hkern' does not exist on type 'JSX.IntrinsicElements'.
src/icons/Fonts/general-sans/GeneralSansRegular.tsx(2483,5): error TS2339: Property 'hkern' does not exist on type 'JSX.IntrinsicElements'.
src/icons/Fonts/general-sans/GeneralSansRegular.tsx(2484,5): error TS2339: Property 'hkern' does not exist on type 'JSX.IntrinsicElements'.
src/icons/Fonts/general-sans/GeneralSansRegular.tsx(2485,5): error TS2339: Property 'hkern' does not exist on type 'JSX.IntrinsicElements'.
src/icons/Fonts/general-sans/GeneralSansRegular.tsx(2486,5): error TS2339: Property 'hkern' does not exist on type 'JSX.IntrinsicElements'.
src/icons/Fonts/general-sans/GeneralSansRegular.tsx(2487,5): error TS2339: Property 'hkern' does not exist on type 'JSX.IntrinsicElements'.
src/icons/Fonts/general-sans/GeneralSansRegular.tsx(2488,5): error TS2339: Property 'hkern' does not exist on type 'JSX.IntrinsicElements'.
src/icons/Fonts/general-sans/GeneralSansRegular.tsx(2489,5): error TS2339: Property 'hkern' does not exist on type 'JSX.IntrinsicElements'.
src/icons/Fonts/general-sans/GeneralSansRegular.tsx(2490,5): error TS2339: Property 'hkern' does not exist on type 'JSX.IntrinsicElements'.
src/icons/Fonts/general-sans/GeneralSansRegular.tsx(2491,5): error TS2339: Property 'hkern' does not exist on type 'JSX.IntrinsicElements'.
src/icons/Fonts/general-sans/GeneralSansRegular.tsx(2492,5): error TS2339: Property 'hkern' does not exist on type 'JSX.IntrinsicElements'.
src/icons/Fonts/general-sans/GeneralSansRegular.tsx(2493,5): error TS2339: Property 'hkern' does not exist on type 'JSX.IntrinsicElements'.
src/icons/Fonts/general-sans/GeneralSansRegular.tsx(2494,5): error TS2339: Property 'hkern' does not exist on type 'JSX.IntrinsicElements'.
src/icons/Fonts/general-sans/GeneralSansRegular.tsx(2495,5): error TS2339: Property 'hkern' does not exist on type 'JSX.IntrinsicElements'.
src/icons/Fonts/general-sans/GeneralSansRegular.tsx(2496,5): error TS2339: Property 'hkern' does not exist on type 'JSX.IntrinsicElements'.
src/icons/Fonts/general-sans/GeneralSansRegular.tsx(2497,5): error TS2339: Property 'hkern' does not exist on type 'JSX.IntrinsicElements'.
src/icons/Fonts/general-sans/GeneralSansRegular.tsx(2498,5): error TS2339: Property 'hkern' does not exist on type 'JSX.IntrinsicElements'.
src/icons/Fonts/general-sans/GeneralSansRegular.tsx(2499,5): error TS2339: Property 'hkern' does not exist on type 'JSX.IntrinsicElements'.
src/icons/Fonts/general-sans/GeneralSansRegular.tsx(2500,5): error TS2339: Property 'hkern' does not exist on type 'JSX.IntrinsicElements'.
src/icons/Fonts/general-sans/GeneralSansRegular.tsx(2501,5): error TS2339: Property 'hkern' does not exist on type 'JSX.IntrinsicElements'.
src/icons/Fonts/general-sans/GeneralSansRegular.tsx(2502,5): error TS2339: Property 'hkern' does not exist on type 'JSX.IntrinsicElements'.
src/icons/Fonts/general-sans/GeneralSansRegular.tsx(2503,5): error TS2339: Property 'hkern' does not exist on type 'JSX.IntrinsicElements'.
src/icons/Fonts/general-sans/GeneralSansRegular.tsx(2504,5): error TS2339: Property 'hkern' does not exist on type 'JSX.IntrinsicElements'.
src/icons/Fonts/general-sans/GeneralSansRegular.tsx(2505,5): error TS2339: Property 'hkern' does not exist on type 'JSX.IntrinsicElements'.
src/icons/Fonts/general-sans/GeneralSansRegular.tsx(2506,5): error TS2339: Property 'hkern' does not exist on type 'JSX.IntrinsicElements'.
src/icons/Fonts/general-sans/GeneralSansRegular.tsx(2507,5): error TS2339: Property 'hkern' does not exist on type 'JSX.IntrinsicElements'.
src/icons/Fonts/general-sans/GeneralSansRegular.tsx(2508,5): error TS2339: Property 'hkern' does not exist on type 'JSX.IntrinsicElements'.
src/icons/Fonts/general-sans/GeneralSansRegular.tsx(2509,5): error TS2339: Property 'hkern' does not exist on type 'JSX.IntrinsicElements'.
src/icons/Fonts/general-sans/GeneralSansRegular.tsx(2510,5): error TS2339: Property 'hkern' does not exist on type 'JSX.IntrinsicElements'.
src/icons/Fonts/general-sans/GeneralSansRegular.tsx(2511,5): error TS2339: Property 'hkern' does not exist on type 'JSX.IntrinsicElements'.
src/icons/Fonts/general-sans/GeneralSansRegular.tsx(2512,5): error TS2339: Property 'hkern' does not exist on type 'JSX.IntrinsicElements'.
src/icons/Fonts/general-sans/GeneralSansRegular.tsx(2513,5): error TS2339: Property 'hkern' does not exist on type 'JSX.IntrinsicElements'.
src/icons/Fonts/general-sans/GeneralSansRegular.tsx(2514,5): error TS2339: Property 'hkern' does not exist on type 'JSX.IntrinsicElements'.
src/icons/Fonts/general-sans/GeneralSansRegular.tsx(2515,5): error TS2339: Property 'hkern' does not exist on type 'JSX.IntrinsicElements'.
src/icons/Fonts/general-sans/GeneralSansRegular.tsx(2516,5): error TS2339: Property 'hkern' does not exist on type 'JSX.IntrinsicElements'.
src/icons/Fonts/general-sans/GeneralSansRegular.tsx(2517,5): error TS2339: Property 'hkern' does not exist on type 'JSX.IntrinsicElements'.
src/icons/Fonts/general-sans/GeneralSansRegular.tsx(2518,5): error TS2339: Property 'hkern' does not exist on type 'JSX.IntrinsicElements'.
src/icons/Fonts/general-sans/GeneralSansRegular.tsx(2519,5): error TS2339: Property 'hkern' does not exist on type 'JSX.IntrinsicElements'.
src/icons/Fonts/general-sans/GeneralSansRegular.tsx(2520,5): error TS2339: Property 'hkern' does not exist on type 'JSX.IntrinsicElements'.
src/icons/Fonts/general-sans/GeneralSansRegular.tsx(2521,5): error TS2339: Property 'hkern' does not exist on type 'JSX.IntrinsicElements'.
src/icons/Fonts/general-sans/GeneralSansRegular.tsx(2522,5): error TS2339: Property 'hkern' does not exist on type 'JSX.IntrinsicElements'.
src/icons/Fonts/general-sans/GeneralSansRegular.tsx(2523,5): error TS2339: Property 'hkern' does not exist on type 'JSX.IntrinsicElements'.
src/icons/Fonts/general-sans/GeneralSansRegular.tsx(2524,5): error TS2339: Property 'hkern' does not exist on type 'JSX.IntrinsicElements'.
src/icons/Fonts/general-sans/GeneralSansRegular.tsx(2525,5): error TS2339: Property 'hkern' does not exist on type 'JSX.IntrinsicElements'.
src/icons/Fonts/general-sans/GeneralSansRegular.tsx(2526,5): error TS2339: Property 'hkern' does not exist on type 'JSX.IntrinsicElements'.
src/icons/Fonts/general-sans/GeneralSansRegular.tsx(2527,5): error TS2339: Property 'hkern' does not exist on type 'JSX.IntrinsicElements'.
src/icons/Fonts/general-sans/GeneralSansRegular.tsx(2528,5): error TS2339: Property 'hkern' does not exist on type 'JSX.IntrinsicElements'.
src/icons/Fonts/general-sans/GeneralSansRegular.tsx(2529,5): error TS2339: Property 'hkern' does not exist on type 'JSX.IntrinsicElements'.
src/icons/Fonts/general-sans/GeneralSansRegular.tsx(2530,5): error TS2339: Property 'hkern' does not exist on type 'JSX.IntrinsicElements'.
src/icons/Fonts/general-sans/GeneralSansRegular.tsx(2531,5): error TS2339: Property 'hkern' does not exist on type 'JSX.IntrinsicElements'.
src/icons/Fonts/general-sans/GeneralSansRegular.tsx(2532,5): error TS2339: Property 'hkern' does not exist on type 'JSX.IntrinsicElements'.
src/icons/Fonts/general-sans/GeneralSansRegular.tsx(2533,5): error TS2339: Property 'hkern' does not exist on type 'JSX.IntrinsicElements'.
src/icons/Fonts/general-sans/GeneralSansRegular.tsx(2534,5): error TS2339: Property 'hkern' does not exist on type 'JSX.IntrinsicElements'.
src/icons/Fonts/general-sans/GeneralSansRegular.tsx(2535,5): error TS2339: Property 'hkern' does not exist on type 'JSX.IntrinsicElements'.
src/icons/Fonts/general-sans/GeneralSansRegular.tsx(2536,5): error TS2339: Property 'hkern' does not exist on type 'JSX.IntrinsicElements'.
src/icons/Fonts/general-sans/GeneralSansRegular.tsx(2537,5): error TS2339: Property 'hkern' does not exist on type 'JSX.IntrinsicElements'.
src/icons/Fonts/general-sans/GeneralSansRegular.tsx(2538,5): error TS2339: Property 'hkern' does not exist on type 'JSX.IntrinsicElements'.
src/icons/Fonts/general-sans/GeneralSansRegular.tsx(2539,5): error TS2339: Property 'hkern' does not exist on type 'JSX.IntrinsicElements'.
src/icons/Fonts/general-sans/GeneralSansRegular.tsx(2540,5): error TS2339: Property 'hkern' does not exist on type 'JSX.IntrinsicElements'.
src/icons/Fonts/general-sans/GeneralSansRegular.tsx(2541,5): error TS2339: Property 'hkern' does not exist on type 'JSX.IntrinsicElements'.
src/icons/Fonts/general-sans/GeneralSansRegular.tsx(2542,5): error TS2339: Property 'hkern' does not exist on type 'JSX.IntrinsicElements'.
src/icons/Fonts/general-sans/GeneralSansRegular.tsx(2543,5): error TS2339: Property 'hkern' does not exist on type 'JSX.IntrinsicElements'.
src/icons/Fonts/general-sans/GeneralSansRegular.tsx(2544,5): error TS2339: Property 'hkern' does not exist on type 'JSX.IntrinsicElements'.
src/icons/Fonts/general-sans/GeneralSansRegular.tsx(2545,5): error TS2339: Property 'hkern' does not exist on type 'JSX.IntrinsicElements'.
src/icons/Fonts/general-sans/GeneralSansRegular.tsx(2546,5): error TS2339: Property 'hkern' does not exist on type 'JSX.IntrinsicElements'.
src/icons/Fonts/general-sans/GeneralSansRegular.tsx(2547,5): error TS2339: Property 'hkern' does not exist on type 'JSX.IntrinsicElements'.
src/icons/Fonts/general-sans/GeneralSansRegular.tsx(2548,5): error TS2339: Property 'hkern' does not exist on type 'JSX.IntrinsicElements'.
src/icons/Fonts/general-sans/GeneralSansRegular.tsx(2549,5): error TS2339: Property 'hkern' does not exist on type 'JSX.IntrinsicElements'.
src/icons/Fonts/general-sans/GeneralSansRegular.tsx(2550,5): error TS2339: Property 'hkern' does not exist on type 'JSX.IntrinsicElements'.
src/icons/Fonts/general-sans/GeneralSansRegular.tsx(2551,5): error TS2339: Property 'hkern' does not exist on type 'JSX.IntrinsicElements'.
src/icons/Fonts/general-sans/GeneralSansRegular.tsx(2552,5): error TS2339: Property 'hkern' does not exist on type 'JSX.IntrinsicElements'.
src/icons/Fonts/general-sans/GeneralSansRegular.tsx(2553,5): error TS2339: Property 'hkern' does not exist on type 'JSX.IntrinsicElements'.
src/icons/Fonts/general-sans/GeneralSansRegular.tsx(2554,5): error TS2339: Property 'hkern' does not exist on type 'JSX.IntrinsicElements'.
src/icons/Fonts/general-sans/GeneralSansRegular.tsx(2555,5): error TS2339: Property 'hkern' does not exist on type 'JSX.IntrinsicElements'.
src/icons/Fonts/general-sans/GeneralSansRegular.tsx(2556,5): error TS2339: Property 'hkern' does not exist on type 'JSX.IntrinsicElements'.
src/icons/Fonts/general-sans/GeneralSansRegular.tsx(2557,5): error TS2339: Property 'hkern' does not exist on type 'JSX.IntrinsicElements'.
src/icons/Fonts/general-sans/GeneralSansRegular.tsx(2558,5): error TS2339: Property 'hkern' does not exist on type 'JSX.IntrinsicElements'.
src/icons/Fonts/general-sans/GeneralSansRegular.tsx(2559,5): error TS2339: Property 'hkern' does not exist on type 'JSX.IntrinsicElements'.
src/icons/Fonts/general-sans/GeneralSansRegular.tsx(2560,5): error TS2339: Property 'hkern' does not exist on type 'JSX.IntrinsicElements'.
src/icons/Fonts/general-sans/GeneralSansRegular.tsx(2561,5): error TS2339: Property 'hkern' does not exist on type 'JSX.IntrinsicElements'.
src/icons/Fonts/general-sans/GeneralSansRegular.tsx(2562,5): error TS2339: Property 'hkern' does not exist on type 'JSX.IntrinsicElements'.
src/icons/Fonts/general-sans/GeneralSansRegular.tsx(2563,5): error TS2339: Property 'hkern' does not exist on type 'JSX.IntrinsicElements'.
src/icons/Fonts/general-sans/GeneralSansRegular.tsx(2564,5): error TS2339: Property 'hkern' does not exist on type 'JSX.IntrinsicElements'.
src/icons/Fonts/general-sans/GeneralSansRegular.tsx(2565,5): error TS2339: Property 'hkern' does not exist on type 'JSX.IntrinsicElements'.
src/icons/Fonts/general-sans/GeneralSansRegular.tsx(2566,5): error TS2339: Property 'hkern' does not exist on type 'JSX.IntrinsicElements'.
src/icons/Fonts/general-sans/GeneralSansRegular.tsx(2567,5): error TS2339: Property 'hkern' does not exist on type 'JSX.IntrinsicElements'.
src/icons/Fonts/general-sans/GeneralSansRegular.tsx(2568,5): error TS2339: Property 'hkern' does not exist on type 'JSX.IntrinsicElements'.
src/icons/Fonts/general-sans/GeneralSansRegular.tsx(2569,5): error TS2339: Property 'hkern' does not exist on type 'JSX.IntrinsicElements'.
src/icons/Fonts/general-sans/GeneralSansRegular.tsx(2570,5): error TS2339: Property 'hkern' does not exist on type 'JSX.IntrinsicElements'.
src/icons/Fonts/general-sans/GeneralSansRegular.tsx(2571,5): error TS2339: Property 'hkern' does not exist on type 'JSX.IntrinsicElements'.
src/icons/Fonts/general-sans/GeneralSansRegular.tsx(2572,5): error TS2339: Property 'hkern' does not exist on type 'JSX.IntrinsicElements'.
src/icons/Fonts/general-sans/GeneralSansRegular.tsx(2573,5): error TS2339: Property 'hkern' does not exist on type 'JSX.IntrinsicElements'.
src/icons/Fonts/general-sans/GeneralSansRegular.tsx(2574,5): error TS2339: Property 'hkern' does not exist on type 'JSX.IntrinsicElements'.
src/icons/Fonts/general-sans/GeneralSansRegular.tsx(2575,5): error TS2339: Property 'hkern' does not exist on type 'JSX.IntrinsicElements'.
src/icons/Fonts/general-sans/GeneralSansRegular.tsx(2576,5): error TS2339: Property 'hkern' does not exist on type 'JSX.IntrinsicElements'.
src/icons/Fonts/general-sans/GeneralSansRegular.tsx(2577,5): error TS2339: Property 'hkern' does not exist on type 'JSX.IntrinsicElements'.
src/icons/Fonts/general-sans/GeneralSansRegular.tsx(2578,5): error TS2339: Property 'hkern' does not exist on type 'JSX.IntrinsicElements'.
src/icons/Fonts/general-sans/GeneralSansRegular.tsx(2579,5): error TS2339: Property 'hkern' does not exist on type 'JSX.IntrinsicElements'.
src/icons/Fonts/general-sans/GeneralSansRegular.tsx(2580,5): error TS2339: Property 'hkern' does not exist on type 'JSX.IntrinsicElements'.
src/icons/Fonts/general-sans/GeneralSansRegular.tsx(2581,5): error TS2339: Property 'hkern' does not exist on type 'JSX.IntrinsicElements'.
src/icons/Fonts/general-sans/GeneralSansRegular.tsx(2582,5): error TS2339: Property 'hkern' does not exist on type 'JSX.IntrinsicElements'.
src/icons/Fonts/general-sans/GeneralSansRegular.tsx(2583,5): error TS2339: Property 'hkern' does not exist on type 'JSX.IntrinsicElements'.
src/icons/Fonts/general-sans/GeneralSansRegular.tsx(2584,5): error TS2339: Property 'hkern' does not exist on type 'JSX.IntrinsicElements'.
src/icons/Fonts/general-sans/GeneralSansRegular.tsx(2585,5): error TS2339: Property 'hkern' does not exist on type 'JSX.IntrinsicElements'.
src/icons/Fonts/general-sans/GeneralSansRegular.tsx(2586,5): error TS2339: Property 'hkern' does not exist on type 'JSX.IntrinsicElements'.
src/icons/Fonts/general-sans/GeneralSansRegular.tsx(2587,5): error TS2339: Property 'hkern' does not exist on type 'JSX.IntrinsicElements'.
src/icons/Fonts/general-sans/GeneralSansRegular.tsx(2588,5): error TS2339: Property 'hkern' does not exist on type 'JSX.IntrinsicElements'.
src/icons/Fonts/general-sans/GeneralSansRegular.tsx(2589,5): error TS2339: Property 'hkern' does not exist on type 'JSX.IntrinsicElements'.
src/icons/Fonts/general-sans/GeneralSansRegular.tsx(2590,5): error TS2339: Property 'hkern' does not exist on type 'JSX.IntrinsicElements'.
src/icons/Fonts/general-sans/GeneralSansRegular.tsx(2591,5): error TS2339: Property 'hkern' does not exist on type 'JSX.IntrinsicElements'.
src/icons/Fonts/general-sans/GeneralSansRegular.tsx(2592,5): error TS2339: Property 'hkern' does not exist on type 'JSX.IntrinsicElements'.
src/icons/Fonts/general-sans/GeneralSansRegular.tsx(2593,5): error TS2339: Property 'hkern' does not exist on type 'JSX.IntrinsicElements'.
src/icons/Fonts/general-sans/GeneralSansRegular.tsx(2594,5): error TS2339: Property 'hkern' does not exist on type 'JSX.IntrinsicElements'.
src/icons/Fonts/general-sans/GeneralSansRegular.tsx(2595,5): error TS2339: Property 'hkern' does not exist on type 'JSX.IntrinsicElements'.
src/icons/Fonts/general-sans/GeneralSansRegular.tsx(2596,5): error TS2339: Property 'hkern' does not exist on type 'JSX.IntrinsicElements'.
src/icons/Fonts/general-sans/GeneralSansRegular.tsx(2597,5): error TS2339: Property 'hkern' does not exist on type 'JSX.IntrinsicElements'.
src/icons/Fonts/general-sans/GeneralSansRegular.tsx(2598,5): error TS2339: Property 'hkern' does not exist on type 'JSX.IntrinsicElements'.
src/icons/Fonts/general-sans/GeneralSansRegular.tsx(2599,5): error TS2339: Property 'hkern' does not exist on type 'JSX.IntrinsicElements'.
src/icons/Fonts/general-sans/GeneralSansRegular.tsx(2600,5): error TS2339: Property 'hkern' does not exist on type 'JSX.IntrinsicElements'.
src/icons/Fonts/general-sans/GeneralSansRegular.tsx(2601,5): error TS2339: Property 'hkern' does not exist on type 'JSX.IntrinsicElements'.
src/icons/Fonts/general-sans/GeneralSansRegular.tsx(2602,5): error TS2339: Property 'hkern' does not exist on type 'JSX.IntrinsicElements'.
src/icons/Fonts/general-sans/GeneralSansRegular.tsx(2603,5): error TS2339: Property 'hkern' does not exist on type 'JSX.IntrinsicElements'.
src/icons/Fonts/general-sans/GeneralSansRegular.tsx(2604,5): error TS2339: Property 'hkern' does not exist on type 'JSX.IntrinsicElements'.
src/icons/Fonts/general-sans/GeneralSansRegular.tsx(2605,5): error TS2339: Property 'hkern' does not exist on type 'JSX.IntrinsicElements'.
src/icons/Fonts/general-sans/GeneralSansRegular.tsx(2606,5): error TS2339: Property 'hkern' does not exist on type 'JSX.IntrinsicElements'.
src/icons/Fonts/general-sans/GeneralSansRegular.tsx(2607,5): error TS2339: Property 'hkern' does not exist on type 'JSX.IntrinsicElements'.
src/icons/Fonts/general-sans/GeneralSansRegular.tsx(2608,5): error TS2339: Property 'hkern' does not exist on type 'JSX.IntrinsicElements'.
src/icons/Fonts/general-sans/GeneralSansRegular.tsx(2609,5): error TS2339: Property 'hkern' does not exist on type 'JSX.IntrinsicElements'.
src/icons/Fonts/general-sans/GeneralSansRegular.tsx(2610,5): error TS2339: Property 'hkern' does not exist on type 'JSX.IntrinsicElements'.
src/icons/Fonts/general-sans/GeneralSansRegular.tsx(2611,5): error TS2339: Property 'hkern' does not exist on type 'JSX.IntrinsicElements'.
src/icons/Fonts/general-sans/GeneralSansRegular.tsx(2612,5): error TS2339: Property 'hkern' does not exist on type 'JSX.IntrinsicElements'.
src/icons/Fonts/general-sans/GeneralSansRegular.tsx(2613,5): error TS2339: Property 'hkern' does not exist on type 'JSX.IntrinsicElements'.
src/icons/Fonts/general-sans/GeneralSansRegular.tsx(2614,5): error TS2339: Property 'hkern' does not exist on type 'JSX.IntrinsicElements'.
src/icons/Fonts/general-sans/GeneralSansRegular.tsx(2615,5): error TS2339: Property 'hkern' does not exist on type 'JSX.IntrinsicElements'.
src/icons/Fonts/general-sans/GeneralSansRegular.tsx(2616,5): error TS2339: Property 'hkern' does not exist on type 'JSX.IntrinsicElements'.
src/icons/Fonts/general-sans/GeneralSansRegular.tsx(2617,5): error TS2339: Property 'hkern' does not exist on type 'JSX.IntrinsicElements'.
src/icons/Fonts/general-sans/GeneralSansRegular.tsx(2618,5): error TS2339: Property 'hkern' does not exist on type 'JSX.IntrinsicElements'.
src/icons/Fonts/general-sans/GeneralSansRegular.tsx(2619,5): error TS2339: Property 'hkern' does not exist on type 'JSX.IntrinsicElements'.
src/icons/Fonts/general-sans/GeneralSansRegular.tsx(2620,5): error TS2339: Property 'hkern' does not exist on type 'JSX.IntrinsicElements'.
src/icons/Fonts/general-sans/GeneralSansRegular.tsx(2621,5): error TS2339: Property 'hkern' does not exist on type 'JSX.IntrinsicElements'.
src/icons/Fonts/general-sans/GeneralSansRegular.tsx(2622,5): error TS2339: Property 'hkern' does not exist on type 'JSX.IntrinsicElements'.
src/icons/Fonts/general-sans/GeneralSansRegular.tsx(2623,5): error TS2339: Property 'hkern' does not exist on type 'JSX.IntrinsicElements'.
src/icons/Fonts/general-sans/GeneralSansRegular.tsx(2624,5): error TS2339: Property 'hkern' does not exist on type 'JSX.IntrinsicElements'.
src/icons/Fonts/general-sans/GeneralSansRegular.tsx(2625,5): error TS2339: Property 'hkern' does not exist on type 'JSX.IntrinsicElements'.
src/icons/Fonts/general-sans/GeneralSansRegular.tsx(2626,5): error TS2339: Property 'hkern' does not exist on type 'JSX.IntrinsicElements'.
src/icons/Fonts/general-sans/GeneralSansRegular.tsx(2627,5): error TS2339: Property 'hkern' does not exist on type 'JSX.IntrinsicElements'.
src/icons/Fonts/general-sans/GeneralSansRegular.tsx(2628,5): error TS2339: Property 'hkern' does not exist on type 'JSX.IntrinsicElements'.
src/icons/Fonts/general-sans/GeneralSansRegular.tsx(2629,5): error TS2339: Property 'hkern' does not exist on type 'JSX.IntrinsicElements'.
src/icons/Fonts/general-sans/GeneralSansRegular.tsx(2630,5): error TS2339: Property 'hkern' does not exist on type 'JSX.IntrinsicElements'.
src/icons/Fonts/general-sans/GeneralSansRegular.tsx(2631,5): error TS2339: Property 'hkern' does not exist on type 'JSX.IntrinsicElements'.
src/icons/Fonts/general-sans/GeneralSansRegular.tsx(2632,5): error TS2339: Property 'hkern' does not exist on type 'JSX.IntrinsicElements'.
src/icons/Fonts/general-sans/GeneralSansRegular.tsx(2633,5): error TS2339: Property 'hkern' does not exist on type 'JSX.IntrinsicElements'.
src/icons/Fonts/general-sans/GeneralSansRegular.tsx(2634,5): error TS2339: Property 'hkern' does not exist on type 'JSX.IntrinsicElements'.
src/icons/Fonts/general-sans/GeneralSansRegular.tsx(2635,5): error TS2339: Property 'hkern' does not exist on type 'JSX.IntrinsicElements'.
src/icons/Fonts/general-sans/GeneralSansRegular.tsx(2636,5): error TS2339: Property 'hkern' does not exist on type 'JSX.IntrinsicElements'.
src/icons/Fonts/general-sans/GeneralSansRegular.tsx(2637,5): error TS2339: Property 'hkern' does not exist on type 'JSX.IntrinsicElements'.
src/icons/Fonts/general-sans/GeneralSansRegular.tsx(2638,5): error TS2339: Property 'hkern' does not exist on type 'JSX.IntrinsicElements'.
src/icons/Fonts/general-sans/GeneralSansRegular.tsx(2639,5): error TS2339: Property 'hkern' does not exist on type 'JSX.IntrinsicElements'.
src/icons/Fonts/general-sans/GeneralSansRegular.tsx(2640,5): error TS2339: Property 'hkern' does not exist on type 'JSX.IntrinsicElements'.
src/icons/Fonts/general-sans/GeneralSansRegular.tsx(2641,5): error TS2339: Property 'hkern' does not exist on type 'JSX.IntrinsicElements'.
src/icons/Fonts/general-sans/GeneralSansRegular.tsx(2642,5): error TS2339: Property 'hkern' does not exist on type 'JSX.IntrinsicElements'.
src/icons/Fonts/general-sans/GeneralSansRegular.tsx(2643,5): error TS2339: Property 'hkern' does not exist on type 'JSX.IntrinsicElements'.
src/icons/Fonts/general-sans/GeneralSansRegular.tsx(2644,5): error TS2339: Property 'hkern' does not exist on type 'JSX.IntrinsicElements'.
src/icons/Fonts/general-sans/GeneralSansRegular.tsx(2645,5): error TS2339: Property 'hkern' does not exist on type 'JSX.IntrinsicElements'.
src/icons/Fonts/general-sans/GeneralSansRegular.tsx(2646,5): error TS2339: Property 'hkern' does not exist on type 'JSX.IntrinsicElements'.
src/icons/Fonts/general-sans/GeneralSansRegular.tsx(2647,5): error TS2339: Property 'hkern' does not exist on type 'JSX.IntrinsicElements'.
src/icons/Fonts/general-sans/GeneralSansRegular.tsx(2648,5): error TS2339: Property 'hkern' does not exist on type 'JSX.IntrinsicElements'.
src/icons/Fonts/general-sans/GeneralSansRegular.tsx(2649,5): error TS2339: Property 'hkern' does not exist on type 'JSX.IntrinsicElements'.
src/icons/Fonts/general-sans/GeneralSansRegular.tsx(2650,5): error TS2339: Property 'hkern' does not exist on type 'JSX.IntrinsicElements'.
src/icons/Fonts/general-sans/GeneralSansRegular.tsx(2651,5): error TS2339: Property 'hkern' does not exist on type 'JSX.IntrinsicElements'.
src/icons/Fonts/general-sans/GeneralSansRegular.tsx(2652,5): error TS2339: Property 'hkern' does not exist on type 'JSX.IntrinsicElements'.
src/icons/Fonts/general-sans/GeneralSansRegular.tsx(2653,5): error TS2339: Property 'hkern' does not exist on type 'JSX.IntrinsicElements'.
src/icons/Fonts/general-sans/GeneralSansRegular.tsx(2654,5): error TS2339: Property 'hkern' does not exist on type 'JSX.IntrinsicElements'.
src/icons/Fonts/general-sans/GeneralSansRegular.tsx(2655,5): error TS2339: Property 'hkern' does not exist on type 'JSX.IntrinsicElements'.
src/icons/Fonts/general-sans/GeneralSansRegular.tsx(2656,5): error TS2339: Property 'hkern' does not exist on type 'JSX.IntrinsicElements'.
src/icons/Fonts/general-sans/GeneralSansRegular.tsx(2657,5): error TS2339: Property 'hkern' does not exist on type 'JSX.IntrinsicElements'.
src/icons/Fonts/general-sans/GeneralSansRegular.tsx(2658,5): error TS2339: Property 'hkern' does not exist on type 'JSX.IntrinsicElements'.
src/icons/Fonts/general-sans/GeneralSansRegular.tsx(2659,5): error TS2339: Property 'hkern' does not exist on type 'JSX.IntrinsicElements'.
src/icons/Fonts/general-sans/GeneralSansRegular.tsx(2660,5): error TS2339: Property 'hkern' does not exist on type 'JSX.IntrinsicElements'.
src/icons/Fonts/general-sans/GeneralSansRegular.tsx(2661,5): error TS2339: Property 'hkern' does not exist on type 'JSX.IntrinsicElements'.
src/icons/Fonts/general-sans/GeneralSansRegular.tsx(2662,5): error TS2339: Property 'hkern' does not exist on type 'JSX.IntrinsicElements'.
src/icons/Fonts/general-sans/GeneralSansRegular.tsx(2663,5): error TS2339: Property 'hkern' does not exist on type 'JSX.IntrinsicElements'.
src/icons/Fonts/general-sans/GeneralSansRegular.tsx(2664,5): error TS2339: Property 'hkern' does not exist on type 'JSX.IntrinsicElements'.
src/icons/Fonts/general-sans/GeneralSansRegular.tsx(2665,5): error TS2339: Property 'hkern' does not exist on type 'JSX.IntrinsicElements'.
src/icons/Fonts/general-sans/GeneralSansRegular.tsx(2666,5): error TS2339: Property 'hkern' does not exist on type 'JSX.IntrinsicElements'.
src/icons/Fonts/general-sans/GeneralSansRegular.tsx(2667,5): error TS2339: Property 'hkern' does not exist on type 'JSX.IntrinsicElements'.
src/icons/Fonts/general-sans/GeneralSansRegular.tsx(2668,5): error TS2339: Property 'hkern' does not exist on type 'JSX.IntrinsicElements'.
src/icons/Fonts/general-sans/GeneralSansRegular.tsx(2669,5): error TS2339: Property 'hkern' does not exist on type 'JSX.IntrinsicElements'.
src/icons/Fonts/general-sans/GeneralSansRegular.tsx(2670,5): error TS2339: Property 'hkern' does not exist on type 'JSX.IntrinsicElements'.
src/icons/Fonts/general-sans/GeneralSansRegular.tsx(2671,5): error TS2339: Property 'hkern' does not exist on type 'JSX.IntrinsicElements'.
src/icons/Fonts/general-sans/GeneralSansRegular.tsx(2672,5): error TS2339: Property 'hkern' does not exist on type 'JSX.IntrinsicElements'.
src/icons/Fonts/general-sans/GeneralSansRegular.tsx(2673,5): error TS2339: Property 'hkern' does not exist on type 'JSX.IntrinsicElements'.
src/icons/Fonts/general-sans/GeneralSansRegular.tsx(2674,5): error TS2339: Property 'hkern' does not exist on type 'JSX.IntrinsicElements'.
src/icons/Fonts/general-sans/GeneralSansRegular.tsx(2675,5): error TS2339: Property 'hkern' does not exist on type 'JSX.IntrinsicElements'.
src/icons/Fonts/general-sans/GeneralSansRegular.tsx(2676,5): error TS2339: Property 'hkern' does not exist on type 'JSX.IntrinsicElements'.
src/icons/Fonts/general-sans/GeneralSansRegular.tsx(2677,5): error TS2339: Property 'hkern' does not exist on type 'JSX.IntrinsicElements'.
src/icons/Fonts/general-sans/GeneralSansRegular.tsx(2678,5): error TS2339: Property 'hkern' does not exist on type 'JSX.IntrinsicElements'.
src/icons/Fonts/general-sans/GeneralSansRegular.tsx(2679,5): error TS2339: Property 'hkern' does not exist on type 'JSX.IntrinsicElements'.
src/icons/Fonts/general-sans/GeneralSansRegular.tsx(2680,5): error TS2339: Property 'hkern' does not exist on type 'JSX.IntrinsicElements'.
src/icons/Fonts/general-sans/GeneralSansRegular.tsx(2681,5): error TS2339: Property 'hkern' does not exist on type 'JSX.IntrinsicElements'.
src/icons/Fonts/general-sans/GeneralSansRegular.tsx(2682,5): error TS2339: Property 'hkern' does not exist on type 'JSX.IntrinsicElements'.
src/icons/Fonts/general-sans/GeneralSansRegular.tsx(2683,5): error TS2339: Property 'hkern' does not exist on type 'JSX.IntrinsicElements'.
src/icons/Fonts/general-sans/GeneralSansRegular.tsx(2684,5): error TS2339: Property 'hkern' does not exist on type 'JSX.IntrinsicElements'.
src/icons/Fonts/general-sans/GeneralSansRegular.tsx(2685,5): error TS2339: Property 'hkern' does not exist on type 'JSX.IntrinsicElements'.
src/icons/Fonts/general-sans/GeneralSansRegular.tsx(2686,5): error TS2339: Property 'hkern' does not exist on type 'JSX.IntrinsicElements'.
src/icons/Fonts/general-sans/GeneralSansRegular.tsx(2687,5): error TS2339: Property 'hkern' does not exist on type 'JSX.IntrinsicElements'.
src/icons/Fonts/general-sans/GeneralSansRegular.tsx(2688,5): error TS2339: Property 'hkern' does not exist on type 'JSX.IntrinsicElements'.
src/icons/Fonts/general-sans/GeneralSansRegular.tsx(2689,5): error TS2339: Property 'hkern' does not exist on type 'JSX.IntrinsicElements'.
src/icons/Fonts/general-sans/GeneralSansRegular.tsx(2690,5): error TS2339: Property 'hkern' does not exist on type 'JSX.IntrinsicElements'.
src/icons/Fonts/general-sans/GeneralSansRegular.tsx(2691,5): error TS2339: Property 'hkern' does not exist on type 'JSX.IntrinsicElements'.
src/icons/Fonts/general-sans/GeneralSansRegular.tsx(2692,5): error TS2339: Property 'hkern' does not exist on type 'JSX.IntrinsicElements'.
src/icons/Fonts/general-sans/GeneralSansRegular.tsx(2693,5): error TS2339: Property 'hkern' does not exist on type 'JSX.IntrinsicElements'.
src/icons/Fonts/general-sans/GeneralSansRegular.tsx(2694,5): error TS2339: Property 'hkern' does not exist on type 'JSX.IntrinsicElements'.
src/icons/Fonts/general-sans/GeneralSansRegular.tsx(2695,5): error TS2339: Property 'hkern' does not exist on type 'JSX.IntrinsicElements'.
src/icons/Fonts/general-sans/GeneralSansRegular.tsx(2696,5): error TS2339: Property 'hkern' does not exist on type 'JSX.IntrinsicElements'.
src/icons/Fonts/general-sans/GeneralSansRegular.tsx(2697,5): error TS2339: Property 'hkern' does not exist on type 'JSX.IntrinsicElements'.
src/icons/Fonts/general-sans/GeneralSansRegular.tsx(2698,5): error TS2339: Property 'hkern' does not exist on type 'JSX.IntrinsicElements'.
src/icons/Fonts/general-sans/GeneralSansRegular.tsx(2699,5): error TS2339: Property 'hkern' does not exist on type 'JSX.IntrinsicElements'.
src/icons/Fonts/general-sans/GeneralSansRegular.tsx(2700,5): error TS2339: Property 'hkern' does not exist on type 'JSX.IntrinsicElements'.
src/icons/Fonts/general-sans/GeneralSansRegular.tsx(2701,5): error TS2339: Property 'hkern' does not exist on type 'JSX.IntrinsicElements'.
src/icons/Fonts/general-sans/GeneralSansRegular.tsx(2702,5): error TS2339: Property 'hkern' does not exist on type 'JSX.IntrinsicElements'.
src/icons/Fonts/general-sans/GeneralSansRegular.tsx(2703,5): error TS2339: Property 'hkern' does not exist on type 'JSX.IntrinsicElements'.
src/icons/Fonts/general-sans/GeneralSansRegular.tsx(2704,5): error TS2339: Property 'hkern' does not exist on type 'JSX.IntrinsicElements'.
src/icons/Fonts/general-sans/GeneralSansRegular.tsx(2705,5): error TS2339: Property 'hkern' does not exist on type 'JSX.IntrinsicElements'.
src/icons/Fonts/general-sans/GeneralSansRegular.tsx(2706,5): error TS2339: Property 'hkern' does not exist on type 'JSX.IntrinsicElements'.
src/icons/Fonts/general-sans/GeneralSansRegular.tsx(2707,5): error TS2339: Property 'hkern' does not exist on type 'JSX.IntrinsicElements'.
src/icons/Fonts/general-sans/GeneralSansRegular.tsx(2708,5): error TS2339: Property 'hkern' does not exist on type 'JSX.IntrinsicElements'.
src/icons/Fonts/general-sans/GeneralSansRegular.tsx(2709,5): error TS2339: Property 'hkern' does not exist on type 'JSX.IntrinsicElements'.
src/icons/Fonts/general-sans/GeneralSansRegular.tsx(2710,5): error TS2339: Property 'hkern' does not exist on type 'JSX.IntrinsicElements'.
src/icons/Fonts/general-sans/GeneralSansRegular.tsx(2711,5): error TS2339: Property 'hkern' does not exist on type 'JSX.IntrinsicElements'.
src/icons/Fonts/general-sans/GeneralSansRegular.tsx(2712,5): error TS2339: Property 'hkern' does not exist on type 'JSX.IntrinsicElements'.
src/icons/Fonts/general-sans/GeneralSansRegular.tsx(2713,5): error TS2339: Property 'hkern' does not exist on type 'JSX.IntrinsicElements'.
src/icons/Fonts/general-sans/GeneralSansRegular.tsx(2714,5): error TS2339: Property 'hkern' does not exist on type 'JSX.IntrinsicElements'.
src/icons/Fonts/general-sans/GeneralSansRegular.tsx(2715,5): error TS2339: Property 'hkern' does not exist on type 'JSX.IntrinsicElements'.
src/icons/Fonts/general-sans/GeneralSansRegular.tsx(2716,5): error TS2339: Property 'hkern' does not exist on type 'JSX.IntrinsicElements'.
src/icons/Fonts/general-sans/GeneralSansRegular.tsx(2717,5): error TS2339: Property 'hkern' does not exist on type 'JSX.IntrinsicElements'.
src/icons/Fonts/general-sans/GeneralSansRegular.tsx(2718,5): error TS2339: Property 'hkern' does not exist on type 'JSX.IntrinsicElements'.
src/icons/Fonts/general-sans/GeneralSansRegular.tsx(2719,5): error TS2339: Property 'hkern' does not exist on type 'JSX.IntrinsicElements'.
src/icons/Fonts/general-sans/GeneralSansRegular.tsx(2720,5): error TS2339: Property 'hkern' does not exist on type 'JSX.IntrinsicElements'.
src/icons/Fonts/general-sans/GeneralSansRegular.tsx(2721,5): error TS2339: Property 'hkern' does not exist on type 'JSX.IntrinsicElements'.
src/icons/Fonts/general-sans/GeneralSansRegular.tsx(2722,5): error TS2339: Property 'hkern' does not exist on type 'JSX.IntrinsicElements'.
src/icons/Fonts/general-sans/GeneralSansRegular.tsx(2723,5): error TS2339: Property 'hkern' does not exist on type 'JSX.IntrinsicElements'.
src/icons/Fonts/general-sans/GeneralSansRegular.tsx(2724,5): error TS2339: Property 'hkern' does not exist on type 'JSX.IntrinsicElements'.
src/icons/Fonts/general-sans/GeneralSansRegular.tsx(2725,5): error TS2339: Property 'hkern' does not exist on type 'JSX.IntrinsicElements'.
src/icons/Fonts/general-sans/GeneralSansRegular.tsx(2726,5): error TS2339: Property 'hkern' does not exist on type 'JSX.IntrinsicElements'.
src/icons/Fonts/general-sans/GeneralSansRegular.tsx(2727,5): error TS2339: Property 'hkern' does not exist on type 'JSX.IntrinsicElements'.
src/icons/Fonts/general-sans/GeneralSansRegular.tsx(2728,5): error TS2339: Property 'hkern' does not exist on type 'JSX.IntrinsicElements'.
src/icons/Fonts/general-sans/GeneralSansRegular.tsx(2729,5): error TS2339: Property 'hkern' does not exist on type 'JSX.IntrinsicElements'.
src/icons/Fonts/general-sans/GeneralSansRegular.tsx(2730,5): error TS2339: Property 'hkern' does not exist on type 'JSX.IntrinsicElements'.
src/icons/Fonts/general-sans/GeneralSansRegular.tsx(2731,5): error TS2339: Property 'hkern' does not exist on type 'JSX.IntrinsicElements'.
src/icons/Fonts/general-sans/GeneralSansRegular.tsx(2732,5): error TS2339: Property 'hkern' does not exist on type 'JSX.IntrinsicElements'.
src/icons/Fonts/general-sans/GeneralSansRegular.tsx(2733,5): error TS2339: Property 'hkern' does not exist on type 'JSX.IntrinsicElements'.
src/icons/Fonts/general-sans/GeneralSansRegular.tsx(2734,5): error TS2339: Property 'hkern' does not exist on type 'JSX.IntrinsicElements'.
src/icons/Fonts/general-sans/GeneralSansRegular.tsx(2735,5): error TS2339: Property 'hkern' does not exist on type 'JSX.IntrinsicElements'.
src/icons/Fonts/general-sans/GeneralSansRegular.tsx(2736,5): error TS2339: Property 'hkern' does not exist on type 'JSX.IntrinsicElements'.
src/icons/Fonts/general-sans/GeneralSansRegular.tsx(2737,5): error TS2339: Property 'hkern' does not exist on type 'JSX.IntrinsicElements'.
src/icons/Fonts/general-sans/GeneralSansRegular.tsx(2738,5): error TS2339: Property 'hkern' does not exist on type 'JSX.IntrinsicElements'.
src/icons/Fonts/general-sans/GeneralSansRegular.tsx(2739,5): error TS2339: Property 'hkern' does not exist on type 'JSX.IntrinsicElements'.
src/icons/Fonts/general-sans/GeneralSansRegular.tsx(2740,5): error TS2339: Property 'hkern' does not exist on type 'JSX.IntrinsicElements'.
src/icons/Fonts/general-sans/GeneralSansRegular.tsx(2741,5): error TS2339: Property 'hkern' does not exist on type 'JSX.IntrinsicElements'.
src/icons/Fonts/general-sans/GeneralSansRegular.tsx(2742,5): error TS2339: Property 'hkern' does not exist on type 'JSX.IntrinsicElements'.
src/icons/Fonts/general-sans/GeneralSansRegular.tsx(2743,5): error TS2339: Property 'hkern' does not exist on type 'JSX.IntrinsicElements'.
src/icons/Fonts/general-sans/GeneralSansRegular.tsx(2744,5): error TS2339: Property 'hkern' does not exist on type 'JSX.IntrinsicElements'.
src/icons/Fonts/general-sans/GeneralSansRegular.tsx(2745,5): error TS2339: Property 'hkern' does not exist on type 'JSX.IntrinsicElements'.
src/icons/Fonts/general-sans/GeneralSansRegular.tsx(2746,5): error TS2339: Property 'hkern' does not exist on type 'JSX.IntrinsicElements'.
src/icons/Fonts/general-sans/GeneralSansRegular.tsx(2747,5): error TS2339: Property 'hkern' does not exist on type 'JSX.IntrinsicElements'.
src/icons/Fonts/general-sans/GeneralSansRegular.tsx(2748,5): error TS2339: Property 'hkern' does not exist on type 'JSX.IntrinsicElements'.
src/icons/Fonts/general-sans/GeneralSansRegular.tsx(2749,5): error TS2339: Property 'hkern' does not exist on type 'JSX.IntrinsicElements'.
src/icons/Fonts/general-sans/GeneralSansRegular.tsx(2750,5): error TS2339: Property 'hkern' does not exist on type 'JSX.IntrinsicElements'.
src/icons/Fonts/general-sans/GeneralSansRegular.tsx(2751,5): error TS2339: Property 'hkern' does not exist on type 'JSX.IntrinsicElements'.
src/icons/Fonts/general-sans/GeneralSansRegular.tsx(2752,5): error TS2339: Property 'hkern' does not exist on type 'JSX.IntrinsicElements'.
src/icons/Fonts/general-sans/GeneralSansRegular.tsx(2753,5): error TS2339: Property 'hkern' does not exist on type 'JSX.IntrinsicElements'.
src/icons/Fonts/general-sans/GeneralSansRegular.tsx(2754,5): error TS2339: Property 'hkern' does not exist on type 'JSX.IntrinsicElements'.
src/icons/Fonts/general-sans/GeneralSansRegular.tsx(2755,5): error TS2339: Property 'hkern' does not exist on type 'JSX.IntrinsicElements'.
src/icons/Fonts/general-sans/GeneralSansRegular.tsx(2756,5): error TS2339: Property 'hkern' does not exist on type 'JSX.IntrinsicElements'.
src/icons/Fonts/general-sans/GeneralSansRegular.tsx(2757,5): error TS2339: Property 'hkern' does not exist on type 'JSX.IntrinsicElements'.
src/icons/Fonts/general-sans/GeneralSansRegular.tsx(2758,5): error TS2339: Property 'hkern' does not exist on type 'JSX.IntrinsicElements'.
src/icons/Fonts/general-sans/GeneralSansRegular.tsx(2759,5): error TS2339: Property 'hkern' does not exist on type 'JSX.IntrinsicElements'.
src/icons/Fonts/general-sans/GeneralSansRegular.tsx(2760,5): error TS2339: Property 'hkern' does not exist on type 'JSX.IntrinsicElements'.
src/icons/Fonts/general-sans/GeneralSansRegular.tsx(2761,5): error TS2339: Property 'hkern' does not exist on type 'JSX.IntrinsicElements'.
src/icons/Fonts/general-sans/GeneralSansRegular.tsx(2762,5): error TS2339: Property 'hkern' does not exist on type 'JSX.IntrinsicElements'.
src/icons/Fonts/general-sans/GeneralSansRegular.tsx(2763,5): error TS2339: Property 'hkern' does not exist on type 'JSX.IntrinsicElements'.
src/icons/Fonts/general-sans/GeneralSansRegular.tsx(2764,5): error TS2339: Property 'hkern' does not exist on type 'JSX.IntrinsicElements'.
src/icons/Fonts/general-sans/GeneralSansRegular.tsx(2765,5): error TS2339: Property 'hkern' does not exist on type 'JSX.IntrinsicElements'.
src/icons/Fonts/general-sans/GeneralSansRegular.tsx(2766,5): error TS2339: Property 'hkern' does not exist on type 'JSX.IntrinsicElements'.
src/icons/Fonts/general-sans/GeneralSansRegular.tsx(2767,5): error TS2339: Property 'hkern' does not exist on type 'JSX.IntrinsicElements'.
src/icons/Fonts/general-sans/GeneralSansRegular.tsx(2768,5): error TS2339: Property 'hkern' does not exist on type 'JSX.IntrinsicElements'.
src/icons/Fonts/general-sans/GeneralSansRegular.tsx(2769,5): error TS2339: Property 'hkern' does not exist on type 'JSX.IntrinsicElements'.
src/icons/Fonts/general-sans/GeneralSansRegular.tsx(2770,5): error TS2339: Property 'hkern' does not exist on type 'JSX.IntrinsicElements'.
src/icons/Fonts/general-sans/GeneralSansRegular.tsx(2771,5): error TS2339: Property 'hkern' does not exist on type 'JSX.IntrinsicElements'.
src/icons/Fonts/general-sans/GeneralSansRegular.tsx(2772,5): error TS2339: Property 'hkern' does not exist on type 'JSX.IntrinsicElements'.
src/icons/Fonts/general-sans/GeneralSansRegular.tsx(2773,5): error TS2339: Property 'hkern' does not exist on type 'JSX.IntrinsicElements'.
src/icons/Fonts/general-sans/GeneralSansRegular.tsx(2774,5): error TS2339: Property 'hkern' does not exist on type 'JSX.IntrinsicElements'.
src/icons/Fonts/general-sans/GeneralSansRegular.tsx(2775,5): error TS2339: Property 'hkern' does not exist on type 'JSX.IntrinsicElements'.
src/icons/Fonts/general-sans/GeneralSansRegular.tsx(2776,5): error TS2339: Property 'hkern' does not exist on type 'JSX.IntrinsicElements'.
src/icons/Fonts/general-sans/GeneralSansRegular.tsx(2777,5): error TS2339: Property 'hkern' does not exist on type 'JSX.IntrinsicElements'.
src/icons/Fonts/general-sans/GeneralSansRegular.tsx(2778,5): error TS2339: Property 'hkern' does not exist on type 'JSX.IntrinsicElements'.
src/icons/Fonts/general-sans/GeneralSansRegular.tsx(2779,5): error TS2339: Property 'hkern' does not exist on type 'JSX.IntrinsicElements'.
src/icons/Fonts/general-sans/GeneralSansRegular.tsx(2780,5): error TS2339: Property 'hkern' does not exist on type 'JSX.IntrinsicElements'.
src/icons/Fonts/general-sans/GeneralSansRegular.tsx(2781,5): error TS2339: Property 'hkern' does not exist on type 'JSX.IntrinsicElements'.
src/icons/Fonts/general-sans/GeneralSansRegular.tsx(2782,5): error TS2339: Property 'hkern' does not exist on type 'JSX.IntrinsicElements'.
src/icons/Fonts/general-sans/GeneralSansRegular.tsx(2783,5): error TS2339: Property 'hkern' does not exist on type 'JSX.IntrinsicElements'.
src/icons/Fonts/general-sans/GeneralSansRegular.tsx(2784,5): error TS2339: Property 'hkern' does not exist on type 'JSX.IntrinsicElements'.
src/icons/Fonts/general-sans/GeneralSansRegular.tsx(2785,5): error TS2339: Property 'hkern' does not exist on type 'JSX.IntrinsicElements'.
src/icons/Fonts/general-sans/GeneralSansRegular.tsx(2786,5): error TS2339: Property 'hkern' does not exist on type 'JSX.IntrinsicElements'.
src/icons/Fonts/general-sans/GeneralSansRegular.tsx(2787,5): error TS2339: Property 'hkern' does not exist on type 'JSX.IntrinsicElements'.
src/icons/Fonts/general-sans/GeneralSansRegular.tsx(2788,5): error TS2339: Property 'hkern' does not exist on type 'JSX.IntrinsicElements'.
src/icons/Fonts/general-sans/GeneralSansRegular.tsx(2789,5): error TS2339: Property 'hkern' does not exist on type 'JSX.IntrinsicElements'.
src/icons/Fonts/general-sans/GeneralSansRegular.tsx(2790,5): error TS2339: Property 'hkern' does not exist on type 'JSX.IntrinsicElements'.
src/icons/Fonts/general-sans/GeneralSansRegular.tsx(2791,5): error TS2339: Property 'hkern' does not exist on type 'JSX.IntrinsicElements'.
src/icons/Fonts/general-sans/GeneralSansRegular.tsx(2792,5): error TS2339: Property 'hkern' does not exist on type 'JSX.IntrinsicElements'.
src/icons/Fonts/general-sans/GeneralSansRegular.tsx(2793,5): error TS2339: Property 'hkern' does not exist on type 'JSX.IntrinsicElements'.
src/icons/Fonts/general-sans/GeneralSansRegular.tsx(2794,5): error TS2339: Property 'hkern' does not exist on type 'JSX.IntrinsicElements'.
src/icons/Fonts/general-sans/GeneralSansRegular.tsx(2795,5): error TS2339: Property 'hkern' does not exist on type 'JSX.IntrinsicElements'.
src/icons/Fonts/general-sans/GeneralSansRegular.tsx(2796,5): error TS2339: Property 'hkern' does not exist on type 'JSX.IntrinsicElements'.
src/icons/Fonts/general-sans/GeneralSansRegular.tsx(2797,5): error TS2339: Property 'hkern' does not exist on type 'JSX.IntrinsicElements'.
src/icons/Fonts/general-sans/GeneralSansRegular.tsx(2798,5): error TS2339: Property 'hkern' does not exist on type 'JSX.IntrinsicElements'.
src/icons/Fonts/general-sans/GeneralSansRegular.tsx(2799,5): error TS2339: Property 'hkern' does not exist on type 'JSX.IntrinsicElements'.
src/icons/Fonts/general-sans/GeneralSansRegular.tsx(2800,5): error TS2339: Property 'hkern' does not exist on type 'JSX.IntrinsicElements'.
src/icons/Fonts/general-sans/GeneralSansRegular.tsx(2801,5): error TS2339: Property 'hkern' does not exist on type 'JSX.IntrinsicElements'.
src/icons/Fonts/general-sans/GeneralSansRegular.tsx(2802,5): error TS2339: Property 'hkern' does not exist on type 'JSX.IntrinsicElements'.
src/icons/Fonts/general-sans/GeneralSansRegular.tsx(2803,5): error TS2339: Property 'hkern' does not exist on type 'JSX.IntrinsicElements'.
src/icons/Fonts/general-sans/GeneralSansRegular.tsx(2804,5): error TS2339: Property 'hkern' does not exist on type 'JSX.IntrinsicElements'.
src/icons/Fonts/general-sans/GeneralSansRegular.tsx(2805,5): error TS2339: Property 'hkern' does not exist on type 'JSX.IntrinsicElements'.
src/icons/Fonts/general-sans/GeneralSansRegular.tsx(2806,5): error TS2339: Property 'hkern' does not exist on type 'JSX.IntrinsicElements'.
src/icons/Fonts/general-sans/GeneralSansRegular.tsx(2807,5): error TS2339: Property 'hkern' does not exist on type 'JSX.IntrinsicElements'.
src/icons/Fonts/general-sans/GeneralSansRegular.tsx(2808,5): error TS2339: Property 'hkern' does not exist on type 'JSX.IntrinsicElements'.
src/icons/Fonts/general-sans/GeneralSansRegular.tsx(2809,5): error TS2339: Property 'hkern' does not exist on type 'JSX.IntrinsicElements'.
src/icons/Fonts/general-sans/GeneralSansRegular.tsx(2810,5): error TS2339: Property 'hkern' does not exist on type 'JSX.IntrinsicElements'.
src/icons/Fonts/general-sans/GeneralSansRegular.tsx(2811,5): error TS2339: Property 'hkern' does not exist on type 'JSX.IntrinsicElements'.
src/icons/Fonts/general-sans/GeneralSansRegular.tsx(2812,5): error TS2339: Property 'hkern' does not exist on type 'JSX.IntrinsicElements'.
src/icons/Fonts/general-sans/GeneralSansRegular.tsx(2813,5): error TS2339: Property 'hkern' does not exist on type 'JSX.IntrinsicElements'.
src/icons/Fonts/general-sans/GeneralSansRegular.tsx(2814,5): error TS2339: Property 'hkern' does not exist on type 'JSX.IntrinsicElements'.
src/icons/Fonts/general-sans/GeneralSansRegular.tsx(2815,5): error TS2339: Property 'hkern' does not exist on type 'JSX.IntrinsicElements'.
src/icons/Fonts/general-sans/GeneralSansRegular.tsx(2816,5): error TS2339: Property 'hkern' does not exist on type 'JSX.IntrinsicElements'.
src/icons/Fonts/general-sans/GeneralSansRegular.tsx(2817,5): error TS2339: Property 'hkern' does not exist on type 'JSX.IntrinsicElements'.
src/icons/Fonts/general-sans/GeneralSansRegular.tsx(2818,5): error TS2339: Property 'hkern' does not exist on type 'JSX.IntrinsicElements'.
src/icons/Fonts/general-sans/GeneralSansRegular.tsx(2819,5): error TS2339: Property 'hkern' does not exist on type 'JSX.IntrinsicElements'.
src/icons/Fonts/general-sans/GeneralSansRegular.tsx(2820,5): error TS2339: Property 'hkern' does not exist on type 'JSX.IntrinsicElements'.
src/icons/Fonts/general-sans/GeneralSansRegular.tsx(2821,5): error TS2339: Property 'hkern' does not exist on type 'JSX.IntrinsicElements'.
src/icons/Fonts/general-sans/GeneralSansRegular.tsx(2822,5): error TS2339: Property 'hkern' does not exist on type 'JSX.IntrinsicElements'.
src/icons/Fonts/general-sans/GeneralSansRegular.tsx(2823,5): error TS2339: Property 'hkern' does not exist on type 'JSX.IntrinsicElements'.
src/icons/Fonts/general-sans/GeneralSansRegular.tsx(2824,5): error TS2339: Property 'hkern' does not exist on type 'JSX.IntrinsicElements'.
src/icons/Fonts/general-sans/GeneralSansRegular.tsx(2825,5): error TS2339: Property 'hkern' does not exist on type 'JSX.IntrinsicElements'.
src/icons/Fonts/general-sans/GeneralSansRegular.tsx(2826,5): error TS2339: Property 'hkern' does not exist on type 'JSX.IntrinsicElements'.
src/icons/Fonts/general-sans/GeneralSansRegular.tsx(2827,5): error TS2339: Property 'hkern' does not exist on type 'JSX.IntrinsicElements'.
src/icons/Fonts/general-sans/GeneralSansRegular.tsx(2828,5): error TS2339: Property 'hkern' does not exist on type 'JSX.IntrinsicElements'.
src/icons/Fonts/general-sans/GeneralSansRegular.tsx(2829,5): error TS2339: Property 'hkern' does not exist on type 'JSX.IntrinsicElements'.
src/icons/Fonts/general-sans/GeneralSansRegular.tsx(2830,5): error TS2339: Property 'hkern' does not exist on type 'JSX.IntrinsicElements'.
src/icons/Fonts/general-sans/GeneralSansRegular.tsx(2831,5): error TS2339: Property 'hkern' does not exist on type 'JSX.IntrinsicElements'.
src/icons/Fonts/general-sans/GeneralSansRegular.tsx(2832,5): error TS2339: Property 'hkern' does not exist on type 'JSX.IntrinsicElements'.
src/icons/Fonts/general-sans/GeneralSansRegular.tsx(2833,5): error TS2339: Property 'hkern' does not exist on type 'JSX.IntrinsicElements'.
src/icons/Fonts/general-sans/GeneralSansRegular.tsx(2834,5): error TS2339: Property 'hkern' does not exist on type 'JSX.IntrinsicElements'.
src/icons/Fonts/general-sans/GeneralSansRegular.tsx(2835,5): error TS2339: Property 'hkern' does not exist on type 'JSX.IntrinsicElements'.
src/icons/Fonts/general-sans/GeneralSansRegular.tsx(2836,5): error TS2339: Property 'hkern' does not exist on type 'JSX.IntrinsicElements'.
src/icons/Fonts/general-sans/GeneralSansRegular.tsx(2837,5): error TS2339: Property 'hkern' does not exist on type 'JSX.IntrinsicElements'.
src/icons/Fonts/general-sans/GeneralSansRegular.tsx(2838,5): error TS2339: Property 'hkern' does not exist on type 'JSX.IntrinsicElements'.
src/icons/Fonts/general-sans/GeneralSansRegular.tsx(2839,5): error TS2339: Property 'hkern' does not exist on type 'JSX.IntrinsicElements'.
src/icons/Fonts/general-sans/GeneralSansRegular.tsx(2840,5): error TS2339: Property 'hkern' does not exist on type 'JSX.IntrinsicElements'.
src/icons/Fonts/general-sans/GeneralSansRegular.tsx(2841,5): error TS2339: Property 'hkern' does not exist on type 'JSX.IntrinsicElements'.
src/icons/Fonts/general-sans/GeneralSansRegular.tsx(2842,5): error TS2339: Property 'hkern' does not exist on type 'JSX.IntrinsicElements'.
src/icons/Fonts/general-sans/GeneralSansRegular.tsx(2843,5): error TS2339: Property 'hkern' does not exist on type 'JSX.IntrinsicElements'.
src/icons/Fonts/general-sans/GeneralSansRegular.tsx(2844,5): error TS2339: Property 'hkern' does not exist on type 'JSX.IntrinsicElements'.
src/icons/Fonts/general-sans/GeneralSansRegular.tsx(2845,5): error TS2339: Property 'hkern' does not exist on type 'JSX.IntrinsicElements'.
src/icons/Fonts/general-sans/GeneralSansRegular.tsx(2846,5): error TS2339: Property 'hkern' does not exist on type 'JSX.IntrinsicElements'.
src/icons/Fonts/general-sans/GeneralSansRegular.tsx(2847,5): error TS2339: Property 'hkern' does not exist on type 'JSX.IntrinsicElements'.
src/icons/Fonts/general-sans/GeneralSansRegular.tsx(2848,5): error TS2339: Property 'hkern' does not exist on type 'JSX.IntrinsicElements'.
src/icons/Fonts/general-sans/GeneralSansRegular.tsx(2849,5): error TS2339: Property 'hkern' does not exist on type 'JSX.IntrinsicElements'.
src/icons/Fonts/general-sans/GeneralSansRegular.tsx(2850,5): error TS2339: Property 'hkern' does not exist on type 'JSX.IntrinsicElements'.
src/icons/Fonts/general-sans/GeneralSansRegular.tsx(2851,5): error TS2339: Property 'hkern' does not exist on type 'JSX.IntrinsicElements'.
src/icons/Fonts/general-sans/GeneralSansRegular.tsx(2852,5): error TS2339: Property 'hkern' does not exist on type 'JSX.IntrinsicElements'.
src/icons/Fonts/general-sans/GeneralSansRegular.tsx(2853,5): error TS2339: Property 'hkern' does not exist on type 'JSX.IntrinsicElements'.
src/icons/Fonts/general-sans/GeneralSansRegular.tsx(2854,5): error TS2339: Property 'hkern' does not exist on type 'JSX.IntrinsicElements'.
src/icons/Fonts/general-sans/GeneralSansRegular.tsx(2855,5): error TS2339: Property 'hkern' does not exist on type 'JSX.IntrinsicElements'.
src/icons/Fonts/general-sans/GeneralSansRegular.tsx(2856,5): error TS2339: Property 'hkern' does not exist on type 'JSX.IntrinsicElements'.
src/icons/Fonts/general-sans/GeneralSansRegular.tsx(2857,5): error TS2339: Property 'hkern' does not exist on type 'JSX.IntrinsicElements'.
src/icons/Fonts/general-sans/GeneralSansRegular.tsx(2858,5): error TS2339: Property 'hkern' does not exist on type 'JSX.IntrinsicElements'.
src/icons/Fonts/general-sans/GeneralSansRegular.tsx(2859,5): error TS2339: Property 'hkern' does not exist on type 'JSX.IntrinsicElements'.
src/icons/Fonts/general-sans/GeneralSansRegular.tsx(2860,5): error TS2339: Property 'hkern' does not exist on type 'JSX.IntrinsicElements'.
src/icons/Fonts/general-sans/GeneralSansRegular.tsx(2861,5): error TS2339: Property 'hkern' does not exist on type 'JSX.IntrinsicElements'.
src/icons/Fonts/general-sans/GeneralSansRegular.tsx(2862,5): error TS2339: Property 'hkern' does not exist on type 'JSX.IntrinsicElements'.
src/icons/Fonts/general-sans/GeneralSansRegular.tsx(2863,5): error TS2339: Property 'hkern' does not exist on type 'JSX.IntrinsicElements'.
src/icons/Fonts/general-sans/GeneralSansRegular.tsx(2864,5): error TS2339: Property 'hkern' does not exist on type 'JSX.IntrinsicElements'.
src/icons/Fonts/general-sans/GeneralSansRegular.tsx(2865,5): error TS2339: Property 'hkern' does not exist on type 'JSX.IntrinsicElements'.
src/icons/Fonts/general-sans/GeneralSansRegular.tsx(2866,5): error TS2339: Property 'hkern' does not exist on type 'JSX.IntrinsicElements'.
src/icons/Fonts/general-sans/GeneralSansRegular.tsx(2867,5): error TS2339: Property 'hkern' does not exist on type 'JSX.IntrinsicElements'.
src/icons/Fonts/general-sans/GeneralSansRegular.tsx(2868,5): error TS2339: Property 'hkern' does not exist on type 'JSX.IntrinsicElements'.
src/icons/Fonts/general-sans/GeneralSansRegular.tsx(2869,5): error TS2339: Property 'hkern' does not exist on type 'JSX.IntrinsicElements'.
src/icons/Fonts/general-sans/GeneralSansRegular.tsx(2870,5): error TS2339: Property 'hkern' does not exist on type 'JSX.IntrinsicElements'.
src/icons/Fonts/general-sans/GeneralSansRegular.tsx(2871,5): error TS2339: Property 'hkern' does not exist on type 'JSX.IntrinsicElements'.
src/icons/Fonts/general-sans/GeneralSansRegular.tsx(2872,5): error TS2339: Property 'hkern' does not exist on type 'JSX.IntrinsicElements'.
src/icons/Fonts/general-sans/GeneralSansRegular.tsx(2873,5): error TS2339: Property 'hkern' does not exist on type 'JSX.IntrinsicElements'.
src/icons/Fonts/general-sans/GeneralSansRegular.tsx(2874,5): error TS2339: Property 'hkern' does not exist on type 'JSX.IntrinsicElements'.
src/icons/Fonts/general-sans/GeneralSansRegular.tsx(2875,5): error TS2339: Property 'hkern' does not exist on type 'JSX.IntrinsicElements'.
src/icons/Fonts/general-sans/GeneralSansRegular.tsx(2876,5): error TS2339: Property 'hkern' does not exist on type 'JSX.IntrinsicElements'.
src/icons/Fonts/general-sans/GeneralSansRegular.tsx(2877,5): error TS2339: Property 'hkern' does not exist on type 'JSX.IntrinsicElements'.
src/icons/Fonts/general-sans/GeneralSansRegular.tsx(2878,5): error TS2339: Property 'hkern' does not exist on type 'JSX.IntrinsicElements'.
src/icons/Fonts/general-sans/GeneralSansRegular.tsx(2879,5): error TS2339: Property 'hkern' does not exist on type 'JSX.IntrinsicElements'.
src/icons/Fonts/general-sans/GeneralSansRegular.tsx(2880,5): error TS2339: Property 'hkern' does not exist on type 'JSX.IntrinsicElements'.
src/icons/Fonts/general-sans/GeneralSansRegular.tsx(2881,5): error TS2339: Property 'hkern' does not exist on type 'JSX.IntrinsicElements'.
src/icons/Fonts/general-sans/GeneralSansRegular.tsx(2882,5): error TS2339: Property 'hkern' does not exist on type 'JSX.IntrinsicElements'.
src/icons/Fonts/general-sans/GeneralSansRegular.tsx(2883,5): error TS2339: Property 'hkern' does not exist on type 'JSX.IntrinsicElements'.
src/icons/Fonts/general-sans/GeneralSansRegular.tsx(2884,5): error TS2339: Property 'hkern' does not exist on type 'JSX.IntrinsicElements'.
src/icons/Fonts/general-sans/GeneralSansRegular.tsx(2885,5): error TS2339: Property 'hkern' does not exist on type 'JSX.IntrinsicElements'.
src/icons/Fonts/general-sans/GeneralSansRegular.tsx(2886,5): error TS2339: Property 'hkern' does not exist on type 'JSX.IntrinsicElements'.
src/icons/Fonts/general-sans/GeneralSansRegular.tsx(2887,5): error TS2339: Property 'hkern' does not exist on type 'JSX.IntrinsicElements'.
src/icons/Fonts/general-sans/GeneralSansRegular.tsx(2888,5): error TS2339: Property 'hkern' does not exist on type 'JSX.IntrinsicElements'.
src/icons/Fonts/general-sans/GeneralSansRegular.tsx(2889,5): error TS2339: Property 'hkern' does not exist on type 'JSX.IntrinsicElements'.
src/icons/Fonts/general-sans/GeneralSansRegular.tsx(2890,5): error TS2339: Property 'hkern' does not exist on type 'JSX.IntrinsicElements'.
src/icons/Fonts/general-sans/GeneralSansRegular.tsx(2891,5): error TS2339: Property 'hkern' does not exist on type 'JSX.IntrinsicElements'.
src/icons/Fonts/general-sans/GeneralSansRegular.tsx(2892,5): error TS2339: Property 'hkern' does not exist on type 'JSX.IntrinsicElements'.
src/icons/Fonts/general-sans/GeneralSansRegular.tsx(2893,5): error TS2339: Property 'hkern' does not exist on type 'JSX.IntrinsicElements'.
src/icons/Fonts/general-sans/GeneralSansRegular.tsx(2894,5): error TS2339: Property 'hkern' does not exist on type 'JSX.IntrinsicElements'.
src/icons/Fonts/general-sans/GeneralSansRegular.tsx(2895,5): error TS2339: Property 'hkern' does not exist on type 'JSX.IntrinsicElements'.
src/icons/Fonts/general-sans/GeneralSansRegular.tsx(2896,5): error TS2339: Property 'hkern' does not exist on type 'JSX.IntrinsicElements'.
src/icons/Fonts/general-sans/GeneralSansRegular.tsx(2897,5): error TS2339: Property 'hkern' does not exist on type 'JSX.IntrinsicElements'.
src/icons/Fonts/general-sans/GeneralSansRegular.tsx(2898,5): error TS2339: Property 'hkern' does not exist on type 'JSX.IntrinsicElements'.
src/icons/Fonts/general-sans/GeneralSansRegular.tsx(2899,5): error TS2339: Property 'hkern' does not exist on type 'JSX.IntrinsicElements'.
src/icons/Fonts/general-sans/GeneralSansRegular.tsx(2900,5): error TS2339: Property 'hkern' does not exist on type 'JSX.IntrinsicElements'.
src/icons/Fonts/general-sans/GeneralSansRegular.tsx(2901,5): error TS2339: Property 'hkern' does not exist on type 'JSX.IntrinsicElements'.
src/icons/Fonts/general-sans/GeneralSansRegular.tsx(2902,5): error TS2339: Property 'hkern' does not exist on type 'JSX.IntrinsicElements'.
src/icons/Fonts/general-sans/GeneralSansRegular.tsx(2903,5): error TS2339: Property 'hkern' does not exist on type 'JSX.IntrinsicElements'.
src/icons/Fonts/general-sans/GeneralSansRegular.tsx(2904,5): error TS2339: Property 'hkern' does not exist on type 'JSX.IntrinsicElements'.
src/icons/Fonts/general-sans/GeneralSansRegular.tsx(2905,5): error TS2339: Property 'hkern' does not exist on type 'JSX.IntrinsicElements'.
src/icons/Fonts/general-sans/GeneralSansRegular.tsx(2906,5): error TS2339: Property 'hkern' does not exist on type 'JSX.IntrinsicElements'.
src/icons/Fonts/general-sans/GeneralSansRegular.tsx(2907,5): error TS2339: Property 'hkern' does not exist on type 'JSX.IntrinsicElements'.
src/icons/Fonts/general-sans/GeneralSansRegular.tsx(2908,5): error TS2339: Property 'hkern' does not exist on type 'JSX.IntrinsicElements'.
src/icons/Fonts/general-sans/GeneralSansRegular.tsx(2909,5): error TS2339: Property 'hkern' does not exist on type 'JSX.IntrinsicElements'.
src/icons/Fonts/general-sans/GeneralSansRegular.tsx(2910,5): error TS2339: Property 'hkern' does not exist on type 'JSX.IntrinsicElements'.
src/icons/Fonts/general-sans/GeneralSansRegular.tsx(2911,5): error TS2339: Property 'hkern' does not exist on type 'JSX.IntrinsicElements'.
src/icons/Fonts/general-sans/GeneralSansRegular.tsx(2912,5): error TS2339: Property 'hkern' does not exist on type 'JSX.IntrinsicElements'.
src/icons/Fonts/general-sans/GeneralSansRegular.tsx(2913,5): error TS2339: Property 'hkern' does not exist on type 'JSX.IntrinsicElements'.
src/icons/Fonts/general-sans/GeneralSansRegular.tsx(2914,5): error TS2339: Property 'hkern' does not exist on type 'JSX.IntrinsicElements'.
src/icons/Fonts/general-sans/GeneralSansRegular.tsx(2915,5): error TS2339: Property 'hkern' does not exist on type 'JSX.IntrinsicElements'.
src/icons/Fonts/general-sans/GeneralSansRegular.tsx(2916,5): error TS2339: Property 'hkern' does not exist on type 'JSX.IntrinsicElements'.
src/icons/Fonts/general-sans/GeneralSansRegular.tsx(2917,5): error TS2339: Property 'hkern' does not exist on type 'JSX.IntrinsicElements'.
src/icons/Fonts/general-sans/GeneralSansRegular.tsx(2918,5): error TS2339: Property 'hkern' does not exist on type 'JSX.IntrinsicElements'.
src/icons/Fonts/general-sans/GeneralSansRegular.tsx(2919,5): error TS2339: Property 'hkern' does not exist on type 'JSX.IntrinsicElements'.
src/icons/Fonts/general-sans/GeneralSansRegular.tsx(2920,5): error TS2339: Property 'hkern' does not exist on type 'JSX.IntrinsicElements'.
src/icons/Fonts/general-sans/GeneralSansRegular.tsx(2921,5): error TS2339: Property 'hkern' does not exist on type 'JSX.IntrinsicElements'.
src/icons/Fonts/general-sans/GeneralSansRegular.tsx(2922,5): error TS2339: Property 'hkern' does not exist on type 'JSX.IntrinsicElements'.
src/icons/Fonts/general-sans/GeneralSansRegular.tsx(2923,5): error TS2339: Property 'hkern' does not exist on type 'JSX.IntrinsicElements'.
src/icons/Fonts/general-sans/GeneralSansRegular.tsx(2924,5): error TS2339: Property 'hkern' does not exist on type 'JSX.IntrinsicElements'.
src/icons/Fonts/general-sans/GeneralSansRegular.tsx(2925,5): error TS2339: Property 'hkern' does not exist on type 'JSX.IntrinsicElements'.
src/icons/Fonts/general-sans/GeneralSansRegular.tsx(2926,5): error TS2339: Property 'hkern' does not exist on type 'JSX.IntrinsicElements'.
src/icons/Fonts/general-sans/GeneralSansRegular.tsx(2927,5): error TS2339: Property 'hkern' does not exist on type 'JSX.IntrinsicElements'.
src/icons/Fonts/general-sans/GeneralSansRegular.tsx(2928,5): error TS2339: Property 'hkern' does not exist on type 'JSX.IntrinsicElements'.
src/icons/Fonts/general-sans/GeneralSansRegular.tsx(2929,5): error TS2339: Property 'hkern' does not exist on type 'JSX.IntrinsicElements'.
src/icons/Fonts/general-sans/GeneralSansRegular.tsx(2930,5): error TS2339: Property 'hkern' does not exist on type 'JSX.IntrinsicElements'.
src/icons/Fonts/general-sans/GeneralSansRegular.tsx(2931,5): error TS2339: Property 'hkern' does not exist on type 'JSX.IntrinsicElements'.
src/icons/Fonts/general-sans/GeneralSansRegular.tsx(2932,5): error TS2339: Property 'hkern' does not exist on type 'JSX.IntrinsicElements'.
src/icons/Fonts/general-sans/GeneralSansRegular.tsx(2933,5): error TS2339: Property 'hkern' does not exist on type 'JSX.IntrinsicElements'.
src/icons/Fonts/general-sans/GeneralSansRegular.tsx(2934,5): error TS2339: Property 'hkern' does not exist on type 'JSX.IntrinsicElements'.
src/icons/Fonts/general-sans/GeneralSansRegular.tsx(2935,5): error TS2339: Property 'hkern' does not exist on type 'JSX.IntrinsicElements'.
src/icons/Fonts/general-sans/GeneralSansRegular.tsx(2936,5): error TS2339: Property 'hkern' does not exist on type 'JSX.IntrinsicElements'.
src/icons/Fonts/general-sans/GeneralSansRegular.tsx(2937,5): error TS2339: Property 'hkern' does not exist on type 'JSX.IntrinsicElements'.
src/icons/Fonts/general-sans/GeneralSansRegular.tsx(2938,5): error TS2339: Property 'hkern' does not exist on type 'JSX.IntrinsicElements'.
src/icons/Fonts/general-sans/GeneralSansRegular.tsx(2939,5): error TS2339: Property 'hkern' does not exist on type 'JSX.IntrinsicElements'.
src/icons/Fonts/general-sans/GeneralSansRegular.tsx(2940,5): error TS2339: Property 'hkern' does not exist on type 'JSX.IntrinsicElements'.
src/icons/Fonts/general-sans/GeneralSansRegular.tsx(2941,5): error TS2339: Property 'hkern' does not exist on type 'JSX.IntrinsicElements'.
src/icons/Fonts/general-sans/GeneralSansRegular.tsx(2942,5): error TS2339: Property 'hkern' does not exist on type 'JSX.IntrinsicElements'.
src/icons/Fonts/general-sans/GeneralSansRegular.tsx(2943,5): error TS2339: Property 'hkern' does not exist on type 'JSX.IntrinsicElements'.
src/icons/Fonts/general-sans/GeneralSansRegular.tsx(2944,5): error TS2339: Property 'hkern' does not exist on type 'JSX.IntrinsicElements'.
src/icons/Fonts/general-sans/GeneralSansRegular.tsx(2945,5): error TS2339: Property 'hkern' does not exist on type 'JSX.IntrinsicElements'.
src/icons/Fonts/general-sans/GeneralSansRegular.tsx(2946,5): error TS2339: Property 'hkern' does not exist on type 'JSX.IntrinsicElements'.
src/icons/Fonts/general-sans/GeneralSansRegular.tsx(2947,5): error TS2339: Property 'hkern' does not exist on type 'JSX.IntrinsicElements'.
src/icons/Fonts/general-sans/GeneralSansRegular.tsx(2948,5): error TS2339: Property 'hkern' does not exist on type 'JSX.IntrinsicElements'.
src/icons/Fonts/general-sans/GeneralSansRegular.tsx(2949,5): error TS2339: Property 'hkern' does not exist on type 'JSX.IntrinsicElements'.
src/icons/Fonts/general-sans/GeneralSansRegular.tsx(2950,5): error TS2339: Property 'hkern' does not exist on type 'JSX.IntrinsicElements'.
src/icons/Fonts/general-sans/GeneralSansRegular.tsx(2951,5): error TS2339: Property 'hkern' does not exist on type 'JSX.IntrinsicElements'.
src/icons/Fonts/general-sans/GeneralSansRegular.tsx(2952,5): error TS2339: Property 'hkern' does not exist on type 'JSX.IntrinsicElements'.
src/icons/Fonts/general-sans/GeneralSansRegular.tsx(2953,5): error TS2339: Property 'hkern' does not exist on type 'JSX.IntrinsicElements'.
src/icons/Fonts/general-sans/GeneralSansRegular.tsx(2954,5): error TS2339: Property 'hkern' does not exist on type 'JSX.IntrinsicElements'.
src/icons/Fonts/general-sans/GeneralSansRegular.tsx(2955,5): error TS2339: Property 'hkern' does not exist on type 'JSX.IntrinsicElements'.
src/icons/Fonts/general-sans/GeneralSansRegular.tsx(2956,5): error TS2339: Property 'hkern' does not exist on type 'JSX.IntrinsicElements'.
src/icons/Fonts/general-sans/GeneralSansRegular.tsx(2957,5): error TS2339: Property 'hkern' does not exist on type 'JSX.IntrinsicElements'.
src/icons/Fonts/general-sans/GeneralSansRegular.tsx(2958,5): error TS2339: Property 'hkern' does not exist on type 'JSX.IntrinsicElements'.
src/icons/Fonts/general-sans/GeneralSansRegular.tsx(2959,5): error TS2339: Property 'hkern' does not exist on type 'JSX.IntrinsicElements'.
src/icons/Fonts/general-sans/GeneralSansRegular.tsx(2960,5): error TS2339: Property 'hkern' does not exist on type 'JSX.IntrinsicElements'.
src/icons/Fonts/general-sans/GeneralSansRegular.tsx(2961,5): error TS2339: Property 'hkern' does not exist on type 'JSX.IntrinsicElements'.
src/icons/Fonts/general-sans/GeneralSansRegular.tsx(2962,5): error TS2339: Property 'hkern' does not exist on type 'JSX.IntrinsicElements'.
src/icons/Fonts/general-sans/GeneralSansRegular.tsx(2963,5): error TS2339: Property 'hkern' does not exist on type 'JSX.IntrinsicElements'.
src/icons/Fonts/general-sans/GeneralSansRegular.tsx(2964,5): error TS2339: Property 'hkern' does not exist on type 'JSX.IntrinsicElements'.
src/icons/Fonts/general-sans/GeneralSansRegular.tsx(2965,5): error TS2339: Property 'hkern' does not exist on type 'JSX.IntrinsicElements'.
src/icons/Fonts/general-sans/GeneralSansRegular.tsx(2966,5): error TS2339: Property 'hkern' does not exist on type 'JSX.IntrinsicElements'.
src/icons/Fonts/general-sans/GeneralSansRegular.tsx(2967,5): error TS2339: Property 'hkern' does not exist on type 'JSX.IntrinsicElements'.
src/icons/Fonts/general-sans/GeneralSansRegular.tsx(2968,5): error TS2339: Property 'hkern' does not exist on type 'JSX.IntrinsicElements'.
src/icons/Fonts/general-sans/GeneralSansRegular.tsx(2969,5): error TS2339: Property 'hkern' does not exist on type 'JSX.IntrinsicElements'.
src/icons/Fonts/general-sans/GeneralSansRegular.tsx(2970,5): error TS2339: Property 'hkern' does not exist on type 'JSX.IntrinsicElements'.
src/icons/Fonts/general-sans/GeneralSansRegular.tsx(2971,5): error TS2339: Property 'hkern' does not exist on type 'JSX.IntrinsicElements'.
src/icons/Fonts/general-sans/GeneralSansRegular.tsx(2972,5): error TS2339: Property 'hkern' does not exist on type 'JSX.IntrinsicElements'.
src/icons/Fonts/general-sans/GeneralSansRegular.tsx(2973,5): error TS2339: Property 'hkern' does not exist on type 'JSX.IntrinsicElements'.
src/icons/Fonts/general-sans/GeneralSansRegular.tsx(2974,5): error TS2339: Property 'hkern' does not exist on type 'JSX.IntrinsicElements'.
src/icons/Fonts/general-sans/GeneralSansRegular.tsx(2975,5): error TS2339: Property 'hkern' does not exist on type 'JSX.IntrinsicElements'.
src/icons/Fonts/general-sans/GeneralSansRegular.tsx(2976,5): error TS2339: Property 'hkern' does not exist on type 'JSX.IntrinsicElements'.
src/icons/Fonts/general-sans/GeneralSansRegular.tsx(2977,5): error TS2339: Property 'hkern' does not exist on type 'JSX.IntrinsicElements'.
src/icons/Fonts/general-sans/GeneralSansRegular.tsx(2978,5): error TS2339: Property 'hkern' does not exist on type 'JSX.IntrinsicElements'.
src/icons/Fonts/general-sans/GeneralSansRegular.tsx(2979,5): error TS2339: Property 'hkern' does not exist on type 'JSX.IntrinsicElements'.
src/icons/Fonts/general-sans/GeneralSansRegular.tsx(2980,5): error TS2339: Property 'hkern' does not exist on type 'JSX.IntrinsicElements'.
src/icons/Fonts/general-sans/GeneralSansRegular.tsx(2981,5): error TS2339: Property 'hkern' does not exist on type 'JSX.IntrinsicElements'.
src/icons/Fonts/general-sans/GeneralSansRegular.tsx(2982,5): error TS2339: Property 'hkern' does not exist on type 'JSX.IntrinsicElements'.
src/icons/Fonts/general-sans/GeneralSansRegular.tsx(2983,5): error TS2339: Property 'hkern' does not exist on type 'JSX.IntrinsicElements'.
src/icons/Fonts/general-sans/GeneralSansRegular.tsx(2984,5): error TS2339: Property 'hkern' does not exist on type 'JSX.IntrinsicElements'.
src/icons/Fonts/general-sans/GeneralSansRegular.tsx(2985,5): error TS2339: Property 'hkern' does not exist on type 'JSX.IntrinsicElements'.
src/icons/Fonts/general-sans/GeneralSansRegular.tsx(2986,5): error TS2339: Property 'hkern' does not exist on type 'JSX.IntrinsicElements'.
src/icons/Fonts/general-sans/GeneralSansRegular.tsx(2987,5): error TS2339: Property 'hkern' does not exist on type 'JSX.IntrinsicElements'.
src/icons/Fonts/general-sans/GeneralSansRegular.tsx(2988,5): error TS2339: Property 'hkern' does not exist on type 'JSX.IntrinsicElements'.
src/icons/Fonts/general-sans/GeneralSansRegular.tsx(2989,5): error TS2339: Property 'hkern' does not exist on type 'JSX.IntrinsicElements'.
src/icons/Fonts/general-sans/GeneralSansRegular.tsx(2990,5): error TS2339: Property 'hkern' does not exist on type 'JSX.IntrinsicElements'.
src/icons/Fonts/general-sans/GeneralSansRegular.tsx(2991,5): error TS2339: Property 'hkern' does not exist on type 'JSX.IntrinsicElements'.
src/icons/Fonts/general-sans/GeneralSansRegular.tsx(2992,5): error TS2339: Property 'hkern' does not exist on type 'JSX.IntrinsicElements'.
src/icons/Fonts/general-sans/GeneralSansRegular.tsx(2993,5): error TS2339: Property 'hkern' does not exist on type 'JSX.IntrinsicElements'.
src/icons/Fonts/general-sans/GeneralSansRegular.tsx(2994,5): error TS2339: Property 'hkern' does not exist on type 'JSX.IntrinsicElements'.
src/icons/Fonts/general-sans/GeneralSansRegular.tsx(2995,5): error TS2339: Property 'hkern' does not exist on type 'JSX.IntrinsicElements'.
src/icons/Fonts/general-sans/GeneralSansRegular.tsx(2996,5): error TS2339: Property 'hkern' does not exist on type 'JSX.IntrinsicElements'.
src/icons/Fonts/general-sans/GeneralSansRegular.tsx(2997,5): error TS2339: Property 'hkern' does not exist on type 'JSX.IntrinsicElements'.
src/icons/Fonts/general-sans/GeneralSansRegular.tsx(2998,5): error TS2339: Property 'hkern' does not exist on type 'JSX.IntrinsicElements'.
src/icons/Fonts/general-sans/GeneralSansRegular.tsx(2999,5): error TS2339: Property 'hkern' does not exist on type 'JSX.IntrinsicElements'.
src/icons/Fonts/general-sans/GeneralSansRegular.tsx(3000,5): error TS2339: Property 'hkern' does not exist on type 'JSX.IntrinsicElements'.
src/icons/Fonts/general-sans/GeneralSansRegular.tsx(3001,5): error TS2339: Property 'hkern' does not exist on type 'JSX.IntrinsicElements'.
src/icons/Fonts/general-sans/GeneralSansRegular.tsx(3002,5): error TS2339: Property 'hkern' does not exist on type 'JSX.IntrinsicElements'.
src/icons/Fonts/general-sans/GeneralSansRegular.tsx(3003,5): error TS2339: Property 'hkern' does not exist on type 'JSX.IntrinsicElements'.
src/icons/Fonts/general-sans/GeneralSansRegular.tsx(3004,5): error TS2339: Property 'hkern' does not exist on type 'JSX.IntrinsicElements'.
src/icons/Fonts/general-sans/GeneralSansRegular.tsx(3005,5): error TS2339: Property 'hkern' does not exist on type 'JSX.IntrinsicElements'.
src/icons/Fonts/general-sans/GeneralSansRegular.tsx(3006,5): error TS2339: Property 'hkern' does not exist on type 'JSX.IntrinsicElements'.
src/icons/Fonts/general-sans/GeneralSansRegular.tsx(3007,5): error TS2339: Property 'hkern' does not exist on type 'JSX.IntrinsicElements'.
src/icons/Fonts/general-sans/GeneralSansRegular.tsx(3008,5): error TS2339: Property 'hkern' does not exist on type 'JSX.IntrinsicElements'.
src/icons/Fonts/general-sans/GeneralSansRegular.tsx(3009,5): error TS2339: Property 'hkern' does not exist on type 'JSX.IntrinsicElements'.
src/icons/Fonts/general-sans/GeneralSansRegular.tsx(3010,5): error TS2339: Property 'hkern' does not exist on type 'JSX.IntrinsicElements'.
src/icons/Fonts/general-sans/GeneralSansRegular.tsx(3011,5): error TS2339: Property 'hkern' does not exist on type 'JSX.IntrinsicElements'.
src/icons/Fonts/general-sans/GeneralSansRegular.tsx(3012,5): error TS2339: Property 'hkern' does not exist on type 'JSX.IntrinsicElements'.
src/icons/Fonts/general-sans/GeneralSansRegular.tsx(3013,5): error TS2339: Property 'hkern' does not exist on type 'JSX.IntrinsicElements'.
src/icons/Fonts/general-sans/GeneralSansRegular.tsx(3014,5): error TS2339: Property 'hkern' does not exist on type 'JSX.IntrinsicElements'.
src/icons/Fonts/general-sans/GeneralSansRegular.tsx(3015,5): error TS2339: Property 'hkern' does not exist on type 'JSX.IntrinsicElements'.
src/icons/Fonts/general-sans/GeneralSansRegular.tsx(3016,5): error TS2339: Property 'hkern' does not exist on type 'JSX.IntrinsicElements'.
src/icons/Fonts/general-sans/GeneralSansRegular.tsx(3017,5): error TS2339: Property 'hkern' does not exist on type 'JSX.IntrinsicElements'.
src/icons/Fonts/general-sans/GeneralSansRegular.tsx(3018,5): error TS2339: Property 'hkern' does not exist on type 'JSX.IntrinsicElements'.
src/icons/Fonts/general-sans/GeneralSansRegular.tsx(3019,5): error TS2339: Property 'hkern' does not exist on type 'JSX.IntrinsicElements'.
src/icons/Fonts/general-sans/GeneralSansRegular.tsx(3020,5): error TS2339: Property 'hkern' does not exist on type 'JSX.IntrinsicElements'.
src/icons/Fonts/general-sans/GeneralSansRegular.tsx(3021,5): error TS2339: Property 'hkern' does not exist on type 'JSX.IntrinsicElements'.
src/icons/Fonts/general-sans/GeneralSansRegular.tsx(3022,5): error TS2339: Property 'hkern' does not exist on type 'JSX.IntrinsicElements'.
src/icons/Fonts/general-sans/GeneralSansRegular.tsx(3023,5): error TS2339: Property 'hkern' does not exist on type 'JSX.IntrinsicElements'.
src/icons/Fonts/general-sans/GeneralSansRegular.tsx(3024,5): error TS2339: Property 'hkern' does not exist on type 'JSX.IntrinsicElements'.
src/icons/Fonts/general-sans/GeneralSansRegular.tsx(3025,5): error TS2339: Property 'hkern' does not exist on type 'JSX.IntrinsicElements'.
src/icons/Fonts/general-sans/GeneralSansRegular.tsx(3026,5): error TS2339: Property 'hkern' does not exist on type 'JSX.IntrinsicElements'.
src/icons/Fonts/general-sans/GeneralSansRegular.tsx(3027,5): error TS2339: Property 'hkern' does not exist on type 'JSX.IntrinsicElements'.
src/icons/Fonts/general-sans/GeneralSansRegular.tsx(3028,5): error TS2339: Property 'hkern' does not exist on type 'JSX.IntrinsicElements'.
src/icons/Fonts/general-sans/GeneralSansRegular.tsx(3029,5): error TS2339: Property 'hkern' does not exist on type 'JSX.IntrinsicElements'.
src/icons/Fonts/general-sans/GeneralSansRegular.tsx(3030,5): error TS2339: Property 'hkern' does not exist on type 'JSX.IntrinsicElements'.
src/icons/Fonts/general-sans/GeneralSansRegular.tsx(3031,5): error TS2339: Property 'hkern' does not exist on type 'JSX.IntrinsicElements'.
src/icons/Fonts/general-sans/GeneralSansRegular.tsx(3032,5): error TS2339: Property 'hkern' does not exist on type 'JSX.IntrinsicElements'.
src/icons/Fonts/general-sans/GeneralSansRegular.tsx(3033,5): error TS2339: Property 'hkern' does not exist on type 'JSX.IntrinsicElements'.
src/icons/Fonts/general-sans/GeneralSansRegular.tsx(3034,5): error TS2339: Property 'hkern' does not exist on type 'JSX.IntrinsicElements'.
src/icons/Fonts/general-sans/GeneralSansRegular.tsx(3035,5): error TS2339: Property 'hkern' does not exist on type 'JSX.IntrinsicElements'.
src/icons/Fonts/general-sans/GeneralSansRegular.tsx(3036,5): error TS2339: Property 'hkern' does not exist on type 'JSX.IntrinsicElements'.
src/icons/Fonts/general-sans/GeneralSansRegular.tsx(3037,5): error TS2339: Property 'hkern' does not exist on type 'JSX.IntrinsicElements'.
src/icons/Fonts/general-sans/GeneralSansRegular.tsx(3038,5): error TS2339: Property 'hkern' does not exist on type 'JSX.IntrinsicElements'.
src/icons/Fonts/general-sans/GeneralSansRegular.tsx(3039,5): error TS2339: Property 'hkern' does not exist on type 'JSX.IntrinsicElements'.
src/icons/Fonts/general-sans/GeneralSansRegular.tsx(3040,5): error TS2339: Property 'hkern' does not exist on type 'JSX.IntrinsicElements'.
src/icons/Fonts/general-sans/GeneralSansRegular.tsx(3041,5): error TS2339: Property 'hkern' does not exist on type 'JSX.IntrinsicElements'.
src/icons/Fonts/general-sans/GeneralSansRegular.tsx(3042,5): error TS2339: Property 'hkern' does not exist on type 'JSX.IntrinsicElements'.
src/icons/Fonts/general-sans/GeneralSansRegular.tsx(3043,5): error TS2339: Property 'hkern' does not exist on type 'JSX.IntrinsicElements'.
src/icons/Fonts/general-sans/GeneralSansRegular.tsx(3044,5): error TS2339: Property 'hkern' does not exist on type 'JSX.IntrinsicElements'.
src/icons/Fonts/general-sans/GeneralSansRegular.tsx(3045,5): error TS2339: Property 'hkern' does not exist on type 'JSX.IntrinsicElements'.
src/icons/Fonts/general-sans/GeneralSansRegular.tsx(3046,5): error TS2339: Property 'hkern' does not exist on type 'JSX.IntrinsicElements'.
src/icons/Fonts/general-sans/GeneralSansRegular.tsx(3047,5): error TS2339: Property 'hkern' does not exist on type 'JSX.IntrinsicElements'.
src/icons/Fonts/general-sans/GeneralSansRegular.tsx(3048,5): error TS2339: Property 'hkern' does not exist on type 'JSX.IntrinsicElements'.
src/icons/Fonts/general-sans/GeneralSansRegular.tsx(3049,5): error TS2339: Property 'hkern' does not exist on type 'JSX.IntrinsicElements'.
src/icons/Fonts/general-sans/GeneralSansRegular.tsx(3050,5): error TS2339: Property 'hkern' does not exist on type 'JSX.IntrinsicElements'.
src/icons/Fonts/general-sans/GeneralSansRegular.tsx(3051,5): error TS2339: Property 'hkern' does not exist on type 'JSX.IntrinsicElements'.
src/icons/Fonts/general-sans/GeneralSansRegular.tsx(3052,5): error TS2339: Property 'hkern' does not exist on type 'JSX.IntrinsicElements'.
src/icons/Fonts/general-sans/GeneralSansRegular.tsx(3053,5): error TS2339: Property 'hkern' does not exist on type 'JSX.IntrinsicElements'.
src/icons/Fonts/general-sans/GeneralSansRegular.tsx(3054,5): error TS2339: Property 'hkern' does not exist on type 'JSX.IntrinsicElements'.
src/icons/Fonts/general-sans/GeneralSansRegular.tsx(3055,5): error TS2339: Property 'hkern' does not exist on type 'JSX.IntrinsicElements'.
src/icons/Fonts/general-sans/GeneralSansRegular.tsx(3056,5): error TS2339: Property 'hkern' does not exist on type 'JSX.IntrinsicElements'.
src/icons/Fonts/general-sans/GeneralSansRegular.tsx(3057,5): error TS2339: Property 'hkern' does not exist on type 'JSX.IntrinsicElements'.
src/icons/Fonts/general-sans/GeneralSansRegular.tsx(3058,5): error TS2339: Property 'hkern' does not exist on type 'JSX.IntrinsicElements'.
src/icons/Fonts/general-sans/GeneralSansRegular.tsx(3059,5): error TS2339: Property 'hkern' does not exist on type 'JSX.IntrinsicElements'.
src/icons/Fonts/general-sans/GeneralSansRegular.tsx(3060,5): error TS2339: Property 'hkern' does not exist on type 'JSX.IntrinsicElements'.
src/icons/Fonts/general-sans/GeneralSansRegular.tsx(3061,5): error TS2339: Property 'hkern' does not exist on type 'JSX.IntrinsicElements'.
src/icons/Fonts/general-sans/GeneralSansRegular.tsx(3062,5): error TS2339: Property 'hkern' does not exist on type 'JSX.IntrinsicElements'.
src/icons/Fonts/general-sans/GeneralSansRegular.tsx(3063,5): error TS2339: Property 'hkern' does not exist on type 'JSX.IntrinsicElements'.
src/icons/Fonts/general-sans/GeneralSansRegular.tsx(3064,5): error TS2339: Property 'hkern' does not exist on type 'JSX.IntrinsicElements'.
src/icons/Fonts/general-sans/GeneralSansRegular.tsx(3065,5): error TS2339: Property 'hkern' does not exist on type 'JSX.IntrinsicElements'.
src/icons/Fonts/general-sans/GeneralSansRegular.tsx(3066,5): error TS2339: Property 'hkern' does not exist on type 'JSX.IntrinsicElements'.
src/icons/Fonts/general-sans/GeneralSansRegular.tsx(3067,5): error TS2339: Property 'hkern' does not exist on type 'JSX.IntrinsicElements'.
src/icons/Fonts/general-sans/GeneralSansRegular.tsx(3068,5): error TS2339: Property 'hkern' does not exist on type 'JSX.IntrinsicElements'.
src/icons/Fonts/general-sans/GeneralSansRegular.tsx(3069,5): error TS2339: Property 'hkern' does not exist on type 'JSX.IntrinsicElements'.
src/icons/Fonts/general-sans/GeneralSansRegular.tsx(3070,5): error TS2339: Property 'hkern' does not exist on type 'JSX.IntrinsicElements'.
src/icons/Fonts/general-sans/GeneralSansRegular.tsx(3071,5): error TS2339: Property 'hkern' does not exist on type 'JSX.IntrinsicElements'.
src/icons/Fonts/general-sans/GeneralSansRegular.tsx(3072,5): error TS2339: Property 'hkern' does not exist on type 'JSX.IntrinsicElements'.
src/icons/Fonts/general-sans/GeneralSansRegular.tsx(3073,5): error TS2339: Property 'hkern' does not exist on type 'JSX.IntrinsicElements'.
src/icons/Fonts/general-sans/GeneralSansRegular.tsx(3074,5): error TS2339: Property 'hkern' does not exist on type 'JSX.IntrinsicElements'.
src/icons/Fonts/general-sans/GeneralSansRegular.tsx(3075,5): error TS2339: Property 'hkern' does not exist on type 'JSX.IntrinsicElements'.
src/icons/Fonts/general-sans/GeneralSansRegular.tsx(3076,5): error TS2339: Property 'hkern' does not exist on type 'JSX.IntrinsicElements'.
src/icons/Fonts/general-sans/GeneralSansRegular.tsx(3077,5): error TS2339: Property 'hkern' does not exist on type 'JSX.IntrinsicElements'.
src/icons/Fonts/general-sans/GeneralSansRegular.tsx(3078,5): error TS2339: Property 'hkern' does not exist on type 'JSX.IntrinsicElements'.
src/icons/Fonts/general-sans/GeneralSansRegular.tsx(3079,5): error TS2339: Property 'hkern' does not exist on type 'JSX.IntrinsicElements'.
src/icons/Fonts/general-sans/GeneralSansRegular.tsx(3080,5): error TS2339: Property 'hkern' does not exist on type 'JSX.IntrinsicElements'.
src/icons/Fonts/general-sans/GeneralSansRegular.tsx(3081,5): error TS2339: Property 'hkern' does not exist on type 'JSX.IntrinsicElements'.
src/icons/Fonts/general-sans/GeneralSansRegular.tsx(3082,5): error TS2339: Property 'hkern' does not exist on type 'JSX.IntrinsicElements'.
src/icons/Fonts/general-sans/GeneralSansRegular.tsx(3083,5): error TS2339: Property 'hkern' does not exist on type 'JSX.IntrinsicElements'.
src/icons/Fonts/general-sans/GeneralSansRegular.tsx(3084,5): error TS2339: Property 'hkern' does not exist on type 'JSX.IntrinsicElements'.
src/icons/Fonts/general-sans/GeneralSansRegular.tsx(3085,5): error TS2339: Property 'hkern' does not exist on type 'JSX.IntrinsicElements'.
src/icons/Fonts/general-sans/GeneralSansRegular.tsx(3086,5): error TS2339: Property 'hkern' does not exist on type 'JSX.IntrinsicElements'.
src/icons/Fonts/general-sans/GeneralSansRegular.tsx(3087,5): error TS2339: Property 'hkern' does not exist on type 'JSX.IntrinsicElements'.
src/icons/Fonts/general-sans/GeneralSansRegular.tsx(3088,5): error TS2339: Property 'hkern' does not exist on type 'JSX.IntrinsicElements'.
src/icons/Fonts/general-sans/GeneralSansRegular.tsx(3089,5): error TS2339: Property 'hkern' does not exist on type 'JSX.IntrinsicElements'.
src/icons/Fonts/general-sans/GeneralSansRegular.tsx(3090,5): error TS2339: Property 'hkern' does not exist on type 'JSX.IntrinsicElements'.
src/icons/Fonts/general-sans/GeneralSansRegular.tsx(3091,5): error TS2339: Property 'hkern' does not exist on type 'JSX.IntrinsicElements'.
src/icons/Fonts/general-sans/GeneralSansRegular.tsx(3092,5): error TS2339: Property 'hkern' does not exist on type 'JSX.IntrinsicElements'.
src/icons/Fonts/general-sans/GeneralSansRegular.tsx(3093,5): error TS2339: Property 'hkern' does not exist on type 'JSX.IntrinsicElements'.
src/icons/Fonts/general-sans/GeneralSansRegular.tsx(3094,5): error TS2339: Property 'hkern' does not exist on type 'JSX.IntrinsicElements'.
src/icons/Fonts/general-sans/GeneralSansRegular.tsx(3095,5): error TS2339: Property 'hkern' does not exist on type 'JSX.IntrinsicElements'.
src/icons/Fonts/general-sans/GeneralSansRegular.tsx(3096,5): error TS2339: Property 'hkern' does not exist on type 'JSX.IntrinsicElements'.
src/icons/Fonts/general-sans/GeneralSansRegular.tsx(3097,5): error TS2339: Property 'hkern' does not exist on type 'JSX.IntrinsicElements'.
src/icons/Fonts/general-sans/GeneralSansRegular.tsx(3098,5): error TS2339: Property 'hkern' does not exist on type 'JSX.IntrinsicElements'.
src/icons/Fonts/general-sans/GeneralSansRegular.tsx(3099,5): error TS2339: Property 'hkern' does not exist on type 'JSX.IntrinsicElements'.
src/icons/Fonts/general-sans/GeneralSansRegular.tsx(3100,5): error TS2339: Property 'hkern' does not exist on type 'JSX.IntrinsicElements'.
src/icons/Fonts/general-sans/GeneralSansRegular.tsx(3101,5): error TS2339: Property 'hkern' does not exist on type 'JSX.IntrinsicElements'.
src/icons/Fonts/general-sans/GeneralSansRegular.tsx(3102,5): error TS2339: Property 'hkern' does not exist on type 'JSX.IntrinsicElements'.
src/icons/Fonts/general-sans/GeneralSansRegular.tsx(3103,5): error TS2339: Property 'hkern' does not exist on type 'JSX.IntrinsicElements'.
src/icons/Fonts/general-sans/GeneralSansRegular.tsx(3104,5): error TS2339: Property 'hkern' does not exist on type 'JSX.IntrinsicElements'.
src/icons/Fonts/general-sans/GeneralSansRegular.tsx(3105,5): error TS2339: Property 'hkern' does not exist on type 'JSX.IntrinsicElements'.
src/icons/Fonts/general-sans/GeneralSansRegular.tsx(3106,5): error TS2339: Property 'hkern' does not exist on type 'JSX.IntrinsicElements'.
src/icons/Fonts/general-sans/GeneralSansRegular.tsx(3107,5): error TS2339: Property 'hkern' does not exist on type 'JSX.IntrinsicElements'.
src/icons/Fonts/general-sans/GeneralSansRegular.tsx(3108,5): error TS2339: Property 'hkern' does not exist on type 'JSX.IntrinsicElements'.
src/icons/Fonts/general-sans/GeneralSansRegular.tsx(3109,5): error TS2339: Property 'hkern' does not exist on type 'JSX.IntrinsicElements'.
src/icons/Fonts/general-sans/GeneralSansRegular.tsx(3110,5): error TS2339: Property 'hkern' does not exist on type 'JSX.IntrinsicElements'.
src/icons/Fonts/general-sans/GeneralSansRegular.tsx(3111,5): error TS2339: Property 'hkern' does not exist on type 'JSX.IntrinsicElements'.
src/icons/Fonts/general-sans/GeneralSansRegular.tsx(3112,5): error TS2339: Property 'hkern' does not exist on type 'JSX.IntrinsicElements'.
src/icons/Fonts/general-sans/GeneralSansRegular.tsx(3113,5): error TS2339: Property 'hkern' does not exist on type 'JSX.IntrinsicElements'.
src/icons/Fonts/general-sans/GeneralSansRegular.tsx(3114,5): error TS2339: Property 'hkern' does not exist on type 'JSX.IntrinsicElements'.
src/icons/Fonts/general-sans/GeneralSansRegular.tsx(3115,5): error TS2339: Property 'hkern' does not exist on type 'JSX.IntrinsicElements'.
src/icons/Fonts/general-sans/GeneralSansRegular.tsx(3116,5): error TS2339: Property 'hkern' does not exist on type 'JSX.IntrinsicElements'.
src/icons/Fonts/general-sans/GeneralSansRegular.tsx(3117,5): error TS2339: Property 'hkern' does not exist on type 'JSX.IntrinsicElements'.
src/icons/Fonts/general-sans/GeneralSansRegular.tsx(3118,5): error TS2339: Property 'hkern' does not exist on type 'JSX.IntrinsicElements'.
src/icons/Fonts/general-sans/GeneralSansRegular.tsx(3119,5): error TS2339: Property 'hkern' does not exist on type 'JSX.IntrinsicElements'.
src/icons/Fonts/general-sans/GeneralSansRegular.tsx(3120,5): error TS2339: Property 'hkern' does not exist on type 'JSX.IntrinsicElements'.
src/icons/Fonts/general-sans/GeneralSansRegular.tsx(3121,5): error TS2339: Property 'hkern' does not exist on type 'JSX.IntrinsicElements'.
src/icons/Fonts/general-sans/GeneralSansRegular.tsx(3122,5): error TS2339: Property 'hkern' does not exist on type 'JSX.IntrinsicElements'.
src/icons/Fonts/general-sans/GeneralSansRegular.tsx(3123,5): error TS2339: Property 'hkern' does not exist on type 'JSX.IntrinsicElements'.
src/icons/Fonts/general-sans/GeneralSansRegular.tsx(3124,5): error TS2339: Property 'hkern' does not exist on type 'JSX.IntrinsicElements'.
src/icons/Fonts/general-sans/GeneralSansRegular.tsx(3125,5): error TS2339: Property 'hkern' does not exist on type 'JSX.IntrinsicElements'.
src/icons/Fonts/general-sans/GeneralSansRegular.tsx(3126,5): error TS2339: Property 'hkern' does not exist on type 'JSX.IntrinsicElements'.
src/icons/Fonts/general-sans/GeneralSansRegular.tsx(3127,5): error TS2339: Property 'hkern' does not exist on type 'JSX.IntrinsicElements'.
src/icons/Fonts/general-sans/GeneralSansRegular.tsx(3128,5): error TS2339: Property 'hkern' does not exist on type 'JSX.IntrinsicElements'.
src/icons/Fonts/general-sans/GeneralSansRegular.tsx(3129,5): error TS2339: Property 'hkern' does not exist on type 'JSX.IntrinsicElements'.
src/icons/Fonts/general-sans/GeneralSansRegular.tsx(3130,5): error TS2339: Property 'hkern' does not exist on type 'JSX.IntrinsicElements'.
src/icons/Fonts/general-sans/GeneralSansRegular.tsx(3131,5): error TS2339: Property 'hkern' does not exist on type 'JSX.IntrinsicElements'.
src/icons/Fonts/general-sans/GeneralSansRegular.tsx(3132,5): error TS2339: Property 'hkern' does not exist on type 'JSX.IntrinsicElements'.
src/icons/Fonts/general-sans/GeneralSansRegular.tsx(3133,5): error TS2339: Property 'hkern' does not exist on type 'JSX.IntrinsicElements'.
src/icons/Fonts/general-sans/GeneralSansRegular.tsx(3134,5): error TS2339: Property 'hkern' does not exist on type 'JSX.IntrinsicElements'.
src/icons/Fonts/general-sans/GeneralSansRegular.tsx(3135,5): error TS2339: Property 'hkern' does not exist on type 'JSX.IntrinsicElements'.
src/icons/Fonts/general-sans/GeneralSansRegular.tsx(3136,5): error TS2339: Property 'hkern' does not exist on type 'JSX.IntrinsicElements'.
src/icons/Fonts/general-sans/GeneralSansRegular.tsx(3137,5): error TS2339: Property 'hkern' does not exist on type 'JSX.IntrinsicElements'.
src/icons/Fonts/general-sans/GeneralSansRegular.tsx(3138,5): error TS2339: Property 'hkern' does not exist on type 'JSX.IntrinsicElements'.
src/icons/Fonts/general-sans/GeneralSansRegular.tsx(3139,5): error TS2339: Property 'hkern' does not exist on type 'JSX.IntrinsicElements'.
src/icons/Fonts/general-sans/GeneralSansRegular.tsx(3140,5): error TS2339: Property 'hkern' does not exist on type 'JSX.IntrinsicElements'.
src/icons/Fonts/general-sans/GeneralSansRegular.tsx(3141,5): error TS2339: Property 'hkern' does not exist on type 'JSX.IntrinsicElements'.
src/icons/Fonts/general-sans/GeneralSansRegular.tsx(3142,5): error TS2339: Property 'hkern' does not exist on type 'JSX.IntrinsicElements'.
src/icons/Fonts/general-sans/GeneralSansRegular.tsx(3143,5): error TS2339: Property 'hkern' does not exist on type 'JSX.IntrinsicElements'.
src/icons/Fonts/general-sans/GeneralSansRegular.tsx(3144,5): error TS2339: Property 'hkern' does not exist on type 'JSX.IntrinsicElements'.
src/icons/Fonts/general-sans/GeneralSansRegular.tsx(3145,5): error TS2339: Property 'hkern' does not exist on type 'JSX.IntrinsicElements'.
src/icons/Fonts/general-sans/GeneralSansRegular.tsx(3146,5): error TS2339: Property 'hkern' does not exist on type 'JSX.IntrinsicElements'.
src/icons/Fonts/general-sans/GeneralSansRegular.tsx(3147,5): error TS2339: Property 'hkern' does not exist on type 'JSX.IntrinsicElements'.
src/icons/Fonts/general-sans/GeneralSansRegular.tsx(3148,5): error TS2339: Property 'hkern' does not exist on type 'JSX.IntrinsicElements'.
src/icons/Fonts/general-sans/GeneralSansRegular.tsx(3149,5): error TS2339: Property 'hkern' does not exist on type 'JSX.IntrinsicElements'.
src/icons/Fonts/general-sans/GeneralSansRegular.tsx(3150,5): error TS2339: Property 'hkern' does not exist on type 'JSX.IntrinsicElements'.
src/icons/Fonts/general-sans/GeneralSansRegular.tsx(3151,5): error TS2339: Property 'hkern' does not exist on type 'JSX.IntrinsicElements'.
src/icons/Fonts/general-sans/GeneralSansRegular.tsx(3152,5): error TS2339: Property 'hkern' does not exist on type 'JSX.IntrinsicElements'.
src/icons/Fonts/general-sans/GeneralSansRegular.tsx(3153,5): error TS2339: Property 'hkern' does not exist on type 'JSX.IntrinsicElements'.
src/icons/Fonts/general-sans/GeneralSansRegular.tsx(3154,5): error TS2339: Property 'hkern' does not exist on type 'JSX.IntrinsicElements'.
src/icons/Fonts/general-sans/GeneralSansRegular.tsx(3155,5): error TS2339: Property 'hkern' does not exist on type 'JSX.IntrinsicElements'.
src/icons/Fonts/general-sans/GeneralSansRegular.tsx(3156,5): error TS2339: Property 'hkern' does not exist on type 'JSX.IntrinsicElements'.
src/icons/Fonts/general-sans/GeneralSansRegular.tsx(3157,5): error TS2339: Property 'hkern' does not exist on type 'JSX.IntrinsicElements'.
src/icons/Fonts/general-sans/GeneralSansRegular.tsx(3158,5): error TS2339: Property 'hkern' does not exist on type 'JSX.IntrinsicElements'.
src/icons/Fonts/general-sans/GeneralSansRegular.tsx(3159,5): error TS2339: Property 'hkern' does not exist on type 'JSX.IntrinsicElements'.
src/icons/Fonts/general-sans/GeneralSansRegular.tsx(3160,5): error TS2339: Property 'hkern' does not exist on type 'JSX.IntrinsicElements'.
src/icons/Fonts/general-sans/GeneralSansRegular.tsx(3161,5): error TS2339: Property 'hkern' does not exist on type 'JSX.IntrinsicElements'.
src/icons/Fonts/general-sans/GeneralSansRegular.tsx(3162,5): error TS2339: Property 'hkern' does not exist on type 'JSX.IntrinsicElements'.
src/icons/Fonts/general-sans/GeneralSansRegular.tsx(3163,5): error TS2339: Property 'hkern' does not exist on type 'JSX.IntrinsicElements'.
src/icons/Fonts/general-sans/GeneralSansRegular.tsx(3164,5): error TS2339: Property 'hkern' does not exist on type 'JSX.IntrinsicElements'.
src/icons/Fonts/general-sans/GeneralSansRegular.tsx(3165,5): error TS2339: Property 'hkern' does not exist on type 'JSX.IntrinsicElements'.
src/icons/Fonts/general-sans/GeneralSansRegular.tsx(3166,5): error TS2339: Property 'hkern' does not exist on type 'JSX.IntrinsicElements'.
src/icons/Fonts/general-sans/GeneralSansRegular.tsx(3167,5): error TS2339: Property 'hkern' does not exist on type 'JSX.IntrinsicElements'.
src/icons/Fonts/general-sans/GeneralSansRegular.tsx(3168,5): error TS2339: Property 'hkern' does not exist on type 'JSX.IntrinsicElements'.
src/icons/Fonts/general-sans/GeneralSansRegular.tsx(3169,5): error TS2339: Property 'hkern' does not exist on type 'JSX.IntrinsicElements'.
src/icons/Fonts/general-sans/GeneralSansRegular.tsx(3170,5): error TS2339: Property 'hkern' does not exist on type 'JSX.IntrinsicElements'.
src/icons/Fonts/general-sans/GeneralSansRegular.tsx(3171,5): error TS2339: Property 'hkern' does not exist on type 'JSX.IntrinsicElements'.
src/icons/Fonts/general-sans/GeneralSansRegular.tsx(3172,5): error TS2339: Property 'hkern' does not exist on type 'JSX.IntrinsicElements'.
src/icons/Fonts/general-sans/GeneralSansRegular.tsx(3173,5): error TS2339: Property 'hkern' does not exist on type 'JSX.IntrinsicElements'.
src/icons/Fonts/general-sans/GeneralSansRegular.tsx(3174,5): error TS2339: Property 'hkern' does not exist on type 'JSX.IntrinsicElements'.
src/icons/Fonts/general-sans/GeneralSansRegular.tsx(3175,5): error TS2339: Property 'hkern' does not exist on type 'JSX.IntrinsicElements'.
src/icons/Fonts/general-sans/GeneralSansRegular.tsx(3176,5): error TS2339: Property 'hkern' does not exist on type 'JSX.IntrinsicElements'.
src/icons/Fonts/general-sans/GeneralSansRegular.tsx(3177,5): error TS2339: Property 'hkern' does not exist on type 'JSX.IntrinsicElements'.
src/icons/Fonts/general-sans/GeneralSansRegular.tsx(3178,5): error TS2339: Property 'hkern' does not exist on type 'JSX.IntrinsicElements'.
src/icons/Fonts/general-sans/GeneralSansRegular.tsx(3179,5): error TS2339: Property 'hkern' does not exist on type 'JSX.IntrinsicElements'.
src/icons/Fonts/general-sans/GeneralSansRegular.tsx(3180,5): error TS2339: Property 'hkern' does not exist on type 'JSX.IntrinsicElements'.
src/icons/Fonts/general-sans/GeneralSansRegular.tsx(3181,5): error TS2339: Property 'hkern' does not exist on type 'JSX.IntrinsicElements'.
src/icons/Fonts/general-sans/GeneralSansRegular.tsx(3182,5): error TS2339: Property 'hkern' does not exist on type 'JSX.IntrinsicElements'.
src/icons/Fonts/general-sans/GeneralSansRegular.tsx(3183,5): error TS2339: Property 'hkern' does not exist on type 'JSX.IntrinsicElements'.
src/icons/Fonts/general-sans/GeneralSansRegular.tsx(3184,5): error TS2339: Property 'hkern' does not exist on type 'JSX.IntrinsicElements'.
src/icons/Fonts/general-sans/GeneralSansRegular.tsx(3185,5): error TS2339: Property 'hkern' does not exist on type 'JSX.IntrinsicElements'.
src/icons/Fonts/general-sans/GeneralSansRegular.tsx(3186,5): error TS2339: Property 'hkern' does not exist on type 'JSX.IntrinsicElements'.
src/icons/Fonts/general-sans/GeneralSansRegular.tsx(3187,5): error TS2339: Property 'hkern' does not exist on type 'JSX.IntrinsicElements'.
src/icons/Fonts/general-sans/GeneralSansRegular.tsx(3188,5): error TS2339: Property 'hkern' does not exist on type 'JSX.IntrinsicElements'.
src/icons/Fonts/general-sans/GeneralSansRegular.tsx(3189,5): error TS2339: Property 'hkern' does not exist on type 'JSX.IntrinsicElements'.
src/icons/Fonts/general-sans/GeneralSansRegular.tsx(3190,5): error TS2339: Property 'hkern' does not exist on type 'JSX.IntrinsicElements'.
src/icons/Fonts/general-sans/GeneralSansRegular.tsx(3191,5): error TS2339: Property 'hkern' does not exist on type 'JSX.IntrinsicElements'.
src/icons/Fonts/general-sans/GeneralSansRegular.tsx(3192,5): error TS2339: Property 'hkern' does not exist on type 'JSX.IntrinsicElements'.
src/icons/Fonts/general-sans/GeneralSansRegular.tsx(3193,5): error TS2339: Property 'hkern' does not exist on type 'JSX.IntrinsicElements'.
src/icons/Fonts/general-sans/GeneralSansRegular.tsx(3194,5): error TS2339: Property 'hkern' does not exist on type 'JSX.IntrinsicElements'.
src/icons/Fonts/general-sans/GeneralSansRegular.tsx(3195,5): error TS2339: Property 'hkern' does not exist on type 'JSX.IntrinsicElements'.
src/icons/Fonts/general-sans/GeneralSansRegular.tsx(3196,5): error TS2339: Property 'hkern' does not exist on type 'JSX.IntrinsicElements'.
src/icons/Fonts/general-sans/GeneralSansRegular.tsx(3197,5): error TS2339: Property 'hkern' does not exist on type 'JSX.IntrinsicElements'.
src/icons/Fonts/general-sans/GeneralSansRegular.tsx(3198,5): error TS2339: Property 'hkern' does not exist on type 'JSX.IntrinsicElements'.
src/icons/Fonts/general-sans/GeneralSansRegular.tsx(3199,5): error TS2339: Property 'hkern' does not exist on type 'JSX.IntrinsicElements'.
src/icons/Fonts/general-sans/GeneralSansRegular.tsx(3200,5): error TS2339: Property 'hkern' does not exist on type 'JSX.IntrinsicElements'.
src/icons/Fonts/general-sans/GeneralSansRegular.tsx(3201,5): error TS2339: Property 'hkern' does not exist on type 'JSX.IntrinsicElements'.
src/icons/Fonts/general-sans/GeneralSansRegular.tsx(3202,5): error TS2339: Property 'hkern' does not exist on type 'JSX.IntrinsicElements'.
src/icons/Fonts/general-sans/GeneralSansRegular.tsx(3203,5): error TS2339: Property 'hkern' does not exist on type 'JSX.IntrinsicElements'.
src/icons/Fonts/general-sans/GeneralSansRegular.tsx(3204,5): error TS2339: Property 'hkern' does not exist on type 'JSX.IntrinsicElements'.
src/icons/Fonts/general-sans/GeneralSansRegular.tsx(3205,5): error TS2339: Property 'hkern' does not exist on type 'JSX.IntrinsicElements'.
src/icons/Fonts/general-sans/GeneralSansRegular.tsx(3206,5): error TS2339: Property 'hkern' does not exist on type 'JSX.IntrinsicElements'.
src/icons/Fonts/general-sans/GeneralSansRegular.tsx(3207,5): error TS2339: Property 'hkern' does not exist on type 'JSX.IntrinsicElements'.
src/icons/Fonts/general-sans/GeneralSansRegular.tsx(3208,5): error TS2339: Property 'hkern' does not exist on type 'JSX.IntrinsicElements'.
src/icons/Fonts/general-sans/GeneralSansRegular.tsx(3209,5): error TS2339: Property 'hkern' does not exist on type 'JSX.IntrinsicElements'.
src/icons/Fonts/general-sans/GeneralSansRegular.tsx(3210,5): error TS2339: Property 'hkern' does not exist on type 'JSX.IntrinsicElements'.
src/icons/Fonts/general-sans/GeneralSansRegular.tsx(3211,5): error TS2339: Property 'hkern' does not exist on type 'JSX.IntrinsicElements'.
src/icons/Fonts/general-sans/GeneralSansRegular.tsx(3212,5): error TS2339: Property 'hkern' does not exist on type 'JSX.IntrinsicElements'.
src/icons/Fonts/general-sans/GeneralSansRegular.tsx(3213,5): error TS2339: Property 'hkern' does not exist on type 'JSX.IntrinsicElements'.
src/icons/Fonts/general-sans/GeneralSansRegular.tsx(3214,5): error TS2339: Property 'hkern' does not exist on type 'JSX.IntrinsicElements'.
src/icons/Fonts/general-sans/GeneralSansRegular.tsx(3215,5): error TS2339: Property 'hkern' does not exist on type 'JSX.IntrinsicElements'.
src/icons/Fonts/general-sans/GeneralSansRegular.tsx(3216,5): error TS2339: Property 'hkern' does not exist on type 'JSX.IntrinsicElements'.
src/icons/Fonts/general-sans/GeneralSansRegular.tsx(3217,5): error TS2339: Property 'hkern' does not exist on type 'JSX.IntrinsicElements'.
src/icons/Fonts/general-sans/GeneralSansRegular.tsx(3218,5): error TS2339: Property 'hkern' does not exist on type 'JSX.IntrinsicElements'.
src/icons/Fonts/general-sans/GeneralSansRegular.tsx(3219,5): error TS2339: Property 'hkern' does not exist on type 'JSX.IntrinsicElements'.
src/icons/Fonts/general-sans/GeneralSansRegular.tsx(3220,5): error TS2339: Property 'hkern' does not exist on type 'JSX.IntrinsicElements'.
src/icons/Fonts/general-sans/GeneralSansRegular.tsx(3221,5): error TS2339: Property 'hkern' does not exist on type 'JSX.IntrinsicElements'.
src/icons/Fonts/general-sans/GeneralSansRegular.tsx(3222,5): error TS2339: Property 'hkern' does not exist on type 'JSX.IntrinsicElements'.
src/icons/Fonts/general-sans/GeneralSansRegular.tsx(3223,5): error TS2339: Property 'hkern' does not exist on type 'JSX.IntrinsicElements'.
src/icons/Fonts/general-sans/GeneralSansRegular.tsx(3224,5): error TS2339: Property 'hkern' does not exist on type 'JSX.IntrinsicElements'.
src/icons/Fonts/general-sans/GeneralSansRegular.tsx(3225,5): error TS2339: Property 'hkern' does not exist on type 'JSX.IntrinsicElements'.
src/icons/Fonts/general-sans/GeneralSansRegular.tsx(3226,5): error TS2339: Property 'hkern' does not exist on type 'JSX.IntrinsicElements'.
src/icons/Fonts/general-sans/GeneralSansRegular.tsx(3227,5): error TS2339: Property 'hkern' does not exist on type 'JSX.IntrinsicElements'.
src/icons/Fonts/general-sans/GeneralSansRegular.tsx(3228,5): error TS2339: Property 'hkern' does not exist on type 'JSX.IntrinsicElements'.
src/icons/Fonts/general-sans/GeneralSansRegular.tsx(3229,5): error TS2339: Property 'hkern' does not exist on type 'JSX.IntrinsicElements'.
src/icons/Fonts/general-sans/GeneralSansRegular.tsx(3230,5): error TS2339: Property 'hkern' does not exist on type 'JSX.IntrinsicElements'.
src/icons/Fonts/general-sans/GeneralSansRegular.tsx(3231,5): error TS2339: Property 'hkern' does not exist on type 'JSX.IntrinsicElements'.
src/icons/Fonts/general-sans/GeneralSansRegular.tsx(3232,5): error TS2339: Property 'hkern' does not exist on type 'JSX.IntrinsicElements'.
src/icons/Fonts/general-sans/GeneralSansRegular.tsx(3233,5): error TS2339: Property 'hkern' does not exist on type 'JSX.IntrinsicElements'.
src/icons/Fonts/general-sans/GeneralSansRegular.tsx(3234,5): error TS2339: Property 'hkern' does not exist on type 'JSX.IntrinsicElements'.
src/icons/Fonts/general-sans/GeneralSansRegular.tsx(3235,5): error TS2339: Property 'hkern' does not exist on type 'JSX.IntrinsicElements'.
src/icons/Fonts/general-sans/GeneralSansRegular.tsx(3236,5): error TS2339: Property 'hkern' does not exist on type 'JSX.IntrinsicElements'.
src/icons/Fonts/general-sans/GeneralSansRegular.tsx(3237,5): error TS2339: Property 'hkern' does not exist on type 'JSX.IntrinsicElements'.
src/icons/Fonts/general-sans/GeneralSansRegular.tsx(3238,5): error TS2339: Property 'hkern' does not exist on type 'JSX.IntrinsicElements'.
src/icons/Fonts/general-sans/GeneralSansRegular.tsx(3239,5): error TS2339: Property 'hkern' does not exist on type 'JSX.IntrinsicElements'.
src/icons/Fonts/general-sans/GeneralSansRegular.tsx(3240,5): error TS2339: Property 'hkern' does not exist on type 'JSX.IntrinsicElements'.
src/icons/Fonts/general-sans/GeneralSansRegular.tsx(3241,5): error TS2339: Property 'hkern' does not exist on type 'JSX.IntrinsicElements'.
src/icons/Fonts/general-sans/GeneralSansRegular.tsx(3242,5): error TS2339: Property 'hkern' does not exist on type 'JSX.IntrinsicElements'.
src/icons/Fonts/general-sans/GeneralSansRegular.tsx(3243,5): error TS2339: Property 'hkern' does not exist on type 'JSX.IntrinsicElements'.
src/icons/Fonts/general-sans/GeneralSansRegular.tsx(3244,5): error TS2339: Property 'hkern' does not exist on type 'JSX.IntrinsicElements'.
src/icons/Fonts/general-sans/GeneralSansRegular.tsx(3245,5): error TS2339: Property 'hkern' does not exist on type 'JSX.IntrinsicElements'.
src/icons/Fonts/general-sans/GeneralSansRegular.tsx(3246,5): error TS2339: Property 'hkern' does not exist on type 'JSX.IntrinsicElements'.
src/icons/Fonts/general-sans/GeneralSansRegular.tsx(3247,5): error TS2339: Property 'hkern' does not exist on type 'JSX.IntrinsicElements'.
src/icons/Fonts/general-sans/GeneralSansRegular.tsx(3248,5): error TS2339: Property 'hkern' does not exist on type 'JSX.IntrinsicElements'.
src/icons/Fonts/general-sans/GeneralSansRegular.tsx(3249,5): error TS2339: Property 'hkern' does not exist on type 'JSX.IntrinsicElements'.
src/icons/Fonts/general-sans/GeneralSansRegular.tsx(3250,5): error TS2339: Property 'hkern' does not exist on type 'JSX.IntrinsicElements'.
src/icons/Fonts/general-sans/GeneralSansRegular.tsx(3251,5): error TS2339: Property 'hkern' does not exist on type 'JSX.IntrinsicElements'.
src/icons/Fonts/general-sans/GeneralSansRegular.tsx(3252,5): error TS2339: Property 'hkern' does not exist on type 'JSX.IntrinsicElements'.
src/icons/Fonts/general-sans/GeneralSansRegular.tsx(3253,5): error TS2339: Property 'hkern' does not exist on type 'JSX.IntrinsicElements'.
src/icons/Fonts/general-sans/GeneralSansRegular.tsx(3254,5): error TS2339: Property 'hkern' does not exist on type 'JSX.IntrinsicElements'.
src/icons/Fonts/general-sans/GeneralSansRegular.tsx(3255,5): error TS2339: Property 'hkern' does not exist on type 'JSX.IntrinsicElements'.
src/icons/Fonts/general-sans/GeneralSansRegular.tsx(3256,5): error TS2339: Property 'hkern' does not exist on type 'JSX.IntrinsicElements'.
src/icons/Fonts/general-sans/GeneralSansRegular.tsx(3257,5): error TS2339: Property 'hkern' does not exist on type 'JSX.IntrinsicElements'.
src/icons/Fonts/general-sans/GeneralSansRegular.tsx(3258,5): error TS2339: Property 'hkern' does not exist on type 'JSX.IntrinsicElements'.
src/icons/Fonts/general-sans/GeneralSansRegular.tsx(3259,5): error TS2339: Property 'hkern' does not exist on type 'JSX.IntrinsicElements'.
src/icons/Fonts/general-sans/GeneralSansRegular.tsx(3260,5): error TS2339: Property 'hkern' does not exist on type 'JSX.IntrinsicElements'.
src/icons/Fonts/general-sans/GeneralSansRegular.tsx(3261,5): error TS2339: Property 'hkern' does not exist on type 'JSX.IntrinsicElements'.
src/icons/Fonts/general-sans/GeneralSansRegular.tsx(3262,5): error TS2339: Property 'hkern' does not exist on type 'JSX.IntrinsicElements'.
src/icons/Fonts/general-sans/GeneralSansRegular.tsx(3263,5): error TS2339: Property 'hkern' does not exist on type 'JSX.IntrinsicElements'.
src/icons/Fonts/general-sans/GeneralSansRegular.tsx(3264,5): error TS2339: Property 'hkern' does not exist on type 'JSX.IntrinsicElements'.
src/icons/Fonts/general-sans/GeneralSansRegular.tsx(3265,5): error TS2339: Property 'hkern' does not exist on type 'JSX.IntrinsicElements'.
src/icons/Fonts/general-sans/GeneralSansRegular.tsx(3266,5): error TS2339: Property 'hkern' does not exist on type 'JSX.IntrinsicElements'.
src/icons/Fonts/general-sans/GeneralSansRegular.tsx(3267,5): error TS2339: Property 'hkern' does not exist on type 'JSX.IntrinsicElements'.
src/icons/Fonts/general-sans/GeneralSansRegular.tsx(3268,5): error TS2339: Property 'hkern' does not exist on type 'JSX.IntrinsicElements'.
src/icons/Fonts/general-sans/GeneralSansRegular.tsx(3269,5): error TS2339: Property 'hkern' does not exist on type 'JSX.IntrinsicElements'.
src/icons/Fonts/general-sans/GeneralSansRegular.tsx(3270,5): error TS2339: Property 'hkern' does not exist on type 'JSX.IntrinsicElements'.
src/icons/Fonts/general-sans/GeneralSansRegular.tsx(3271,5): error TS2339: Property 'hkern' does not exist on type 'JSX.IntrinsicElements'.
src/icons/Fonts/general-sans/GeneralSansRegular.tsx(3272,5): error TS2339: Property 'hkern' does not exist on type 'JSX.IntrinsicElements'.
src/icons/Fonts/general-sans/GeneralSansRegular.tsx(3273,5): error TS2339: Property 'hkern' does not exist on type 'JSX.IntrinsicElements'.
src/icons/Fonts/general-sans/GeneralSansRegular.tsx(3274,5): error TS2339: Property 'hkern' does not exist on type 'JSX.IntrinsicElements'.
src/icons/Fonts/general-sans/GeneralSansRegular.tsx(3275,5): error TS2339: Property 'hkern' does not exist on type 'JSX.IntrinsicElements'.
src/icons/Fonts/general-sans/GeneralSansRegular.tsx(3276,5): error TS2339: Property 'hkern' does not exist on type 'JSX.IntrinsicElements'.
src/icons/Fonts/general-sans/GeneralSansRegular.tsx(3277,5): error TS2339: Property 'hkern' does not exist on type 'JSX.IntrinsicElements'.
src/icons/Fonts/general-sans/GeneralSansRegular.tsx(3278,5): error TS2339: Property 'hkern' does not exist on type 'JSX.IntrinsicElements'.
src/icons/Fonts/general-sans/GeneralSansRegular.tsx(3279,5): error TS2339: Property 'hkern' does not exist on type 'JSX.IntrinsicElements'.
src/icons/Fonts/general-sans/GeneralSansRegular.tsx(3280,5): error TS2339: Property 'hkern' does not exist on type 'JSX.IntrinsicElements'.
src/icons/Fonts/general-sans/GeneralSansRegular.tsx(3281,5): error TS2339: Property 'hkern' does not exist on type 'JSX.IntrinsicElements'.
src/icons/Fonts/general-sans/GeneralSansRegular.tsx(3282,5): error TS2339: Property 'hkern' does not exist on type 'JSX.IntrinsicElements'.
src/icons/Fonts/general-sans/GeneralSansRegular.tsx(3283,5): error TS2339: Property 'hkern' does not exist on type 'JSX.IntrinsicElements'.
src/icons/Fonts/general-sans/GeneralSansRegular.tsx(3284,5): error TS2339: Property 'hkern' does not exist on type 'JSX.IntrinsicElements'.
src/icons/Fonts/general-sans/GeneralSansRegular.tsx(3285,5): error TS2339: Property 'hkern' does not exist on type 'JSX.IntrinsicElements'.
src/icons/Fonts/general-sans/GeneralSansRegular.tsx(3286,5): error TS2339: Property 'hkern' does not exist on type 'JSX.IntrinsicElements'.
src/icons/Fonts/general-sans/GeneralSansRegular.tsx(3287,5): error TS2339: Property 'hkern' does not exist on type 'JSX.IntrinsicElements'.
src/icons/Fonts/general-sans/GeneralSansRegular.tsx(3288,5): error TS2339: Property 'hkern' does not exist on type 'JSX.IntrinsicElements'.
src/icons/Fonts/general-sans/GeneralSansRegular.tsx(3289,5): error TS2339: Property 'hkern' does not exist on type 'JSX.IntrinsicElements'.
src/icons/Fonts/general-sans/GeneralSansRegular.tsx(3290,5): error TS2339: Property 'hkern' does not exist on type 'JSX.IntrinsicElements'.
src/icons/Fonts/general-sans/GeneralSansRegular.tsx(3291,5): error TS2339: Property 'hkern' does not exist on type 'JSX.IntrinsicElements'.
src/icons/Fonts/general-sans/GeneralSansRegular.tsx(3292,5): error TS2339: Property 'hkern' does not exist on type 'JSX.IntrinsicElements'.
src/icons/Fonts/general-sans/GeneralSansRegular.tsx(3293,5): error TS2339: Property 'hkern' does not exist on type 'JSX.IntrinsicElements'.
src/icons/Fonts/general-sans/GeneralSansRegular.tsx(3294,5): error TS2339: Property 'hkern' does not exist on type 'JSX.IntrinsicElements'.
src/icons/Fonts/general-sans/GeneralSansRegular.tsx(3295,5): error TS2339: Property 'hkern' does not exist on type 'JSX.IntrinsicElements'.
src/icons/Fonts/general-sans/GeneralSansRegular.tsx(3296,5): error TS2339: Property 'hkern' does not exist on type 'JSX.IntrinsicElements'.
src/icons/Fonts/general-sans/GeneralSansRegular.tsx(3297,5): error TS2339: Property 'hkern' does not exist on type 'JSX.IntrinsicElements'.
src/icons/Fonts/general-sans/GeneralSansRegular.tsx(3298,5): error TS2339: Property 'hkern' does not exist on type 'JSX.IntrinsicElements'.
src/icons/Fonts/general-sans/GeneralSansRegular.tsx(3299,5): error TS2339: Property 'hkern' does not exist on type 'JSX.IntrinsicElements'.
src/icons/Fonts/general-sans/GeneralSansRegular.tsx(3300,5): error TS2339: Property 'hkern' does not exist on type 'JSX.IntrinsicElements'.
src/icons/Fonts/general-sans/GeneralSansRegular.tsx(3301,5): error TS2339: Property 'hkern' does not exist on type 'JSX.IntrinsicElements'.
src/icons/Fonts/general-sans/GeneralSansRegular.tsx(3302,5): error TS2339: Property 'hkern' does not exist on type 'JSX.IntrinsicElements'.
src/icons/Fonts/general-sans/GeneralSansRegular.tsx(3303,5): error TS2339: Property 'hkern' does not exist on type 'JSX.IntrinsicElements'.
src/icons/Fonts/general-sans/GeneralSansRegular.tsx(3304,5): error TS2339: Property 'hkern' does not exist on type 'JSX.IntrinsicElements'.
src/icons/Fonts/general-sans/GeneralSansRegular.tsx(3305,5): error TS2339: Property 'hkern' does not exist on type 'JSX.IntrinsicElements'.
src/icons/Fonts/general-sans/GeneralSansRegular.tsx(3306,5): error TS2339: Property 'hkern' does not exist on type 'JSX.IntrinsicElements'.
src/icons/Fonts/general-sans/GeneralSansRegular.tsx(3307,5): error TS2339: Property 'hkern' does not exist on type 'JSX.IntrinsicElements'.
src/icons/Fonts/general-sans/GeneralSansRegular.tsx(3308,5): error TS2339: Property 'hkern' does not exist on type 'JSX.IntrinsicElements'.
src/icons/Fonts/general-sans/GeneralSansRegular.tsx(3309,5): error TS2339: Property 'hkern' does not exist on type 'JSX.IntrinsicElements'.
src/icons/Fonts/general-sans/GeneralSansRegular.tsx(3310,5): error TS2339: Property 'hkern' does not exist on type 'JSX.IntrinsicElements'.
src/icons/Fonts/general-sans/GeneralSansRegular.tsx(3311,5): error TS2339: Property 'hkern' does not exist on type 'JSX.IntrinsicElements'.
src/icons/Fonts/general-sans/GeneralSansRegular.tsx(3312,5): error TS2339: Property 'hkern' does not exist on type 'JSX.IntrinsicElements'.
src/icons/Fonts/general-sans/GeneralSansRegular.tsx(3313,5): error TS2339: Property 'hkern' does not exist on type 'JSX.IntrinsicElements'.
src/icons/Fonts/general-sans/GeneralSansRegular.tsx(3314,5): error TS2339: Property 'hkern' does not exist on type 'JSX.IntrinsicElements'.
src/icons/Fonts/general-sans/GeneralSansRegular.tsx(3315,5): error TS2339: Property 'hkern' does not exist on type 'JSX.IntrinsicElements'.
src/icons/Fonts/general-sans/GeneralSansRegular.tsx(3316,5): error TS2339: Property 'hkern' does not exist on type 'JSX.IntrinsicElements'.
src/icons/Fonts/general-sans/GeneralSansRegular.tsx(3317,5): error TS2339: Property 'hkern' does not exist on type 'JSX.IntrinsicElements'.
src/icons/Fonts/general-sans/GeneralSansRegular.tsx(3318,5): error TS2339: Property 'hkern' does not exist on type 'JSX.IntrinsicElements'.
src/icons/Fonts/general-sans/GeneralSansRegular.tsx(3319,5): error TS2339: Property 'hkern' does not exist on type 'JSX.IntrinsicElements'.
src/icons/Fonts/general-sans/GeneralSansRegular.tsx(3320,5): error TS2339: Property 'hkern' does not exist on type 'JSX.IntrinsicElements'.
src/icons/Fonts/general-sans/GeneralSansRegular.tsx(3321,5): error TS2339: Property 'hkern' does not exist on type 'JSX.IntrinsicElements'.
src/icons/Fonts/general-sans/GeneralSansRegular.tsx(3322,5): error TS2339: Property 'hkern' does not exist on type 'JSX.IntrinsicElements'.
src/icons/Fonts/general-sans/GeneralSansRegular.tsx(3323,5): error TS2339: Property 'hkern' does not exist on type 'JSX.IntrinsicElements'.
src/icons/Fonts/general-sans/GeneralSansRegular.tsx(3324,5): error TS2339: Property 'hkern' does not exist on type 'JSX.IntrinsicElements'.
src/icons/Fonts/general-sans/GeneralSansRegular.tsx(3325,5): error TS2339: Property 'hkern' does not exist on type 'JSX.IntrinsicElements'.
src/icons/Fonts/general-sans/GeneralSansRegular.tsx(3326,5): error TS2339: Property 'hkern' does not exist on type 'JSX.IntrinsicElements'.
src/icons/Fonts/general-sans/GeneralSansRegular.tsx(3327,5): error TS2339: Property 'hkern' does not exist on type 'JSX.IntrinsicElements'.
src/icons/Fonts/general-sans/GeneralSansRegular.tsx(3328,5): error TS2339: Property 'hkern' does not exist on type 'JSX.IntrinsicElements'.
src/icons/Fonts/general-sans/GeneralSansRegular.tsx(3329,5): error TS2339: Property 'hkern' does not exist on type 'JSX.IntrinsicElements'.
src/icons/Fonts/general-sans/GeneralSansRegular.tsx(3330,5): error TS2339: Property 'hkern' does not exist on type 'JSX.IntrinsicElements'.
src/icons/Fonts/general-sans/GeneralSansRegular.tsx(3331,5): error TS2339: Property 'hkern' does not exist on type 'JSX.IntrinsicElements'.
src/icons/Fonts/general-sans/GeneralSansRegular.tsx(3332,5): error TS2339: Property 'hkern' does not exist on type 'JSX.IntrinsicElements'.
src/icons/Fonts/general-sans/GeneralSansRegular.tsx(3333,5): error TS2339: Property 'hkern' does not exist on type 'JSX.IntrinsicElements'.
src/icons/Fonts/general-sans/GeneralSansRegular.tsx(3334,5): error TS2339: Property 'hkern' does not exist on type 'JSX.IntrinsicElements'.
src/icons/Fonts/general-sans/GeneralSansRegular.tsx(3335,5): error TS2339: Property 'hkern' does not exist on type 'JSX.IntrinsicElements'.
src/icons/Fonts/general-sans/GeneralSansRegular.tsx(3336,5): error TS2339: Property 'hkern' does not exist on type 'JSX.IntrinsicElements'.
src/icons/Fonts/general-sans/GeneralSansRegular.tsx(3337,5): error TS2339: Property 'hkern' does not exist on type 'JSX.IntrinsicElements'.
src/icons/Fonts/general-sans/GeneralSansRegular.tsx(3338,5): error TS2339: Property 'hkern' does not exist on type 'JSX.IntrinsicElements'.
src/icons/Fonts/general-sans/GeneralSansRegular.tsx(3339,5): error TS2339: Property 'hkern' does not exist on type 'JSX.IntrinsicElements'.
src/icons/Fonts/general-sans/GeneralSansRegular.tsx(3340,5): error TS2339: Property 'hkern' does not exist on type 'JSX.IntrinsicElements'.
src/icons/Fonts/general-sans/GeneralSansRegular.tsx(3341,5): error TS2339: Property 'hkern' does not exist on type 'JSX.IntrinsicElements'.
src/icons/Fonts/general-sans/GeneralSansRegular.tsx(3342,5): error TS2339: Property 'hkern' does not exist on type 'JSX.IntrinsicElements'.
src/icons/Fonts/general-sans/GeneralSansRegular.tsx(3343,5): error TS2339: Property 'hkern' does not exist on type 'JSX.IntrinsicElements'.
src/icons/Fonts/general-sans/GeneralSansRegular.tsx(3344,5): error TS2339: Property 'hkern' does not exist on type 'JSX.IntrinsicElements'.
src/icons/Fonts/general-sans/GeneralSansRegular.tsx(3345,5): error TS2339: Property 'hkern' does not exist on type 'JSX.IntrinsicElements'.
src/icons/Fonts/general-sans/GeneralSansRegular.tsx(3346,5): error TS2339: Property 'hkern' does not exist on type 'JSX.IntrinsicElements'.
src/icons/Fonts/general-sans/GeneralSansRegular.tsx(3347,5): error TS2339: Property 'hkern' does not exist on type 'JSX.IntrinsicElements'.
src/icons/Fonts/general-sans/GeneralSansRegular.tsx(3348,5): error TS2339: Property 'hkern' does not exist on type 'JSX.IntrinsicElements'.
src/icons/Fonts/general-sans/GeneralSansRegular.tsx(3349,5): error TS2339: Property 'hkern' does not exist on type 'JSX.IntrinsicElements'.
src/icons/Fonts/general-sans/GeneralSansRegular.tsx(3350,5): error TS2339: Property 'hkern' does not exist on type 'JSX.IntrinsicElements'.
src/icons/Fonts/general-sans/GeneralSansRegular.tsx(3351,5): error TS2339: Property 'hkern' does not exist on type 'JSX.IntrinsicElements'.
src/icons/Fonts/general-sans/GeneralSansRegular.tsx(3352,5): error TS2339: Property 'hkern' does not exist on type 'JSX.IntrinsicElements'.
src/icons/Fonts/general-sans/GeneralSansRegular.tsx(3353,5): error TS2339: Property 'hkern' does not exist on type 'JSX.IntrinsicElements'.
src/icons/Fonts/general-sans/GeneralSansRegular.tsx(3354,5): error TS2339: Property 'hkern' does not exist on type 'JSX.IntrinsicElements'.
src/icons/Fonts/general-sans/GeneralSansRegular.tsx(3355,5): error TS2339: Property 'hkern' does not exist on type 'JSX.IntrinsicElements'.
src/icons/Fonts/general-sans/GeneralSansRegular.tsx(3356,5): error TS2339: Property 'hkern' does not exist on type 'JSX.IntrinsicElements'.
src/icons/Fonts/general-sans/GeneralSansRegular.tsx(3357,5): error TS2339: Property 'hkern' does not exist on type 'JSX.IntrinsicElements'.
src/icons/Fonts/general-sans/GeneralSansRegular.tsx(3358,5): error TS2339: Property 'hkern' does not exist on type 'JSX.IntrinsicElements'.
src/icons/Fonts/general-sans/GeneralSansRegular.tsx(3359,5): error TS2339: Property 'hkern' does not exist on type 'JSX.IntrinsicElements'.
src/icons/Fonts/general-sans/GeneralSansRegular.tsx(3360,5): error TS2339: Property 'hkern' does not exist on type 'JSX.IntrinsicElements'.
src/icons/Fonts/general-sans/GeneralSansRegular.tsx(3361,5): error TS2339: Property 'hkern' does not exist on type 'JSX.IntrinsicElements'.
src/icons/Fonts/general-sans/GeneralSansRegular.tsx(3362,5): error TS2339: Property 'hkern' does not exist on type 'JSX.IntrinsicElements'.
src/icons/Fonts/general-sans/GeneralSansRegular.tsx(3363,5): error TS2339: Property 'hkern' does not exist on type 'JSX.IntrinsicElements'.
src/icons/Fonts/general-sans/GeneralSansRegular.tsx(3364,5): error TS2339: Property 'hkern' does not exist on type 'JSX.IntrinsicElements'.
src/icons/Fonts/general-sans/GeneralSansRegular.tsx(3365,5): error TS2339: Property 'hkern' does not exist on type 'JSX.IntrinsicElements'.
src/icons/Fonts/general-sans/GeneralSansRegular.tsx(3366,5): error TS2339: Property 'hkern' does not exist on type 'JSX.IntrinsicElements'.
src/icons/Fonts/general-sans/GeneralSansRegular.tsx(3367,5): error TS2339: Property 'hkern' does not exist on type 'JSX.IntrinsicElements'.
src/icons/Fonts/general-sans/GeneralSansRegular.tsx(3368,5): error TS2339: Property 'hkern' does not exist on type 'JSX.IntrinsicElements'.
src/icons/Fonts/general-sans/GeneralSansRegular.tsx(3369,5): error TS2339: Property 'hkern' does not exist on type 'JSX.IntrinsicElements'.
src/icons/Fonts/general-sans/GeneralSansRegular.tsx(3370,5): error TS2339: Property 'hkern' does not exist on type 'JSX.IntrinsicElements'.
src/icons/Fonts/general-sans/GeneralSansRegular.tsx(3371,5): error TS2339: Property 'hkern' does not exist on type 'JSX.IntrinsicElements'.
src/icons/Fonts/general-sans/GeneralSansRegular.tsx(3372,5): error TS2339: Property 'hkern' does not exist on type 'JSX.IntrinsicElements'.
src/icons/Fonts/general-sans/GeneralSansRegular.tsx(3373,5): error TS2339: Property 'hkern' does not exist on type 'JSX.IntrinsicElements'.
src/icons/Fonts/general-sans/GeneralSansRegular.tsx(3374,5): error TS2339: Property 'hkern' does not exist on type 'JSX.IntrinsicElements'.
src/icons/Fonts/general-sans/GeneralSansRegular.tsx(3375,5): error TS2339: Property 'hkern' does not exist on type 'JSX.IntrinsicElements'.
src/icons/Fonts/general-sans/GeneralSansRegular.tsx(3376,5): error TS2339: Property 'hkern' does not exist on type 'JSX.IntrinsicElements'.
src/icons/Fonts/general-sans/GeneralSansRegular.tsx(3377,5): error TS2339: Property 'hkern' does not exist on type 'JSX.IntrinsicElements'.
src/icons/Fonts/general-sans/GeneralSansRegular.tsx(3378,5): error TS2339: Property 'hkern' does not exist on type 'JSX.IntrinsicElements'.
src/icons/Fonts/general-sans/GeneralSansRegular.tsx(3379,5): error TS2339: Property 'hkern' does not exist on type 'JSX.IntrinsicElements'.
src/icons/Fonts/general-sans/GeneralSansRegular.tsx(3380,5): error TS2339: Property 'hkern' does not exist on type 'JSX.IntrinsicElements'.
src/icons/Fonts/general-sans/GeneralSansRegular.tsx(3381,5): error TS2339: Property 'hkern' does not exist on type 'JSX.IntrinsicElements'.
src/icons/Fonts/general-sans/GeneralSansRegular.tsx(3382,5): error TS2339: Property 'hkern' does not exist on type 'JSX.IntrinsicElements'.
src/icons/Fonts/general-sans/GeneralSansRegular.tsx(3383,5): error TS2339: Property 'hkern' does not exist on type 'JSX.IntrinsicElements'.
src/icons/Fonts/general-sans/GeneralSansRegular.tsx(3384,5): error TS2339: Property 'hkern' does not exist on type 'JSX.IntrinsicElements'.
src/icons/Fonts/general-sans/GeneralSansRegular.tsx(3385,5): error TS2339: Property 'hkern' does not exist on type 'JSX.IntrinsicElements'.
src/icons/Fonts/general-sans/GeneralSansRegular.tsx(3386,5): error TS2339: Property 'hkern' does not exist on type 'JSX.IntrinsicElements'.
src/icons/Fonts/general-sans/GeneralSansRegular.tsx(3387,5): error TS2339: Property 'hkern' does not exist on type 'JSX.IntrinsicElements'.
src/icons/Fonts/general-sans/GeneralSansRegular.tsx(3388,5): error TS2339: Property 'hkern' does not exist on type 'JSX.IntrinsicElements'.
src/icons/Fonts/general-sans/GeneralSansRegular.tsx(3389,5): error TS2339: Property 'hkern' does not exist on type 'JSX.IntrinsicElements'.
src/icons/Fonts/general-sans/GeneralSansRegular.tsx(3390,5): error TS2339: Property 'hkern' does not exist on type 'JSX.IntrinsicElements'.
src/icons/Fonts/general-sans/GeneralSansRegular.tsx(3391,5): error TS2339: Property 'hkern' does not exist on type 'JSX.IntrinsicElements'.
src/icons/Fonts/general-sans/GeneralSansRegular.tsx(3392,5): error TS2339: Property 'hkern' does not exist on type 'JSX.IntrinsicElements'.
src/icons/Fonts/general-sans/GeneralSansRegular.tsx(3393,5): error TS2339: Property 'hkern' does not exist on type 'JSX.IntrinsicElements'.
src/icons/Fonts/general-sans/GeneralSansRegular.tsx(3394,5): error TS2339: Property 'hkern' does not exist on type 'JSX.IntrinsicElements'.
src/icons/Fonts/general-sans/GeneralSansRegular.tsx(3395,5): error TS2339: Property 'hkern' does not exist on type 'JSX.IntrinsicElements'.
src/icons/Fonts/general-sans/GeneralSansRegular.tsx(3396,5): error TS2339: Property 'hkern' does not exist on type 'JSX.IntrinsicElements'.
src/icons/Fonts/general-sans/GeneralSansRegular.tsx(3397,5): error TS2339: Property 'hkern' does not exist on type 'JSX.IntrinsicElements'.
src/icons/Fonts/general-sans/GeneralSansRegular.tsx(3398,5): error TS2339: Property 'hkern' does not exist on type 'JSX.IntrinsicElements'.
src/icons/Fonts/general-sans/GeneralSansRegular.tsx(3399,5): error TS2339: Property 'hkern' does not exist on type 'JSX.IntrinsicElements'.
src/icons/Fonts/general-sans/GeneralSansRegular.tsx(3400,5): error TS2339: Property 'hkern' does not exist on type 'JSX.IntrinsicElements'.
src/icons/Fonts/general-sans/GeneralSansRegular.tsx(3401,5): error TS2339: Property 'hkern' does not exist on type 'JSX.IntrinsicElements'.
src/icons/Fonts/general-sans/GeneralSansRegular.tsx(3402,5): error TS2339: Property 'hkern' does not exist on type 'JSX.IntrinsicElements'.
src/icons/Fonts/general-sans/GeneralSansRegular.tsx(3403,5): error TS2339: Property 'hkern' does not exist on type 'JSX.IntrinsicElements'.
src/icons/Fonts/general-sans/GeneralSansRegular.tsx(3404,5): error TS2339: Property 'hkern' does not exist on type 'JSX.IntrinsicElements'.
src/icons/Fonts/general-sans/GeneralSansRegular.tsx(3405,5): error TS2339: Property 'hkern' does not exist on type 'JSX.IntrinsicElements'.
src/icons/Fonts/general-sans/GeneralSansRegular.tsx(3406,5): error TS2339: Property 'hkern' does not exist on type 'JSX.IntrinsicElements'.
src/icons/Fonts/general-sans/GeneralSansRegular.tsx(3407,5): error TS2339: Property 'hkern' does not exist on type 'JSX.IntrinsicElements'.
src/icons/Fonts/general-sans/GeneralSansRegular.tsx(3408,5): error TS2339: Property 'hkern' does not exist on type 'JSX.IntrinsicElements'.
src/icons/Fonts/general-sans/GeneralSansRegular.tsx(3409,5): error TS2339: Property 'hkern' does not exist on type 'JSX.IntrinsicElements'.
src/icons/Fonts/general-sans/GeneralSansRegular.tsx(3410,5): error TS2339: Property 'hkern' does not exist on type 'JSX.IntrinsicElements'.
src/icons/Fonts/general-sans/GeneralSansRegular.tsx(3411,5): error TS2339: Property 'hkern' does not exist on type 'JSX.IntrinsicElements'.
src/icons/Fonts/general-sans/GeneralSansRegular.tsx(3412,5): error TS2339: Property 'hkern' does not exist on type 'JSX.IntrinsicElements'.
src/icons/Fonts/general-sans/GeneralSansRegular.tsx(3413,5): error TS2339: Property 'hkern' does not exist on type 'JSX.IntrinsicElements'.
src/icons/Fonts/general-sans/GeneralSansRegular.tsx(3414,5): error TS2339: Property 'hkern' does not exist on type 'JSX.IntrinsicElements'.
src/icons/Fonts/general-sans/GeneralSansRegular.tsx(3415,5): error TS2339: Property 'hkern' does not exist on type 'JSX.IntrinsicElements'.
src/icons/Fonts/general-sans/GeneralSansRegular.tsx(3416,5): error TS2339: Property 'hkern' does not exist on type 'JSX.IntrinsicElements'.
src/icons/Fonts/general-sans/GeneralSansRegular.tsx(3417,5): error TS2339: Property 'hkern' does not exist on type 'JSX.IntrinsicElements'.
src/icons/Fonts/general-sans/GeneralSansRegular.tsx(3418,5): error TS2339: Property 'hkern' does not exist on type 'JSX.IntrinsicElements'.
src/icons/Fonts/general-sans/GeneralSansRegular.tsx(3419,5): error TS2339: Property 'hkern' does not exist on type 'JSX.IntrinsicElements'.
src/icons/Fonts/general-sans/GeneralSansRegular.tsx(3420,5): error TS2339: Property 'hkern' does not exist on type 'JSX.IntrinsicElements'.
src/icons/Fonts/general-sans/GeneralSansRegular.tsx(3421,5): error TS2339: Property 'hkern' does not exist on type 'JSX.IntrinsicElements'.
src/icons/Fonts/general-sans/GeneralSansRegular.tsx(3422,5): error TS2339: Property 'hkern' does not exist on type 'JSX.IntrinsicElements'.
src/icons/Fonts/general-sans/GeneralSansRegular.tsx(3423,5): error TS2339: Property 'hkern' does not exist on type 'JSX.IntrinsicElements'.
src/icons/Fonts/general-sans/GeneralSansRegular.tsx(3424,5): error TS2339: Property 'hkern' does not exist on type 'JSX.IntrinsicElements'.
src/icons/Fonts/general-sans/GeneralSansRegular.tsx(3425,5): error TS2339: Property 'hkern' does not exist on type 'JSX.IntrinsicElements'.
src/icons/Fonts/general-sans/GeneralSansRegular.tsx(3426,5): error TS2339: Property 'hkern' does not exist on type 'JSX.IntrinsicElements'.
src/icons/Fonts/general-sans/GeneralSansRegular.tsx(3427,5): error TS2339: Property 'hkern' does not exist on type 'JSX.IntrinsicElements'.
src/icons/Fonts/general-sans/GeneralSansRegular.tsx(3428,5): error TS2339: Property 'hkern' does not exist on type 'JSX.IntrinsicElements'.
src/icons/Fonts/general-sans/GeneralSansRegular.tsx(3429,5): error TS2339: Property 'hkern' does not exist on type 'JSX.IntrinsicElements'.
src/icons/Fonts/general-sans/GeneralSansRegular.tsx(3430,5): error TS2339: Property 'hkern' does not exist on type 'JSX.IntrinsicElements'.
src/icons/Fonts/general-sans/GeneralSansRegular.tsx(3431,5): error TS2339: Property 'hkern' does not exist on type 'JSX.IntrinsicElements'.
src/icons/Fonts/general-sans/GeneralSansRegular.tsx(3432,5): error TS2339: Property 'hkern' does not exist on type 'JSX.IntrinsicElements'.
src/icons/Fonts/general-sans/GeneralSansRegular.tsx(3433,5): error TS2339: Property 'hkern' does not exist on type 'JSX.IntrinsicElements'.
src/icons/Fonts/general-sans/GeneralSansRegular.tsx(3434,5): error TS2339: Property 'hkern' does not exist on type 'JSX.IntrinsicElements'.
src/icons/Fonts/general-sans/GeneralSansRegular.tsx(3435,5): error TS2339: Property 'hkern' does not exist on type 'JSX.IntrinsicElements'.
src/icons/Fonts/general-sans/GeneralSansRegular.tsx(3436,5): error TS2339: Property 'hkern' does not exist on type 'JSX.IntrinsicElements'.
src/icons/Fonts/general-sans/GeneralSansRegular.tsx(3437,5): error TS2339: Property 'hkern' does not exist on type 'JSX.IntrinsicElements'.
src/icons/Fonts/general-sans/GeneralSansRegular.tsx(3438,5): error TS2339: Property 'hkern' does not exist on type 'JSX.IntrinsicElements'.
src/icons/Fonts/general-sans/GeneralSansRegular.tsx(3439,5): error TS2339: Property 'hkern' does not exist on type 'JSX.IntrinsicElements'.
src/icons/Fonts/general-sans/GeneralSansRegular.tsx(3440,5): error TS2339: Property 'hkern' does not exist on type 'JSX.IntrinsicElements'.
src/icons/Fonts/general-sans/GeneralSansRegular.tsx(3441,5): error TS2339: Property 'hkern' does not exist on type 'JSX.IntrinsicElements'.
src/icons/Fonts/general-sans/GeneralSansRegular.tsx(3442,5): error TS2339: Property 'hkern' does not exist on type 'JSX.IntrinsicElements'.
src/icons/Fonts/general-sans/GeneralSansRegular.tsx(3443,5): error TS2339: Property 'hkern' does not exist on type 'JSX.IntrinsicElements'.
src/icons/Fonts/general-sans/GeneralSansRegular.tsx(3444,5): error TS2339: Property 'hkern' does not exist on type 'JSX.IntrinsicElements'.
src/icons/Fonts/general-sans/GeneralSansRegular.tsx(3445,5): error TS2339: Property 'hkern' does not exist on type 'JSX.IntrinsicElements'.
src/icons/Fonts/general-sans/GeneralSansRegular.tsx(3446,5): error TS2339: Property 'hkern' does not exist on type 'JSX.IntrinsicElements'.
src/icons/Fonts/general-sans/GeneralSansRegular.tsx(3447,5): error TS2339: Property 'hkern' does not exist on type 'JSX.IntrinsicElements'.
src/icons/Fonts/general-sans/GeneralSansRegular.tsx(3448,5): error TS2339: Property 'hkern' does not exist on type 'JSX.IntrinsicElements'.
src/icons/Fonts/general-sans/GeneralSansRegular.tsx(3449,5): error TS2339: Property 'hkern' does not exist on type 'JSX.IntrinsicElements'.
src/icons/Fonts/general-sans/GeneralSansRegular.tsx(3450,5): error TS2339: Property 'hkern' does not exist on type 'JSX.IntrinsicElements'.
src/icons/Fonts/general-sans/GeneralSansRegular.tsx(3451,5): error TS2339: Property 'hkern' does not exist on type 'JSX.IntrinsicElements'.
src/icons/Fonts/general-sans/GeneralSansRegular.tsx(3452,5): error TS2339: Property 'hkern' does not exist on type 'JSX.IntrinsicElements'.
src/icons/Fonts/general-sans/GeneralSansRegular.tsx(3453,5): error TS2339: Property 'hkern' does not exist on type 'JSX.IntrinsicElements'.
src/icons/Fonts/general-sans/GeneralSansRegular.tsx(3454,5): error TS2339: Property 'hkern' does not exist on type 'JSX.IntrinsicElements'.
src/icons/Fonts/general-sans/GeneralSansRegular.tsx(3455,5): error TS2339: Property 'hkern' does not exist on type 'JSX.IntrinsicElements'.
src/icons/Fonts/general-sans/GeneralSansRegular.tsx(3456,5): error TS2339: Property 'hkern' does not exist on type 'JSX.IntrinsicElements'.
src/icons/Fonts/general-sans/GeneralSansRegular.tsx(3457,5): error TS2339: Property 'hkern' does not exist on type 'JSX.IntrinsicElements'.
src/icons/Fonts/general-sans/GeneralSansRegular.tsx(3458,5): error TS2339: Property 'hkern' does not exist on type 'JSX.IntrinsicElements'.
src/icons/Fonts/general-sans/GeneralSansRegular.tsx(3459,5): error TS2339: Property 'hkern' does not exist on type 'JSX.IntrinsicElements'.
src/icons/Fonts/general-sans/GeneralSansRegular.tsx(3460,5): error TS2339: Property 'hkern' does not exist on type 'JSX.IntrinsicElements'.
src/icons/Fonts/general-sans/GeneralSansRegular.tsx(3461,5): error TS2339: Property 'hkern' does not exist on type 'JSX.IntrinsicElements'.
src/icons/Fonts/general-sans/GeneralSansRegular.tsx(3462,5): error TS2339: Property 'hkern' does not exist on type 'JSX.IntrinsicElements'.
src/icons/Fonts/general-sans/GeneralSansRegular.tsx(3463,5): error TS2339: Property 'hkern' does not exist on type 'JSX.IntrinsicElements'.
src/icons/Fonts/general-sans/GeneralSansRegular.tsx(3464,5): error TS2339: Property 'hkern' does not exist on type 'JSX.IntrinsicElements'.
src/icons/Fonts/general-sans/GeneralSansRegular.tsx(3465,5): error TS2339: Property 'hkern' does not exist on type 'JSX.IntrinsicElements'.
src/icons/Fonts/general-sans/GeneralSansRegular.tsx(3466,5): error TS2339: Property 'hkern' does not exist on type 'JSX.IntrinsicElements'.
src/icons/Fonts/general-sans/GeneralSansRegular.tsx(3467,5): error TS2339: Property 'hkern' does not exist on type 'JSX.IntrinsicElements'.
src/icons/Fonts/general-sans/GeneralSansRegular.tsx(3468,5): error TS2339: Property 'hkern' does not exist on type 'JSX.IntrinsicElements'.
src/icons/Fonts/general-sans/GeneralSansRegular.tsx(3469,5): error TS2339: Property 'hkern' does not exist on type 'JSX.IntrinsicElements'.
src/icons/Fonts/general-sans/GeneralSansRegular.tsx(3470,5): error TS2339: Property 'hkern' does not exist on type 'JSX.IntrinsicElements'.
src/icons/Fonts/general-sans/GeneralSansRegular.tsx(3471,5): error TS2339: Property 'hkern' does not exist on type 'JSX.IntrinsicElements'.
src/icons/Fonts/general-sans/GeneralSansRegular.tsx(3472,5): error TS2339: Property 'hkern' does not exist on type 'JSX.IntrinsicElements'.
src/icons/Fonts/general-sans/GeneralSansRegular.tsx(3473,5): error TS2339: Property 'hkern' does not exist on type 'JSX.IntrinsicElements'.
src/icons/Fonts/general-sans/GeneralSansRegular.tsx(3474,5): error TS2339: Property 'hkern' does not exist on type 'JSX.IntrinsicElements'.
src/icons/Fonts/general-sans/GeneralSansRegular.tsx(3475,5): error TS2339: Property 'hkern' does not exist on type 'JSX.IntrinsicElements'.
src/icons/Fonts/general-sans/GeneralSansRegular.tsx(3476,5): error TS2339: Property 'hkern' does not exist on type 'JSX.IntrinsicElements'.
src/icons/Fonts/general-sans/GeneralSansRegular.tsx(3477,5): error TS2339: Property 'hkern' does not exist on type 'JSX.IntrinsicElements'.
src/icons/Fonts/general-sans/GeneralSansRegular.tsx(3478,5): error TS2339: Property 'hkern' does not exist on type 'JSX.IntrinsicElements'.
src/icons/Fonts/general-sans/GeneralSansRegular.tsx(3479,5): error TS2339: Property 'hkern' does not exist on type 'JSX.IntrinsicElements'.
src/icons/Fonts/general-sans/GeneralSansRegular.tsx(3480,5): error TS2339: Property 'hkern' does not exist on type 'JSX.IntrinsicElements'.
src/icons/Fonts/general-sans/GeneralSansRegular.tsx(3481,5): error TS2339: Property 'hkern' does not exist on type 'JSX.IntrinsicElements'.
src/icons/Fonts/general-sans/GeneralSansRegular.tsx(3482,5): error TS2339: Property 'hkern' does not exist on type 'JSX.IntrinsicElements'.
src/icons/Fonts/general-sans/GeneralSansRegular.tsx(3483,5): error TS2339: Property 'hkern' does not exist on type 'JSX.IntrinsicElements'.
src/icons/Fonts/general-sans/GeneralSansRegular.tsx(3484,5): error TS2339: Property 'hkern' does not exist on type 'JSX.IntrinsicElements'.
src/icons/Fonts/general-sans/GeneralSansRegular.tsx(3485,5): error TS2339: Property 'hkern' does not exist on type 'JSX.IntrinsicElements'.
src/icons/Fonts/general-sans/GeneralSansRegular.tsx(3486,5): error TS2339: Property 'hkern' does not exist on type 'JSX.IntrinsicElements'.
src/icons/Fonts/general-sans/GeneralSansRegular.tsx(3487,5): error TS2339: Property 'hkern' does not exist on type 'JSX.IntrinsicElements'.
src/icons/Fonts/general-sans/GeneralSansRegular.tsx(3488,5): error TS2339: Property 'hkern' does not exist on type 'JSX.IntrinsicElements'.
src/icons/Fonts/general-sans/GeneralSansRegular.tsx(3489,5): error TS2339: Property 'hkern' does not exist on type 'JSX.IntrinsicElements'.
src/icons/Fonts/general-sans/GeneralSansRegular.tsx(3490,5): error TS2339: Property 'hkern' does not exist on type 'JSX.IntrinsicElements'.
src/icons/Fonts/general-sans/GeneralSansRegular.tsx(3491,5): error TS2339: Property 'hkern' does not exist on type 'JSX.IntrinsicElements'.
src/icons/Fonts/general-sans/GeneralSansRegular.tsx(3492,5): error TS2339: Property 'hkern' does not exist on type 'JSX.IntrinsicElements'.
src/icons/Fonts/general-sans/GeneralSansRegular.tsx(3493,5): error TS2339: Property 'hkern' does not exist on type 'JSX.IntrinsicElements'.
src/icons/Fonts/general-sans/GeneralSansRegular.tsx(3494,5): error TS2339: Property 'hkern' does not exist on type 'JSX.IntrinsicElements'.
src/icons/Fonts/general-sans/GeneralSansRegular.tsx(3495,5): error TS2339: Property 'hkern' does not exist on type 'JSX.IntrinsicElements'.
src/icons/Fonts/general-sans/GeneralSansRegular.tsx(3496,5): error TS2339: Property 'hkern' does not exist on type 'JSX.IntrinsicElements'.
src/icons/Fonts/general-sans/GeneralSansRegular.tsx(3497,5): error TS2339: Property 'hkern' does not exist on type 'JSX.IntrinsicElements'.
src/icons/Fonts/general-sans/GeneralSansRegular.tsx(3498,5): error TS2339: Property 'hkern' does not exist on type 'JSX.IntrinsicElements'.
src/icons/Fonts/general-sans/GeneralSansRegular.tsx(3499,5): error TS2339: Property 'hkern' does not exist on type 'JSX.IntrinsicElements'.
src/icons/Fonts/general-sans/GeneralSansRegular.tsx(3500,5): error TS2339: Property 'hkern' does not exist on type 'JSX.IntrinsicElements'.
src/icons/Fonts/general-sans/GeneralSansRegular.tsx(3501,5): error TS2339: Property 'hkern' does not exist on type 'JSX.IntrinsicElements'.
src/icons/Fonts/general-sans/GeneralSansRegular.tsx(3502,5): error TS2339: Property 'hkern' does not exist on type 'JSX.IntrinsicElements'.
src/icons/Fonts/general-sans/GeneralSansRegular.tsx(3503,5): error TS2339: Property 'hkern' does not exist on type 'JSX.IntrinsicElements'.
src/icons/Fonts/general-sans/GeneralSansRegular.tsx(3504,5): error TS2339: Property 'hkern' does not exist on type 'JSX.IntrinsicElements'.
src/icons/Fonts/general-sans/GeneralSansRegular.tsx(3505,5): error TS2339: Property 'hkern' does not exist on type 'JSX.IntrinsicElements'.
src/icons/Fonts/general-sans/GeneralSansRegular.tsx(3506,5): error TS2339: Property 'hkern' does not exist on type 'JSX.IntrinsicElements'.
src/icons/Fonts/general-sans/GeneralSansRegular.tsx(3507,5): error TS2339: Property 'hkern' does not exist on type 'JSX.IntrinsicElements'.
src/icons/Fonts/general-sans/GeneralSansRegular.tsx(3508,5): error TS2339: Property 'hkern' does not exist on type 'JSX.IntrinsicElements'.
src/icons/Fonts/general-sans/GeneralSansRegular.tsx(3509,5): error TS2339: Property 'hkern' does not exist on type 'JSX.IntrinsicElements'.
src/icons/Fonts/general-sans/GeneralSansRegular.tsx(3510,5): error TS2339: Property 'hkern' does not exist on type 'JSX.IntrinsicElements'.
src/icons/Fonts/general-sans/GeneralSansRegular.tsx(3511,5): error TS2339: Property 'hkern' does not exist on type 'JSX.IntrinsicElements'.
src/icons/Fonts/general-sans/GeneralSansRegular.tsx(3512,5): error TS2339: Property 'hkern' does not exist on type 'JSX.IntrinsicElements'.
src/icons/Fonts/general-sans/GeneralSansRegular.tsx(3513,5): error TS2339: Property 'hkern' does not exist on type 'JSX.IntrinsicElements'.
src/icons/Fonts/general-sans/GeneralSansRegular.tsx(3514,5): error TS2339: Property 'hkern' does not exist on type 'JSX.IntrinsicElements'.
src/icons/Fonts/general-sans/GeneralSansRegular.tsx(3515,5): error TS2339: Property 'hkern' does not exist on type 'JSX.IntrinsicElements'.
src/icons/Fonts/general-sans/GeneralSansRegular.tsx(3516,5): error TS2339: Property 'hkern' does not exist on type 'JSX.IntrinsicElements'.
src/icons/Fonts/general-sans/GeneralSansRegular.tsx(3517,5): error TS2339: Property 'hkern' does not exist on type 'JSX.IntrinsicElements'.
src/icons/Fonts/general-sans/GeneralSansRegular.tsx(3518,5): error TS2339: Property 'hkern' does not exist on type 'JSX.IntrinsicElements'.
src/icons/Fonts/general-sans/GeneralSansRegular.tsx(3519,5): error TS2339: Property 'hkern' does not exist on type 'JSX.IntrinsicElements'.
src/icons/Fonts/general-sans/GeneralSansRegular.tsx(3520,5): error TS2339: Property 'hkern' does not exist on type 'JSX.IntrinsicElements'.
src/icons/Fonts/general-sans/GeneralSansRegular.tsx(3521,5): error TS2339: Property 'hkern' does not exist on type 'JSX.IntrinsicElements'.
src/icons/Fonts/general-sans/GeneralSansRegular.tsx(3522,5): error TS2339: Property 'hkern' does not exist on type 'JSX.IntrinsicElements'.
src/icons/Fonts/general-sans/GeneralSansRegular.tsx(3523,5): error TS2339: Property 'hkern' does not exist on type 'JSX.IntrinsicElements'.
src/icons/Fonts/general-sans/GeneralSansRegular.tsx(3524,5): error TS2339: Property 'hkern' does not exist on type 'JSX.IntrinsicElements'.
src/icons/Fonts/general-sans/GeneralSansRegular.tsx(3525,5): error TS2339: Property 'hkern' does not exist on type 'JSX.IntrinsicElements'.
src/icons/Fonts/general-sans/GeneralSansRegular.tsx(3526,5): error TS2339: Property 'hkern' does not exist on type 'JSX.IntrinsicElements'.
src/icons/Fonts/general-sans/GeneralSansRegular.tsx(3527,5): error TS2339: Property 'hkern' does not exist on type 'JSX.IntrinsicElements'.
src/icons/Fonts/general-sans/GeneralSansRegular.tsx(3528,5): error TS2339: Property 'hkern' does not exist on type 'JSX.IntrinsicElements'.
src/icons/Fonts/general-sans/GeneralSansRegular.tsx(3529,5): error TS2339: Property 'hkern' does not exist on type 'JSX.IntrinsicElements'.
src/icons/Fonts/general-sans/GeneralSansRegular.tsx(3530,5): error TS2339: Property 'hkern' does not exist on type 'JSX.IntrinsicElements'.
src/icons/Fonts/general-sans/GeneralSansRegular.tsx(3531,5): error TS2339: Property 'hkern' does not exist on type 'JSX.IntrinsicElements'.
src/icons/Fonts/general-sans/GeneralSansRegular.tsx(3532,5): error TS2339: Property 'hkern' does not exist on type 'JSX.IntrinsicElements'.
src/icons/Fonts/general-sans/GeneralSansRegular.tsx(3533,5): error TS2339: Property 'hkern' does not exist on type 'JSX.IntrinsicElements'.
src/icons/Fonts/general-sans/GeneralSansRegular.tsx(3534,5): error TS2339: Property 'hkern' does not exist on type 'JSX.IntrinsicElements'.
src/icons/Fonts/general-sans/GeneralSansRegular.tsx(3535,5): error TS2339: Property 'hkern' does not exist on type 'JSX.IntrinsicElements'.
src/icons/Fonts/general-sans/GeneralSansRegular.tsx(3536,5): error TS2339: Property 'hkern' does not exist on type 'JSX.IntrinsicElements'.
src/icons/Fonts/general-sans/GeneralSansRegular.tsx(3537,5): error TS2339: Property 'hkern' does not exist on type 'JSX.IntrinsicElements'.
src/icons/Fonts/general-sans/GeneralSansRegular.tsx(3538,5): error TS2339: Property 'hkern' does not exist on type 'JSX.IntrinsicElements'.
src/icons/Fonts/general-sans/GeneralSansRegular.tsx(3539,5): error TS2339: Property 'hkern' does not exist on type 'JSX.IntrinsicElements'.
src/icons/Fonts/general-sans/GeneralSansRegular.tsx(3540,5): error TS2339: Property 'hkern' does not exist on type 'JSX.IntrinsicElements'.
src/icons/Fonts/general-sans/GeneralSansRegular.tsx(3541,5): error TS2339: Property 'hkern' does not exist on type 'JSX.IntrinsicElements'.
src/icons/Fonts/general-sans/GeneralSansRegular.tsx(3542,5): error TS2339: Property 'hkern' does not exist on type 'JSX.IntrinsicElements'.
src/icons/Fonts/general-sans/GeneralSansRegular.tsx(3543,5): error TS2339: Property 'hkern' does not exist on type 'JSX.IntrinsicElements'.
src/icons/Fonts/general-sans/GeneralSansRegular.tsx(3544,5): error TS2339: Property 'hkern' does not exist on type 'JSX.IntrinsicElements'.
src/icons/Fonts/general-sans/GeneralSansRegular.tsx(3545,5): error TS2339: Property 'hkern' does not exist on type 'JSX.IntrinsicElements'.
src/icons/Fonts/general-sans/GeneralSansRegular.tsx(3546,5): error TS2339: Property 'hkern' does not exist on type 'JSX.IntrinsicElements'.
src/icons/Fonts/general-sans/GeneralSansRegular.tsx(3547,5): error TS2339: Property 'hkern' does not exist on type 'JSX.IntrinsicElements'.
src/icons/Fonts/general-sans/GeneralSansRegular.tsx(3548,5): error TS2339: Property 'hkern' does not exist on type 'JSX.IntrinsicElements'.
src/icons/Fonts/general-sans/GeneralSansRegular.tsx(3549,5): error TS2339: Property 'hkern' does not exist on type 'JSX.IntrinsicElements'.
src/icons/Fonts/general-sans/GeneralSansRegular.tsx(3550,5): error TS2339: Property 'hkern' does not exist on type 'JSX.IntrinsicElements'.
src/icons/Fonts/general-sans/GeneralSansRegular.tsx(3551,5): error TS2339: Property 'hkern' does not exist on type 'JSX.IntrinsicElements'.
src/icons/Fonts/general-sans/GeneralSansRegular.tsx(3552,5): error TS2339: Property 'hkern' does not exist on type 'JSX.IntrinsicElements'.
src/icons/Fonts/general-sans/GeneralSansRegular.tsx(3553,5): error TS2339: Property 'hkern' does not exist on type 'JSX.IntrinsicElements'.
src/icons/Fonts/general-sans/GeneralSansRegular.tsx(3554,5): error TS2339: Property 'hkern' does not exist on type 'JSX.IntrinsicElements'.
src/icons/Fonts/general-sans/GeneralSansRegular.tsx(3555,5): error TS2339: Property 'hkern' does not exist on type 'JSX.IntrinsicElements'.
src/icons/Fonts/general-sans/GeneralSansRegular.tsx(3556,5): error TS2339: Property 'hkern' does not exist on type 'JSX.IntrinsicElements'.
src/icons/Fonts/general-sans/GeneralSansRegular.tsx(3557,5): error TS2339: Property 'hkern' does not exist on type 'JSX.IntrinsicElements'.
src/icons/Fonts/general-sans/GeneralSansRegular.tsx(3558,5): error TS2339: Property 'hkern' does not exist on type 'JSX.IntrinsicElements'.
src/icons/Fonts/general-sans/GeneralSansRegular.tsx(3559,5): error TS2339: Property 'hkern' does not exist on type 'JSX.IntrinsicElements'.
src/icons/Fonts/general-sans/GeneralSansRegular.tsx(3560,5): error TS2339: Property 'hkern' does not exist on type 'JSX.IntrinsicElements'.
src/icons/Fonts/general-sans/GeneralSansRegular.tsx(3561,5): error TS2339: Property 'hkern' does not exist on type 'JSX.IntrinsicElements'.
src/icons/Fonts/general-sans/GeneralSansRegular.tsx(3562,5): error TS2339: Property 'hkern' does not exist on type 'JSX.IntrinsicElements'.
src/icons/Fonts/general-sans/GeneralSansRegular.tsx(3563,5): error TS2339: Property 'hkern' does not exist on type 'JSX.IntrinsicElements'.
src/icons/Fonts/general-sans/GeneralSansRegular.tsx(3564,5): error TS2339: Property 'hkern' does not exist on type 'JSX.IntrinsicElements'.
src/icons/Fonts/general-sans/GeneralSansRegular.tsx(3565,5): error TS2339: Property 'hkern' does not exist on type 'JSX.IntrinsicElements'.
src/icons/Fonts/general-sans/GeneralSansRegular.tsx(3566,5): error TS2339: Property 'hkern' does not exist on type 'JSX.IntrinsicElements'.
src/icons/Fonts/general-sans/GeneralSansRegular.tsx(3567,5): error TS2339: Property 'hkern' does not exist on type 'JSX.IntrinsicElements'.
src/icons/Fonts/general-sans/GeneralSansRegular.tsx(3568,5): error TS2339: Property 'hkern' does not exist on type 'JSX.IntrinsicElements'.
src/icons/Fonts/general-sans/GeneralSansRegular.tsx(3569,5): error TS2339: Property 'hkern' does not exist on type 'JSX.IntrinsicElements'.
src/icons/Fonts/general-sans/GeneralSansRegular.tsx(3570,5): error TS2339: Property 'hkern' does not exist on type 'JSX.IntrinsicElements'.
src/icons/Fonts/general-sans/GeneralSansRegular.tsx(3571,5): error TS2339: Property 'hkern' does not exist on type 'JSX.IntrinsicElements'.
src/icons/Fonts/general-sans/GeneralSansRegular.tsx(3572,5): error TS2339: Property 'hkern' does not exist on type 'JSX.IntrinsicElements'.
src/icons/Fonts/general-sans/GeneralSansRegular.tsx(3573,5): error TS2339: Property 'hkern' does not exist on type 'JSX.IntrinsicElements'.
src/icons/Fonts/general-sans/GeneralSansRegular.tsx(3574,5): error TS2339: Property 'hkern' does not exist on type 'JSX.IntrinsicElements'.
src/icons/Fonts/general-sans/GeneralSansRegular.tsx(3575,5): error TS2339: Property 'hkern' does not exist on type 'JSX.IntrinsicElements'.
src/icons/Fonts/general-sans/GeneralSansRegular.tsx(3576,5): error TS2339: Property 'hkern' does not exist on type 'JSX.IntrinsicElements'.
src/icons/Fonts/general-sans/GeneralSansRegular.tsx(3577,5): error TS2339: Property 'hkern' does not exist on type 'JSX.IntrinsicElements'.
src/icons/Fonts/general-sans/GeneralSansRegular.tsx(3578,5): error TS2339: Property 'hkern' does not exist on type 'JSX.IntrinsicElements'.
src/icons/Fonts/general-sans/GeneralSansRegular.tsx(3579,5): error TS2339: Property 'hkern' does not exist on type 'JSX.IntrinsicElements'.
src/icons/Fonts/general-sans/GeneralSansRegular.tsx(3580,5): error TS2339: Property 'hkern' does not exist on type 'JSX.IntrinsicElements'.
src/icons/Fonts/general-sans/GeneralSansRegular.tsx(3581,5): error TS2339: Property 'hkern' does not exist on type 'JSX.IntrinsicElements'.
src/icons/Fonts/general-sans/GeneralSansRegular.tsx(3582,5): error TS2339: Property 'hkern' does not exist on type 'JSX.IntrinsicElements'.
src/icons/Fonts/general-sans/GeneralSansRegular.tsx(3583,5): error TS2339: Property 'hkern' does not exist on type 'JSX.IntrinsicElements'.
src/icons/Fonts/general-sans/GeneralSansRegular.tsx(3584,5): error TS2339: Property 'hkern' does not exist on type 'JSX.IntrinsicElements'.
src/icons/Fonts/general-sans/GeneralSansRegular.tsx(3585,5): error TS2339: Property 'hkern' does not exist on type 'JSX.IntrinsicElements'.
src/icons/Fonts/general-sans/GeneralSansRegular.tsx(3586,5): error TS2339: Property 'hkern' does not exist on type 'JSX.IntrinsicElements'.
src/icons/Fonts/general-sans/GeneralSansRegular.tsx(3587,5): error TS2339: Property 'hkern' does not exist on type 'JSX.IntrinsicElements'.
src/icons/Fonts/general-sans/GeneralSansRegular.tsx(3588,5): error TS2339: Property 'hkern' does not exist on type 'JSX.IntrinsicElements'.
src/icons/Fonts/general-sans/GeneralSansRegular.tsx(3589,5): error TS2339: Property 'hkern' does not exist on type 'JSX.IntrinsicElements'.
src/icons/Fonts/general-sans/GeneralSansRegular.tsx(3590,5): error TS2339: Property 'hkern' does not exist on type 'JSX.IntrinsicElements'.
src/icons/Fonts/general-sans/GeneralSansRegular.tsx(3591,5): error TS2339: Property 'hkern' does not exist on type 'JSX.IntrinsicElements'.
src/icons/Fonts/general-sans/GeneralSansRegular.tsx(3592,5): error TS2339: Property 'hkern' does not exist on type 'JSX.IntrinsicElements'.
src/icons/Fonts/general-sans/GeneralSansRegular.tsx(3593,5): error TS2339: Property 'hkern' does not exist on type 'JSX.IntrinsicElements'.
src/icons/Fonts/general-sans/GeneralSansRegular.tsx(3594,5): error TS2339: Property 'hkern' does not exist on type 'JSX.IntrinsicElements'.
src/icons/Fonts/general-sans/GeneralSansRegular.tsx(3595,5): error TS2339: Property 'hkern' does not exist on type 'JSX.IntrinsicElements'.
src/icons/Fonts/general-sans/GeneralSansRegular.tsx(3596,5): error TS2339: Property 'hkern' does not exist on type 'JSX.IntrinsicElements'.
src/icons/Fonts/general-sans/GeneralSansRegular.tsx(3597,5): error TS2339: Property 'hkern' does not exist on type 'JSX.IntrinsicElements'.
src/icons/Fonts/general-sans/GeneralSansRegular.tsx(3598,5): error TS2339: Property 'hkern' does not exist on type 'JSX.IntrinsicElements'.
src/icons/Fonts/general-sans/GeneralSansRegular.tsx(3599,5): error TS2339: Property 'hkern' does not exist on type 'JSX.IntrinsicElements'.
src/icons/Fonts/general-sans/GeneralSansRegular.tsx(3600,5): error TS2339: Property 'hkern' does not exist on type 'JSX.IntrinsicElements'.
src/icons/Fonts/general-sans/GeneralSansRegular.tsx(3601,5): error TS2339: Property 'hkern' does not exist on type 'JSX.IntrinsicElements'.
src/icons/Fonts/general-sans/GeneralSansRegular.tsx(3602,5): error TS2339: Property 'hkern' does not exist on type 'JSX.IntrinsicElements'.
src/icons/Fonts/general-sans/GeneralSansRegular.tsx(3603,5): error TS2339: Property 'hkern' does not exist on type 'JSX.IntrinsicElements'.
src/icons/Fonts/general-sans/GeneralSansRegular.tsx(3604,5): error TS2339: Property 'hkern' does not exist on type 'JSX.IntrinsicElements'.
src/icons/Fonts/general-sans/GeneralSansRegular.tsx(3605,5): error TS2339: Property 'hkern' does not exist on type 'JSX.IntrinsicElements'.
src/icons/Fonts/general-sans/GeneralSansRegular.tsx(3606,5): error TS2339: Property 'hkern' does not exist on type 'JSX.IntrinsicElements'.
src/icons/Fonts/general-sans/GeneralSansRegular.tsx(3607,5): error TS2339: Property 'hkern' does not exist on type 'JSX.IntrinsicElements'.
src/icons/Fonts/general-sans/GeneralSansRegular.tsx(3608,5): error TS2339: Property 'hkern' does not exist on type 'JSX.IntrinsicElements'.
src/icons/Fonts/general-sans/GeneralSansRegular.tsx(3609,5): error TS2339: Property 'hkern' does not exist on type 'JSX.IntrinsicElements'.
src/icons/Fonts/general-sans/GeneralSansRegular.tsx(3610,5): error TS2339: Property 'hkern' does not exist on type 'JSX.IntrinsicElements'.
src/icons/Fonts/general-sans/GeneralSansRegular.tsx(3611,5): error TS2339: Property 'hkern' does not exist on type 'JSX.IntrinsicElements'.
src/icons/Fonts/general-sans/GeneralSansRegular.tsx(3612,5): error TS2339: Property 'hkern' does not exist on type 'JSX.IntrinsicElements'.
src/icons/Fonts/general-sans/GeneralSansRegular.tsx(3613,5): error TS2339: Property 'hkern' does not exist on type 'JSX.IntrinsicElements'.
src/icons/Fonts/general-sans/GeneralSansRegular.tsx(3614,5): error TS2339: Property 'hkern' does not exist on type 'JSX.IntrinsicElements'.
src/icons/Fonts/general-sans/GeneralSansRegular.tsx(3615,5): error TS2339: Property 'hkern' does not exist on type 'JSX.IntrinsicElements'.
src/icons/Fonts/general-sans/GeneralSansRegular.tsx(3616,5): error TS2339: Property 'hkern' does not exist on type 'JSX.IntrinsicElements'.
src/icons/Fonts/general-sans/GeneralSansRegular.tsx(3617,5): error TS2339: Property 'hkern' does not exist on type 'JSX.IntrinsicElements'.
src/icons/Fonts/general-sans/GeneralSansRegular.tsx(3618,5): error TS2339: Property 'hkern' does not exist on type 'JSX.IntrinsicElements'.
src/icons/Fonts/general-sans/GeneralSansRegular.tsx(3619,5): error TS2339: Property 'hkern' does not exist on type 'JSX.IntrinsicElements'.
src/icons/Fonts/general-sans/GeneralSansRegular.tsx(3620,5): error TS2339: Property 'hkern' does not exist on type 'JSX.IntrinsicElements'.
src/icons/Fonts/general-sans/GeneralSansRegular.tsx(3621,5): error TS2339: Property 'hkern' does not exist on type 'JSX.IntrinsicElements'.
src/icons/Fonts/general-sans/GeneralSansRegular.tsx(3622,5): error TS2339: Property 'hkern' does not exist on type 'JSX.IntrinsicElements'.
src/icons/Fonts/general-sans/GeneralSansRegular.tsx(3623,5): error TS2339: Property 'hkern' does not exist on type 'JSX.IntrinsicElements'.
src/icons/Fonts/general-sans/GeneralSansRegular.tsx(3624,5): error TS2339: Property 'hkern' does not exist on type 'JSX.IntrinsicElements'.
src/icons/Fonts/general-sans/GeneralSansRegular.tsx(3625,5): error TS2339: Property 'hkern' does not exist on type 'JSX.IntrinsicElements'.
src/icons/Fonts/general-sans/GeneralSansRegular.tsx(3626,5): error TS2339: Property 'hkern' does not exist on type 'JSX.IntrinsicElements'.
src/icons/Fonts/general-sans/GeneralSansRegular.tsx(3627,5): error TS2339: Property 'hkern' does not exist on type 'JSX.IntrinsicElements'.
src/icons/Fonts/general-sans/GeneralSansRegular.tsx(3628,5): error TS2339: Property 'hkern' does not exist on type 'JSX.IntrinsicElements'.
src/icons/Fonts/general-sans/GeneralSansRegular.tsx(3629,5): error TS2339: Property 'hkern' does not exist on type 'JSX.IntrinsicElements'.
src/icons/Fonts/general-sans/GeneralSansRegular.tsx(3630,5): error TS2339: Property 'hkern' does not exist on type 'JSX.IntrinsicElements'.
src/icons/Fonts/general-sans/GeneralSansRegular.tsx(3631,5): error TS2339: Property 'hkern' does not exist on type 'JSX.IntrinsicElements'.
src/icons/Fonts/general-sans/GeneralSansRegular.tsx(3632,5): error TS2339: Property 'hkern' does not exist on type 'JSX.IntrinsicElements'.
src/icons/Fonts/general-sans/GeneralSansRegular.tsx(3633,5): error TS2339: Property 'hkern' does not exist on type 'JSX.IntrinsicElements'.
src/icons/Fonts/general-sans/GeneralSansRegular.tsx(3634,5): error TS2339: Property 'hkern' does not exist on type 'JSX.IntrinsicElements'.
src/icons/Fonts/general-sans/GeneralSansRegular.tsx(3635,5): error TS2339: Property 'hkern' does not exist on type 'JSX.IntrinsicElements'.
src/icons/Fonts/general-sans/GeneralSansRegular.tsx(3636,5): error TS2339: Property 'hkern' does not exist on type 'JSX.IntrinsicElements'.
src/icons/Fonts/general-sans/GeneralSansRegular.tsx(3637,5): error TS2339: Property 'hkern' does not exist on type 'JSX.IntrinsicElements'.
src/icons/Fonts/general-sans/GeneralSansRegular.tsx(3638,5): error TS2339: Property 'hkern' does not exist on type 'JSX.IntrinsicElements'.
src/icons/Fonts/general-sans/GeneralSansRegular.tsx(3639,5): error TS2339: Property 'hkern' does not exist on type 'JSX.IntrinsicElements'.
src/icons/Fonts/general-sans/GeneralSansRegular.tsx(3640,5): error TS2339: Property 'hkern' does not exist on type 'JSX.IntrinsicElements'.
src/icons/Fonts/general-sans/GeneralSansRegular.tsx(3641,5): error TS2339: Property 'hkern' does not exist on type 'JSX.IntrinsicElements'.
src/icons/Fonts/general-sans/GeneralSansRegular.tsx(3642,5): error TS2339: Property 'hkern' does not exist on type 'JSX.IntrinsicElements'.
src/icons/Fonts/general-sans/GeneralSansRegular.tsx(3643,5): error TS2339: Property 'hkern' does not exist on type 'JSX.IntrinsicElements'.
src/icons/Fonts/general-sans/GeneralSansRegular.tsx(3644,5): error TS2339: Property 'hkern' does not exist on type 'JSX.IntrinsicElements'.
src/icons/Fonts/general-sans/GeneralSansRegular.tsx(3645,5): error TS2339: Property 'hkern' does not exist on type 'JSX.IntrinsicElements'.
src/icons/Fonts/general-sans/GeneralSansRegular.tsx(3646,5): error TS2339: Property 'hkern' does not exist on type 'JSX.IntrinsicElements'.
src/icons/Fonts/general-sans/GeneralSansRegular.tsx(3647,5): error TS2339: Property 'hkern' does not exist on type 'JSX.IntrinsicElements'.
src/icons/Fonts/general-sans/GeneralSansRegular.tsx(3648,5): error TS2339: Property 'hkern' does not exist on type 'JSX.IntrinsicElements'.
src/icons/Fonts/general-sans/GeneralSansRegular.tsx(3649,5): error TS2339: Property 'hkern' does not exist on type 'JSX.IntrinsicElements'.
src/icons/Fonts/general-sans/GeneralSansRegular.tsx(3650,5): error TS2339: Property 'hkern' does not exist on type 'JSX.IntrinsicElements'.
src/icons/Fonts/general-sans/GeneralSansRegular.tsx(3651,5): error TS2339: Property 'hkern' does not exist on type 'JSX.IntrinsicElements'.
src/icons/Fonts/general-sans/GeneralSansRegular.tsx(3652,5): error TS2339: Property 'hkern' does not exist on type 'JSX.IntrinsicElements'.
src/icons/Fonts/general-sans/GeneralSansRegular.tsx(3653,5): error TS2339: Property 'hkern' does not exist on type 'JSX.IntrinsicElements'.
src/icons/Fonts/general-sans/GeneralSansRegular.tsx(3654,5): error TS2339: Property 'hkern' does not exist on type 'JSX.IntrinsicElements'.
src/icons/Fonts/general-sans/GeneralSansRegular.tsx(3655,5): error TS2339: Property 'hkern' does not exist on type 'JSX.IntrinsicElements'.
src/icons/Fonts/general-sans/GeneralSansRegular.tsx(3656,5): error TS2339: Property 'hkern' does not exist on type 'JSX.IntrinsicElements'.
src/icons/Fonts/general-sans/GeneralSansRegular.tsx(3657,5): error TS2339: Property 'hkern' does not exist on type 'JSX.IntrinsicElements'.
src/icons/Fonts/general-sans/GeneralSansRegular.tsx(3658,5): error TS2339: Property 'hkern' does not exist on type 'JSX.IntrinsicElements'.
src/icons/Fonts/general-sans/GeneralSansRegular.tsx(3659,5): error TS2339: Property 'hkern' does not exist on type 'JSX.IntrinsicElements'.
src/icons/Fonts/general-sans/GeneralSansRegular.tsx(3660,5): error TS2339: Property 'hkern' does not exist on type 'JSX.IntrinsicElements'.
src/icons/Fonts/general-sans/GeneralSansRegular.tsx(3661,5): error TS2339: Property 'hkern' does not exist on type 'JSX.IntrinsicElements'.
src/icons/Fonts/general-sans/GeneralSansRegular.tsx(3662,5): error TS2339: Property 'hkern' does not exist on type 'JSX.IntrinsicElements'.
src/icons/Fonts/general-sans/GeneralSansRegular.tsx(3663,5): error TS2339: Property 'hkern' does not exist on type 'JSX.IntrinsicElements'.
src/icons/Fonts/general-sans/GeneralSansRegular.tsx(3664,5): error TS2339: Property 'hkern' does not exist on type 'JSX.IntrinsicElements'.
src/icons/Fonts/general-sans/GeneralSansRegular.tsx(3665,5): error TS2339: Property 'hkern' does not exist on type 'JSX.IntrinsicElements'.
src/icons/Fonts/general-sans/GeneralSansRegular.tsx(3666,5): error TS2339: Property 'hkern' does not exist on type 'JSX.IntrinsicElements'.
src/icons/Fonts/general-sans/GeneralSansRegular.tsx(3667,5): error TS2339: Property 'hkern' does not exist on type 'JSX.IntrinsicElements'.
src/icons/Fonts/general-sans/GeneralSansRegular.tsx(3668,5): error TS2339: Property 'hkern' does not exist on type 'JSX.IntrinsicElements'.
src/icons/Fonts/general-sans/GeneralSansRegular.tsx(3669,5): error TS2339: Property 'hkern' does not exist on type 'JSX.IntrinsicElements'.
src/icons/Fonts/general-sans/GeneralSansRegular.tsx(3670,5): error TS2339: Property 'hkern' does not exist on type 'JSX.IntrinsicElements'.
src/icons/Fonts/general-sans/GeneralSansRegular.tsx(3671,5): error TS2339: Property 'hkern' does not exist on type 'JSX.IntrinsicElements'.
src/icons/Fonts/general-sans/GeneralSansRegular.tsx(3672,5): error TS2339: Property 'hkern' does not exist on type 'JSX.IntrinsicElements'.
src/icons/Fonts/general-sans/GeneralSansRegular.tsx(3673,5): error TS2339: Property 'hkern' does not exist on type 'JSX.IntrinsicElements'.
src/icons/Fonts/general-sans/GeneralSansRegular.tsx(3674,5): error TS2339: Property 'hkern' does not exist on type 'JSX.IntrinsicElements'.
src/icons/Fonts/general-sans/GeneralSansRegular.tsx(3675,5): error TS2339: Property 'hkern' does not exist on type 'JSX.IntrinsicElements'.
src/icons/Fonts/general-sans/GeneralSansRegular.tsx(3676,5): error TS2339: Property 'hkern' does not exist on type 'JSX.IntrinsicElements'.
src/icons/Fonts/general-sans/GeneralSansRegular.tsx(3677,5): error TS2339: Property 'hkern' does not exist on type 'JSX.IntrinsicElements'.
src/icons/Fonts/general-sans/GeneralSansRegular.tsx(3678,5): error TS2339: Property 'hkern' does not exist on type 'JSX.IntrinsicElements'.
src/icons/Fonts/general-sans/GeneralSansRegular.tsx(3679,5): error TS2339: Property 'hkern' does not exist on type 'JSX.IntrinsicElements'.
src/icons/Fonts/general-sans/GeneralSansRegular.tsx(3680,5): error TS2339: Property 'hkern' does not exist on type 'JSX.IntrinsicElements'.
src/icons/Fonts/general-sans/GeneralSansRegular.tsx(3681,5): error TS2339: Property 'hkern' does not exist on type 'JSX.IntrinsicElements'.
src/icons/Fonts/general-sans/GeneralSansRegular.tsx(3682,5): error TS2339: Property 'hkern' does not exist on type 'JSX.IntrinsicElements'.
src/icons/Fonts/general-sans/GeneralSansRegular.tsx(3683,5): error TS2339: Property 'hkern' does not exist on type 'JSX.IntrinsicElements'.
src/icons/Fonts/general-sans/GeneralSansRegular.tsx(3684,5): error TS2339: Property 'hkern' does not exist on type 'JSX.IntrinsicElements'.
src/icons/Fonts/general-sans/GeneralSansRegular.tsx(3685,5): error TS2339: Property 'hkern' does not exist on type 'JSX.IntrinsicElements'.
src/icons/Fonts/general-sans/GeneralSansRegular.tsx(3686,5): error TS2339: Property 'hkern' does not exist on type 'JSX.IntrinsicElements'.
src/icons/Fonts/general-sans/GeneralSansRegular.tsx(3687,5): error TS2339: Property 'hkern' does not exist on type 'JSX.IntrinsicElements'.
src/icons/Fonts/general-sans/GeneralSansRegular.tsx(3688,5): error TS2339: Property 'hkern' does not exist on type 'JSX.IntrinsicElements'.
src/icons/Fonts/general-sans/GeneralSansRegular.tsx(3689,5): error TS2339: Property 'hkern' does not exist on type 'JSX.IntrinsicElements'.
src/icons/Fonts/general-sans/GeneralSansRegular.tsx(3690,5): error TS2339: Property 'hkern' does not exist on type 'JSX.IntrinsicElements'.
src/icons/Fonts/general-sans/GeneralSansRegular.tsx(3691,5): error TS2339: Property 'hkern' does not exist on type 'JSX.IntrinsicElements'.
src/icons/Fonts/general-sans/GeneralSansRegular.tsx(3692,5): error TS2339: Property 'hkern' does not exist on type 'JSX.IntrinsicElements'.
src/icons/Fonts/general-sans/GeneralSansRegular.tsx(3693,5): error TS2339: Property 'hkern' does not exist on type 'JSX.IntrinsicElements'.
src/icons/Fonts/general-sans/GeneralSansRegular.tsx(3694,5): error TS2339: Property 'hkern' does not exist on type 'JSX.IntrinsicElements'.
src/icons/Fonts/general-sans/GeneralSansRegular.tsx(3695,5): error TS2339: Property 'hkern' does not exist on type 'JSX.IntrinsicElements'.
src/icons/Fonts/general-sans/GeneralSansRegular.tsx(3696,5): error TS2339: Property 'hkern' does not exist on type 'JSX.IntrinsicElements'.
src/icons/Fonts/general-sans/GeneralSansRegular.tsx(3697,5): error TS2339: Property 'hkern' does not exist on type 'JSX.IntrinsicElements'.
src/icons/Fonts/general-sans/GeneralSansRegular.tsx(3698,5): error TS2339: Property 'hkern' does not exist on type 'JSX.IntrinsicElements'.
src/icons/Fonts/general-sans/GeneralSansRegular.tsx(3699,5): error TS2339: Property 'hkern' does not exist on type 'JSX.IntrinsicElements'.
src/icons/Fonts/general-sans/GeneralSansRegular.tsx(3700,5): error TS2339: Property 'hkern' does not exist on type 'JSX.IntrinsicElements'.
src/icons/Fonts/general-sans/GeneralSansRegular.tsx(3701,5): error TS2339: Property 'hkern' does not exist on type 'JSX.IntrinsicElements'.
src/icons/Fonts/general-sans/GeneralSansRegular.tsx(3702,5): error TS2339: Property 'hkern' does not exist on type 'JSX.IntrinsicElements'.
src/icons/Fonts/general-sans/GeneralSansRegular.tsx(3703,5): error TS2339: Property 'hkern' does not exist on type 'JSX.IntrinsicElements'.
src/icons/Fonts/general-sans/GeneralSansRegular.tsx(3704,5): error TS2339: Property 'hkern' does not exist on type 'JSX.IntrinsicElements'.
src/icons/Fonts/general-sans/GeneralSansRegular.tsx(3705,5): error TS2339: Property 'hkern' does not exist on type 'JSX.IntrinsicElements'.
src/icons/Fonts/general-sans/GeneralSansRegular.tsx(3706,5): error TS2339: Property 'hkern' does not exist on type 'JSX.IntrinsicElements'.
src/icons/Fonts/general-sans/GeneralSansRegular.tsx(3707,5): error TS2339: Property 'hkern' does not exist on type 'JSX.IntrinsicElements'.
src/icons/Fonts/general-sans/GeneralSansRegular.tsx(3708,5): error TS2339: Property 'hkern' does not exist on type 'JSX.IntrinsicElements'.
src/icons/Fonts/general-sans/GeneralSansRegular.tsx(3709,5): error TS2339: Property 'hkern' does not exist on type 'JSX.IntrinsicElements'.
src/icons/Fonts/general-sans/GeneralSansRegular.tsx(3710,5): error TS2339: Property 'hkern' does not exist on type 'JSX.IntrinsicElements'.
src/icons/Fonts/general-sans/GeneralSansRegular.tsx(3711,5): error TS2339: Property 'hkern' does not exist on type 'JSX.IntrinsicElements'.
src/icons/Fonts/general-sans/GeneralSansRegular.tsx(3712,5): error TS2339: Property 'hkern' does not exist on type 'JSX.IntrinsicElements'.
src/icons/Fonts/general-sans/GeneralSansRegular.tsx(3713,5): error TS2339: Property 'hkern' does not exist on type 'JSX.IntrinsicElements'.
src/icons/Fonts/general-sans/GeneralSansRegular.tsx(3714,5): error TS2339: Property 'hkern' does not exist on type 'JSX.IntrinsicElements'.
src/icons/Fonts/general-sans/GeneralSansRegular.tsx(3715,5): error TS2339: Property 'hkern' does not exist on type 'JSX.IntrinsicElements'.
src/icons/Fonts/general-sans/GeneralSansRegular.tsx(3716,5): error TS2339: Property 'hkern' does not exist on type 'JSX.IntrinsicElements'.
src/icons/Fonts/general-sans/GeneralSansRegular.tsx(3717,5): error TS2339: Property 'hkern' does not exist on type 'JSX.IntrinsicElements'.
src/icons/Fonts/general-sans/GeneralSansRegular.tsx(3718,5): error TS2339: Property 'hkern' does not exist on type 'JSX.IntrinsicElements'.
src/icons/Fonts/general-sans/GeneralSansRegular.tsx(3719,5): error TS2339: Property 'hkern' does not exist on type 'JSX.IntrinsicElements'.
src/icons/Fonts/general-sans/GeneralSansRegular.tsx(3720,5): error TS2339: Property 'hkern' does not exist on type 'JSX.IntrinsicElements'.
src/icons/Fonts/general-sans/GeneralSansRegular.tsx(3721,5): error TS2339: Property 'hkern' does not exist on type 'JSX.IntrinsicElements'.
src/icons/Fonts/general-sans/GeneralSansRegular.tsx(3722,5): error TS2339: Property 'hkern' does not exist on type 'JSX.IntrinsicElements'.
src/icons/Fonts/general-sans/GeneralSansRegular.tsx(3723,5): error TS2339: Property 'hkern' does not exist on type 'JSX.IntrinsicElements'.
src/icons/Fonts/general-sans/GeneralSansRegular.tsx(3724,5): error TS2339: Property 'hkern' does not exist on type 'JSX.IntrinsicElements'.
src/icons/Fonts/general-sans/GeneralSansRegular.tsx(3725,5): error TS2339: Property 'hkern' does not exist on type 'JSX.IntrinsicElements'.
src/icons/Fonts/general-sans/GeneralSansRegular.tsx(3726,5): error TS2339: Property 'hkern' does not exist on type 'JSX.IntrinsicElements'.
src/icons/Fonts/general-sans/GeneralSansRegular.tsx(3727,5): error TS2339: Property 'hkern' does not exist on type 'JSX.IntrinsicElements'.
src/icons/Fonts/general-sans/GeneralSansRegular.tsx(3728,5): error TS2339: Property 'hkern' does not exist on type 'JSX.IntrinsicElements'.
src/icons/Fonts/general-sans/GeneralSansRegular.tsx(3729,5): error TS2339: Property 'hkern' does not exist on type 'JSX.IntrinsicElements'.
src/icons/Fonts/general-sans/GeneralSansRegular.tsx(3730,5): error TS2339: Property 'hkern' does not exist on type 'JSX.IntrinsicElements'.
src/icons/Fonts/general-sans/GeneralSansRegular.tsx(3731,5): error TS2339: Property 'hkern' does not exist on type 'JSX.IntrinsicElements'.
src/icons/Fonts/general-sans/GeneralSansRegular.tsx(3732,5): error TS2339: Property 'hkern' does not exist on type 'JSX.IntrinsicElements'.
src/icons/Fonts/general-sans/GeneralSansRegular.tsx(3733,5): error TS2339: Property 'hkern' does not exist on type 'JSX.IntrinsicElements'.
src/icons/Fonts/general-sans/GeneralSansRegular.tsx(3734,5): error TS2339: Property 'hkern' does not exist on type 'JSX.IntrinsicElements'.
src/icons/Fonts/general-sans/GeneralSansRegular.tsx(3735,5): error TS2339: Property 'hkern' does not exist on type 'JSX.IntrinsicElements'.
src/icons/Fonts/general-sans/GeneralSansRegular.tsx(3736,5): error TS2339: Property 'hkern' does not exist on type 'JSX.IntrinsicElements'.
src/icons/Fonts/general-sans/GeneralSansRegular.tsx(3737,5): error TS2339: Property 'hkern' does not exist on type 'JSX.IntrinsicElements'.
src/icons/Fonts/general-sans/GeneralSansRegular.tsx(3738,5): error TS2339: Property 'hkern' does not exist on type 'JSX.IntrinsicElements'.
src/icons/Fonts/general-sans/GeneralSansRegular.tsx(3739,5): error TS2339: Property 'hkern' does not exist on type 'JSX.IntrinsicElements'.
src/icons/Fonts/general-sans/GeneralSansRegular.tsx(3740,5): error TS2339: Property 'hkern' does not exist on type 'JSX.IntrinsicElements'.
src/icons/Fonts/general-sans/GeneralSansRegular.tsx(3741,5): error TS2339: Property 'hkern' does not exist on type 'JSX.IntrinsicElements'.
src/icons/Fonts/general-sans/GeneralSansRegular.tsx(3742,5): error TS2339: Property 'hkern' does not exist on type 'JSX.IntrinsicElements'.
src/icons/Fonts/general-sans/GeneralSansRegular.tsx(3743,5): error TS2339: Property 'hkern' does not exist on type 'JSX.IntrinsicElements'.
src/icons/Fonts/general-sans/GeneralSansRegular.tsx(3744,5): error TS2339: Property 'hkern' does not exist on type 'JSX.IntrinsicElements'.
src/icons/Fonts/general-sans/GeneralSansRegular.tsx(3745,5): error TS2339: Property 'hkern' does not exist on type 'JSX.IntrinsicElements'.
src/icons/Fonts/general-sans/GeneralSansRegular.tsx(3746,5): error TS2339: Property 'hkern' does not exist on type 'JSX.IntrinsicElements'.
src/icons/Fonts/general-sans/GeneralSansRegular.tsx(3747,5): error TS2339: Property 'hkern' does not exist on type 'JSX.IntrinsicElements'.
src/icons/Fonts/general-sans/GeneralSansRegular.tsx(3748,5): error TS2339: Property 'hkern' does not exist on type 'JSX.IntrinsicElements'.
src/icons/Fonts/general-sans/GeneralSansRegular.tsx(3749,5): error TS2339: Property 'hkern' does not exist on type 'JSX.IntrinsicElements'.
src/icons/Fonts/general-sans/GeneralSansRegular.tsx(3750,5): error TS2339: Property 'hkern' does not exist on type 'JSX.IntrinsicElements'.
src/icons/Fonts/general-sans/GeneralSansRegular.tsx(3751,5): error TS2339: Property 'hkern' does not exist on type 'JSX.IntrinsicElements'.
src/icons/Fonts/general-sans/GeneralSansRegular.tsx(3752,5): error TS2339: Property 'hkern' does not exist on type 'JSX.IntrinsicElements'.
src/icons/Fonts/general-sans/GeneralSansRegular.tsx(3753,5): error TS2339: Property 'hkern' does not exist on type 'JSX.IntrinsicElements'.
src/icons/Fonts/general-sans/GeneralSansRegular.tsx(3754,5): error TS2339: Property 'hkern' does not exist on type 'JSX.IntrinsicElements'.
src/icons/Fonts/general-sans/GeneralSansRegular.tsx(3755,5): error TS2339: Property 'hkern' does not exist on type 'JSX.IntrinsicElements'.
src/icons/Fonts/general-sans/GeneralSansRegular.tsx(3756,5): error TS2339: Property 'hkern' does not exist on type 'JSX.IntrinsicElements'.
src/icons/Fonts/general-sans/GeneralSansRegular.tsx(3757,5): error TS2339: Property 'hkern' does not exist on type 'JSX.IntrinsicElements'.
src/icons/Fonts/general-sans/GeneralSansRegular.tsx(3758,5): error TS2339: Property 'hkern' does not exist on type 'JSX.IntrinsicElements'.
src/icons/Fonts/general-sans/GeneralSansRegular.tsx(3759,5): error TS2339: Property 'hkern' does not exist on type 'JSX.IntrinsicElements'.
src/icons/Fonts/general-sans/GeneralSansRegular.tsx(3760,5): error TS2339: Property 'hkern' does not exist on type 'JSX.IntrinsicElements'.
src/icons/Fonts/general-sans/GeneralSansRegular.tsx(3761,5): error TS2339: Property 'hkern' does not exist on type 'JSX.IntrinsicElements'.
src/icons/Fonts/general-sans/GeneralSansRegular.tsx(3762,5): error TS2339: Property 'hkern' does not exist on type 'JSX.IntrinsicElements'.
src/icons/Fonts/general-sans/GeneralSansRegular.tsx(3763,5): error TS2339: Property 'hkern' does not exist on type 'JSX.IntrinsicElements'.
src/icons/Fonts/general-sans/GeneralSansRegular.tsx(3764,5): error TS2339: Property 'hkern' does not exist on type 'JSX.IntrinsicElements'.
src/icons/Fonts/general-sans/GeneralSansRegular.tsx(3765,5): error TS2339: Property 'hkern' does not exist on type 'JSX.IntrinsicElements'.
src/icons/Fonts/general-sans/GeneralSansRegular.tsx(3766,5): error TS2339: Property 'hkern' does not exist on type 'JSX.IntrinsicElements'.
src/icons/Fonts/general-sans/GeneralSansRegular.tsx(3767,5): error TS2339: Property 'hkern' does not exist on type 'JSX.IntrinsicElements'.
src/icons/Fonts/general-sans/GeneralSansRegular.tsx(3768,5): error TS2339: Property 'hkern' does not exist on type 'JSX.IntrinsicElements'.
src/icons/Fonts/general-sans/GeneralSansRegular.tsx(3769,5): error TS2339: Property 'hkern' does not exist on type 'JSX.IntrinsicElements'.
src/icons/Fonts/general-sans/GeneralSansRegular.tsx(3770,5): error TS2339: Property 'hkern' does not exist on type 'JSX.IntrinsicElements'.
src/icons/Fonts/general-sans/GeneralSansRegular.tsx(3771,5): error TS2339: Property 'hkern' does not exist on type 'JSX.IntrinsicElements'.
src/icons/Fonts/general-sans/GeneralSansRegular.tsx(3772,5): error TS2339: Property 'hkern' does not exist on type 'JSX.IntrinsicElements'.
src/icons/Fonts/general-sans/GeneralSansRegular.tsx(3773,5): error TS2339: Property 'hkern' does not exist on type 'JSX.IntrinsicElements'.
src/icons/Fonts/general-sans/GeneralSansRegular.tsx(3774,5): error TS2339: Property 'hkern' does not exist on type 'JSX.IntrinsicElements'.
src/icons/Fonts/general-sans/GeneralSansRegular.tsx(3775,5): error TS2339: Property 'hkern' does not exist on type 'JSX.IntrinsicElements'.
src/icons/Fonts/general-sans/GeneralSansRegular.tsx(3776,5): error TS2339: Property 'hkern' does not exist on type 'JSX.IntrinsicElements'.
src/icons/Fonts/general-sans/GeneralSansRegular.tsx(3777,5): error TS2339: Property 'hkern' does not exist on type 'JSX.IntrinsicElements'.
src/icons/Fonts/general-sans/GeneralSansRegular.tsx(3778,5): error TS2339: Property 'hkern' does not exist on type 'JSX.IntrinsicElements'.
src/icons/Fonts/general-sans/GeneralSansRegular.tsx(3779,5): error TS2339: Property 'hkern' does not exist on type 'JSX.IntrinsicElements'.
src/icons/Fonts/general-sans/GeneralSansRegular.tsx(3780,5): error TS2339: Property 'hkern' does not exist on type 'JSX.IntrinsicElements'.
src/icons/Fonts/general-sans/GeneralSansRegular.tsx(3781,5): error TS2339: Property 'hkern' does not exist on type 'JSX.IntrinsicElements'.
src/icons/Fonts/general-sans/GeneralSansRegular.tsx(3782,5): error TS2339: Property 'hkern' does not exist on type 'JSX.IntrinsicElements'.
src/icons/Fonts/general-sans/GeneralSansRegular.tsx(3783,5): error TS2339: Property 'hkern' does not exist on type 'JSX.IntrinsicElements'.
src/icons/Fonts/general-sans/GeneralSansRegular.tsx(3784,5): error TS2339: Property 'hkern' does not exist on type 'JSX.IntrinsicElements'.
src/icons/Fonts/general-sans/GeneralSansRegular.tsx(3785,5): error TS2339: Property 'hkern' does not exist on type 'JSX.IntrinsicElements'.
src/icons/Fonts/general-sans/GeneralSansRegular.tsx(3786,5): error TS2339: Property 'hkern' does not exist on type 'JSX.IntrinsicElements'.
src/icons/Fonts/general-sans/GeneralSansRegular.tsx(3787,5): error TS2339: Property 'hkern' does not exist on type 'JSX.IntrinsicElements'.
src/icons/Fonts/general-sans/GeneralSansRegular.tsx(3788,5): error TS2339: Property 'hkern' does not exist on type 'JSX.IntrinsicElements'.
src/icons/Fonts/general-sans/GeneralSansRegular.tsx(3789,5): error TS2339: Property 'hkern' does not exist on type 'JSX.IntrinsicElements'.
src/icons/Fonts/general-sans/GeneralSansRegular.tsx(3790,5): error TS2339: Property 'hkern' does not exist on type 'JSX.IntrinsicElements'.
src/icons/Fonts/general-sans/GeneralSansRegular.tsx(3791,5): error TS2339: Property 'hkern' does not exist on type 'JSX.IntrinsicElements'.
src/icons/Fonts/general-sans/GeneralSansRegular.tsx(3792,5): error TS2339: Property 'hkern' does not exist on type 'JSX.IntrinsicElements'.
src/icons/Fonts/general-sans/GeneralSansRegular.tsx(3793,5): error TS2339: Property 'hkern' does not exist on type 'JSX.IntrinsicElements'.
src/icons/Fonts/general-sans/GeneralSansRegular.tsx(3794,5): error TS2339: Property 'hkern' does not exist on type 'JSX.IntrinsicElements'.
src/icons/Fonts/general-sans/GeneralSansRegular.tsx(3795,5): error TS2339: Property 'hkern' does not exist on type 'JSX.IntrinsicElements'.
src/icons/Fonts/general-sans/GeneralSansRegular.tsx(3796,5): error TS2339: Property 'hkern' does not exist on type 'JSX.IntrinsicElements'.
src/icons/Fonts/general-sans/GeneralSansRegular.tsx(3797,5): error TS2339: Property 'hkern' does not exist on type 'JSX.IntrinsicElements'.
src/icons/Fonts/general-sans/GeneralSansRegular.tsx(3798,5): error TS2339: Property 'hkern' does not exist on type 'JSX.IntrinsicElements'.
src/icons/Fonts/general-sans/GeneralSansRegular.tsx(3799,5): error TS2339: Property 'hkern' does not exist on type 'JSX.IntrinsicElements'.
src/icons/Fonts/general-sans/GeneralSansRegular.tsx(3800,5): error TS2339: Property 'hkern' does not exist on type 'JSX.IntrinsicElements'.
src/icons/Fonts/general-sans/GeneralSansRegular.tsx(3801,5): error TS2339: Property 'hkern' does not exist on type 'JSX.IntrinsicElements'.
src/icons/Fonts/general-sans/GeneralSansRegular.tsx(3802,5): error TS2339: Property 'hkern' does not exist on type 'JSX.IntrinsicElements'.
src/icons/Fonts/general-sans/GeneralSansRegular.tsx(3803,5): error TS2339: Property 'hkern' does not exist on type 'JSX.IntrinsicElements'.
src/icons/Fonts/general-sans/GeneralSansRegular.tsx(3804,5): error TS2339: Property 'hkern' does not exist on type 'JSX.IntrinsicElements'.
src/icons/Fonts/general-sans/GeneralSansRegular.tsx(3805,5): error TS2339: Property 'hkern' does not exist on type 'JSX.IntrinsicElements'.
src/icons/Fonts/general-sans/GeneralSansRegular.tsx(3806,5): error TS2339: Property 'hkern' does not exist on type 'JSX.IntrinsicElements'.
src/icons/Fonts/general-sans/GeneralSansRegular.tsx(3807,5): error TS2339: Property 'hkern' does not exist on type 'JSX.IntrinsicElements'.
src/icons/Fonts/general-sans/GeneralSansRegular.tsx(3808,5): error TS2339: Property 'hkern' does not exist on type 'JSX.IntrinsicElements'.
src/icons/Fonts/general-sans/GeneralSansRegular.tsx(3809,5): error TS2339: Property 'hkern' does not exist on type 'JSX.IntrinsicElements'.
src/icons/Fonts/general-sans/GeneralSansRegular.tsx(3810,5): error TS2339: Property 'hkern' does not exist on type 'JSX.IntrinsicElements'.
src/icons/Fonts/general-sans/GeneralSansRegular.tsx(3811,5): error TS2339: Property 'hkern' does not exist on type 'JSX.IntrinsicElements'.
src/icons/Fonts/general-sans/GeneralSansRegular.tsx(3812,5): error TS2339: Property 'hkern' does not exist on type 'JSX.IntrinsicElements'.
src/icons/Fonts/general-sans/GeneralSansRegular.tsx(3813,5): error TS2339: Property 'hkern' does not exist on type 'JSX.IntrinsicElements'.
src/icons/Fonts/general-sans/GeneralSansRegular.tsx(3814,5): error TS2339: Property 'hkern' does not exist on type 'JSX.IntrinsicElements'.
src/icons/Fonts/general-sans/GeneralSansRegular.tsx(3815,5): error TS2339: Property 'hkern' does not exist on type 'JSX.IntrinsicElements'.
src/icons/Fonts/general-sans/GeneralSansRegular.tsx(3816,5): error TS2339: Property 'hkern' does not exist on type 'JSX.IntrinsicElements'.
src/icons/Fonts/general-sans/GeneralSansRegular.tsx(3817,5): error TS2339: Property 'hkern' does not exist on type 'JSX.IntrinsicElements'.
src/icons/Fonts/general-sans/GeneralSansRegular.tsx(3818,5): error TS2339: Property 'hkern' does not exist on type 'JSX.IntrinsicElements'.
src/icons/Fonts/general-sans/GeneralSansRegular.tsx(3819,5): error TS2339: Property 'hkern' does not exist on type 'JSX.IntrinsicElements'.
src/icons/Fonts/general-sans/GeneralSansRegular.tsx(3820,5): error TS2339: Property 'hkern' does not exist on type 'JSX.IntrinsicElements'.
src/icons/Fonts/general-sans/GeneralSansRegular.tsx(3821,5): error TS2339: Property 'hkern' does not exist on type 'JSX.IntrinsicElements'.
src/icons/Fonts/general-sans/GeneralSansRegular.tsx(3822,5): error TS2339: Property 'hkern' does not exist on type 'JSX.IntrinsicElements'.
src/icons/Fonts/general-sans/GeneralSansRegular.tsx(3823,5): error TS2339: Property 'hkern' does not exist on type 'JSX.IntrinsicElements'.
src/icons/Fonts/general-sans/GeneralSansRegular.tsx(3824,5): error TS2339: Property 'hkern' does not exist on type 'JSX.IntrinsicElements'.
src/icons/Fonts/general-sans/GeneralSansRegular.tsx(3825,5): error TS2339: Property 'hkern' does not exist on type 'JSX.IntrinsicElements'.
src/icons/Fonts/general-sans/GeneralSansRegular.tsx(3826,5): error TS2339: Property 'hkern' does not exist on type 'JSX.IntrinsicElements'.
src/icons/Fonts/general-sans/GeneralSansRegular.tsx(3827,5): error TS2339: Property 'hkern' does not exist on type 'JSX.IntrinsicElements'.
src/icons/Fonts/general-sans/GeneralSansRegular.tsx(3828,5): error TS2339: Property 'hkern' does not exist on type 'JSX.IntrinsicElements'.
src/icons/Fonts/general-sans/GeneralSansRegular.tsx(3829,5): error TS2339: Property 'hkern' does not exist on type 'JSX.IntrinsicElements'.
src/icons/Fonts/general-sans/GeneralSansRegular.tsx(3830,5): error TS2339: Property 'hkern' does not exist on type 'JSX.IntrinsicElements'.
src/icons/Fonts/general-sans/GeneralSansRegular.tsx(3831,5): error TS2339: Property 'hkern' does not exist on type 'JSX.IntrinsicElements'.
src/icons/Fonts/general-sans/GeneralSansRegular.tsx(3832,5): error TS2339: Property 'hkern' does not exist on type 'JSX.IntrinsicElements'.
src/icons/Fonts/general-sans/GeneralSansRegular.tsx(3833,5): error TS2339: Property 'hkern' does not exist on type 'JSX.IntrinsicElements'.
src/icons/Fonts/general-sans/GeneralSansRegular.tsx(3834,5): error TS2339: Property 'hkern' does not exist on type 'JSX.IntrinsicElements'.
src/icons/Fonts/general-sans/GeneralSansRegular.tsx(3835,5): error TS2339: Property 'hkern' does not exist on type 'JSX.IntrinsicElements'.
src/icons/Fonts/general-sans/GeneralSansRegular.tsx(3836,5): error TS2339: Property 'hkern' does not exist on type 'JSX.IntrinsicElements'.
src/icons/Fonts/general-sans/GeneralSansRegular.tsx(3837,5): error TS2339: Property 'hkern' does not exist on type 'JSX.IntrinsicElements'.
src/icons/Fonts/general-sans/GeneralSansRegular.tsx(3838,5): error TS2339: Property 'hkern' does not exist on type 'JSX.IntrinsicElements'.
src/icons/Fonts/general-sans/GeneralSansRegular.tsx(3839,5): error TS2339: Property 'hkern' does not exist on type 'JSX.IntrinsicElements'.
src/icons/Fonts/general-sans/GeneralSansRegular.tsx(3840,5): error TS2339: Property 'hkern' does not exist on type 'JSX.IntrinsicElements'.
src/icons/Fonts/general-sans/GeneralSansRegular.tsx(3841,5): error TS2339: Property 'hkern' does not exist on type 'JSX.IntrinsicElements'.
src/icons/Fonts/general-sans/GeneralSansRegular.tsx(3842,5): error TS2339: Property 'hkern' does not exist on type 'JSX.IntrinsicElements'.
src/icons/Fonts/general-sans/GeneralSansRegular.tsx(3843,5): error TS2339: Property 'hkern' does not exist on type 'JSX.IntrinsicElements'.
src/icons/Fonts/general-sans/GeneralSansRegular.tsx(3844,5): error TS2339: Property 'hkern' does not exist on type 'JSX.IntrinsicElements'.
src/icons/Fonts/general-sans/GeneralSansRegular.tsx(3845,5): error TS2339: Property 'hkern' does not exist on type 'JSX.IntrinsicElements'.
src/icons/Fonts/general-sans/GeneralSansRegular.tsx(3846,5): error TS2339: Property 'hkern' does not exist on type 'JSX.IntrinsicElements'.
src/icons/Fonts/general-sans/GeneralSansRegular.tsx(3847,5): error TS2339: Property 'hkern' does not exist on type 'JSX.IntrinsicElements'.
src/icons/Fonts/general-sans/GeneralSansRegular.tsx(3848,5): error TS2339: Property 'hkern' does not exist on type 'JSX.IntrinsicElements'.
src/icons/Fonts/general-sans/GeneralSansRegular.tsx(3849,5): error TS2339: Property 'hkern' does not exist on type 'JSX.IntrinsicElements'.
src/icons/Fonts/general-sans/GeneralSansRegular.tsx(3850,5): error TS2339: Property 'hkern' does not exist on type 'JSX.IntrinsicElements'.
src/icons/Fonts/general-sans/GeneralSansRegular.tsx(3851,5): error TS2339: Property 'hkern' does not exist on type 'JSX.IntrinsicElements'.
src/icons/Fonts/general-sans/GeneralSansRegular.tsx(3852,5): error TS2339: Property 'hkern' does not exist on type 'JSX.IntrinsicElements'.
src/icons/Fonts/general-sans/GeneralSansRegular.tsx(3853,5): error TS2339: Property 'hkern' does not exist on type 'JSX.IntrinsicElements'.
src/icons/Fonts/general-sans/GeneralSansRegular.tsx(3854,5): error TS2339: Property 'hkern' does not exist on type 'JSX.IntrinsicElements'.
src/icons/Fonts/general-sans/GeneralSansRegular.tsx(3855,5): error TS2339: Property 'hkern' does not exist on type 'JSX.IntrinsicElements'.
src/icons/Fonts/general-sans/GeneralSansRegular.tsx(3856,5): error TS2339: Property 'hkern' does not exist on type 'JSX.IntrinsicElements'.
src/icons/Fonts/general-sans/GeneralSansRegular.tsx(3857,5): error TS2339: Property 'hkern' does not exist on type 'JSX.IntrinsicElements'.
src/icons/Fonts/general-sans/GeneralSansRegular.tsx(3858,5): error TS2339: Property 'hkern' does not exist on type 'JSX.IntrinsicElements'.
src/icons/Fonts/general-sans/GeneralSansRegular.tsx(3859,5): error TS2339: Property 'hkern' does not exist on type 'JSX.IntrinsicElements'.
src/icons/Fonts/general-sans/GeneralSansRegular.tsx(3860,5): error TS2339: Property 'hkern' does not exist on type 'JSX.IntrinsicElements'.
src/icons/Fonts/general-sans/GeneralSansRegular.tsx(3861,5): error TS2339: Property 'hkern' does not exist on type 'JSX.IntrinsicElements'.
src/icons/Fonts/general-sans/GeneralSansRegular.tsx(3862,5): error TS2339: Property 'hkern' does not exist on type 'JSX.IntrinsicElements'.
src/icons/Fonts/general-sans/GeneralSansRegular.tsx(3863,5): error TS2339: Property 'hkern' does not exist on type 'JSX.IntrinsicElements'.
src/icons/Fonts/general-sans/GeneralSansRegular.tsx(3864,5): error TS2339: Property 'hkern' does not exist on type 'JSX.IntrinsicElements'.
src/icons/Fonts/general-sans/GeneralSansRegular.tsx(3865,5): error TS2339: Property 'hkern' does not exist on type 'JSX.IntrinsicElements'.
src/icons/Fonts/general-sans/GeneralSansRegular.tsx(3866,5): error TS2339: Property 'hkern' does not exist on type 'JSX.IntrinsicElements'.
src/icons/Fonts/general-sans/GeneralSansRegular.tsx(3867,5): error TS2339: Property 'hkern' does not exist on type 'JSX.IntrinsicElements'.
src/icons/Fonts/general-sans/GeneralSansRegular.tsx(3868,5): error TS2339: Property 'hkern' does not exist on type 'JSX.IntrinsicElements'.
src/icons/Fonts/general-sans/GeneralSansRegular.tsx(3869,5): error TS2339: Property 'hkern' does not exist on type 'JSX.IntrinsicElements'.
src/icons/Fonts/general-sans/GeneralSansRegular.tsx(3870,5): error TS2339: Property 'hkern' does not exist on type 'JSX.IntrinsicElements'.
src/icons/Fonts/general-sans/GeneralSansRegular.tsx(3871,5): error TS2339: Property 'hkern' does not exist on type 'JSX.IntrinsicElements'.
src/icons/Fonts/general-sans/GeneralSansRegular.tsx(3872,5): error TS2339: Property 'hkern' does not exist on type 'JSX.IntrinsicElements'.
src/icons/Fonts/general-sans/GeneralSansRegular.tsx(3873,5): error TS2339: Property 'hkern' does not exist on type 'JSX.IntrinsicElements'.
src/icons/Fonts/general-sans/GeneralSansRegular.tsx(3874,5): error TS2339: Property 'hkern' does not exist on type 'JSX.IntrinsicElements'.
src/icons/Fonts/general-sans/GeneralSansRegular.tsx(3875,5): error TS2339: Property 'hkern' does not exist on type 'JSX.IntrinsicElements'.
src/icons/Fonts/general-sans/GeneralSansRegular.tsx(3876,5): error TS2339: Property 'hkern' does not exist on type 'JSX.IntrinsicElements'.
src/icons/Fonts/general-sans/GeneralSansRegular.tsx(3877,5): error TS2339: Property 'hkern' does not exist on type 'JSX.IntrinsicElements'.
src/icons/Fonts/general-sans/GeneralSansRegular.tsx(3878,5): error TS2339: Property 'hkern' does not exist on type 'JSX.IntrinsicElements'.
src/icons/Fonts/general-sans/GeneralSansRegular.tsx(3879,5): error TS2339: Property 'hkern' does not exist on type 'JSX.IntrinsicElements'.
src/icons/Fonts/general-sans/GeneralSansRegular.tsx(3880,5): error TS2339: Property 'hkern' does not exist on type 'JSX.IntrinsicElements'.
src/icons/Fonts/general-sans/GeneralSansRegular.tsx(3881,5): error TS2339: Property 'hkern' does not exist on type 'JSX.IntrinsicElements'.
src/icons/Fonts/general-sans/GeneralSansRegular.tsx(3882,5): error TS2339: Property 'hkern' does not exist on type 'JSX.IntrinsicElements'.
src/icons/Fonts/general-sans/GeneralSansRegular.tsx(3883,5): error TS2339: Property 'hkern' does not exist on type 'JSX.IntrinsicElements'.
src/icons/Fonts/general-sans/GeneralSansRegular.tsx(3884,5): error TS2339: Property 'hkern' does not exist on type 'JSX.IntrinsicElements'.
src/icons/Fonts/general-sans/GeneralSansRegular.tsx(3885,5): error TS2339: Property 'hkern' does not exist on type 'JSX.IntrinsicElements'.
src/icons/Fonts/general-sans/GeneralSansRegular.tsx(3886,5): error TS2339: Property 'hkern' does not exist on type 'JSX.IntrinsicElements'.
src/icons/Fonts/general-sans/GeneralSansRegular.tsx(3887,5): error TS2339: Property 'hkern' does not exist on type 'JSX.IntrinsicElements'.
src/icons/Fonts/general-sans/GeneralSansRegular.tsx(3888,5): error TS2339: Property 'hkern' does not exist on type 'JSX.IntrinsicElements'.
src/icons/Fonts/general-sans/GeneralSansRegular.tsx(3889,5): error TS2339: Property 'hkern' does not exist on type 'JSX.IntrinsicElements'.
src/icons/Fonts/general-sans/GeneralSansRegular.tsx(3890,5): error TS2339: Property 'hkern' does not exist on type 'JSX.IntrinsicElements'.
src/icons/Fonts/general-sans/GeneralSansRegular.tsx(3891,5): error TS2339: Property 'hkern' does not exist on type 'JSX.IntrinsicElements'.
src/icons/Fonts/general-sans/GeneralSansRegular.tsx(3892,5): error TS2339: Property 'hkern' does not exist on type 'JSX.IntrinsicElements'.
src/icons/Fonts/general-sans/GeneralSansRegular.tsx(3893,5): error TS2339: Property 'hkern' does not exist on type 'JSX.IntrinsicElements'.
src/icons/Fonts/general-sans/GeneralSansRegular.tsx(3894,5): error TS2339: Property 'hkern' does not exist on type 'JSX.IntrinsicElements'.
src/icons/Fonts/general-sans/GeneralSansRegular.tsx(3895,5): error TS2339: Property 'hkern' does not exist on type 'JSX.IntrinsicElements'.
src/icons/Fonts/general-sans/GeneralSansRegular.tsx(3896,5): error TS2339: Property 'hkern' does not exist on type 'JSX.IntrinsicElements'.
src/icons/Fonts/general-sans/GeneralSansRegular.tsx(3897,5): error TS2339: Property 'hkern' does not exist on type 'JSX.IntrinsicElements'.
src/icons/Fonts/general-sans/GeneralSansRegular.tsx(3898,5): error TS2339: Property 'hkern' does not exist on type 'JSX.IntrinsicElements'.
src/icons/Fonts/general-sans/GeneralSansRegular.tsx(3899,5): error TS2339: Property 'hkern' does not exist on type 'JSX.IntrinsicElements'.
src/icons/Fonts/general-sans/GeneralSansRegular.tsx(3900,5): error TS2339: Property 'hkern' does not exist on type 'JSX.IntrinsicElements'.
src/icons/Fonts/general-sans/GeneralSansRegular.tsx(3901,5): error TS2339: Property 'hkern' does not exist on type 'JSX.IntrinsicElements'.
src/icons/Fonts/general-sans/GeneralSansRegular.tsx(3902,5): error TS2339: Property 'hkern' does not exist on type 'JSX.IntrinsicElements'.
src/icons/Fonts/general-sans/GeneralSansRegular.tsx(3903,5): error TS2339: Property 'hkern' does not exist on type 'JSX.IntrinsicElements'.
src/icons/Fonts/general-sans/GeneralSansRegular.tsx(3904,5): error TS2339: Property 'hkern' does not exist on type 'JSX.IntrinsicElements'.
src/icons/Fonts/general-sans/GeneralSansRegular.tsx(3905,5): error TS2339: Property 'hkern' does not exist on type 'JSX.IntrinsicElements'.
src/icons/Fonts/general-sans/GeneralSansRegular.tsx(3906,5): error TS2339: Property 'hkern' does not exist on type 'JSX.IntrinsicElements'.
src/icons/Fonts/general-sans/GeneralSansRegular.tsx(3907,5): error TS2339: Property 'hkern' does not exist on type 'JSX.IntrinsicElements'.
src/icons/Fonts/general-sans/GeneralSansRegular.tsx(3908,5): error TS2339: Property 'hkern' does not exist on type 'JSX.IntrinsicElements'.
src/icons/Fonts/general-sans/GeneralSansRegular.tsx(3909,5): error TS2339: Property 'hkern' does not exist on type 'JSX.IntrinsicElements'.
src/icons/Fonts/general-sans/GeneralSansRegular.tsx(3910,5): error TS2339: Property 'hkern' does not exist on type 'JSX.IntrinsicElements'.
src/icons/Fonts/general-sans/GeneralSansRegular.tsx(3911,5): error TS2339: Property 'hkern' does not exist on type 'JSX.IntrinsicElements'.
src/icons/Fonts/general-sans/GeneralSansRegular.tsx(3912,5): error TS2339: Property 'hkern' does not exist on type 'JSX.IntrinsicElements'.
src/icons/Fonts/general-sans/GeneralSansRegular.tsx(3913,5): error TS2339: Property 'hkern' does not exist on type 'JSX.IntrinsicElements'.
src/icons/Fonts/general-sans/GeneralSansRegular.tsx(3914,5): error TS2339: Property 'hkern' does not exist on type 'JSX.IntrinsicElements'.
src/icons/Fonts/general-sans/GeneralSansRegular.tsx(3915,5): error TS2339: Property 'hkern' does not exist on type 'JSX.IntrinsicElements'.
src/icons/Fonts/general-sans/GeneralSansRegular.tsx(3916,5): error TS2339: Property 'hkern' does not exist on type 'JSX.IntrinsicElements'.
src/icons/Fonts/general-sans/GeneralSansRegular.tsx(3917,5): error TS2339: Property 'hkern' does not exist on type 'JSX.IntrinsicElements'.
src/icons/Fonts/general-sans/GeneralSansRegular.tsx(3918,5): error TS2339: Property 'hkern' does not exist on type 'JSX.IntrinsicElements'.
src/icons/Fonts/general-sans/GeneralSansRegular.tsx(3919,5): error TS2339: Property 'hkern' does not exist on type 'JSX.IntrinsicElements'.
src/icons/Fonts/general-sans/GeneralSansRegular.tsx(3920,5): error TS2339: Property 'hkern' does not exist on type 'JSX.IntrinsicElements'.
src/icons/Fonts/general-sans/GeneralSansRegular.tsx(3921,5): error TS2339: Property 'hkern' does not exist on type 'JSX.IntrinsicElements'.
src/icons/Fonts/general-sans/GeneralSansRegular.tsx(3922,5): error TS2339: Property 'hkern' does not exist on type 'JSX.IntrinsicElements'.
src/icons/Fonts/general-sans/GeneralSansRegular.tsx(3923,5): error TS2339: Property 'hkern' does not exist on type 'JSX.IntrinsicElements'.
src/icons/Fonts/general-sans/GeneralSansRegular.tsx(3924,5): error TS2339: Property 'hkern' does not exist on type 'JSX.IntrinsicElements'.
src/icons/Fonts/general-sans/GeneralSansRegular.tsx(3925,5): error TS2339: Property 'hkern' does not exist on type 'JSX.IntrinsicElements'.
src/icons/Fonts/general-sans/GeneralSansRegular.tsx(3926,5): error TS2339: Property 'hkern' does not exist on type 'JSX.IntrinsicElements'.
src/icons/Fonts/general-sans/GeneralSansRegular.tsx(3927,5): error TS2339: Property 'hkern' does not exist on type 'JSX.IntrinsicElements'.
src/icons/Fonts/general-sans/GeneralSansRegular.tsx(3928,5): error TS2339: Property 'hkern' does not exist on type 'JSX.IntrinsicElements'.
src/icons/Fonts/general-sans/GeneralSansRegular.tsx(3929,5): error TS2339: Property 'hkern' does not exist on type 'JSX.IntrinsicElements'.
src/icons/Fonts/general-sans/GeneralSansRegular.tsx(3930,5): error TS2339: Property 'hkern' does not exist on type 'JSX.IntrinsicElements'.
src/icons/Fonts/general-sans/GeneralSansRegular.tsx(3931,5): error TS2339: Property 'hkern' does not exist on type 'JSX.IntrinsicElements'.
src/icons/Fonts/general-sans/GeneralSansRegular.tsx(3932,5): error TS2339: Property 'hkern' does not exist on type 'JSX.IntrinsicElements'.
src/icons/Fonts/general-sans/GeneralSansRegular.tsx(3933,5): error TS2339: Property 'hkern' does not exist on type 'JSX.IntrinsicElements'.
src/icons/Fonts/general-sans/GeneralSansRegular.tsx(3934,5): error TS2339: Property 'hkern' does not exist on type 'JSX.IntrinsicElements'.
src/icons/Fonts/general-sans/GeneralSansRegular.tsx(3935,5): error TS2339: Property 'hkern' does not exist on type 'JSX.IntrinsicElements'.
src/icons/Fonts/general-sans/GeneralSansRegular.tsx(3936,5): error TS2339: Property 'hkern' does not exist on type 'JSX.IntrinsicElements'.
src/icons/Fonts/general-sans/GeneralSansRegular.tsx(3937,5): error TS2339: Property 'hkern' does not exist on type 'JSX.IntrinsicElements'.
src/icons/Fonts/general-sans/GeneralSansRegular.tsx(3938,5): error TS2339: Property 'hkern' does not exist on type 'JSX.IntrinsicElements'.
src/icons/Fonts/general-sans/GeneralSansRegular.tsx(3939,5): error TS2339: Property 'hkern' does not exist on type 'JSX.IntrinsicElements'.
src/icons/Fonts/general-sans/GeneralSansRegular.tsx(3940,5): error TS2339: Property 'hkern' does not exist on type 'JSX.IntrinsicElements'.
src/icons/Fonts/general-sans/GeneralSansRegular.tsx(3941,5): error TS2339: Property 'hkern' does not exist on type 'JSX.IntrinsicElements'.
src/icons/Fonts/general-sans/GeneralSansRegular.tsx(3942,5): error TS2339: Property 'hkern' does not exist on type 'JSX.IntrinsicElements'.
src/icons/Fonts/general-sans/GeneralSansRegular.tsx(3943,5): error TS2339: Property 'hkern' does not exist on type 'JSX.IntrinsicElements'.
src/icons/Fonts/general-sans/GeneralSansRegular.tsx(3944,5): error TS2339: Property 'hkern' does not exist on type 'JSX.IntrinsicElements'.
src/icons/Fonts/general-sans/GeneralSansRegular.tsx(3945,5): error TS2339: Property 'hkern' does not exist on type 'JSX.IntrinsicElements'.
src/icons/Fonts/general-sans/GeneralSansRegular.tsx(3946,5): error TS2339: Property 'hkern' does not exist on type 'JSX.IntrinsicElements'.
src/icons/Fonts/general-sans/GeneralSansRegular.tsx(3947,5): error TS2339: Property 'hkern' does not exist on type 'JSX.IntrinsicElements'.
src/icons/Fonts/general-sans/GeneralSansRegular.tsx(3948,5): error TS2339: Property 'hkern' does not exist on type 'JSX.IntrinsicElements'.
src/icons/Fonts/general-sans/GeneralSansRegular.tsx(3949,5): error TS2339: Property 'hkern' does not exist on type 'JSX.IntrinsicElements'.
src/icons/Fonts/general-sans/GeneralSansRegular.tsx(3950,5): error TS2339: Property 'hkern' does not exist on type 'JSX.IntrinsicElements'.
src/icons/Fonts/general-sans/GeneralSansRegular.tsx(3951,5): error TS2339: Property 'hkern' does not exist on type 'JSX.IntrinsicElements'.
src/icons/Fonts/general-sans/GeneralSansRegular.tsx(3952,5): error TS2339: Property 'hkern' does not exist on type 'JSX.IntrinsicElements'.
src/icons/Fonts/general-sans/GeneralSansRegular.tsx(3953,5): error TS2339: Property 'hkern' does not exist on type 'JSX.IntrinsicElements'.
src/icons/Fonts/general-sans/GeneralSansRegular.tsx(3954,5): error TS2339: Property 'hkern' does not exist on type 'JSX.IntrinsicElements'.
src/icons/Fonts/general-sans/GeneralSansRegular.tsx(3955,5): error TS2339: Property 'hkern' does not exist on type 'JSX.IntrinsicElements'.
src/icons/Fonts/general-sans/GeneralSansRegular.tsx(3956,5): error TS2339: Property 'hkern' does not exist on type 'JSX.IntrinsicElements'.
src/icons/Fonts/general-sans/GeneralSansRegular.tsx(3957,5): error TS2339: Property 'hkern' does not exist on type 'JSX.IntrinsicElements'.
src/icons/Fonts/general-sans/GeneralSansRegular.tsx(3958,5): error TS2339: Property 'hkern' does not exist on type 'JSX.IntrinsicElements'.
src/icons/Fonts/general-sans/GeneralSansRegular.tsx(3959,5): error TS2339: Property 'hkern' does not exist on type 'JSX.IntrinsicElements'.
src/icons/Fonts/general-sans/GeneralSansRegular.tsx(3960,5): error TS2339: Property 'hkern' does not exist on type 'JSX.IntrinsicElements'.
src/icons/Fonts/general-sans/GeneralSansRegular.tsx(3961,5): error TS2339: Property 'hkern' does not exist on type 'JSX.IntrinsicElements'.
src/icons/Fonts/general-sans/GeneralSansRegular.tsx(3962,5): error TS2339: Property 'hkern' does not exist on type 'JSX.IntrinsicElements'.
src/icons/Fonts/general-sans/GeneralSansRegular.tsx(3963,5): error TS2339: Property 'hkern' does not exist on type 'JSX.IntrinsicElements'.
src/icons/Fonts/general-sans/GeneralSansRegular.tsx(3964,5): error TS2339: Property 'hkern' does not exist on type 'JSX.IntrinsicElements'.
src/icons/Fonts/general-sans/GeneralSansRegular.tsx(3965,5): error TS2339: Property 'hkern' does not exist on type 'JSX.IntrinsicElements'.
src/icons/Fonts/general-sans/GeneralSansRegular.tsx(3966,5): error TS2339: Property 'hkern' does not exist on type 'JSX.IntrinsicElements'.
src/icons/Fonts/general-sans/GeneralSansRegular.tsx(3967,5): error TS2339: Property 'hkern' does not exist on type 'JSX.IntrinsicElements'.
src/icons/Fonts/general-sans/GeneralSansRegular.tsx(3968,5): error TS2339: Property 'hkern' does not exist on type 'JSX.IntrinsicElements'.
src/icons/Fonts/general-sans/GeneralSansRegular.tsx(3969,5): error TS2339: Property 'hkern' does not exist on type 'JSX.IntrinsicElements'.
src/icons/Fonts/general-sans/GeneralSansRegular.tsx(3970,5): error TS2339: Property 'hkern' does not exist on type 'JSX.IntrinsicElements'.
src/icons/Fonts/general-sans/GeneralSansRegular.tsx(3971,5): error TS2339: Property 'hkern' does not exist on type 'JSX.IntrinsicElements'.
src/icons/Fonts/general-sans/GeneralSansRegular.tsx(3972,5): error TS2339: Property 'hkern' does not exist on type 'JSX.IntrinsicElements'.
src/icons/Fonts/general-sans/GeneralSansRegular.tsx(3973,5): error TS2339: Property 'hkern' does not exist on type 'JSX.IntrinsicElements'.
src/icons/Fonts/general-sans/GeneralSansRegular.tsx(3974,5): error TS2339: Property 'hkern' does not exist on type 'JSX.IntrinsicElements'.
src/icons/Fonts/general-sans/GeneralSansRegular.tsx(3975,5): error TS2339: Property 'hkern' does not exist on type 'JSX.IntrinsicElements'.
src/icons/Fonts/general-sans/GeneralSansRegular.tsx(3976,5): error TS2339: Property 'hkern' does not exist on type 'JSX.IntrinsicElements'.
src/icons/Fonts/general-sans/GeneralSansRegular.tsx(3977,5): error TS2339: Property 'hkern' does not exist on type 'JSX.IntrinsicElements'.
src/icons/Fonts/general-sans/GeneralSansRegular.tsx(3978,5): error TS2339: Property 'hkern' does not exist on type 'JSX.IntrinsicElements'.
src/icons/Fonts/general-sans/GeneralSansRegular.tsx(3979,5): error TS2339: Property 'hkern' does not exist on type 'JSX.IntrinsicElements'.
src/icons/Fonts/general-sans/GeneralSansRegular.tsx(3980,5): error TS2339: Property 'hkern' does not exist on type 'JSX.IntrinsicElements'.
src/icons/Fonts/general-sans/GeneralSansRegular.tsx(3981,5): error TS2339: Property 'hkern' does not exist on type 'JSX.IntrinsicElements'.
src/icons/Fonts/general-sans/GeneralSansRegular.tsx(3982,5): error TS2339: Property 'hkern' does not exist on type 'JSX.IntrinsicElements'.
src/icons/Fonts/general-sans/GeneralSansRegular.tsx(3983,5): error TS2339: Property 'hkern' does not exist on type 'JSX.IntrinsicElements'.
src/icons/Fonts/general-sans/GeneralSansRegular.tsx(3984,5): error TS2339: Property 'hkern' does not exist on type 'JSX.IntrinsicElements'.
src/icons/Fonts/general-sans/GeneralSansRegular.tsx(3985,5): error TS2339: Property 'hkern' does not exist on type 'JSX.IntrinsicElements'.
src/icons/Fonts/general-sans/GeneralSansRegular.tsx(3986,5): error TS2339: Property 'hkern' does not exist on type 'JSX.IntrinsicElements'.
src/icons/Fonts/general-sans/GeneralSansRegular.tsx(3987,5): error TS2339: Property 'hkern' does not exist on type 'JSX.IntrinsicElements'.
src/icons/Fonts/general-sans/GeneralSansRegular.tsx(3988,5): error TS2339: Property 'hkern' does not exist on type 'JSX.IntrinsicElements'.
src/icons/Fonts/general-sans/GeneralSansRegular.tsx(3989,5): error TS2339: Property 'hkern' does not exist on type 'JSX.IntrinsicElements'.
src/icons/Fonts/general-sans/GeneralSansRegular.tsx(3990,5): error TS2339: Property 'hkern' does not exist on type 'JSX.IntrinsicElements'.
src/icons/Fonts/general-sans/GeneralSansRegular.tsx(3991,5): error TS2339: Property 'hkern' does not exist on type 'JSX.IntrinsicElements'.
src/icons/Fonts/general-sans/GeneralSansRegular.tsx(3992,5): error TS2339: Property 'hkern' does not exist on type 'JSX.IntrinsicElements'.
src/icons/Fonts/general-sans/GeneralSansRegular.tsx(3993,5): error TS2339: Property 'hkern' does not exist on type 'JSX.IntrinsicElements'.
src/icons/Fonts/general-sans/GeneralSansRegular.tsx(3994,5): error TS2339: Property 'hkern' does not exist on type 'JSX.IntrinsicElements'.
src/icons/Fonts/general-sans/GeneralSansRegular.tsx(3995,5): error TS2339: Property 'hkern' does not exist on type 'JSX.IntrinsicElements'.
src/icons/Fonts/general-sans/GeneralSansRegular.tsx(3996,5): error TS2339: Property 'hkern' does not exist on type 'JSX.IntrinsicElements'.
src/icons/Fonts/general-sans/GeneralSansRegular.tsx(3997,5): error TS2339: Property 'hkern' does not exist on type 'JSX.IntrinsicElements'.
src/icons/Fonts/general-sans/GeneralSansRegular.tsx(3998,5): error TS2339: Property 'hkern' does not exist on type 'JSX.IntrinsicElements'.
src/icons/Fonts/general-sans/GeneralSansRegular.tsx(3999,5): error TS2339: Property 'hkern' does not exist on type 'JSX.IntrinsicElements'.
src/icons/Fonts/general-sans/GeneralSansRegular.tsx(4000,5): error TS2339: Property 'hkern' does not exist on type 'JSX.IntrinsicElements'.
src/icons/Fonts/general-sans/GeneralSansRegular.tsx(4001,5): error TS2339: Property 'hkern' does not exist on type 'JSX.IntrinsicElements'.
src/icons/Fonts/general-sans/GeneralSansRegular.tsx(4002,5): error TS2339: Property 'hkern' does not exist on type 'JSX.IntrinsicElements'.
src/icons/Fonts/general-sans/GeneralSansRegular.tsx(4003,5): error TS2339: Property 'hkern' does not exist on type 'JSX.IntrinsicElements'.
src/icons/Fonts/general-sans/GeneralSansRegular.tsx(4004,5): error TS2339: Property 'hkern' does not exist on type 'JSX.IntrinsicElements'.
src/icons/Fonts/general-sans/GeneralSansRegular.tsx(4005,5): error TS2339: Property 'hkern' does not exist on type 'JSX.IntrinsicElements'.
src/icons/Fonts/general-sans/GeneralSansRegular.tsx(4006,5): error TS2339: Property 'hkern' does not exist on type 'JSX.IntrinsicElements'.
src/icons/Fonts/general-sans/GeneralSansRegular.tsx(4007,5): error TS2339: Property 'hkern' does not exist on type 'JSX.IntrinsicElements'.
src/icons/Fonts/general-sans/GeneralSansRegular.tsx(4008,5): error TS2339: Property 'hkern' does not exist on type 'JSX.IntrinsicElements'.
src/icons/Fonts/general-sans/GeneralSansRegular.tsx(4009,5): error TS2339: Property 'hkern' does not exist on type 'JSX.IntrinsicElements'.
src/icons/Fonts/general-sans/GeneralSansRegular.tsx(4010,5): error TS2339: Property 'hkern' does not exist on type 'JSX.IntrinsicElements'.
src/icons/Fonts/general-sans/GeneralSansRegular.tsx(4011,5): error TS2339: Property 'hkern' does not exist on type 'JSX.IntrinsicElements'.
src/icons/Fonts/general-sans/GeneralSansRegular.tsx(4012,5): error TS2339: Property 'hkern' does not exist on type 'JSX.IntrinsicElements'.
src/icons/Fonts/general-sans/GeneralSansRegular.tsx(4013,5): error TS2339: Property 'hkern' does not exist on type 'JSX.IntrinsicElements'.
src/icons/Fonts/general-sans/GeneralSansRegular.tsx(4014,5): error TS2339: Property 'hkern' does not exist on type 'JSX.IntrinsicElements'.
src/icons/Fonts/general-sans/GeneralSansRegular.tsx(4015,5): error TS2339: Property 'hkern' does not exist on type 'JSX.IntrinsicElements'.
src/icons/Fonts/general-sans/GeneralSansRegular.tsx(4016,5): error TS2339: Property 'hkern' does not exist on type 'JSX.IntrinsicElements'.
src/icons/Fonts/general-sans/GeneralSansRegular.tsx(4017,5): error TS2339: Property 'hkern' does not exist on type 'JSX.IntrinsicElements'.
src/icons/Fonts/general-sans/GeneralSansRegular.tsx(4018,5): error TS2339: Property 'hkern' does not exist on type 'JSX.IntrinsicElements'.
src/icons/Fonts/general-sans/GeneralSansRegular.tsx(4019,5): error TS2339: Property 'hkern' does not exist on type 'JSX.IntrinsicElements'.
src/icons/Fonts/general-sans/GeneralSansRegular.tsx(4020,5): error TS2339: Property 'hkern' does not exist on type 'JSX.IntrinsicElements'.
src/icons/Fonts/general-sans/GeneralSansRegular.tsx(4021,5): error TS2339: Property 'hkern' does not exist on type 'JSX.IntrinsicElements'.
src/icons/Fonts/general-sans/GeneralSansRegular.tsx(4022,5): error TS2339: Property 'hkern' does not exist on type 'JSX.IntrinsicElements'.
src/icons/Fonts/general-sans/GeneralSansRegular.tsx(4023,5): error TS2339: Property 'hkern' does not exist on type 'JSX.IntrinsicElements'.
src/icons/Fonts/general-sans/GeneralSansRegular.tsx(4024,5): error TS2339: Property 'hkern' does not exist on type 'JSX.IntrinsicElements'.
src/icons/Fonts/general-sans/GeneralSansRegular.tsx(4025,5): error TS2339: Property 'hkern' does not exist on type 'JSX.IntrinsicElements'.
src/icons/Fonts/general-sans/GeneralSansRegular.tsx(4026,5): error TS2339: Property 'hkern' does not exist on type 'JSX.IntrinsicElements'.
src/icons/Fonts/general-sans/GeneralSansRegular.tsx(4027,5): error TS2339: Property 'hkern' does not exist on type 'JSX.IntrinsicElements'.
src/icons/Fonts/general-sans/GeneralSansRegular.tsx(4028,5): error TS2339: Property 'hkern' does not exist on type 'JSX.IntrinsicElements'.
src/icons/Fonts/general-sans/GeneralSansRegular.tsx(4029,5): error TS2339: Property 'hkern' does not exist on type 'JSX.IntrinsicElements'.
src/icons/Fonts/general-sans/GeneralSansRegular.tsx(4030,5): error TS2339: Property 'hkern' does not exist on type 'JSX.IntrinsicElements'.
src/icons/Fonts/general-sans/GeneralSansRegular.tsx(4031,5): error TS2339: Property 'hkern' does not exist on type 'JSX.IntrinsicElements'.
src/icons/Fonts/general-sans/GeneralSansRegular.tsx(4032,5): error TS2339: Property 'hkern' does not exist on type 'JSX.IntrinsicElements'.
src/icons/Fonts/general-sans/GeneralSansRegular.tsx(4033,5): error TS2339: Property 'hkern' does not exist on type 'JSX.IntrinsicElements'.
src/icons/Fonts/general-sans/GeneralSansRegular.tsx(4034,5): error TS2339: Property 'hkern' does not exist on type 'JSX.IntrinsicElements'.
src/icons/Fonts/general-sans/GeneralSansRegular.tsx(4035,5): error TS2339: Property 'hkern' does not exist on type 'JSX.IntrinsicElements'.
src/icons/Fonts/general-sans/GeneralSansRegular.tsx(4036,5): error TS2339: Property 'hkern' does not exist on type 'JSX.IntrinsicElements'.
src/icons/Fonts/general-sans/GeneralSansRegular.tsx(4037,5): error TS2339: Property 'hkern' does not exist on type 'JSX.IntrinsicElements'.
src/icons/Fonts/general-sans/GeneralSansRegular.tsx(4038,5): error TS2339: Property 'hkern' does not exist on type 'JSX.IntrinsicElements'.
src/icons/Fonts/general-sans/GeneralSansRegular.tsx(4039,5): error TS2339: Property 'hkern' does not exist on type 'JSX.IntrinsicElements'.
src/icons/Fonts/general-sans/GeneralSansRegular.tsx(4040,5): error TS2339: Property 'hkern' does not exist on type 'JSX.IntrinsicElements'.
src/icons/Fonts/general-sans/GeneralSansRegular.tsx(4041,5): error TS2339: Property 'hkern' does not exist on type 'JSX.IntrinsicElements'.
src/icons/Fonts/general-sans/GeneralSansRegular.tsx(4042,5): error TS2339: Property 'hkern' does not exist on type 'JSX.IntrinsicElements'.
src/icons/Fonts/general-sans/GeneralSansRegular.tsx(4043,5): error TS2339: Property 'hkern' does not exist on type 'JSX.IntrinsicElements'.
src/icons/Fonts/general-sans/GeneralSansRegular.tsx(4044,5): error TS2339: Property 'hkern' does not exist on type 'JSX.IntrinsicElements'.
src/icons/Fonts/general-sans/GeneralSansRegular.tsx(4045,5): error TS2339: Property 'hkern' does not exist on type 'JSX.IntrinsicElements'.
src/icons/Fonts/general-sans/GeneralSansRegular.tsx(4046,5): error TS2339: Property 'hkern' does not exist on type 'JSX.IntrinsicElements'.
src/icons/Fonts/general-sans/GeneralSansRegular.tsx(4047,5): error TS2339: Property 'hkern' does not exist on type 'JSX.IntrinsicElements'.
src/icons/Fonts/general-sans/GeneralSansRegular.tsx(4048,5): error TS2339: Property 'hkern' does not exist on type 'JSX.IntrinsicElements'.
src/icons/Fonts/general-sans/GeneralSansRegular.tsx(4049,5): error TS2339: Property 'hkern' does not exist on type 'JSX.IntrinsicElements'.
src/icons/Fonts/general-sans/GeneralSansRegular.tsx(4050,5): error TS2339: Property 'hkern' does not exist on type 'JSX.IntrinsicElements'.
src/icons/Fonts/general-sans/GeneralSansRegular.tsx(4051,5): error TS2339: Property 'hkern' does not exist on type 'JSX.IntrinsicElements'.
src/icons/Fonts/general-sans/GeneralSansRegular.tsx(4052,5): error TS2339: Property 'hkern' does not exist on type 'JSX.IntrinsicElements'.
src/icons/Fonts/general-sans/GeneralSansRegular.tsx(4053,5): error TS2339: Property 'hkern' does not exist on type 'JSX.IntrinsicElements'.
src/icons/Fonts/general-sans/GeneralSansRegular.tsx(4054,5): error TS2339: Property 'hkern' does not exist on type 'JSX.IntrinsicElements'.
src/icons/Fonts/general-sans/GeneralSansRegular.tsx(4055,5): error TS2339: Property 'hkern' does not exist on type 'JSX.IntrinsicElements'.
src/icons/Fonts/general-sans/GeneralSansRegular.tsx(4056,5): error TS2339: Property 'hkern' does not exist on type 'JSX.IntrinsicElements'.
src/icons/Fonts/general-sans/GeneralSansRegular.tsx(4057,5): error TS2339: Property 'hkern' does not exist on type 'JSX.IntrinsicElements'.
src/icons/Fonts/general-sans/GeneralSansRegular.tsx(4058,5): error TS2339: Property 'hkern' does not exist on type 'JSX.IntrinsicElements'.
src/icons/Fonts/general-sans/GeneralSansRegular.tsx(4059,5): error TS2339: Property 'hkern' does not exist on type 'JSX.IntrinsicElements'.
src/icons/Fonts/general-sans/GeneralSansRegular.tsx(4060,5): error TS2339: Property 'hkern' does not exist on type 'JSX.IntrinsicElements'.
src/icons/Fonts/general-sans/GeneralSansRegular.tsx(4061,5): error TS2339: Property 'hkern' does not exist on type 'JSX.IntrinsicElements'.
src/icons/Fonts/general-sans/GeneralSansRegular.tsx(4062,5): error TS2339: Property 'hkern' does not exist on type 'JSX.IntrinsicElements'.
src/icons/Fonts/general-sans/GeneralSansRegular.tsx(4063,5): error TS2339: Property 'hkern' does not exist on type 'JSX.IntrinsicElements'.
src/icons/Fonts/general-sans/GeneralSansRegular.tsx(4064,5): error TS2339: Property 'hkern' does not exist on type 'JSX.IntrinsicElements'.
src/icons/Fonts/general-sans/GeneralSansRegular.tsx(4065,5): error TS2339: Property 'hkern' does not exist on type 'JSX.IntrinsicElements'.
src/icons/Fonts/general-sans/GeneralSansRegular.tsx(4066,5): error TS2339: Property 'hkern' does not exist on type 'JSX.IntrinsicElements'.
src/icons/Fonts/general-sans/GeneralSansRegular.tsx(4067,5): error TS2339: Property 'hkern' does not exist on type 'JSX.IntrinsicElements'.
src/icons/Fonts/general-sans/GeneralSansRegular.tsx(4068,5): error TS2339: Property 'hkern' does not exist on type 'JSX.IntrinsicElements'.
src/icons/Fonts/general-sans/GeneralSansRegular.tsx(4069,5): error TS2339: Property 'hkern' does not exist on type 'JSX.IntrinsicElements'.
src/icons/Fonts/general-sans/GeneralSansRegular.tsx(4070,5): error TS2339: Property 'hkern' does not exist on type 'JSX.IntrinsicElements'.
src/icons/Fonts/general-sans/GeneralSansRegular.tsx(4071,5): error TS2339: Property 'hkern' does not exist on type 'JSX.IntrinsicElements'.
src/icons/Fonts/general-sans/GeneralSansRegular.tsx(4072,5): error TS2339: Property 'hkern' does not exist on type 'JSX.IntrinsicElements'.
src/icons/Fonts/general-sans/GeneralSansRegular.tsx(4073,5): error TS2339: Property 'hkern' does not exist on type 'JSX.IntrinsicElements'.
src/icons/Fonts/general-sans/GeneralSansRegular.tsx(4074,5): error TS2339: Property 'hkern' does not exist on type 'JSX.IntrinsicElements'.
src/icons/Fonts/general-sans/GeneralSansRegular.tsx(4075,5): error TS2339: Property 'hkern' does not exist on type 'JSX.IntrinsicElements'.
src/icons/Fonts/general-sans/GeneralSansRegular.tsx(4076,5): error TS2339: Property 'hkern' does not exist on type 'JSX.IntrinsicElements'.
src/icons/Fonts/general-sans/GeneralSansRegular.tsx(4077,5): error TS2339: Property 'hkern' does not exist on type 'JSX.IntrinsicElements'.
src/icons/Fonts/general-sans/GeneralSansRegular.tsx(4078,5): error TS2339: Property 'hkern' does not exist on type 'JSX.IntrinsicElements'.
src/icons/Fonts/general-sans/GeneralSansRegular.tsx(4079,5): error TS2339: Property 'hkern' does not exist on type 'JSX.IntrinsicElements'.
src/icons/Fonts/general-sans/GeneralSansRegular.tsx(4080,5): error TS2339: Property 'hkern' does not exist on type 'JSX.IntrinsicElements'.
src/icons/Fonts/general-sans/GeneralSansRegular.tsx(4081,5): error TS2339: Property 'hkern' does not exist on type 'JSX.IntrinsicElements'.
src/icons/Fonts/general-sans/GeneralSansRegular.tsx(4082,5): error TS2339: Property 'hkern' does not exist on type 'JSX.IntrinsicElements'.
src/icons/Fonts/general-sans/GeneralSansRegular.tsx(4083,5): error TS2339: Property 'hkern' does not exist on type 'JSX.IntrinsicElements'.
src/icons/Fonts/general-sans/GeneralSansRegular.tsx(4084,5): error TS2339: Property 'hkern' does not exist on type 'JSX.IntrinsicElements'.
src/icons/Fonts/general-sans/GeneralSansRegular.tsx(4085,5): error TS2339: Property 'hkern' does not exist on type 'JSX.IntrinsicElements'.
src/icons/Fonts/general-sans/GeneralSansRegular.tsx(4086,5): error TS2339: Property 'hkern' does not exist on type 'JSX.IntrinsicElements'.
src/icons/Fonts/general-sans/GeneralSansRegular.tsx(4087,5): error TS2339: Property 'hkern' does not exist on type 'JSX.IntrinsicElements'.
src/icons/Fonts/general-sans/GeneralSansRegular.tsx(4088,5): error TS2339: Property 'hkern' does not exist on type 'JSX.IntrinsicElements'.
src/icons/Fonts/general-sans/GeneralSansRegular.tsx(4089,5): error TS2339: Property 'hkern' does not exist on type 'JSX.IntrinsicElements'.
src/icons/Fonts/general-sans/GeneralSansRegular.tsx(4090,5): error TS2339: Property 'hkern' does not exist on type 'JSX.IntrinsicElements'.
src/icons/Fonts/general-sans/GeneralSansRegular.tsx(4091,5): error TS2339: Property 'hkern' does not exist on type 'JSX.IntrinsicElements'.
src/icons/Fonts/general-sans/GeneralSansRegular.tsx(4092,5): error TS2339: Property 'hkern' does not exist on type 'JSX.IntrinsicElements'.
src/icons/Fonts/general-sans/GeneralSansRegular.tsx(4093,5): error TS2339: Property 'hkern' does not exist on type 'JSX.IntrinsicElements'.
src/icons/Fonts/general-sans/GeneralSansRegular.tsx(4094,5): error TS2339: Property 'hkern' does not exist on type 'JSX.IntrinsicElements'.
src/icons/Fonts/general-sans/GeneralSansRegular.tsx(4095,5): error TS2339: Property 'hkern' does not exist on type 'JSX.IntrinsicElements'.
src/icons/Fonts/general-sans/GeneralSansRegular.tsx(4096,5): error TS2339: Property 'hkern' does not exist on type 'JSX.IntrinsicElements'.
src/icons/Fonts/general-sans/GeneralSansRegular.tsx(4097,5): error TS2339: Property 'hkern' does not exist on type 'JSX.IntrinsicElements'.
src/icons/Fonts/general-sans/GeneralSansRegular.tsx(4098,5): error TS2339: Property 'hkern' does not exist on type 'JSX.IntrinsicElements'.
src/icons/Fonts/general-sans/GeneralSansRegular.tsx(4099,5): error TS2339: Property 'hkern' does not exist on type 'JSX.IntrinsicElements'.
src/icons/Fonts/general-sans/GeneralSansRegular.tsx(4100,5): error TS2339: Property 'hkern' does not exist on type 'JSX.IntrinsicElements'.
src/icons/Fonts/general-sans/GeneralSansRegular.tsx(4101,5): error TS2339: Property 'hkern' does not exist on type 'JSX.IntrinsicElements'.
src/icons/Fonts/general-sans/GeneralSansRegular.tsx(4102,5): error TS2339: Property 'hkern' does not exist on type 'JSX.IntrinsicElements'.
src/icons/Fonts/general-sans/GeneralSansRegular.tsx(4103,5): error TS2339: Property 'hkern' does not exist on type 'JSX.IntrinsicElements'.
src/icons/Fonts/general-sans/GeneralSansRegular.tsx(4104,5): error TS2339: Property 'hkern' does not exist on type 'JSX.IntrinsicElements'.
src/icons/Fonts/general-sans/GeneralSansRegular.tsx(4105,5): error TS2339: Property 'hkern' does not exist on type 'JSX.IntrinsicElements'.
src/icons/Fonts/general-sans/GeneralSansRegular.tsx(4106,5): error TS2339: Property 'hkern' does not exist on type 'JSX.IntrinsicElements'.
src/icons/Fonts/general-sans/GeneralSansRegular.tsx(4107,5): error TS2339: Property 'hkern' does not exist on type 'JSX.IntrinsicElements'.
src/icons/Fonts/general-sans/GeneralSansRegular.tsx(4108,5): error TS2339: Property 'hkern' does not exist on type 'JSX.IntrinsicElements'.
src/icons/Fonts/general-sans/GeneralSansRegular.tsx(4109,5): error TS2339: Property 'hkern' does not exist on type 'JSX.IntrinsicElements'.
src/icons/Fonts/general-sans/GeneralSansRegular.tsx(4110,5): error TS2339: Property 'hkern' does not exist on type 'JSX.IntrinsicElements'.
src/icons/Fonts/general-sans/GeneralSansRegular.tsx(4111,5): error TS2339: Property 'hkern' does not exist on type 'JSX.IntrinsicElements'.
src/icons/Fonts/general-sans/GeneralSansRegular.tsx(4112,5): error TS2339: Property 'hkern' does not exist on type 'JSX.IntrinsicElements'.
src/icons/Fonts/general-sans/GeneralSansRegular.tsx(4113,5): error TS2339: Property 'hkern' does not exist on type 'JSX.IntrinsicElements'.
src/icons/Fonts/general-sans/GeneralSansRegular.tsx(4114,5): error TS2339: Property 'hkern' does not exist on type 'JSX.IntrinsicElements'.
src/icons/Fonts/general-sans/GeneralSansRegular.tsx(4115,5): error TS2339: Property 'hkern' does not exist on type 'JSX.IntrinsicElements'.
src/icons/Fonts/general-sans/GeneralSansRegular.tsx(4116,5): error TS2339: Property 'hkern' does not exist on type 'JSX.IntrinsicElements'.
src/icons/Fonts/general-sans/GeneralSansRegular.tsx(4117,5): error TS2339: Property 'hkern' does not exist on type 'JSX.IntrinsicElements'.
src/icons/Fonts/general-sans/GeneralSansRegular.tsx(4118,5): error TS2339: Property 'hkern' does not exist on type 'JSX.IntrinsicElements'.
src/icons/Fonts/general-sans/GeneralSansRegular.tsx(4119,5): error TS2339: Property 'hkern' does not exist on type 'JSX.IntrinsicElements'.
src/icons/Fonts/general-sans/GeneralSansRegular.tsx(4120,5): error TS2339: Property 'hkern' does not exist on type 'JSX.IntrinsicElements'.
src/icons/Fonts/general-sans/GeneralSansRegular.tsx(4121,5): error TS2339: Property 'hkern' does not exist on type 'JSX.IntrinsicElements'.
src/icons/Fonts/general-sans/GeneralSansRegular.tsx(4122,5): error TS2339: Property 'hkern' does not exist on type 'JSX.IntrinsicElements'.
src/icons/Fonts/general-sans/GeneralSansRegular.tsx(4123,5): error TS2339: Property 'hkern' does not exist on type 'JSX.IntrinsicElements'.
src/icons/Fonts/general-sans/GeneralSansRegular.tsx(4124,5): error TS2339: Property 'hkern' does not exist on type 'JSX.IntrinsicElements'.
src/icons/Fonts/general-sans/GeneralSansRegular.tsx(4125,5): error TS2339: Property 'hkern' does not exist on type 'JSX.IntrinsicElements'.
src/icons/Fonts/general-sans/GeneralSansRegular.tsx(4126,5): error TS2339: Property 'hkern' does not exist on type 'JSX.IntrinsicElements'.
src/icons/Fonts/general-sans/GeneralSansRegular.tsx(4127,5): error TS2339: Property 'hkern' does not exist on type 'JSX.IntrinsicElements'.
src/icons/Fonts/general-sans/GeneralSansRegular.tsx(4128,5): error TS2339: Property 'hkern' does not exist on type 'JSX.IntrinsicElements'.
src/icons/Fonts/general-sans/GeneralSansRegular.tsx(4129,5): error TS2339: Property 'hkern' does not exist on type 'JSX.IntrinsicElements'.
src/icons/Fonts/general-sans/GeneralSansRegular.tsx(4130,5): error TS2339: Property 'hkern' does not exist on type 'JSX.IntrinsicElements'.
src/icons/Fonts/general-sans/GeneralSansRegular.tsx(4131,5): error TS2339: Property 'hkern' does not exist on type 'JSX.IntrinsicElements'.
src/icons/Fonts/general-sans/GeneralSansRegular.tsx(4132,5): error TS2339: Property 'hkern' does not exist on type 'JSX.IntrinsicElements'.
src/icons/Fonts/general-sans/GeneralSansRegular.tsx(4133,5): error TS2339: Property 'hkern' does not exist on type 'JSX.IntrinsicElements'.
src/icons/Fonts/general-sans/GeneralSansRegular.tsx(4134,5): error TS2339: Property 'hkern' does not exist on type 'JSX.IntrinsicElements'.
src/icons/Fonts/general-sans/GeneralSansRegular.tsx(4135,5): error TS2339: Property 'hkern' does not exist on type 'JSX.IntrinsicElements'.
src/icons/Fonts/general-sans/GeneralSansRegular.tsx(4136,5): error TS2339: Property 'hkern' does not exist on type 'JSX.IntrinsicElements'.
src/icons/Fonts/general-sans/GeneralSansRegular.tsx(4137,5): error TS2339: Property 'hkern' does not exist on type 'JSX.IntrinsicElements'.
src/icons/Fonts/general-sans/GeneralSansRegular.tsx(4138,5): error TS2339: Property 'hkern' does not exist on type 'JSX.IntrinsicElements'.
src/icons/Fonts/general-sans/GeneralSansRegular.tsx(4139,5): error TS2339: Property 'hkern' does not exist on type 'JSX.IntrinsicElements'.
src/icons/Fonts/general-sans/GeneralSansRegular.tsx(4140,5): error TS2339: Property 'hkern' does not exist on type 'JSX.IntrinsicElements'.
src/icons/Fonts/general-sans/GeneralSansRegular.tsx(4141,5): error TS2339: Property 'hkern' does not exist on type 'JSX.IntrinsicElements'.
src/icons/Fonts/general-sans/GeneralSansRegular.tsx(4142,5): error TS2339: Property 'hkern' does not exist on type 'JSX.IntrinsicElements'.
src/icons/Fonts/general-sans/GeneralSansRegular.tsx(4143,5): error TS2339: Property 'hkern' does not exist on type 'JSX.IntrinsicElements'.
src/icons/Fonts/general-sans/GeneralSansRegular.tsx(4144,5): error TS2339: Property 'hkern' does not exist on type 'JSX.IntrinsicElements'.
src/icons/Fonts/general-sans/GeneralSansRegular.tsx(4145,5): error TS2339: Property 'hkern' does not exist on type 'JSX.IntrinsicElements'.
src/icons/Fonts/general-sans/GeneralSansRegular.tsx(4146,5): error TS2339: Property 'hkern' does not exist on type 'JSX.IntrinsicElements'.
src/icons/Fonts/general-sans/GeneralSansRegular.tsx(4147,5): error TS2339: Property 'hkern' does not exist on type 'JSX.IntrinsicElements'.
src/icons/Fonts/general-sans/GeneralSansRegular.tsx(4148,5): error TS2339: Property 'hkern' does not exist on type 'JSX.IntrinsicElements'.
src/icons/Fonts/general-sans/GeneralSansRegular.tsx(4149,5): error TS2339: Property 'hkern' does not exist on type 'JSX.IntrinsicElements'.
src/icons/Fonts/general-sans/GeneralSansRegular.tsx(4150,5): error TS2339: Property 'hkern' does not exist on type 'JSX.IntrinsicElements'.
src/icons/Fonts/general-sans/GeneralSansRegular.tsx(4151,5): error TS2339: Property 'hkern' does not exist on type 'JSX.IntrinsicElements'.
src/icons/Fonts/general-sans/GeneralSansRegular.tsx(4152,5): error TS2339: Property 'hkern' does not exist on type 'JSX.IntrinsicElements'.
src/icons/Fonts/general-sans/GeneralSansRegular.tsx(4153,5): error TS2339: Property 'hkern' does not exist on type 'JSX.IntrinsicElements'.
src/icons/Fonts/general-sans/GeneralSansRegular.tsx(4154,5): error TS2339: Property 'hkern' does not exist on type 'JSX.IntrinsicElements'.
src/icons/Fonts/general-sans/GeneralSansRegular.tsx(4155,5): error TS2339: Property 'hkern' does not exist on type 'JSX.IntrinsicElements'.
src/icons/Fonts/general-sans/GeneralSansRegular.tsx(4156,5): error TS2339: Property 'hkern' does not exist on type 'JSX.IntrinsicElements'.
src/icons/Fonts/general-sans/GeneralSansRegular.tsx(4157,5): error TS2339: Property 'hkern' does not exist on type 'JSX.IntrinsicElements'.
src/icons/Fonts/general-sans/GeneralSansRegular.tsx(4158,5): error TS2339: Property 'hkern' does not exist on type 'JSX.IntrinsicElements'.
src/icons/Fonts/general-sans/GeneralSansRegular.tsx(4159,5): error TS2339: Property 'hkern' does not exist on type 'JSX.IntrinsicElements'.
src/icons/Fonts/general-sans/GeneralSansRegular.tsx(4160,5): error TS2339: Property 'hkern' does not exist on type 'JSX.IntrinsicElements'.
src/icons/Fonts/general-sans/GeneralSansRegular.tsx(4161,5): error TS2339: Property 'hkern' does not exist on type 'JSX.IntrinsicElements'.
src/icons/Fonts/general-sans/GeneralSansRegular.tsx(4162,5): error TS2339: Property 'hkern' does not exist on type 'JSX.IntrinsicElements'.
src/icons/Fonts/general-sans/GeneralSansRegular.tsx(4163,5): error TS2339: Property 'hkern' does not exist on type 'JSX.IntrinsicElements'.
src/icons/Fonts/general-sans/GeneralSansRegular.tsx(4164,5): error TS2339: Property 'hkern' does not exist on type 'JSX.IntrinsicElements'.
src/icons/Fonts/general-sans/GeneralSansRegular.tsx(4165,5): error TS2339: Property 'hkern' does not exist on type 'JSX.IntrinsicElements'.
src/icons/Fonts/general-sans/GeneralSansRegular.tsx(4166,5): error TS2339: Property 'hkern' does not exist on type 'JSX.IntrinsicElements'.
src/icons/Fonts/general-sans/GeneralSansRegular.tsx(4167,5): error TS2339: Property 'hkern' does not exist on type 'JSX.IntrinsicElements'.
src/icons/Fonts/general-sans/GeneralSansRegular.tsx(4168,5): error TS2339: Property 'hkern' does not exist on type 'JSX.IntrinsicElements'.
src/icons/Fonts/general-sans/GeneralSansRegular.tsx(4169,5): error TS2339: Property 'hkern' does not exist on type 'JSX.IntrinsicElements'.
src/icons/Fonts/general-sans/GeneralSansRegular.tsx(4170,5): error TS2339: Property 'hkern' does not exist on type 'JSX.IntrinsicElements'.
src/icons/Fonts/general-sans/GeneralSansRegular.tsx(4171,5): error TS2339: Property 'hkern' does not exist on type 'JSX.IntrinsicElements'.
src/icons/Fonts/general-sans/GeneralSansRegular.tsx(4172,5): error TS2339: Property 'hkern' does not exist on type 'JSX.IntrinsicElements'.
src/icons/Fonts/general-sans/GeneralSansRegular.tsx(4173,5): error TS2339: Property 'hkern' does not exist on type 'JSX.IntrinsicElements'.
src/icons/Fonts/general-sans/GeneralSansRegular.tsx(4174,5): error TS2339: Property 'hkern' does not exist on type 'JSX.IntrinsicElements'.
src/icons/Fonts/general-sans/GeneralSansRegular.tsx(4175,5): error TS2339: Property 'hkern' does not exist on type 'JSX.IntrinsicElements'.
src/icons/Fonts/general-sans/GeneralSansRegular.tsx(4176,5): error TS2339: Property 'hkern' does not exist on type 'JSX.IntrinsicElements'.
src/icons/Fonts/general-sans/GeneralSansRegular.tsx(4177,5): error TS2339: Property 'hkern' does not exist on type 'JSX.IntrinsicElements'.
src/icons/Fonts/general-sans/GeneralSansRegular.tsx(4178,5): error TS2339: Property 'hkern' does not exist on type 'JSX.IntrinsicElements'.
src/icons/Fonts/general-sans/GeneralSansRegular.tsx(4179,5): error TS2339: Property 'hkern' does not exist on type 'JSX.IntrinsicElements'.
src/icons/Fonts/general-sans/GeneralSansRegular.tsx(4180,5): error TS2339: Property 'hkern' does not exist on type 'JSX.IntrinsicElements'.
src/icons/Fonts/general-sans/GeneralSansRegular.tsx(4181,5): error TS2339: Property 'hkern' does not exist on type 'JSX.IntrinsicElements'.
src/icons/Fonts/general-sans/GeneralSansRegular.tsx(4182,5): error TS2339: Property 'hkern' does not exist on type 'JSX.IntrinsicElements'.
src/icons/Fonts/general-sans/GeneralSansRegular.tsx(4183,5): error TS2339: Property 'hkern' does not exist on type 'JSX.IntrinsicElements'.
src/icons/Fonts/general-sans/GeneralSansRegular.tsx(4184,5): error TS2339: Property 'hkern' does not exist on type 'JSX.IntrinsicElements'.
src/icons/Fonts/general-sans/GeneralSansRegular.tsx(4185,5): error TS2339: Property 'hkern' does not exist on type 'JSX.IntrinsicElements'.
src/icons/Fonts/general-sans/GeneralSansRegular.tsx(4186,5): error TS2339: Property 'hkern' does not exist on type 'JSX.IntrinsicElements'.
src/icons/Fonts/general-sans/GeneralSansRegular.tsx(4187,5): error TS2339: Property 'hkern' does not exist on type 'JSX.IntrinsicElements'.
src/icons/Fonts/general-sans/GeneralSansRegular.tsx(4188,5): error TS2339: Property 'hkern' does not exist on type 'JSX.IntrinsicElements'.
src/icons/Fonts/general-sans/GeneralSansRegular.tsx(4189,5): error TS2339: Property 'hkern' does not exist on type 'JSX.IntrinsicElements'.
src/icons/Fonts/general-sans/GeneralSansRegular.tsx(4190,5): error TS2339: Property 'hkern' does not exist on type 'JSX.IntrinsicElements'.
src/icons/Fonts/general-sans/GeneralSansRegular.tsx(4191,5): error TS2339: Property 'hkern' does not exist on type 'JSX.IntrinsicElements'.
src/icons/Fonts/general-sans/GeneralSansRegular.tsx(4192,5): error TS2339: Property 'hkern' does not exist on type 'JSX.IntrinsicElements'.
src/icons/Fonts/general-sans/GeneralSansRegular.tsx(4193,5): error TS2339: Property 'hkern' does not exist on type 'JSX.IntrinsicElements'.
src/icons/Fonts/general-sans/GeneralSansRegular.tsx(4194,5): error TS2339: Property 'hkern' does not exist on type 'JSX.IntrinsicElements'.
src/icons/Fonts/general-sans/GeneralSansRegular.tsx(4195,5): error TS2339: Property 'hkern' does not exist on type 'JSX.IntrinsicElements'.
src/icons/Fonts/general-sans/GeneralSansRegular.tsx(4196,5): error TS2339: Property 'hkern' does not exist on type 'JSX.IntrinsicElements'.
src/icons/Fonts/general-sans/GeneralSansRegular.tsx(4197,5): error TS2339: Property 'hkern' does not exist on type 'JSX.IntrinsicElements'.
src/icons/Fonts/general-sans/GeneralSansRegular.tsx(4198,5): error TS2339: Property 'hkern' does not exist on type 'JSX.IntrinsicElements'.
src/icons/Fonts/general-sans/GeneralSansRegular.tsx(4199,5): error TS2339: Property 'hkern' does not exist on type 'JSX.IntrinsicElements'.
src/icons/Fonts/general-sans/GeneralSansRegular.tsx(4200,5): error TS2339: Property 'hkern' does not exist on type 'JSX.IntrinsicElements'.
src/icons/Fonts/general-sans/GeneralSansRegular.tsx(4201,5): error TS2339: Property 'hkern' does not exist on type 'JSX.IntrinsicElements'.
src/icons/Fonts/general-sans/GeneralSansRegular.tsx(4202,5): error TS2339: Property 'hkern' does not exist on type 'JSX.IntrinsicElements'.
src/icons/Fonts/general-sans/GeneralSansRegular.tsx(4203,5): error TS2339: Property 'hkern' does not exist on type 'JSX.IntrinsicElements'.
src/icons/Fonts/general-sans/GeneralSansRegular.tsx(4204,5): error TS2339: Property 'hkern' does not exist on type 'JSX.IntrinsicElements'.
src/icons/Fonts/general-sans/GeneralSansRegular.tsx(4205,5): error TS2339: Property 'hkern' does not exist on type 'JSX.IntrinsicElements'.
src/icons/Fonts/general-sans/GeneralSansRegular.tsx(4206,5): error TS2339: Property 'hkern' does not exist on type 'JSX.IntrinsicElements'.
src/icons/Fonts/general-sans/GeneralSansRegular.tsx(4207,5): error TS2339: Property 'hkern' does not exist on type 'JSX.IntrinsicElements'.
src/icons/Fonts/general-sans/GeneralSansRegular.tsx(4208,5): error TS2339: Property 'hkern' does not exist on type 'JSX.IntrinsicElements'.
src/icons/Fonts/general-sans/GeneralSansRegular.tsx(4209,5): error TS2339: Property 'hkern' does not exist on type 'JSX.IntrinsicElements'.
src/icons/Fonts/general-sans/GeneralSansRegular.tsx(4210,5): error TS2339: Property 'hkern' does not exist on type 'JSX.IntrinsicElements'.
src/icons/Fonts/general-sans/GeneralSansRegular.tsx(4211,5): error TS2339: Property 'hkern' does not exist on type 'JSX.IntrinsicElements'.
src/icons/Fonts/general-sans/GeneralSansRegular.tsx(4212,5): error TS2339: Property 'hkern' does not exist on type 'JSX.IntrinsicElements'.
src/icons/Fonts/general-sans/GeneralSansRegular.tsx(4213,5): error TS2339: Property 'hkern' does not exist on type 'JSX.IntrinsicElements'.
src/icons/Fonts/general-sans/GeneralSansRegular.tsx(4214,5): error TS2339: Property 'hkern' does not exist on type 'JSX.IntrinsicElements'.
src/icons/Fonts/general-sans/GeneralSansRegular.tsx(4215,5): error TS2339: Property 'hkern' does not exist on type 'JSX.IntrinsicElements'.
src/icons/Fonts/general-sans/GeneralSansRegular.tsx(4216,5): error TS2339: Property 'hkern' does not exist on type 'JSX.IntrinsicElements'.
src/icons/Fonts/general-sans/GeneralSansRegular.tsx(4217,5): error TS2339: Property 'hkern' does not exist on type 'JSX.IntrinsicElements'.
src/icons/Fonts/general-sans/GeneralSansRegular.tsx(4218,5): error TS2339: Property 'hkern' does not exist on type 'JSX.IntrinsicElements'.
src/icons/Fonts/general-sans/GeneralSansRegular.tsx(4219,5): error TS2339: Property 'hkern' does not exist on type 'JSX.IntrinsicElements'.
src/icons/Fonts/general-sans/GeneralSansRegular.tsx(4220,5): error TS2339: Property 'hkern' does not exist on type 'JSX.IntrinsicElements'.
src/icons/Fonts/general-sans/GeneralSansRegular.tsx(4221,5): error TS2339: Property 'hkern' does not exist on type 'JSX.IntrinsicElements'.
src/icons/Fonts/general-sans/GeneralSansRegular.tsx(4222,5): error TS2339: Property 'hkern' does not exist on type 'JSX.IntrinsicElements'.
src/icons/Fonts/general-sans/GeneralSansRegular.tsx(4223,5): error TS2339: Property 'hkern' does not exist on type 'JSX.IntrinsicElements'.
src/icons/Fonts/general-sans/GeneralSansRegular.tsx(4224,5): error TS2339: Property 'hkern' does not exist on type 'JSX.IntrinsicElements'.
src/icons/Fonts/general-sans/GeneralSansRegular.tsx(4225,5): error TS2339: Property 'hkern' does not exist on type 'JSX.IntrinsicElements'.
src/icons/Fonts/general-sans/GeneralSansRegular.tsx(4226,5): error TS2339: Property 'hkern' does not exist on type 'JSX.IntrinsicElements'.
src/icons/Fonts/general-sans/GeneralSansRegular.tsx(4227,5): error TS2339: Property 'hkern' does not exist on type 'JSX.IntrinsicElements'.
src/icons/Fonts/general-sans/GeneralSansRegular.tsx(4228,5): error TS2339: Property 'hkern' does not exist on type 'JSX.IntrinsicElements'.
src/icons/Fonts/general-sans/GeneralSansRegular.tsx(4229,5): error TS2339: Property 'hkern' does not exist on type 'JSX.IntrinsicElements'.
src/icons/Fonts/general-sans/GeneralSansRegular.tsx(4230,5): error TS2339: Property 'hkern' does not exist on type 'JSX.IntrinsicElements'.
src/icons/Fonts/general-sans/GeneralSansRegular.tsx(4231,5): error TS2339: Property 'hkern' does not exist on type 'JSX.IntrinsicElements'.
src/icons/Fonts/general-sans/GeneralSansRegular.tsx(4232,5): error TS2339: Property 'hkern' does not exist on type 'JSX.IntrinsicElements'.
src/icons/Fonts/general-sans/GeneralSansRegular.tsx(4233,5): error TS2339: Property 'hkern' does not exist on type 'JSX.IntrinsicElements'.
src/icons/Fonts/general-sans/GeneralSansRegular.tsx(4234,5): error TS2339: Property 'hkern' does not exist on type 'JSX.IntrinsicElements'.
src/icons/Fonts/general-sans/GeneralSansRegular.tsx(4235,5): error TS2339: Property 'hkern' does not exist on type 'JSX.IntrinsicElements'.
src/icons/Fonts/general-sans/GeneralSansRegular.tsx(4236,5): error TS2339: Property 'hkern' does not exist on type 'JSX.IntrinsicElements'.
src/icons/Fonts/general-sans/GeneralSansRegular.tsx(4237,5): error TS2339: Property 'hkern' does not exist on type 'JSX.IntrinsicElements'.
src/icons/Fonts/general-sans/GeneralSansRegular.tsx(4238,5): error TS2339: Property 'hkern' does not exist on type 'JSX.IntrinsicElements'.
src/icons/Fonts/general-sans/GeneralSansRegular.tsx(4239,5): error TS2339: Property 'hkern' does not exist on type 'JSX.IntrinsicElements'.
src/icons/Fonts/general-sans/GeneralSansRegular.tsx(4240,5): error TS2339: Property 'hkern' does not exist on type 'JSX.IntrinsicElements'.
src/icons/Fonts/general-sans/GeneralSansRegular.tsx(4241,5): error TS2339: Property 'hkern' does not exist on type 'JSX.IntrinsicElements'.
src/icons/Fonts/general-sans/GeneralSansRegular.tsx(4242,5): error TS2339: Property 'hkern' does not exist on type 'JSX.IntrinsicElements'.
src/icons/Fonts/general-sans/GeneralSansRegular.tsx(4243,5): error TS2339: Property 'hkern' does not exist on type 'JSX.IntrinsicElements'.
src/icons/Fonts/general-sans/GeneralSansRegular.tsx(4244,5): error TS2339: Property 'hkern' does not exist on type 'JSX.IntrinsicElements'.
src/icons/Fonts/general-sans/GeneralSansRegular.tsx(4245,5): error TS2339: Property 'hkern' does not exist on type 'JSX.IntrinsicElements'.
src/icons/Fonts/general-sans/GeneralSansRegular.tsx(4246,5): error TS2339: Property 'hkern' does not exist on type 'JSX.IntrinsicElements'.
src/icons/Fonts/general-sans/GeneralSansRegular.tsx(4247,5): error TS2339: Property 'hkern' does not exist on type 'JSX.IntrinsicElements'.
src/icons/Fonts/general-sans/GeneralSansRegular.tsx(4248,5): error TS2339: Property 'hkern' does not exist on type 'JSX.IntrinsicElements'.
src/icons/Fonts/general-sans/GeneralSansRegular.tsx(4249,5): error TS2339: Property 'hkern' does not exist on type 'JSX.IntrinsicElements'.
src/icons/Fonts/general-sans/GeneralSansRegular.tsx(4250,5): error TS2339: Property 'hkern' does not exist on type 'JSX.IntrinsicElements'.
src/icons/Fonts/general-sans/GeneralSansRegular.tsx(4251,5): error TS2339: Property 'hkern' does not exist on type 'JSX.IntrinsicElements'.
src/icons/Fonts/general-sans/GeneralSansRegular.tsx(4252,5): error TS2339: Property 'hkern' does not exist on type 'JSX.IntrinsicElements'.
src/icons/Fonts/general-sans/GeneralSansRegular.tsx(4253,5): error TS2339: Property 'hkern' does not exist on type 'JSX.IntrinsicElements'.
src/icons/Fonts/general-sans/GeneralSansRegular.tsx(4254,5): error TS2339: Property 'hkern' does not exist on type 'JSX.IntrinsicElements'.
src/icons/Fonts/general-sans/GeneralSansRegular.tsx(4255,5): error TS2339: Property 'hkern' does not exist on type 'JSX.IntrinsicElements'.
src/icons/Fonts/general-sans/GeneralSansRegular.tsx(4256,5): error TS2339: Property 'hkern' does not exist on type 'JSX.IntrinsicElements'.
src/icons/Fonts/general-sans/GeneralSansRegular.tsx(4257,5): error TS2339: Property 'hkern' does not exist on type 'JSX.IntrinsicElements'.
src/icons/Fonts/general-sans/GeneralSansRegular.tsx(4258,5): error TS2339: Property 'hkern' does not exist on type 'JSX.IntrinsicElements'.
src/icons/Fonts/general-sans/GeneralSansRegular.tsx(4259,5): error TS2339: Property 'hkern' does not exist on type 'JSX.IntrinsicElements'.
src/icons/Fonts/general-sans/GeneralSansRegular.tsx(4260,5): error TS2339: Property 'hkern' does not exist on type 'JSX.IntrinsicElements'.
src/icons/Fonts/general-sans/GeneralSansRegular.tsx(4261,5): error TS2339: Property 'hkern' does not exist on type 'JSX.IntrinsicElements'.
src/icons/Fonts/general-sans/GeneralSansRegular.tsx(4262,5): error TS2339: Property 'hkern' does not exist on type 'JSX.IntrinsicElements'.
src/icons/Fonts/general-sans/GeneralSansRegular.tsx(4263,5): error TS2339: Property 'hkern' does not exist on type 'JSX.IntrinsicElements'.
src/icons/Fonts/general-sans/GeneralSansRegular.tsx(4264,5): error TS2339: Property 'hkern' does not exist on type 'JSX.IntrinsicElements'.
src/icons/Fonts/general-sans/GeneralSansRegular.tsx(4265,5): error TS2339: Property 'hkern' does not exist on type 'JSX.IntrinsicElements'.
src/icons/Fonts/general-sans/GeneralSansRegular.tsx(4266,5): error TS2339: Property 'hkern' does not exist on type 'JSX.IntrinsicElements'.
src/icons/Fonts/general-sans/GeneralSansRegular.tsx(4267,5): error TS2339: Property 'hkern' does not exist on type 'JSX.IntrinsicElements'.
src/icons/Fonts/general-sans/GeneralSansRegular.tsx(4268,5): error TS2339: Property 'hkern' does not exist on type 'JSX.IntrinsicElements'.
src/icons/Fonts/general-sans/GeneralSansRegular.tsx(4269,5): error TS2339: Property 'hkern' does not exist on type 'JSX.IntrinsicElements'.
src/icons/Fonts/general-sans/GeneralSansRegular.tsx(4270,5): error TS2339: Property 'hkern' does not exist on type 'JSX.IntrinsicElements'.
src/icons/Fonts/general-sans/GeneralSansRegular.tsx(4271,5): error TS2339: Property 'hkern' does not exist on type 'JSX.IntrinsicElements'.
src/icons/Fonts/general-sans/GeneralSansRegular.tsx(4272,5): error TS2339: Property 'hkern' does not exist on type 'JSX.IntrinsicElements'.
src/icons/Fonts/general-sans/GeneralSansRegular.tsx(4273,5): error TS2339: Property 'hkern' does not exist on type 'JSX.IntrinsicElements'.
src/icons/Fonts/general-sans/GeneralSansRegular.tsx(4274,5): error TS2339: Property 'hkern' does not exist on type 'JSX.IntrinsicElements'.
src/icons/Fonts/general-sans/GeneralSansRegular.tsx(4275,5): error TS2339: Property 'hkern' does not exist on type 'JSX.IntrinsicElements'.
src/icons/Fonts/general-sans/GeneralSansRegular.tsx(4276,5): error TS2339: Property 'hkern' does not exist on type 'JSX.IntrinsicElements'.
src/icons/Fonts/general-sans/GeneralSansRegular.tsx(4277,5): error TS2339: Property 'hkern' does not exist on type 'JSX.IntrinsicElements'.
src/icons/Fonts/general-sans/GeneralSansRegular.tsx(4278,5): error TS2339: Property 'hkern' does not exist on type 'JSX.IntrinsicElements'.
src/icons/Fonts/general-sans/GeneralSansRegular.tsx(4279,5): error TS2339: Property 'hkern' does not exist on type 'JSX.IntrinsicElements'.
src/icons/Fonts/general-sans/GeneralSansRegular.tsx(4280,5): error TS2339: Property 'hkern' does not exist on type 'JSX.IntrinsicElements'.
src/icons/Fonts/general-sans/GeneralSansRegular.tsx(4281,5): error TS2339: Property 'hkern' does not exist on type 'JSX.IntrinsicElements'.
src/icons/Fonts/general-sans/GeneralSansRegular.tsx(4282,5): error TS2339: Property 'hkern' does not exist on type 'JSX.IntrinsicElements'.
src/icons/Fonts/general-sans/GeneralSansRegular.tsx(4283,5): error TS2339: Property 'hkern' does not exist on type 'JSX.IntrinsicElements'.
src/icons/Fonts/general-sans/GeneralSansRegular.tsx(4284,5): error TS2339: Property 'hkern' does not exist on type 'JSX.IntrinsicElements'.
src/icons/Fonts/general-sans/GeneralSansRegular.tsx(4285,5): error TS2339: Property 'hkern' does not exist on type 'JSX.IntrinsicElements'.
src/icons/Fonts/general-sans/GeneralSansRegular.tsx(4286,5): error TS2339: Property 'hkern' does not exist on type 'JSX.IntrinsicElements'.
src/icons/Fonts/general-sans/GeneralSansRegular.tsx(4287,5): error TS2339: Property 'hkern' does not exist on type 'JSX.IntrinsicElements'.
src/icons/Fonts/general-sans/GeneralSansRegular.tsx(4288,5): error TS2339: Property 'hkern' does not exist on type 'JSX.IntrinsicElements'.
src/icons/Fonts/general-sans/GeneralSansRegular.tsx(4289,5): error TS2339: Property 'hkern' does not exist on type 'JSX.IntrinsicElements'.
src/icons/Fonts/general-sans/GeneralSansRegular.tsx(4290,5): error TS2339: Property 'hkern' does not exist on type 'JSX.IntrinsicElements'.
src/icons/Fonts/general-sans/GeneralSansRegular.tsx(4291,5): error TS2339: Property 'hkern' does not exist on type 'JSX.IntrinsicElements'.
src/icons/Fonts/general-sans/GeneralSansRegular.tsx(4292,5): error TS2339: Property 'hkern' does not exist on type 'JSX.IntrinsicElements'.
src/icons/Fonts/general-sans/GeneralSansRegular.tsx(4293,5): error TS2339: Property 'hkern' does not exist on type 'JSX.IntrinsicElements'.
src/icons/Fonts/general-sans/GeneralSansRegular.tsx(4294,5): error TS2339: Property 'hkern' does not exist on type 'JSX.IntrinsicElements'.
src/icons/Fonts/general-sans/GeneralSansRegular.tsx(4295,5): error TS2339: Property 'hkern' does not exist on type 'JSX.IntrinsicElements'.
src/icons/Fonts/general-sans/GeneralSansRegular.tsx(4296,5): error TS2339: Property 'hkern' does not exist on type 'JSX.IntrinsicElements'.
src/icons/Fonts/general-sans/GeneralSansRegular.tsx(4297,5): error TS2339: Property 'hkern' does not exist on type 'JSX.IntrinsicElements'.
src/icons/Fonts/general-sans/GeneralSansRegular.tsx(4298,5): error TS2339: Property 'hkern' does not exist on type 'JSX.IntrinsicElements'.
src/icons/Fonts/general-sans/GeneralSansRegular.tsx(4299,5): error TS2339: Property 'hkern' does not exist on type 'JSX.IntrinsicElements'.
src/icons/Fonts/general-sans/GeneralSansRegular.tsx(4300,5): error TS2339: Property 'hkern' does not exist on type 'JSX.IntrinsicElements'.
src/icons/Fonts/general-sans/GeneralSansRegular.tsx(4301,5): error TS2339: Property 'hkern' does not exist on type 'JSX.IntrinsicElements'.
src/icons/Fonts/general-sans/GeneralSansRegular.tsx(4302,5): error TS2339: Property 'hkern' does not exist on type 'JSX.IntrinsicElements'.
src/icons/Fonts/general-sans/GeneralSansRegular.tsx(4303,5): error TS2339: Property 'hkern' does not exist on type 'JSX.IntrinsicElements'.
src/icons/Fonts/general-sans/GeneralSansRegular.tsx(4304,5): error TS2339: Property 'hkern' does not exist on type 'JSX.IntrinsicElements'.
src/icons/Fonts/general-sans/GeneralSansRegular.tsx(4305,5): error TS2339: Property 'hkern' does not exist on type 'JSX.IntrinsicElements'.
src/icons/Fonts/general-sans/GeneralSansRegular.tsx(4306,5): error TS2339: Property 'hkern' does not exist on type 'JSX.IntrinsicElements'.
src/icons/Fonts/general-sans/GeneralSansRegular.tsx(4307,5): error TS2339: Property 'hkern' does not exist on type 'JSX.IntrinsicElements'.
src/icons/Fonts/general-sans/GeneralSansRegular.tsx(4308,5): error TS2339: Property 'hkern' does not exist on type 'JSX.IntrinsicElements'.
src/icons/Fonts/general-sans/GeneralSansRegular.tsx(4309,5): error TS2339: Property 'hkern' does not exist on type 'JSX.IntrinsicElements'.
src/icons/Fonts/general-sans/GeneralSansRegular.tsx(4310,5): error TS2339: Property 'hkern' does not exist on type 'JSX.IntrinsicElements'.
src/icons/Fonts/general-sans/GeneralSansRegular.tsx(4311,5): error TS2339: Property 'hkern' does not exist on type 'JSX.IntrinsicElements'.
src/icons/Fonts/general-sans/GeneralSansRegular.tsx(4312,5): error TS2339: Property 'hkern' does not exist on type 'JSX.IntrinsicElements'.
src/icons/Fonts/general-sans/GeneralSansRegular.tsx(4313,5): error TS2339: Property 'hkern' does not exist on type 'JSX.IntrinsicElements'.
src/icons/Fonts/general-sans/GeneralSansRegular.tsx(4314,5): error TS2339: Property 'hkern' does not exist on type 'JSX.IntrinsicElements'.
src/icons/Fonts/general-sans/GeneralSansRegular.tsx(4315,5): error TS2339: Property 'hkern' does not exist on type 'JSX.IntrinsicElements'.
src/icons/Fonts/general-sans/GeneralSansRegular.tsx(4316,5): error TS2339: Property 'hkern' does not exist on type 'JSX.IntrinsicElements'.
src/icons/Fonts/general-sans/GeneralSansRegular.tsx(4317,5): error TS2339: Property 'hkern' does not exist on type 'JSX.IntrinsicElements'.
src/icons/Fonts/general-sans/GeneralSansRegular.tsx(4318,5): error TS2339: Property 'hkern' does not exist on type 'JSX.IntrinsicElements'.
src/icons/Fonts/general-sans/GeneralSansRegular.tsx(4319,5): error TS2339: Property 'hkern' does not exist on type 'JSX.IntrinsicElements'.
src/icons/Fonts/general-sans/GeneralSansRegular.tsx(4320,5): error TS2339: Property 'hkern' does not exist on type 'JSX.IntrinsicElements'.
src/icons/Fonts/general-sans/GeneralSansRegular.tsx(4321,5): error TS2339: Property 'hkern' does not exist on type 'JSX.IntrinsicElements'.
src/icons/Fonts/general-sans/GeneralSansRegular.tsx(4322,5): error TS2339: Property 'hkern' does not exist on type 'JSX.IntrinsicElements'.
src/icons/Fonts/general-sans/GeneralSansRegular.tsx(4323,5): error TS2339: Property 'hkern' does not exist on type 'JSX.IntrinsicElements'.
src/icons/Fonts/general-sans/GeneralSansRegular.tsx(4324,5): error TS2339: Property 'hkern' does not exist on type 'JSX.IntrinsicElements'.
src/icons/Fonts/general-sans/GeneralSansRegular.tsx(4325,5): error TS2339: Property 'hkern' does not exist on type 'JSX.IntrinsicElements'.
src/icons/Fonts/general-sans/GeneralSansRegular.tsx(4326,5): error TS2339: Property 'hkern' does not exist on type 'JSX.IntrinsicElements'.
src/icons/Fonts/general-sans/GeneralSansRegular.tsx(4327,5): error TS2339: Property 'hkern' does not exist on type 'JSX.IntrinsicElements'.
src/icons/Fonts/general-sans/GeneralSansRegular.tsx(4328,5): error TS2339: Property 'hkern' does not exist on type 'JSX.IntrinsicElements'.
src/icons/Fonts/general-sans/GeneralSansRegular.tsx(4329,5): error TS2339: Property 'hkern' does not exist on type 'JSX.IntrinsicElements'.
src/icons/Fonts/general-sans/GeneralSansRegular.tsx(4330,5): error TS2339: Property 'hkern' does not exist on type 'JSX.IntrinsicElements'.
src/icons/Fonts/general-sans/GeneralSansRegular.tsx(4331,5): error TS2339: Property 'hkern' does not exist on type 'JSX.IntrinsicElements'.
src/icons/Fonts/general-sans/GeneralSansRegular.tsx(4332,5): error TS2339: Property 'hkern' does not exist on type 'JSX.IntrinsicElements'.
src/icons/Fonts/general-sans/GeneralSansRegular.tsx(4333,5): error TS2339: Property 'hkern' does not exist on type 'JSX.IntrinsicElements'.
src/icons/Fonts/general-sans/GeneralSansRegular.tsx(4334,5): error TS2339: Property 'hkern' does not exist on type 'JSX.IntrinsicElements'.
src/icons/Fonts/general-sans/GeneralSansRegular.tsx(4335,5): error TS2339: Property 'hkern' does not exist on type 'JSX.IntrinsicElements'.
src/icons/Fonts/general-sans/GeneralSansRegular.tsx(4336,5): error TS2339: Property 'hkern' does not exist on type 'JSX.IntrinsicElements'.
src/icons/Fonts/general-sans/GeneralSansRegular.tsx(4337,5): error TS2339: Property 'hkern' does not exist on type 'JSX.IntrinsicElements'.
src/icons/Fonts/general-sans/GeneralSansRegular.tsx(4338,5): error TS2339: Property 'hkern' does not exist on type 'JSX.IntrinsicElements'.
src/icons/Fonts/general-sans/GeneralSansRegular.tsx(4339,5): error TS2339: Property 'hkern' does not exist on type 'JSX.IntrinsicElements'.
src/icons/Fonts/general-sans/GeneralSansRegular.tsx(4340,5): error TS2339: Property 'hkern' does not exist on type 'JSX.IntrinsicElements'.
src/icons/Fonts/general-sans/GeneralSansRegular.tsx(4341,5): error TS2339: Property 'hkern' does not exist on type 'JSX.IntrinsicElements'.
src/icons/Fonts/general-sans/GeneralSansRegular.tsx(4342,5): error TS2339: Property 'hkern' does not exist on type 'JSX.IntrinsicElements'.
src/icons/Fonts/general-sans/GeneralSansRegular.tsx(4343,5): error TS2339: Property 'hkern' does not exist on type 'JSX.IntrinsicElements'.
src/icons/Fonts/general-sans/GeneralSansRegular.tsx(4344,5): error TS2339: Property 'hkern' does not exist on type 'JSX.IntrinsicElements'.
src/icons/Fonts/general-sans/GeneralSansRegular.tsx(4345,5): error TS2339: Property 'hkern' does not exist on type 'JSX.IntrinsicElements'.
src/icons/Fonts/general-sans/GeneralSansRegular.tsx(4346,5): error TS2339: Property 'hkern' does not exist on type 'JSX.IntrinsicElements'.
src/icons/Fonts/general-sans/GeneralSansRegular.tsx(4347,5): error TS2339: Property 'hkern' does not exist on type 'JSX.IntrinsicElements'.
src/icons/Fonts/general-sans/GeneralSansRegular.tsx(4348,5): error TS2339: Property 'hkern' does not exist on type 'JSX.IntrinsicElements'.
src/icons/Fonts/general-sans/GeneralSansRegular.tsx(4349,5): error TS2339: Property 'hkern' does not exist on type 'JSX.IntrinsicElements'.
src/icons/Fonts/general-sans/GeneralSansRegular.tsx(4350,5): error TS2339: Property 'hkern' does not exist on type 'JSX.IntrinsicElements'.
src/icons/Fonts/general-sans/GeneralSansRegular.tsx(4351,5): error TS2339: Property 'hkern' does not exist on type 'JSX.IntrinsicElements'.
src/icons/Fonts/general-sans/GeneralSansRegular.tsx(4352,5): error TS2339: Property 'hkern' does not exist on type 'JSX.IntrinsicElements'.
src/icons/Fonts/general-sans/GeneralSansRegular.tsx(4353,5): error TS2339: Property 'hkern' does not exist on type 'JSX.IntrinsicElements'.
src/icons/Fonts/general-sans/GeneralSansRegular.tsx(4354,5): error TS2339: Property 'hkern' does not exist on type 'JSX.IntrinsicElements'.
src/icons/Fonts/general-sans/GeneralSansRegular.tsx(4355,5): error TS2339: Property 'hkern' does not exist on type 'JSX.IntrinsicElements'.
src/icons/Fonts/general-sans/GeneralSansRegular.tsx(4356,5): error TS2339: Property 'hkern' does not exist on type 'JSX.IntrinsicElements'.
src/icons/Fonts/general-sans/GeneralSansRegular.tsx(4357,5): error TS2339: Property 'hkern' does not exist on type 'JSX.IntrinsicElements'.
src/icons/Fonts/general-sans/GeneralSansRegular.tsx(4358,5): error TS2339: Property 'hkern' does not exist on type 'JSX.IntrinsicElements'.
src/icons/Fonts/general-sans/GeneralSansRegular.tsx(4359,5): error TS2339: Property 'hkern' does not exist on type 'JSX.IntrinsicElements'.
src/icons/Fonts/general-sans/GeneralSansRegular.tsx(4360,5): error TS2339: Property 'hkern' does not exist on type 'JSX.IntrinsicElements'.
src/icons/Fonts/general-sans/GeneralSansRegular.tsx(4361,5): error TS2339: Property 'hkern' does not exist on type 'JSX.IntrinsicElements'.
src/icons/Fonts/general-sans/GeneralSansRegular.tsx(4362,5): error TS2339: Property 'hkern' does not exist on type 'JSX.IntrinsicElements'.
src/icons/Fonts/general-sans/GeneralSansRegular.tsx(4363,5): error TS2339: Property 'hkern' does not exist on type 'JSX.IntrinsicElements'.
src/icons/Fonts/general-sans/GeneralSansRegular.tsx(4364,5): error TS2339: Property 'hkern' does not exist on type 'JSX.IntrinsicElements'.
src/icons/Fonts/general-sans/GeneralSansRegular.tsx(4365,5): error TS2339: Property 'hkern' does not exist on type 'JSX.IntrinsicElements'.
src/icons/Fonts/general-sans/GeneralSansRegular.tsx(4366,5): error TS2339: Property 'hkern' does not exist on type 'JSX.IntrinsicElements'.
src/icons/Fonts/general-sans/GeneralSansRegular.tsx(4367,5): error TS2339: Property 'hkern' does not exist on type 'JSX.IntrinsicElements'.
src/icons/Fonts/general-sans/GeneralSansRegular.tsx(4368,5): error TS2339: Property 'hkern' does not exist on type 'JSX.IntrinsicElements'.
src/icons/Fonts/general-sans/GeneralSansRegular.tsx(4369,5): error TS2339: Property 'hkern' does not exist on type 'JSX.IntrinsicElements'.
src/icons/Fonts/general-sans/GeneralSansRegular.tsx(4370,5): error TS2339: Property 'hkern' does not exist on type 'JSX.IntrinsicElements'.
src/icons/Fonts/general-sans/GeneralSansRegular.tsx(4371,5): error TS2339: Property 'hkern' does not exist on type 'JSX.IntrinsicElements'.
src/icons/Fonts/general-sans/GeneralSansRegular.tsx(4372,5): error TS2339: Property 'hkern' does not exist on type 'JSX.IntrinsicElements'.
src/icons/Fonts/general-sans/GeneralSansRegular.tsx(4373,5): error TS2339: Property 'hkern' does not exist on type 'JSX.IntrinsicElements'.
src/icons/Fonts/general-sans/GeneralSansRegular.tsx(4374,5): error TS2339: Property 'hkern' does not exist on type 'JSX.IntrinsicElements'.
src/icons/Fonts/general-sans/GeneralSansRegular.tsx(4375,5): error TS2339: Property 'hkern' does not exist on type 'JSX.IntrinsicElements'.
src/icons/Fonts/general-sans/GeneralSansRegular.tsx(4376,5): error TS2339: Property 'hkern' does not exist on type 'JSX.IntrinsicElements'.
src/icons/Fonts/general-sans/GeneralSansRegular.tsx(4377,5): error TS2339: Property 'hkern' does not exist on type 'JSX.IntrinsicElements'.
src/icons/Fonts/general-sans/GeneralSansRegular.tsx(4378,5): error TS2339: Property 'hkern' does not exist on type 'JSX.IntrinsicElements'.
src/icons/Fonts/general-sans/GeneralSansRegular.tsx(4379,5): error TS2339: Property 'hkern' does not exist on type 'JSX.IntrinsicElements'.
src/icons/Fonts/general-sans/GeneralSansRegular.tsx(4380,5): error TS2339: Property 'hkern' does not exist on type 'JSX.IntrinsicElements'.
src/icons/Fonts/general-sans/GeneralSansRegular.tsx(4381,5): error TS2339: Property 'hkern' does not exist on type 'JSX.IntrinsicElements'.
src/icons/Fonts/general-sans/GeneralSansRegular.tsx(4382,5): error TS2339: Property 'hkern' does not exist on type 'JSX.IntrinsicElements'.
src/icons/Fonts/general-sans/GeneralSansRegular.tsx(4383,5): error TS2339: Property 'hkern' does not exist on type 'JSX.IntrinsicElements'.
src/icons/Fonts/general-sans/GeneralSansRegular.tsx(4384,5): error TS2339: Property 'hkern' does not exist on type 'JSX.IntrinsicElements'.
src/icons/Fonts/general-sans/GeneralSansRegular.tsx(4385,5): error TS2339: Property 'hkern' does not exist on type 'JSX.IntrinsicElements'.
src/icons/Fonts/general-sans/GeneralSansRegular.tsx(4386,5): error TS2339: Property 'hkern' does not exist on type 'JSX.IntrinsicElements'.
src/icons/Fonts/general-sans/GeneralSansRegular.tsx(4387,5): error TS2339: Property 'hkern' does not exist on type 'JSX.IntrinsicElements'.
src/icons/Fonts/general-sans/GeneralSansRegular.tsx(4388,5): error TS2339: Property 'hkern' does not exist on type 'JSX.IntrinsicElements'.
src/icons/Fonts/general-sans/GeneralSansRegular.tsx(4389,5): error TS2339: Property 'hkern' does not exist on type 'JSX.IntrinsicElements'.
src/icons/Fonts/general-sans/GeneralSansRegular.tsx(4390,5): error TS2339: Property 'hkern' does not exist on type 'JSX.IntrinsicElements'.
src/icons/Fonts/general-sans/GeneralSansRegular.tsx(4391,5): error TS2339: Property 'hkern' does not exist on type 'JSX.IntrinsicElements'.
src/icons/Fonts/general-sans/GeneralSansRegular.tsx(4392,5): error TS2339: Property 'hkern' does not exist on type 'JSX.IntrinsicElements'.
src/icons/Fonts/general-sans/GeneralSansRegular.tsx(4393,5): error TS2339: Property 'hkern' does not exist on type 'JSX.IntrinsicElements'.
src/icons/Fonts/general-sans/GeneralSansRegular.tsx(4394,5): error TS2339: Property 'hkern' does not exist on type 'JSX.IntrinsicElements'.
src/icons/Fonts/general-sans/GeneralSansRegular.tsx(4395,5): error TS2339: Property 'hkern' does not exist on type 'JSX.IntrinsicElements'.
src/icons/Fonts/general-sans/GeneralSansRegular.tsx(4396,5): error TS2339: Property 'hkern' does not exist on type 'JSX.IntrinsicElements'.
src/icons/Fonts/general-sans/GeneralSansRegular.tsx(4397,5): error TS2339: Property 'hkern' does not exist on type 'JSX.IntrinsicElements'.
src/icons/Fonts/general-sans/GeneralSansRegular.tsx(4398,5): error TS2339: Property 'hkern' does not exist on type 'JSX.IntrinsicElements'.
src/icons/Fonts/general-sans/GeneralSansRegular.tsx(4399,5): error TS2339: Property 'hkern' does not exist on type 'JSX.IntrinsicElements'.
src/icons/Fonts/general-sans/GeneralSansRegular.tsx(4400,5): error TS2339: Property 'hkern' does not exist on type 'JSX.IntrinsicElements'.
src/icons/Fonts/general-sans/GeneralSansRegular.tsx(4401,5): error TS2339: Property 'hkern' does not exist on type 'JSX.IntrinsicElements'.
src/icons/Fonts/general-sans/GeneralSansRegular.tsx(4402,5): error TS2339: Property 'hkern' does not exist on type 'JSX.IntrinsicElements'.
src/icons/Fonts/general-sans/GeneralSansRegular.tsx(4403,5): error TS2339: Property 'hkern' does not exist on type 'JSX.IntrinsicElements'.
src/icons/Fonts/general-sans/GeneralSansRegular.tsx(4404,5): error TS2339: Property 'hkern' does not exist on type 'JSX.IntrinsicElements'.
src/icons/Fonts/general-sans/GeneralSansRegular.tsx(4405,5): error TS2339: Property 'hkern' does not exist on type 'JSX.IntrinsicElements'.
src/icons/Fonts/general-sans/GeneralSansRegular.tsx(4406,5): error TS2339: Property 'hkern' does not exist on type 'JSX.IntrinsicElements'.
src/icons/Fonts/general-sans/GeneralSansRegular.tsx(4407,5): error TS2339: Property 'hkern' does not exist on type 'JSX.IntrinsicElements'.
src/icons/Fonts/general-sans/GeneralSansRegular.tsx(4408,5): error TS2339: Property 'hkern' does not exist on type 'JSX.IntrinsicElements'.
src/icons/Fonts/general-sans/GeneralSansRegular.tsx(4409,5): error TS2339: Property 'hkern' does not exist on type 'JSX.IntrinsicElements'.
src/icons/Fonts/general-sans/GeneralSansRegular.tsx(4410,5): error TS2339: Property 'hkern' does not exist on type 'JSX.IntrinsicElements'.
src/icons/Fonts/general-sans/GeneralSansRegular.tsx(4411,5): error TS2339: Property 'hkern' does not exist on type 'JSX.IntrinsicElements'.
src/icons/Fonts/general-sans/GeneralSansRegular.tsx(4412,5): error TS2339: Property 'hkern' does not exist on type 'JSX.IntrinsicElements'.
src/icons/Fonts/general-sans/GeneralSansRegular.tsx(4413,5): error TS2339: Property 'hkern' does not exist on type 'JSX.IntrinsicElements'.
src/icons/Fonts/general-sans/GeneralSansRegular.tsx(4414,5): error TS2339: Property 'hkern' does not exist on type 'JSX.IntrinsicElements'.
src/icons/Fonts/general-sans/GeneralSansRegular.tsx(4415,5): error TS2339: Property 'hkern' does not exist on type 'JSX.IntrinsicElements'.
src/icons/Fonts/general-sans/GeneralSansRegular.tsx(4416,5): error TS2339: Property 'hkern' does not exist on type 'JSX.IntrinsicElements'.
src/icons/Fonts/general-sans/GeneralSansRegular.tsx(4417,5): error TS2339: Property 'hkern' does not exist on type 'JSX.IntrinsicElements'.
src/icons/Fonts/general-sans/GeneralSansRegular.tsx(4418,5): error TS2339: Property 'hkern' does not exist on type 'JSX.IntrinsicElements'.
src/icons/Fonts/general-sans/GeneralSansRegular.tsx(4419,5): error TS2339: Property 'hkern' does not exist on type 'JSX.IntrinsicElements'.
src/icons/Fonts/general-sans/GeneralSansRegular.tsx(4420,5): error TS2339: Property 'hkern' does not exist on type 'JSX.IntrinsicElements'.
src/icons/Fonts/general-sans/GeneralSansRegular.tsx(4421,5): error TS2339: Property 'hkern' does not exist on type 'JSX.IntrinsicElements'.
src/icons/Fonts/general-sans/GeneralSansRegular.tsx(4422,5): error TS2339: Property 'hkern' does not exist on type 'JSX.IntrinsicElements'.
src/icons/Fonts/general-sans/GeneralSansRegular.tsx(4423,5): error TS2339: Property 'hkern' does not exist on type 'JSX.IntrinsicElements'.
src/icons/Fonts/general-sans/GeneralSansRegular.tsx(4424,5): error TS2339: Property 'hkern' does not exist on type 'JSX.IntrinsicElements'.
src/icons/Fonts/general-sans/GeneralSansRegular.tsx(4425,5): error TS2339: Property 'hkern' does not exist on type 'JSX.IntrinsicElements'.
src/icons/Fonts/general-sans/GeneralSansRegular.tsx(4426,5): error TS2339: Property 'hkern' does not exist on type 'JSX.IntrinsicElements'.
src/icons/Fonts/general-sans/GeneralSansRegular.tsx(4427,5): error TS2339: Property 'hkern' does not exist on type 'JSX.IntrinsicElements'.
src/icons/Fonts/general-sans/GeneralSansRegular.tsx(4428,5): error TS2339: Property 'hkern' does not exist on type 'JSX.IntrinsicElements'.
src/icons/Fonts/general-sans/GeneralSansRegular.tsx(4429,5): error TS2339: Property 'hkern' does not exist on type 'JSX.IntrinsicElements'.
src/icons/Fonts/general-sans/GeneralSansRegular.tsx(4430,5): error TS2339: Property 'hkern' does not exist on type 'JSX.IntrinsicElements'.
src/icons/Fonts/general-sans/GeneralSansRegular.tsx(4431,5): error TS2339: Property 'hkern' does not exist on type 'JSX.IntrinsicElements'.
src/icons/Fonts/general-sans/GeneralSansRegular.tsx(4432,5): error TS2339: Property 'hkern' does not exist on type 'JSX.IntrinsicElements'.
src/icons/Fonts/general-sans/GeneralSansRegular.tsx(4433,5): error TS2339: Property 'hkern' does not exist on type 'JSX.IntrinsicElements'.
src/icons/Fonts/general-sans/GeneralSansRegular.tsx(4434,5): error TS2339: Property 'hkern' does not exist on type 'JSX.IntrinsicElements'.
src/icons/Fonts/general-sans/GeneralSansRegular.tsx(4435,5): error TS2339: Property 'hkern' does not exist on type 'JSX.IntrinsicElements'.
src/icons/Fonts/general-sans/GeneralSansRegular.tsx(4436,5): error TS2339: Property 'hkern' does not exist on type 'JSX.IntrinsicElements'.
src/icons/Fonts/general-sans/GeneralSansRegular.tsx(4437,5): error TS2339: Property 'hkern' does not exist on type 'JSX.IntrinsicElements'.
src/icons/Fonts/general-sans/GeneralSansRegular.tsx(4438,5): error TS2339: Property 'hkern' does not exist on type 'JSX.IntrinsicElements'.
src/icons/Fonts/general-sans/GeneralSansRegular.tsx(4439,5): error TS2339: Property 'hkern' does not exist on type 'JSX.IntrinsicElements'.
src/icons/Fonts/general-sans/GeneralSansRegular.tsx(4440,5): error TS2339: Property 'hkern' does not exist on type 'JSX.IntrinsicElements'.
src/icons/Fonts/general-sans/GeneralSansRegular.tsx(4441,5): error TS2339: Property 'hkern' does not exist on type 'JSX.IntrinsicElements'.
src/icons/Fonts/general-sans/GeneralSansRegular.tsx(4442,5): error TS2339: Property 'hkern' does not exist on type 'JSX.IntrinsicElements'.
src/icons/Fonts/general-sans/GeneralSansRegular.tsx(4443,5): error TS2339: Property 'hkern' does not exist on type 'JSX.IntrinsicElements'.
src/icons/Fonts/general-sans/GeneralSansRegular.tsx(4444,5): error TS2339: Property 'hkern' does not exist on type 'JSX.IntrinsicElements'.
src/icons/Fonts/general-sans/GeneralSansRegular.tsx(4445,5): error TS2339: Property 'hkern' does not exist on type 'JSX.IntrinsicElements'.
src/icons/Fonts/general-sans/GeneralSansRegular.tsx(4446,5): error TS2339: Property 'hkern' does not exist on type 'JSX.IntrinsicElements'.
src/icons/Fonts/general-sans/GeneralSansRegular.tsx(4447,5): error TS2339: Property 'hkern' does not exist on type 'JSX.IntrinsicElements'.
src/icons/Fonts/general-sans/GeneralSansRegular.tsx(4448,5): error TS2339: Property 'hkern' does not exist on type 'JSX.IntrinsicElements'.
src/icons/Fonts/general-sans/GeneralSansRegular.tsx(4449,5): error TS2339: Property 'hkern' does not exist on type 'JSX.IntrinsicElements'.
src/icons/Fonts/general-sans/GeneralSansRegular.tsx(4450,5): error TS2339: Property 'hkern' does not exist on type 'JSX.IntrinsicElements'.
src/icons/Fonts/general-sans/GeneralSansRegular.tsx(4451,5): error TS2339: Property 'hkern' does not exist on type 'JSX.IntrinsicElements'.
src/icons/Fonts/general-sans/GeneralSansRegular.tsx(4452,5): error TS2339: Property 'hkern' does not exist on type 'JSX.IntrinsicElements'.
src/icons/Fonts/general-sans/GeneralSansRegular.tsx(4453,5): error TS2339: Property 'hkern' does not exist on type 'JSX.IntrinsicElements'.
src/icons/Fonts/general-sans/GeneralSansRegular.tsx(4454,5): error TS2339: Property 'hkern' does not exist on type 'JSX.IntrinsicElements'.
src/icons/Fonts/general-sans/GeneralSansRegular.tsx(4455,5): error TS2339: Property 'hkern' does not exist on type 'JSX.IntrinsicElements'.
src/icons/Fonts/general-sans/GeneralSansRegular.tsx(4456,5): error TS2339: Property 'hkern' does not exist on type 'JSX.IntrinsicElements'.
src/icons/Fonts/general-sans/GeneralSansRegular.tsx(4457,5): error TS2339: Property 'hkern' does not exist on type 'JSX.IntrinsicElements'.
src/icons/Fonts/general-sans/GeneralSansRegular.tsx(4458,5): error TS2339: Property 'hkern' does not exist on type 'JSX.IntrinsicElements'.
src/icons/Fonts/general-sans/GeneralSansRegular.tsx(4459,5): error TS2339: Property 'hkern' does not exist on type 'JSX.IntrinsicElements'.
src/icons/Fonts/general-sans/GeneralSansRegular.tsx(4460,5): error TS2339: Property 'hkern' does not exist on type 'JSX.IntrinsicElements'.
src/icons/Fonts/general-sans/GeneralSansRegular.tsx(4461,5): error TS2339: Property 'hkern' does not exist on type 'JSX.IntrinsicElements'.
src/icons/Fonts/general-sans/GeneralSansRegular.tsx(4462,5): error TS2339: Property 'hkern' does not exist on type 'JSX.IntrinsicElements'.
src/icons/Fonts/general-sans/GeneralSansRegular.tsx(4463,5): error TS2339: Property 'hkern' does not exist on type 'JSX.IntrinsicElements'.
src/icons/Fonts/general-sans/GeneralSansRegular.tsx(4464,5): error TS2339: Property 'hkern' does not exist on type 'JSX.IntrinsicElements'.
src/icons/Fonts/general-sans/GeneralSansRegular.tsx(4465,5): error TS2339: Property 'hkern' does not exist on type 'JSX.IntrinsicElements'.
src/icons/Fonts/general-sans/GeneralSansRegular.tsx(4466,5): error TS2339: Property 'hkern' does not exist on type 'JSX.IntrinsicElements'.
src/icons/Fonts/general-sans/GeneralSansRegular.tsx(4467,5): error TS2339: Property 'hkern' does not exist on type 'JSX.IntrinsicElements'.
src/icons/Fonts/general-sans/GeneralSansRegular.tsx(4468,5): error TS2339: Property 'hkern' does not exist on type 'JSX.IntrinsicElements'.
src/icons/Fonts/general-sans/GeneralSansRegular.tsx(4469,5): error TS2339: Property 'hkern' does not exist on type 'JSX.IntrinsicElements'.
src/icons/Fonts/general-sans/GeneralSansRegular.tsx(4470,5): error TS2339: Property 'hkern' does not exist on type 'JSX.IntrinsicElements'.
src/icons/Fonts/general-sans/GeneralSansRegular.tsx(4471,5): error TS2339: Property 'hkern' does not exist on type 'JSX.IntrinsicElements'.
src/icons/Fonts/general-sans/GeneralSansRegular.tsx(4472,5): error TS2339: Property 'hkern' does not exist on type 'JSX.IntrinsicElements'.
src/icons/Fonts/general-sans/GeneralSansRegular.tsx(4473,5): error TS2339: Property 'hkern' does not exist on type 'JSX.IntrinsicElements'.
src/icons/Fonts/general-sans/GeneralSansRegular.tsx(4474,5): error TS2339: Property 'hkern' does not exist on type 'JSX.IntrinsicElements'.
src/icons/Fonts/general-sans/GeneralSansRegular.tsx(4475,5): error TS2339: Property 'hkern' does not exist on type 'JSX.IntrinsicElements'.
src/icons/Fonts/general-sans/GeneralSansRegular.tsx(4476,5): error TS2339: Property 'hkern' does not exist on type 'JSX.IntrinsicElements'.
src/icons/Fonts/general-sans/GeneralSansRegular.tsx(4477,5): error TS2339: Property 'hkern' does not exist on type 'JSX.IntrinsicElements'.
src/icons/Fonts/general-sans/GeneralSansRegular.tsx(4478,5): error TS2339: Property 'hkern' does not exist on type 'JSX.IntrinsicElements'.
src/icons/Fonts/general-sans/GeneralSansRegular.tsx(4479,5): error TS2339: Property 'hkern' does not exist on type 'JSX.IntrinsicElements'.
src/icons/Fonts/general-sans/GeneralSansRegular.tsx(4480,5): error TS2339: Property 'hkern' does not exist on type 'JSX.IntrinsicElements'.
src/icons/Fonts/general-sans/GeneralSansRegular.tsx(4481,5): error TS2339: Property 'hkern' does not exist on type 'JSX.IntrinsicElements'.
src/icons/Fonts/general-sans/GeneralSansRegular.tsx(4482,5): error TS2339: Property 'hkern' does not exist on type 'JSX.IntrinsicElements'.
src/icons/Fonts/general-sans/GeneralSansRegular.tsx(4483,5): error TS2339: Property 'hkern' does not exist on type 'JSX.IntrinsicElements'.
src/icons/Fonts/general-sans/GeneralSansRegular.tsx(4484,5): error TS2339: Property 'hkern' does not exist on type 'JSX.IntrinsicElements'.
src/icons/Fonts/general-sans/GeneralSansRegular.tsx(4485,5): error TS2339: Property 'hkern' does not exist on type 'JSX.IntrinsicElements'.
src/icons/Fonts/general-sans/GeneralSansRegular.tsx(4486,5): error TS2339: Property 'hkern' does not exist on type 'JSX.IntrinsicElements'.
src/icons/Fonts/general-sans/GeneralSansRegular.tsx(4487,5): error TS2339: Property 'hkern' does not exist on type 'JSX.IntrinsicElements'.
src/icons/Fonts/general-sans/GeneralSansRegular.tsx(4488,5): error TS2339: Property 'hkern' does not exist on type 'JSX.IntrinsicElements'.
src/icons/Fonts/general-sans/GeneralSansRegular.tsx(4489,5): error TS2339: Property 'hkern' does not exist on type 'JSX.IntrinsicElements'.
src/icons/Fonts/general-sans/GeneralSansRegular.tsx(4490,5): error TS2339: Property 'hkern' does not exist on type 'JSX.IntrinsicElements'.
src/icons/Fonts/general-sans/GeneralSansRegular.tsx(4491,5): error TS2339: Property 'hkern' does not exist on type 'JSX.IntrinsicElements'.
src/icons/Fonts/general-sans/GeneralSansRegular.tsx(4492,5): error TS2339: Property 'hkern' does not exist on type 'JSX.IntrinsicElements'.
src/icons/Fonts/general-sans/GeneralSansRegular.tsx(4493,5): error TS2339: Property 'hkern' does not exist on type 'JSX.IntrinsicElements'.
src/icons/Fonts/general-sans/GeneralSansRegular.tsx(4494,5): error TS2339: Property 'hkern' does not exist on type 'JSX.IntrinsicElements'.
src/icons/Fonts/general-sans/GeneralSansRegular.tsx(4495,5): error TS2339: Property 'hkern' does not exist on type 'JSX.IntrinsicElements'.
src/icons/Fonts/general-sans/GeneralSansRegular.tsx(4496,5): error TS2339: Property 'hkern' does not exist on type 'JSX.IntrinsicElements'.
src/icons/Fonts/general-sans/GeneralSansRegular.tsx(4497,5): error TS2339: Property 'hkern' does not exist on type 'JSX.IntrinsicElements'.
src/icons/Fonts/general-sans/GeneralSansRegular.tsx(4498,5): error TS2339: Property 'hkern' does not exist on type 'JSX.IntrinsicElements'.
src/icons/Fonts/general-sans/GeneralSansRegular.tsx(4499,5): error TS2339: Property 'hkern' does not exist on type 'JSX.IntrinsicElements'.
src/icons/Fonts/general-sans/GeneralSansRegular.tsx(4500,5): error TS2339: Property 'hkern' does not exist on type 'JSX.IntrinsicElements'.
src/icons/Fonts/general-sans/GeneralSansRegular.tsx(4501,5): error TS2339: Property 'hkern' does not exist on type 'JSX.IntrinsicElements'.
src/icons/Fonts/general-sans/GeneralSansRegular.tsx(4502,5): error TS2339: Property 'hkern' does not exist on type 'JSX.IntrinsicElements'.
src/icons/Fonts/general-sans/GeneralSansRegular.tsx(4503,5): error TS2339: Property 'hkern' does not exist on type 'JSX.IntrinsicElements'.
src/icons/Fonts/general-sans/GeneralSansRegular.tsx(4504,5): error TS2339: Property 'hkern' does not exist on type 'JSX.IntrinsicElements'.
src/icons/Fonts/general-sans/GeneralSansRegular.tsx(4505,5): error TS2339: Property 'hkern' does not exist on type 'JSX.IntrinsicElements'.
src/icons/Fonts/general-sans/GeneralSansRegular.tsx(4506,5): error TS2339: Property 'hkern' does not exist on type 'JSX.IntrinsicElements'.
src/icons/Fonts/general-sans/GeneralSansRegular.tsx(4507,5): error TS2339: Property 'hkern' does not exist on type 'JSX.IntrinsicElements'.
src/icons/Fonts/general-sans/GeneralSansRegular.tsx(4508,5): error TS2339: Property 'hkern' does not exist on type 'JSX.IntrinsicElements'.
src/icons/Fonts/general-sans/GeneralSansRegular.tsx(4509,5): error TS2339: Property 'hkern' does not exist on type 'JSX.IntrinsicElements'.
src/icons/Fonts/general-sans/GeneralSansRegular.tsx(4510,5): error TS2339: Property 'hkern' does not exist on type 'JSX.IntrinsicElements'.
src/icons/Fonts/general-sans/GeneralSansRegular.tsx(4511,5): error TS2339: Property 'hkern' does not exist on type 'JSX.IntrinsicElements'.
src/icons/Fonts/general-sans/GeneralSansRegular.tsx(4512,5): error TS2339: Property 'hkern' does not exist on type 'JSX.IntrinsicElements'.
src/icons/Fonts/general-sans/GeneralSansRegular.tsx(4513,5): error TS2339: Property 'hkern' does not exist on type 'JSX.IntrinsicElements'.
src/icons/Fonts/general-sans/GeneralSansRegular.tsx(4514,5): error TS2339: Property 'hkern' does not exist on type 'JSX.IntrinsicElements'.
src/icons/Fonts/general-sans/GeneralSansRegular.tsx(4515,5): error TS2339: Property 'hkern' does not exist on type 'JSX.IntrinsicElements'.
src/icons/Fonts/general-sans/GeneralSansRegular.tsx(4516,5): error TS2339: Property 'hkern' does not exist on type 'JSX.IntrinsicElements'.
src/icons/Fonts/general-sans/GeneralSansRegular.tsx(4517,5): error TS2339: Property 'hkern' does not exist on type 'JSX.IntrinsicElements'.
src/icons/Fonts/general-sans/GeneralSansRegular.tsx(4518,5): error TS2339: Property 'hkern' does not exist on type 'JSX.IntrinsicElements'.
src/icons/Fonts/general-sans/GeneralSansRegular.tsx(4519,5): error TS2339: Property 'hkern' does not exist on type 'JSX.IntrinsicElements'.
src/icons/Fonts/general-sans/GeneralSansRegular.tsx(4520,5): error TS2339: Property 'hkern' does not exist on type 'JSX.IntrinsicElements'.
src/icons/Fonts/general-sans/GeneralSansRegular.tsx(4521,5): error TS2339: Property 'hkern' does not exist on type 'JSX.IntrinsicElements'.
src/icons/Fonts/general-sans/GeneralSansRegular.tsx(4522,5): error TS2339: Property 'hkern' does not exist on type 'JSX.IntrinsicElements'.
src/icons/Fonts/general-sans/GeneralSansRegular.tsx(4523,5): error TS2339: Property 'hkern' does not exist on type 'JSX.IntrinsicElements'.
src/icons/Fonts/general-sans/GeneralSansRegular.tsx(4524,5): error TS2339: Property 'hkern' does not exist on type 'JSX.IntrinsicElements'.
src/icons/Fonts/general-sans/GeneralSansRegular.tsx(4525,5): error TS2339: Property 'hkern' does not exist on type 'JSX.IntrinsicElements'.
src/icons/Fonts/general-sans/GeneralSansRegular.tsx(4526,5): error TS2339: Property 'hkern' does not exist on type 'JSX.IntrinsicElements'.
src/icons/Fonts/general-sans/GeneralSansRegular.tsx(4527,5): error TS2339: Property 'hkern' does not exist on type 'JSX.IntrinsicElements'.
src/icons/Fonts/general-sans/GeneralSansRegular.tsx(4528,5): error TS2339: Property 'hkern' does not exist on type 'JSX.IntrinsicElements'.
src/icons/Fonts/general-sans/GeneralSansRegular.tsx(4529,5): error TS2339: Property 'hkern' does not exist on type 'JSX.IntrinsicElements'.
src/icons/Fonts/general-sans/GeneralSansRegular.tsx(4530,5): error TS2339: Property 'hkern' does not exist on type 'JSX.IntrinsicElements'.
src/icons/Fonts/general-sans/GeneralSansRegular.tsx(4531,5): error TS2339: Property 'hkern' does not exist on type 'JSX.IntrinsicElements'.
src/icons/Fonts/general-sans/GeneralSansRegular.tsx(4532,5): error TS2339: Property 'hkern' does not exist on type 'JSX.IntrinsicElements'.
src/icons/Fonts/general-sans/GeneralSansRegular.tsx(4533,5): error TS2339: Property 'hkern' does not exist on type 'JSX.IntrinsicElements'.
src/icons/Fonts/general-sans/GeneralSansRegular.tsx(4534,5): error TS2339: Property 'hkern' does not exist on type 'JSX.IntrinsicElements'.
src/icons/Fonts/general-sans/GeneralSansRegular.tsx(4535,5): error TS2339: Property 'hkern' does not exist on type 'JSX.IntrinsicElements'.
src/icons/Fonts/general-sans/GeneralSansRegular.tsx(4536,5): error TS2339: Property 'hkern' does not exist on type 'JSX.IntrinsicElements'.
src/icons/Fonts/general-sans/GeneralSansRegular.tsx(4537,5): error TS2339: Property 'hkern' does not exist on type 'JSX.IntrinsicElements'.
src/icons/Fonts/general-sans/GeneralSansRegular.tsx(4538,5): error TS2339: Property 'hkern' does not exist on type 'JSX.IntrinsicElements'.
src/icons/Fonts/general-sans/GeneralSansRegular.tsx(4539,5): error TS2339: Property 'hkern' does not exist on type 'JSX.IntrinsicElements'.
src/icons/Fonts/general-sans/GeneralSansRegular.tsx(4540,5): error TS2339: Property 'hkern' does not exist on type 'JSX.IntrinsicElements'.
src/icons/Fonts/general-sans/GeneralSansRegular.tsx(4541,5): error TS2339: Property 'hkern' does not exist on type 'JSX.IntrinsicElements'.
src/icons/Fonts/general-sans/GeneralSansRegular.tsx(4542,5): error TS2339: Property 'hkern' does not exist on type 'JSX.IntrinsicElements'.
src/icons/Fonts/general-sans/GeneralSansRegular.tsx(4543,5): error TS2339: Property 'hkern' does not exist on type 'JSX.IntrinsicElements'.
src/icons/Fonts/general-sans/GeneralSansRegular.tsx(4544,5): error TS2339: Property 'hkern' does not exist on type 'JSX.IntrinsicElements'.
src/icons/Fonts/general-sans/GeneralSansRegular.tsx(4545,5): error TS2339: Property 'hkern' does not exist on type 'JSX.IntrinsicElements'.
src/icons/Fonts/general-sans/GeneralSansRegular.tsx(4546,5): error TS2339: Property 'hkern' does not exist on type 'JSX.IntrinsicElements'.
src/icons/Fonts/general-sans/GeneralSansRegular.tsx(4547,5): error TS2339: Property 'hkern' does not exist on type 'JSX.IntrinsicElements'.
src/icons/Fonts/general-sans/GeneralSansRegular.tsx(4548,5): error TS2339: Property 'hkern' does not exist on type 'JSX.IntrinsicElements'.
src/icons/Fonts/general-sans/GeneralSansRegular.tsx(4549,5): error TS2339: Property 'hkern' does not exist on type 'JSX.IntrinsicElements'.
src/icons/Fonts/general-sans/GeneralSansRegular.tsx(4550,5): error TS2339: Property 'hkern' does not exist on type 'JSX.IntrinsicElements'.
src/icons/Fonts/general-sans/GeneralSansRegular.tsx(4551,5): error TS2339: Property 'hkern' does not exist on type 'JSX.IntrinsicElements'.
src/icons/Fonts/general-sans/GeneralSansRegular.tsx(4552,5): error TS2339: Property 'hkern' does not exist on type 'JSX.IntrinsicElements'.
src/icons/Fonts/general-sans/GeneralSansRegular.tsx(4553,5): error TS2339: Property 'hkern' does not exist on type 'JSX.IntrinsicElements'.
src/icons/Fonts/general-sans/GeneralSansRegular.tsx(4554,5): error TS2339: Property 'hkern' does not exist on type 'JSX.IntrinsicElements'.
src/icons/Fonts/general-sans/GeneralSansRegular.tsx(4555,5): error TS2339: Property 'hkern' does not exist on type 'JSX.IntrinsicElements'.
src/icons/Fonts/general-sans/GeneralSansRegular.tsx(4556,5): error TS2339: Property 'hkern' does not exist on type 'JSX.IntrinsicElements'.
src/icons/Fonts/general-sans/GeneralSansRegular.tsx(4557,5): error TS2339: Property 'hkern' does not exist on type 'JSX.IntrinsicElements'.
src/icons/Fonts/general-sans/GeneralSansRegular.tsx(4558,5): error TS2339: Property 'hkern' does not exist on type 'JSX.IntrinsicElements'.
src/icons/Fonts/general-sans/GeneralSansRegular.tsx(4559,5): error TS2339: Property 'hkern' does not exist on type 'JSX.IntrinsicElements'.
src/icons/Fonts/general-sans/GeneralSansRegular.tsx(4560,5): error TS2339: Property 'hkern' does not exist on type 'JSX.IntrinsicElements'.
src/icons/Fonts/general-sans/GeneralSansRegular.tsx(4561,5): error TS2339: Property 'hkern' does not exist on type 'JSX.IntrinsicElements'.
src/icons/Fonts/general-sans/GeneralSansRegular.tsx(4562,5): error TS2339: Property 'hkern' does not exist on type 'JSX.IntrinsicElements'.
src/icons/Fonts/general-sans/GeneralSansRegular.tsx(4563,5): error TS2339: Property 'hkern' does not exist on type 'JSX.IntrinsicElements'.
src/icons/Fonts/general-sans/GeneralSansRegular.tsx(4564,5): error TS2339: Property 'hkern' does not exist on type 'JSX.IntrinsicElements'.
src/icons/Fonts/general-sans/GeneralSansRegular.tsx(4565,5): error TS2339: Property 'hkern' does not exist on type 'JSX.IntrinsicElements'.
src/icons/Fonts/general-sans/GeneralSansRegular.tsx(4566,5): error TS2339: Property 'hkern' does not exist on type 'JSX.IntrinsicElements'.
src/icons/Fonts/general-sans/GeneralSansRegular.tsx(4567,5): error TS2339: Property 'hkern' does not exist on type 'JSX.IntrinsicElements'.
src/icons/Fonts/general-sans/GeneralSansRegular.tsx(4568,5): error TS2339: Property 'hkern' does not exist on type 'JSX.IntrinsicElements'.
src/icons/Fonts/general-sans/GeneralSansRegular.tsx(4569,5): error TS2339: Property 'hkern' does not exist on type 'JSX.IntrinsicElements'.
src/icons/Fonts/general-sans/GeneralSansRegular.tsx(4570,5): error TS2339: Property 'hkern' does not exist on type 'JSX.IntrinsicElements'.
src/icons/Fonts/general-sans/GeneralSansRegular.tsx(4571,5): error TS2339: Property 'hkern' does not exist on type 'JSX.IntrinsicElements'.
src/icons/Fonts/general-sans/GeneralSansRegular.tsx(4572,5): error TS2339: Property 'hkern' does not exist on type 'JSX.IntrinsicElements'.
src/icons/Fonts/general-sans/GeneralSansRegular.tsx(4573,5): error TS2339: Property 'hkern' does not exist on type 'JSX.IntrinsicElements'.
src/icons/Fonts/general-sans/GeneralSansRegular.tsx(4574,5): error TS2339: Property 'hkern' does not exist on type 'JSX.IntrinsicElements'.
src/icons/Fonts/general-sans/GeneralSansRegular.tsx(4575,5): error TS2339: Property 'hkern' does not exist on type 'JSX.IntrinsicElements'.
src/icons/Fonts/general-sans/GeneralSansRegular.tsx(4576,5): error TS2339: Property 'hkern' does not exist on type 'JSX.IntrinsicElements'.
src/icons/Fonts/general-sans/GeneralSansRegular.tsx(4577,5): error TS2339: Property 'hkern' does not exist on type 'JSX.IntrinsicElements'.
src/icons/Fonts/general-sans/GeneralSansRegular.tsx(4578,5): error TS2339: Property 'hkern' does not exist on type 'JSX.IntrinsicElements'.
src/icons/Fonts/general-sans/GeneralSansRegular.tsx(4579,5): error TS2339: Property 'hkern' does not exist on type 'JSX.IntrinsicElements'.
src/icons/Fonts/general-sans/GeneralSansRegular.tsx(4580,5): error TS2339: Property 'hkern' does not exist on type 'JSX.IntrinsicElements'.
src/icons/Fonts/general-sans/GeneralSansRegular.tsx(4581,5): error TS2339: Property 'hkern' does not exist on type 'JSX.IntrinsicElements'.
src/icons/Fonts/general-sans/GeneralSansRegular.tsx(4582,5): error TS2339: Property 'hkern' does not exist on type 'JSX.IntrinsicElements'.
src/icons/Fonts/general-sans/GeneralSansRegular.tsx(4583,5): error TS2339: Property 'hkern' does not exist on type 'JSX.IntrinsicElements'.
src/icons/Fonts/general-sans/GeneralSansRegular.tsx(4584,5): error TS2339: Property 'hkern' does not exist on type 'JSX.IntrinsicElements'.
src/icons/Fonts/general-sans/GeneralSansRegular.tsx(4585,5): error TS2339: Property 'hkern' does not exist on type 'JSX.IntrinsicElements'.
src/icons/Fonts/general-sans/GeneralSansRegular.tsx(4586,5): error TS2339: Property 'hkern' does not exist on type 'JSX.IntrinsicElements'.
src/icons/Fonts/general-sans/GeneralSansRegular.tsx(4587,5): error TS2339: Property 'hkern' does not exist on type 'JSX.IntrinsicElements'.
src/icons/Fonts/general-sans/GeneralSansRegular.tsx(4588,5): error TS2339: Property 'hkern' does not exist on type 'JSX.IntrinsicElements'.
src/icons/Fonts/general-sans/GeneralSansRegular.tsx(4589,5): error TS2339: Property 'hkern' does not exist on type 'JSX.IntrinsicElements'.
src/icons/Fonts/general-sans/GeneralSansRegular.tsx(4590,5): error TS2339: Property 'hkern' does not exist on type 'JSX.IntrinsicElements'.
src/icons/Fonts/general-sans/GeneralSansRegular.tsx(4591,5): error TS2339: Property 'hkern' does not exist on type 'JSX.IntrinsicElements'.
src/icons/Fonts/general-sans/GeneralSansRegular.tsx(4592,5): error TS2339: Property 'hkern' does not exist on type 'JSX.IntrinsicElements'.
src/icons/Fonts/general-sans/GeneralSansRegular.tsx(4593,5): error TS2339: Property 'hkern' does not exist on type 'JSX.IntrinsicElements'.
src/icons/Fonts/general-sans/GeneralSansRegular.tsx(4594,5): error TS2339: Property 'hkern' does not exist on type 'JSX.IntrinsicElements'.
src/icons/Fonts/general-sans/GeneralSansRegular.tsx(4595,5): error TS2339: Property 'hkern' does not exist on type 'JSX.IntrinsicElements'.
src/icons/Fonts/general-sans/GeneralSansRegular.tsx(4596,5): error TS2339: Property 'hkern' does not exist on type 'JSX.IntrinsicElements'.
src/icons/Fonts/general-sans/GeneralSansRegular.tsx(4597,5): error TS2339: Property 'hkern' does not exist on type 'JSX.IntrinsicElements'.
src/icons/Fonts/general-sans/GeneralSansRegular.tsx(4598,5): error TS2339: Property 'hkern' does not exist on type 'JSX.IntrinsicElements'.
src/icons/Fonts/general-sans/GeneralSansRegular.tsx(4599,5): error TS2339: Property 'hkern' does not exist on type 'JSX.IntrinsicElements'.
src/icons/Fonts/general-sans/GeneralSansRegular.tsx(4600,5): error TS2339: Property 'hkern' does not exist on type 'JSX.IntrinsicElements'.
src/icons/Fonts/general-sans/GeneralSansRegular.tsx(4601,5): error TS2339: Property 'hkern' does not exist on type 'JSX.IntrinsicElements'.
src/icons/Fonts/general-sans/GeneralSansRegular.tsx(4602,5): error TS2339: Property 'hkern' does not exist on type 'JSX.IntrinsicElements'.
src/icons/Fonts/general-sans/GeneralSansRegular.tsx(4603,5): error TS2339: Property 'hkern' does not exist on type 'JSX.IntrinsicElements'.
src/icons/Fonts/general-sans/GeneralSansRegular.tsx(4604,5): error TS2339: Property 'hkern' does not exist on type 'JSX.IntrinsicElements'.
src/icons/Fonts/general-sans/GeneralSansRegular.tsx(4605,5): error TS2339: Property 'hkern' does not exist on type 'JSX.IntrinsicElements'.
src/icons/Fonts/general-sans/GeneralSansRegular.tsx(4606,5): error TS2339: Property 'hkern' does not exist on type 'JSX.IntrinsicElements'.
src/icons/Fonts/general-sans/GeneralSansRegular.tsx(4607,5): error TS2339: Property 'hkern' does not exist on type 'JSX.IntrinsicElements'.
src/icons/Fonts/general-sans/GeneralSansRegular.tsx(4608,5): error TS2339: Property 'hkern' does not exist on type 'JSX.IntrinsicElements'.
src/icons/Fonts/general-sans/GeneralSansRegular.tsx(4609,5): error TS2339: Property 'hkern' does not exist on type 'JSX.IntrinsicElements'.
src/icons/Fonts/general-sans/GeneralSansRegular.tsx(4610,5): error TS2339: Property 'hkern' does not exist on type 'JSX.IntrinsicElements'.
src/icons/Fonts/general-sans/GeneralSansRegular.tsx(4611,5): error TS2339: Property 'hkern' does not exist on type 'JSX.IntrinsicElements'.
src/icons/Fonts/general-sans/GeneralSansRegular.tsx(4612,5): error TS2339: Property 'hkern' does not exist on type 'JSX.IntrinsicElements'.
src/icons/Fonts/general-sans/GeneralSansRegular.tsx(4613,5): error TS2339: Property 'hkern' does not exist on type 'JSX.IntrinsicElements'.
src/icons/Fonts/general-sans/GeneralSansRegular.tsx(4614,5): error TS2339: Property 'hkern' does not exist on type 'JSX.IntrinsicElements'.
src/icons/Fonts/general-sans/GeneralSansRegular.tsx(4615,5): error TS2339: Property 'hkern' does not exist on type 'JSX.IntrinsicElements'.
src/icons/Fonts/general-sans/GeneralSansRegular.tsx(4616,5): error TS2339: Property 'hkern' does not exist on type 'JSX.IntrinsicElements'.
src/icons/Fonts/general-sans/GeneralSansRegular.tsx(4617,5): error TS2339: Property 'hkern' does not exist on type 'JSX.IntrinsicElements'.
src/icons/Fonts/general-sans/GeneralSansRegular.tsx(4618,5): error TS2339: Property 'hkern' does not exist on type 'JSX.IntrinsicElements'.
src/icons/Fonts/general-sans/GeneralSansRegular.tsx(4619,5): error TS2339: Property 'hkern' does not exist on type 'JSX.IntrinsicElements'.
src/icons/Fonts/general-sans/GeneralSansRegular.tsx(4620,5): error TS2339: Property 'hkern' does not exist on type 'JSX.IntrinsicElements'.
src/icons/Fonts/general-sans/GeneralSansRegular.tsx(4621,5): error TS2339: Property 'hkern' does not exist on type 'JSX.IntrinsicElements'.
src/icons/Fonts/general-sans/GeneralSansRegular.tsx(4622,5): error TS2339: Property 'hkern' does not exist on type 'JSX.IntrinsicElements'.
src/icons/Fonts/general-sans/GeneralSansRegular.tsx(4623,5): error TS2339: Property 'hkern' does not exist on type 'JSX.IntrinsicElements'.
src/icons/Fonts/general-sans/GeneralSansRegular.tsx(4624,5): error TS2339: Property 'hkern' does not exist on type 'JSX.IntrinsicElements'.
src/icons/Fonts/general-sans/GeneralSansRegular.tsx(4625,5): error TS2339: Property 'hkern' does not exist on type 'JSX.IntrinsicElements'.
src/icons/Fonts/general-sans/GeneralSansRegular.tsx(4626,5): error TS2339: Property 'hkern' does not exist on type 'JSX.IntrinsicElements'.
src/icons/Fonts/general-sans/GeneralSansRegular.tsx(4627,5): error TS2339: Property 'hkern' does not exist on type 'JSX.IntrinsicElements'.
src/icons/Fonts/general-sans/GeneralSansRegular.tsx(4628,5): error TS2339: Property 'hkern' does not exist on type 'JSX.IntrinsicElements'.
src/icons/Fonts/general-sans/GeneralSansRegular.tsx(4629,5): error TS2339: Property 'hkern' does not exist on type 'JSX.IntrinsicElements'.
src/icons/Fonts/general-sans/GeneralSansRegular.tsx(4630,5): error TS2339: Property 'hkern' does not exist on type 'JSX.IntrinsicElements'.
src/icons/Fonts/general-sans/GeneralSansRegular.tsx(4631,5): error TS2339: Property 'hkern' does not exist on type 'JSX.IntrinsicElements'.
src/icons/Fonts/general-sans/GeneralSansRegular.tsx(4632,5): error TS2339: Property 'hkern' does not exist on type 'JSX.IntrinsicElements'.
src/icons/Fonts/general-sans/GeneralSansRegular.tsx(4633,5): error TS2339: Property 'hkern' does not exist on type 'JSX.IntrinsicElements'.
src/icons/Fonts/general-sans/GeneralSansRegular.tsx(4634,5): error TS2339: Property 'hkern' does not exist on type 'JSX.IntrinsicElements'.
src/icons/Fonts/general-sans/GeneralSansRegular.tsx(4635,5): error TS2339: Property 'hkern' does not exist on type 'JSX.IntrinsicElements'.
src/icons/Fonts/general-sans/GeneralSansRegular.tsx(4636,5): error TS2339: Property 'hkern' does not exist on type 'JSX.IntrinsicElements'.
src/icons/Fonts/general-sans/GeneralSansRegular.tsx(4637,5): error TS2339: Property 'hkern' does not exist on type 'JSX.IntrinsicElements'.
src/icons/Fonts/general-sans/GeneralSansRegular.tsx(4638,5): error TS2339: Property 'hkern' does not exist on type 'JSX.IntrinsicElements'.
src/icons/Fonts/general-sans/GeneralSansRegular.tsx(4639,5): error TS2339: Property 'hkern' does not exist on type 'JSX.IntrinsicElements'.
src/icons/Fonts/general-sans/GeneralSansRegular.tsx(4640,5): error TS2339: Property 'hkern' does not exist on type 'JSX.IntrinsicElements'.
src/icons/Fonts/general-sans/GeneralSansRegular.tsx(4641,5): error TS2339: Property 'hkern' does not exist on type 'JSX.IntrinsicElements'.
src/icons/Fonts/general-sans/GeneralSansRegular.tsx(4642,5): error TS2339: Property 'hkern' does not exist on type 'JSX.IntrinsicElements'.
src/icons/Fonts/general-sans/GeneralSansRegular.tsx(4643,5): error TS2339: Property 'hkern' does not exist on type 'JSX.IntrinsicElements'.
src/icons/Fonts/general-sans/GeneralSansRegular.tsx(4644,5): error TS2339: Property 'hkern' does not exist on type 'JSX.IntrinsicElements'.
src/icons/Fonts/general-sans/GeneralSansRegular.tsx(4645,5): error TS2339: Property 'hkern' does not exist on type 'JSX.IntrinsicElements'.
src/icons/Fonts/general-sans/GeneralSansRegular.tsx(4646,5): error TS2339: Property 'hkern' does not exist on type 'JSX.IntrinsicElements'.
src/icons/Fonts/general-sans/GeneralSansRegular.tsx(4647,5): error TS2339: Property 'hkern' does not exist on type 'JSX.IntrinsicElements'.
src/icons/Fonts/general-sans/GeneralSansRegular.tsx(4648,5): error TS2339: Property 'hkern' does not exist on type 'JSX.IntrinsicElements'.
src/icons/Fonts/general-sans/GeneralSansRegular.tsx(4649,5): error TS2339: Property 'hkern' does not exist on type 'JSX.IntrinsicElements'.
src/icons/Fonts/general-sans/GeneralSansRegular.tsx(4650,5): error TS2339: Property 'hkern' does not exist on type 'JSX.IntrinsicElements'.
src/icons/Fonts/general-sans/GeneralSansRegular.tsx(4651,5): error TS2339: Property 'hkern' does not exist on type 'JSX.IntrinsicElements'.
src/icons/Fonts/general-sans/GeneralSansRegular.tsx(4652,5): error TS2339: Property 'hkern' does not exist on type 'JSX.IntrinsicElements'.
src/icons/Fonts/general-sans/GeneralSansRegular.tsx(4653,5): error TS2339: Property 'hkern' does not exist on type 'JSX.IntrinsicElements'.
src/icons/Fonts/general-sans/GeneralSansRegular.tsx(4654,5): error TS2339: Property 'hkern' does not exist on type 'JSX.IntrinsicElements'.
src/icons/Fonts/general-sans/GeneralSansRegular.tsx(4655,5): error TS2339: Property 'hkern' does not exist on type 'JSX.IntrinsicElements'.
src/icons/Fonts/general-sans/GeneralSansRegular.tsx(4656,5): error TS2339: Property 'hkern' does not exist on type 'JSX.IntrinsicElements'.
src/icons/Fonts/general-sans/GeneralSansRegular.tsx(4657,5): error TS2339: Property 'hkern' does not exist on type 'JSX.IntrinsicElements'.
src/icons/Fonts/general-sans/GeneralSansRegular.tsx(4658,5): error TS2339: Property 'hkern' does not exist on type 'JSX.IntrinsicElements'.
src/icons/Fonts/general-sans/GeneralSansRegular.tsx(4659,5): error TS2339: Property 'hkern' does not exist on type 'JSX.IntrinsicElements'.
src/icons/Fonts/general-sans/GeneralSansRegular.tsx(4660,5): error TS2339: Property 'hkern' does not exist on type 'JSX.IntrinsicElements'.
src/icons/Fonts/general-sans/GeneralSansRegular.tsx(4661,5): error TS2339: Property 'hkern' does not exist on type 'JSX.IntrinsicElements'.
src/icons/Fonts/general-sans/GeneralSansRegular.tsx(4662,5): error TS2339: Property 'hkern' does not exist on type 'JSX.IntrinsicElements'.
src/icons/Fonts/general-sans/GeneralSansRegular.tsx(4663,5): error TS2339: Property 'hkern' does not exist on type 'JSX.IntrinsicElements'.
src/icons/Fonts/general-sans/GeneralSansRegular.tsx(4664,5): error TS2339: Property 'hkern' does not exist on type 'JSX.IntrinsicElements'.
src/icons/Fonts/general-sans/GeneralSansRegular.tsx(4665,5): error TS2339: Property 'hkern' does not exist on type 'JSX.IntrinsicElements'.
src/icons/Fonts/general-sans/GeneralSansRegular.tsx(4666,5): error TS2339: Property 'hkern' does not exist on type 'JSX.IntrinsicElements'.
src/icons/Fonts/general-sans/GeneralSansRegular.tsx(4667,5): error TS2339: Property 'hkern' does not exist on type 'JSX.IntrinsicElements'.
src/icons/Fonts/general-sans/GeneralSansRegular.tsx(4668,5): error TS2339: Property 'hkern' does not exist on type 'JSX.IntrinsicElements'.
src/icons/Fonts/general-sans/GeneralSansRegular.tsx(4669,5): error TS2339: Property 'hkern' does not exist on type 'JSX.IntrinsicElements'.
src/icons/Fonts/general-sans/GeneralSansRegular.tsx(4670,5): error TS2339: Property 'hkern' does not exist on type 'JSX.IntrinsicElements'.
src/icons/Fonts/general-sans/GeneralSansRegular.tsx(4671,5): error TS2339: Property 'hkern' does not exist on type 'JSX.IntrinsicElements'.
src/icons/Fonts/general-sans/GeneralSansRegular.tsx(4672,5): error TS2339: Property 'hkern' does not exist on type 'JSX.IntrinsicElements'.
src/icons/Fonts/general-sans/GeneralSansRegular.tsx(4673,5): error TS2339: Property 'hkern' does not exist on type 'JSX.IntrinsicElements'.
src/icons/Fonts/general-sans/GeneralSansRegular.tsx(4674,5): error TS2339: Property 'hkern' does not exist on type 'JSX.IntrinsicElements'.
src/icons/Fonts/general-sans/GeneralSansRegular.tsx(4675,5): error TS2339: Property 'hkern' does not exist on type 'JSX.IntrinsicElements'.
src/icons/Fonts/general-sans/GeneralSansRegular.tsx(4676,5): error TS2339: Property 'hkern' does not exist on type 'JSX.IntrinsicElements'.
src/icons/Fonts/general-sans/GeneralSansRegular.tsx(4677,5): error TS2339: Property 'hkern' does not exist on type 'JSX.IntrinsicElements'.
src/icons/Fonts/general-sans/GeneralSansRegular.tsx(4678,5): error TS2339: Property 'hkern' does not exist on type 'JSX.IntrinsicElements'.
src/icons/Fonts/general-sans/GeneralSansRegular.tsx(4679,5): error TS2339: Property 'hkern' does not exist on type 'JSX.IntrinsicElements'.
src/icons/Fonts/general-sans/GeneralSansRegular.tsx(4680,5): error TS2339: Property 'hkern' does not exist on type 'JSX.IntrinsicElements'.
src/icons/Fonts/general-sans/GeneralSansRegular.tsx(4681,5): error TS2339: Property 'hkern' does not exist on type 'JSX.IntrinsicElements'.
src/icons/Fonts/general-sans/GeneralSansRegular.tsx(4682,5): error TS2339: Property 'hkern' does not exist on type 'JSX.IntrinsicElements'.
src/icons/Fonts/general-sans/GeneralSansRegular.tsx(4683,5): error TS2339: Property 'hkern' does not exist on type 'JSX.IntrinsicElements'.
src/icons/Fonts/general-sans/GeneralSansRegular.tsx(4684,5): error TS2339: Property 'hkern' does not exist on type 'JSX.IntrinsicElements'.
src/icons/Fonts/general-sans/GeneralSansRegular.tsx(4685,5): error TS2339: Property 'hkern' does not exist on type 'JSX.IntrinsicElements'.
src/icons/Fonts/general-sans/GeneralSansRegular.tsx(4686,5): error TS2339: Property 'hkern' does not exist on type 'JSX.IntrinsicElements'.
src/icons/Fonts/general-sans/GeneralSansRegular.tsx(4687,5): error TS2339: Property 'hkern' does not exist on type 'JSX.IntrinsicElements'.
src/icons/Fonts/general-sans/GeneralSansRegular.tsx(4688,5): error TS2339: Property 'hkern' does not exist on type 'JSX.IntrinsicElements'.
src/icons/Fonts/general-sans/GeneralSansRegular.tsx(4689,5): error TS2339: Property 'hkern' does not exist on type 'JSX.IntrinsicElements'.
src/icons/Fonts/general-sans/GeneralSansRegular.tsx(4690,5): error TS2339: Property 'hkern' does not exist on type 'JSX.IntrinsicElements'.
src/icons/Fonts/general-sans/GeneralSansRegular.tsx(4691,5): error TS2339: Property 'hkern' does not exist on type 'JSX.IntrinsicElements'.
src/icons/Fonts/general-sans/GeneralSansRegular.tsx(4692,5): error TS2339: Property 'hkern' does not exist on type 'JSX.IntrinsicElements'.
src/icons/Fonts/general-sans/GeneralSansRegular.tsx(4693,5): error TS2339: Property 'hkern' does not exist on type 'JSX.IntrinsicElements'.
src/icons/Fonts/general-sans/GeneralSansRegular.tsx(4694,5): error TS2339: Property 'hkern' does not exist on type 'JSX.IntrinsicElements'.
src/icons/Fonts/general-sans/GeneralSansRegular.tsx(4695,5): error TS2339: Property 'hkern' does not exist on type 'JSX.IntrinsicElements'.
src/icons/Fonts/general-sans/GeneralSansRegular.tsx(4696,5): error TS2339: Property 'hkern' does not exist on type 'JSX.IntrinsicElements'.
src/icons/Fonts/general-sans/GeneralSansRegular.tsx(4697,5): error TS2339: Property 'hkern' does not exist on type 'JSX.IntrinsicElements'.
src/icons/Fonts/general-sans/GeneralSansRegular.tsx(4698,5): error TS2339: Property 'hkern' does not exist on type 'JSX.IntrinsicElements'.
src/icons/Fonts/general-sans/GeneralSansRegular.tsx(4699,5): error TS2339: Property 'hkern' does not exist on type 'JSX.IntrinsicElements'.
src/icons/Fonts/general-sans/GeneralSansRegular.tsx(4700,5): error TS2339: Property 'hkern' does not exist on type 'JSX.IntrinsicElements'.
src/icons/Fonts/general-sans/GeneralSansRegular.tsx(4701,5): error TS2339: Property 'hkern' does not exist on type 'JSX.IntrinsicElements'.
src/icons/Fonts/general-sans/GeneralSansRegular.tsx(4702,5): error TS2339: Property 'hkern' does not exist on type 'JSX.IntrinsicElements'.
src/icons/Fonts/general-sans/GeneralSansRegular.tsx(4703,5): error TS2339: Property 'hkern' does not exist on type 'JSX.IntrinsicElements'.
src/icons/Fonts/general-sans/GeneralSansRegular.tsx(4704,5): error TS2339: Property 'hkern' does not exist on type 'JSX.IntrinsicElements'.
src/icons/Fonts/general-sans/GeneralSansRegular.tsx(4705,5): error TS2339: Property 'hkern' does not exist on type 'JSX.IntrinsicElements'.
src/icons/Fonts/general-sans/GeneralSansRegular.tsx(4706,5): error TS2339: Property 'hkern' does not exist on type 'JSX.IntrinsicElements'.
src/icons/Fonts/general-sans/GeneralSansRegular.tsx(4707,5): error TS2339: Property 'hkern' does not exist on type 'JSX.IntrinsicElements'.
src/icons/Fonts/general-sans/GeneralSansRegular.tsx(4708,5): error TS2339: Property 'hkern' does not exist on type 'JSX.IntrinsicElements'.
src/icons/Fonts/general-sans/GeneralSansRegular.tsx(4709,5): error TS2339: Property 'hkern' does not exist on type 'JSX.IntrinsicElements'.
src/icons/Fonts/general-sans/GeneralSansRegular.tsx(4710,5): error TS2339: Property 'hkern' does not exist on type 'JSX.IntrinsicElements'.
src/icons/Fonts/general-sans/GeneralSansRegular.tsx(4711,5): error TS2339: Property 'hkern' does not exist on type 'JSX.IntrinsicElements'.
src/icons/Fonts/general-sans/GeneralSansRegular.tsx(4712,5): error TS2339: Property 'hkern' does not exist on type 'JSX.IntrinsicElements'.
src/icons/Fonts/general-sans/GeneralSansRegular.tsx(4713,5): error TS2339: Property 'hkern' does not exist on type 'JSX.IntrinsicElements'.
src/icons/Fonts/general-sans/GeneralSansRegular.tsx(4714,5): error TS2339: Property 'hkern' does not exist on type 'JSX.IntrinsicElements'.
src/icons/Fonts/general-sans/GeneralSansRegular.tsx(4715,5): error TS2339: Property 'hkern' does not exist on type 'JSX.IntrinsicElements'.
src/icons/Fonts/general-sans/GeneralSansRegular.tsx(4716,5): error TS2339: Property 'hkern' does not exist on type 'JSX.IntrinsicElements'.
src/icons/Fonts/general-sans/GeneralSansRegular.tsx(4717,5): error TS2339: Property 'hkern' does not exist on type 'JSX.IntrinsicElements'.
src/icons/Fonts/general-sans/GeneralSansRegular.tsx(4718,5): error TS2339: Property 'hkern' does not exist on type 'JSX.IntrinsicElements'.
src/icons/Fonts/general-sans/GeneralSansRegular.tsx(4719,5): error TS2339: Property 'hkern' does not exist on type 'JSX.IntrinsicElements'.
src/icons/Fonts/general-sans/GeneralSansRegular.tsx(4720,5): error TS2339: Property 'hkern' does not exist on type 'JSX.IntrinsicElements'.
src/icons/Fonts/general-sans/GeneralSansRegular.tsx(4721,5): error TS2339: Property 'hkern' does not exist on type 'JSX.IntrinsicElements'.
src/icons/Fonts/general-sans/GeneralSansRegular.tsx(4722,5): error TS2339: Property 'hkern' does not exist on type 'JSX.IntrinsicElements'.
src/icons/Fonts/general-sans/GeneralSansRegular.tsx(4723,5): error TS2339: Property 'hkern' does not exist on type 'JSX.IntrinsicElements'.
src/icons/Fonts/general-sans/GeneralSansRegular.tsx(4724,5): error TS2339: Property 'hkern' does not exist on type 'JSX.IntrinsicElements'.
src/icons/Fonts/general-sans/GeneralSansRegular.tsx(4725,5): error TS2339: Property 'hkern' does not exist on type 'JSX.IntrinsicElements'.
src/icons/Fonts/general-sans/GeneralSansRegular.tsx(4726,5): error TS2339: Property 'hkern' does not exist on type 'JSX.IntrinsicElements'.
src/icons/Fonts/general-sans/GeneralSansRegular.tsx(4727,5): error TS2339: Property 'hkern' does not exist on type 'JSX.IntrinsicElements'.
src/icons/Fonts/general-sans/GeneralSansRegular.tsx(4728,5): error TS2339: Property 'hkern' does not exist on type 'JSX.IntrinsicElements'.
src/icons/Fonts/general-sans/GeneralSansRegular.tsx(4729,5): error TS2339: Property 'hkern' does not exist on type 'JSX.IntrinsicElements'.
src/icons/Fonts/general-sans/GeneralSansRegular.tsx(4730,5): error TS2339: Property 'hkern' does not exist on type 'JSX.IntrinsicElements'.
src/icons/Fonts/general-sans/GeneralSansRegular.tsx(4731,5): error TS2339: Property 'hkern' does not exist on type 'JSX.IntrinsicElements'.
src/icons/Fonts/general-sans/GeneralSansRegular.tsx(4732,5): error TS2339: Property 'hkern' does not exist on type 'JSX.IntrinsicElements'.
src/icons/Fonts/general-sans/GeneralSansRegular.tsx(4733,5): error TS2339: Property 'hkern' does not exist on type 'JSX.IntrinsicElements'.
src/icons/Fonts/general-sans/GeneralSansRegular.tsx(4734,5): error TS2339: Property 'hkern' does not exist on type 'JSX.IntrinsicElements'.
src/icons/Fonts/general-sans/GeneralSansRegular.tsx(4735,5): error TS2339: Property 'hkern' does not exist on type 'JSX.IntrinsicElements'.
src/icons/Fonts/general-sans/GeneralSansRegular.tsx(4736,5): error TS2339: Property 'hkern' does not exist on type 'JSX.IntrinsicElements'.
src/icons/Fonts/general-sans/GeneralSansRegular.tsx(4737,5): error TS2339: Property 'hkern' does not exist on type 'JSX.IntrinsicElements'.
src/icons/Fonts/general-sans/GeneralSansRegular.tsx(4738,5): error TS2339: Property 'hkern' does not exist on type 'JSX.IntrinsicElements'.
src/icons/Fonts/general-sans/GeneralSansRegular.tsx(4739,5): error TS2339: Property 'hkern' does not exist on type 'JSX.IntrinsicElements'.
src/icons/Fonts/general-sans/GeneralSansRegular.tsx(4740,5): error TS2339: Property 'hkern' does not exist on type 'JSX.IntrinsicElements'.
src/icons/Fonts/general-sans/GeneralSansRegular.tsx(4741,5): error TS2339: Property 'hkern' does not exist on type 'JSX.IntrinsicElements'.
src/icons/Fonts/general-sans/GeneralSansRegular.tsx(4742,5): error TS2339: Property 'hkern' does not exist on type 'JSX.IntrinsicElements'.
src/icons/Fonts/general-sans/GeneralSansRegular.tsx(4743,5): error TS2339: Property 'hkern' does not exist on type 'JSX.IntrinsicElements'.
src/icons/Fonts/general-sans/GeneralSansRegular.tsx(4744,5): error TS2339: Property 'hkern' does not exist on type 'JSX.IntrinsicElements'.
src/icons/Fonts/general-sans/GeneralSansRegular.tsx(4745,5): error TS2339: Property 'hkern' does not exist on type 'JSX.IntrinsicElements'.
src/icons/Fonts/general-sans/GeneralSansRegular.tsx(4746,5): error TS2339: Property 'hkern' does not exist on type 'JSX.IntrinsicElements'.
src/icons/Fonts/general-sans/GeneralSansRegular.tsx(4747,5): error TS2339: Property 'hkern' does not exist on type 'JSX.IntrinsicElements'.
src/icons/Fonts/general-sans/GeneralSansRegular.tsx(4748,5): error TS2339: Property 'hkern' does not exist on type 'JSX.IntrinsicElements'.
src/icons/Fonts/general-sans/GeneralSansRegular.tsx(4749,5): error TS2339: Property 'hkern' does not exist on type 'JSX.IntrinsicElements'.
src/icons/Fonts/general-sans/GeneralSansRegular.tsx(4750,5): error TS2339: Property 'hkern' does not exist on type 'JSX.IntrinsicElements'.
src/icons/Fonts/general-sans/GeneralSansRegular.tsx(4751,5): error TS2339: Property 'hkern' does not exist on type 'JSX.IntrinsicElements'.
src/icons/Fonts/general-sans/GeneralSansRegular.tsx(4752,5): error TS2339: Property 'hkern' does not exist on type 'JSX.IntrinsicElements'.
src/icons/Fonts/general-sans/GeneralSansRegular.tsx(4753,5): error TS2339: Property 'hkern' does not exist on type 'JSX.IntrinsicElements'.
src/icons/Fonts/general-sans/GeneralSansRegular.tsx(4754,5): error TS2339: Property 'hkern' does not exist on type 'JSX.IntrinsicElements'.
src/icons/Fonts/general-sans/GeneralSansRegular.tsx(4755,5): error TS2339: Property 'hkern' does not exist on type 'JSX.IntrinsicElements'.
src/icons/Fonts/general-sans/GeneralSansRegular.tsx(4756,5): error TS2339: Property 'hkern' does not exist on type 'JSX.IntrinsicElements'.
src/icons/Fonts/general-sans/GeneralSansRegular.tsx(4757,5): error TS2339: Property 'hkern' does not exist on type 'JSX.IntrinsicElements'.
src/icons/Fonts/general-sans/GeneralSansRegular.tsx(4758,5): error TS2339: Property 'hkern' does not exist on type 'JSX.IntrinsicElements'.
src/icons/Fonts/general-sans/GeneralSansRegular.tsx(4759,5): error TS2339: Property 'hkern' does not exist on type 'JSX.IntrinsicElements'.
src/icons/Fonts/general-sans/GeneralSansRegular.tsx(4760,5): error TS2339: Property 'hkern' does not exist on type 'JSX.IntrinsicElements'.
src/icons/Fonts/general-sans/GeneralSansRegular.tsx(4761,5): error TS2339: Property 'hkern' does not exist on type 'JSX.IntrinsicElements'.
src/icons/Fonts/general-sans/GeneralSansRegular.tsx(4762,5): error TS2339: Property 'hkern' does not exist on type 'JSX.IntrinsicElements'.
src/icons/Fonts/general-sans/GeneralSansRegular.tsx(4763,5): error TS2339: Property 'hkern' does not exist on type 'JSX.IntrinsicElements'.
src/icons/Fonts/general-sans/GeneralSansRegular.tsx(4764,5): error TS2339: Property 'hkern' does not exist on type 'JSX.IntrinsicElements'.
src/icons/Fonts/general-sans/GeneralSansRegular.tsx(4765,5): error TS2339: Property 'hkern' does not exist on type 'JSX.IntrinsicElements'.
src/icons/Fonts/general-sans/GeneralSansRegular.tsx(4766,5): error TS2339: Property 'hkern' does not exist on type 'JSX.IntrinsicElements'.
src/icons/Fonts/general-sans/GeneralSansRegular.tsx(4767,5): error TS2339: Property 'hkern' does not exist on type 'JSX.IntrinsicElements'.
src/icons/Fonts/general-sans/GeneralSansRegular.tsx(4768,5): error TS2339: Property 'hkern' does not exist on type 'JSX.IntrinsicElements'.
src/icons/Fonts/general-sans/GeneralSansRegular.tsx(4769,5): error TS2339: Property 'hkern' does not exist on type 'JSX.IntrinsicElements'.
src/icons/Fonts/general-sans/GeneralSansRegular.tsx(4770,5): error TS2339: Property 'hkern' does not exist on type 'JSX.IntrinsicElements'.
src/icons/Fonts/general-sans/GeneralSansRegular.tsx(4771,5): error TS2339: Property 'hkern' does not exist on type 'JSX.IntrinsicElements'.
src/icons/Fonts/general-sans/GeneralSansRegular.tsx(4772,5): error TS2339: Property 'hkern' does not exist on type 'JSX.IntrinsicElements'.
src/icons/Fonts/general-sans/GeneralSansRegular.tsx(4773,5): error TS2339: Property 'hkern' does not exist on type 'JSX.IntrinsicElements'.
src/icons/Fonts/general-sans/GeneralSansRegular.tsx(4774,5): error TS2339: Property 'hkern' does not exist on type 'JSX.IntrinsicElements'.
src/icons/Fonts/general-sans/GeneralSansRegular.tsx(4775,5): error TS2339: Property 'hkern' does not exist on type 'JSX.IntrinsicElements'.
src/icons/Fonts/general-sans/GeneralSansRegular.tsx(4776,5): error TS2339: Property 'hkern' does not exist on type 'JSX.IntrinsicElements'.
src/icons/Fonts/general-sans/GeneralSansRegular.tsx(4777,5): error TS2339: Property 'hkern' does not exist on type 'JSX.IntrinsicElements'.
src/icons/Fonts/general-sans/GeneralSansRegular.tsx(4778,5): error TS2339: Property 'hkern' does not exist on type 'JSX.IntrinsicElements'.
src/icons/Fonts/general-sans/GeneralSansRegular.tsx(4779,5): error TS2339: Property 'hkern' does not exist on type 'JSX.IntrinsicElements'.
src/icons/Fonts/general-sans/GeneralSansRegular.tsx(4780,5): error TS2339: Property 'hkern' does not exist on type 'JSX.IntrinsicElements'.
src/icons/Fonts/general-sans/GeneralSansRegular.tsx(4781,5): error TS2339: Property 'hkern' does not exist on type 'JSX.IntrinsicElements'.
src/icons/Fonts/general-sans/GeneralSansRegular.tsx(4782,5): error TS2339: Property 'hkern' does not exist on type 'JSX.IntrinsicElements'.
src/icons/Fonts/general-sans/GeneralSansRegular.tsx(4783,5): error TS2339: Property 'hkern' does not exist on type 'JSX.IntrinsicElements'.
src/icons/Fonts/general-sans/GeneralSansRegular.tsx(4784,5): error TS2339: Property 'hkern' does not exist on type 'JSX.IntrinsicElements'.
src/icons/Fonts/general-sans/GeneralSansRegular.tsx(4785,5): error TS2339: Property 'hkern' does not exist on type 'JSX.IntrinsicElements'.
src/icons/Fonts/general-sans/GeneralSansRegular.tsx(4786,5): error TS2339: Property 'hkern' does not exist on type 'JSX.IntrinsicElements'.
src/icons/Fonts/general-sans/GeneralSansRegular.tsx(4787,5): error TS2339: Property 'hkern' does not exist on type 'JSX.IntrinsicElements'.
src/icons/Fonts/general-sans/GeneralSansRegular.tsx(4788,5): error TS2339: Property 'hkern' does not exist on type 'JSX.IntrinsicElements'.
src/icons/Fonts/general-sans/GeneralSansRegular.tsx(4789,5): error TS2339: Property 'hkern' does not exist on type 'JSX.IntrinsicElements'.
src/icons/Fonts/general-sans/GeneralSansRegular.tsx(4790,5): error TS2339: Property 'hkern' does not exist on type 'JSX.IntrinsicElements'.
src/icons/Fonts/general-sans/GeneralSansRegular.tsx(4791,5): error TS2339: Property 'hkern' does not exist on type 'JSX.IntrinsicElements'.
src/icons/Fonts/general-sans/GeneralSansRegular.tsx(4792,5): error TS2339: Property 'hkern' does not exist on type 'JSX.IntrinsicElements'.
src/icons/Fonts/general-sans/GeneralSansRegular.tsx(4793,5): error TS2339: Property 'hkern' does not exist on type 'JSX.IntrinsicElements'.
src/icons/Fonts/general-sans/GeneralSansRegular.tsx(4794,5): error TS2339: Property 'hkern' does not exist on type 'JSX.IntrinsicElements'.
src/icons/Fonts/general-sans/GeneralSansRegular.tsx(4795,5): error TS2339: Property 'hkern' does not exist on type 'JSX.IntrinsicElements'.
src/icons/Fonts/general-sans/GeneralSansRegular.tsx(4796,5): error TS2339: Property 'hkern' does not exist on type 'JSX.IntrinsicElements'.
src/icons/Fonts/general-sans/GeneralSansRegular.tsx(4797,5): error TS2339: Property 'hkern' does not exist on type 'JSX.IntrinsicElements'.
src/icons/Fonts/general-sans/GeneralSansRegular.tsx(4798,5): error TS2339: Property 'hkern' does not exist on type 'JSX.IntrinsicElements'.
src/icons/Fonts/general-sans/GeneralSansRegular.tsx(4799,5): error TS2339: Property 'hkern' does not exist on type 'JSX.IntrinsicElements'.
src/icons/Fonts/general-sans/GeneralSansRegular.tsx(4800,5): error TS2339: Property 'hkern' does not exist on type 'JSX.IntrinsicElements'.
src/icons/Fonts/general-sans/GeneralSansRegular.tsx(4801,5): error TS2339: Property 'hkern' does not exist on type 'JSX.IntrinsicElements'.
src/icons/Fonts/general-sans/GeneralSansRegular.tsx(4802,5): error TS2339: Property 'hkern' does not exist on type 'JSX.IntrinsicElements'.
src/icons/Fonts/general-sans/GeneralSansRegular.tsx(4803,5): error TS2339: Property 'hkern' does not exist on type 'JSX.IntrinsicElements'.
src/icons/Fonts/general-sans/GeneralSansRegular.tsx(4804,5): error TS2339: Property 'hkern' does not exist on type 'JSX.IntrinsicElements'.
src/icons/Fonts/general-sans/GeneralSansRegular.tsx(4805,5): error TS2339: Property 'hkern' does not exist on type 'JSX.IntrinsicElements'.
src/icons/Fonts/general-sans/GeneralSansRegular.tsx(4806,5): error TS2339: Property 'hkern' does not exist on type 'JSX.IntrinsicElements'.
src/icons/Fonts/general-sans/GeneralSansRegular.tsx(4807,5): error TS2339: Property 'hkern' does not exist on type 'JSX.IntrinsicElements'.
src/icons/Fonts/general-sans/GeneralSansRegular.tsx(4808,5): error TS2339: Property 'hkern' does not exist on type 'JSX.IntrinsicElements'.
src/icons/Fonts/general-sans/GeneralSansRegular.tsx(4809,5): error TS2339: Property 'hkern' does not exist on type 'JSX.IntrinsicElements'.
src/icons/Fonts/general-sans/GeneralSansRegular.tsx(4810,5): error TS2339: Property 'hkern' does not exist on type 'JSX.IntrinsicElements'.
src/icons/Fonts/general-sans/GeneralSansRegular.tsx(4811,5): error TS2339: Property 'hkern' does not exist on type 'JSX.IntrinsicElements'.
src/icons/Fonts/general-sans/GeneralSansRegular.tsx(4812,5): error TS2339: Property 'hkern' does not exist on type 'JSX.IntrinsicElements'.
src/icons/Fonts/general-sans/GeneralSansRegular.tsx(4813,5): error TS2339: Property 'hkern' does not exist on type 'JSX.IntrinsicElements'.
src/icons/Fonts/general-sans/GeneralSansRegular.tsx(4814,5): error TS2339: Property 'hkern' does not exist on type 'JSX.IntrinsicElements'.
src/icons/Fonts/general-sans/GeneralSansRegular.tsx(4815,5): error TS2339: Property 'hkern' does not exist on type 'JSX.IntrinsicElements'.
src/icons/Fonts/general-sans/GeneralSansRegular.tsx(4816,5): error TS2339: Property 'hkern' does not exist on type 'JSX.IntrinsicElements'.
src/icons/Fonts/general-sans/GeneralSansRegular.tsx(4817,5): error TS2339: Property 'hkern' does not exist on type 'JSX.IntrinsicElements'.
src/icons/Fonts/general-sans/GeneralSansRegular.tsx(4818,5): error TS2339: Property 'hkern' does not exist on type 'JSX.IntrinsicElements'.
src/icons/Fonts/general-sans/GeneralSansRegular.tsx(4819,5): error TS2339: Property 'hkern' does not exist on type 'JSX.IntrinsicElements'.
src/icons/Fonts/general-sans/GeneralSansRegular.tsx(4820,5): error TS2339: Property 'hkern' does not exist on type 'JSX.IntrinsicElements'.
src/icons/Fonts/general-sans/GeneralSansRegular.tsx(4821,5): error TS2339: Property 'hkern' does not exist on type 'JSX.IntrinsicElements'.
src/icons/Fonts/general-sans/GeneralSansRegular.tsx(4822,5): error TS2339: Property 'hkern' does not exist on type 'JSX.IntrinsicElements'.
src/icons/Fonts/general-sans/GeneralSansRegular.tsx(4823,5): error TS2339: Property 'hkern' does not exist on type 'JSX.IntrinsicElements'.
src/icons/Fonts/general-sans/GeneralSansRegular.tsx(4824,5): error TS2339: Property 'hkern' does not exist on type 'JSX.IntrinsicElements'.
src/icons/Fonts/general-sans/GeneralSansRegular.tsx(4825,5): error TS2339: Property 'hkern' does not exist on type 'JSX.IntrinsicElements'.
src/icons/Fonts/general-sans/GeneralSansRegular.tsx(4826,5): error TS2339: Property 'hkern' does not exist on type 'JSX.IntrinsicElements'.
src/icons/Fonts/general-sans/GeneralSansRegular.tsx(4827,5): error TS2339: Property 'hkern' does not exist on type 'JSX.IntrinsicElements'.
src/icons/Fonts/general-sans/GeneralSansRegular.tsx(4828,5): error TS2339: Property 'hkern' does not exist on type 'JSX.IntrinsicElements'.
src/icons/Fonts/general-sans/GeneralSansRegular.tsx(4829,5): error TS2339: Property 'hkern' does not exist on type 'JSX.IntrinsicElements'.
src/icons/Fonts/general-sans/GeneralSansRegular.tsx(4830,5): error TS2339: Property 'hkern' does not exist on type 'JSX.IntrinsicElements'.
src/icons/Fonts/general-sans/GeneralSansRegular.tsx(4831,5): error TS2339: Property 'hkern' does not exist on type 'JSX.IntrinsicElements'.
src/icons/Fonts/general-sans/GeneralSansRegular.tsx(4832,5): error TS2339: Property 'hkern' does not exist on type 'JSX.IntrinsicElements'.
src/icons/Fonts/general-sans/GeneralSansRegular.tsx(4833,5): error TS2339: Property 'hkern' does not exist on type 'JSX.IntrinsicElements'.
src/icons/Fonts/general-sans/GeneralSansRegular.tsx(4834,5): error TS2339: Property 'hkern' does not exist on type 'JSX.IntrinsicElements'.
src/icons/Fonts/general-sans/GeneralSansRegular.tsx(4835,5): error TS2339: Property 'hkern' does not exist on type 'JSX.IntrinsicElements'.
src/icons/Fonts/general-sans/GeneralSansRegular.tsx(4836,5): error TS2339: Property 'hkern' does not exist on type 'JSX.IntrinsicElements'.
src/icons/Fonts/general-sans/GeneralSansRegular.tsx(4837,5): error TS2339: Property 'hkern' does not exist on type 'JSX.IntrinsicElements'.
src/icons/Fonts/general-sans/GeneralSansRegular.tsx(4838,5): error TS2339: Property 'hkern' does not exist on type 'JSX.IntrinsicElements'.
src/icons/Fonts/general-sans/GeneralSansRegular.tsx(4839,5): error TS2339: Property 'hkern' does not exist on type 'JSX.IntrinsicElements'.
src/icons/Fonts/general-sans/GeneralSansRegular.tsx(4840,5): error TS2339: Property 'hkern' does not exist on type 'JSX.IntrinsicElements'.
src/icons/Fonts/general-sans/GeneralSansRegular.tsx(4841,5): error TS2339: Property 'hkern' does not exist on type 'JSX.IntrinsicElements'.
src/icons/Fonts/general-sans/GeneralSansRegular.tsx(4842,5): error TS2339: Property 'hkern' does not exist on type 'JSX.IntrinsicElements'.
src/icons/Fonts/general-sans/GeneralSansRegular.tsx(4843,5): error TS2339: Property 'hkern' does not exist on type 'JSX.IntrinsicElements'.
src/icons/Fonts/general-sans/GeneralSansRegular.tsx(4844,5): error TS2339: Property 'hkern' does not exist on type 'JSX.IntrinsicElements'.
src/icons/Fonts/general-sans/GeneralSansRegular.tsx(4845,5): error TS2339: Property 'hkern' does not exist on type 'JSX.IntrinsicElements'.
src/icons/Fonts/general-sans/GeneralSansRegular.tsx(4846,5): error TS2339: Property 'hkern' does not exist on type 'JSX.IntrinsicElements'.
src/icons/Fonts/general-sans/GeneralSansRegular.tsx(4847,5): error TS2339: Property 'hkern' does not exist on type 'JSX.IntrinsicElements'.
src/icons/Fonts/general-sans/GeneralSansRegular.tsx(4848,5): error TS2339: Property 'hkern' does not exist on type 'JSX.IntrinsicElements'.
src/icons/Fonts/general-sans/GeneralSansRegular.tsx(4849,5): error TS2339: Property 'hkern' does not exist on type 'JSX.IntrinsicElements'.
src/icons/Fonts/general-sans/GeneralSansRegular.tsx(4850,5): error TS2339: Property 'hkern' does not exist on type 'JSX.IntrinsicElements'.
src/icons/Fonts/general-sans/GeneralSansRegular.tsx(4851,5): error TS2339: Property 'hkern' does not exist on type 'JSX.IntrinsicElements'.
src/icons/Fonts/general-sans/GeneralSansRegular.tsx(4852,5): error TS2339: Property 'hkern' does not exist on type 'JSX.IntrinsicElements'.
src/icons/Fonts/general-sans/GeneralSansRegular.tsx(4853,5): error TS2339: Property 'hkern' does not exist on type 'JSX.IntrinsicElements'.
src/icons/Fonts/general-sans/GeneralSansRegular.tsx(4854,5): error TS2339: Property 'hkern' does not exist on type 'JSX.IntrinsicElements'.
src/icons/Fonts/general-sans/GeneralSansRegular.tsx(4855,5): error TS2339: Property 'hkern' does not exist on type 'JSX.IntrinsicElements'.
src/icons/Fonts/general-sans/GeneralSansRegular.tsx(4856,5): error TS2339: Property 'hkern' does not exist on type 'JSX.IntrinsicElements'.
src/icons/Fonts/general-sans/GeneralSansRegular.tsx(4857,5): error TS2339: Property 'hkern' does not exist on type 'JSX.IntrinsicElements'.
src/icons/Fonts/general-sans/GeneralSansRegular.tsx(4858,5): error TS2339: Property 'hkern' does not exist on type 'JSX.IntrinsicElements'.
src/icons/Fonts/general-sans/GeneralSansRegular.tsx(4859,5): error TS2339: Property 'hkern' does not exist on type 'JSX.IntrinsicElements'.
src/icons/Fonts/general-sans/GeneralSansRegular.tsx(4860,5): error TS2339: Property 'hkern' does not exist on type 'JSX.IntrinsicElements'.
src/icons/Fonts/general-sans/GeneralSansRegular.tsx(4861,5): error TS2339: Property 'hkern' does not exist on type 'JSX.IntrinsicElements'.
src/icons/Fonts/general-sans/GeneralSansRegular.tsx(4862,5): error TS2339: Property 'hkern' does not exist on type 'JSX.IntrinsicElements'.
src/icons/Fonts/general-sans/GeneralSansRegular.tsx(4863,5): error TS2339: Property 'hkern' does not exist on type 'JSX.IntrinsicElements'.
src/icons/Fonts/general-sans/GeneralSansRegular.tsx(4864,5): error TS2339: Property 'hkern' does not exist on type 'JSX.IntrinsicElements'.
src/icons/Fonts/general-sans/GeneralSansRegular.tsx(4865,5): error TS2339: Property 'hkern' does not exist on type 'JSX.IntrinsicElements'.
src/icons/Fonts/general-sans/GeneralSansRegular.tsx(4866,5): error TS2339: Property 'hkern' does not exist on type 'JSX.IntrinsicElements'.
src/icons/Fonts/general-sans/GeneralSansRegular.tsx(4867,5): error TS2339: Property 'hkern' does not exist on type 'JSX.IntrinsicElements'.
src/icons/Fonts/general-sans/GeneralSansRegular.tsx(4868,5): error TS2339: Property 'hkern' does not exist on type 'JSX.IntrinsicElements'.
src/icons/Fonts/general-sans/GeneralSansRegular.tsx(4869,5): error TS2339: Property 'hkern' does not exist on type 'JSX.IntrinsicElements'.
src/icons/Fonts/general-sans/GeneralSansRegular.tsx(4870,5): error TS2339: Property 'hkern' does not exist on type 'JSX.IntrinsicElements'.
src/icons/Fonts/general-sans/GeneralSansRegular.tsx(4871,5): error TS2339: Property 'hkern' does not exist on type 'JSX.IntrinsicElements'.
src/icons/Fonts/general-sans/GeneralSansRegular.tsx(4872,5): error TS2339: Property 'hkern' does not exist on type 'JSX.IntrinsicElements'.
src/icons/Fonts/general-sans/GeneralSansRegular.tsx(4873,5): error TS2339: Property 'hkern' does not exist on type 'JSX.IntrinsicElements'.
src/icons/Fonts/general-sans/GeneralSansRegular.tsx(4874,5): error TS2339: Property 'hkern' does not exist on type 'JSX.IntrinsicElements'.
src/icons/Fonts/general-sans/GeneralSansRegular.tsx(4875,5): error TS2339: Property 'hkern' does not exist on type 'JSX.IntrinsicElements'.
src/icons/Fonts/general-sans/GeneralSansRegular.tsx(4876,5): error TS2339: Property 'hkern' does not exist on type 'JSX.IntrinsicElements'.
src/icons/Fonts/general-sans/GeneralSansRegular.tsx(4877,5): error TS2339: Property 'hkern' does not exist on type 'JSX.IntrinsicElements'.
src/icons/Fonts/general-sans/GeneralSansRegular.tsx(4878,5): error TS2339: Property 'hkern' does not exist on type 'JSX.IntrinsicElements'.
src/icons/Fonts/general-sans/GeneralSansRegular.tsx(4879,5): error TS2339: Property 'hkern' does not exist on type 'JSX.IntrinsicElements'.
src/icons/Fonts/general-sans/GeneralSansRegular.tsx(4880,5): error TS2339: Property 'hkern' does not exist on type 'JSX.IntrinsicElements'.
src/icons/Fonts/general-sans/GeneralSansRegular.tsx(4881,5): error TS2339: Property 'hkern' does not exist on type 'JSX.IntrinsicElements'.
src/icons/Fonts/general-sans/GeneralSansRegular.tsx(4882,5): error TS2339: Property 'hkern' does not exist on type 'JSX.IntrinsicElements'.
src/icons/Fonts/general-sans/GeneralSansRegular.tsx(4883,5): error TS2339: Property 'hkern' does not exist on type 'JSX.IntrinsicElements'.
src/icons/Fonts/general-sans/GeneralSansRegular.tsx(4884,5): error TS2339: Property 'hkern' does not exist on type 'JSX.IntrinsicElements'.
src/icons/Fonts/general-sans/GeneralSansRegular.tsx(4885,5): error TS2339: Property 'hkern' does not exist on type 'JSX.IntrinsicElements'.
src/icons/Fonts/general-sans/GeneralSansRegular.tsx(4886,5): error TS2339: Property 'hkern' does not exist on type 'JSX.IntrinsicElements'.
src/icons/Fonts/general-sans/GeneralSansRegular.tsx(4887,5): error TS2339: Property 'hkern' does not exist on type 'JSX.IntrinsicElements'.
src/icons/Fonts/general-sans/GeneralSansRegular.tsx(4888,5): error TS2339: Property 'hkern' does not exist on type 'JSX.IntrinsicElements'.
src/icons/Fonts/general-sans/GeneralSansRegular.tsx(4889,5): error TS2339: Property 'hkern' does not exist on type 'JSX.IntrinsicElements'.
src/icons/Fonts/general-sans/GeneralSansRegular.tsx(4890,5): error TS2339: Property 'hkern' does not exist on type 'JSX.IntrinsicElements'.
src/icons/Fonts/general-sans/GeneralSansRegular.tsx(4891,5): error TS2339: Property 'hkern' does not exist on type 'JSX.IntrinsicElements'.
src/icons/Fonts/general-sans/GeneralSansRegular.tsx(4892,5): error TS2339: Property 'hkern' does not exist on type 'JSX.IntrinsicElements'.
src/icons/Fonts/general-sans/GeneralSansRegular.tsx(4893,5): error TS2339: Property 'hkern' does not exist on type 'JSX.IntrinsicElements'.
src/icons/Fonts/general-sans/GeneralSansRegular.tsx(4894,5): error TS2339: Property 'hkern' does not exist on type 'JSX.IntrinsicElements'.
src/icons/Fonts/general-sans/GeneralSansRegular.tsx(4895,5): error TS2339: Property 'hkern' does not exist on type 'JSX.IntrinsicElements'.
src/icons/Fonts/general-sans/GeneralSansRegular.tsx(4896,5): error TS2339: Property 'hkern' does not exist on type 'JSX.IntrinsicElements'.
src/icons/Fonts/general-sans/GeneralSansRegular.tsx(4897,5): error TS2339: Property 'hkern' does not exist on type 'JSX.IntrinsicElements'.
src/icons/Fonts/general-sans/GeneralSansRegular.tsx(4898,5): error TS2339: Property 'hkern' does not exist on type 'JSX.IntrinsicElements'.
src/icons/Fonts/general-sans/GeneralSansRegular.tsx(4899,5): error TS2339: Property 'hkern' does not exist on type 'JSX.IntrinsicElements'.
src/icons/Fonts/general-sans/GeneralSansRegular.tsx(4900,5): error TS2339: Property 'hkern' does not exist on type 'JSX.IntrinsicElements'.
src/icons/Fonts/general-sans/GeneralSansRegular.tsx(4901,5): error TS2339: Property 'hkern' does not exist on type 'JSX.IntrinsicElements'.
src/icons/Fonts/general-sans/GeneralSansRegular.tsx(4902,5): error TS2339: Property 'hkern' does not exist on type 'JSX.IntrinsicElements'.
src/icons/Fonts/general-sans/GeneralSansRegular.tsx(4903,5): error TS2339: Property 'hkern' does not exist on type 'JSX.IntrinsicElements'.
src/icons/Fonts/general-sans/GeneralSansRegular.tsx(4904,5): error TS2339: Property 'hkern' does not exist on type 'JSX.IntrinsicElements'.
src/icons/Fonts/general-sans/GeneralSansRegular.tsx(4905,5): error TS2339: Property 'hkern' does not exist on type 'JSX.IntrinsicElements'.
src/icons/Fonts/general-sans/GeneralSansRegular.tsx(4906,5): error TS2339: Property 'hkern' does not exist on type 'JSX.IntrinsicElements'.
src/icons/Fonts/general-sans/GeneralSansRegular.tsx(4907,5): error TS2339: Property 'hkern' does not exist on type 'JSX.IntrinsicElements'.
src/icons/Fonts/general-sans/GeneralSansRegular.tsx(4908,5): error TS2339: Property 'hkern' does not exist on type 'JSX.IntrinsicElements'.
src/icons/Fonts/general-sans/GeneralSansRegular.tsx(4909,5): error TS2339: Property 'hkern' does not exist on type 'JSX.IntrinsicElements'.
src/icons/Fonts/general-sans/GeneralSansRegular.tsx(4910,5): error TS2339: Property 'hkern' does not exist on type 'JSX.IntrinsicElements'.
src/icons/Fonts/general-sans/GeneralSansRegular.tsx(4911,5): error TS2339: Property 'hkern' does not exist on type 'JSX.IntrinsicElements'.
src/icons/Fonts/general-sans/GeneralSansRegular.tsx(4912,5): error TS2339: Property 'hkern' does not exist on type 'JSX.IntrinsicElements'.
src/icons/Fonts/general-sans/GeneralSansRegular.tsx(4913,5): error TS2339: Property 'hkern' does not exist on type 'JSX.IntrinsicElements'.
src/icons/Fonts/general-sans/GeneralSansRegular.tsx(4914,5): error TS2339: Property 'hkern' does not exist on type 'JSX.IntrinsicElements'.
src/icons/Fonts/general-sans/GeneralSansRegular.tsx(4915,5): error TS2339: Property 'hkern' does not exist on type 'JSX.IntrinsicElements'.
src/icons/Fonts/general-sans/GeneralSansRegular.tsx(4916,5): error TS2339: Property 'hkern' does not exist on type 'JSX.IntrinsicElements'.
src/icons/Fonts/general-sans/GeneralSansRegular.tsx(4917,5): error TS2339: Property 'hkern' does not exist on type 'JSX.IntrinsicElements'.
src/icons/Fonts/general-sans/GeneralSansRegular.tsx(4918,5): error TS2339: Property 'hkern' does not exist on type 'JSX.IntrinsicElements'.
src/icons/Fonts/general-sans/GeneralSansRegular.tsx(4919,5): error TS2339: Property 'hkern' does not exist on type 'JSX.IntrinsicElements'.
src/icons/Fonts/general-sans/GeneralSansRegular.tsx(4920,5): error TS2339: Property 'hkern' does not exist on type 'JSX.IntrinsicElements'.
src/icons/Fonts/general-sans/GeneralSansRegular.tsx(4921,5): error TS2339: Property 'hkern' does not exist on type 'JSX.IntrinsicElements'.
src/icons/Fonts/general-sans/GeneralSansRegular.tsx(4922,5): error TS2339: Property 'hkern' does not exist on type 'JSX.IntrinsicElements'.
src/icons/Fonts/general-sans/GeneralSansRegular.tsx(4923,5): error TS2339: Property 'hkern' does not exist on type 'JSX.IntrinsicElements'.
src/icons/Fonts/general-sans/GeneralSansRegular.tsx(4924,5): error TS2339: Property 'hkern' does not exist on type 'JSX.IntrinsicElements'.
src/icons/Fonts/general-sans/GeneralSansRegular.tsx(4925,5): error TS2339: Property 'hkern' does not exist on type 'JSX.IntrinsicElements'.
src/icons/Fonts/general-sans/GeneralSansRegular.tsx(4926,5): error TS2339: Property 'hkern' does not exist on type 'JSX.IntrinsicElements'.
src/icons/Fonts/general-sans/GeneralSansRegular.tsx(4927,5): error TS2339: Property 'hkern' does not exist on type 'JSX.IntrinsicElements'.
src/icons/Fonts/general-sans/GeneralSansRegular.tsx(4928,5): error TS2339: Property 'hkern' does not exist on type 'JSX.IntrinsicElements'.
src/icons/Fonts/general-sans/GeneralSansRegular.tsx(4929,5): error TS2339: Property 'hkern' does not exist on type 'JSX.IntrinsicElements'.
src/icons/Fonts/general-sans/GeneralSansRegular.tsx(4930,5): error TS2339: Property 'hkern' does not exist on type 'JSX.IntrinsicElements'.
src/icons/Fonts/general-sans/GeneralSansRegular.tsx(4931,5): error TS2339: Property 'hkern' does not exist on type 'JSX.IntrinsicElements'.
src/icons/Fonts/general-sans/GeneralSansRegular.tsx(4932,5): error TS2339: Property 'hkern' does not exist on type 'JSX.IntrinsicElements'.
src/icons/Fonts/general-sans/GeneralSansRegular.tsx(4933,5): error TS2339: Property 'hkern' does not exist on type 'JSX.IntrinsicElements'.
src/icons/Fonts/general-sans/GeneralSansRegular.tsx(4934,5): error TS2339: Property 'hkern' does not exist on type 'JSX.IntrinsicElements'.
src/icons/Fonts/general-sans/GeneralSansRegular.tsx(4935,5): error TS2339: Property 'hkern' does not exist on type 'JSX.IntrinsicElements'.
src/icons/Fonts/general-sans/GeneralSansRegular.tsx(4936,5): error TS2339: Property 'hkern' does not exist on type 'JSX.IntrinsicElements'.
src/icons/Fonts/general-sans/GeneralSansRegular.tsx(4937,5): error TS2339: Property 'hkern' does not exist on type 'JSX.IntrinsicElements'.
src/icons/Fonts/general-sans/GeneralSansRegular.tsx(4938,5): error TS2339: Property 'hkern' does not exist on type 'JSX.IntrinsicElements'.
src/icons/Fonts/general-sans/GeneralSansRegular.tsx(4939,5): error TS2339: Property 'hkern' does not exist on type 'JSX.IntrinsicElements'.
src/icons/Fonts/general-sans/GeneralSansRegular.tsx(4940,5): error TS2339: Property 'hkern' does not exist on type 'JSX.IntrinsicElements'.
src/icons/Fonts/general-sans/GeneralSansRegular.tsx(4941,5): error TS2339: Property 'hkern' does not exist on type 'JSX.IntrinsicElements'.
src/icons/Fonts/general-sans/GeneralSansRegular.tsx(4942,5): error TS2339: Property 'hkern' does not exist on type 'JSX.IntrinsicElements'.
src/icons/Fonts/general-sans/GeneralSansRegular.tsx(4943,5): error TS2339: Property 'hkern' does not exist on type 'JSX.IntrinsicElements'.
src/icons/Fonts/general-sans/GeneralSansRegular.tsx(4944,5): error TS2339: Property 'hkern' does not exist on type 'JSX.IntrinsicElements'.
src/icons/Fonts/general-sans/GeneralSansRegular.tsx(4945,5): error TS2339: Property 'hkern' does not exist on type 'JSX.IntrinsicElements'.
src/icons/Fonts/general-sans/GeneralSansRegular.tsx(4946,5): error TS2339: Property 'hkern' does not exist on type 'JSX.IntrinsicElements'.
src/icons/Fonts/general-sans/GeneralSansRegular.tsx(4947,5): error TS2339: Property 'hkern' does not exist on type 'JSX.IntrinsicElements'.
src/icons/Fonts/general-sans/GeneralSansRegular.tsx(4948,5): error TS2339: Property 'hkern' does not exist on type 'JSX.IntrinsicElements'.
src/icons/Fonts/general-sans/GeneralSansRegular.tsx(4949,5): error TS2339: Property 'hkern' does not exist on type 'JSX.IntrinsicElements'.
src/icons/Fonts/general-sans/GeneralSansRegular.tsx(4950,5): error TS2339: Property 'hkern' does not exist on type 'JSX.IntrinsicElements'.
src/icons/Fonts/general-sans/GeneralSansRegular.tsx(4951,5): error TS2339: Property 'hkern' does not exist on type 'JSX.IntrinsicElements'.
src/icons/Fonts/general-sans/GeneralSansRegular.tsx(4952,5): error TS2339: Property 'hkern' does not exist on type 'JSX.IntrinsicElements'.
src/icons/Fonts/general-sans/GeneralSansRegular.tsx(4953,5): error TS2339: Property 'hkern' does not exist on type 'JSX.IntrinsicElements'.
src/icons/Fonts/general-sans/GeneralSansRegular.tsx(4954,5): error TS2339: Property 'hkern' does not exist on type 'JSX.IntrinsicElements'.
src/icons/Fonts/general-sans/GeneralSansRegular.tsx(4955,5): error TS2339: Property 'hkern' does not exist on type 'JSX.IntrinsicElements'.
src/icons/Fonts/general-sans/GeneralSansRegular.tsx(4956,5): error TS2339: Property 'hkern' does not exist on type 'JSX.IntrinsicElements'.
src/icons/Fonts/general-sans/GeneralSansRegular.tsx(4957,5): error TS2339: Property 'hkern' does not exist on type 'JSX.IntrinsicElements'.
src/icons/Fonts/general-sans/GeneralSansRegular.tsx(4958,5): error TS2339: Property 'hkern' does not exist on type 'JSX.IntrinsicElements'.
src/icons/Fonts/general-sans/GeneralSansRegular.tsx(4959,5): error TS2339: Property 'hkern' does not exist on type 'JSX.IntrinsicElements'.
src/icons/Fonts/general-sans/GeneralSansRegular.tsx(4960,5): error TS2339: Property 'hkern' does not exist on type 'JSX.IntrinsicElements'.
src/icons/Fonts/general-sans/GeneralSansRegular.tsx(4961,5): error TS2339: Property 'hkern' does not exist on type 'JSX.IntrinsicElements'.
src/icons/Fonts/general-sans/GeneralSansRegular.tsx(4962,5): error TS2339: Property 'hkern' does not exist on type 'JSX.IntrinsicElements'.
src/icons/Fonts/general-sans/GeneralSansRegular.tsx(4963,5): error TS2339: Property 'hkern' does not exist on type 'JSX.IntrinsicElements'.
src/icons/Fonts/general-sans/GeneralSansRegular.tsx(4964,5): error TS2339: Property 'hkern' does not exist on type 'JSX.IntrinsicElements'.
src/icons/Fonts/general-sans/GeneralSansRegular.tsx(4965,5): error TS2339: Property 'hkern' does not exist on type 'JSX.IntrinsicElements'.
src/icons/Fonts/general-sans/GeneralSansRegular.tsx(4966,5): error TS2339: Property 'hkern' does not exist on type 'JSX.IntrinsicElements'.
src/icons/Fonts/general-sans/GeneralSansRegular.tsx(4967,5): error TS2339: Property 'hkern' does not exist on type 'JSX.IntrinsicElements'.
src/icons/Fonts/general-sans/GeneralSansRegular.tsx(4968,5): error TS2339: Property 'hkern' does not exist on type 'JSX.IntrinsicElements'.
src/icons/Fonts/general-sans/GeneralSansRegular.tsx(4969,5): error TS2339: Property 'hkern' does not exist on type 'JSX.IntrinsicElements'.
src/icons/Fonts/general-sans/GeneralSansRegular.tsx(4970,5): error TS2339: Property 'hkern' does not exist on type 'JSX.IntrinsicElements'.
src/icons/Fonts/general-sans/GeneralSansRegular.tsx(4971,5): error TS2339: Property 'hkern' does not exist on type 'JSX.IntrinsicElements'.
src/icons/Fonts/general-sans/GeneralSansRegular.tsx(4972,5): error TS2339: Property 'hkern' does not exist on type 'JSX.IntrinsicElements'.
src/icons/Fonts/general-sans/GeneralSansRegular.tsx(4973,5): error TS2339: Property 'hkern' does not exist on type 'JSX.IntrinsicElements'.
src/icons/Fonts/general-sans/GeneralSansRegular.tsx(4974,5): error TS2339: Property 'hkern' does not exist on type 'JSX.IntrinsicElements'.
src/icons/Fonts/general-sans/GeneralSansRegular.tsx(4975,5): error TS2339: Property 'hkern' does not exist on type 'JSX.IntrinsicElements'.
src/icons/Fonts/general-sans/GeneralSansRegular.tsx(4976,5): error TS2339: Property 'hkern' does not exist on type 'JSX.IntrinsicElements'.
src/icons/Fonts/general-sans/GeneralSansRegular.tsx(4977,5): error TS2339: Property 'hkern' does not exist on type 'JSX.IntrinsicElements'.
src/icons/Fonts/general-sans/GeneralSansRegular.tsx(4978,5): error TS2339: Property 'hkern' does not exist on type 'JSX.IntrinsicElements'.
src/icons/Fonts/general-sans/GeneralSansRegular.tsx(4979,5): error TS2339: Property 'hkern' does not exist on type 'JSX.IntrinsicElements'.
src/icons/Fonts/general-sans/GeneralSansRegular.tsx(4980,5): error TS2339: Property 'hkern' does not exist on type 'JSX.IntrinsicElements'.
src/icons/Fonts/general-sans/GeneralSansRegular.tsx(4981,5): error TS2339: Property 'hkern' does not exist on type 'JSX.IntrinsicElements'.
src/icons/Fonts/general-sans/GeneralSansRegular.tsx(4982,5): error TS2339: Property 'hkern' does not exist on type 'JSX.IntrinsicElements'.
src/icons/Fonts/general-sans/GeneralSansRegular.tsx(4983,5): error TS2339: Property 'hkern' does not exist on type 'JSX.IntrinsicElements'.
src/icons/Fonts/general-sans/GeneralSansRegular.tsx(4984,5): error TS2339: Property 'hkern' does not exist on type 'JSX.IntrinsicElements'.
src/icons/Fonts/general-sans/GeneralSansRegular.tsx(4985,5): error TS2339: Property 'hkern' does not exist on type 'JSX.IntrinsicElements'.
src/icons/Fonts/general-sans/GeneralSansRegular.tsx(4986,5): error TS2339: Property 'hkern' does not exist on type 'JSX.IntrinsicElements'.
src/icons/Fonts/general-sans/GeneralSansRegular.tsx(4987,5): error TS2339: Property 'hkern' does not exist on type 'JSX.IntrinsicElements'.
src/icons/Fonts/general-sans/GeneralSansRegular.tsx(4988,5): error TS2339: Property 'hkern' does not exist on type 'JSX.IntrinsicElements'.
src/icons/Fonts/general-sans/GeneralSansRegular.tsx(4989,5): error TS2339: Property 'hkern' does not exist on type 'JSX.IntrinsicElements'.
src/icons/Fonts/general-sans/GeneralSansRegular.tsx(4990,5): error TS2339: Property 'hkern' does not exist on type 'JSX.IntrinsicElements'.
src/icons/Fonts/general-sans/GeneralSansRegular.tsx(4991,5): error TS2339: Property 'hkern' does not exist on type 'JSX.IntrinsicElements'.
src/icons/Fonts/general-sans/GeneralSansRegular.tsx(4992,5): error TS2339: Property 'hkern' does not exist on type 'JSX.IntrinsicElements'.
src/icons/Fonts/general-sans/GeneralSansRegular.tsx(4993,5): error TS2339: Property 'hkern' does not exist on type 'JSX.IntrinsicElements'.
src/icons/Fonts/general-sans/GeneralSansRegular.tsx(4994,5): error TS2339: Property 'hkern' does not exist on type 'JSX.IntrinsicElements'.
src/icons/Fonts/general-sans/GeneralSansRegular.tsx(4995,5): error TS2339: Property 'hkern' does not exist on type 'JSX.IntrinsicElements'.
src/icons/Fonts/general-sans/GeneralSansRegular.tsx(4996,5): error TS2339: Property 'hkern' does not exist on type 'JSX.IntrinsicElements'.
src/icons/Fonts/general-sans/GeneralSansRegular.tsx(4997,5): error TS2339: Property 'hkern' does not exist on type 'JSX.IntrinsicElements'.
src/icons/Fonts/general-sans/GeneralSansRegular.tsx(4998,5): error TS2339: Property 'hkern' does not exist on type 'JSX.IntrinsicElements'.
src/icons/Fonts/general-sans/GeneralSansRegular.tsx(4999,5): error TS2339: Property 'hkern' does not exist on type 'JSX.IntrinsicElements'.
src/icons/Fonts/general-sans/GeneralSansRegular.tsx(5000,5): error TS2339: Property 'hkern' does not exist on type 'JSX.IntrinsicElements'.
src/icons/Fonts/general-sans/GeneralSansRegular.tsx(5001,5): error TS2339: Property 'hkern' does not exist on type 'JSX.IntrinsicElements'.
src/icons/Fonts/general-sans/GeneralSansRegular.tsx(5002,5): error TS2339: Property 'hkern' does not exist on type 'JSX.IntrinsicElements'.
src/icons/Fonts/general-sans/GeneralSansRegular.tsx(5003,5): error TS2339: Property 'hkern' does not exist on type 'JSX.IntrinsicElements'.
src/icons/Fonts/general-sans/GeneralSansRegular.tsx(5004,5): error TS2339: Property 'hkern' does not exist on type 'JSX.IntrinsicElements'.
src/icons/Fonts/general-sans/GeneralSansRegular.tsx(5005,5): error TS2339: Property 'hkern' does not exist on type 'JSX.IntrinsicElements'.
src/icons/Fonts/general-sans/GeneralSansRegular.tsx(5006,5): error TS2339: Property 'hkern' does not exist on type 'JSX.IntrinsicElements'.
src/icons/Fonts/general-sans/GeneralSansRegular.tsx(5007,5): error TS2339: Property 'hkern' does not exist on type 'JSX.IntrinsicElements'.
src/icons/Fonts/general-sans/GeneralSansRegular.tsx(5008,5): error TS2339: Property 'hkern' does not exist on type 'JSX.IntrinsicElements'.
src/icons/Fonts/general-sans/GeneralSansRegular.tsx(5009,5): error TS2339: Property 'hkern' does not exist on type 'JSX.IntrinsicElements'.
src/icons/Fonts/general-sans/GeneralSansRegular.tsx(5010,5): error TS2339: Property 'hkern' does not exist on type 'JSX.IntrinsicElements'.
src/icons/Fonts/general-sans/GeneralSansRegular.tsx(5011,5): error TS2339: Property 'hkern' does not exist on type 'JSX.IntrinsicElements'.
src/icons/Fonts/general-sans/GeneralSansRegular.tsx(5012,5): error TS2339: Property 'hkern' does not exist on type 'JSX.IntrinsicElements'.
src/icons/Fonts/general-sans/GeneralSansRegular.tsx(5013,5): error TS2339: Property 'hkern' does not exist on type 'JSX.IntrinsicElements'.
src/icons/Fonts/general-sans/GeneralSansRegular.tsx(5014,5): error TS2339: Property 'hkern' does not exist on type 'JSX.IntrinsicElements'.
src/icons/Fonts/general-sans/GeneralSansRegular.tsx(5015,5): error TS2339: Property 'hkern' does not exist on type 'JSX.IntrinsicElements'.
src/icons/Fonts/general-sans/GeneralSansRegular.tsx(5016,5): error TS2339: Property 'hkern' does not exist on type 'JSX.IntrinsicElements'.
src/icons/Fonts/general-sans/GeneralSansRegular.tsx(5017,5): error TS2339: Property 'hkern' does not exist on type 'JSX.IntrinsicElements'.
src/icons/Fonts/general-sans/GeneralSansRegular.tsx(5018,5): error TS2339: Property 'hkern' does not exist on type 'JSX.IntrinsicElements'.
src/icons/Fonts/general-sans/GeneralSansRegular.tsx(5019,5): error TS2339: Property 'hkern' does not exist on type 'JSX.IntrinsicElements'.
src/icons/Fonts/general-sans/GeneralSansRegular.tsx(5020,5): error TS2339: Property 'hkern' does not exist on type 'JSX.IntrinsicElements'.
src/icons/Fonts/general-sans/GeneralSansRegular.tsx(5021,5): error TS2339: Property 'hkern' does not exist on type 'JSX.IntrinsicElements'.
src/icons/Fonts/general-sans/GeneralSansRegular.tsx(5022,5): error TS2339: Property 'hkern' does not exist on type 'JSX.IntrinsicElements'.
src/icons/Fonts/general-sans/GeneralSansRegular.tsx(5023,5): error TS2339: Property 'hkern' does not exist on type 'JSX.IntrinsicElements'.
src/icons/Fonts/general-sans/GeneralSansRegular.tsx(5024,5): error TS2339: Property 'hkern' does not exist on type 'JSX.IntrinsicElements'.
src/icons/Fonts/general-sans/GeneralSansRegular.tsx(5025,5): error TS2339: Property 'hkern' does not exist on type 'JSX.IntrinsicElements'.
src/icons/Fonts/general-sans/GeneralSansRegular.tsx(5026,5): error TS2339: Property 'hkern' does not exist on type 'JSX.IntrinsicElements'.
src/icons/Fonts/general-sans/GeneralSansRegular.tsx(5027,5): error TS2339: Property 'hkern' does not exist on type 'JSX.IntrinsicElements'.
src/icons/Fonts/general-sans/GeneralSansRegular.tsx(5028,5): error TS2339: Property 'hkern' does not exist on type 'JSX.IntrinsicElements'.
src/icons/Fonts/general-sans/GeneralSansRegular.tsx(5029,5): error TS2339: Property 'hkern' does not exist on type 'JSX.IntrinsicElements'.
src/icons/Fonts/general-sans/GeneralSansRegular.tsx(5030,5): error TS2339: Property 'hkern' does not exist on type 'JSX.IntrinsicElements'.
src/icons/Fonts/general-sans/GeneralSansRegular.tsx(5031,5): error TS2339: Property 'hkern' does not exist on type 'JSX.IntrinsicElements'.
src/icons/Fonts/general-sans/GeneralSansRegular.tsx(5032,5): error TS2339: Property 'hkern' does not exist on type 'JSX.IntrinsicElements'.
src/icons/Fonts/general-sans/GeneralSansRegular.tsx(5033,5): error TS2339: Property 'hkern' does not exist on type 'JSX.IntrinsicElements'.
src/icons/Fonts/general-sans/GeneralSansRegular.tsx(5034,5): error TS2339: Property 'hkern' does not exist on type 'JSX.IntrinsicElements'.
src/icons/Fonts/general-sans/GeneralSansRegular.tsx(5035,5): error TS2339: Property 'hkern' does not exist on type 'JSX.IntrinsicElements'.
src/icons/Fonts/general-sans/GeneralSansRegular.tsx(5036,5): error TS2339: Property 'hkern' does not exist on type 'JSX.IntrinsicElements'.
src/icons/Fonts/general-sans/GeneralSansRegular.tsx(5037,5): error TS2339: Property 'hkern' does not exist on type 'JSX.IntrinsicElements'.
src/icons/Fonts/general-sans/GeneralSansRegular.tsx(5038,5): error TS2339: Property 'hkern' does not exist on type 'JSX.IntrinsicElements'.
src/icons/Fonts/general-sans/GeneralSansRegular.tsx(5039,5): error TS2339: Property 'hkern' does not exist on type 'JSX.IntrinsicElements'.
src/icons/Fonts/general-sans/GeneralSansRegular.tsx(5040,5): error TS2339: Property 'hkern' does not exist on type 'JSX.IntrinsicElements'.
src/icons/Fonts/general-sans/GeneralSansRegular.tsx(5041,5): error TS2339: Property 'hkern' does not exist on type 'JSX.IntrinsicElements'.
src/icons/Fonts/general-sans/GeneralSansRegular.tsx(5042,5): error TS2339: Property 'hkern' does not exist on type 'JSX.IntrinsicElements'.
src/icons/Fonts/general-sans/GeneralSansRegular.tsx(5043,5): error TS2339: Property 'hkern' does not exist on type 'JSX.IntrinsicElements'.
src/icons/Fonts/general-sans/GeneralSansRegular.tsx(5044,5): error TS2339: Property 'hkern' does not exist on type 'JSX.IntrinsicElements'.
src/icons/Fonts/general-sans/GeneralSansRegular.tsx(5045,5): error TS2339: Property 'hkern' does not exist on type 'JSX.IntrinsicElements'.
src/icons/Fonts/general-sans/GeneralSansRegular.tsx(5046,5): error TS2339: Property 'hkern' does not exist on type 'JSX.IntrinsicElements'.
src/icons/Fonts/general-sans/GeneralSansRegular.tsx(5047,5): error TS2339: Property 'hkern' does not exist on type 'JSX.IntrinsicElements'.
src/icons/Fonts/general-sans/GeneralSansRegular.tsx(5048,5): error TS2339: Property 'hkern' does not exist on type 'JSX.IntrinsicElements'.
src/icons/Fonts/general-sans/GeneralSansRegular.tsx(5049,5): error TS2339: Property 'hkern' does not exist on type 'JSX.IntrinsicElements'.
src/icons/Fonts/general-sans/GeneralSansRegular.tsx(5050,5): error TS2339: Property 'hkern' does not exist on type 'JSX.IntrinsicElements'.
src/icons/Fonts/general-sans/GeneralSansRegular.tsx(5051,5): error TS2339: Property 'hkern' does not exist on type 'JSX.IntrinsicElements'.
src/icons/Fonts/general-sans/GeneralSansRegular.tsx(5052,5): error TS2339: Property 'hkern' does not exist on type 'JSX.IntrinsicElements'.
src/icons/Fonts/general-sans/GeneralSansRegular.tsx(5053,5): error TS2339: Property 'hkern' does not exist on type 'JSX.IntrinsicElements'.
src/icons/Fonts/general-sans/GeneralSansRegular.tsx(5054,5): error TS2339: Property 'hkern' does not exist on type 'JSX.IntrinsicElements'.
src/icons/Fonts/general-sans/GeneralSansRegular.tsx(5055,5): error TS2339: Property 'hkern' does not exist on type 'JSX.IntrinsicElements'.
src/icons/Fonts/general-sans/GeneralSansRegular.tsx(5056,5): error TS2339: Property 'hkern' does not exist on type 'JSX.IntrinsicElements'.
src/icons/Fonts/general-sans/GeneralSansRegular.tsx(5057,5): error TS2339: Property 'hkern' does not exist on type 'JSX.IntrinsicElements'.
src/icons/Fonts/general-sans/GeneralSansRegular.tsx(5058,5): error TS2339: Property 'hkern' does not exist on type 'JSX.IntrinsicElements'.
src/icons/Fonts/general-sans/GeneralSansRegular.tsx(5059,5): error TS2339: Property 'hkern' does not exist on type 'JSX.IntrinsicElements'.
src/icons/Fonts/general-sans/GeneralSansRegular.tsx(5060,5): error TS2339: Property 'hkern' does not exist on type 'JSX.IntrinsicElements'.
src/icons/Fonts/general-sans/GeneralSansRegular.tsx(5061,5): error TS2339: Property 'hkern' does not exist on type 'JSX.IntrinsicElements'.
src/icons/Fonts/general-sans/GeneralSansRegular.tsx(5062,5): error TS2339: Property 'hkern' does not exist on type 'JSX.IntrinsicElements'.
src/icons/Fonts/general-sans/GeneralSansRegular.tsx(5063,5): error TS2339: Property 'hkern' does not exist on type 'JSX.IntrinsicElements'.
src/icons/Fonts/general-sans/GeneralSansRegular.tsx(5064,5): error TS2339: Property 'hkern' does not exist on type 'JSX.IntrinsicElements'.
src/icons/Fonts/general-sans/GeneralSansRegular.tsx(5065,5): error TS2339: Property 'hkern' does not exist on type 'JSX.IntrinsicElements'.
src/icons/Fonts/general-sans/GeneralSansRegular.tsx(5066,5): error TS2339: Property 'hkern' does not exist on type 'JSX.IntrinsicElements'.
src/icons/Fonts/general-sans/GeneralSansRegular.tsx(5067,5): error TS2339: Property 'hkern' does not exist on type 'JSX.IntrinsicElements'.
src/icons/Fonts/general-sans/GeneralSansRegular.tsx(5068,5): error TS2339: Property 'hkern' does not exist on type 'JSX.IntrinsicElements'.
src/icons/Fonts/general-sans/GeneralSansRegular.tsx(5069,5): error TS2339: Property 'hkern' does not exist on type 'JSX.IntrinsicElements'.
src/icons/Fonts/general-sans/GeneralSansRegular.tsx(5070,5): error TS2339: Property 'hkern' does not exist on type 'JSX.IntrinsicElements'.
src/icons/Fonts/general-sans/GeneralSansRegular.tsx(5071,5): error TS2339: Property 'hkern' does not exist on type 'JSX.IntrinsicElements'.
src/icons/Fonts/general-sans/GeneralSansRegular.tsx(5072,5): error TS2339: Property 'hkern' does not exist on type 'JSX.IntrinsicElements'.
src/icons/Fonts/general-sans/GeneralSansRegular.tsx(5073,5): error TS2339: Property 'hkern' does not exist on type 'JSX.IntrinsicElements'.
src/icons/Fonts/general-sans/GeneralSansRegular.tsx(5074,5): error TS2339: Property 'hkern' does not exist on type 'JSX.IntrinsicElements'.
src/icons/Fonts/general-sans/GeneralSansRegular.tsx(5075,5): error TS2339: Property 'hkern' does not exist on type 'JSX.IntrinsicElements'.
src/icons/Fonts/general-sans/GeneralSansRegular.tsx(5076,5): error TS2339: Property 'hkern' does not exist on type 'JSX.IntrinsicElements'.
src/icons/Fonts/general-sans/GeneralSansRegular.tsx(5077,5): error TS2339: Property 'hkern' does not exist on type 'JSX.IntrinsicElements'.
src/icons/Fonts/general-sans/GeneralSansRegular.tsx(5078,5): error TS2339: Property 'hkern' does not exist on type 'JSX.IntrinsicElements'.
src/icons/Fonts/general-sans/GeneralSansRegular.tsx(5079,5): error TS2339: Property 'hkern' does not exist on type 'JSX.IntrinsicElements'.
src/icons/Fonts/general-sans/GeneralSansRegular.tsx(5080,5): error TS2339: Property 'hkern' does not exist on type 'JSX.IntrinsicElements'.
src/icons/Fonts/general-sans/GeneralSansRegular.tsx(5081,5): error TS2339: Property 'hkern' does not exist on type 'JSX.IntrinsicElements'.
src/icons/Fonts/general-sans/GeneralSansRegular.tsx(5082,5): error TS2339: Property 'hkern' does not exist on type 'JSX.IntrinsicElements'.
src/icons/Fonts/general-sans/GeneralSansRegular.tsx(5083,5): error TS2339: Property 'hkern' does not exist on type 'JSX.IntrinsicElements'.
src/icons/Fonts/general-sans/GeneralSansRegular.tsx(5084,5): error TS2339: Property 'hkern' does not exist on type 'JSX.IntrinsicElements'.
src/icons/Fonts/general-sans/GeneralSansRegular.tsx(5085,5): error TS2339: Property 'hkern' does not exist on type 'JSX.IntrinsicElements'.
src/icons/Fonts/general-sans/GeneralSansRegular.tsx(5086,5): error TS2339: Property 'hkern' does not exist on type 'JSX.IntrinsicElements'.
src/icons/Fonts/general-sans/GeneralSansRegular.tsx(5087,5): error TS2339: Property 'hkern' does not exist on type 'JSX.IntrinsicElements'.
src/icons/Fonts/general-sans/GeneralSansRegular.tsx(5088,5): error TS2339: Property 'hkern' does not exist on type 'JSX.IntrinsicElements'.
src/icons/Fonts/general-sans/GeneralSansRegular.tsx(5089,5): error TS2339: Property 'hkern' does not exist on type 'JSX.IntrinsicElements'.
src/icons/Fonts/general-sans/GeneralSansRegular.tsx(5090,5): error TS2339: Property 'hkern' does not exist on type 'JSX.IntrinsicElements'.
src/icons/Fonts/general-sans/GeneralSansRegular.tsx(5091,5): error TS2339: Property 'hkern' does not exist on type 'JSX.IntrinsicElements'.
src/icons/Fonts/general-sans/GeneralSansRegular.tsx(5092,5): error TS2339: Property 'hkern' does not exist on type 'JSX.IntrinsicElements'.
src/icons/Fonts/general-sans/GeneralSansRegular.tsx(5093,5): error TS2339: Property 'hkern' does not exist on type 'JSX.IntrinsicElements'.
src/icons/Fonts/general-sans/GeneralSansRegular.tsx(5094,5): error TS2339: Property 'hkern' does not exist on type 'JSX.IntrinsicElements'.
src/icons/Fonts/general-sans/GeneralSansRegular.tsx(5095,5): error TS2339: Property 'hkern' does not exist on type 'JSX.IntrinsicElements'.
src/icons/Fonts/general-sans/GeneralSansRegular.tsx(5096,5): error TS2339: Property 'hkern' does not exist on type 'JSX.IntrinsicElements'.
src/icons/Fonts/general-sans/GeneralSansRegular.tsx(5097,5): error TS2339: Property 'hkern' does not exist on type 'JSX.IntrinsicElements'.
src/icons/Fonts/general-sans/GeneralSansRegular.tsx(5098,5): error TS2339: Property 'hkern' does not exist on type 'JSX.IntrinsicElements'.
src/icons/Fonts/general-sans/GeneralSansRegular.tsx(5099,5): error TS2339: Property 'hkern' does not exist on type 'JSX.IntrinsicElements'.
src/icons/Fonts/general-sans/GeneralSansRegular.tsx(5100,5): error TS2339: Property 'hkern' does not exist on type 'JSX.IntrinsicElements'.
src/icons/Fonts/general-sans/GeneralSansRegular.tsx(5101,5): error TS2339: Property 'hkern' does not exist on type 'JSX.IntrinsicElements'.
src/icons/Fonts/general-sans/GeneralSansRegular.tsx(5102,5): error TS2339: Property 'hkern' does not exist on type 'JSX.IntrinsicElements'.
src/icons/Fonts/general-sans/GeneralSansRegular.tsx(5103,5): error TS2339: Property 'hkern' does not exist on type 'JSX.IntrinsicElements'.
src/icons/Fonts/general-sans/GeneralSansRegular.tsx(5104,5): error TS2339: Property 'hkern' does not exist on type 'JSX.IntrinsicElements'.
src/icons/Fonts/general-sans/GeneralSansRegular.tsx(5105,5): error TS2339: Property 'hkern' does not exist on type 'JSX.IntrinsicElements'.
src/icons/Fonts/general-sans/GeneralSansRegular.tsx(5106,5): error TS2339: Property 'hkern' does not exist on type 'JSX.IntrinsicElements'.
src/icons/Fonts/general-sans/GeneralSansRegular.tsx(5107,5): error TS2339: Property 'hkern' does not exist on type 'JSX.IntrinsicElements'.
src/icons/Fonts/general-sans/GeneralSansRegular.tsx(5108,5): error TS2339: Property 'hkern' does not exist on type 'JSX.IntrinsicElements'.
src/icons/Fonts/general-sans/GeneralSansRegular.tsx(5109,5): error TS2339: Property 'hkern' does not exist on type 'JSX.IntrinsicElements'.
src/icons/Fonts/general-sans/GeneralSansRegular.tsx(5110,5): error TS2339: Property 'hkern' does not exist on type 'JSX.IntrinsicElements'.
src/icons/Fonts/general-sans/GeneralSansRegular.tsx(5111,5): error TS2339: Property 'hkern' does not exist on type 'JSX.IntrinsicElements'.
src/icons/Fonts/general-sans/GeneralSansRegular.tsx(5112,5): error TS2339: Property 'hkern' does not exist on type 'JSX.IntrinsicElements'.
src/icons/Fonts/general-sans/GeneralSansRegular.tsx(5113,5): error TS2339: Property 'hkern' does not exist on type 'JSX.IntrinsicElements'.
src/icons/Fonts/general-sans/GeneralSansRegular.tsx(5114,5): error TS2339: Property 'hkern' does not exist on type 'JSX.IntrinsicElements'.
src/icons/Fonts/general-sans/GeneralSansRegular.tsx(5115,5): error TS2339: Property 'hkern' does not exist on type 'JSX.IntrinsicElements'.
src/icons/Fonts/general-sans/GeneralSansRegular.tsx(5116,5): error TS2339: Property 'hkern' does not exist on type 'JSX.IntrinsicElements'.
src/icons/Fonts/general-sans/GeneralSansRegular.tsx(5117,5): error TS2339: Property 'hkern' does not exist on type 'JSX.IntrinsicElements'.
src/icons/Fonts/general-sans/GeneralSansRegular.tsx(5118,5): error TS2339: Property 'hkern' does not exist on type 'JSX.IntrinsicElements'.
src/icons/Fonts/general-sans/GeneralSansRegular.tsx(5119,5): error TS2339: Property 'hkern' does not exist on type 'JSX.IntrinsicElements'.
src/icons/Fonts/general-sans/GeneralSansRegular.tsx(5120,5): error TS2339: Property 'hkern' does not exist on type 'JSX.IntrinsicElements'.
src/icons/Fonts/general-sans/GeneralSansRegular.tsx(5121,5): error TS2339: Property 'hkern' does not exist on type 'JSX.IntrinsicElements'.
src/icons/Fonts/general-sans/GeneralSansRegular.tsx(5122,5): error TS2339: Property 'hkern' does not exist on type 'JSX.IntrinsicElements'.
src/icons/Fonts/general-sans/GeneralSansRegular.tsx(5123,5): error TS2339: Property 'hkern' does not exist on type 'JSX.IntrinsicElements'.
src/icons/Fonts/general-sans/GeneralSansRegular.tsx(5124,5): error TS2339: Property 'hkern' does not exist on type 'JSX.IntrinsicElements'.
src/icons/Fonts/general-sans/GeneralSansRegular.tsx(5125,5): error TS2339: Property 'hkern' does not exist on type 'JSX.IntrinsicElements'.
src/icons/Fonts/general-sans/GeneralSansRegular.tsx(5126,5): error TS2339: Property 'hkern' does not exist on type 'JSX.IntrinsicElements'.
src/icons/Fonts/general-sans/GeneralSansRegular.tsx(5127,5): error TS2339: Property 'hkern' does not exist on type 'JSX.IntrinsicElements'.
src/icons/Fonts/general-sans/GeneralSansRegular.tsx(5128,5): error TS2339: Property 'hkern' does not exist on type 'JSX.IntrinsicElements'.
src/icons/Fonts/general-sans/GeneralSansRegular.tsx(5129,5): error TS2339: Property 'hkern' does not exist on type 'JSX.IntrinsicElements'.
src/icons/Fonts/general-sans/GeneralSansRegular.tsx(5130,5): error TS2339: Property 'hkern' does not exist on type 'JSX.IntrinsicElements'.
src/icons/Fonts/general-sans/GeneralSansRegular.tsx(5131,5): error TS2339: Property 'hkern' does not exist on type 'JSX.IntrinsicElements'.
src/icons/Fonts/general-sans/GeneralSansRegular.tsx(5132,5): error TS2339: Property 'hkern' does not exist on type 'JSX.IntrinsicElements'.
src/icons/Fonts/general-sans/GeneralSansRegular.tsx(5133,5): error TS2339: Property 'hkern' does not exist on type 'JSX.IntrinsicElements'.
src/icons/Fonts/general-sans/GeneralSansRegular.tsx(5134,5): error TS2339: Property 'hkern' does not exist on type 'JSX.IntrinsicElements'.
src/icons/Fonts/general-sans/GeneralSansRegular.tsx(5135,5): error TS2339: Property 'hkern' does not exist on type 'JSX.IntrinsicElements'.
src/icons/Fonts/general-sans/GeneralSansRegular.tsx(5136,5): error TS2339: Property 'hkern' does not exist on type 'JSX.IntrinsicElements'.
src/icons/Fonts/general-sans/GeneralSansRegular.tsx(5137,5): error TS2339: Property 'hkern' does not exist on type 'JSX.IntrinsicElements'.
src/icons/Fonts/general-sans/GeneralSansRegular.tsx(5138,5): error TS2339: Property 'hkern' does not exist on type 'JSX.IntrinsicElements'.
src/icons/Fonts/general-sans/GeneralSansRegular.tsx(5139,5): error TS2339: Property 'hkern' does not exist on type 'JSX.IntrinsicElements'.
src/icons/Fonts/general-sans/GeneralSansRegular.tsx(5140,5): error TS2339: Property 'hkern' does not exist on type 'JSX.IntrinsicElements'.
src/icons/Fonts/general-sans/GeneralSansRegular.tsx(5141,5): error TS2339: Property 'hkern' does not exist on type 'JSX.IntrinsicElements'.
src/icons/Fonts/general-sans/GeneralSansRegular.tsx(5142,5): error TS2339: Property 'hkern' does not exist on type 'JSX.IntrinsicElements'.
src/icons/Fonts/general-sans/GeneralSansRegular.tsx(5143,5): error TS2339: Property 'hkern' does not exist on type 'JSX.IntrinsicElements'.
src/icons/Fonts/general-sans/GeneralSansRegular.tsx(5144,5): error TS2339: Property 'hkern' does not exist on type 'JSX.IntrinsicElements'.
src/icons/Fonts/general-sans/GeneralSansRegular.tsx(5145,5): error TS2339: Property 'hkern' does not exist on type 'JSX.IntrinsicElements'.
src/icons/Fonts/general-sans/GeneralSansRegular.tsx(5146,5): error TS2339: Property 'hkern' does not exist on type 'JSX.IntrinsicElements'.
src/icons/Fonts/general-sans/GeneralSansRegular.tsx(5147,5): error TS2339: Property 'hkern' does not exist on type 'JSX.IntrinsicElements'.
src/icons/Fonts/general-sans/GeneralSansRegular.tsx(5148,5): error TS2339: Property 'hkern' does not exist on type 'JSX.IntrinsicElements'.
src/icons/Fonts/general-sans/GeneralSansRegular.tsx(5149,5): error TS2339: Property 'hkern' does not exist on type 'JSX.IntrinsicElements'.
src/icons/Fonts/general-sans/GeneralSansRegular.tsx(5150,5): error TS2339: Property 'hkern' does not exist on type 'JSX.IntrinsicElements'.
src/icons/Fonts/general-sans/GeneralSansRegular.tsx(5151,5): error TS2339: Property 'hkern' does not exist on type 'JSX.IntrinsicElements'.
src/icons/Fonts/general-sans/GeneralSansRegular.tsx(5152,5): error TS2339: Property 'hkern' does not exist on type 'JSX.IntrinsicElements'.
src/icons/Fonts/general-sans/GeneralSansRegular.tsx(5153,5): error TS2339: Property 'hkern' does not exist on type 'JSX.IntrinsicElements'.
src/icons/Fonts/general-sans/GeneralSansRegular.tsx(5154,5): error TS2339: Property 'hkern' does not exist on type 'JSX.IntrinsicElements'.
src/icons/Fonts/general-sans/GeneralSansRegular.tsx(5155,5): error TS2339: Property 'hkern' does not exist on type 'JSX.IntrinsicElements'.
src/icons/Fonts/general-sans/GeneralSansRegular.tsx(5156,5): error TS2339: Property 'hkern' does not exist on type 'JSX.IntrinsicElements'.
src/icons/Fonts/general-sans/GeneralSansRegular.tsx(5157,5): error TS2339: Property 'hkern' does not exist on type 'JSX.IntrinsicElements'.
src/icons/Fonts/general-sans/GeneralSansRegular.tsx(5158,5): error TS2339: Property 'hkern' does not exist on type 'JSX.IntrinsicElements'.
src/icons/Fonts/general-sans/GeneralSansRegular.tsx(5159,5): error TS2339: Property 'hkern' does not exist on type 'JSX.IntrinsicElements'.
src/icons/Fonts/general-sans/GeneralSansRegular.tsx(5160,5): error TS2339: Property 'hkern' does not exist on type 'JSX.IntrinsicElements'.
src/icons/Fonts/general-sans/GeneralSansRegular.tsx(5161,5): error TS2339: Property 'hkern' does not exist on type 'JSX.IntrinsicElements'.
src/icons/Fonts/general-sans/GeneralSansRegular.tsx(5162,5): error TS2339: Property 'hkern' does not exist on type 'JSX.IntrinsicElements'.
src/icons/Fonts/general-sans/GeneralSansRegular.tsx(5163,5): error TS2339: Property 'hkern' does not exist on type 'JSX.IntrinsicElements'.
src/icons/Fonts/general-sans/GeneralSansRegular.tsx(5164,5): error TS2339: Property 'hkern' does not exist on type 'JSX.IntrinsicElements'.
src/icons/Fonts/general-sans/GeneralSansRegular.tsx(5165,5): error TS2339: Property 'hkern' does not exist on type 'JSX.IntrinsicElements'.
src/icons/Fonts/general-sans/GeneralSansRegular.tsx(5166,5): error TS2339: Property 'hkern' does not exist on type 'JSX.IntrinsicElements'.
src/icons/Fonts/general-sans/GeneralSansRegular.tsx(5167,5): error TS2339: Property 'hkern' does not exist on type 'JSX.IntrinsicElements'.
src/icons/Fonts/general-sans/GeneralSansRegular.tsx(5168,5): error TS2339: Property 'hkern' does not exist on type 'JSX.IntrinsicElements'.
src/icons/Fonts/general-sans/GeneralSansRegular.tsx(5169,5): error TS2339: Property 'hkern' does not exist on type 'JSX.IntrinsicElements'.
src/icons/Fonts/general-sans/GeneralSansRegular.tsx(5170,5): error TS2339: Property 'hkern' does not exist on type 'JSX.IntrinsicElements'.
src/icons/Fonts/general-sans/GeneralSansRegular.tsx(5171,5): error TS2339: Property 'hkern' does not exist on type 'JSX.IntrinsicElements'.
src/icons/Fonts/general-sans/GeneralSansRegular.tsx(5172,5): error TS2339: Property 'hkern' does not exist on type 'JSX.IntrinsicElements'.
src/icons/Fonts/general-sans/GeneralSansRegular.tsx(5173,5): error TS2339: Property 'hkern' does not exist on type 'JSX.IntrinsicElements'.
src/icons/Fonts/general-sans/GeneralSansRegular.tsx(5174,5): error TS2339: Property 'hkern' does not exist on type 'JSX.IntrinsicElements'.
src/icons/Fonts/general-sans/GeneralSansRegular.tsx(5175,5): error TS2339: Property 'hkern' does not exist on type 'JSX.IntrinsicElements'.
src/icons/Fonts/general-sans/GeneralSansRegular.tsx(5176,5): error TS2339: Property 'hkern' does not exist on type 'JSX.IntrinsicElements'.
src/icons/Fonts/general-sans/GeneralSansRegular.tsx(5177,5): error TS2339: Property 'hkern' does not exist on type 'JSX.IntrinsicElements'.
src/icons/Fonts/general-sans/GeneralSansRegular.tsx(5178,5): error TS2339: Property 'hkern' does not exist on type 'JSX.IntrinsicElements'.
src/icons/Fonts/general-sans/GeneralSansRegular.tsx(5179,5): error TS2339: Property 'hkern' does not exist on type 'JSX.IntrinsicElements'.
src/icons/Fonts/general-sans/GeneralSansRegular.tsx(5180,5): error TS2339: Property 'hkern' does not exist on type 'JSX.IntrinsicElements'.
src/icons/Fonts/general-sans/GeneralSansRegular.tsx(5181,5): error TS2339: Property 'hkern' does not exist on type 'JSX.IntrinsicElements'.
src/icons/Fonts/general-sans/GeneralSansRegular.tsx(5182,5): error TS2339: Property 'hkern' does not exist on type 'JSX.IntrinsicElements'.
src/icons/Fonts/general-sans/GeneralSansRegular.tsx(5183,5): error TS2339: Property 'hkern' does not exist on type 'JSX.IntrinsicElements'.
src/icons/Fonts/general-sans/GeneralSansRegular.tsx(5184,5): error TS2339: Property 'hkern' does not exist on type 'JSX.IntrinsicElements'.
src/icons/Fonts/general-sans/GeneralSansRegular.tsx(5185,5): error TS2339: Property 'hkern' does not exist on type 'JSX.IntrinsicElements'.
src/icons/Fonts/general-sans/GeneralSansRegular.tsx(5186,5): error TS2339: Property 'hkern' does not exist on type 'JSX.IntrinsicElements'.
src/icons/Fonts/general-sans/GeneralSansRegular.tsx(5187,5): error TS2339: Property 'hkern' does not exist on type 'JSX.IntrinsicElements'.
src/icons/Fonts/general-sans/GeneralSansRegular.tsx(5188,5): error TS2339: Property 'hkern' does not exist on type 'JSX.IntrinsicElements'.
src/icons/Fonts/general-sans/GeneralSansRegular.tsx(5189,5): error TS2339: Property 'hkern' does not exist on type 'JSX.IntrinsicElements'.
src/icons/Fonts/general-sans/GeneralSansRegular.tsx(5190,5): error TS2339: Property 'hkern' does not exist on type 'JSX.IntrinsicElements'.
src/icons/Fonts/general-sans/GeneralSansRegular.tsx(5191,5): error TS2339: Property 'hkern' does not exist on type 'JSX.IntrinsicElements'.
src/icons/Fonts/general-sans/GeneralSansRegular.tsx(5192,5): error TS2339: Property 'hkern' does not exist on type 'JSX.IntrinsicElements'.
src/icons/Fonts/general-sans/GeneralSansRegular.tsx(5193,5): error TS2339: Property 'hkern' does not exist on type 'JSX.IntrinsicElements'.
src/icons/Fonts/general-sans/GeneralSansRegular.tsx(5194,5): error TS2339: Property 'hkern' does not exist on type 'JSX.IntrinsicElements'.
src/icons/Fonts/general-sans/GeneralSansRegular.tsx(5195,5): error TS2339: Property 'hkern' does not exist on type 'JSX.IntrinsicElements'.
src/icons/Fonts/general-sans/GeneralSansRegular.tsx(5196,5): error TS2339: Property 'hkern' does not exist on type 'JSX.IntrinsicElements'.
src/icons/Fonts/general-sans/GeneralSansRegular.tsx(5197,5): error TS2339: Property 'hkern' does not exist on type 'JSX.IntrinsicElements'.
src/icons/Fonts/general-sans/GeneralSansRegular.tsx(5198,5): error TS2339: Property 'hkern' does not exist on type 'JSX.IntrinsicElements'.
src/icons/Fonts/general-sans/GeneralSansRegular.tsx(5199,5): error TS2339: Property 'hkern' does not exist on type 'JSX.IntrinsicElements'.
src/icons/Fonts/general-sans/GeneralSansRegular.tsx(5200,5): error TS2339: Property 'hkern' does not exist on type 'JSX.IntrinsicElements'.
src/icons/Fonts/general-sans/GeneralSansRegular.tsx(5201,5): error TS2339: Property 'hkern' does not exist on type 'JSX.IntrinsicElements'.
src/icons/Fonts/general-sans/GeneralSansRegular.tsx(5202,5): error TS2339: Property 'hkern' does not exist on type 'JSX.IntrinsicElements'.
src/icons/Fonts/general-sans/GeneralSansRegular.tsx(5203,5): error TS2339: Property 'hkern' does not exist on type 'JSX.IntrinsicElements'.
src/icons/Fonts/general-sans/GeneralSansRegular.tsx(5204,5): error TS2339: Property 'hkern' does not exist on type 'JSX.IntrinsicElements'.
src/icons/Fonts/general-sans/GeneralSansRegular.tsx(5205,5): error TS2339: Property 'hkern' does not exist on type 'JSX.IntrinsicElements'.
src/icons/Fonts/general-sans/GeneralSansRegular.tsx(5206,5): error TS2339: Property 'hkern' does not exist on type 'JSX.IntrinsicElements'.
src/icons/Fonts/general-sans/GeneralSansRegular.tsx(5207,5): error TS2339: Property 'hkern' does not exist on type 'JSX.IntrinsicElements'.
src/icons/Fonts/general-sans/GeneralSansRegular.tsx(5208,5): error TS2339: Property 'hkern' does not exist on type 'JSX.IntrinsicElements'.
src/icons/Fonts/general-sans/GeneralSansRegular.tsx(5209,5): error TS2339: Property 'hkern' does not exist on type 'JSX.IntrinsicElements'.
src/icons/Fonts/general-sans/GeneralSansRegular.tsx(5210,5): error TS2339: Property 'hkern' does not exist on type 'JSX.IntrinsicElements'.
src/icons/Fonts/general-sans/GeneralSansRegular.tsx(5211,5): error TS2339: Property 'hkern' does not exist on type 'JSX.IntrinsicElements'.
src/icons/Fonts/general-sans/GeneralSansRegular.tsx(5212,5): error TS2339: Property 'hkern' does not exist on type 'JSX.IntrinsicElements'.
src/icons/Fonts/general-sans/GeneralSansRegular.tsx(5213,5): error TS2339: Property 'hkern' does not exist on type 'JSX.IntrinsicElements'.
src/icons/Fonts/general-sans/GeneralSansRegular.tsx(5214,5): error TS2339: Property 'hkern' does not exist on type 'JSX.IntrinsicElements'.
src/icons/Fonts/general-sans/GeneralSansRegular.tsx(5215,5): error TS2339: Property 'hkern' does not exist on type 'JSX.IntrinsicElements'.
src/icons/Fonts/general-sans/GeneralSansRegular.tsx(5216,5): error TS2339: Property 'hkern' does not exist on type 'JSX.IntrinsicElements'.
src/icons/Fonts/general-sans/GeneralSansRegular.tsx(5217,5): error TS2339: Property 'hkern' does not exist on type 'JSX.IntrinsicElements'.
src/icons/Fonts/general-sans/GeneralSansRegular.tsx(5218,5): error TS2339: Property 'hkern' does not exist on type 'JSX.IntrinsicElements'.
src/icons/Fonts/general-sans/GeneralSansRegular.tsx(5219,5): error TS2339: Property 'hkern' does not exist on type 'JSX.IntrinsicElements'.
src/icons/Fonts/general-sans/GeneralSansRegular.tsx(5220,5): error TS2339: Property 'hkern' does not exist on type 'JSX.IntrinsicElements'.
src/icons/Fonts/general-sans/GeneralSansRegular.tsx(5221,5): error TS2339: Property 'hkern' does not exist on type 'JSX.IntrinsicElements'.
src/icons/Fonts/general-sans/GeneralSansRegular.tsx(5222,5): error TS2339: Property 'hkern' does not exist on type 'JSX.IntrinsicElements'.
src/icons/Fonts/general-sans/GeneralSansRegular.tsx(5223,5): error TS2339: Property 'hkern' does not exist on type 'JSX.IntrinsicElements'.
src/icons/Fonts/general-sans/GeneralSansRegular.tsx(5224,5): error TS2339: Property 'hkern' does not exist on type 'JSX.IntrinsicElements'.
src/icons/Fonts/general-sans/GeneralSansRegular.tsx(5225,5): error TS2339: Property 'hkern' does not exist on type 'JSX.IntrinsicElements'.
src/icons/Fonts/general-sans/GeneralSansRegular.tsx(5226,5): error TS2339: Property 'hkern' does not exist on type 'JSX.IntrinsicElements'.
src/icons/Fonts/general-sans/GeneralSansRegular.tsx(5227,5): error TS2339: Property 'hkern' does not exist on type 'JSX.IntrinsicElements'.
src/icons/Fonts/general-sans/GeneralSansRegular.tsx(5228,5): error TS2339: Property 'hkern' does not exist on type 'JSX.IntrinsicElements'.
src/icons/Fonts/general-sans/GeneralSansRegular.tsx(5229,5): error TS2339: Property 'hkern' does not exist on type 'JSX.IntrinsicElements'.
src/icons/Fonts/general-sans/GeneralSansRegular.tsx(5230,5): error TS2339: Property 'hkern' does not exist on type 'JSX.IntrinsicElements'.
src/icons/Fonts/general-sans/GeneralSansRegular.tsx(5231,5): error TS2339: Property 'hkern' does not exist on type 'JSX.IntrinsicElements'.
src/icons/Fonts/general-sans/GeneralSansRegular.tsx(5232,5): error TS2339: Property 'hkern' does not exist on type 'JSX.IntrinsicElements'.
src/icons/Fonts/general-sans/GeneralSansRegular.tsx(5233,5): error TS2339: Property 'hkern' does not exist on type 'JSX.IntrinsicElements'.
src/icons/Fonts/general-sans/GeneralSansRegular.tsx(5234,5): error TS2339: Property 'hkern' does not exist on type 'JSX.IntrinsicElements'.
src/icons/Fonts/general-sans/GeneralSansRegular.tsx(5235,5): error TS2339: Property 'hkern' does not exist on type 'JSX.IntrinsicElements'.
src/icons/Fonts/general-sans/GeneralSansRegular.tsx(5236,5): error TS2339: Property 'hkern' does not exist on type 'JSX.IntrinsicElements'.
src/icons/Fonts/general-sans/GeneralSansRegular.tsx(5237,5): error TS2339: Property 'hkern' does not exist on type 'JSX.IntrinsicElements'.
src/icons/Fonts/general-sans/GeneralSansRegular.tsx(5238,5): error TS2339: Property 'hkern' does not exist on type 'JSX.IntrinsicElements'.
src/icons/Fonts/general-sans/GeneralSansRegular.tsx(5239,5): error TS2339: Property 'hkern' does not exist on type 'JSX.IntrinsicElements'.
src/icons/Fonts/general-sans/GeneralSansRegular.tsx(5240,5): error TS2339: Property 'hkern' does not exist on type 'JSX.IntrinsicElements'.
src/icons/Fonts/general-sans/GeneralSansRegular.tsx(5241,5): error TS2339: Property 'hkern' does not exist on type 'JSX.IntrinsicElements'.
src/icons/Fonts/general-sans/GeneralSansRegular.tsx(5242,5): error TS2339: Property 'hkern' does not exist on type 'JSX.IntrinsicElements'.
src/icons/Fonts/general-sans/GeneralSansRegular.tsx(5243,5): error TS2339: Property 'hkern' does not exist on type 'JSX.IntrinsicElements'.
src/icons/Fonts/general-sans/GeneralSansRegular.tsx(5246,5): error TS2339: Property 'hkern' does not exist on type 'JSX.IntrinsicElements'.
src/icons/Fonts/general-sans/GeneralSansRegular.tsx(5249,5): error TS2339: Property 'hkern' does not exist on type 'JSX.IntrinsicElements'.
src/icons/Fonts/general-sans/GeneralSansRegular.tsx(5252,5): error TS2339: Property 'hkern' does not exist on type 'JSX.IntrinsicElements'.
src/icons/Fonts/general-sans/GeneralSansRegular.tsx(5255,5): error TS2339: Property 'hkern' does not exist on type 'JSX.IntrinsicElements'.
src/icons/Fonts/general-sans/GeneralSansRegular.tsx(5258,5): error TS2339: Property 'hkern' does not exist on type 'JSX.IntrinsicElements'.
src/icons/Fonts/general-sans/GeneralSansRegular.tsx(5261,5): error TS2339: Property 'hkern' does not exist on type 'JSX.IntrinsicElements'.
src/icons/Fonts/general-sans/GeneralSansRegular.tsx(5264,5): error TS2339: Property 'hkern' does not exist on type 'JSX.IntrinsicElements'.
src/icons/Fonts/general-sans/GeneralSansRegular.tsx(5267,5): error TS2339: Property 'hkern' does not exist on type 'JSX.IntrinsicElements'.
src/icons/Fonts/general-sans/GeneralSansRegular.tsx(5270,5): error TS2339: Property 'hkern' does not exist on type 'JSX.IntrinsicElements'.
src/icons/Fonts/general-sans/GeneralSansRegular.tsx(5273,5): error TS2339: Property 'hkern' does not exist on type 'JSX.IntrinsicElements'.
src/icons/Fonts/general-sans/GeneralSansRegular.tsx(5276,5): error TS2339: Property 'hkern' does not exist on type 'JSX.IntrinsicElements'.
src/icons/Fonts/general-sans/GeneralSansRegular.tsx(5279,5): error TS2339: Property 'hkern' does not exist on type 'JSX.IntrinsicElements'.
src/icons/Fonts/general-sans/GeneralSansRegular.tsx(5282,5): error TS2339: Property 'hkern' does not exist on type 'JSX.IntrinsicElements'.
src/icons/Fonts/general-sans/GeneralSansRegular.tsx(5285,5): error TS2339: Property 'hkern' does not exist on type 'JSX.IntrinsicElements'.
src/icons/Fonts/general-sans/GeneralSansRegular.tsx(5288,5): error TS2339: Property 'hkern' does not exist on type 'JSX.IntrinsicElements'.
src/icons/Fonts/general-sans/GeneralSansRegular.tsx(5291,5): error TS2339: Property 'hkern' does not exist on type 'JSX.IntrinsicElements'.
src/icons/Fonts/general-sans/GeneralSansRegular.tsx(5294,5): error TS2339: Property 'hkern' does not exist on type 'JSX.IntrinsicElements'.
src/icons/Fonts/general-sans/GeneralSansRegular.tsx(5297,5): error TS2339: Property 'hkern' does not exist on type 'JSX.IntrinsicElements'.
src/icons/Fonts/general-sans/GeneralSansRegular.tsx(5300,5): error TS2339: Property 'hkern' does not exist on type 'JSX.IntrinsicElements'.
src/icons/Fonts/general-sans/GeneralSansRegular.tsx(5303,5): error TS2339: Property 'hkern' does not exist on type 'JSX.IntrinsicElements'.
src/icons/Fonts/general-sans/GeneralSansRegular.tsx(5306,5): error TS2339: Property 'hkern' does not exist on type 'JSX.IntrinsicElements'.
src/icons/Fonts/general-sans/GeneralSansRegular.tsx(5309,5): error TS2339: Property 'hkern' does not exist on type 'JSX.IntrinsicElements'.
src/icons/Fonts/general-sans/GeneralSansRegular.tsx(5312,5): error TS2339: Property 'hkern' does not exist on type 'JSX.IntrinsicElements'.
src/icons/Fonts/general-sans/GeneralSansRegular.tsx(5315,5): error TS2339: Property 'hkern' does not exist on type 'JSX.IntrinsicElements'.
src/icons/Fonts/general-sans/GeneralSansRegular.tsx(5318,5): error TS2339: Property 'hkern' does not exist on type 'JSX.IntrinsicElements'.
src/icons/Fonts/general-sans/GeneralSansRegular.tsx(5321,5): error TS2339: Property 'hkern' does not exist on type 'JSX.IntrinsicElements'.
src/icons/Fonts/general-sans/GeneralSansRegular.tsx(5324,5): error TS2339: Property 'hkern' does not exist on type 'JSX.IntrinsicElements'.
src/icons/Fonts/general-sans/GeneralSansRegular.tsx(5327,5): error TS2339: Property 'hkern' does not exist on type 'JSX.IntrinsicElements'.
src/icons/Fonts/general-sans/GeneralSansRegular.tsx(5330,5): error TS2339: Property 'hkern' does not exist on type 'JSX.IntrinsicElements'.
src/icons/Fonts/general-sans/GeneralSansRegular.tsx(5333,5): error TS2339: Property 'hkern' does not exist on type 'JSX.IntrinsicElements'.
src/icons/Fonts/general-sans/GeneralSansRegular.tsx(5336,5): error TS2339: Property 'hkern' does not exist on type 'JSX.IntrinsicElements'.
src/icons/Fonts/general-sans/GeneralSansRegular.tsx(5339,5): error TS2339: Property 'hkern' does not exist on type 'JSX.IntrinsicElements'.
src/icons/Fonts/general-sans/GeneralSansRegular.tsx(5342,5): error TS2339: Property 'hkern' does not exist on type 'JSX.IntrinsicElements'.
src/icons/Fonts/general-sans/GeneralSansRegular.tsx(5345,5): error TS2339: Property 'hkern' does not exist on type 'JSX.IntrinsicElements'.
src/icons/Fonts/general-sans/GeneralSansRegular.tsx(5348,5): error TS2339: Property 'hkern' does not exist on type 'JSX.IntrinsicElements'.
src/icons/Fonts/general-sans/GeneralSansRegular.tsx(5351,5): error TS2339: Property 'hkern' does not exist on type 'JSX.IntrinsicElements'.
src/icons/Fonts/general-sans/GeneralSansRegular.tsx(5354,5): error TS2339: Property 'hkern' does not exist on type 'JSX.IntrinsicElements'.
src/icons/Fonts/general-sans/GeneralSansRegular.tsx(5357,5): error TS2339: Property 'hkern' does not exist on type 'JSX.IntrinsicElements'.
src/icons/Fonts/general-sans/GeneralSansRegular.tsx(5360,5): error TS2339: Property 'hkern' does not exist on type 'JSX.IntrinsicElements'.
src/icons/Fonts/general-sans/GeneralSansRegular.tsx(5363,5): error TS2339: Property 'hkern' does not exist on type 'JSX.IntrinsicElements'.
src/icons/Fonts/general-sans/GeneralSansRegular.tsx(5366,5): error TS2339: Property 'hkern' does not exist on type 'JSX.IntrinsicElements'.
src/icons/Fonts/general-sans/GeneralSansRegular.tsx(5369,5): error TS2339: Property 'hkern' does not exist on type 'JSX.IntrinsicElements'.
src/icons/Fonts/general-sans/GeneralSansRegular.tsx(5372,5): error TS2339: Property 'hkern' does not exist on type 'JSX.IntrinsicElements'.
src/icons/Fonts/general-sans/GeneralSansRegular.tsx(5375,5): error TS2339: Property 'hkern' does not exist on type 'JSX.IntrinsicElements'.
src/icons/Fonts/general-sans/GeneralSansRegular.tsx(5378,5): error TS2339: Property 'hkern' does not exist on type 'JSX.IntrinsicElements'.
src/icons/Fonts/general-sans/GeneralSansRegular.tsx(5381,5): error TS2339: Property 'hkern' does not exist on type 'JSX.IntrinsicElements'.
src/icons/Fonts/general-sans/GeneralSansRegular.tsx(5384,5): error TS2339: Property 'hkern' does not exist on type 'JSX.IntrinsicElements'.
src/icons/Fonts/general-sans/GeneralSansRegular.tsx(5387,5): error TS2339: Property 'hkern' does not exist on type 'JSX.IntrinsicElements'.
src/icons/Fonts/general-sans/GeneralSansRegular.tsx(5390,5): error TS2339: Property 'hkern' does not exist on type 'JSX.IntrinsicElements'.
src/icons/Fonts/general-sans/GeneralSansRegular.tsx(5393,5): error TS2339: Property 'hkern' does not exist on type 'JSX.IntrinsicElements'.
src/icons/Fonts/general-sans/GeneralSansRegular.tsx(5396,5): error TS2339: Property 'hkern' does not exist on type 'JSX.IntrinsicElements'.
src/icons/Fonts/general-sans/GeneralSansRegular.tsx(5399,5): error TS2339: Property 'hkern' does not exist on type 'JSX.IntrinsicElements'.
src/icons/Fonts/general-sans/GeneralSansRegular.tsx(5402,5): error TS2339: Property 'hkern' does not exist on type 'JSX.IntrinsicElements'.
src/icons/Fonts/general-sans/GeneralSansRegular.tsx(5405,5): error TS2339: Property 'hkern' does not exist on type 'JSX.IntrinsicElements'.
src/icons/Fonts/general-sans/GeneralSansRegular.tsx(5408,5): error TS2339: Property 'hkern' does not exist on type 'JSX.IntrinsicElements'.
src/icons/Fonts/general-sans/GeneralSansRegular.tsx(5411,5): error TS2339: Property 'hkern' does not exist on type 'JSX.IntrinsicElements'.
src/icons/Fonts/general-sans/GeneralSansRegular.tsx(5414,5): error TS2339: Property 'hkern' does not exist on type 'JSX.IntrinsicElements'.
src/icons/Fonts/general-sans/GeneralSansRegular.tsx(5417,5): error TS2339: Property 'hkern' does not exist on type 'JSX.IntrinsicElements'.
src/icons/Fonts/general-sans/GeneralSansRegular.tsx(5420,5): error TS2339: Property 'hkern' does not exist on type 'JSX.IntrinsicElements'.
src/icons/Fonts/general-sans/GeneralSansRegular.tsx(5423,5): error TS2339: Property 'hkern' does not exist on type 'JSX.IntrinsicElements'.
src/icons/Fonts/general-sans/GeneralSansRegular.tsx(5426,5): error TS2339: Property 'hkern' does not exist on type 'JSX.IntrinsicElements'.
src/icons/Fonts/general-sans/GeneralSansRegular.tsx(5429,5): error TS2339: Property 'hkern' does not exist on type 'JSX.IntrinsicElements'.
src/icons/Fonts/general-sans/GeneralSansRegular.tsx(5432,5): error TS2339: Property 'hkern' does not exist on type 'JSX.IntrinsicElements'.
src/icons/Fonts/general-sans/GeneralSansRegular.tsx(5435,5): error TS2339: Property 'hkern' does not exist on type 'JSX.IntrinsicElements'.
src/icons/Fonts/general-sans/GeneralSansRegular.tsx(5438,5): error TS2339: Property 'hkern' does not exist on type 'JSX.IntrinsicElements'.
src/icons/Fonts/general-sans/GeneralSansRegular.tsx(5441,5): error TS2339: Property 'hkern' does not exist on type 'JSX.IntrinsicElements'.
src/icons/Fonts/general-sans/GeneralSansRegular.tsx(5444,5): error TS2339: Property 'hkern' does not exist on type 'JSX.IntrinsicElements'.
src/icons/Fonts/general-sans/GeneralSansRegular.tsx(5447,5): error TS2339: Property 'hkern' does not exist on type 'JSX.IntrinsicElements'.
src/icons/Fonts/general-sans/GeneralSansRegular.tsx(5450,5): error TS2339: Property 'hkern' does not exist on type 'JSX.IntrinsicElements'.
src/icons/Fonts/general-sans/GeneralSansRegular.tsx(5453,5): error TS2339: Property 'hkern' does not exist on type 'JSX.IntrinsicElements'.
src/icons/Fonts/general-sans/GeneralSansRegular.tsx(5456,5): error TS2339: Property 'hkern' does not exist on type 'JSX.IntrinsicElements'.
src/icons/Fonts/general-sans/GeneralSansRegular.tsx(5459,5): error TS2339: Property 'hkern' does not exist on type 'JSX.IntrinsicElements'.
src/icons/Fonts/general-sans/GeneralSansRegular.tsx(5462,5): error TS2339: Property 'hkern' does not exist on type 'JSX.IntrinsicElements'.
src/icons/Fonts/general-sans/GeneralSansRegular.tsx(5465,5): error TS2339: Property 'hkern' does not exist on type 'JSX.IntrinsicElements'.
src/icons/Fonts/general-sans/GeneralSansRegular.tsx(5468,5): error TS2339: Property 'hkern' does not exist on type 'JSX.IntrinsicElements'.
src/icons/Fonts/general-sans/GeneralSansRegular.tsx(5471,5): error TS2339: Property 'hkern' does not exist on type 'JSX.IntrinsicElements'.
src/icons/Fonts/general-sans/GeneralSansRegular.tsx(5474,5): error TS2339: Property 'hkern' does not exist on type 'JSX.IntrinsicElements'.
src/icons/Fonts/general-sans/GeneralSansRegular.tsx(5477,5): error TS2339: Property 'hkern' does not exist on type 'JSX.IntrinsicElements'.
src/icons/Fonts/general-sans/GeneralSansRegular.tsx(5480,5): error TS2339: Property 'hkern' does not exist on type 'JSX.IntrinsicElements'.
src/icons/Fonts/general-sans/GeneralSansRegular.tsx(5483,5): error TS2339: Property 'hkern' does not exist on type 'JSX.IntrinsicElements'.
src/icons/Fonts/general-sans/GeneralSansRegular.tsx(5486,5): error TS2339: Property 'hkern' does not exist on type 'JSX.IntrinsicElements'.
src/icons/Fonts/general-sans/GeneralSansRegular.tsx(5489,5): error TS2339: Property 'hkern' does not exist on type 'JSX.IntrinsicElements'.
src/icons/Fonts/general-sans/GeneralSansRegular.tsx(5492,5): error TS2339: Property 'hkern' does not exist on type 'JSX.IntrinsicElements'.
src/icons/Fonts/general-sans/GeneralSansRegular.tsx(5495,5): error TS2339: Property 'hkern' does not exist on type 'JSX.IntrinsicElements'.
src/icons/Fonts/general-sans/GeneralSansRegular.tsx(5498,5): error TS2339: Property 'hkern' does not exist on type 'JSX.IntrinsicElements'.
src/icons/Fonts/general-sans/GeneralSansRegular.tsx(5501,5): error TS2339: Property 'hkern' does not exist on type 'JSX.IntrinsicElements'.
src/icons/Fonts/general-sans/GeneralSansRegular.tsx(5504,5): error TS2339: Property 'hkern' does not exist on type 'JSX.IntrinsicElements'.
src/icons/Fonts/general-sans/GeneralSansRegular.tsx(5507,5): error TS2339: Property 'hkern' does not exist on type 'JSX.IntrinsicElements'.
src/icons/Fonts/general-sans/GeneralSansRegular.tsx(5510,5): error TS2339: Property 'hkern' does not exist on type 'JSX.IntrinsicElements'.
src/icons/Fonts/general-sans/GeneralSansRegular.tsx(5513,5): error TS2339: Property 'hkern' does not exist on type 'JSX.IntrinsicElements'.
src/icons/Fonts/general-sans/GeneralSansRegular.tsx(5516,5): error TS2339: Property 'hkern' does not exist on type 'JSX.IntrinsicElements'.
src/icons/Fonts/general-sans/GeneralSansRegular.tsx(5519,5): error TS2339: Property 'hkern' does not exist on type 'JSX.IntrinsicElements'.
src/icons/Fonts/general-sans/GeneralSansRegular.tsx(5522,5): error TS2339: Property 'hkern' does not exist on type 'JSX.IntrinsicElements'.
src/icons/Fonts/general-sans/GeneralSansRegular.tsx(5525,5): error TS2339: Property 'hkern' does not exist on type 'JSX.IntrinsicElements'.
src/icons/Fonts/general-sans/GeneralSansRegular.tsx(5528,5): error TS2339: Property 'hkern' does not exist on type 'JSX.IntrinsicElements'.
src/icons/Fonts/general-sans/GeneralSansRegular.tsx(5531,5): error TS2339: Property 'hkern' does not exist on type 'JSX.IntrinsicElements'.
src/icons/Fonts/general-sans/GeneralSansRegular.tsx(5534,5): error TS2339: Property 'hkern' does not exist on type 'JSX.IntrinsicElements'.
src/icons/Fonts/general-sans/GeneralSansRegular.tsx(5537,5): error TS2339: Property 'hkern' does not exist on type 'JSX.IntrinsicElements'.
src/icons/Fonts/general-sans/GeneralSansRegular.tsx(5540,5): error TS2339: Property 'hkern' does not exist on type 'JSX.IntrinsicElements'.
src/icons/Fonts/general-sans/GeneralSansRegular.tsx(5543,5): error TS2339: Property 'hkern' does not exist on type 'JSX.IntrinsicElements'.
src/icons/Fonts/general-sans/GeneralSansRegular.tsx(5546,5): error TS2339: Property 'hkern' does not exist on type 'JSX.IntrinsicElements'.
src/icons/Fonts/general-sans/GeneralSansRegular.tsx(5549,5): error TS2339: Property 'hkern' does not exist on type 'JSX.IntrinsicElements'.
src/icons/Fonts/general-sans/GeneralSansRegular.tsx(5552,5): error TS2339: Property 'hkern' does not exist on type 'JSX.IntrinsicElements'.
src/icons/Fonts/general-sans/GeneralSansRegular.tsx(5555,5): error TS2339: Property 'hkern' does not exist on type 'JSX.IntrinsicElements'.
src/icons/Fonts/general-sans/GeneralSansRegular.tsx(5558,5): error TS2339: Property 'hkern' does not exist on type 'JSX.IntrinsicElements'.
src/icons/Fonts/general-sans/GeneralSansRegular.tsx(5561,5): error TS2339: Property 'hkern' does not exist on type 'JSX.IntrinsicElements'.
src/icons/Fonts/general-sans/GeneralSansRegular.tsx(5564,5): error TS2339: Property 'hkern' does not exist on type 'JSX.IntrinsicElements'.
src/icons/Fonts/general-sans/GeneralSansRegular.tsx(5567,5): error TS2339: Property 'hkern' does not exist on type 'JSX.IntrinsicElements'.
src/icons/Fonts/general-sans/GeneralSansRegular.tsx(5570,5): error TS2339: Property 'hkern' does not exist on type 'JSX.IntrinsicElements'.
src/icons/Fonts/general-sans/GeneralSansRegular.tsx(5573,5): error TS2339: Property 'hkern' does not exist on type 'JSX.IntrinsicElements'.
src/icons/Fonts/general-sans/GeneralSansRegular.tsx(5576,5): error TS2339: Property 'hkern' does not exist on type 'JSX.IntrinsicElements'.
src/icons/Fonts/general-sans/GeneralSansRegular.tsx(5579,5): error TS2339: Property 'hkern' does not exist on type 'JSX.IntrinsicElements'.
src/icons/Fonts/general-sans/GeneralSansRegular.tsx(5582,5): error TS2339: Property 'hkern' does not exist on type 'JSX.IntrinsicElements'.
src/icons/Fonts/general-sans/GeneralSansRegular.tsx(5585,5): error TS2339: Property 'hkern' does not exist on type 'JSX.IntrinsicElements'.
src/icons/Fonts/general-sans/GeneralSansRegular.tsx(5588,5): error TS2339: Property 'hkern' does not exist on type 'JSX.IntrinsicElements'.
src/icons/Fonts/general-sans/GeneralSansRegular.tsx(5591,5): error TS2339: Property 'hkern' does not exist on type 'JSX.IntrinsicElements'.
src/icons/Fonts/general-sans/GeneralSansRegular.tsx(5594,5): error TS2339: Property 'hkern' does not exist on type 'JSX.IntrinsicElements'.
src/icons/Fonts/general-sans/GeneralSansRegular.tsx(5597,5): error TS2339: Property 'hkern' does not exist on type 'JSX.IntrinsicElements'.
src/icons/Fonts/general-sans/GeneralSansRegular.tsx(5600,5): error TS2339: Property 'hkern' does not exist on type 'JSX.IntrinsicElements'.
src/icons/Fonts/general-sans/GeneralSansRegular.tsx(5603,5): error TS2339: Property 'hkern' does not exist on type 'JSX.IntrinsicElements'.
src/icons/Fonts/general-sans/GeneralSansRegular.tsx(5606,5): error TS2339: Property 'hkern' does not exist on type 'JSX.IntrinsicElements'.
src/icons/Fonts/general-sans/GeneralSansRegular.tsx(5609,5): error TS2339: Property 'hkern' does not exist on type 'JSX.IntrinsicElements'.
src/icons/Fonts/general-sans/GeneralSansRegular.tsx(5612,5): error TS2339: Property 'hkern' does not exist on type 'JSX.IntrinsicElements'.
src/icons/Fonts/general-sans/GeneralSansRegular.tsx(5615,5): error TS2339: Property 'hkern' does not exist on type 'JSX.IntrinsicElements'.
src/icons/Fonts/general-sans/GeneralSansRegular.tsx(5618,5): error TS2339: Property 'hkern' does not exist on type 'JSX.IntrinsicElements'.
src/icons/Fonts/general-sans/GeneralSansRegular.tsx(5621,5): error TS2339: Property 'hkern' does not exist on type 'JSX.IntrinsicElements'.
src/icons/Fonts/general-sans/GeneralSansRegular.tsx(5624,5): error TS2339: Property 'hkern' does not exist on type 'JSX.IntrinsicElements'.
src/icons/Fonts/general-sans/GeneralSansRegular.tsx(5627,5): error TS2339: Property 'hkern' does not exist on type 'JSX.IntrinsicElements'.
src/icons/Fonts/general-sans/GeneralSansRegular.tsx(5630,5): error TS2339: Property 'hkern' does not exist on type 'JSX.IntrinsicElements'.
src/icons/Fonts/general-sans/GeneralSansRegular.tsx(5633,5): error TS2339: Property 'hkern' does not exist on type 'JSX.IntrinsicElements'.
src/icons/Fonts/general-sans/GeneralSansRegular.tsx(5636,5): error TS2339: Property 'hkern' does not exist on type 'JSX.IntrinsicElements'.
src/icons/Fonts/general-sans/GeneralSansRegular.tsx(5639,5): error TS2339: Property 'hkern' does not exist on type 'JSX.IntrinsicElements'.
src/icons/Fonts/general-sans/GeneralSansRegular.tsx(5642,5): error TS2339: Property 'hkern' does not exist on type 'JSX.IntrinsicElements'.
src/icons/Fonts/general-sans/GeneralSansRegular.tsx(5645,5): error TS2339: Property 'hkern' does not exist on type 'JSX.IntrinsicElements'.
src/icons/Fonts/general-sans/GeneralSansRegular.tsx(5648,5): error TS2339: Property 'hkern' does not exist on type 'JSX.IntrinsicElements'.
src/icons/Fonts/general-sans/GeneralSansRegular.tsx(5651,5): error TS2339: Property 'hkern' does not exist on type 'JSX.IntrinsicElements'.
src/icons/Fonts/general-sans/GeneralSansRegular.tsx(5654,5): error TS2339: Property 'hkern' does not exist on type 'JSX.IntrinsicElements'.
src/icons/Fonts/general-sans/GeneralSansRegular.tsx(5657,5): error TS2339: Property 'hkern' does not exist on type 'JSX.IntrinsicElements'.
src/icons/Fonts/general-sans/GeneralSansRegular.tsx(5660,5): error TS2339: Property 'hkern' does not exist on type 'JSX.IntrinsicElements'.
src/icons/Fonts/general-sans/GeneralSansRegular.tsx(5663,5): error TS2339: Property 'hkern' does not exist on type 'JSX.IntrinsicElements'.
src/icons/Fonts/general-sans/GeneralSansRegular.tsx(5666,5): error TS2339: Property 'hkern' does not exist on type 'JSX.IntrinsicElements'.
src/icons/Fonts/general-sans/GeneralSansRegular.tsx(5669,5): error TS2339: Property 'hkern' does not exist on type 'JSX.IntrinsicElements'.
src/icons/Fonts/general-sans/GeneralSansRegular.tsx(5672,5): error TS2339: Property 'hkern' does not exist on type 'JSX.IntrinsicElements'.
src/icons/Fonts/general-sans/GeneralSansRegular.tsx(5675,5): error TS2339: Property 'hkern' does not exist on type 'JSX.IntrinsicElements'.
src/icons/Fonts/general-sans/GeneralSansRegular.tsx(5678,5): error TS2339: Property 'hkern' does not exist on type 'JSX.IntrinsicElements'.
src/icons/Fonts/general-sans/GeneralSansRegular.tsx(5681,5): error TS2339: Property 'hkern' does not exist on type 'JSX.IntrinsicElements'.
src/icons/Fonts/general-sans/GeneralSansRegular.tsx(5684,5): error TS2339: Property 'hkern' does not exist on type 'JSX.IntrinsicElements'.
src/icons/Fonts/general-sans/GeneralSansRegular.tsx(5687,5): error TS2339: Property 'hkern' does not exist on type 'JSX.IntrinsicElements'.
src/icons/Fonts/general-sans/GeneralSansRegular.tsx(5690,5): error TS2339: Property 'hkern' does not exist on type 'JSX.IntrinsicElements'.
src/icons/Fonts/general-sans/GeneralSansRegular.tsx(5693,5): error TS2339: Property 'hkern' does not exist on type 'JSX.IntrinsicElements'.
src/icons/Fonts/general-sans/GeneralSansRegular.tsx(5696,5): error TS2339: Property 'hkern' does not exist on type 'JSX.IntrinsicElements'.
src/icons/Fonts/general-sans/GeneralSansRegular.tsx(5699,5): error TS2339: Property 'hkern' does not exist on type 'JSX.IntrinsicElements'.
src/icons/Fonts/general-sans/GeneralSansRegular.tsx(5702,5): error TS2339: Property 'hkern' does not exist on type 'JSX.IntrinsicElements'.
src/icons/Fonts/general-sans/GeneralSansRegular.tsx(5705,5): error TS2339: Property 'hkern' does not exist on type 'JSX.IntrinsicElements'.
src/icons/Fonts/general-sans/GeneralSansRegular.tsx(5708,5): error TS2339: Property 'hkern' does not exist on type 'JSX.IntrinsicElements'.
src/icons/Fonts/general-sans/GeneralSansRegular.tsx(5711,5): error TS2339: Property 'hkern' does not exist on type 'JSX.IntrinsicElements'.
src/icons/Fonts/general-sans/GeneralSansRegular.tsx(5714,5): error TS2339: Property 'hkern' does not exist on type 'JSX.IntrinsicElements'.
src/icons/Fonts/general-sans/GeneralSansRegular.tsx(5717,5): error TS2339: Property 'hkern' does not exist on type 'JSX.IntrinsicElements'.
src/icons/Fonts/general-sans/GeneralSansRegular.tsx(5720,5): error TS2339: Property 'hkern' does not exist on type 'JSX.IntrinsicElements'.
src/icons/Fonts/general-sans/GeneralSansRegular.tsx(5723,5): error TS2339: Property 'hkern' does not exist on type 'JSX.IntrinsicElements'.
src/icons/Fonts/general-sans/GeneralSansRegular.tsx(5726,5): error TS2339: Property 'hkern' does not exist on type 'JSX.IntrinsicElements'.
src/icons/Fonts/general-sans/GeneralSansRegular.tsx(5729,5): error TS2339: Property 'hkern' does not exist on type 'JSX.IntrinsicElements'.
src/icons/Fonts/general-sans/GeneralSansRegular.tsx(5732,5): error TS2339: Property 'hkern' does not exist on type 'JSX.IntrinsicElements'.
src/icons/Fonts/general-sans/GeneralSansRegular.tsx(5735,5): error TS2339: Property 'hkern' does not exist on type 'JSX.IntrinsicElements'.
src/icons/Fonts/general-sans/GeneralSansRegular.tsx(5738,5): error TS2339: Property 'hkern' does not exist on type 'JSX.IntrinsicElements'.
src/icons/Fonts/general-sans/GeneralSansRegular.tsx(5741,5): error TS2339: Property 'hkern' does not exist on type 'JSX.IntrinsicElements'.
src/icons/Fonts/general-sans/GeneralSansRegular.tsx(5744,5): error TS2339: Property 'hkern' does not exist on type 'JSX.IntrinsicElements'.
src/icons/Fonts/general-sans/GeneralSansRegular.tsx(5747,5): error TS2339: Property 'hkern' does not exist on type 'JSX.IntrinsicElements'.
src/icons/Fonts/general-sans/GeneralSansRegular.tsx(5750,5): error TS2339: Property 'hkern' does not exist on type 'JSX.IntrinsicElements'.
src/icons/Fonts/general-sans/GeneralSansRegular.tsx(5753,5): error TS2339: Property 'hkern' does not exist on type 'JSX.IntrinsicElements'.
src/icons/Fonts/general-sans/GeneralSansRegular.tsx(5756,5): error TS2339: Property 'hkern' does not exist on type 'JSX.IntrinsicElements'.
src/icons/Fonts/general-sans/GeneralSansRegular.tsx(5759,5): error TS2339: Property 'hkern' does not exist on type 'JSX.IntrinsicElements'.
src/icons/Fonts/general-sans/GeneralSansRegular.tsx(5762,5): error TS2339: Property 'hkern' does not exist on type 'JSX.IntrinsicElements'.
src/icons/Fonts/general-sans/GeneralSansRegular.tsx(5765,5): error TS2339: Property 'hkern' does not exist on type 'JSX.IntrinsicElements'.
src/icons/Fonts/general-sans/GeneralSansRegular.tsx(5768,5): error TS2339: Property 'hkern' does not exist on type 'JSX.IntrinsicElements'.
src/icons/Fonts/general-sans/GeneralSansRegular.tsx(5771,5): error TS2339: Property 'hkern' does not exist on type 'JSX.IntrinsicElements'.
src/icons/Fonts/general-sans/GeneralSansRegular.tsx(5774,5): error TS2339: Property 'hkern' does not exist on type 'JSX.IntrinsicElements'.
src/icons/Fonts/general-sans/GeneralSansRegular.tsx(5777,5): error TS2339: Property 'hkern' does not exist on type 'JSX.IntrinsicElements'.
src/icons/Fonts/general-sans/GeneralSansRegular.tsx(5780,5): error TS2339: Property 'hkern' does not exist on type 'JSX.IntrinsicElements'.
src/icons/Fonts/general-sans/GeneralSansRegular.tsx(5783,5): error TS2339: Property 'hkern' does not exist on type 'JSX.IntrinsicElements'.
src/icons/Fonts/general-sans/GeneralSansRegular.tsx(5786,5): error TS2339: Property 'hkern' does not exist on type 'JSX.IntrinsicElements'.
src/icons/Fonts/general-sans/GeneralSansRegular.tsx(5789,5): error TS2339: Property 'hkern' does not exist on type 'JSX.IntrinsicElements'.
src/icons/Fonts/general-sans/GeneralSansRegular.tsx(5792,5): error TS2339: Property 'hkern' does not exist on type 'JSX.IntrinsicElements'.
src/icons/Fonts/general-sans/GeneralSansRegular.tsx(5795,5): error TS2339: Property 'hkern' does not exist on type 'JSX.IntrinsicElements'.
src/icons/Fonts/general-sans/GeneralSansRegular.tsx(5798,5): error TS2339: Property 'hkern' does not exist on type 'JSX.IntrinsicElements'.
src/icons/Fonts/general-sans/GeneralSansRegular.tsx(5801,5): error TS2339: Property 'hkern' does not exist on type 'JSX.IntrinsicElements'.
src/icons/Fonts/general-sans/GeneralSansRegular.tsx(5804,5): error TS2339: Property 'hkern' does not exist on type 'JSX.IntrinsicElements'.
src/icons/Fonts/general-sans/GeneralSansRegular.tsx(5807,5): error TS2339: Property 'hkern' does not exist on type 'JSX.IntrinsicElements'.
src/icons/Fonts/general-sans/GeneralSansRegular.tsx(5810,5): error TS2339: Property 'hkern' does not exist on type 'JSX.IntrinsicElements'.
src/icons/Fonts/general-sans/GeneralSansRegular.tsx(5813,5): error TS2339: Property 'hkern' does not exist on type 'JSX.IntrinsicElements'.
src/icons/Fonts/general-sans/GeneralSansRegular.tsx(5816,5): error TS2339: Property 'hkern' does not exist on type 'JSX.IntrinsicElements'.
src/icons/Fonts/general-sans/GeneralSansRegular.tsx(5819,5): error TS2339: Property 'hkern' does not exist on type 'JSX.IntrinsicElements'.
src/icons/Fonts/general-sans/GeneralSansRegular.tsx(5822,5): error TS2339: Property 'hkern' does not exist on type 'JSX.IntrinsicElements'.
src/icons/Fonts/general-sans/GeneralSansRegular.tsx(5825,5): error TS2339: Property 'hkern' does not exist on type 'JSX.IntrinsicElements'.
src/icons/Fonts/general-sans/GeneralSansRegular.tsx(5828,5): error TS2339: Property 'hkern' does not exist on type 'JSX.IntrinsicElements'.
src/icons/Fonts/general-sans/GeneralSansRegular.tsx(5831,5): error TS2339: Property 'hkern' does not exist on type 'JSX.IntrinsicElements'.
src/icons/Fonts/general-sans/GeneralSansRegular.tsx(5834,5): error TS2339: Property 'hkern' does not exist on type 'JSX.IntrinsicElements'.
src/icons/Fonts/general-sans/GeneralSansRegular.tsx(5837,5): error TS2339: Property 'hkern' does not exist on type 'JSX.IntrinsicElements'.
src/icons/Fonts/general-sans/GeneralSansRegular.tsx(5840,5): error TS2339: Property 'hkern' does not exist on type 'JSX.IntrinsicElements'.
src/icons/Fonts/general-sans/GeneralSansRegular.tsx(5843,5): error TS2339: Property 'hkern' does not exist on type 'JSX.IntrinsicElements'.
src/icons/Fonts/general-sans/GeneralSansRegular.tsx(5846,5): error TS2339: Property 'hkern' does not exist on type 'JSX.IntrinsicElements'.
src/icons/Fonts/general-sans/GeneralSansRegular.tsx(5849,5): error TS2339: Property 'hkern' does not exist on type 'JSX.IntrinsicElements'.
src/icons/Fonts/general-sans/GeneralSansRegular.tsx(5852,5): error TS2339: Property 'hkern' does not exist on type 'JSX.IntrinsicElements'.
src/icons/Fonts/general-sans/GeneralSansRegular.tsx(5855,5): error TS2339: Property 'hkern' does not exist on type 'JSX.IntrinsicElements'.
src/icons/Fonts/general-sans/GeneralSansRegular.tsx(5858,5): error TS2339: Property 'hkern' does not exist on type 'JSX.IntrinsicElements'.
src/icons/Fonts/general-sans/GeneralSansRegular.tsx(5861,5): error TS2339: Property 'hkern' does not exist on type 'JSX.IntrinsicElements'.
src/icons/Fonts/general-sans/GeneralSansRegular.tsx(5864,5): error TS2339: Property 'hkern' does not exist on type 'JSX.IntrinsicElements'.
src/icons/Fonts/general-sans/GeneralSansRegular.tsx(5867,5): error TS2339: Property 'hkern' does not exist on type 'JSX.IntrinsicElements'.
src/icons/Fonts/general-sans/GeneralSansRegular.tsx(5870,5): error TS2339: Property 'hkern' does not exist on type 'JSX.IntrinsicElements'.
src/icons/Fonts/general-sans/GeneralSansRegular.tsx(5873,5): error TS2339: Property 'hkern' does not exist on type 'JSX.IntrinsicElements'.
src/icons/Fonts/general-sans/GeneralSansRegular.tsx(5876,5): error TS2339: Property 'hkern' does not exist on type 'JSX.IntrinsicElements'.
src/icons/Fonts/general-sans/GeneralSansRegular.tsx(5879,5): error TS2339: Property 'hkern' does not exist on type 'JSX.IntrinsicElements'.
src/icons/Fonts/general-sans/GeneralSansRegular.tsx(5882,5): error TS2339: Property 'hkern' does not exist on type 'JSX.IntrinsicElements'.
src/icons/Fonts/general-sans/GeneralSansRegular.tsx(5885,5): error TS2339: Property 'hkern' does not exist on type 'JSX.IntrinsicElements'.
src/icons/Fonts/general-sans/GeneralSansRegular.tsx(5888,5): error TS2339: Property 'hkern' does not exist on type 'JSX.IntrinsicElements'.
src/icons/Fonts/general-sans/GeneralSansRegular.tsx(5891,5): error TS2339: Property 'hkern' does not exist on type 'JSX.IntrinsicElements'.
src/icons/Fonts/general-sans/GeneralSansRegular.tsx(5894,5): error TS2339: Property 'hkern' does not exist on type 'JSX.IntrinsicElements'.
src/icons/Fonts/general-sans/GeneralSansRegular.tsx(5897,5): error TS2339: Property 'hkern' does not exist on type 'JSX.IntrinsicElements'.
src/icons/Fonts/general-sans/GeneralSansRegular.tsx(5900,5): error TS2339: Property 'hkern' does not exist on type 'JSX.IntrinsicElements'.
src/icons/Fonts/general-sans/GeneralSansRegular.tsx(5903,5): error TS2339: Property 'hkern' does not exist on type 'JSX.IntrinsicElements'.
src/icons/Fonts/general-sans/GeneralSansRegular.tsx(5906,5): error TS2339: Property 'hkern' does not exist on type 'JSX.IntrinsicElements'.
src/icons/Fonts/general-sans/GeneralSansRegular.tsx(5909,5): error TS2339: Property 'hkern' does not exist on type 'JSX.IntrinsicElements'.
src/icons/Fonts/general-sans/GeneralSansRegular.tsx(5912,5): error TS2339: Property 'hkern' does not exist on type 'JSX.IntrinsicElements'.
src/icons/Fonts/general-sans/GeneralSansRegular.tsx(5915,5): error TS2339: Property 'hkern' does not exist on type 'JSX.IntrinsicElements'.
src/icons/Fonts/general-sans/GeneralSansRegular.tsx(5918,5): error TS2339: Property 'hkern' does not exist on type 'JSX.IntrinsicElements'.
src/icons/Fonts/general-sans/GeneralSansRegular.tsx(5921,5): error TS2339: Property 'hkern' does not exist on type 'JSX.IntrinsicElements'.
src/icons/Fonts/general-sans/GeneralSansRegular.tsx(5924,5): error TS2339: Property 'hkern' does not exist on type 'JSX.IntrinsicElements'.
src/icons/Fonts/general-sans/GeneralSansRegular.tsx(5927,5): error TS2339: Property 'hkern' does not exist on type 'JSX.IntrinsicElements'.
src/icons/Fonts/general-sans/GeneralSansRegular.tsx(5930,5): error TS2339: Property 'hkern' does not exist on type 'JSX.IntrinsicElements'.
src/icons/Fonts/general-sans/GeneralSansRegular.tsx(5933,5): error TS2339: Property 'hkern' does not exist on type 'JSX.IntrinsicElements'.
src/icons/Fonts/general-sans/GeneralSansRegular.tsx(5936,5): error TS2339: Property 'hkern' does not exist on type 'JSX.IntrinsicElements'.
src/icons/Fonts/general-sans/GeneralSansRegular.tsx(5939,5): error TS2339: Property 'hkern' does not exist on type 'JSX.IntrinsicElements'.
src/icons/Fonts/general-sans/GeneralSansRegular.tsx(5942,5): error TS2339: Property 'hkern' does not exist on type 'JSX.IntrinsicElements'.
src/icons/Fonts/general-sans/GeneralSansRegular.tsx(5945,5): error TS2339: Property 'hkern' does not exist on type 'JSX.IntrinsicElements'.
src/icons/Fonts/general-sans/GeneralSansRegular.tsx(5948,5): error TS2339: Property 'hkern' does not exist on type 'JSX.IntrinsicElements'.
src/icons/Fonts/general-sans/GeneralSansRegular.tsx(5951,5): error TS2339: Property 'hkern' does not exist on type 'JSX.IntrinsicElements'.
src/icons/Fonts/general-sans/GeneralSansRegular.tsx(5954,5): error TS2339: Property 'hkern' does not exist on type 'JSX.IntrinsicElements'.
src/icons/Fonts/general-sans/GeneralSansRegular.tsx(5957,5): error TS2339: Property 'hkern' does not exist on type 'JSX.IntrinsicElements'.
src/icons/Fonts/general-sans/GeneralSansRegular.tsx(5960,5): error TS2339: Property 'hkern' does not exist on type 'JSX.IntrinsicElements'.
src/icons/Fonts/general-sans/GeneralSansRegular.tsx(5963,5): error TS2339: Property 'hkern' does not exist on type 'JSX.IntrinsicElements'.
src/icons/Fonts/general-sans/GeneralSansRegular.tsx(5966,5): error TS2339: Property 'hkern' does not exist on type 'JSX.IntrinsicElements'.
src/icons/Fonts/general-sans/GeneralSansRegular.tsx(5969,5): error TS2339: Property 'hkern' does not exist on type 'JSX.IntrinsicElements'.
src/icons/Fonts/general-sans/GeneralSansRegular.tsx(5972,5): error TS2339: Property 'hkern' does not exist on type 'JSX.IntrinsicElements'.
src/icons/Fonts/general-sans/GeneralSansRegular.tsx(5975,5): error TS2339: Property 'hkern' does not exist on type 'JSX.IntrinsicElements'.
src/icons/Fonts/general-sans/GeneralSansRegular.tsx(5978,5): error TS2339: Property 'hkern' does not exist on type 'JSX.IntrinsicElements'.
src/icons/Fonts/general-sans/GeneralSansRegular.tsx(5981,5): error TS2339: Property 'hkern' does not exist on type 'JSX.IntrinsicElements'.
src/icons/Fonts/general-sans/GeneralSansRegular.tsx(5984,5): error TS2339: Property 'hkern' does not exist on type 'JSX.IntrinsicElements'.
src/icons/Fonts/general-sans/GeneralSansRegular.tsx(5987,5): error TS2339: Property 'hkern' does not exist on type 'JSX.IntrinsicElements'.
src/icons/Fonts/general-sans/GeneralSansRegular.tsx(5990,5): error TS2339: Property 'hkern' does not exist on type 'JSX.IntrinsicElements'.
src/icons/Fonts/general-sans/GeneralSansRegular.tsx(5993,5): error TS2339: Property 'hkern' does not exist on type 'JSX.IntrinsicElements'.
src/icons/Fonts/general-sans/GeneralSansRegular.tsx(5996,5): error TS2339: Property 'hkern' does not exist on type 'JSX.IntrinsicElements'.
src/icons/Fonts/general-sans/GeneralSansRegular.tsx(5999,5): error TS2339: Property 'hkern' does not exist on type 'JSX.IntrinsicElements'.
src/icons/Fonts/general-sans/GeneralSansRegular.tsx(6002,5): error TS2339: Property 'hkern' does not exist on type 'JSX.IntrinsicElements'.
src/icons/Fonts/general-sans/GeneralSansRegular.tsx(6005,5): error TS2339: Property 'hkern' does not exist on type 'JSX.IntrinsicElements'.
src/icons/Fonts/general-sans/GeneralSansRegular.tsx(6008,5): error TS2339: Property 'hkern' does not exist on type 'JSX.IntrinsicElements'.
src/icons/Fonts/general-sans/GeneralSansRegular.tsx(6011,5): error TS2339: Property 'hkern' does not exist on type 'JSX.IntrinsicElements'.
src/icons/Fonts/general-sans/GeneralSansRegular.tsx(6014,5): error TS2339: Property 'hkern' does not exist on type 'JSX.IntrinsicElements'.
src/icons/Fonts/general-sans/GeneralSansRegular.tsx(6017,5): error TS2339: Property 'hkern' does not exist on type 'JSX.IntrinsicElements'.
src/icons/Fonts/general-sans/GeneralSansRegular.tsx(6020,5): error TS2339: Property 'hkern' does not exist on type 'JSX.IntrinsicElements'.
src/icons/Fonts/general-sans/GeneralSansRegular.tsx(6023,5): error TS2339: Property 'hkern' does not exist on type 'JSX.IntrinsicElements'.
src/icons/Fonts/general-sans/GeneralSansRegular.tsx(6026,5): error TS2339: Property 'hkern' does not exist on type 'JSX.IntrinsicElements'.
src/icons/Fonts/general-sans/GeneralSansRegular.tsx(6029,5): error TS2339: Property 'hkern' does not exist on type 'JSX.IntrinsicElements'.
src/icons/Fonts/general-sans/GeneralSansRegular.tsx(6032,5): error TS2339: Property 'hkern' does not exist on type 'JSX.IntrinsicElements'.
src/icons/Fonts/general-sans/GeneralSansRegular.tsx(6035,5): error TS2339: Property 'hkern' does not exist on type 'JSX.IntrinsicElements'.
src/icons/Fonts/general-sans/GeneralSansRegular.tsx(6038,5): error TS2339: Property 'hkern' does not exist on type 'JSX.IntrinsicElements'.
src/icons/Fonts/general-sans/GeneralSansRegular.tsx(6041,5): error TS2339: Property 'hkern' does not exist on type 'JSX.IntrinsicElements'.
src/icons/Fonts/general-sans/GeneralSansRegular.tsx(6044,5): error TS2339: Property 'hkern' does not exist on type 'JSX.IntrinsicElements'.
src/icons/Fonts/general-sans/GeneralSansRegular.tsx(6047,5): error TS2339: Property 'hkern' does not exist on type 'JSX.IntrinsicElements'.
src/icons/Fonts/general-sans/GeneralSansRegular.tsx(6050,5): error TS2339: Property 'hkern' does not exist on type 'JSX.IntrinsicElements'.
src/icons/Fonts/general-sans/GeneralSansRegular.tsx(6053,5): error TS2339: Property 'hkern' does not exist on type 'JSX.IntrinsicElements'.
src/icons/Fonts/general-sans/GeneralSansRegular.tsx(6056,5): error TS2339: Property 'hkern' does not exist on type 'JSX.IntrinsicElements'.
src/icons/Fonts/general-sans/GeneralSansRegular.tsx(6059,5): error TS2339: Property 'hkern' does not exist on type 'JSX.IntrinsicElements'.
src/icons/Fonts/general-sans/GeneralSansRegular.tsx(6062,5): error TS2339: Property 'hkern' does not exist on type 'JSX.IntrinsicElements'.
src/icons/Fonts/general-sans/GeneralSansRegular.tsx(6065,5): error TS2339: Property 'hkern' does not exist on type 'JSX.IntrinsicElements'.
src/icons/Fonts/general-sans/GeneralSansRegular.tsx(6068,5): error TS2339: Property 'hkern' does not exist on type 'JSX.IntrinsicElements'.
src/icons/Fonts/general-sans/GeneralSansRegular.tsx(6071,5): error TS2339: Property 'hkern' does not exist on type 'JSX.IntrinsicElements'.
src/icons/Fonts/general-sans/GeneralSansRegular.tsx(6074,5): error TS2339: Property 'hkern' does not exist on type 'JSX.IntrinsicElements'.
src/icons/Fonts/general-sans/GeneralSansRegular.tsx(6077,5): error TS2339: Property 'hkern' does not exist on type 'JSX.IntrinsicElements'.
src/icons/Fonts/general-sans/GeneralSansRegular.tsx(6080,5): error TS2339: Property 'hkern' does not exist on type 'JSX.IntrinsicElements'.
src/icons/Fonts/general-sans/GeneralSansRegular.tsx(6083,5): error TS2339: Property 'hkern' does not exist on type 'JSX.IntrinsicElements'.
src/icons/Fonts/general-sans/GeneralSansRegular.tsx(6086,5): error TS2339: Property 'hkern' does not exist on type 'JSX.IntrinsicElements'.
src/icons/Fonts/general-sans/GeneralSansRegular.tsx(6089,5): error TS2339: Property 'hkern' does not exist on type 'JSX.IntrinsicElements'.
src/icons/Fonts/general-sans/GeneralSansRegular.tsx(6092,5): error TS2339: Property 'hkern' does not exist on type 'JSX.IntrinsicElements'.
src/icons/Fonts/general-sans/GeneralSansRegular.tsx(6095,5): error TS2339: Property 'hkern' does not exist on type 'JSX.IntrinsicElements'.
src/icons/Fonts/general-sans/GeneralSansRegular.tsx(6098,5): error TS2339: Property 'hkern' does not exist on type 'JSX.IntrinsicElements'.
src/icons/Fonts/general-sans/GeneralSansRegular.tsx(6101,5): error TS2339: Property 'hkern' does not exist on type 'JSX.IntrinsicElements'.
src/icons/Fonts/general-sans/GeneralSansRegular.tsx(6104,5): error TS2339: Property 'hkern' does not exist on type 'JSX.IntrinsicElements'.
src/icons/Fonts/general-sans/GeneralSansRegular.tsx(6107,5): error TS2339: Property 'hkern' does not exist on type 'JSX.IntrinsicElements'.
src/icons/Fonts/general-sans/GeneralSansRegular.tsx(6110,5): error TS2339: Property 'hkern' does not exist on type 'JSX.IntrinsicElements'.
src/icons/Fonts/general-sans/GeneralSansRegular.tsx(6113,5): error TS2339: Property 'hkern' does not exist on type 'JSX.IntrinsicElements'.
src/icons/Fonts/general-sans/GeneralSansRegular.tsx(6116,5): error TS2339: Property 'hkern' does not exist on type 'JSX.IntrinsicElements'.
src/icons/Fonts/general-sans/GeneralSansRegular.tsx(6119,5): error TS2339: Property 'hkern' does not exist on type 'JSX.IntrinsicElements'.
src/icons/Fonts/general-sans/GeneralSansRegular.tsx(6122,5): error TS2339: Property 'hkern' does not exist on type 'JSX.IntrinsicElements'.
src/icons/Fonts/general-sans/GeneralSansRegular.tsx(6125,5): error TS2339: Property 'hkern' does not exist on type 'JSX.IntrinsicElements'.
src/icons/Fonts/general-sans/GeneralSansRegular.tsx(6128,5): error TS2339: Property 'hkern' does not exist on type 'JSX.IntrinsicElements'.
src/icons/Fonts/general-sans/GeneralSansRegular.tsx(6131,5): error TS2339: Property 'hkern' does not exist on type 'JSX.IntrinsicElements'.
src/icons/Fonts/general-sans/GeneralSansRegular.tsx(6134,5): error TS2339: Property 'hkern' does not exist on type 'JSX.IntrinsicElements'.
src/icons/Fonts/general-sans/GeneralSansRegular.tsx(6137,5): error TS2339: Property 'hkern' does not exist on type 'JSX.IntrinsicElements'.
src/icons/Fonts/general-sans/GeneralSansRegular.tsx(6140,5): error TS2339: Property 'hkern' does not exist on type 'JSX.IntrinsicElements'.
src/icons/Fonts/general-sans/GeneralSansRegular.tsx(6143,5): error TS2339: Property 'hkern' does not exist on type 'JSX.IntrinsicElements'.
src/icons/Fonts/general-sans/GeneralSansRegular.tsx(6146,5): error TS2339: Property 'hkern' does not exist on type 'JSX.IntrinsicElements'.
src/icons/Fonts/general-sans/GeneralSansRegular.tsx(6149,5): error TS2339: Property 'hkern' does not exist on type 'JSX.IntrinsicElements'.
src/icons/Fonts/general-sans/GeneralSansRegular.tsx(6152,5): error TS2339: Property 'hkern' does not exist on type 'JSX.IntrinsicElements'.
src/icons/Fonts/general-sans/GeneralSansRegular.tsx(6155,5): error TS2339: Property 'hkern' does not exist on type 'JSX.IntrinsicElements'.
src/icons/Fonts/general-sans/GeneralSansRegular.tsx(6158,5): error TS2339: Property 'hkern' does not exist on type 'JSX.IntrinsicElements'.
src/icons/Fonts/general-sans/GeneralSansRegular.tsx(6161,5): error TS2339: Property 'hkern' does not exist on type 'JSX.IntrinsicElements'.
src/icons/Fonts/general-sans/GeneralSansRegular.tsx(6164,5): error TS2339: Property 'hkern' does not exist on type 'JSX.IntrinsicElements'.
src/icons/Fonts/general-sans/GeneralSansRegular.tsx(6167,5): error TS2339: Property 'hkern' does not exist on type 'JSX.IntrinsicElements'.
src/icons/Fonts/general-sans/GeneralSansRegular.tsx(6170,5): error TS2339: Property 'hkern' does not exist on type 'JSX.IntrinsicElements'.
src/icons/Fonts/general-sans/GeneralSansRegular.tsx(6173,5): error TS2339: Property 'hkern' does not exist on type 'JSX.IntrinsicElements'.
src/icons/Fonts/general-sans/GeneralSansRegular.tsx(6176,5): error TS2339: Property 'hkern' does not exist on type 'JSX.IntrinsicElements'.
src/icons/Fonts/general-sans/GeneralSansRegular.tsx(6179,5): error TS2339: Property 'hkern' does not exist on type 'JSX.IntrinsicElements'.
src/icons/Fonts/general-sans/GeneralSansRegular.tsx(6182,5): error TS2339: Property 'hkern' does not exist on type 'JSX.IntrinsicElements'.
src/icons/Fonts/general-sans/GeneralSansRegular.tsx(6185,5): error TS2339: Property 'hkern' does not exist on type 'JSX.IntrinsicElements'.
src/icons/Fonts/general-sans/GeneralSansRegular.tsx(6188,5): error TS2339: Property 'hkern' does not exist on type 'JSX.IntrinsicElements'.
src/icons/Fonts/general-sans/GeneralSansRegular.tsx(6191,5): error TS2339: Property 'hkern' does not exist on type 'JSX.IntrinsicElements'.
src/icons/Fonts/general-sans/GeneralSansRegular.tsx(6194,5): error TS2339: Property 'hkern' does not exist on type 'JSX.IntrinsicElements'.
src/icons/Fonts/general-sans/GeneralSansRegular.tsx(6197,5): error TS2339: Property 'hkern' does not exist on type 'JSX.IntrinsicElements'.
src/icons/Fonts/general-sans/GeneralSansRegular.tsx(6200,5): error TS2339: Property 'hkern' does not exist on type 'JSX.IntrinsicElements'.
src/icons/Fonts/general-sans/GeneralSansRegular.tsx(6203,5): error TS2339: Property 'hkern' does not exist on type 'JSX.IntrinsicElements'.
src/icons/Fonts/general-sans/GeneralSansRegular.tsx(6206,5): error TS2339: Property 'hkern' does not exist on type 'JSX.IntrinsicElements'.
src/icons/Fonts/general-sans/GeneralSansRegular.tsx(6209,5): error TS2339: Property 'hkern' does not exist on type 'JSX.IntrinsicElements'.
src/icons/Fonts/general-sans/GeneralSansRegular.tsx(6212,5): error TS2339: Property 'hkern' does not exist on type 'JSX.IntrinsicElements'.
src/icons/Fonts/general-sans/GeneralSansRegular.tsx(6215,5): error TS2339: Property 'hkern' does not exist on type 'JSX.IntrinsicElements'.
src/icons/Fonts/general-sans/GeneralSansRegular.tsx(6218,5): error TS2339: Property 'hkern' does not exist on type 'JSX.IntrinsicElements'.
src/icons/Fonts/general-sans/GeneralSansRegular.tsx(6221,5): error TS2339: Property 'hkern' does not exist on type 'JSX.IntrinsicElements'.
src/icons/Fonts/general-sans/GeneralSansRegular.tsx(6224,5): error TS2339: Property 'hkern' does not exist on type 'JSX.IntrinsicElements'.
src/icons/Fonts/general-sans/GeneralSansRegular.tsx(6227,5): error TS2339: Property 'hkern' does not exist on type 'JSX.IntrinsicElements'.
src/icons/Fonts/general-sans/GeneralSansRegular.tsx(6230,5): error TS2339: Property 'hkern' does not exist on type 'JSX.IntrinsicElements'.
src/icons/Fonts/general-sans/GeneralSansRegular.tsx(6233,5): error TS2339: Property 'hkern' does not exist on type 'JSX.IntrinsicElements'.
src/icons/Fonts/general-sans/GeneralSansRegular.tsx(6236,5): error TS2339: Property 'hkern' does not exist on type 'JSX.IntrinsicElements'.
src/icons/Fonts/general-sans/GeneralSansRegular.tsx(6239,5): error TS2339: Property 'hkern' does not exist on type 'JSX.IntrinsicElements'.
src/icons/Fonts/general-sans/GeneralSansRegular.tsx(6242,5): error TS2339: Property 'hkern' does not exist on type 'JSX.IntrinsicElements'.
src/icons/Fonts/general-sans/GeneralSansRegular.tsx(6245,5): error TS2339: Property 'hkern' does not exist on type 'JSX.IntrinsicElements'.
src/icons/Fonts/general-sans/GeneralSansRegular.tsx(6248,5): error TS2339: Property 'hkern' does not exist on type 'JSX.IntrinsicElements'.
src/icons/Fonts/general-sans/GeneralSansRegular.tsx(6251,5): error TS2339: Property 'hkern' does not exist on type 'JSX.IntrinsicElements'.
src/icons/Fonts/general-sans/GeneralSansRegular.tsx(6254,5): error TS2339: Property 'hkern' does not exist on type 'JSX.IntrinsicElements'.
src/icons/Fonts/general-sans/GeneralSansRegular.tsx(6257,5): error TS2339: Property 'hkern' does not exist on type 'JSX.IntrinsicElements'.
src/icons/Fonts/general-sans/GeneralSansRegular.tsx(6260,5): error TS2339: Property 'hkern' does not exist on type 'JSX.IntrinsicElements'.
src/icons/Fonts/general-sans/GeneralSansRegular.tsx(6263,5): error TS2339: Property 'hkern' does not exist on type 'JSX.IntrinsicElements'.
src/icons/Fonts/general-sans/GeneralSansRegular.tsx(6266,5): error TS2339: Property 'hkern' does not exist on type 'JSX.IntrinsicElements'.
src/icons/Fonts/general-sans/GeneralSansRegular.tsx(6269,5): error TS2339: Property 'hkern' does not exist on type 'JSX.IntrinsicElements'.
src/icons/Fonts/general-sans/GeneralSansRegular.tsx(6272,5): error TS2339: Property 'hkern' does not exist on type 'JSX.IntrinsicElements'.
src/icons/Fonts/general-sans/GeneralSansRegular.tsx(6275,5): error TS2339: Property 'hkern' does not exist on type 'JSX.IntrinsicElements'.
src/icons/Fonts/general-sans/GeneralSansRegular.tsx(6278,5): error TS2339: Property 'hkern' does not exist on type 'JSX.IntrinsicElements'.
src/icons/Fonts/general-sans/GeneralSansRegular.tsx(6281,5): error TS2339: Property 'hkern' does not exist on type 'JSX.IntrinsicElements'.
src/icons/Fonts/general-sans/GeneralSansRegular.tsx(6284,5): error TS2339: Property 'hkern' does not exist on type 'JSX.IntrinsicElements'.
src/icons/Fonts/general-sans/GeneralSansRegular.tsx(6287,5): error TS2339: Property 'hkern' does not exist on type 'JSX.IntrinsicElements'.
src/icons/Fonts/general-sans/GeneralSansRegular.tsx(6290,5): error TS2339: Property 'hkern' does not exist on type 'JSX.IntrinsicElements'.
src/icons/Fonts/general-sans/GeneralSansRegular.tsx(6293,5): error TS2339: Property 'hkern' does not exist on type 'JSX.IntrinsicElements'.
src/icons/Fonts/general-sans/GeneralSansRegular.tsx(6296,5): error TS2339: Property 'hkern' does not exist on type 'JSX.IntrinsicElements'.
src/icons/Fonts/general-sans/GeneralSansRegular.tsx(6299,5): error TS2339: Property 'hkern' does not exist on type 'JSX.IntrinsicElements'.
src/icons/Fonts/general-sans/GeneralSansRegular.tsx(6302,5): error TS2339: Property 'hkern' does not exist on type 'JSX.IntrinsicElements'.
src/icons/Fonts/general-sans/GeneralSansRegular.tsx(6305,5): error TS2339: Property 'hkern' does not exist on type 'JSX.IntrinsicElements'.
src/icons/Fonts/general-sans/GeneralSansRegular.tsx(6308,5): error TS2339: Property 'hkern' does not exist on type 'JSX.IntrinsicElements'.
src/icons/Fonts/general-sans/GeneralSansRegular.tsx(6311,5): error TS2339: Property 'hkern' does not exist on type 'JSX.IntrinsicElements'.
src/icons/Fonts/general-sans/GeneralSansRegular.tsx(6314,5): error TS2339: Property 'hkern' does not exist on type 'JSX.IntrinsicElements'.
src/icons/Fonts/general-sans/GeneralSansRegular.tsx(6317,5): error TS2339: Property 'hkern' does not exist on type 'JSX.IntrinsicElements'.
src/icons/Fonts/general-sans/GeneralSansRegular.tsx(6320,5): error TS2339: Property 'hkern' does not exist on type 'JSX.IntrinsicElements'.
src/icons/Fonts/general-sans/GeneralSansRegular.tsx(6323,5): error TS2339: Property 'hkern' does not exist on type 'JSX.IntrinsicElements'.
src/icons/Fonts/general-sans/GeneralSansRegular.tsx(6326,5): error TS2339: Property 'hkern' does not exist on type 'JSX.IntrinsicElements'.
src/icons/Fonts/general-sans/GeneralSansRegular.tsx(6329,5): error TS2339: Property 'hkern' does not exist on type 'JSX.IntrinsicElements'.
src/icons/Fonts/general-sans/GeneralSansRegular.tsx(6332,5): error TS2339: Property 'hkern' does not exist on type 'JSX.IntrinsicElements'.
src/icons/Fonts/general-sans/GeneralSansRegular.tsx(6335,5): error TS2339: Property 'hkern' does not exist on type 'JSX.IntrinsicElements'.
src/icons/Fonts/general-sans/GeneralSansRegular.tsx(6338,5): error TS2339: Property 'hkern' does not exist on type 'JSX.IntrinsicElements'.
src/icons/Fonts/general-sans/GeneralSansRegular.tsx(6341,5): error TS2339: Property 'hkern' does not exist on type 'JSX.IntrinsicElements'.
src/icons/Fonts/general-sans/GeneralSansRegular.tsx(6344,5): error TS2339: Property 'hkern' does not exist on type 'JSX.IntrinsicElements'.
src/icons/Fonts/general-sans/GeneralSansRegular.tsx(6347,5): error TS2339: Property 'hkern' does not exist on type 'JSX.IntrinsicElements'.
src/icons/Fonts/general-sans/GeneralSansRegular.tsx(6350,5): error TS2339: Property 'hkern' does not exist on type 'JSX.IntrinsicElements'.
src/icons/Fonts/general-sans/GeneralSansRegular.tsx(6353,5): error TS2339: Property 'hkern' does not exist on type 'JSX.IntrinsicElements'.
src/icons/Fonts/general-sans/GeneralSansRegular.tsx(6356,5): error TS2339: Property 'hkern' does not exist on type 'JSX.IntrinsicElements'.
src/icons/Fonts/general-sans/GeneralSansRegular.tsx(6359,5): error TS2339: Property 'hkern' does not exist on type 'JSX.IntrinsicElements'.
src/icons/Fonts/general-sans/GeneralSansRegular.tsx(6362,5): error TS2339: Property 'hkern' does not exist on type 'JSX.IntrinsicElements'.
src/icons/Fonts/general-sans/GeneralSansRegular.tsx(6365,5): error TS2339: Property 'hkern' does not exist on type 'JSX.IntrinsicElements'.
src/icons/Fonts/general-sans/GeneralSansRegular.tsx(6368,5): error TS2339: Property 'hkern' does not exist on type 'JSX.IntrinsicElements'.
src/icons/Fonts/general-sans/GeneralSansRegular.tsx(6371,5): error TS2339: Property 'hkern' does not exist on type 'JSX.IntrinsicElements'.
src/icons/Fonts/general-sans/GeneralSansRegular.tsx(6374,5): error TS2339: Property 'hkern' does not exist on type 'JSX.IntrinsicElements'.
src/icons/Fonts/general-sans/GeneralSansRegular.tsx(6377,5): error TS2339: Property 'hkern' does not exist on type 'JSX.IntrinsicElements'.
src/icons/Fonts/general-sans/GeneralSansRegular.tsx(6380,5): error TS2339: Property 'hkern' does not exist on type 'JSX.IntrinsicElements'.
src/icons/Fonts/general-sans/GeneralSansRegular.tsx(6383,5): error TS2339: Property 'hkern' does not exist on type 'JSX.IntrinsicElements'.
src/icons/Fonts/general-sans/GeneralSansRegular.tsx(6386,5): error TS2339: Property 'hkern' does not exist on type 'JSX.IntrinsicElements'.
src/icons/Fonts/general-sans/GeneralSansRegular.tsx(6389,5): error TS2339: Property 'hkern' does not exist on type 'JSX.IntrinsicElements'.
src/icons/Fonts/general-sans/GeneralSansRegular.tsx(6392,5): error TS2339: Property 'hkern' does not exist on type 'JSX.IntrinsicElements'.
src/icons/Fonts/general-sans/GeneralSansRegular.tsx(6395,5): error TS2339: Property 'hkern' does not exist on type 'JSX.IntrinsicElements'.
src/icons/Fonts/general-sans/GeneralSansRegular.tsx(6398,5): error TS2339: Property 'hkern' does not exist on type 'JSX.IntrinsicElements'.
src/icons/Fonts/general-sans/GeneralSansRegular.tsx(6401,5): error TS2339: Property 'hkern' does not exist on type 'JSX.IntrinsicElements'.
src/icons/Fonts/general-sans/GeneralSansRegular.tsx(6404,5): error TS2339: Property 'hkern' does not exist on type 'JSX.IntrinsicElements'.
src/icons/Fonts/general-sans/GeneralSansRegular.tsx(6407,5): error TS2339: Property 'hkern' does not exist on type 'JSX.IntrinsicElements'.
src/icons/Fonts/general-sans/GeneralSansRegular.tsx(6410,5): error TS2339: Property 'hkern' does not exist on type 'JSX.IntrinsicElements'.
src/icons/Fonts/general-sans/GeneralSansRegular.tsx(6413,5): error TS2339: Property 'hkern' does not exist on type 'JSX.IntrinsicElements'.
src/icons/Fonts/general-sans/GeneralSansRegular.tsx(6416,5): error TS2339: Property 'hkern' does not exist on type 'JSX.IntrinsicElements'.
src/icons/Fonts/general-sans/GeneralSansRegular.tsx(6419,5): error TS2339: Property 'hkern' does not exist on type 'JSX.IntrinsicElements'.
src/icons/Fonts/general-sans/GeneralSansRegular.tsx(6422,5): error TS2339: Property 'hkern' does not exist on type 'JSX.IntrinsicElements'.
src/icons/Fonts/general-sans/GeneralSansRegular.tsx(6425,5): error TS2339: Property 'hkern' does not exist on type 'JSX.IntrinsicElements'.
src/icons/Fonts/general-sans/GeneralSansRegular.tsx(6428,5): error TS2339: Property 'hkern' does not exist on type 'JSX.IntrinsicElements'.
src/icons/Fonts/general-sans/GeneralSansRegular.tsx(6431,5): error TS2339: Property 'hkern' does not exist on type 'JSX.IntrinsicElements'.
src/icons/Fonts/general-sans/GeneralSansRegular.tsx(6434,5): error TS2339: Property 'hkern' does not exist on type 'JSX.IntrinsicElements'.
src/icons/Fonts/general-sans/GeneralSansRegular.tsx(6437,5): error TS2339: Property 'hkern' does not exist on type 'JSX.IntrinsicElements'.
src/icons/Fonts/general-sans/GeneralSansRegular.tsx(6440,5): error TS2339: Property 'hkern' does not exist on type 'JSX.IntrinsicElements'.
src/icons/Fonts/general-sans/GeneralSansRegular.tsx(6443,5): error TS2339: Property 'hkern' does not exist on type 'JSX.IntrinsicElements'.
src/icons/Fonts/general-sans/GeneralSansRegular.tsx(6446,5): error TS2339: Property 'hkern' does not exist on type 'JSX.IntrinsicElements'.
src/icons/Fonts/general-sans/GeneralSansRegular.tsx(6449,5): error TS2339: Property 'hkern' does not exist on type 'JSX.IntrinsicElements'.
src/icons/Fonts/general-sans/GeneralSansRegular.tsx(6452,5): error TS2339: Property 'hkern' does not exist on type 'JSX.IntrinsicElements'.
src/icons/Fonts/general-sans/GeneralSansRegular.tsx(6455,5): error TS2339: Property 'hkern' does not exist on type 'JSX.IntrinsicElements'.
src/icons/Fonts/general-sans/GeneralSansRegular.tsx(6458,5): error TS2339: Property 'hkern' does not exist on type 'JSX.IntrinsicElements'.
src/icons/Fonts/general-sans/GeneralSansRegular.tsx(6461,5): error TS2339: Property 'hkern' does not exist on type 'JSX.IntrinsicElements'.
src/icons/Fonts/general-sans/GeneralSansRegular.tsx(6464,5): error TS2339: Property 'hkern' does not exist on type 'JSX.IntrinsicElements'.
src/icons/Fonts/general-sans/GeneralSansRegular.tsx(6467,5): error TS2339: Property 'hkern' does not exist on type 'JSX.IntrinsicElements'.
src/icons/Fonts/general-sans/GeneralSansRegular.tsx(6470,5): error TS2339: Property 'hkern' does not exist on type 'JSX.IntrinsicElements'.
src/icons/Fonts/general-sans/GeneralSansRegular.tsx(6473,5): error TS2339: Property 'hkern' does not exist on type 'JSX.IntrinsicElements'.
src/icons/Fonts/general-sans/GeneralSansRegular.tsx(6476,5): error TS2339: Property 'hkern' does not exist on type 'JSX.IntrinsicElements'.
src/icons/Fonts/general-sans/GeneralSansRegular.tsx(6479,5): error TS2339: Property 'hkern' does not exist on type 'JSX.IntrinsicElements'.
src/icons/Fonts/general-sans/GeneralSansRegular.tsx(6482,5): error TS2339: Property 'hkern' does not exist on type 'JSX.IntrinsicElements'.
src/icons/Fonts/general-sans/GeneralSansRegular.tsx(6485,5): error TS2339: Property 'hkern' does not exist on type 'JSX.IntrinsicElements'.
src/icons/Fonts/general-sans/GeneralSansRegular.tsx(6488,5): error TS2339: Property 'hkern' does not exist on type 'JSX.IntrinsicElements'.
src/icons/Fonts/general-sans/GeneralSansRegular.tsx(6491,5): error TS2339: Property 'hkern' does not exist on type 'JSX.IntrinsicElements'.
src/icons/Fonts/general-sans/GeneralSansRegular.tsx(6494,5): error TS2339: Property 'hkern' does not exist on type 'JSX.IntrinsicElements'.
src/icons/Fonts/general-sans/GeneralSansRegular.tsx(6497,5): error TS2339: Property 'hkern' does not exist on type 'JSX.IntrinsicElements'.
src/icons/Fonts/general-sans/GeneralSansRegular.tsx(6500,5): error TS2339: Property 'hkern' does not exist on type 'JSX.IntrinsicElements'.
src/icons/Fonts/general-sans/GeneralSansRegular.tsx(6503,5): error TS2339: Property 'hkern' does not exist on type 'JSX.IntrinsicElements'.
src/icons/Fonts/general-sans/GeneralSansRegular.tsx(6506,5): error TS2339: Property 'hkern' does not exist on type 'JSX.IntrinsicElements'.
src/icons/Fonts/general-sans/GeneralSansRegular.tsx(6509,5): error TS2339: Property 'hkern' does not exist on type 'JSX.IntrinsicElements'.
src/icons/Fonts/general-sans/GeneralSansRegular.tsx(6512,5): error TS2339: Property 'hkern' does not exist on type 'JSX.IntrinsicElements'.
src/icons/Fonts/general-sans/GeneralSansRegular.tsx(6515,5): error TS2339: Property 'hkern' does not exist on type 'JSX.IntrinsicElements'.
src/icons/Fonts/general-sans/GeneralSansRegular.tsx(6518,5): error TS2339: Property 'hkern' does not exist on type 'JSX.IntrinsicElements'.
src/icons/Fonts/general-sans/GeneralSansRegular.tsx(6521,5): error TS2339: Property 'hkern' does not exist on type 'JSX.IntrinsicElements'.
src/icons/Fonts/general-sans/GeneralSansRegular.tsx(6524,5): error TS2339: Property 'hkern' does not exist on type 'JSX.IntrinsicElements'.
src/icons/Fonts/general-sans/GeneralSansRegular.tsx(6527,5): error TS2339: Property 'hkern' does not exist on type 'JSX.IntrinsicElements'.
src/icons/Fonts/general-sans/GeneralSansRegular.tsx(6530,5): error TS2339: Property 'hkern' does not exist on type 'JSX.IntrinsicElements'.
src/icons/Fonts/general-sans/GeneralSansRegular.tsx(6533,5): error TS2339: Property 'hkern' does not exist on type 'JSX.IntrinsicElements'.
src/icons/Fonts/general-sans/GeneralSansRegular.tsx(6536,5): error TS2339: Property 'hkern' does not exist on type 'JSX.IntrinsicElements'.
src/icons/Fonts/general-sans/GeneralSansRegular.tsx(6539,5): error TS2339: Property 'hkern' does not exist on type 'JSX.IntrinsicElements'.
src/icons/Fonts/general-sans/GeneralSansRegular.tsx(6542,5): error TS2339: Property 'hkern' does not exist on type 'JSX.IntrinsicElements'.
src/icons/Fonts/general-sans/GeneralSansRegular.tsx(6545,5): error TS2339: Property 'hkern' does not exist on type 'JSX.IntrinsicElements'.
src/icons/Fonts/general-sans/GeneralSansRegular.tsx(6548,5): error TS2339: Property 'hkern' does not exist on type 'JSX.IntrinsicElements'.
src/icons/Fonts/general-sans/GeneralSansRegular.tsx(6551,5): error TS2339: Property 'hkern' does not exist on type 'JSX.IntrinsicElements'.
src/icons/Fonts/general-sans/GeneralSansRegular.tsx(6554,5): error TS2339: Property 'hkern' does not exist on type 'JSX.IntrinsicElements'.
src/icons/Fonts/general-sans/GeneralSansRegular.tsx(6557,5): error TS2339: Property 'hkern' does not exist on type 'JSX.IntrinsicElements'.
src/icons/Fonts/general-sans/GeneralSansRegular.tsx(6560,5): error TS2339: Property 'hkern' does not exist on type 'JSX.IntrinsicElements'.
src/icons/Fonts/general-sans/GeneralSansRegular.tsx(6563,5): error TS2339: Property 'hkern' does not exist on type 'JSX.IntrinsicElements'.
src/icons/Fonts/general-sans/GeneralSansRegular.tsx(6566,5): error TS2339: Property 'hkern' does not exist on type 'JSX.IntrinsicElements'.
src/icons/Fonts/general-sans/GeneralSansRegular.tsx(6569,5): error TS2339: Property 'hkern' does not exist on type 'JSX.IntrinsicElements'.
src/icons/Fonts/general-sans/GeneralSansRegular.tsx(6572,5): error TS2339: Property 'hkern' does not exist on type 'JSX.IntrinsicElements'.
src/icons/Fonts/general-sans/GeneralSansRegular.tsx(6575,5): error TS2339: Property 'hkern' does not exist on type 'JSX.IntrinsicElements'.
src/icons/Fonts/general-sans/GeneralSansRegular.tsx(6578,5): error TS2339: Property 'hkern' does not exist on type 'JSX.IntrinsicElements'.
src/icons/Fonts/general-sans/GeneralSansRegular.tsx(6581,5): error TS2339: Property 'hkern' does not exist on type 'JSX.IntrinsicElements'.
src/icons/Fonts/general-sans/GeneralSansRegular.tsx(6584,5): error TS2339: Property 'hkern' does not exist on type 'JSX.IntrinsicElements'.
src/icons/Fonts/general-sans/GeneralSansRegular.tsx(6587,5): error TS2339: Property 'hkern' does not exist on type 'JSX.IntrinsicElements'.
src/icons/Fonts/general-sans/GeneralSansRegular.tsx(6590,5): error TS2339: Property 'hkern' does not exist on type 'JSX.IntrinsicElements'.
src/icons/Fonts/general-sans/GeneralSansRegular.tsx(6593,5): error TS2339: Property 'hkern' does not exist on type 'JSX.IntrinsicElements'.
src/icons/Fonts/general-sans/GeneralSansRegular.tsx(6596,5): error TS2339: Property 'hkern' does not exist on type 'JSX.IntrinsicElements'.
src/icons/Fonts/general-sans/GeneralSansRegular.tsx(6599,5): error TS2339: Property 'hkern' does not exist on type 'JSX.IntrinsicElements'.
src/icons/Fonts/general-sans/GeneralSansRegular.tsx(6602,5): error TS2339: Property 'hkern' does not exist on type 'JSX.IntrinsicElements'.
src/icons/Fonts/general-sans/GeneralSansRegular.tsx(6605,5): error TS2339: Property 'hkern' does not exist on type 'JSX.IntrinsicElements'.
src/icons/Fonts/general-sans/GeneralSansRegular.tsx(6608,5): error TS2339: Property 'hkern' does not exist on type 'JSX.IntrinsicElements'.
src/icons/Fonts/general-sans/GeneralSansRegular.tsx(6611,5): error TS2339: Property 'hkern' does not exist on type 'JSX.IntrinsicElements'.
src/icons/Fonts/general-sans/GeneralSansRegular.tsx(6614,5): error TS2339: Property 'hkern' does not exist on type 'JSX.IntrinsicElements'.
src/icons/Fonts/general-sans/GeneralSansRegular.tsx(6617,5): error TS2339: Property 'hkern' does not exist on type 'JSX.IntrinsicElements'.
src/icons/Fonts/general-sans/GeneralSansRegular.tsx(6620,5): error TS2339: Property 'hkern' does not exist on type 'JSX.IntrinsicElements'.
src/icons/Fonts/general-sans/GeneralSansRegular.tsx(6623,5): error TS2339: Property 'hkern' does not exist on type 'JSX.IntrinsicElements'.
src/icons/Fonts/general-sans/GeneralSansRegular.tsx(6626,5): error TS2339: Property 'hkern' does not exist on type 'JSX.IntrinsicElements'.
src/icons/Fonts/general-sans/GeneralSansRegular.tsx(6629,5): error TS2339: Property 'hkern' does not exist on type 'JSX.IntrinsicElements'.
src/icons/Fonts/general-sans/GeneralSansRegular.tsx(6632,5): error TS2339: Property 'hkern' does not exist on type 'JSX.IntrinsicElements'.
src/icons/Fonts/general-sans/GeneralSansRegular.tsx(6635,5): error TS2339: Property 'hkern' does not exist on type 'JSX.IntrinsicElements'.
src/icons/Fonts/general-sans/GeneralSansRegular.tsx(6638,5): error TS2339: Property 'hkern' does not exist on type 'JSX.IntrinsicElements'.
src/icons/Fonts/general-sans/GeneralSansRegular.tsx(6641,5): error TS2339: Property 'hkern' does not exist on type 'JSX.IntrinsicElements'.
src/icons/Fonts/general-sans/GeneralSansRegular.tsx(6644,5): error TS2339: Property 'hkern' does not exist on type 'JSX.IntrinsicElements'.
src/icons/Fonts/general-sans/GeneralSansRegular.tsx(6647,5): error TS2339: Property 'hkern' does not exist on type 'JSX.IntrinsicElements'.
src/icons/Fonts/general-sans/GeneralSansRegular.tsx(6650,5): error TS2339: Property 'hkern' does not exist on type 'JSX.IntrinsicElements'.
src/icons/Fonts/general-sans/GeneralSansRegular.tsx(6653,5): error TS2339: Property 'hkern' does not exist on type 'JSX.IntrinsicElements'.
src/icons/Fonts/general-sans/GeneralSansRegular.tsx(6656,5): error TS2339: Property 'hkern' does not exist on type 'JSX.IntrinsicElements'.
src/icons/Fonts/general-sans/GeneralSansRegular.tsx(6659,5): error TS2339: Property 'hkern' does not exist on type 'JSX.IntrinsicElements'.
src/icons/Fonts/general-sans/GeneralSansRegular.tsx(6662,5): error TS2339: Property 'hkern' does not exist on type 'JSX.IntrinsicElements'.
src/icons/Fonts/general-sans/GeneralSansRegular.tsx(6665,5): error TS2339: Property 'hkern' does not exist on type 'JSX.IntrinsicElements'.
src/icons/Fonts/general-sans/GeneralSansRegular.tsx(6668,5): error TS2339: Property 'hkern' does not exist on type 'JSX.IntrinsicElements'.
src/icons/Fonts/general-sans/GeneralSansRegular.tsx(6671,5): error TS2339: Property 'hkern' does not exist on type 'JSX.IntrinsicElements'.
src/icons/Fonts/general-sans/GeneralSansRegular.tsx(6674,5): error TS2339: Property 'hkern' does not exist on type 'JSX.IntrinsicElements'.
src/icons/Fonts/general-sans/GeneralSansRegular.tsx(6677,5): error TS2339: Property 'hkern' does not exist on type 'JSX.IntrinsicElements'.
src/icons/Fonts/general-sans/GeneralSansRegular.tsx(6680,5): error TS2339: Property 'hkern' does not exist on type 'JSX.IntrinsicElements'.
src/icons/Fonts/general-sans/GeneralSansRegular.tsx(6683,5): error TS2339: Property 'hkern' does not exist on type 'JSX.IntrinsicElements'.
src/icons/Fonts/general-sans/GeneralSansRegular.tsx(6686,5): error TS2339: Property 'hkern' does not exist on type 'JSX.IntrinsicElements'.
src/icons/Fonts/general-sans/GeneralSansRegular.tsx(6689,5): error TS2339: Property 'hkern' does not exist on type 'JSX.IntrinsicElements'.
src/icons/Fonts/general-sans/GeneralSansRegular.tsx(6692,5): error TS2339: Property 'hkern' does not exist on type 'JSX.IntrinsicElements'.
src/icons/Fonts/general-sans/GeneralSansRegular.tsx(6695,5): error TS2339: Property 'hkern' does not exist on type 'JSX.IntrinsicElements'.
src/icons/Fonts/general-sans/GeneralSansRegular.tsx(6698,5): error TS2339: Property 'hkern' does not exist on type 'JSX.IntrinsicElements'.
src/icons/Fonts/general-sans/GeneralSansRegular.tsx(6701,5): error TS2339: Property 'hkern' does not exist on type 'JSX.IntrinsicElements'.
src/icons/Fonts/general-sans/GeneralSansRegular.tsx(6704,5): error TS2339: Property 'hkern' does not exist on type 'JSX.IntrinsicElements'.
src/icons/Fonts/general-sans/GeneralSansRegular.tsx(6707,5): error TS2339: Property 'hkern' does not exist on type 'JSX.IntrinsicElements'.
src/icons/Fonts/general-sans/GeneralSansRegular.tsx(6710,5): error TS2339: Property 'hkern' does not exist on type 'JSX.IntrinsicElements'.
src/icons/Fonts/general-sans/GeneralSansRegular.tsx(6713,5): error TS2339: Property 'hkern' does not exist on type 'JSX.IntrinsicElements'.
src/icons/Fonts/general-sans/GeneralSansRegular.tsx(6716,5): error TS2339: Property 'hkern' does not exist on type 'JSX.IntrinsicElements'.
src/icons/Fonts/general-sans/GeneralSansRegular.tsx(6719,5): error TS2339: Property 'hkern' does not exist on type 'JSX.IntrinsicElements'.
src/icons/Fonts/general-sans/GeneralSansRegular.tsx(6722,5): error TS2339: Property 'hkern' does not exist on type 'JSX.IntrinsicElements'.
src/icons/Fonts/general-sans/GeneralSansRegular.tsx(6725,5): error TS2339: Property 'hkern' does not exist on type 'JSX.IntrinsicElements'.
src/icons/Fonts/general-sans/GeneralSansRegular.tsx(6728,5): error TS2339: Property 'hkern' does not exist on type 'JSX.IntrinsicElements'.
src/icons/Fonts/general-sans/GeneralSansRegular.tsx(6731,5): error TS2339: Property 'hkern' does not exist on type 'JSX.IntrinsicElements'.
src/icons/Fonts/general-sans/GeneralSansRegular.tsx(6734,5): error TS2339: Property 'hkern' does not exist on type 'JSX.IntrinsicElements'.
src/icons/Fonts/general-sans/GeneralSansRegular.tsx(6737,5): error TS2339: Property 'hkern' does not exist on type 'JSX.IntrinsicElements'.
src/icons/Fonts/general-sans/GeneralSansRegular.tsx(6740,5): error TS2339: Property 'hkern' does not exist on type 'JSX.IntrinsicElements'.
src/icons/Fonts/general-sans/GeneralSansRegular.tsx(6743,5): error TS2339: Property 'hkern' does not exist on type 'JSX.IntrinsicElements'.
src/icons/Fonts/general-sans/GeneralSansRegular.tsx(6746,5): error TS2339: Property 'hkern' does not exist on type 'JSX.IntrinsicElements'.
src/icons/Fonts/general-sans/GeneralSansRegular.tsx(6749,5): error TS2339: Property 'hkern' does not exist on type 'JSX.IntrinsicElements'.
src/icons/Fonts/general-sans/GeneralSansRegular.tsx(6752,5): error TS2339: Property 'hkern' does not exist on type 'JSX.IntrinsicElements'.
src/icons/Fonts/general-sans/GeneralSansRegular.tsx(6755,5): error TS2339: Property 'hkern' does not exist on type 'JSX.IntrinsicElements'.
src/icons/Fonts/general-sans/GeneralSansRegular.tsx(6758,5): error TS2339: Property 'hkern' does not exist on type 'JSX.IntrinsicElements'.
src/icons/Fonts/general-sans/GeneralSansRegular.tsx(6761,5): error TS2339: Property 'hkern' does not exist on type 'JSX.IntrinsicElements'.
src/icons/Fonts/general-sans/GeneralSansRegular.tsx(6764,5): error TS2339: Property 'hkern' does not exist on type 'JSX.IntrinsicElements'.
src/icons/Fonts/general-sans/GeneralSansRegular.tsx(6767,5): error TS2339: Property 'hkern' does not exist on type 'JSX.IntrinsicElements'.
src/icons/Fonts/general-sans/GeneralSansRegular.tsx(6770,5): error TS2339: Property 'hkern' does not exist on type 'JSX.IntrinsicElements'.
src/icons/Fonts/general-sans/GeneralSansRegular.tsx(6773,5): error TS2339: Property 'hkern' does not exist on type 'JSX.IntrinsicElements'.
src/icons/Fonts/general-sans/GeneralSansRegular.tsx(6776,5): error TS2339: Property 'hkern' does not exist on type 'JSX.IntrinsicElements'.
src/icons/Fonts/general-sans/GeneralSansRegular.tsx(6779,5): error TS2339: Property 'hkern' does not exist on type 'JSX.IntrinsicElements'.
src/icons/Fonts/general-sans/GeneralSansRegular.tsx(6782,5): error TS2339: Property 'hkern' does not exist on type 'JSX.IntrinsicElements'.
src/icons/Fonts/general-sans/GeneralSansRegular.tsx(6785,5): error TS2339: Property 'hkern' does not exist on type 'JSX.IntrinsicElements'.
src/icons/Fonts/general-sans/GeneralSansRegular.tsx(6788,5): error TS2339: Property 'hkern' does not exist on type 'JSX.IntrinsicElements'.
src/icons/Fonts/general-sans/GeneralSansRegular.tsx(6791,5): error TS2339: Property 'hkern' does not exist on type 'JSX.IntrinsicElements'.
src/icons/Fonts/general-sans/GeneralSansRegular.tsx(6794,5): error TS2339: Property 'hkern' does not exist on type 'JSX.IntrinsicElements'.
src/icons/Fonts/general-sans/GeneralSansRegular.tsx(6797,5): error TS2339: Property 'hkern' does not exist on type 'JSX.IntrinsicElements'.
src/icons/Fonts/general-sans/GeneralSansRegular.tsx(6800,5): error TS2339: Property 'hkern' does not exist on type 'JSX.IntrinsicElements'.
src/icons/Fonts/general-sans/GeneralSansRegular.tsx(6803,5): error TS2339: Property 'hkern' does not exist on type 'JSX.IntrinsicElements'.
src/icons/Fonts/general-sans/GeneralSansRegular.tsx(6806,5): error TS2339: Property 'hkern' does not exist on type 'JSX.IntrinsicElements'.
src/icons/Fonts/general-sans/GeneralSansRegular.tsx(6809,5): error TS2339: Property 'hkern' does not exist on type 'JSX.IntrinsicElements'.
src/icons/Fonts/general-sans/GeneralSansRegular.tsx(6812,5): error TS2339: Property 'hkern' does not exist on type 'JSX.IntrinsicElements'.
src/icons/Fonts/general-sans/GeneralSansRegular.tsx(6815,5): error TS2339: Property 'hkern' does not exist on type 'JSX.IntrinsicElements'.
src/icons/Fonts/general-sans/GeneralSansRegular.tsx(6818,5): error TS2339: Property 'hkern' does not exist on type 'JSX.IntrinsicElements'.
src/icons/Fonts/general-sans/GeneralSansRegular.tsx(6821,5): error TS2339: Property 'hkern' does not exist on type 'JSX.IntrinsicElements'.
src/icons/Fonts/general-sans/GeneralSansRegular.tsx(6824,5): error TS2339: Property 'hkern' does not exist on type 'JSX.IntrinsicElements'.
src/icons/Fonts/general-sans/GeneralSansRegular.tsx(6827,5): error TS2339: Property 'hkern' does not exist on type 'JSX.IntrinsicElements'.
src/icons/Fonts/general-sans/GeneralSansRegular.tsx(6830,5): error TS2339: Property 'hkern' does not exist on type 'JSX.IntrinsicElements'.
src/icons/Fonts/general-sans/GeneralSansRegular.tsx(6833,5): error TS2339: Property 'hkern' does not exist on type 'JSX.IntrinsicElements'.
src/icons/Fonts/general-sans/GeneralSansRegular.tsx(6836,5): error TS2339: Property 'hkern' does not exist on type 'JSX.IntrinsicElements'.
src/icons/Fonts/general-sans/GeneralSansRegular.tsx(6839,5): error TS2339: Property 'hkern' does not exist on type 'JSX.IntrinsicElements'.
src/icons/Fonts/general-sans/GeneralSansRegular.tsx(6842,5): error TS2339: Property 'hkern' does not exist on type 'JSX.IntrinsicElements'.
src/icons/Fonts/general-sans/GeneralSansRegular.tsx(6845,5): error TS2339: Property 'hkern' does not exist on type 'JSX.IntrinsicElements'.
src/icons/Fonts/general-sans/GeneralSansRegular.tsx(6848,5): error TS2339: Property 'hkern' does not exist on type 'JSX.IntrinsicElements'.
src/icons/Fonts/general-sans/GeneralSansRegular.tsx(6851,5): error TS2339: Property 'hkern' does not exist on type 'JSX.IntrinsicElements'.
src/icons/Fonts/general-sans/GeneralSansRegular.tsx(6854,5): error TS2339: Property 'hkern' does not exist on type 'JSX.IntrinsicElements'.
src/icons/Fonts/general-sans/GeneralSansRegular.tsx(6857,5): error TS2339: Property 'hkern' does not exist on type 'JSX.IntrinsicElements'.
src/icons/Fonts/general-sans/GeneralSansRegular.tsx(6860,5): error TS2339: Property 'hkern' does not exist on type 'JSX.IntrinsicElements'.
src/icons/Fonts/general-sans/GeneralSansRegular.tsx(6863,5): error TS2339: Property 'hkern' does not exist on type 'JSX.IntrinsicElements'.
src/icons/Fonts/general-sans/GeneralSansRegular.tsx(6866,5): error TS2339: Property 'hkern' does not exist on type 'JSX.IntrinsicElements'.
src/icons/Fonts/general-sans/GeneralSansRegular.tsx(6869,5): error TS2339: Property 'hkern' does not exist on type 'JSX.IntrinsicElements'.
src/icons/Fonts/general-sans/GeneralSansRegular.tsx(6872,5): error TS2339: Property 'hkern' does not exist on type 'JSX.IntrinsicElements'.
src/icons/Fonts/general-sans/GeneralSansRegular.tsx(6875,5): error TS2339: Property 'hkern' does not exist on type 'JSX.IntrinsicElements'.
src/icons/Fonts/general-sans/GeneralSansRegular.tsx(6878,5): error TS2339: Property 'hkern' does not exist on type 'JSX.IntrinsicElements'.
src/icons/Fonts/general-sans/GeneralSansRegular.tsx(6881,5): error TS2339: Property 'hkern' does not exist on type 'JSX.IntrinsicElements'.
src/icons/Fonts/general-sans/GeneralSansRegular.tsx(6884,5): error TS2339: Property 'hkern' does not exist on type 'JSX.IntrinsicElements'.
src/icons/Fonts/general-sans/GeneralSansRegular.tsx(6887,5): error TS2339: Property 'hkern' does not exist on type 'JSX.IntrinsicElements'.
src/icons/Fonts/general-sans/GeneralSansRegular.tsx(6890,5): error TS2339: Property 'hkern' does not exist on type 'JSX.IntrinsicElements'.
src/icons/Fonts/general-sans/GeneralSansRegular.tsx(6893,5): error TS2339: Property 'hkern' does not exist on type 'JSX.IntrinsicElements'.
src/icons/Fonts/general-sans/GeneralSansRegular.tsx(6896,5): error TS2339: Property 'hkern' does not exist on type 'JSX.IntrinsicElements'.
src/icons/Fonts/general-sans/GeneralSansRegular.tsx(6899,5): error TS2339: Property 'hkern' does not exist on type 'JSX.IntrinsicElements'.
src/icons/Fonts/general-sans/GeneralSansRegular.tsx(6902,5): error TS2339: Property 'hkern' does not exist on type 'JSX.IntrinsicElements'.
src/icons/Fonts/general-sans/GeneralSansRegular.tsx(6905,5): error TS2339: Property 'hkern' does not exist on type 'JSX.IntrinsicElements'.
src/icons/Fonts/general-sans/GeneralSansRegular.tsx(6908,5): error TS2339: Property 'hkern' does not exist on type 'JSX.IntrinsicElements'.
src/icons/Fonts/general-sans/GeneralSansRegular.tsx(6911,5): error TS2339: Property 'hkern' does not exist on type 'JSX.IntrinsicElements'.
src/icons/Fonts/general-sans/GeneralSansRegular.tsx(6914,5): error TS2339: Property 'hkern' does not exist on type 'JSX.IntrinsicElements'.
src/icons/Fonts/general-sans/GeneralSansRegular.tsx(6917,5): error TS2339: Property 'hkern' does not exist on type 'JSX.IntrinsicElements'.
src/icons/Fonts/general-sans/GeneralSansRegular.tsx(6920,5): error TS2339: Property 'hkern' does not exist on type 'JSX.IntrinsicElements'.
src/icons/Fonts/general-sans/GeneralSansRegular.tsx(6923,5): error TS2339: Property 'hkern' does not exist on type 'JSX.IntrinsicElements'.
src/icons/Fonts/general-sans/GeneralSansRegular.tsx(6926,5): error TS2339: Property 'hkern' does not exist on type 'JSX.IntrinsicElements'.
src/icons/Fonts/general-sans/GeneralSansRegular.tsx(6929,5): error TS2339: Property 'hkern' does not exist on type 'JSX.IntrinsicElements'.
src/icons/Fonts/general-sans/GeneralSansRegular.tsx(6932,5): error TS2339: Property 'hkern' does not exist on type 'JSX.IntrinsicElements'.
src/icons/Fonts/general-sans/GeneralSansRegular.tsx(6935,5): error TS2339: Property 'hkern' does not exist on type 'JSX.IntrinsicElements'.
src/icons/Fonts/general-sans/GeneralSansRegular.tsx(6938,5): error TS2339: Property 'hkern' does not exist on type 'JSX.IntrinsicElements'.
src/icons/Fonts/general-sans/GeneralSansRegular.tsx(6941,5): error TS2339: Property 'hkern' does not exist on type 'JSX.IntrinsicElements'.
src/icons/Fonts/general-sans/GeneralSansRegular.tsx(6944,5): error TS2339: Property 'hkern' does not exist on type 'JSX.IntrinsicElements'.
src/icons/Fonts/general-sans/GeneralSansRegular.tsx(6947,5): error TS2339: Property 'hkern' does not exist on type 'JSX.IntrinsicElements'.
src/icons/Fonts/general-sans/GeneralSansRegular.tsx(6950,5): error TS2339: Property 'hkern' does not exist on type 'JSX.IntrinsicElements'.
src/icons/Fonts/general-sans/GeneralSansRegular.tsx(6953,5): error TS2339: Property 'hkern' does not exist on type 'JSX.IntrinsicElements'.
src/icons/Fonts/general-sans/GeneralSansRegular.tsx(6956,5): error TS2339: Property 'hkern' does not exist on type 'JSX.IntrinsicElements'.
src/icons/Fonts/general-sans/GeneralSansRegular.tsx(6959,5): error TS2339: Property 'hkern' does not exist on type 'JSX.IntrinsicElements'.
src/icons/Fonts/general-sans/GeneralSansRegular.tsx(6962,5): error TS2339: Property 'hkern' does not exist on type 'JSX.IntrinsicElements'.
src/icons/Fonts/general-sans/GeneralSansRegular.tsx(6965,5): error TS2339: Property 'hkern' does not exist on type 'JSX.IntrinsicElements'.
src/icons/Fonts/general-sans/GeneralSansRegular.tsx(6968,5): error TS2339: Property 'hkern' does not exist on type 'JSX.IntrinsicElements'.
src/icons/Fonts/general-sans/GeneralSansRegular.tsx(6971,5): error TS2339: Property 'hkern' does not exist on type 'JSX.IntrinsicElements'.
src/icons/Fonts/general-sans/GeneralSansRegular.tsx(6974,5): error TS2339: Property 'hkern' does not exist on type 'JSX.IntrinsicElements'.
src/icons/Fonts/general-sans/GeneralSansRegular.tsx(6977,5): error TS2339: Property 'hkern' does not exist on type 'JSX.IntrinsicElements'.
src/icons/Fonts/general-sans/GeneralSansRegular.tsx(6980,5): error TS2339: Property 'hkern' does not exist on type 'JSX.IntrinsicElements'.
src/icons/Fonts/general-sans/GeneralSansRegular.tsx(6983,5): error TS2339: Property 'hkern' does not exist on type 'JSX.IntrinsicElements'.
src/icons/Fonts/general-sans/GeneralSansRegular.tsx(6986,5): error TS2339: Property 'hkern' does not exist on type 'JSX.IntrinsicElements'.
src/icons/Fonts/general-sans/GeneralSansRegular.tsx(6989,5): error TS2339: Property 'hkern' does not exist on type 'JSX.IntrinsicElements'.
src/icons/Fonts/general-sans/GeneralSansRegular.tsx(6992,5): error TS2339: Property 'hkern' does not exist on type 'JSX.IntrinsicElements'.
src/icons/Fonts/general-sans/GeneralSansRegular.tsx(6995,5): error TS2339: Property 'hkern' does not exist on type 'JSX.IntrinsicElements'.
src/icons/Fonts/general-sans/GeneralSansRegular.tsx(6998,5): error TS2339: Property 'hkern' does not exist on type 'JSX.IntrinsicElements'.
src/icons/Fonts/general-sans/GeneralSansRegular.tsx(7001,5): error TS2339: Property 'hkern' does not exist on type 'JSX.IntrinsicElements'.
src/icons/Fonts/general-sans/GeneralSansRegular.tsx(7004,5): error TS2339: Property 'hkern' does not exist on type 'JSX.IntrinsicElements'.
src/icons/Fonts/general-sans/GeneralSansRegular.tsx(7007,5): error TS2339: Property 'hkern' does not exist on type 'JSX.IntrinsicElements'.
src/icons/Fonts/general-sans/GeneralSansRegular.tsx(7010,5): error TS2339: Property 'hkern' does not exist on type 'JSX.IntrinsicElements'.
src/icons/Fonts/general-sans/GeneralSansRegular.tsx(7013,5): error TS2339: Property 'hkern' does not exist on type 'JSX.IntrinsicElements'.
src/icons/Fonts/general-sans/GeneralSansRegular.tsx(7016,5): error TS2339: Property 'hkern' does not exist on type 'JSX.IntrinsicElements'.
src/icons/Fonts/general-sans/GeneralSansRegular.tsx(7019,5): error TS2339: Property 'hkern' does not exist on type 'JSX.IntrinsicElements'.
src/icons/Fonts/general-sans/GeneralSansRegular.tsx(7022,5): error TS2339: Property 'hkern' does not exist on type 'JSX.IntrinsicElements'.
src/icons/Fonts/general-sans/GeneralSansRegular.tsx(7025,5): error TS2339: Property 'hkern' does not exist on type 'JSX.IntrinsicElements'.
src/icons/Fonts/general-sans/GeneralSansRegular.tsx(7028,5): error TS2339: Property 'hkern' does not exist on type 'JSX.IntrinsicElements'.
src/icons/Fonts/general-sans/GeneralSansRegular.tsx(7031,5): error TS2339: Property 'hkern' does not exist on type 'JSX.IntrinsicElements'.
src/icons/Fonts/general-sans/GeneralSansRegular.tsx(7034,5): error TS2339: Property 'hkern' does not exist on type 'JSX.IntrinsicElements'.
src/icons/Fonts/general-sans/GeneralSansRegular.tsx(7037,5): error TS2339: Property 'hkern' does not exist on type 'JSX.IntrinsicElements'.
src/icons/Fonts/general-sans/GeneralSansRegular.tsx(7040,5): error TS2339: Property 'hkern' does not exist on type 'JSX.IntrinsicElements'.
src/icons/Fonts/general-sans/GeneralSansRegular.tsx(7043,5): error TS2339: Property 'hkern' does not exist on type 'JSX.IntrinsicElements'.
src/icons/Fonts/general-sans/GeneralSansRegular.tsx(7046,5): error TS2339: Property 'hkern' does not exist on type 'JSX.IntrinsicElements'.
src/icons/Fonts/general-sans/GeneralSansRegular.tsx(7049,5): error TS2339: Property 'hkern' does not exist on type 'JSX.IntrinsicElements'.
src/icons/Fonts/general-sans/GeneralSansRegular.tsx(7052,5): error TS2339: Property 'hkern' does not exist on type 'JSX.IntrinsicElements'.
src/icons/Fonts/general-sans/GeneralSansRegular.tsx(7055,5): error TS2339: Property 'hkern' does not exist on type 'JSX.IntrinsicElements'.
src/icons/Fonts/general-sans/GeneralSansRegular.tsx(7058,3): error TS2339: Property 'font' does not exist on type 'JSX.IntrinsicElements'.
src/icons/Fonts/general-sans/GeneralSansVariable.tsx(11,1): error TS2339: Property 'font' does not exist on type 'JSX.IntrinsicElements'.
src/icons/Fonts/general-sans/GeneralSansVariable.tsx(12,3): error TS2339: Property 'font-face' does not exist on type 'JSX.IntrinsicElements'.
src/icons/Fonts/general-sans/GeneralSansVariable.tsx(27,1): error TS2339: Property 'missing-glyph' does not exist on type 'JSX.IntrinsicElements'.
src/icons/Fonts/general-sans/GeneralSansVariable.tsx(29,5): error TS2339: Property 'glyph' does not exist on type 'JSX.IntrinsicElements'.
src/icons/Fonts/general-sans/GeneralSansVariable.tsx(32,5): error TS2339: Property 'glyph' does not exist on type 'JSX.IntrinsicElements'.
src/icons/Fonts/general-sans/GeneralSansVariable.tsx(34,5): error TS2339: Property 'glyph' does not exist on type 'JSX.IntrinsicElements'.
src/icons/Fonts/general-sans/GeneralSansVariable.tsx(36,5): error TS2339: Property 'glyph' does not exist on type 'JSX.IntrinsicElements'.
src/icons/Fonts/general-sans/GeneralSansVariable.tsx(38,5): error TS2339: Property 'glyph' does not exist on type 'JSX.IntrinsicElements'.
src/icons/Fonts/general-sans/GeneralSansVariable.tsx(40,5): error TS2339: Property 'glyph' does not exist on type 'JSX.IntrinsicElements'.
src/icons/Fonts/general-sans/GeneralSansVariable.tsx(42,5): error TS2339: Property 'glyph' does not exist on type 'JSX.IntrinsicElements'.
src/icons/Fonts/general-sans/GeneralSansVariable.tsx(44,5): error TS2339: Property 'glyph' does not exist on type 'JSX.IntrinsicElements'.
src/icons/Fonts/general-sans/GeneralSansVariable.tsx(46,5): error TS2339: Property 'glyph' does not exist on type 'JSX.IntrinsicElements'.
src/icons/Fonts/general-sans/GeneralSansVariable.tsx(48,5): error TS2339: Property 'glyph' does not exist on type 'JSX.IntrinsicElements'.
src/icons/Fonts/general-sans/GeneralSansVariable.tsx(51,5): error TS2339: Property 'glyph' does not exist on type 'JSX.IntrinsicElements'.
src/icons/Fonts/general-sans/GeneralSansVariable.tsx(53,5): error TS2339: Property 'glyph' does not exist on type 'JSX.IntrinsicElements'.
src/icons/Fonts/general-sans/GeneralSansVariable.tsx(55,5): error TS2339: Property 'glyph' does not exist on type 'JSX.IntrinsicElements'.
src/icons/Fonts/general-sans/GeneralSansVariable.tsx(57,5): error TS2339: Property 'glyph' does not exist on type 'JSX.IntrinsicElements'.
src/icons/Fonts/general-sans/GeneralSansVariable.tsx(60,5): error TS2339: Property 'glyph' does not exist on type 'JSX.IntrinsicElements'.
src/icons/Fonts/general-sans/GeneralSansVariable.tsx(63,5): error TS2339: Property 'glyph' does not exist on type 'JSX.IntrinsicElements'.
src/icons/Fonts/general-sans/GeneralSansVariable.tsx(65,5): error TS2339: Property 'glyph' does not exist on type 'JSX.IntrinsicElements'.
src/icons/Fonts/general-sans/GeneralSansVariable.tsx(68,5): error TS2339: Property 'glyph' does not exist on type 'JSX.IntrinsicElements'.
src/icons/Fonts/general-sans/GeneralSansVariable.tsx(71,5): error TS2339: Property 'glyph' does not exist on type 'JSX.IntrinsicElements'.
src/icons/Fonts/general-sans/GeneralSansVariable.tsx(74,5): error TS2339: Property 'glyph' does not exist on type 'JSX.IntrinsicElements'.
src/icons/Fonts/general-sans/GeneralSansVariable.tsx(77,5): error TS2339: Property 'glyph' does not exist on type 'JSX.IntrinsicElements'.
src/icons/Fonts/general-sans/GeneralSansVariable.tsx(81,5): error TS2339: Property 'glyph' does not exist on type 'JSX.IntrinsicElements'.
src/icons/Fonts/general-sans/GeneralSansVariable.tsx(83,5): error TS2339: Property 'glyph' does not exist on type 'JSX.IntrinsicElements'.
src/icons/Fonts/general-sans/GeneralSansVariable.tsx(85,5): error TS2339: Property 'glyph' does not exist on type 'JSX.IntrinsicElements'.
src/icons/Fonts/general-sans/GeneralSansVariable.tsx(87,5): error TS2339: Property 'glyph' does not exist on type 'JSX.IntrinsicElements'.
src/icons/Fonts/general-sans/GeneralSansVariable.tsx(89,5): error TS2339: Property 'glyph' does not exist on type 'JSX.IntrinsicElements'.
src/icons/Fonts/general-sans/GeneralSansVariable.tsx(91,5): error TS2339: Property 'glyph' does not exist on type 'JSX.IntrinsicElements'.
src/icons/Fonts/general-sans/GeneralSansVariable.tsx(93,5): error TS2339: Property 'glyph' does not exist on type 'JSX.IntrinsicElements'.
src/icons/Fonts/general-sans/GeneralSansVariable.tsx(95,5): error TS2339: Property 'glyph' does not exist on type 'JSX.IntrinsicElements'.
src/icons/Fonts/general-sans/GeneralSansVariable.tsx(97,5): error TS2339: Property 'glyph' does not exist on type 'JSX.IntrinsicElements'.
src/icons/Fonts/general-sans/GeneralSansVariable.tsx(99,5): error TS2339: Property 'glyph' does not exist on type 'JSX.IntrinsicElements'.
src/icons/Fonts/general-sans/GeneralSansVariable.tsx(101,5): error TS2339: Property 'glyph' does not exist on type 'JSX.IntrinsicElements'.
src/icons/Fonts/general-sans/GeneralSansVariable.tsx(103,5): error TS2339: Property 'glyph' does not exist on type 'JSX.IntrinsicElements'.
src/icons/Fonts/general-sans/GeneralSansVariable.tsx(105,5): error TS2339: Property 'glyph' does not exist on type 'JSX.IntrinsicElements'.
src/icons/Fonts/general-sans/GeneralSansVariable.tsx(107,5): error TS2339: Property 'glyph' does not exist on type 'JSX.IntrinsicElements'.
src/icons/Fonts/general-sans/GeneralSansVariable.tsx(109,5): error TS2339: Property 'glyph' does not exist on type 'JSX.IntrinsicElements'.
src/icons/Fonts/general-sans/GeneralSansVariable.tsx(112,5): error TS2339: Property 'glyph' does not exist on type 'JSX.IntrinsicElements'.
src/icons/Fonts/general-sans/GeneralSansVariable.tsx(115,5): error TS2339: Property 'glyph' does not exist on type 'JSX.IntrinsicElements'.
src/icons/Fonts/general-sans/GeneralSansVariable.tsx(118,5): error TS2339: Property 'glyph' does not exist on type 'JSX.IntrinsicElements'.
src/icons/Fonts/general-sans/GeneralSansVariable.tsx(120,5): error TS2339: Property 'glyph' does not exist on type 'JSX.IntrinsicElements'.
src/icons/Fonts/general-sans/GeneralSansVariable.tsx(122,5): error TS2339: Property 'glyph' does not exist on type 'JSX.IntrinsicElements'.
src/icons/Fonts/general-sans/GeneralSansVariable.tsx(124,5): error TS2339: Property 'glyph' does not exist on type 'JSX.IntrinsicElements'.
src/icons/Fonts/general-sans/GeneralSansVariable.tsx(126,5): error TS2339: Property 'glyph' does not exist on type 'JSX.IntrinsicElements'.
src/icons/Fonts/general-sans/GeneralSansVariable.tsx(128,5): error TS2339: Property 'glyph' does not exist on type 'JSX.IntrinsicElements'.
src/icons/Fonts/general-sans/GeneralSansVariable.tsx(130,5): error TS2339: Property 'glyph' does not exist on type 'JSX.IntrinsicElements'.
src/icons/Fonts/general-sans/GeneralSansVariable.tsx(132,5): error TS2339: Property 'glyph' does not exist on type 'JSX.IntrinsicElements'.
src/icons/Fonts/general-sans/GeneralSansVariable.tsx(134,5): error TS2339: Property 'glyph' does not exist on type 'JSX.IntrinsicElements'.
src/icons/Fonts/general-sans/GeneralSansVariable.tsx(136,5): error TS2339: Property 'glyph' does not exist on type 'JSX.IntrinsicElements'.
src/icons/Fonts/general-sans/GeneralSansVariable.tsx(138,5): error TS2339: Property 'glyph' does not exist on type 'JSX.IntrinsicElements'.
src/icons/Fonts/general-sans/GeneralSansVariable.tsx(140,5): error TS2339: Property 'glyph' does not exist on type 'JSX.IntrinsicElements'.
src/icons/Fonts/general-sans/GeneralSansVariable.tsx(142,5): error TS2339: Property 'glyph' does not exist on type 'JSX.IntrinsicElements'.
src/icons/Fonts/general-sans/GeneralSansVariable.tsx(144,5): error TS2339: Property 'glyph' does not exist on type 'JSX.IntrinsicElements'.
src/icons/Fonts/general-sans/GeneralSansVariable.tsx(146,5): error TS2339: Property 'glyph' does not exist on type 'JSX.IntrinsicElements'.
src/icons/Fonts/general-sans/GeneralSansVariable.tsx(148,5): error TS2339: Property 'glyph' does not exist on type 'JSX.IntrinsicElements'.
src/icons/Fonts/general-sans/GeneralSansVariable.tsx(150,5): error TS2339: Property 'glyph' does not exist on type 'JSX.IntrinsicElements'.
src/icons/Fonts/general-sans/GeneralSansVariable.tsx(152,5): error TS2339: Property 'glyph' does not exist on type 'JSX.IntrinsicElements'.
src/icons/Fonts/general-sans/GeneralSansVariable.tsx(154,5): error TS2339: Property 'glyph' does not exist on type 'JSX.IntrinsicElements'.
src/icons/Fonts/general-sans/GeneralSansVariable.tsx(156,5): error TS2339: Property 'glyph' does not exist on type 'JSX.IntrinsicElements'.
src/icons/Fonts/general-sans/GeneralSansVariable.tsx(158,5): error TS2339: Property 'glyph' does not exist on type 'JSX.IntrinsicElements'.
src/icons/Fonts/general-sans/GeneralSansVariable.tsx(160,5): error TS2339: Property 'glyph' does not exist on type 'JSX.IntrinsicElements'.
src/icons/Fonts/general-sans/GeneralSansVariable.tsx(162,5): error TS2339: Property 'glyph' does not exist on type 'JSX.IntrinsicElements'.
src/icons/Fonts/general-sans/GeneralSansVariable.tsx(165,5): error TS2339: Property 'glyph' does not exist on type 'JSX.IntrinsicElements'.
src/icons/Fonts/general-sans/GeneralSansVariable.tsx(168,5): error TS2339: Property 'glyph' does not exist on type 'JSX.IntrinsicElements'.
src/icons/Fonts/general-sans/GeneralSansVariable.tsx(171,5): error TS2339: Property 'glyph' does not exist on type 'JSX.IntrinsicElements'.
src/icons/Fonts/general-sans/GeneralSansVariable.tsx(174,5): error TS2339: Property 'glyph' does not exist on type 'JSX.IntrinsicElements'.
src/icons/Fonts/general-sans/GeneralSansVariable.tsx(178,5): error TS2339: Property 'glyph' does not exist on type 'JSX.IntrinsicElements'.
src/icons/Fonts/general-sans/GeneralSansVariable.tsx(181,5): error TS2339: Property 'glyph' does not exist on type 'JSX.IntrinsicElements'.
src/icons/Fonts/general-sans/GeneralSansVariable.tsx(184,5): error TS2339: Property 'glyph' does not exist on type 'JSX.IntrinsicElements'.
src/icons/Fonts/general-sans/GeneralSansVariable.tsx(187,5): error TS2339: Property 'glyph' does not exist on type 'JSX.IntrinsicElements'.
src/icons/Fonts/general-sans/GeneralSansVariable.tsx(190,5): error TS2339: Property 'glyph' does not exist on type 'JSX.IntrinsicElements'.
src/icons/Fonts/general-sans/GeneralSansVariable.tsx(194,5): error TS2339: Property 'glyph' does not exist on type 'JSX.IntrinsicElements'.
src/icons/Fonts/general-sans/GeneralSansVariable.tsx(197,5): error TS2339: Property 'glyph' does not exist on type 'JSX.IntrinsicElements'.
src/icons/Fonts/general-sans/GeneralSansVariable.tsx(199,5): error TS2339: Property 'glyph' does not exist on type 'JSX.IntrinsicElements'.
src/icons/Fonts/general-sans/GeneralSansVariable.tsx(201,5): error TS2339: Property 'glyph' does not exist on type 'JSX.IntrinsicElements'.
src/icons/Fonts/general-sans/GeneralSansVariable.tsx(204,5): error TS2339: Property 'glyph' does not exist on type 'JSX.IntrinsicElements'.
src/icons/Fonts/general-sans/GeneralSansVariable.tsx(206,5): error TS2339: Property 'glyph' does not exist on type 'JSX.IntrinsicElements'.
src/icons/Fonts/general-sans/GeneralSansVariable.tsx(208,5): error TS2339: Property 'glyph' does not exist on type 'JSX.IntrinsicElements'.
src/icons/Fonts/general-sans/GeneralSansVariable.tsx(210,5): error TS2339: Property 'glyph' does not exist on type 'JSX.IntrinsicElements'.
src/icons/Fonts/general-sans/GeneralSansVariable.tsx(213,5): error TS2339: Property 'glyph' does not exist on type 'JSX.IntrinsicElements'.
src/icons/Fonts/general-sans/GeneralSansVariable.tsx(216,5): error TS2339: Property 'glyph' does not exist on type 'JSX.IntrinsicElements'.
src/icons/Fonts/general-sans/GeneralSansVariable.tsx(219,5): error TS2339: Property 'glyph' does not exist on type 'JSX.IntrinsicElements'.
src/icons/Fonts/general-sans/GeneralSansVariable.tsx(222,5): error TS2339: Property 'glyph' does not exist on type 'JSX.IntrinsicElements'.
src/icons/Fonts/general-sans/GeneralSansVariable.tsx(226,5): error TS2339: Property 'glyph' does not exist on type 'JSX.IntrinsicElements'.
src/icons/Fonts/general-sans/GeneralSansVariable.tsx(230,5): error TS2339: Property 'glyph' does not exist on type 'JSX.IntrinsicElements'.
src/icons/Fonts/general-sans/GeneralSansVariable.tsx(232,5): error TS2339: Property 'glyph' does not exist on type 'JSX.IntrinsicElements'.
src/icons/Fonts/general-sans/GeneralSansVariable.tsx(234,5): error TS2339: Property 'glyph' does not exist on type 'JSX.IntrinsicElements'.
src/icons/Fonts/general-sans/GeneralSansVariable.tsx(236,5): error TS2339: Property 'glyph' does not exist on type 'JSX.IntrinsicElements'.
src/icons/Fonts/general-sans/GeneralSansVariable.tsx(238,5): error TS2339: Property 'glyph' does not exist on type 'JSX.IntrinsicElements'.
src/icons/Fonts/general-sans/GeneralSansVariable.tsx(240,5): error TS2339: Property 'glyph' does not exist on type 'JSX.IntrinsicElements'.
src/icons/Fonts/general-sans/GeneralSansVariable.tsx(242,5): error TS2339: Property 'glyph' does not exist on type 'JSX.IntrinsicElements'.
src/icons/Fonts/general-sans/GeneralSansVariable.tsx(244,5): error TS2339: Property 'glyph' does not exist on type 'JSX.IntrinsicElements'.
src/icons/Fonts/general-sans/GeneralSansVariable.tsx(247,5): error TS2339: Property 'glyph' does not exist on type 'JSX.IntrinsicElements'.
src/icons/Fonts/general-sans/GeneralSansVariable.tsx(249,5): error TS2339: Property 'glyph' does not exist on type 'JSX.IntrinsicElements'.
src/icons/Fonts/general-sans/GeneralSansVariable.tsx(251,5): error TS2339: Property 'glyph' does not exist on type 'JSX.IntrinsicElements'.
src/icons/Fonts/general-sans/GeneralSansVariable.tsx(253,5): error TS2339: Property 'glyph' does not exist on type 'JSX.IntrinsicElements'.
src/icons/Fonts/general-sans/GeneralSansVariable.tsx(256,5): error TS2339: Property 'glyph' does not exist on type 'JSX.IntrinsicElements'.
src/icons/Fonts/general-sans/GeneralSansVariable.tsx(259,5): error TS2339: Property 'glyph' does not exist on type 'JSX.IntrinsicElements'.
src/icons/Fonts/general-sans/GeneralSansVariable.tsx(261,5): error TS2339: Property 'glyph' does not exist on type 'JSX.IntrinsicElements'.
src/icons/Fonts/general-sans/GeneralSansVariable.tsx(263,5): error TS2339: Property 'glyph' does not exist on type 'JSX.IntrinsicElements'.
src/icons/Fonts/general-sans/GeneralSansVariable.tsx(265,5): error TS2339: Property 'glyph' does not exist on type 'JSX.IntrinsicElements'.
src/icons/Fonts/general-sans/GeneralSansVariable.tsx(267,5): error TS2339: Property 'glyph' does not exist on type 'JSX.IntrinsicElements'.
src/icons/Fonts/general-sans/GeneralSansVariable.tsx(270,5): error TS2339: Property 'glyph' does not exist on type 'JSX.IntrinsicElements'.
src/icons/Fonts/general-sans/GeneralSansVariable.tsx(272,5): error TS2339: Property 'glyph' does not exist on type 'JSX.IntrinsicElements'.
src/icons/Fonts/general-sans/GeneralSansVariable.tsx(274,5): error TS2339: Property 'glyph' does not exist on type 'JSX.IntrinsicElements'.
src/icons/Fonts/general-sans/GeneralSansVariable.tsx(276,5): error TS2339: Property 'glyph' does not exist on type 'JSX.IntrinsicElements'.
src/icons/Fonts/general-sans/GeneralSansVariable.tsx(278,5): error TS2339: Property 'glyph' does not exist on type 'JSX.IntrinsicElements'.
src/icons/Fonts/general-sans/GeneralSansVariable.tsx(280,5): error TS2339: Property 'glyph' does not exist on type 'JSX.IntrinsicElements'.
src/icons/Fonts/general-sans/GeneralSansVariable.tsx(282,5): error TS2339: Property 'glyph' does not exist on type 'JSX.IntrinsicElements'.
src/icons/Fonts/general-sans/GeneralSansVariable.tsx(284,5): error TS2339: Property 'glyph' does not exist on type 'JSX.IntrinsicElements'.
src/icons/Fonts/general-sans/GeneralSansVariable.tsx(286,5): error TS2339: Property 'glyph' does not exist on type 'JSX.IntrinsicElements'.
src/icons/Fonts/general-sans/GeneralSansVariable.tsx(288,5): error TS2339: Property 'glyph' does not exist on type 'JSX.IntrinsicElements'.
src/icons/Fonts/general-sans/GeneralSansVariable.tsx(290,5): error TS2339: Property 'glyph' does not exist on type 'JSX.IntrinsicElements'.
src/icons/Fonts/general-sans/GeneralSansVariable.tsx(292,5): error TS2339: Property 'glyph' does not exist on type 'JSX.IntrinsicElements'.
src/icons/Fonts/general-sans/GeneralSansVariable.tsx(295,5): error TS2339: Property 'glyph' does not exist on type 'JSX.IntrinsicElements'.
src/icons/Fonts/general-sans/GeneralSansVariable.tsx(298,5): error TS2339: Property 'glyph' does not exist on type 'JSX.IntrinsicElements'.
src/icons/Fonts/general-sans/GeneralSansVariable.tsx(301,5): error TS2339: Property 'glyph' does not exist on type 'JSX.IntrinsicElements'.
src/icons/Fonts/general-sans/GeneralSansVariable.tsx(304,5): error TS2339: Property 'glyph' does not exist on type 'JSX.IntrinsicElements'.
src/icons/Fonts/general-sans/GeneralSansVariable.tsx(308,5): error TS2339: Property 'glyph' does not exist on type 'JSX.IntrinsicElements'.
src/icons/Fonts/general-sans/GeneralSansVariable.tsx(311,5): error TS2339: Property 'glyph' does not exist on type 'JSX.IntrinsicElements'.
src/icons/Fonts/general-sans/GeneralSansVariable.tsx(314,5): error TS2339: Property 'glyph' does not exist on type 'JSX.IntrinsicElements'.
src/icons/Fonts/general-sans/GeneralSansVariable.tsx(317,5): error TS2339: Property 'glyph' does not exist on type 'JSX.IntrinsicElements'.
src/icons/Fonts/general-sans/GeneralSansVariable.tsx(321,5): error TS2339: Property 'glyph' does not exist on type 'JSX.IntrinsicElements'.
src/icons/Fonts/general-sans/GeneralSansVariable.tsx(325,5): error TS2339: Property 'glyph' does not exist on type 'JSX.IntrinsicElements'.
src/icons/Fonts/general-sans/GeneralSansVariable.tsx(329,5): error TS2339: Property 'glyph' does not exist on type 'JSX.IntrinsicElements'.
src/icons/Fonts/general-sans/GeneralSansVariable.tsx(332,5): error TS2339: Property 'glyph' does not exist on type 'JSX.IntrinsicElements'.
src/icons/Fonts/general-sans/GeneralSansVariable.tsx(335,5): error TS2339: Property 'glyph' does not exist on type 'JSX.IntrinsicElements'.
src/icons/Fonts/general-sans/GeneralSansVariable.tsx(338,5): error TS2339: Property 'glyph' does not exist on type 'JSX.IntrinsicElements'.
src/icons/Fonts/general-sans/GeneralSansVariable.tsx(341,5): error TS2339: Property 'glyph' does not exist on type 'JSX.IntrinsicElements'.
src/icons/Fonts/general-sans/GeneralSansVariable.tsx(344,5): error TS2339: Property 'glyph' does not exist on type 'JSX.IntrinsicElements'.
src/icons/Fonts/general-sans/GeneralSansVariable.tsx(347,5): error TS2339: Property 'glyph' does not exist on type 'JSX.IntrinsicElements'.
src/icons/Fonts/general-sans/GeneralSansVariable.tsx(350,5): error TS2339: Property 'glyph' does not exist on type 'JSX.IntrinsicElements'.
src/icons/Fonts/general-sans/GeneralSansVariable.tsx(353,5): error TS2339: Property 'glyph' does not exist on type 'JSX.IntrinsicElements'.
src/icons/Fonts/general-sans/GeneralSansVariable.tsx(356,5): error TS2339: Property 'glyph' does not exist on type 'JSX.IntrinsicElements'.
src/icons/Fonts/general-sans/GeneralSansVariable.tsx(359,5): error TS2339: Property 'glyph' does not exist on type 'JSX.IntrinsicElements'.
src/icons/Fonts/general-sans/GeneralSansVariable.tsx(362,5): error TS2339: Property 'glyph' does not exist on type 'JSX.IntrinsicElements'.
src/icons/Fonts/general-sans/GeneralSansVariable.tsx(365,5): error TS2339: Property 'glyph' does not exist on type 'JSX.IntrinsicElements'.
src/icons/Fonts/general-sans/GeneralSansVariable.tsx(368,5): error TS2339: Property 'glyph' does not exist on type 'JSX.IntrinsicElements'.
src/icons/Fonts/general-sans/GeneralSansVariable.tsx(371,5): error TS2339: Property 'glyph' does not exist on type 'JSX.IntrinsicElements'.
src/icons/Fonts/general-sans/GeneralSansVariable.tsx(374,5): error TS2339: Property 'glyph' does not exist on type 'JSX.IntrinsicElements'.
src/icons/Fonts/general-sans/GeneralSansVariable.tsx(377,5): error TS2339: Property 'glyph' does not exist on type 'JSX.IntrinsicElements'.
src/icons/Fonts/general-sans/GeneralSansVariable.tsx(380,5): error TS2339: Property 'glyph' does not exist on type 'JSX.IntrinsicElements'.
src/icons/Fonts/general-sans/GeneralSansVariable.tsx(383,5): error TS2339: Property 'glyph' does not exist on type 'JSX.IntrinsicElements'.
src/icons/Fonts/general-sans/GeneralSansVariable.tsx(385,5): error TS2339: Property 'glyph' does not exist on type 'JSX.IntrinsicElements'.
src/icons/Fonts/general-sans/GeneralSansVariable.tsx(388,5): error TS2339: Property 'glyph' does not exist on type 'JSX.IntrinsicElements'.
src/icons/Fonts/general-sans/GeneralSansVariable.tsx(391,5): error TS2339: Property 'glyph' does not exist on type 'JSX.IntrinsicElements'.
src/icons/Fonts/general-sans/GeneralSansVariable.tsx(395,5): error TS2339: Property 'glyph' does not exist on type 'JSX.IntrinsicElements'.
src/icons/Fonts/general-sans/GeneralSansVariable.tsx(397,5): error TS2339: Property 'glyph' does not exist on type 'JSX.IntrinsicElements'.
src/icons/Fonts/general-sans/GeneralSansVariable.tsx(399,5): error TS2339: Property 'glyph' does not exist on type 'JSX.IntrinsicElements'.
src/icons/Fonts/general-sans/GeneralSansVariable.tsx(401,5): error TS2339: Property 'glyph' does not exist on type 'JSX.IntrinsicElements'.
src/icons/Fonts/general-sans/GeneralSansVariable.tsx(403,5): error TS2339: Property 'glyph' does not exist on type 'JSX.IntrinsicElements'.
src/icons/Fonts/general-sans/GeneralSansVariable.tsx(405,5): error TS2339: Property 'glyph' does not exist on type 'JSX.IntrinsicElements'.
src/icons/Fonts/general-sans/GeneralSansVariable.tsx(407,5): error TS2339: Property 'glyph' does not exist on type 'JSX.IntrinsicElements'.
src/icons/Fonts/general-sans/GeneralSansVariable.tsx(409,5): error TS2339: Property 'glyph' does not exist on type 'JSX.IntrinsicElements'.
src/icons/Fonts/general-sans/GeneralSansVariable.tsx(412,5): error TS2339: Property 'glyph' does not exist on type 'JSX.IntrinsicElements'.
src/icons/Fonts/general-sans/GeneralSansVariable.tsx(414,5): error TS2339: Property 'glyph' does not exist on type 'JSX.IntrinsicElements'.
src/icons/Fonts/general-sans/GeneralSansVariable.tsx(416,5): error TS2339: Property 'glyph' does not exist on type 'JSX.IntrinsicElements'.
src/icons/Fonts/general-sans/GeneralSansVariable.tsx(418,5): error TS2339: Property 'glyph' does not exist on type 'JSX.IntrinsicElements'.
src/icons/Fonts/general-sans/GeneralSansVariable.tsx(420,5): error TS2339: Property 'glyph' does not exist on type 'JSX.IntrinsicElements'.
src/icons/Fonts/general-sans/GeneralSansVariable.tsx(422,5): error TS2339: Property 'glyph' does not exist on type 'JSX.IntrinsicElements'.
src/icons/Fonts/general-sans/GeneralSansVariable.tsx(424,5): error TS2339: Property 'glyph' does not exist on type 'JSX.IntrinsicElements'.
src/icons/Fonts/general-sans/GeneralSansVariable.tsx(426,5): error TS2339: Property 'glyph' does not exist on type 'JSX.IntrinsicElements'.
src/icons/Fonts/general-sans/GeneralSansVariable.tsx(428,5): error TS2339: Property 'glyph' does not exist on type 'JSX.IntrinsicElements'.
src/icons/Fonts/general-sans/GeneralSansVariable.tsx(431,5): error TS2339: Property 'glyph' does not exist on type 'JSX.IntrinsicElements'.
src/icons/Fonts/general-sans/GeneralSansVariable.tsx(433,5): error TS2339: Property 'glyph' does not exist on type 'JSX.IntrinsicElements'.
src/icons/Fonts/general-sans/GeneralSansVariable.tsx(435,5): error TS2339: Property 'glyph' does not exist on type 'JSX.IntrinsicElements'.
src/icons/Fonts/general-sans/GeneralSansVariable.tsx(437,5): error TS2339: Property 'glyph' does not exist on type 'JSX.IntrinsicElements'.
src/icons/Fonts/general-sans/GeneralSansVariable.tsx(440,5): error TS2339: Property 'glyph' does not exist on type 'JSX.IntrinsicElements'.
src/icons/Fonts/general-sans/GeneralSansVariable.tsx(443,5): error TS2339: Property 'glyph' does not exist on type 'JSX.IntrinsicElements'.
src/icons/Fonts/general-sans/GeneralSansVariable.tsx(446,5): error TS2339: Property 'glyph' does not exist on type 'JSX.IntrinsicElements'.
src/icons/Fonts/general-sans/GeneralSansVariable.tsx(449,5): error TS2339: Property 'glyph' does not exist on type 'JSX.IntrinsicElements'.
src/icons/Fonts/general-sans/GeneralSansVariable.tsx(452,5): error TS2339: Property 'glyph' does not exist on type 'JSX.IntrinsicElements'.
src/icons/Fonts/general-sans/GeneralSansVariable.tsx(455,5): error TS2339: Property 'glyph' does not exist on type 'JSX.IntrinsicElements'.
src/icons/Fonts/general-sans/GeneralSansVariable.tsx(458,5): error TS2339: Property 'glyph' does not exist on type 'JSX.IntrinsicElements'.
src/icons/Fonts/general-sans/GeneralSansVariable.tsx(461,5): error TS2339: Property 'glyph' does not exist on type 'JSX.IntrinsicElements'.
src/icons/Fonts/general-sans/GeneralSansVariable.tsx(464,5): error TS2339: Property 'glyph' does not exist on type 'JSX.IntrinsicElements'.
src/icons/Fonts/general-sans/GeneralSansVariable.tsx(467,5): error TS2339: Property 'glyph' does not exist on type 'JSX.IntrinsicElements'.
src/icons/Fonts/general-sans/GeneralSansVariable.tsx(471,5): error TS2339: Property 'glyph' does not exist on type 'JSX.IntrinsicElements'.
src/icons/Fonts/general-sans/GeneralSansVariable.tsx(474,5): error TS2339: Property 'glyph' does not exist on type 'JSX.IntrinsicElements'.
src/icons/Fonts/general-sans/GeneralSansVariable.tsx(477,5): error TS2339: Property 'glyph' does not exist on type 'JSX.IntrinsicElements'.
src/icons/Fonts/general-sans/GeneralSansVariable.tsx(480,5): error TS2339: Property 'glyph' does not exist on type 'JSX.IntrinsicElements'.
src/icons/Fonts/general-sans/GeneralSansVariable.tsx(483,5): error TS2339: Property 'glyph' does not exist on type 'JSX.IntrinsicElements'.
src/icons/Fonts/general-sans/GeneralSansVariable.tsx(485,5): error TS2339: Property 'glyph' does not exist on type 'JSX.IntrinsicElements'.
src/icons/Fonts/general-sans/GeneralSansVariable.tsx(487,5): error TS2339: Property 'glyph' does not exist on type 'JSX.IntrinsicElements'.
src/icons/Fonts/general-sans/GeneralSansVariable.tsx(489,5): error TS2339: Property 'glyph' does not exist on type 'JSX.IntrinsicElements'.
src/icons/Fonts/general-sans/GeneralSansVariable.tsx(491,5): error TS2339: Property 'glyph' does not exist on type 'JSX.IntrinsicElements'.
src/icons/Fonts/general-sans/GeneralSansVariable.tsx(494,5): error TS2339: Property 'glyph' does not exist on type 'JSX.IntrinsicElements'.
src/icons/Fonts/general-sans/GeneralSansVariable.tsx(497,5): error TS2339: Property 'glyph' does not exist on type 'JSX.IntrinsicElements'.
src/icons/Fonts/general-sans/GeneralSansVariable.tsx(500,5): error TS2339: Property 'glyph' does not exist on type 'JSX.IntrinsicElements'.
src/icons/Fonts/general-sans/GeneralSansVariable.tsx(504,5): error TS2339: Property 'glyph' does not exist on type 'JSX.IntrinsicElements'.
src/icons/Fonts/general-sans/GeneralSansVariable.tsx(507,5): error TS2339: Property 'glyph' does not exist on type 'JSX.IntrinsicElements'.
src/icons/Fonts/general-sans/GeneralSansVariable.tsx(510,5): error TS2339: Property 'glyph' does not exist on type 'JSX.IntrinsicElements'.
src/icons/Fonts/general-sans/GeneralSansVariable.tsx(512,5): error TS2339: Property 'glyph' does not exist on type 'JSX.IntrinsicElements'.
src/icons/Fonts/general-sans/GeneralSansVariable.tsx(514,5): error TS2339: Property 'glyph' does not exist on type 'JSX.IntrinsicElements'.
src/icons/Fonts/general-sans/GeneralSansVariable.tsx(517,5): error TS2339: Property 'glyph' does not exist on type 'JSX.IntrinsicElements'.
src/icons/Fonts/general-sans/GeneralSansVariable.tsx(520,5): error TS2339: Property 'glyph' does not exist on type 'JSX.IntrinsicElements'.
src/icons/Fonts/general-sans/GeneralSansVariable.tsx(522,5): error TS2339: Property 'glyph' does not exist on type 'JSX.IntrinsicElements'.
src/icons/Fonts/general-sans/GeneralSansVariable.tsx(524,5): error TS2339: Property 'glyph' does not exist on type 'JSX.IntrinsicElements'.
src/icons/Fonts/general-sans/GeneralSansVariable.tsx(526,5): error TS2339: Property 'glyph' does not exist on type 'JSX.IntrinsicElements'.
src/icons/Fonts/general-sans/GeneralSansVariable.tsx(529,5): error TS2339: Property 'glyph' does not exist on type 'JSX.IntrinsicElements'.
src/icons/Fonts/general-sans/GeneralSansVariable.tsx(531,5): error TS2339: Property 'glyph' does not exist on type 'JSX.IntrinsicElements'.
src/icons/Fonts/general-sans/GeneralSansVariable.tsx(533,5): error TS2339: Property 'glyph' does not exist on type 'JSX.IntrinsicElements'.
src/icons/Fonts/general-sans/GeneralSansVariable.tsx(535,5): error TS2339: Property 'glyph' does not exist on type 'JSX.IntrinsicElements'.
src/icons/Fonts/general-sans/GeneralSansVariable.tsx(538,5): error TS2339: Property 'glyph' does not exist on type 'JSX.IntrinsicElements'.
src/icons/Fonts/general-sans/GeneralSansVariable.tsx(541,5): error TS2339: Property 'glyph' does not exist on type 'JSX.IntrinsicElements'.
src/icons/Fonts/general-sans/GeneralSansVariable.tsx(543,5): error TS2339: Property 'glyph' does not exist on type 'JSX.IntrinsicElements'.
src/icons/Fonts/general-sans/GeneralSansVariable.tsx(545,5): error TS2339: Property 'glyph' does not exist on type 'JSX.IntrinsicElements'.
src/icons/Fonts/general-sans/GeneralSansVariable.tsx(547,5): error TS2339: Property 'glyph' does not exist on type 'JSX.IntrinsicElements'.
src/icons/Fonts/general-sans/GeneralSansVariable.tsx(549,5): error TS2339: Property 'glyph' does not exist on type 'JSX.IntrinsicElements'.
src/icons/Fonts/general-sans/GeneralSansVariable.tsx(552,5): error TS2339: Property 'glyph' does not exist on type 'JSX.IntrinsicElements'.
src/icons/Fonts/general-sans/GeneralSansVariable.tsx(554,5): error TS2339: Property 'glyph' does not exist on type 'JSX.IntrinsicElements'.
src/icons/Fonts/general-sans/GeneralSansVariable.tsx(556,5): error TS2339: Property 'glyph' does not exist on type 'JSX.IntrinsicElements'.
src/icons/Fonts/general-sans/GeneralSansVariable.tsx(558,5): error TS2339: Property 'glyph' does not exist on type 'JSX.IntrinsicElements'.
src/icons/Fonts/general-sans/GeneralSansVariable.tsx(560,5): error TS2339: Property 'glyph' does not exist on type 'JSX.IntrinsicElements'.
src/icons/Fonts/general-sans/GeneralSansVariable.tsx(562,5): error TS2339: Property 'glyph' does not exist on type 'JSX.IntrinsicElements'.
src/icons/Fonts/general-sans/GeneralSansVariable.tsx(564,5): error TS2339: Property 'glyph' does not exist on type 'JSX.IntrinsicElements'.
src/icons/Fonts/general-sans/GeneralSansVariable.tsx(566,5): error TS2339: Property 'glyph' does not exist on type 'JSX.IntrinsicElements'.
src/icons/Fonts/general-sans/GeneralSansVariable.tsx(568,5): error TS2339: Property 'glyph' does not exist on type 'JSX.IntrinsicElements'.
src/icons/Fonts/general-sans/GeneralSansVariable.tsx(570,5): error TS2339: Property 'glyph' does not exist on type 'JSX.IntrinsicElements'.
src/icons/Fonts/general-sans/GeneralSansVariable.tsx(572,5): error TS2339: Property 'glyph' does not exist on type 'JSX.IntrinsicElements'.
src/icons/Fonts/general-sans/GeneralSansVariable.tsx(574,5): error TS2339: Property 'glyph' does not exist on type 'JSX.IntrinsicElements'.
src/icons/Fonts/general-sans/GeneralSansVariable.tsx(577,5): error TS2339: Property 'glyph' does not exist on type 'JSX.IntrinsicElements'.
src/icons/Fonts/general-sans/GeneralSansVariable.tsx(579,5): error TS2339: Property 'glyph' does not exist on type 'JSX.IntrinsicElements'.
src/icons/Fonts/general-sans/GeneralSansVariable.tsx(581,5): error TS2339: Property 'glyph' does not exist on type 'JSX.IntrinsicElements'.
src/icons/Fonts/general-sans/GeneralSansVariable.tsx(584,5): error TS2339: Property 'glyph' does not exist on type 'JSX.IntrinsicElements'.
src/icons/Fonts/general-sans/GeneralSansVariable.tsx(586,5): error TS2339: Property 'glyph' does not exist on type 'JSX.IntrinsicElements'.
src/icons/Fonts/general-sans/GeneralSansVariable.tsx(588,5): error TS2339: Property 'glyph' does not exist on type 'JSX.IntrinsicElements'.
src/icons/Fonts/general-sans/GeneralSansVariable.tsx(590,5): error TS2339: Property 'glyph' does not exist on type 'JSX.IntrinsicElements'.
src/icons/Fonts/general-sans/GeneralSansVariable.tsx(592,5): error TS2339: Property 'glyph' does not exist on type 'JSX.IntrinsicElements'.
src/icons/Fonts/general-sans/GeneralSansVariable.tsx(594,5): error TS2339: Property 'glyph' does not exist on type 'JSX.IntrinsicElements'.
src/icons/Fonts/general-sans/GeneralSansVariable.tsx(597,5): error TS2339: Property 'glyph' does not exist on type 'JSX.IntrinsicElements'.
src/icons/Fonts/general-sans/GeneralSansVariable.tsx(599,5): error TS2339: Property 'glyph' does not exist on type 'JSX.IntrinsicElements'.
src/icons/Fonts/general-sans/GeneralSansVariable.tsx(602,5): error TS2339: Property 'glyph' does not exist on type 'JSX.IntrinsicElements'.
src/icons/Fonts/general-sans/GeneralSansVariable.tsx(605,5): error TS2339: Property 'glyph' does not exist on type 'JSX.IntrinsicElements'.
src/icons/Fonts/general-sans/GeneralSansVariable.tsx(607,5): error TS2339: Property 'glyph' does not exist on type 'JSX.IntrinsicElements'.
src/icons/Fonts/general-sans/GeneralSansVariable.tsx(610,5): error TS2339: Property 'glyph' does not exist on type 'JSX.IntrinsicElements'.
src/icons/Fonts/general-sans/GeneralSansVariable.tsx(613,5): error TS2339: Property 'glyph' does not exist on type 'JSX.IntrinsicElements'.
src/icons/Fonts/general-sans/GeneralSansVariable.tsx(615,5): error TS2339: Property 'glyph' does not exist on type 'JSX.IntrinsicElements'.
src/icons/Fonts/general-sans/GeneralSansVariable.tsx(617,5): error TS2339: Property 'glyph' does not exist on type 'JSX.IntrinsicElements'.
src/icons/Fonts/general-sans/GeneralSansVariable.tsx(619,5): error TS2339: Property 'glyph' does not exist on type 'JSX.IntrinsicElements'.
src/icons/Fonts/general-sans/GeneralSansVariable.tsx(622,5): error TS2339: Property 'glyph' does not exist on type 'JSX.IntrinsicElements'.
src/icons/Fonts/general-sans/GeneralSansVariable.tsx(624,5): error TS2339: Property 'glyph' does not exist on type 'JSX.IntrinsicElements'.
src/icons/Fonts/general-sans/GeneralSansVariable.tsx(627,5): error TS2339: Property 'glyph' does not exist on type 'JSX.IntrinsicElements'.
src/icons/Fonts/general-sans/GeneralSansVariable.tsx(630,5): error TS2339: Property 'glyph' does not exist on type 'JSX.IntrinsicElements'.
src/icons/Fonts/general-sans/GeneralSansVariable.tsx(632,5): error TS2339: Property 'glyph' does not exist on type 'JSX.IntrinsicElements'.
src/icons/Fonts/general-sans/GeneralSansVariable.tsx(635,5): error TS2339: Property 'glyph' does not exist on type 'JSX.IntrinsicElements'.
src/icons/Fonts/general-sans/GeneralSansVariable.tsx(638,5): error TS2339: Property 'glyph' does not exist on type 'JSX.IntrinsicElements'.
src/icons/Fonts/general-sans/GeneralSansVariable.tsx(640,5): error TS2339: Property 'glyph' does not exist on type 'JSX.IntrinsicElements'.
src/icons/Fonts/general-sans/GeneralSansVariable.tsx(642,5): error TS2339: Property 'glyph' does not exist on type 'JSX.IntrinsicElements'.
src/icons/Fonts/general-sans/GeneralSansVariable.tsx(644,5): error TS2339: Property 'glyph' does not exist on type 'JSX.IntrinsicElements'.
src/icons/Fonts/general-sans/GeneralSansVariable.tsx(647,5): error TS2339: Property 'glyph' does not exist on type 'JSX.IntrinsicElements'.
src/icons/Fonts/general-sans/GeneralSansVariable.tsx(649,5): error TS2339: Property 'glyph' does not exist on type 'JSX.IntrinsicElements'.
src/icons/Fonts/general-sans/GeneralSansVariable.tsx(652,5): error TS2339: Property 'glyph' does not exist on type 'JSX.IntrinsicElements'.
src/icons/Fonts/general-sans/GeneralSansVariable.tsx(655,5): error TS2339: Property 'glyph' does not exist on type 'JSX.IntrinsicElements'.
src/icons/Fonts/general-sans/GeneralSansVariable.tsx(657,5): error TS2339: Property 'glyph' does not exist on type 'JSX.IntrinsicElements'.
src/icons/Fonts/general-sans/GeneralSansVariable.tsx(660,5): error TS2339: Property 'glyph' does not exist on type 'JSX.IntrinsicElements'.
src/icons/Fonts/general-sans/GeneralSansVariable.tsx(663,5): error TS2339: Property 'glyph' does not exist on type 'JSX.IntrinsicElements'.
src/icons/Fonts/general-sans/GeneralSansVariable.tsx(665,5): error TS2339: Property 'glyph' does not exist on type 'JSX.IntrinsicElements'.
src/icons/Fonts/general-sans/GeneralSansVariable.tsx(667,5): error TS2339: Property 'glyph' does not exist on type 'JSX.IntrinsicElements'.
src/icons/Fonts/general-sans/GeneralSansVariable.tsx(670,5): error TS2339: Property 'glyph' does not exist on type 'JSX.IntrinsicElements'.
src/icons/Fonts/general-sans/GeneralSansVariable.tsx(673,5): error TS2339: Property 'glyph' does not exist on type 'JSX.IntrinsicElements'.
src/icons/Fonts/general-sans/GeneralSansVariable.tsx(675,5): error TS2339: Property 'glyph' does not exist on type 'JSX.IntrinsicElements'.
src/icons/Fonts/general-sans/GeneralSansVariable.tsx(678,5): error TS2339: Property 'glyph' does not exist on type 'JSX.IntrinsicElements'.
src/icons/Fonts/general-sans/GeneralSansVariable.tsx(681,5): error TS2339: Property 'glyph' does not exist on type 'JSX.IntrinsicElements'.
src/icons/Fonts/general-sans/GeneralSansVariable.tsx(683,5): error TS2339: Property 'glyph' does not exist on type 'JSX.IntrinsicElements'.
src/icons/Fonts/general-sans/GeneralSansVariable.tsx(685,5): error TS2339: Property 'glyph' does not exist on type 'JSX.IntrinsicElements'.
src/icons/Fonts/general-sans/GeneralSansVariable.tsx(687,5): error TS2339: Property 'glyph' does not exist on type 'JSX.IntrinsicElements'.
src/icons/Fonts/general-sans/GeneralSansVariable.tsx(690,5): error TS2339: Property 'glyph' does not exist on type 'JSX.IntrinsicElements'.
src/icons/Fonts/general-sans/GeneralSansVariable.tsx(692,5): error TS2339: Property 'glyph' does not exist on type 'JSX.IntrinsicElements'.
src/icons/Fonts/general-sans/GeneralSansVariable.tsx(695,5): error TS2339: Property 'glyph' does not exist on type 'JSX.IntrinsicElements'.
src/icons/Fonts/general-sans/GeneralSansVariable.tsx(698,5): error TS2339: Property 'glyph' does not exist on type 'JSX.IntrinsicElements'.
src/icons/Fonts/general-sans/GeneralSansVariable.tsx(700,5): error TS2339: Property 'glyph' does not exist on type 'JSX.IntrinsicElements'.
src/icons/Fonts/general-sans/GeneralSansVariable.tsx(703,5): error TS2339: Property 'glyph' does not exist on type 'JSX.IntrinsicElements'.
src/icons/Fonts/general-sans/GeneralSansVariable.tsx(706,5): error TS2339: Property 'glyph' does not exist on type 'JSX.IntrinsicElements'.
src/icons/Fonts/general-sans/GeneralSansVariable.tsx(709,5): error TS2339: Property 'glyph' does not exist on type 'JSX.IntrinsicElements'.
src/icons/Fonts/general-sans/GeneralSansVariable.tsx(711,5): error TS2339: Property 'glyph' does not exist on type 'JSX.IntrinsicElements'.
src/icons/Fonts/general-sans/GeneralSansVariable.tsx(713,5): error TS2339: Property 'glyph' does not exist on type 'JSX.IntrinsicElements'.
src/icons/Fonts/general-sans/GeneralSansVariable.tsx(715,5): error TS2339: Property 'glyph' does not exist on type 'JSX.IntrinsicElements'.
src/icons/Fonts/general-sans/GeneralSansVariable.tsx(718,5): error TS2339: Property 'glyph' does not exist on type 'JSX.IntrinsicElements'.
src/icons/Fonts/general-sans/GeneralSansVariable.tsx(720,5): error TS2339: Property 'glyph' does not exist on type 'JSX.IntrinsicElements'.
src/icons/Fonts/general-sans/GeneralSansVariable.tsx(723,5): error TS2339: Property 'glyph' does not exist on type 'JSX.IntrinsicElements'.
src/icons/Fonts/general-sans/GeneralSansVariable.tsx(726,5): error TS2339: Property 'glyph' does not exist on type 'JSX.IntrinsicElements'.
src/icons/Fonts/general-sans/GeneralSansVariable.tsx(728,5): error TS2339: Property 'glyph' does not exist on type 'JSX.IntrinsicElements'.
src/icons/Fonts/general-sans/GeneralSansVariable.tsx(731,5): error TS2339: Property 'glyph' does not exist on type 'JSX.IntrinsicElements'.
src/icons/Fonts/general-sans/GeneralSansVariable.tsx(734,5): error TS2339: Property 'glyph' does not exist on type 'JSX.IntrinsicElements'.
src/icons/Fonts/general-sans/GeneralSansVariable.tsx(736,5): error TS2339: Property 'glyph' does not exist on type 'JSX.IntrinsicElements'.
src/icons/Fonts/general-sans/GeneralSansVariable.tsx(738,5): error TS2339: Property 'glyph' does not exist on type 'JSX.IntrinsicElements'.
src/icons/Fonts/general-sans/GeneralSansVariable.tsx(741,5): error TS2339: Property 'glyph' does not exist on type 'JSX.IntrinsicElements'.
src/icons/Fonts/general-sans/GeneralSansVariable.tsx(743,5): error TS2339: Property 'glyph' does not exist on type 'JSX.IntrinsicElements'.
src/icons/Fonts/general-sans/GeneralSansVariable.tsx(746,5): error TS2339: Property 'glyph' does not exist on type 'JSX.IntrinsicElements'.
src/icons/Fonts/general-sans/GeneralSansVariable.tsx(748,5): error TS2339: Property 'glyph' does not exist on type 'JSX.IntrinsicElements'.
src/icons/Fonts/general-sans/GeneralSansVariable.tsx(751,5): error TS2339: Property 'glyph' does not exist on type 'JSX.IntrinsicElements'.
src/icons/Fonts/general-sans/GeneralSansVariable.tsx(753,5): error TS2339: Property 'glyph' does not exist on type 'JSX.IntrinsicElements'.
src/icons/Fonts/general-sans/GeneralSansVariable.tsx(755,5): error TS2339: Property 'glyph' does not exist on type 'JSX.IntrinsicElements'.
src/icons/Fonts/general-sans/GeneralSansVariable.tsx(757,5): error TS2339: Property 'glyph' does not exist on type 'JSX.IntrinsicElements'.
src/icons/Fonts/general-sans/GeneralSansVariable.tsx(759,5): error TS2339: Property 'glyph' does not exist on type 'JSX.IntrinsicElements'.
src/icons/Fonts/general-sans/GeneralSansVariable.tsx(761,5): error TS2339: Property 'glyph' does not exist on type 'JSX.IntrinsicElements'.
src/icons/Fonts/general-sans/GeneralSansVariable.tsx(763,5): error TS2339: Property 'glyph' does not exist on type 'JSX.IntrinsicElements'.
src/icons/Fonts/general-sans/GeneralSansVariable.tsx(766,5): error TS2339: Property 'glyph' does not exist on type 'JSX.IntrinsicElements'.
src/icons/Fonts/general-sans/GeneralSansVariable.tsx(768,5): error TS2339: Property 'glyph' does not exist on type 'JSX.IntrinsicElements'.
src/icons/Fonts/general-sans/GeneralSansVariable.tsx(770,5): error TS2339: Property 'glyph' does not exist on type 'JSX.IntrinsicElements'.
src/icons/Fonts/general-sans/GeneralSansVariable.tsx(772,5): error TS2339: Property 'glyph' does not exist on type 'JSX.IntrinsicElements'.
src/icons/Fonts/general-sans/GeneralSansVariable.tsx(774,5): error TS2339: Property 'glyph' does not exist on type 'JSX.IntrinsicElements'.
src/icons/Fonts/general-sans/GeneralSansVariable.tsx(777,5): error TS2339: Property 'glyph' does not exist on type 'JSX.IntrinsicElements'.
src/icons/Fonts/general-sans/GeneralSansVariable.tsx(780,5): error TS2339: Property 'glyph' does not exist on type 'JSX.IntrinsicElements'.
src/icons/Fonts/general-sans/GeneralSansVariable.tsx(782,5): error TS2339: Property 'glyph' does not exist on type 'JSX.IntrinsicElements'.
src/icons/Fonts/general-sans/GeneralSansVariable.tsx(784,5): error TS2339: Property 'glyph' does not exist on type 'JSX.IntrinsicElements'.
src/icons/Fonts/general-sans/GeneralSansVariable.tsx(787,5): error TS2339: Property 'glyph' does not exist on type 'JSX.IntrinsicElements'.
src/icons/Fonts/general-sans/GeneralSansVariable.tsx(789,5): error TS2339: Property 'glyph' does not exist on type 'JSX.IntrinsicElements'.
src/icons/Fonts/general-sans/GeneralSansVariable.tsx(791,5): error TS2339: Property 'glyph' does not exist on type 'JSX.IntrinsicElements'.
src/icons/Fonts/general-sans/GeneralSansVariable.tsx(794,5): error TS2339: Property 'glyph' does not exist on type 'JSX.IntrinsicElements'.
src/icons/Fonts/general-sans/GeneralSansVariable.tsx(797,5): error TS2339: Property 'glyph' does not exist on type 'JSX.IntrinsicElements'.
src/icons/Fonts/general-sans/GeneralSansVariable.tsx(799,5): error TS2339: Property 'glyph' does not exist on type 'JSX.IntrinsicElements'.
src/icons/Fonts/general-sans/GeneralSansVariable.tsx(801,5): error TS2339: Property 'glyph' does not exist on type 'JSX.IntrinsicElements'.
src/icons/Fonts/general-sans/GeneralSansVariable.tsx(803,5): error TS2339: Property 'glyph' does not exist on type 'JSX.IntrinsicElements'.
src/icons/Fonts/general-sans/GeneralSansVariable.tsx(805,5): error TS2339: Property 'glyph' does not exist on type 'JSX.IntrinsicElements'.
src/icons/Fonts/general-sans/GeneralSansVariable.tsx(807,5): error TS2339: Property 'glyph' does not exist on type 'JSX.IntrinsicElements'.
src/icons/Fonts/general-sans/GeneralSansVariable.tsx(809,5): error TS2339: Property 'glyph' does not exist on type 'JSX.IntrinsicElements'.
src/icons/Fonts/general-sans/GeneralSansVariable.tsx(811,5): error TS2339: Property 'glyph' does not exist on type 'JSX.IntrinsicElements'.
src/icons/Fonts/general-sans/GeneralSansVariable.tsx(813,5): error TS2339: Property 'glyph' does not exist on type 'JSX.IntrinsicElements'.
src/icons/Fonts/general-sans/GeneralSansVariable.tsx(815,5): error TS2339: Property 'glyph' does not exist on type 'JSX.IntrinsicElements'.
src/icons/Fonts/general-sans/GeneralSansVariable.tsx(817,5): error TS2339: Property 'glyph' does not exist on type 'JSX.IntrinsicElements'.
src/icons/Fonts/general-sans/GeneralSansVariable.tsx(819,5): error TS2339: Property 'glyph' does not exist on type 'JSX.IntrinsicElements'.
src/icons/Fonts/general-sans/GeneralSansVariable.tsx(821,5): error TS2339: Property 'glyph' does not exist on type 'JSX.IntrinsicElements'.
src/icons/Fonts/general-sans/GeneralSansVariable.tsx(824,5): error TS2339: Property 'glyph' does not exist on type 'JSX.IntrinsicElements'.
src/icons/Fonts/general-sans/GeneralSansVariable.tsx(827,5): error TS2339: Property 'glyph' does not exist on type 'JSX.IntrinsicElements'.
src/icons/Fonts/general-sans/GeneralSansVariable.tsx(830,5): error TS2339: Property 'glyph' does not exist on type 'JSX.IntrinsicElements'.
src/icons/Fonts/general-sans/GeneralSansVariable.tsx(832,5): error TS2339: Property 'glyph' does not exist on type 'JSX.IntrinsicElements'.
src/icons/Fonts/general-sans/GeneralSansVariable.tsx(834,5): error TS2339: Property 'glyph' does not exist on type 'JSX.IntrinsicElements'.
src/icons/Fonts/general-sans/GeneralSansVariable.tsx(836,5): error TS2339: Property 'glyph' does not exist on type 'JSX.IntrinsicElements'.
src/icons/Fonts/general-sans/GeneralSansVariable.tsx(839,5): error TS2339: Property 'glyph' does not exist on type 'JSX.IntrinsicElements'.
src/icons/Fonts/general-sans/GeneralSansVariable.tsx(842,5): error TS2339: Property 'glyph' does not exist on type 'JSX.IntrinsicElements'.
src/icons/Fonts/general-sans/GeneralSansVariable.tsx(845,5): error TS2339: Property 'glyph' does not exist on type 'JSX.IntrinsicElements'.
src/icons/Fonts/general-sans/GeneralSansVariable.tsx(848,5): error TS2339: Property 'glyph' does not exist on type 'JSX.IntrinsicElements'.
src/icons/Fonts/general-sans/GeneralSansVariable.tsx(851,5): error TS2339: Property 'glyph' does not exist on type 'JSX.IntrinsicElements'.
src/icons/Fonts/general-sans/GeneralSansVariable.tsx(853,5): error TS2339: Property 'glyph' does not exist on type 'JSX.IntrinsicElements'.
src/icons/Fonts/general-sans/GeneralSansVariable.tsx(855,5): error TS2339: Property 'glyph' does not exist on type 'JSX.IntrinsicElements'.
src/icons/Fonts/general-sans/GeneralSansVariable.tsx(857,5): error TS2339: Property 'glyph' does not exist on type 'JSX.IntrinsicElements'.
src/icons/Fonts/general-sans/GeneralSansVariable.tsx(860,5): error TS2339: Property 'glyph' does not exist on type 'JSX.IntrinsicElements'.
src/icons/Fonts/general-sans/GeneralSansVariable.tsx(862,5): error TS2339: Property 'glyph' does not exist on type 'JSX.IntrinsicElements'.
src/icons/Fonts/general-sans/GeneralSansVariable.tsx(864,5): error TS2339: Property 'glyph' does not exist on type 'JSX.IntrinsicElements'.
src/icons/Fonts/general-sans/GeneralSansVariable.tsx(866,5): error TS2339: Property 'glyph' does not exist on type 'JSX.IntrinsicElements'.
src/icons/Fonts/general-sans/GeneralSansVariable.tsx(868,5): error TS2339: Property 'glyph' does not exist on type 'JSX.IntrinsicElements'.
src/icons/Fonts/general-sans/GeneralSansVariable.tsx(870,5): error TS2339: Property 'glyph' does not exist on type 'JSX.IntrinsicElements'.
src/icons/Fonts/general-sans/GeneralSansVariable.tsx(872,5): error TS2339: Property 'glyph' does not exist on type 'JSX.IntrinsicElements'.
src/icons/Fonts/general-sans/GeneralSansVariable.tsx(874,5): error TS2339: Property 'glyph' does not exist on type 'JSX.IntrinsicElements'.
src/icons/Fonts/general-sans/GeneralSansVariable.tsx(876,5): error TS2339: Property 'glyph' does not exist on type 'JSX.IntrinsicElements'.
src/icons/Fonts/general-sans/GeneralSansVariable.tsx(878,5): error TS2339: Property 'glyph' does not exist on type 'JSX.IntrinsicElements'.
src/icons/Fonts/general-sans/GeneralSansVariable.tsx(880,5): error TS2339: Property 'glyph' does not exist on type 'JSX.IntrinsicElements'.
src/icons/Fonts/general-sans/GeneralSansVariable.tsx(882,5): error TS2339: Property 'glyph' does not exist on type 'JSX.IntrinsicElements'.
src/icons/Fonts/general-sans/GeneralSansVariable.tsx(884,5): error TS2339: Property 'glyph' does not exist on type 'JSX.IntrinsicElements'.
src/icons/Fonts/general-sans/GeneralSansVariable.tsx(886,5): error TS2339: Property 'glyph' does not exist on type 'JSX.IntrinsicElements'.
src/icons/Fonts/general-sans/GeneralSansVariable.tsx(888,5): error TS2339: Property 'glyph' does not exist on type 'JSX.IntrinsicElements'.
src/icons/Fonts/general-sans/GeneralSansVariable.tsx(891,5): error TS2339: Property 'glyph' does not exist on type 'JSX.IntrinsicElements'.
src/icons/Fonts/general-sans/GeneralSansVariable.tsx(893,5): error TS2339: Property 'glyph' does not exist on type 'JSX.IntrinsicElements'.
src/icons/Fonts/general-sans/GeneralSansVariable.tsx(895,5): error TS2339: Property 'glyph' does not exist on type 'JSX.IntrinsicElements'.
src/icons/Fonts/general-sans/GeneralSansVariable.tsx(899,5): error TS2339: Property 'glyph' does not exist on type 'JSX.IntrinsicElements'.
src/icons/Fonts/general-sans/GeneralSansVariable.tsx(901,5): error TS2339: Property 'glyph' does not exist on type 'JSX.IntrinsicElements'.
src/icons/Fonts/general-sans/GeneralSansVariable.tsx(903,5): error TS2339: Property 'glyph' does not exist on type 'JSX.IntrinsicElements'.
src/icons/Fonts/general-sans/GeneralSansVariable.tsx(905,5): error TS2339: Property 'glyph' does not exist on type 'JSX.IntrinsicElements'.
src/icons/Fonts/general-sans/GeneralSansVariable.tsx(907,5): error TS2339: Property 'glyph' does not exist on type 'JSX.IntrinsicElements'.
src/icons/Fonts/general-sans/GeneralSansVariable.tsx(909,5): error TS2339: Property 'glyph' does not exist on type 'JSX.IntrinsicElements'.
src/icons/Fonts/general-sans/GeneralSansVariable.tsx(912,5): error TS2339: Property 'glyph' does not exist on type 'JSX.IntrinsicElements'.
src/icons/Fonts/general-sans/GeneralSansVariable.tsx(914,5): error TS2339: Property 'glyph' does not exist on type 'JSX.IntrinsicElements'.
src/icons/Fonts/general-sans/GeneralSansVariable.tsx(918,5): error TS2339: Property 'glyph' does not exist on type 'JSX.IntrinsicElements'.
src/icons/Fonts/general-sans/GeneralSansVariable.tsx(923,5): error TS2339: Property 'glyph' does not exist on type 'JSX.IntrinsicElements'.
src/icons/Fonts/general-sans/GeneralSansVariable.tsx(925,5): error TS2339: Property 'glyph' does not exist on type 'JSX.IntrinsicElements'.
src/icons/Fonts/general-sans/GeneralSansVariable.tsx(929,5): error TS2339: Property 'glyph' does not exist on type 'JSX.IntrinsicElements'.
src/icons/Fonts/general-sans/GeneralSansVariable.tsx(932,5): error TS2339: Property 'glyph' does not exist on type 'JSX.IntrinsicElements'.
src/icons/Fonts/general-sans/GeneralSansVariable.tsx(934,5): error TS2339: Property 'glyph' does not exist on type 'JSX.IntrinsicElements'.
src/icons/Fonts/general-sans/GeneralSansVariable.tsx(938,5): error TS2339: Property 'glyph' does not exist on type 'JSX.IntrinsicElements'.
src/icons/Fonts/general-sans/GeneralSansVariable.tsx(942,5): error TS2339: Property 'glyph' does not exist on type 'JSX.IntrinsicElements'.
src/icons/Fonts/general-sans/GeneralSansVariable.tsx(946,5): error TS2339: Property 'glyph' does not exist on type 'JSX.IntrinsicElements'.
src/icons/Fonts/general-sans/GeneralSansVariable.tsx(948,5): error TS2339: Property 'glyph' does not exist on type 'JSX.IntrinsicElements'.
src/icons/Fonts/general-sans/GeneralSansVariable.tsx(951,5): error TS2339: Property 'glyph' does not exist on type 'JSX.IntrinsicElements'.
src/icons/Fonts/general-sans/GeneralSansVariable.tsx(953,5): error TS2339: Property 'glyph' does not exist on type 'JSX.IntrinsicElements'.
src/icons/Fonts/general-sans/GeneralSansVariable.tsx(955,5): error TS2339: Property 'glyph' does not exist on type 'JSX.IntrinsicElements'.
src/icons/Fonts/general-sans/GeneralSansVariable.tsx(957,5): error TS2339: Property 'glyph' does not exist on type 'JSX.IntrinsicElements'.
src/icons/Fonts/general-sans/GeneralSansVariable.tsx(959,5): error TS2339: Property 'glyph' does not exist on type 'JSX.IntrinsicElements'.
src/icons/Fonts/general-sans/GeneralSansVariable.tsx(962,5): error TS2339: Property 'glyph' does not exist on type 'JSX.IntrinsicElements'.
src/icons/Fonts/general-sans/GeneralSansVariable.tsx(964,5): error TS2339: Property 'glyph' does not exist on type 'JSX.IntrinsicElements'.
src/icons/Fonts/general-sans/GeneralSansVariable.tsx(966,5): error TS2339: Property 'glyph' does not exist on type 'JSX.IntrinsicElements'.
src/icons/Fonts/general-sans/GeneralSansVariable.tsx(968,5): error TS2339: Property 'glyph' does not exist on type 'JSX.IntrinsicElements'.
src/icons/Fonts/general-sans/GeneralSansVariable.tsx(970,5): error TS2339: Property 'glyph' does not exist on type 'JSX.IntrinsicElements'.
src/icons/Fonts/general-sans/GeneralSansVariable.tsx(972,5): error TS2339: Property 'glyph' does not exist on type 'JSX.IntrinsicElements'.
src/icons/Fonts/general-sans/GeneralSansVariable.tsx(974,5): error TS2339: Property 'glyph' does not exist on type 'JSX.IntrinsicElements'.
src/icons/Fonts/general-sans/GeneralSansVariable.tsx(976,5): error TS2339: Property 'glyph' does not exist on type 'JSX.IntrinsicElements'.
src/icons/Fonts/general-sans/GeneralSansVariable.tsx(978,5): error TS2339: Property 'glyph' does not exist on type 'JSX.IntrinsicElements'.
src/icons/Fonts/general-sans/GeneralSansVariable.tsx(980,5): error TS2339: Property 'glyph' does not exist on type 'JSX.IntrinsicElements'.
src/icons/Fonts/general-sans/GeneralSansVariable.tsx(982,5): error TS2339: Property 'glyph' does not exist on type 'JSX.IntrinsicElements'.
src/icons/Fonts/general-sans/GeneralSansVariable.tsx(984,5): error TS2339: Property 'glyph' does not exist on type 'JSX.IntrinsicElements'.
src/icons/Fonts/general-sans/GeneralSansVariable.tsx(986,5): error TS2339: Property 'glyph' does not exist on type 'JSX.IntrinsicElements'.
src/icons/Fonts/general-sans/GeneralSansVariable.tsx(988,5): error TS2339: Property 'glyph' does not exist on type 'JSX.IntrinsicElements'.
src/icons/Fonts/general-sans/GeneralSansVariable.tsx(990,5): error TS2339: Property 'glyph' does not exist on type 'JSX.IntrinsicElements'.
src/icons/Fonts/general-sans/GeneralSansVariable.tsx(992,5): error TS2339: Property 'glyph' does not exist on type 'JSX.IntrinsicElements'.
src/icons/Fonts/general-sans/GeneralSansVariable.tsx(994,5): error TS2339: Property 'glyph' does not exist on type 'JSX.IntrinsicElements'.
src/icons/Fonts/general-sans/GeneralSansVariable.tsx(996,5): error TS2339: Property 'glyph' does not exist on type 'JSX.IntrinsicElements'.
src/icons/Fonts/general-sans/GeneralSansVariable.tsx(998,5): error TS2339: Property 'glyph' does not exist on type 'JSX.IntrinsicElements'.
src/icons/Fonts/general-sans/GeneralSansVariable.tsx(1000,5): error TS2339: Property 'glyph' does not exist on type 'JSX.IntrinsicElements'.
src/icons/Fonts/general-sans/GeneralSansVariable.tsx(1002,5): error TS2339: Property 'glyph' does not exist on type 'JSX.IntrinsicElements'.
src/icons/Fonts/general-sans/GeneralSansVariable.tsx(1004,5): error TS2339: Property 'glyph' does not exist on type 'JSX.IntrinsicElements'.
src/icons/Fonts/general-sans/GeneralSansVariable.tsx(1006,5): error TS2339: Property 'glyph' does not exist on type 'JSX.IntrinsicElements'.
src/icons/Fonts/general-sans/GeneralSansVariable.tsx(1008,5): error TS2339: Property 'glyph' does not exist on type 'JSX.IntrinsicElements'.
src/icons/Fonts/general-sans/GeneralSansVariable.tsx(1010,5): error TS2339: Property 'glyph' does not exist on type 'JSX.IntrinsicElements'.
src/icons/Fonts/general-sans/GeneralSansVariable.tsx(1012,5): error TS2339: Property 'glyph' does not exist on type 'JSX.IntrinsicElements'.
src/icons/Fonts/general-sans/GeneralSansVariable.tsx(1014,5): error TS2339: Property 'glyph' does not exist on type 'JSX.IntrinsicElements'.
src/icons/Fonts/general-sans/GeneralSansVariable.tsx(1016,5): error TS2339: Property 'glyph' does not exist on type 'JSX.IntrinsicElements'.
src/icons/Fonts/general-sans/GeneralSansVariable.tsx(1018,5): error TS2339: Property 'glyph' does not exist on type 'JSX.IntrinsicElements'.
src/icons/Fonts/general-sans/GeneralSansVariable.tsx(1020,5): error TS2339: Property 'glyph' does not exist on type 'JSX.IntrinsicElements'.
src/icons/Fonts/general-sans/GeneralSansVariable.tsx(1022,5): error TS2339: Property 'glyph' does not exist on type 'JSX.IntrinsicElements'.
src/icons/Fonts/general-sans/GeneralSansVariable.tsx(1024,5): error TS2339: Property 'glyph' does not exist on type 'JSX.IntrinsicElements'.
src/icons/Fonts/general-sans/GeneralSansVariable.tsx(1026,5): error TS2339: Property 'glyph' does not exist on type 'JSX.IntrinsicElements'.
src/icons/Fonts/general-sans/GeneralSansVariable.tsx(1028,5): error TS2339: Property 'glyph' does not exist on type 'JSX.IntrinsicElements'.
src/icons/Fonts/general-sans/GeneralSansVariable.tsx(1030,5): error TS2339: Property 'glyph' does not exist on type 'JSX.IntrinsicElements'.
src/icons/Fonts/general-sans/GeneralSansVariable.tsx(1032,5): error TS2339: Property 'glyph' does not exist on type 'JSX.IntrinsicElements'.
src/icons/Fonts/general-sans/GeneralSansVariable.tsx(1034,5): error TS2339: Property 'glyph' does not exist on type 'JSX.IntrinsicElements'.
src/icons/Fonts/general-sans/GeneralSansVariable.tsx(1036,5): error TS2339: Property 'glyph' does not exist on type 'JSX.IntrinsicElements'.
src/icons/Fonts/general-sans/GeneralSansVariable.tsx(1038,5): error TS2339: Property 'glyph' does not exist on type 'JSX.IntrinsicElements'.
src/icons/Fonts/general-sans/GeneralSansVariable.tsx(1040,5): error TS2339: Property 'glyph' does not exist on type 'JSX.IntrinsicElements'.
src/icons/Fonts/general-sans/GeneralSansVariable.tsx(1042,5): error TS2339: Property 'glyph' does not exist on type 'JSX.IntrinsicElements'.
src/icons/Fonts/general-sans/GeneralSansVariable.tsx(1044,5): error TS2339: Property 'glyph' does not exist on type 'JSX.IntrinsicElements'.
src/icons/Fonts/general-sans/GeneralSansVariable.tsx(1046,5): error TS2339: Property 'glyph' does not exist on type 'JSX.IntrinsicElements'.
src/icons/Fonts/general-sans/GeneralSansVariable.tsx(1048,5): error TS2339: Property 'glyph' does not exist on type 'JSX.IntrinsicElements'.
src/icons/Fonts/general-sans/GeneralSansVariable.tsx(1050,5): error TS2339: Property 'glyph' does not exist on type 'JSX.IntrinsicElements'.
src/icons/Fonts/general-sans/GeneralSansVariable.tsx(1052,5): error TS2339: Property 'glyph' does not exist on type 'JSX.IntrinsicElements'.
src/icons/Fonts/general-sans/GeneralSansVariable.tsx(1055,5): error TS2339: Property 'glyph' does not exist on type 'JSX.IntrinsicElements'.
src/icons/Fonts/general-sans/GeneralSansVariable.tsx(1057,5): error TS2339: Property 'glyph' does not exist on type 'JSX.IntrinsicElements'.
src/icons/Fonts/general-sans/GeneralSansVariable.tsx(1059,5): error TS2339: Property 'glyph' does not exist on type 'JSX.IntrinsicElements'.
src/icons/Fonts/general-sans/GeneralSansVariable.tsx(1062,5): error TS2339: Property 'glyph' does not exist on type 'JSX.IntrinsicElements'.
src/icons/Fonts/general-sans/GeneralSansVariable.tsx(1065,5): error TS2339: Property 'glyph' does not exist on type 'JSX.IntrinsicElements'.
src/icons/Fonts/general-sans/GeneralSansVariable.tsx(1068,5): error TS2339: Property 'glyph' does not exist on type 'JSX.IntrinsicElements'.
src/icons/Fonts/general-sans/GeneralSansVariable.tsx(1071,5): error TS2339: Property 'glyph' does not exist on type 'JSX.IntrinsicElements'.
src/icons/Fonts/general-sans/GeneralSansVariable.tsx(1074,5): error TS2339: Property 'glyph' does not exist on type 'JSX.IntrinsicElements'.
src/icons/Fonts/general-sans/GeneralSansVariable.tsx(1077,5): error TS2339: Property 'glyph' does not exist on type 'JSX.IntrinsicElements'.
src/icons/Fonts/general-sans/GeneralSansVariable.tsx(1080,5): error TS2339: Property 'glyph' does not exist on type 'JSX.IntrinsicElements'.
src/icons/Fonts/general-sans/GeneralSansVariable.tsx(1083,5): error TS2339: Property 'glyph' does not exist on type 'JSX.IntrinsicElements'.
src/icons/Fonts/general-sans/GeneralSansVariable.tsx(1086,5): error TS2339: Property 'glyph' does not exist on type 'JSX.IntrinsicElements'.
src/icons/Fonts/general-sans/GeneralSansVariable.tsx(1089,5): error TS2339: Property 'hkern' does not exist on type 'JSX.IntrinsicElements'.
src/icons/Fonts/general-sans/GeneralSansVariable.tsx(1090,5): error TS2339: Property 'hkern' does not exist on type 'JSX.IntrinsicElements'.
src/icons/Fonts/general-sans/GeneralSansVariable.tsx(1091,5): error TS2339: Property 'hkern' does not exist on type 'JSX.IntrinsicElements'.
src/icons/Fonts/general-sans/GeneralSansVariable.tsx(1092,5): error TS2339: Property 'hkern' does not exist on type 'JSX.IntrinsicElements'.
src/icons/Fonts/general-sans/GeneralSansVariable.tsx(1093,5): error TS2339: Property 'hkern' does not exist on type 'JSX.IntrinsicElements'.
src/icons/Fonts/general-sans/GeneralSansVariable.tsx(1094,5): error TS2339: Property 'hkern' does not exist on type 'JSX.IntrinsicElements'.
src/icons/Fonts/general-sans/GeneralSansVariable.tsx(1095,5): error TS2339: Property 'hkern' does not exist on type 'JSX.IntrinsicElements'.
src/icons/Fonts/general-sans/GeneralSansVariable.tsx(1096,5): error TS2339: Property 'hkern' does not exist on type 'JSX.IntrinsicElements'.
src/icons/Fonts/general-sans/GeneralSansVariable.tsx(1097,5): error TS2339: Property 'hkern' does not exist on type 'JSX.IntrinsicElements'.
src/icons/Fonts/general-sans/GeneralSansVariable.tsx(1098,5): error TS2339: Property 'hkern' does not exist on type 'JSX.IntrinsicElements'.
src/icons/Fonts/general-sans/GeneralSansVariable.tsx(1099,5): error TS2339: Property 'hkern' does not exist on type 'JSX.IntrinsicElements'.
src/icons/Fonts/general-sans/GeneralSansVariable.tsx(1100,5): error TS2339: Property 'hkern' does not exist on type 'JSX.IntrinsicElements'.
src/icons/Fonts/general-sans/GeneralSansVariable.tsx(1101,5): error TS2339: Property 'hkern' does not exist on type 'JSX.IntrinsicElements'.
src/icons/Fonts/general-sans/GeneralSansVariable.tsx(1102,5): error TS2339: Property 'hkern' does not exist on type 'JSX.IntrinsicElements'.
src/icons/Fonts/general-sans/GeneralSansVariable.tsx(1103,5): error TS2339: Property 'hkern' does not exist on type 'JSX.IntrinsicElements'.
src/icons/Fonts/general-sans/GeneralSansVariable.tsx(1104,5): error TS2339: Property 'hkern' does not exist on type 'JSX.IntrinsicElements'.
src/icons/Fonts/general-sans/GeneralSansVariable.tsx(1105,5): error TS2339: Property 'hkern' does not exist on type 'JSX.IntrinsicElements'.
src/icons/Fonts/general-sans/GeneralSansVariable.tsx(1106,5): error TS2339: Property 'hkern' does not exist on type 'JSX.IntrinsicElements'.
src/icons/Fonts/general-sans/GeneralSansVariable.tsx(1107,5): error TS2339: Property 'hkern' does not exist on type 'JSX.IntrinsicElements'.
src/icons/Fonts/general-sans/GeneralSansVariable.tsx(1108,5): error TS2339: Property 'hkern' does not exist on type 'JSX.IntrinsicElements'.
src/icons/Fonts/general-sans/GeneralSansVariable.tsx(1109,5): error TS2339: Property 'hkern' does not exist on type 'JSX.IntrinsicElements'.
src/icons/Fonts/general-sans/GeneralSansVariable.tsx(1110,5): error TS2339: Property 'hkern' does not exist on type 'JSX.IntrinsicElements'.
src/icons/Fonts/general-sans/GeneralSansVariable.tsx(1111,5): error TS2339: Property 'hkern' does not exist on type 'JSX.IntrinsicElements'.
src/icons/Fonts/general-sans/GeneralSansVariable.tsx(1112,5): error TS2339: Property 'hkern' does not exist on type 'JSX.IntrinsicElements'.
src/icons/Fonts/general-sans/GeneralSansVariable.tsx(1113,5): error TS2339: Property 'hkern' does not exist on type 'JSX.IntrinsicElements'.
src/icons/Fonts/general-sans/GeneralSansVariable.tsx(1114,5): error TS2339: Property 'hkern' does not exist on type 'JSX.IntrinsicElements'.
src/icons/Fonts/general-sans/GeneralSansVariable.tsx(1115,5): error TS2339: Property 'hkern' does not exist on type 'JSX.IntrinsicElements'.
src/icons/Fonts/general-sans/GeneralSansVariable.tsx(1116,5): error TS2339: Property 'hkern' does not exist on type 'JSX.IntrinsicElements'.
src/icons/Fonts/general-sans/GeneralSansVariable.tsx(1117,5): error TS2339: Property 'hkern' does not exist on type 'JSX.IntrinsicElements'.
src/icons/Fonts/general-sans/GeneralSansVariable.tsx(1118,5): error TS2339: Property 'hkern' does not exist on type 'JSX.IntrinsicElements'.
src/icons/Fonts/general-sans/GeneralSansVariable.tsx(1119,5): error TS2339: Property 'hkern' does not exist on type 'JSX.IntrinsicElements'.
src/icons/Fonts/general-sans/GeneralSansVariable.tsx(1120,5): error TS2339: Property 'hkern' does not exist on type 'JSX.IntrinsicElements'.
src/icons/Fonts/general-sans/GeneralSansVariable.tsx(1121,5): error TS2339: Property 'hkern' does not exist on type 'JSX.IntrinsicElements'.
src/icons/Fonts/general-sans/GeneralSansVariable.tsx(1122,5): error TS2339: Property 'hkern' does not exist on type 'JSX.IntrinsicElements'.
src/icons/Fonts/general-sans/GeneralSansVariable.tsx(1123,5): error TS2339: Property 'hkern' does not exist on type 'JSX.IntrinsicElements'.
src/icons/Fonts/general-sans/GeneralSansVariable.tsx(1124,5): error TS2339: Property 'hkern' does not exist on type 'JSX.IntrinsicElements'.
src/icons/Fonts/general-sans/GeneralSansVariable.tsx(1125,5): error TS2339: Property 'hkern' does not exist on type 'JSX.IntrinsicElements'.
src/icons/Fonts/general-sans/GeneralSansVariable.tsx(1126,5): error TS2339: Property 'hkern' does not exist on type 'JSX.IntrinsicElements'.
src/icons/Fonts/general-sans/GeneralSansVariable.tsx(1127,5): error TS2339: Property 'hkern' does not exist on type 'JSX.IntrinsicElements'.
src/icons/Fonts/general-sans/GeneralSansVariable.tsx(1128,5): error TS2339: Property 'hkern' does not exist on type 'JSX.IntrinsicElements'.
src/icons/Fonts/general-sans/GeneralSansVariable.tsx(1129,5): error TS2339: Property 'hkern' does not exist on type 'JSX.IntrinsicElements'.
src/icons/Fonts/general-sans/GeneralSansVariable.tsx(1130,5): error TS2339: Property 'hkern' does not exist on type 'JSX.IntrinsicElements'.
src/icons/Fonts/general-sans/GeneralSansVariable.tsx(1131,5): error TS2339: Property 'hkern' does not exist on type 'JSX.IntrinsicElements'.
src/icons/Fonts/general-sans/GeneralSansVariable.tsx(1132,5): error TS2339: Property 'hkern' does not exist on type 'JSX.IntrinsicElements'.
src/icons/Fonts/general-sans/GeneralSansVariable.tsx(1133,5): error TS2339: Property 'hkern' does not exist on type 'JSX.IntrinsicElements'.
src/icons/Fonts/general-sans/GeneralSansVariable.tsx(1134,5): error TS2339: Property 'hkern' does not exist on type 'JSX.IntrinsicElements'.
src/icons/Fonts/general-sans/GeneralSansVariable.tsx(1135,5): error TS2339: Property 'hkern' does not exist on type 'JSX.IntrinsicElements'.
src/icons/Fonts/general-sans/GeneralSansVariable.tsx(1136,5): error TS2339: Property 'hkern' does not exist on type 'JSX.IntrinsicElements'.
src/icons/Fonts/general-sans/GeneralSansVariable.tsx(1137,5): error TS2339: Property 'hkern' does not exist on type 'JSX.IntrinsicElements'.
src/icons/Fonts/general-sans/GeneralSansVariable.tsx(1138,5): error TS2339: Property 'hkern' does not exist on type 'JSX.IntrinsicElements'.
src/icons/Fonts/general-sans/GeneralSansVariable.tsx(1139,5): error TS2339: Property 'hkern' does not exist on type 'JSX.IntrinsicElements'.
src/icons/Fonts/general-sans/GeneralSansVariable.tsx(1140,5): error TS2339: Property 'hkern' does not exist on type 'JSX.IntrinsicElements'.
src/icons/Fonts/general-sans/GeneralSansVariable.tsx(1141,5): error TS2339: Property 'hkern' does not exist on type 'JSX.IntrinsicElements'.
src/icons/Fonts/general-sans/GeneralSansVariable.tsx(1142,5): error TS2339: Property 'hkern' does not exist on type 'JSX.IntrinsicElements'.
src/icons/Fonts/general-sans/GeneralSansVariable.tsx(1143,5): error TS2339: Property 'hkern' does not exist on type 'JSX.IntrinsicElements'.
src/icons/Fonts/general-sans/GeneralSansVariable.tsx(1144,5): error TS2339: Property 'hkern' does not exist on type 'JSX.IntrinsicElements'.
src/icons/Fonts/general-sans/GeneralSansVariable.tsx(1145,5): error TS2339: Property 'hkern' does not exist on type 'JSX.IntrinsicElements'.
src/icons/Fonts/general-sans/GeneralSansVariable.tsx(1146,5): error TS2339: Property 'hkern' does not exist on type 'JSX.IntrinsicElements'.
src/icons/Fonts/general-sans/GeneralSansVariable.tsx(1147,5): error TS2339: Property 'hkern' does not exist on type 'JSX.IntrinsicElements'.
src/icons/Fonts/general-sans/GeneralSansVariable.tsx(1148,5): error TS2339: Property 'hkern' does not exist on type 'JSX.IntrinsicElements'.
src/icons/Fonts/general-sans/GeneralSansVariable.tsx(1149,5): error TS2339: Property 'hkern' does not exist on type 'JSX.IntrinsicElements'.
src/icons/Fonts/general-sans/GeneralSansVariable.tsx(1150,5): error TS2339: Property 'hkern' does not exist on type 'JSX.IntrinsicElements'.
src/icons/Fonts/general-sans/GeneralSansVariable.tsx(1151,5): error TS2339: Property 'hkern' does not exist on type 'JSX.IntrinsicElements'.
src/icons/Fonts/general-sans/GeneralSansVariable.tsx(1152,5): error TS2339: Property 'hkern' does not exist on type 'JSX.IntrinsicElements'.
src/icons/Fonts/general-sans/GeneralSansVariable.tsx(1153,5): error TS2339: Property 'hkern' does not exist on type 'JSX.IntrinsicElements'.
src/icons/Fonts/general-sans/GeneralSansVariable.tsx(1154,5): error TS2339: Property 'hkern' does not exist on type 'JSX.IntrinsicElements'.
src/icons/Fonts/general-sans/GeneralSansVariable.tsx(1155,5): error TS2339: Property 'hkern' does not exist on type 'JSX.IntrinsicElements'.
src/icons/Fonts/general-sans/GeneralSansVariable.tsx(1156,5): error TS2339: Property 'hkern' does not exist on type 'JSX.IntrinsicElements'.
src/icons/Fonts/general-sans/GeneralSansVariable.tsx(1157,5): error TS2339: Property 'hkern' does not exist on type 'JSX.IntrinsicElements'.
src/icons/Fonts/general-sans/GeneralSansVariable.tsx(1158,5): error TS2339: Property 'hkern' does not exist on type 'JSX.IntrinsicElements'.
src/icons/Fonts/general-sans/GeneralSansVariable.tsx(1159,5): error TS2339: Property 'hkern' does not exist on type 'JSX.IntrinsicElements'.
src/icons/Fonts/general-sans/GeneralSansVariable.tsx(1160,5): error TS2339: Property 'hkern' does not exist on type 'JSX.IntrinsicElements'.
src/icons/Fonts/general-sans/GeneralSansVariable.tsx(1161,5): error TS2339: Property 'hkern' does not exist on type 'JSX.IntrinsicElements'.
src/icons/Fonts/general-sans/GeneralSansVariable.tsx(1162,5): error TS2339: Property 'hkern' does not exist on type 'JSX.IntrinsicElements'.
src/icons/Fonts/general-sans/GeneralSansVariable.tsx(1163,5): error TS2339: Property 'hkern' does not exist on type 'JSX.IntrinsicElements'.
src/icons/Fonts/general-sans/GeneralSansVariable.tsx(1164,5): error TS2339: Property 'hkern' does not exist on type 'JSX.IntrinsicElements'.
src/icons/Fonts/general-sans/GeneralSansVariable.tsx(1165,5): error TS2339: Property 'hkern' does not exist on type 'JSX.IntrinsicElements'.
src/icons/Fonts/general-sans/GeneralSansVariable.tsx(1166,5): error TS2339: Property 'hkern' does not exist on type 'JSX.IntrinsicElements'.
src/icons/Fonts/general-sans/GeneralSansVariable.tsx(1167,5): error TS2339: Property 'hkern' does not exist on type 'JSX.IntrinsicElements'.
src/icons/Fonts/general-sans/GeneralSansVariable.tsx(1168,5): error TS2339: Property 'hkern' does not exist on type 'JSX.IntrinsicElements'.
src/icons/Fonts/general-sans/GeneralSansVariable.tsx(1169,5): error TS2339: Property 'hkern' does not exist on type 'JSX.IntrinsicElements'.
src/icons/Fonts/general-sans/GeneralSansVariable.tsx(1170,5): error TS2339: Property 'hkern' does not exist on type 'JSX.IntrinsicElements'.
src/icons/Fonts/general-sans/GeneralSansVariable.tsx(1171,5): error TS2339: Property 'hkern' does not exist on type 'JSX.IntrinsicElements'.
src/icons/Fonts/general-sans/GeneralSansVariable.tsx(1172,5): error TS2339: Property 'hkern' does not exist on type 'JSX.IntrinsicElements'.
src/icons/Fonts/general-sans/GeneralSansVariable.tsx(1173,5): error TS2339: Property 'hkern' does not exist on type 'JSX.IntrinsicElements'.
src/icons/Fonts/general-sans/GeneralSansVariable.tsx(1174,5): error TS2339: Property 'hkern' does not exist on type 'JSX.IntrinsicElements'.
src/icons/Fonts/general-sans/GeneralSansVariable.tsx(1175,5): error TS2339: Property 'hkern' does not exist on type 'JSX.IntrinsicElements'.
src/icons/Fonts/general-sans/GeneralSansVariable.tsx(1176,5): error TS2339: Property 'hkern' does not exist on type 'JSX.IntrinsicElements'.
src/icons/Fonts/general-sans/GeneralSansVariable.tsx(1177,5): error TS2339: Property 'hkern' does not exist on type 'JSX.IntrinsicElements'.
src/icons/Fonts/general-sans/GeneralSansVariable.tsx(1178,5): error TS2339: Property 'hkern' does not exist on type 'JSX.IntrinsicElements'.
src/icons/Fonts/general-sans/GeneralSansVariable.tsx(1179,5): error TS2339: Property 'hkern' does not exist on type 'JSX.IntrinsicElements'.
src/icons/Fonts/general-sans/GeneralSansVariable.tsx(1180,5): error TS2339: Property 'hkern' does not exist on type 'JSX.IntrinsicElements'.
src/icons/Fonts/general-sans/GeneralSansVariable.tsx(1181,5): error TS2339: Property 'hkern' does not exist on type 'JSX.IntrinsicElements'.
src/icons/Fonts/general-sans/GeneralSansVariable.tsx(1182,5): error TS2339: Property 'hkern' does not exist on type 'JSX.IntrinsicElements'.
src/icons/Fonts/general-sans/GeneralSansVariable.tsx(1183,5): error TS2339: Property 'hkern' does not exist on type 'JSX.IntrinsicElements'.
src/icons/Fonts/general-sans/GeneralSansVariable.tsx(1184,5): error TS2339: Property 'hkern' does not exist on type 'JSX.IntrinsicElements'.
src/icons/Fonts/general-sans/GeneralSansVariable.tsx(1185,5): error TS2339: Property 'hkern' does not exist on type 'JSX.IntrinsicElements'.
src/icons/Fonts/general-sans/GeneralSansVariable.tsx(1186,5): error TS2339: Property 'hkern' does not exist on type 'JSX.IntrinsicElements'.
src/icons/Fonts/general-sans/GeneralSansVariable.tsx(1187,5): error TS2339: Property 'hkern' does not exist on type 'JSX.IntrinsicElements'.
src/icons/Fonts/general-sans/GeneralSansVariable.tsx(1188,5): error TS2339: Property 'hkern' does not exist on type 'JSX.IntrinsicElements'.
src/icons/Fonts/general-sans/GeneralSansVariable.tsx(1189,5): error TS2339: Property 'hkern' does not exist on type 'JSX.IntrinsicElements'.
src/icons/Fonts/general-sans/GeneralSansVariable.tsx(1190,5): error TS2339: Property 'hkern' does not exist on type 'JSX.IntrinsicElements'.
src/icons/Fonts/general-sans/GeneralSansVariable.tsx(1191,5): error TS2339: Property 'hkern' does not exist on type 'JSX.IntrinsicElements'.
src/icons/Fonts/general-sans/GeneralSansVariable.tsx(1192,5): error TS2339: Property 'hkern' does not exist on type 'JSX.IntrinsicElements'.
src/icons/Fonts/general-sans/GeneralSansVariable.tsx(1193,5): error TS2339: Property 'hkern' does not exist on type 'JSX.IntrinsicElements'.
src/icons/Fonts/general-sans/GeneralSansVariable.tsx(1194,5): error TS2339: Property 'hkern' does not exist on type 'JSX.IntrinsicElements'.
src/icons/Fonts/general-sans/GeneralSansVariable.tsx(1195,5): error TS2339: Property 'hkern' does not exist on type 'JSX.IntrinsicElements'.
src/icons/Fonts/general-sans/GeneralSansVariable.tsx(1196,5): error TS2339: Property 'hkern' does not exist on type 'JSX.IntrinsicElements'.
src/icons/Fonts/general-sans/GeneralSansVariable.tsx(1197,5): error TS2339: Property 'hkern' does not exist on type 'JSX.IntrinsicElements'.
src/icons/Fonts/general-sans/GeneralSansVariable.tsx(1198,5): error TS2339: Property 'hkern' does not exist on type 'JSX.IntrinsicElements'.
src/icons/Fonts/general-sans/GeneralSansVariable.tsx(1199,5): error TS2339: Property 'hkern' does not exist on type 'JSX.IntrinsicElements'.
src/icons/Fonts/general-sans/GeneralSansVariable.tsx(1200,5): error TS2339: Property 'hkern' does not exist on type 'JSX.IntrinsicElements'.
src/icons/Fonts/general-sans/GeneralSansVariable.tsx(1201,5): error TS2339: Property 'hkern' does not exist on type 'JSX.IntrinsicElements'.
src/icons/Fonts/general-sans/GeneralSansVariable.tsx(1202,5): error TS2339: Property 'hkern' does not exist on type 'JSX.IntrinsicElements'.
src/icons/Fonts/general-sans/GeneralSansVariable.tsx(1203,5): error TS2339: Property 'hkern' does not exist on type 'JSX.IntrinsicElements'.
src/icons/Fonts/general-sans/GeneralSansVariable.tsx(1204,5): error TS2339: Property 'hkern' does not exist on type 'JSX.IntrinsicElements'.
src/icons/Fonts/general-sans/GeneralSansVariable.tsx(1205,5): error TS2339: Property 'hkern' does not exist on type 'JSX.IntrinsicElements'.
src/icons/Fonts/general-sans/GeneralSansVariable.tsx(1206,5): error TS2339: Property 'hkern' does not exist on type 'JSX.IntrinsicElements'.
src/icons/Fonts/general-sans/GeneralSansVariable.tsx(1207,5): error TS2339: Property 'hkern' does not exist on type 'JSX.IntrinsicElements'.
src/icons/Fonts/general-sans/GeneralSansVariable.tsx(1208,5): error TS2339: Property 'hkern' does not exist on type 'JSX.IntrinsicElements'.
src/icons/Fonts/general-sans/GeneralSansVariable.tsx(1209,5): error TS2339: Property 'hkern' does not exist on type 'JSX.IntrinsicElements'.
src/icons/Fonts/general-sans/GeneralSansVariable.tsx(1210,5): error TS2339: Property 'hkern' does not exist on type 'JSX.IntrinsicElements'.
src/icons/Fonts/general-sans/GeneralSansVariable.tsx(1211,5): error TS2339: Property 'hkern' does not exist on type 'JSX.IntrinsicElements'.
src/icons/Fonts/general-sans/GeneralSansVariable.tsx(1212,5): error TS2339: Property 'hkern' does not exist on type 'JSX.IntrinsicElements'.
src/icons/Fonts/general-sans/GeneralSansVariable.tsx(1213,5): error TS2339: Property 'hkern' does not exist on type 'JSX.IntrinsicElements'.
src/icons/Fonts/general-sans/GeneralSansVariable.tsx(1214,5): error TS2339: Property 'hkern' does not exist on type 'JSX.IntrinsicElements'.
src/icons/Fonts/general-sans/GeneralSansVariable.tsx(1215,5): error TS2339: Property 'hkern' does not exist on type 'JSX.IntrinsicElements'.
src/icons/Fonts/general-sans/GeneralSansVariable.tsx(1216,5): error TS2339: Property 'hkern' does not exist on type 'JSX.IntrinsicElements'.
src/icons/Fonts/general-sans/GeneralSansVariable.tsx(1217,5): error TS2339: Property 'hkern' does not exist on type 'JSX.IntrinsicElements'.
src/icons/Fonts/general-sans/GeneralSansVariable.tsx(1218,5): error TS2339: Property 'hkern' does not exist on type 'JSX.IntrinsicElements'.
src/icons/Fonts/general-sans/GeneralSansVariable.tsx(1219,5): error TS2339: Property 'hkern' does not exist on type 'JSX.IntrinsicElements'.
src/icons/Fonts/general-sans/GeneralSansVariable.tsx(1220,5): error TS2339: Property 'hkern' does not exist on type 'JSX.IntrinsicElements'.
src/icons/Fonts/general-sans/GeneralSansVariable.tsx(1221,5): error TS2339: Property 'hkern' does not exist on type 'JSX.IntrinsicElements'.
src/icons/Fonts/general-sans/GeneralSansVariable.tsx(1222,5): error TS2339: Property 'hkern' does not exist on type 'JSX.IntrinsicElements'.
src/icons/Fonts/general-sans/GeneralSansVariable.tsx(1223,5): error TS2339: Property 'hkern' does not exist on type 'JSX.IntrinsicElements'.
src/icons/Fonts/general-sans/GeneralSansVariable.tsx(1224,5): error TS2339: Property 'hkern' does not exist on type 'JSX.IntrinsicElements'.
src/icons/Fonts/general-sans/GeneralSansVariable.tsx(1225,5): error TS2339: Property 'hkern' does not exist on type 'JSX.IntrinsicElements'.
src/icons/Fonts/general-sans/GeneralSansVariable.tsx(1226,5): error TS2339: Property 'hkern' does not exist on type 'JSX.IntrinsicElements'.
src/icons/Fonts/general-sans/GeneralSansVariable.tsx(1227,5): error TS2339: Property 'hkern' does not exist on type 'JSX.IntrinsicElements'.
src/icons/Fonts/general-sans/GeneralSansVariable.tsx(1228,5): error TS2339: Property 'hkern' does not exist on type 'JSX.IntrinsicElements'.
src/icons/Fonts/general-sans/GeneralSansVariable.tsx(1229,5): error TS2339: Property 'hkern' does not exist on type 'JSX.IntrinsicElements'.
src/icons/Fonts/general-sans/GeneralSansVariable.tsx(1230,5): error TS2339: Property 'hkern' does not exist on type 'JSX.IntrinsicElements'.
src/icons/Fonts/general-sans/GeneralSansVariable.tsx(1231,5): error TS2339: Property 'hkern' does not exist on type 'JSX.IntrinsicElements'.
src/icons/Fonts/general-sans/GeneralSansVariable.tsx(1232,5): error TS2339: Property 'hkern' does not exist on type 'JSX.IntrinsicElements'.
src/icons/Fonts/general-sans/GeneralSansVariable.tsx(1233,5): error TS2339: Property 'hkern' does not exist on type 'JSX.IntrinsicElements'.
src/icons/Fonts/general-sans/GeneralSansVariable.tsx(1234,5): error TS2339: Property 'hkern' does not exist on type 'JSX.IntrinsicElements'.
src/icons/Fonts/general-sans/GeneralSansVariable.tsx(1235,5): error TS2339: Property 'hkern' does not exist on type 'JSX.IntrinsicElements'.
src/icons/Fonts/general-sans/GeneralSansVariable.tsx(1236,5): error TS2339: Property 'hkern' does not exist on type 'JSX.IntrinsicElements'.
src/icons/Fonts/general-sans/GeneralSansVariable.tsx(1237,5): error TS2339: Property 'hkern' does not exist on type 'JSX.IntrinsicElements'.
src/icons/Fonts/general-sans/GeneralSansVariable.tsx(1238,5): error TS2339: Property 'hkern' does not exist on type 'JSX.IntrinsicElements'.
src/icons/Fonts/general-sans/GeneralSansVariable.tsx(1239,5): error TS2339: Property 'hkern' does not exist on type 'JSX.IntrinsicElements'.
src/icons/Fonts/general-sans/GeneralSansVariable.tsx(1240,5): error TS2339: Property 'hkern' does not exist on type 'JSX.IntrinsicElements'.
src/icons/Fonts/general-sans/GeneralSansVariable.tsx(1241,5): error TS2339: Property 'hkern' does not exist on type 'JSX.IntrinsicElements'.
src/icons/Fonts/general-sans/GeneralSansVariable.tsx(1242,5): error TS2339: Property 'hkern' does not exist on type 'JSX.IntrinsicElements'.
src/icons/Fonts/general-sans/GeneralSansVariable.tsx(1243,5): error TS2339: Property 'hkern' does not exist on type 'JSX.IntrinsicElements'.
src/icons/Fonts/general-sans/GeneralSansVariable.tsx(1244,5): error TS2339: Property 'hkern' does not exist on type 'JSX.IntrinsicElements'.
src/icons/Fonts/general-sans/GeneralSansVariable.tsx(1245,5): error TS2339: Property 'hkern' does not exist on type 'JSX.IntrinsicElements'.
src/icons/Fonts/general-sans/GeneralSansVariable.tsx(1246,5): error TS2339: Property 'hkern' does not exist on type 'JSX.IntrinsicElements'.
src/icons/Fonts/general-sans/GeneralSansVariable.tsx(1247,5): error TS2339: Property 'hkern' does not exist on type 'JSX.IntrinsicElements'.
src/icons/Fonts/general-sans/GeneralSansVariable.tsx(1248,5): error TS2339: Property 'hkern' does not exist on type 'JSX.IntrinsicElements'.
src/icons/Fonts/general-sans/GeneralSansVariable.tsx(1249,5): error TS2339: Property 'hkern' does not exist on type 'JSX.IntrinsicElements'.
src/icons/Fonts/general-sans/GeneralSansVariable.tsx(1250,5): error TS2339: Property 'hkern' does not exist on type 'JSX.IntrinsicElements'.
src/icons/Fonts/general-sans/GeneralSansVariable.tsx(1251,5): error TS2339: Property 'hkern' does not exist on type 'JSX.IntrinsicElements'.
src/icons/Fonts/general-sans/GeneralSansVariable.tsx(1252,5): error TS2339: Property 'hkern' does not exist on type 'JSX.IntrinsicElements'.
src/icons/Fonts/general-sans/GeneralSansVariable.tsx(1253,5): error TS2339: Property 'hkern' does not exist on type 'JSX.IntrinsicElements'.
src/icons/Fonts/general-sans/GeneralSansVariable.tsx(1254,5): error TS2339: Property 'hkern' does not exist on type 'JSX.IntrinsicElements'.
src/icons/Fonts/general-sans/GeneralSansVariable.tsx(1255,5): error TS2339: Property 'hkern' does not exist on type 'JSX.IntrinsicElements'.
src/icons/Fonts/general-sans/GeneralSansVariable.tsx(1256,5): error TS2339: Property 'hkern' does not exist on type 'JSX.IntrinsicElements'.
src/icons/Fonts/general-sans/GeneralSansVariable.tsx(1257,5): error TS2339: Property 'hkern' does not exist on type 'JSX.IntrinsicElements'.
src/icons/Fonts/general-sans/GeneralSansVariable.tsx(1258,5): error TS2339: Property 'hkern' does not exist on type 'JSX.IntrinsicElements'.
src/icons/Fonts/general-sans/GeneralSansVariable.tsx(1259,5): error TS2339: Property 'hkern' does not exist on type 'JSX.IntrinsicElements'.
src/icons/Fonts/general-sans/GeneralSansVariable.tsx(1260,5): error TS2339: Property 'hkern' does not exist on type 'JSX.IntrinsicElements'.
src/icons/Fonts/general-sans/GeneralSansVariable.tsx(1261,5): error TS2339: Property 'hkern' does not exist on type 'JSX.IntrinsicElements'.
src/icons/Fonts/general-sans/GeneralSansVariable.tsx(1262,5): error TS2339: Property 'hkern' does not exist on type 'JSX.IntrinsicElements'.
src/icons/Fonts/general-sans/GeneralSansVariable.tsx(1263,5): error TS2339: Property 'hkern' does not exist on type 'JSX.IntrinsicElements'.
src/icons/Fonts/general-sans/GeneralSansVariable.tsx(1264,5): error TS2339: Property 'hkern' does not exist on type 'JSX.IntrinsicElements'.
src/icons/Fonts/general-sans/GeneralSansVariable.tsx(1265,5): error TS2339: Property 'hkern' does not exist on type 'JSX.IntrinsicElements'.
src/icons/Fonts/general-sans/GeneralSansVariable.tsx(1266,5): error TS2339: Property 'hkern' does not exist on type 'JSX.IntrinsicElements'.
src/icons/Fonts/general-sans/GeneralSansVariable.tsx(1267,5): error TS2339: Property 'hkern' does not exist on type 'JSX.IntrinsicElements'.
src/icons/Fonts/general-sans/GeneralSansVariable.tsx(1268,5): error TS2339: Property 'hkern' does not exist on type 'JSX.IntrinsicElements'.
src/icons/Fonts/general-sans/GeneralSansVariable.tsx(1269,5): error TS2339: Property 'hkern' does not exist on type 'JSX.IntrinsicElements'.
src/icons/Fonts/general-sans/GeneralSansVariable.tsx(1270,5): error TS2339: Property 'hkern' does not exist on type 'JSX.IntrinsicElements'.
src/icons/Fonts/general-sans/GeneralSansVariable.tsx(1271,5): error TS2339: Property 'hkern' does not exist on type 'JSX.IntrinsicElements'.
src/icons/Fonts/general-sans/GeneralSansVariable.tsx(1272,5): error TS2339: Property 'hkern' does not exist on type 'JSX.IntrinsicElements'.
src/icons/Fonts/general-sans/GeneralSansVariable.tsx(1273,5): error TS2339: Property 'hkern' does not exist on type 'JSX.IntrinsicElements'.
src/icons/Fonts/general-sans/GeneralSansVariable.tsx(1274,5): error TS2339: Property 'hkern' does not exist on type 'JSX.IntrinsicElements'.
src/icons/Fonts/general-sans/GeneralSansVariable.tsx(1275,5): error TS2339: Property 'hkern' does not exist on type 'JSX.IntrinsicElements'.
src/icons/Fonts/general-sans/GeneralSansVariable.tsx(1276,5): error TS2339: Property 'hkern' does not exist on type 'JSX.IntrinsicElements'.
src/icons/Fonts/general-sans/GeneralSansVariable.tsx(1277,5): error TS2339: Property 'hkern' does not exist on type 'JSX.IntrinsicElements'.
src/icons/Fonts/general-sans/GeneralSansVariable.tsx(1278,5): error TS2339: Property 'hkern' does not exist on type 'JSX.IntrinsicElements'.
src/icons/Fonts/general-sans/GeneralSansVariable.tsx(1279,5): error TS2339: Property 'hkern' does not exist on type 'JSX.IntrinsicElements'.
src/icons/Fonts/general-sans/GeneralSansVariable.tsx(1280,5): error TS2339: Property 'hkern' does not exist on type 'JSX.IntrinsicElements'.
src/icons/Fonts/general-sans/GeneralSansVariable.tsx(1281,5): error TS2339: Property 'hkern' does not exist on type 'JSX.IntrinsicElements'.
src/icons/Fonts/general-sans/GeneralSansVariable.tsx(1282,5): error TS2339: Property 'hkern' does not exist on type 'JSX.IntrinsicElements'.
src/icons/Fonts/general-sans/GeneralSansVariable.tsx(1283,5): error TS2339: Property 'hkern' does not exist on type 'JSX.IntrinsicElements'.
src/icons/Fonts/general-sans/GeneralSansVariable.tsx(1284,5): error TS2339: Property 'hkern' does not exist on type 'JSX.IntrinsicElements'.
src/icons/Fonts/general-sans/GeneralSansVariable.tsx(1285,5): error TS2339: Property 'hkern' does not exist on type 'JSX.IntrinsicElements'.
src/icons/Fonts/general-sans/GeneralSansVariable.tsx(1286,5): error TS2339: Property 'hkern' does not exist on type 'JSX.IntrinsicElements'.
src/icons/Fonts/general-sans/GeneralSansVariable.tsx(1287,5): error TS2339: Property 'hkern' does not exist on type 'JSX.IntrinsicElements'.
src/icons/Fonts/general-sans/GeneralSansVariable.tsx(1288,5): error TS2339: Property 'hkern' does not exist on type 'JSX.IntrinsicElements'.
src/icons/Fonts/general-sans/GeneralSansVariable.tsx(1289,5): error TS2339: Property 'hkern' does not exist on type 'JSX.IntrinsicElements'.
src/icons/Fonts/general-sans/GeneralSansVariable.tsx(1290,5): error TS2339: Property 'hkern' does not exist on type 'JSX.IntrinsicElements'.
src/icons/Fonts/general-sans/GeneralSansVariable.tsx(1291,5): error TS2339: Property 'hkern' does not exist on type 'JSX.IntrinsicElements'.
src/icons/Fonts/general-sans/GeneralSansVariable.tsx(1292,5): error TS2339: Property 'hkern' does not exist on type 'JSX.IntrinsicElements'.
src/icons/Fonts/general-sans/GeneralSansVariable.tsx(1293,5): error TS2339: Property 'hkern' does not exist on type 'JSX.IntrinsicElements'.
src/icons/Fonts/general-sans/GeneralSansVariable.tsx(1294,5): error TS2339: Property 'hkern' does not exist on type 'JSX.IntrinsicElements'.
src/icons/Fonts/general-sans/GeneralSansVariable.tsx(1295,5): error TS2339: Property 'hkern' does not exist on type 'JSX.IntrinsicElements'.
src/icons/Fonts/general-sans/GeneralSansVariable.tsx(1296,5): error TS2339: Property 'hkern' does not exist on type 'JSX.IntrinsicElements'.
src/icons/Fonts/general-sans/GeneralSansVariable.tsx(1297,5): error TS2339: Property 'hkern' does not exist on type 'JSX.IntrinsicElements'.
src/icons/Fonts/general-sans/GeneralSansVariable.tsx(1298,5): error TS2339: Property 'hkern' does not exist on type 'JSX.IntrinsicElements'.
src/icons/Fonts/general-sans/GeneralSansVariable.tsx(1299,5): error TS2339: Property 'hkern' does not exist on type 'JSX.IntrinsicElements'.
src/icons/Fonts/general-sans/GeneralSansVariable.tsx(1300,5): error TS2339: Property 'hkern' does not exist on type 'JSX.IntrinsicElements'.
src/icons/Fonts/general-sans/GeneralSansVariable.tsx(1301,5): error TS2339: Property 'hkern' does not exist on type 'JSX.IntrinsicElements'.
src/icons/Fonts/general-sans/GeneralSansVariable.tsx(1302,5): error TS2339: Property 'hkern' does not exist on type 'JSX.IntrinsicElements'.
src/icons/Fonts/general-sans/GeneralSansVariable.tsx(1303,5): error TS2339: Property 'hkern' does not exist on type 'JSX.IntrinsicElements'.
src/icons/Fonts/general-sans/GeneralSansVariable.tsx(1304,5): error TS2339: Property 'hkern' does not exist on type 'JSX.IntrinsicElements'.
src/icons/Fonts/general-sans/GeneralSansVariable.tsx(1305,5): error TS2339: Property 'hkern' does not exist on type 'JSX.IntrinsicElements'.
src/icons/Fonts/general-sans/GeneralSansVariable.tsx(1306,5): error TS2339: Property 'hkern' does not exist on type 'JSX.IntrinsicElements'.
src/icons/Fonts/general-sans/GeneralSansVariable.tsx(1307,5): error TS2339: Property 'hkern' does not exist on type 'JSX.IntrinsicElements'.
src/icons/Fonts/general-sans/GeneralSansVariable.tsx(1308,5): error TS2339: Property 'hkern' does not exist on type 'JSX.IntrinsicElements'.
src/icons/Fonts/general-sans/GeneralSansVariable.tsx(1309,5): error TS2339: Property 'hkern' does not exist on type 'JSX.IntrinsicElements'.
src/icons/Fonts/general-sans/GeneralSansVariable.tsx(1310,5): error TS2339: Property 'hkern' does not exist on type 'JSX.IntrinsicElements'.
src/icons/Fonts/general-sans/GeneralSansVariable.tsx(1311,5): error TS2339: Property 'hkern' does not exist on type 'JSX.IntrinsicElements'.
src/icons/Fonts/general-sans/GeneralSansVariable.tsx(1312,5): error TS2339: Property 'hkern' does not exist on type 'JSX.IntrinsicElements'.
src/icons/Fonts/general-sans/GeneralSansVariable.tsx(1313,5): error TS2339: Property 'hkern' does not exist on type 'JSX.IntrinsicElements'.
src/icons/Fonts/general-sans/GeneralSansVariable.tsx(1314,5): error TS2339: Property 'hkern' does not exist on type 'JSX.IntrinsicElements'.
src/icons/Fonts/general-sans/GeneralSansVariable.tsx(1315,5): error TS2339: Property 'hkern' does not exist on type 'JSX.IntrinsicElements'.
src/icons/Fonts/general-sans/GeneralSansVariable.tsx(1316,5): error TS2339: Property 'hkern' does not exist on type 'JSX.IntrinsicElements'.
src/icons/Fonts/general-sans/GeneralSansVariable.tsx(1317,5): error TS2339: Property 'hkern' does not exist on type 'JSX.IntrinsicElements'.
src/icons/Fonts/general-sans/GeneralSansVariable.tsx(1318,5): error TS2339: Property 'hkern' does not exist on type 'JSX.IntrinsicElements'.
src/icons/Fonts/general-sans/GeneralSansVariable.tsx(1319,5): error TS2339: Property 'hkern' does not exist on type 'JSX.IntrinsicElements'.
src/icons/Fonts/general-sans/GeneralSansVariable.tsx(1320,5): error TS2339: Property 'hkern' does not exist on type 'JSX.IntrinsicElements'.
src/icons/Fonts/general-sans/GeneralSansVariable.tsx(1321,5): error TS2339: Property 'hkern' does not exist on type 'JSX.IntrinsicElements'.
src/icons/Fonts/general-sans/GeneralSansVariable.tsx(1322,5): error TS2339: Property 'hkern' does not exist on type 'JSX.IntrinsicElements'.
src/icons/Fonts/general-sans/GeneralSansVariable.tsx(1323,5): error TS2339: Property 'hkern' does not exist on type 'JSX.IntrinsicElements'.
src/icons/Fonts/general-sans/GeneralSansVariable.tsx(1324,5): error TS2339: Property 'hkern' does not exist on type 'JSX.IntrinsicElements'.
src/icons/Fonts/general-sans/GeneralSansVariable.tsx(1325,5): error TS2339: Property 'hkern' does not exist on type 'JSX.IntrinsicElements'.
src/icons/Fonts/general-sans/GeneralSansVariable.tsx(1326,5): error TS2339: Property 'hkern' does not exist on type 'JSX.IntrinsicElements'.
src/icons/Fonts/general-sans/GeneralSansVariable.tsx(1327,5): error TS2339: Property 'hkern' does not exist on type 'JSX.IntrinsicElements'.
src/icons/Fonts/general-sans/GeneralSansVariable.tsx(1328,5): error TS2339: Property 'hkern' does not exist on type 'JSX.IntrinsicElements'.
src/icons/Fonts/general-sans/GeneralSansVariable.tsx(1329,5): error TS2339: Property 'hkern' does not exist on type 'JSX.IntrinsicElements'.
src/icons/Fonts/general-sans/GeneralSansVariable.tsx(1330,5): error TS2339: Property 'hkern' does not exist on type 'JSX.IntrinsicElements'.
src/icons/Fonts/general-sans/GeneralSansVariable.tsx(1331,5): error TS2339: Property 'hkern' does not exist on type 'JSX.IntrinsicElements'.
src/icons/Fonts/general-sans/GeneralSansVariable.tsx(1332,5): error TS2339: Property 'hkern' does not exist on type 'JSX.IntrinsicElements'.
src/icons/Fonts/general-sans/GeneralSansVariable.tsx(1333,5): error TS2339: Property 'hkern' does not exist on type 'JSX.IntrinsicElements'.
src/icons/Fonts/general-sans/GeneralSansVariable.tsx(1334,5): error TS2339: Property 'hkern' does not exist on type 'JSX.IntrinsicElements'.
src/icons/Fonts/general-sans/GeneralSansVariable.tsx(1335,5): error TS2339: Property 'hkern' does not exist on type 'JSX.IntrinsicElements'.
src/icons/Fonts/general-sans/GeneralSansVariable.tsx(1336,5): error TS2339: Property 'hkern' does not exist on type 'JSX.IntrinsicElements'.
src/icons/Fonts/general-sans/GeneralSansVariable.tsx(1337,5): error TS2339: Property 'hkern' does not exist on type 'JSX.IntrinsicElements'.
src/icons/Fonts/general-sans/GeneralSansVariable.tsx(1338,5): error TS2339: Property 'hkern' does not exist on type 'JSX.IntrinsicElements'.
src/icons/Fonts/general-sans/GeneralSansVariable.tsx(1339,5): error TS2339: Property 'hkern' does not exist on type 'JSX.IntrinsicElements'.
src/icons/Fonts/general-sans/GeneralSansVariable.tsx(1340,5): error TS2339: Property 'hkern' does not exist on type 'JSX.IntrinsicElements'.
src/icons/Fonts/general-sans/GeneralSansVariable.tsx(1341,5): error TS2339: Property 'hkern' does not exist on type 'JSX.IntrinsicElements'.
src/icons/Fonts/general-sans/GeneralSansVariable.tsx(1342,5): error TS2339: Property 'hkern' does not exist on type 'JSX.IntrinsicElements'.
src/icons/Fonts/general-sans/GeneralSansVariable.tsx(1343,5): error TS2339: Property 'hkern' does not exist on type 'JSX.IntrinsicElements'.
src/icons/Fonts/general-sans/GeneralSansVariable.tsx(1344,5): error TS2339: Property 'hkern' does not exist on type 'JSX.IntrinsicElements'.
src/icons/Fonts/general-sans/GeneralSansVariable.tsx(1345,5): error TS2339: Property 'hkern' does not exist on type 'JSX.IntrinsicElements'.
src/icons/Fonts/general-sans/GeneralSansVariable.tsx(1346,5): error TS2339: Property 'hkern' does not exist on type 'JSX.IntrinsicElements'.
src/icons/Fonts/general-sans/GeneralSansVariable.tsx(1347,5): error TS2339: Property 'hkern' does not exist on type 'JSX.IntrinsicElements'.
src/icons/Fonts/general-sans/GeneralSansVariable.tsx(1348,5): error TS2339: Property 'hkern' does not exist on type 'JSX.IntrinsicElements'.
src/icons/Fonts/general-sans/GeneralSansVariable.tsx(1349,5): error TS2339: Property 'hkern' does not exist on type 'JSX.IntrinsicElements'.
src/icons/Fonts/general-sans/GeneralSansVariable.tsx(1350,5): error TS2339: Property 'hkern' does not exist on type 'JSX.IntrinsicElements'.
src/icons/Fonts/general-sans/GeneralSansVariable.tsx(1351,5): error TS2339: Property 'hkern' does not exist on type 'JSX.IntrinsicElements'.
src/icons/Fonts/general-sans/GeneralSansVariable.tsx(1352,5): error TS2339: Property 'hkern' does not exist on type 'JSX.IntrinsicElements'.
src/icons/Fonts/general-sans/GeneralSansVariable.tsx(1353,5): error TS2339: Property 'hkern' does not exist on type 'JSX.IntrinsicElements'.
src/icons/Fonts/general-sans/GeneralSansVariable.tsx(1354,5): error TS2339: Property 'hkern' does not exist on type 'JSX.IntrinsicElements'.
src/icons/Fonts/general-sans/GeneralSansVariable.tsx(1355,5): error TS2339: Property 'hkern' does not exist on type 'JSX.IntrinsicElements'.
src/icons/Fonts/general-sans/GeneralSansVariable.tsx(1356,5): error TS2339: Property 'hkern' does not exist on type 'JSX.IntrinsicElements'.
src/icons/Fonts/general-sans/GeneralSansVariable.tsx(1357,5): error TS2339: Property 'hkern' does not exist on type 'JSX.IntrinsicElements'.
src/icons/Fonts/general-sans/GeneralSansVariable.tsx(1358,5): error TS2339: Property 'hkern' does not exist on type 'JSX.IntrinsicElements'.
src/icons/Fonts/general-sans/GeneralSansVariable.tsx(1359,5): error TS2339: Property 'hkern' does not exist on type 'JSX.IntrinsicElements'.
src/icons/Fonts/general-sans/GeneralSansVariable.tsx(1360,5): error TS2339: Property 'hkern' does not exist on type 'JSX.IntrinsicElements'.
src/icons/Fonts/general-sans/GeneralSansVariable.tsx(1361,5): error TS2339: Property 'hkern' does not exist on type 'JSX.IntrinsicElements'.
src/icons/Fonts/general-sans/GeneralSansVariable.tsx(1362,5): error TS2339: Property 'hkern' does not exist on type 'JSX.IntrinsicElements'.
src/icons/Fonts/general-sans/GeneralSansVariable.tsx(1363,5): error TS2339: Property 'hkern' does not exist on type 'JSX.IntrinsicElements'.
src/icons/Fonts/general-sans/GeneralSansVariable.tsx(1364,5): error TS2339: Property 'hkern' does not exist on type 'JSX.IntrinsicElements'.
src/icons/Fonts/general-sans/GeneralSansVariable.tsx(1365,5): error TS2339: Property 'hkern' does not exist on type 'JSX.IntrinsicElements'.
src/icons/Fonts/general-sans/GeneralSansVariable.tsx(1366,5): error TS2339: Property 'hkern' does not exist on type 'JSX.IntrinsicElements'.
src/icons/Fonts/general-sans/GeneralSansVariable.tsx(1367,5): error TS2339: Property 'hkern' does not exist on type 'JSX.IntrinsicElements'.
src/icons/Fonts/general-sans/GeneralSansVariable.tsx(1368,5): error TS2339: Property 'hkern' does not exist on type 'JSX.IntrinsicElements'.
src/icons/Fonts/general-sans/GeneralSansVariable.tsx(1369,5): error TS2339: Property 'hkern' does not exist on type 'JSX.IntrinsicElements'.
src/icons/Fonts/general-sans/GeneralSansVariable.tsx(1370,5): error TS2339: Property 'hkern' does not exist on type 'JSX.IntrinsicElements'.
src/icons/Fonts/general-sans/GeneralSansVariable.tsx(1371,5): error TS2339: Property 'hkern' does not exist on type 'JSX.IntrinsicElements'.
src/icons/Fonts/general-sans/GeneralSansVariable.tsx(1372,5): error TS2339: Property 'hkern' does not exist on type 'JSX.IntrinsicElements'.
src/icons/Fonts/general-sans/GeneralSansVariable.tsx(1373,5): error TS2339: Property 'hkern' does not exist on type 'JSX.IntrinsicElements'.
src/icons/Fonts/general-sans/GeneralSansVariable.tsx(1374,5): error TS2339: Property 'hkern' does not exist on type 'JSX.IntrinsicElements'.
src/icons/Fonts/general-sans/GeneralSansVariable.tsx(1375,5): error TS2339: Property 'hkern' does not exist on type 'JSX.IntrinsicElements'.
src/icons/Fonts/general-sans/GeneralSansVariable.tsx(1376,5): error TS2339: Property 'hkern' does not exist on type 'JSX.IntrinsicElements'.
src/icons/Fonts/general-sans/GeneralSansVariable.tsx(1377,5): error TS2339: Property 'hkern' does not exist on type 'JSX.IntrinsicElements'.
src/icons/Fonts/general-sans/GeneralSansVariable.tsx(1378,5): error TS2339: Property 'hkern' does not exist on type 'JSX.IntrinsicElements'.
src/icons/Fonts/general-sans/GeneralSansVariable.tsx(1379,5): error TS2339: Property 'hkern' does not exist on type 'JSX.IntrinsicElements'.
src/icons/Fonts/general-sans/GeneralSansVariable.tsx(1380,5): error TS2339: Property 'hkern' does not exist on type 'JSX.IntrinsicElements'.
src/icons/Fonts/general-sans/GeneralSansVariable.tsx(1381,5): error TS2339: Property 'hkern' does not exist on type 'JSX.IntrinsicElements'.
src/icons/Fonts/general-sans/GeneralSansVariable.tsx(1382,5): error TS2339: Property 'hkern' does not exist on type 'JSX.IntrinsicElements'.
src/icons/Fonts/general-sans/GeneralSansVariable.tsx(1383,5): error TS2339: Property 'hkern' does not exist on type 'JSX.IntrinsicElements'.
src/icons/Fonts/general-sans/GeneralSansVariable.tsx(1384,5): error TS2339: Property 'hkern' does not exist on type 'JSX.IntrinsicElements'.
src/icons/Fonts/general-sans/GeneralSansVariable.tsx(1385,5): error TS2339: Property 'hkern' does not exist on type 'JSX.IntrinsicElements'.
src/icons/Fonts/general-sans/GeneralSansVariable.tsx(1386,5): error TS2339: Property 'hkern' does not exist on type 'JSX.IntrinsicElements'.
src/icons/Fonts/general-sans/GeneralSansVariable.tsx(1387,5): error TS2339: Property 'hkern' does not exist on type 'JSX.IntrinsicElements'.
src/icons/Fonts/general-sans/GeneralSansVariable.tsx(1388,5): error TS2339: Property 'hkern' does not exist on type 'JSX.IntrinsicElements'.
src/icons/Fonts/general-sans/GeneralSansVariable.tsx(1389,5): error TS2339: Property 'hkern' does not exist on type 'JSX.IntrinsicElements'.
src/icons/Fonts/general-sans/GeneralSansVariable.tsx(1390,5): error TS2339: Property 'hkern' does not exist on type 'JSX.IntrinsicElements'.
src/icons/Fonts/general-sans/GeneralSansVariable.tsx(1391,5): error TS2339: Property 'hkern' does not exist on type 'JSX.IntrinsicElements'.
src/icons/Fonts/general-sans/GeneralSansVariable.tsx(1392,5): error TS2339: Property 'hkern' does not exist on type 'JSX.IntrinsicElements'.
src/icons/Fonts/general-sans/GeneralSansVariable.tsx(1393,5): error TS2339: Property 'hkern' does not exist on type 'JSX.IntrinsicElements'.
src/icons/Fonts/general-sans/GeneralSansVariable.tsx(1394,5): error TS2339: Property 'hkern' does not exist on type 'JSX.IntrinsicElements'.
src/icons/Fonts/general-sans/GeneralSansVariable.tsx(1395,5): error TS2339: Property 'hkern' does not exist on type 'JSX.IntrinsicElements'.
src/icons/Fonts/general-sans/GeneralSansVariable.tsx(1396,5): error TS2339: Property 'hkern' does not exist on type 'JSX.IntrinsicElements'.
src/icons/Fonts/general-sans/GeneralSansVariable.tsx(1397,5): error TS2339: Property 'hkern' does not exist on type 'JSX.IntrinsicElements'.
src/icons/Fonts/general-sans/GeneralSansVariable.tsx(1398,5): error TS2339: Property 'hkern' does not exist on type 'JSX.IntrinsicElements'.
src/icons/Fonts/general-sans/GeneralSansVariable.tsx(1399,5): error TS2339: Property 'hkern' does not exist on type 'JSX.IntrinsicElements'.
src/icons/Fonts/general-sans/GeneralSansVariable.tsx(1400,5): error TS2339: Property 'hkern' does not exist on type 'JSX.IntrinsicElements'.
src/icons/Fonts/general-sans/GeneralSansVariable.tsx(1401,5): error TS2339: Property 'hkern' does not exist on type 'JSX.IntrinsicElements'.
src/icons/Fonts/general-sans/GeneralSansVariable.tsx(1402,5): error TS2339: Property 'hkern' does not exist on type 'JSX.IntrinsicElements'.
src/icons/Fonts/general-sans/GeneralSansVariable.tsx(1403,5): error TS2339: Property 'hkern' does not exist on type 'JSX.IntrinsicElements'.
src/icons/Fonts/general-sans/GeneralSansVariable.tsx(1404,5): error TS2339: Property 'hkern' does not exist on type 'JSX.IntrinsicElements'.
src/icons/Fonts/general-sans/GeneralSansVariable.tsx(1405,5): error TS2339: Property 'hkern' does not exist on type 'JSX.IntrinsicElements'.
src/icons/Fonts/general-sans/GeneralSansVariable.tsx(1406,5): error TS2339: Property 'hkern' does not exist on type 'JSX.IntrinsicElements'.
src/icons/Fonts/general-sans/GeneralSansVariable.tsx(1407,5): error TS2339: Property 'hkern' does not exist on type 'JSX.IntrinsicElements'.
src/icons/Fonts/general-sans/GeneralSansVariable.tsx(1408,5): error TS2339: Property 'hkern' does not exist on type 'JSX.IntrinsicElements'.
src/icons/Fonts/general-sans/GeneralSansVariable.tsx(1409,5): error TS2339: Property 'hkern' does not exist on type 'JSX.IntrinsicElements'.
src/icons/Fonts/general-sans/GeneralSansVariable.tsx(1410,5): error TS2339: Property 'hkern' does not exist on type 'JSX.IntrinsicElements'.
src/icons/Fonts/general-sans/GeneralSansVariable.tsx(1411,5): error TS2339: Property 'hkern' does not exist on type 'JSX.IntrinsicElements'.
src/icons/Fonts/general-sans/GeneralSansVariable.tsx(1412,5): error TS2339: Property 'hkern' does not exist on type 'JSX.IntrinsicElements'.
src/icons/Fonts/general-sans/GeneralSansVariable.tsx(1413,5): error TS2339: Property 'hkern' does not exist on type 'JSX.IntrinsicElements'.
src/icons/Fonts/general-sans/GeneralSansVariable.tsx(1414,5): error TS2339: Property 'hkern' does not exist on type 'JSX.IntrinsicElements'.
src/icons/Fonts/general-sans/GeneralSansVariable.tsx(1415,5): error TS2339: Property 'hkern' does not exist on type 'JSX.IntrinsicElements'.
src/icons/Fonts/general-sans/GeneralSansVariable.tsx(1416,5): error TS2339: Property 'hkern' does not exist on type 'JSX.IntrinsicElements'.
src/icons/Fonts/general-sans/GeneralSansVariable.tsx(1417,5): error TS2339: Property 'hkern' does not exist on type 'JSX.IntrinsicElements'.
src/icons/Fonts/general-sans/GeneralSansVariable.tsx(1418,5): error TS2339: Property 'hkern' does not exist on type 'JSX.IntrinsicElements'.
src/icons/Fonts/general-sans/GeneralSansVariable.tsx(1419,5): error TS2339: Property 'hkern' does not exist on type 'JSX.IntrinsicElements'.
src/icons/Fonts/general-sans/GeneralSansVariable.tsx(1420,5): error TS2339: Property 'hkern' does not exist on type 'JSX.IntrinsicElements'.
src/icons/Fonts/general-sans/GeneralSansVariable.tsx(1421,5): error TS2339: Property 'hkern' does not exist on type 'JSX.IntrinsicElements'.
src/icons/Fonts/general-sans/GeneralSansVariable.tsx(1422,5): error TS2339: Property 'hkern' does not exist on type 'JSX.IntrinsicElements'.
src/icons/Fonts/general-sans/GeneralSansVariable.tsx(1423,5): error TS2339: Property 'hkern' does not exist on type 'JSX.IntrinsicElements'.
src/icons/Fonts/general-sans/GeneralSansVariable.tsx(1424,5): error TS2339: Property 'hkern' does not exist on type 'JSX.IntrinsicElements'.
src/icons/Fonts/general-sans/GeneralSansVariable.tsx(1425,5): error TS2339: Property 'hkern' does not exist on type 'JSX.IntrinsicElements'.
src/icons/Fonts/general-sans/GeneralSansVariable.tsx(1426,5): error TS2339: Property 'hkern' does not exist on type 'JSX.IntrinsicElements'.
src/icons/Fonts/general-sans/GeneralSansVariable.tsx(1427,5): error TS2339: Property 'hkern' does not exist on type 'JSX.IntrinsicElements'.
src/icons/Fonts/general-sans/GeneralSansVariable.tsx(1428,5): error TS2339: Property 'hkern' does not exist on type 'JSX.IntrinsicElements'.
src/icons/Fonts/general-sans/GeneralSansVariable.tsx(1429,5): error TS2339: Property 'hkern' does not exist on type 'JSX.IntrinsicElements'.
src/icons/Fonts/general-sans/GeneralSansVariable.tsx(1430,5): error TS2339: Property 'hkern' does not exist on type 'JSX.IntrinsicElements'.
src/icons/Fonts/general-sans/GeneralSansVariable.tsx(1431,5): error TS2339: Property 'hkern' does not exist on type 'JSX.IntrinsicElements'.
src/icons/Fonts/general-sans/GeneralSansVariable.tsx(1432,5): error TS2339: Property 'hkern' does not exist on type 'JSX.IntrinsicElements'.
src/icons/Fonts/general-sans/GeneralSansVariable.tsx(1433,5): error TS2339: Property 'hkern' does not exist on type 'JSX.IntrinsicElements'.
src/icons/Fonts/general-sans/GeneralSansVariable.tsx(1434,5): error TS2339: Property 'hkern' does not exist on type 'JSX.IntrinsicElements'.
src/icons/Fonts/general-sans/GeneralSansVariable.tsx(1435,5): error TS2339: Property 'hkern' does not exist on type 'JSX.IntrinsicElements'.
src/icons/Fonts/general-sans/GeneralSansVariable.tsx(1436,5): error TS2339: Property 'hkern' does not exist on type 'JSX.IntrinsicElements'.
src/icons/Fonts/general-sans/GeneralSansVariable.tsx(1437,5): error TS2339: Property 'hkern' does not exist on type 'JSX.IntrinsicElements'.
src/icons/Fonts/general-sans/GeneralSansVariable.tsx(1438,5): error TS2339: Property 'hkern' does not exist on type 'JSX.IntrinsicElements'.
src/icons/Fonts/general-sans/GeneralSansVariable.tsx(1439,5): error TS2339: Property 'hkern' does not exist on type 'JSX.IntrinsicElements'.
src/icons/Fonts/general-sans/GeneralSansVariable.tsx(1440,5): error TS2339: Property 'hkern' does not exist on type 'JSX.IntrinsicElements'.
src/icons/Fonts/general-sans/GeneralSansVariable.tsx(1441,5): error TS2339: Property 'hkern' does not exist on type 'JSX.IntrinsicElements'.
src/icons/Fonts/general-sans/GeneralSansVariable.tsx(1442,5): error TS2339: Property 'hkern' does not exist on type 'JSX.IntrinsicElements'.
src/icons/Fonts/general-sans/GeneralSansVariable.tsx(1443,5): error TS2339: Property 'hkern' does not exist on type 'JSX.IntrinsicElements'.
src/icons/Fonts/general-sans/GeneralSansVariable.tsx(1444,5): error TS2339: Property 'hkern' does not exist on type 'JSX.IntrinsicElements'.
src/icons/Fonts/general-sans/GeneralSansVariable.tsx(1445,5): error TS2339: Property 'hkern' does not exist on type 'JSX.IntrinsicElements'.
src/icons/Fonts/general-sans/GeneralSansVariable.tsx(1446,5): error TS2339: Property 'hkern' does not exist on type 'JSX.IntrinsicElements'.
src/icons/Fonts/general-sans/GeneralSansVariable.tsx(1447,5): error TS2339: Property 'hkern' does not exist on type 'JSX.IntrinsicElements'.
src/icons/Fonts/general-sans/GeneralSansVariable.tsx(1448,5): error TS2339: Property 'hkern' does not exist on type 'JSX.IntrinsicElements'.
src/icons/Fonts/general-sans/GeneralSansVariable.tsx(1449,5): error TS2339: Property 'hkern' does not exist on type 'JSX.IntrinsicElements'.
src/icons/Fonts/general-sans/GeneralSansVariable.tsx(1450,5): error TS2339: Property 'hkern' does not exist on type 'JSX.IntrinsicElements'.
src/icons/Fonts/general-sans/GeneralSansVariable.tsx(1451,5): error TS2339: Property 'hkern' does not exist on type 'JSX.IntrinsicElements'.
src/icons/Fonts/general-sans/GeneralSansVariable.tsx(1452,5): error TS2339: Property 'hkern' does not exist on type 'JSX.IntrinsicElements'.
src/icons/Fonts/general-sans/GeneralSansVariable.tsx(1453,5): error TS2339: Property 'hkern' does not exist on type 'JSX.IntrinsicElements'.
src/icons/Fonts/general-sans/GeneralSansVariable.tsx(1454,5): error TS2339: Property 'hkern' does not exist on type 'JSX.IntrinsicElements'.
src/icons/Fonts/general-sans/GeneralSansVariable.tsx(1455,5): error TS2339: Property 'hkern' does not exist on type 'JSX.IntrinsicElements'.
src/icons/Fonts/general-sans/GeneralSansVariable.tsx(1456,5): error TS2339: Property 'hkern' does not exist on type 'JSX.IntrinsicElements'.
src/icons/Fonts/general-sans/GeneralSansVariable.tsx(1457,5): error TS2339: Property 'hkern' does not exist on type 'JSX.IntrinsicElements'.
src/icons/Fonts/general-sans/GeneralSansVariable.tsx(1458,5): error TS2339: Property 'hkern' does not exist on type 'JSX.IntrinsicElements'.
src/icons/Fonts/general-sans/GeneralSansVariable.tsx(1459,5): error TS2339: Property 'hkern' does not exist on type 'JSX.IntrinsicElements'.
src/icons/Fonts/general-sans/GeneralSansVariable.tsx(1460,5): error TS2339: Property 'hkern' does not exist on type 'JSX.IntrinsicElements'.
src/icons/Fonts/general-sans/GeneralSansVariable.tsx(1461,5): error TS2339: Property 'hkern' does not exist on type 'JSX.IntrinsicElements'.
src/icons/Fonts/general-sans/GeneralSansVariable.tsx(1462,5): error TS2339: Property 'hkern' does not exist on type 'JSX.IntrinsicElements'.
src/icons/Fonts/general-sans/GeneralSansVariable.tsx(1463,5): error TS2339: Property 'hkern' does not exist on type 'JSX.IntrinsicElements'.
src/icons/Fonts/general-sans/GeneralSansVariable.tsx(1464,5): error TS2339: Property 'hkern' does not exist on type 'JSX.IntrinsicElements'.
src/icons/Fonts/general-sans/GeneralSansVariable.tsx(1465,5): error TS2339: Property 'hkern' does not exist on type 'JSX.IntrinsicElements'.
src/icons/Fonts/general-sans/GeneralSansVariable.tsx(1466,5): error TS2339: Property 'hkern' does not exist on type 'JSX.IntrinsicElements'.
src/icons/Fonts/general-sans/GeneralSansVariable.tsx(1467,5): error TS2339: Property 'hkern' does not exist on type 'JSX.IntrinsicElements'.
src/icons/Fonts/general-sans/GeneralSansVariable.tsx(1468,5): error TS2339: Property 'hkern' does not exist on type 'JSX.IntrinsicElements'.
src/icons/Fonts/general-sans/GeneralSansVariable.tsx(1469,5): error TS2339: Property 'hkern' does not exist on type 'JSX.IntrinsicElements'.
src/icons/Fonts/general-sans/GeneralSansVariable.tsx(1470,5): error TS2339: Property 'hkern' does not exist on type 'JSX.IntrinsicElements'.
src/icons/Fonts/general-sans/GeneralSansVariable.tsx(1471,5): error TS2339: Property 'hkern' does not exist on type 'JSX.IntrinsicElements'.
src/icons/Fonts/general-sans/GeneralSansVariable.tsx(1472,5): error TS2339: Property 'hkern' does not exist on type 'JSX.IntrinsicElements'.
src/icons/Fonts/general-sans/GeneralSansVariable.tsx(1473,5): error TS2339: Property 'hkern' does not exist on type 'JSX.IntrinsicElements'.
src/icons/Fonts/general-sans/GeneralSansVariable.tsx(1474,5): error TS2339: Property 'hkern' does not exist on type 'JSX.IntrinsicElements'.
src/icons/Fonts/general-sans/GeneralSansVariable.tsx(1475,5): error TS2339: Property 'hkern' does not exist on type 'JSX.IntrinsicElements'.
src/icons/Fonts/general-sans/GeneralSansVariable.tsx(1476,5): error TS2339: Property 'hkern' does not exist on type 'JSX.IntrinsicElements'.
src/icons/Fonts/general-sans/GeneralSansVariable.tsx(1477,5): error TS2339: Property 'hkern' does not exist on type 'JSX.IntrinsicElements'.
src/icons/Fonts/general-sans/GeneralSansVariable.tsx(1478,5): error TS2339: Property 'hkern' does not exist on type 'JSX.IntrinsicElements'.
src/icons/Fonts/general-sans/GeneralSansVariable.tsx(1479,5): error TS2339: Property 'hkern' does not exist on type 'JSX.IntrinsicElements'.
src/icons/Fonts/general-sans/GeneralSansVariable.tsx(1480,5): error TS2339: Property 'hkern' does not exist on type 'JSX.IntrinsicElements'.
src/icons/Fonts/general-sans/GeneralSansVariable.tsx(1481,5): error TS2339: Property 'hkern' does not exist on type 'JSX.IntrinsicElements'.
src/icons/Fonts/general-sans/GeneralSansVariable.tsx(1482,5): error TS2339: Property 'hkern' does not exist on type 'JSX.IntrinsicElements'.
src/icons/Fonts/general-sans/GeneralSansVariable.tsx(1483,5): error TS2339: Property 'hkern' does not exist on type 'JSX.IntrinsicElements'.
src/icons/Fonts/general-sans/GeneralSansVariable.tsx(1484,5): error TS2339: Property 'hkern' does not exist on type 'JSX.IntrinsicElements'.
src/icons/Fonts/general-sans/GeneralSansVariable.tsx(1485,5): error TS2339: Property 'hkern' does not exist on type 'JSX.IntrinsicElements'.
src/icons/Fonts/general-sans/GeneralSansVariable.tsx(1486,5): error TS2339: Property 'hkern' does not exist on type 'JSX.IntrinsicElements'.
src/icons/Fonts/general-sans/GeneralSansVariable.tsx(1487,5): error TS2339: Property 'hkern' does not exist on type 'JSX.IntrinsicElements'.
src/icons/Fonts/general-sans/GeneralSansVariable.tsx(1488,5): error TS2339: Property 'hkern' does not exist on type 'JSX.IntrinsicElements'.
src/icons/Fonts/general-sans/GeneralSansVariable.tsx(1489,5): error TS2339: Property 'hkern' does not exist on type 'JSX.IntrinsicElements'.
src/icons/Fonts/general-sans/GeneralSansVariable.tsx(1490,5): error TS2339: Property 'hkern' does not exist on type 'JSX.IntrinsicElements'.
src/icons/Fonts/general-sans/GeneralSansVariable.tsx(1491,5): error TS2339: Property 'hkern' does not exist on type 'JSX.IntrinsicElements'.
src/icons/Fonts/general-sans/GeneralSansVariable.tsx(1492,5): error TS2339: Property 'hkern' does not exist on type 'JSX.IntrinsicElements'.
src/icons/Fonts/general-sans/GeneralSansVariable.tsx(1493,5): error TS2339: Property 'hkern' does not exist on type 'JSX.IntrinsicElements'.
src/icons/Fonts/general-sans/GeneralSansVariable.tsx(1494,5): error TS2339: Property 'hkern' does not exist on type 'JSX.IntrinsicElements'.
src/icons/Fonts/general-sans/GeneralSansVariable.tsx(1495,5): error TS2339: Property 'hkern' does not exist on type 'JSX.IntrinsicElements'.
src/icons/Fonts/general-sans/GeneralSansVariable.tsx(1496,5): error TS2339: Property 'hkern' does not exist on type 'JSX.IntrinsicElements'.
src/icons/Fonts/general-sans/GeneralSansVariable.tsx(1497,5): error TS2339: Property 'hkern' does not exist on type 'JSX.IntrinsicElements'.
src/icons/Fonts/general-sans/GeneralSansVariable.tsx(1498,5): error TS2339: Property 'hkern' does not exist on type 'JSX.IntrinsicElements'.
src/icons/Fonts/general-sans/GeneralSansVariable.tsx(1499,5): error TS2339: Property 'hkern' does not exist on type 'JSX.IntrinsicElements'.
src/icons/Fonts/general-sans/GeneralSansVariable.tsx(1500,5): error TS2339: Property 'hkern' does not exist on type 'JSX.IntrinsicElements'.
src/icons/Fonts/general-sans/GeneralSansVariable.tsx(1501,5): error TS2339: Property 'hkern' does not exist on type 'JSX.IntrinsicElements'.
src/icons/Fonts/general-sans/GeneralSansVariable.tsx(1502,5): error TS2339: Property 'hkern' does not exist on type 'JSX.IntrinsicElements'.
src/icons/Fonts/general-sans/GeneralSansVariable.tsx(1503,5): error TS2339: Property 'hkern' does not exist on type 'JSX.IntrinsicElements'.
src/icons/Fonts/general-sans/GeneralSansVariable.tsx(1504,5): error TS2339: Property 'hkern' does not exist on type 'JSX.IntrinsicElements'.
src/icons/Fonts/general-sans/GeneralSansVariable.tsx(1505,5): error TS2339: Property 'hkern' does not exist on type 'JSX.IntrinsicElements'.
src/icons/Fonts/general-sans/GeneralSansVariable.tsx(1506,5): error TS2339: Property 'hkern' does not exist on type 'JSX.IntrinsicElements'.
src/icons/Fonts/general-sans/GeneralSansVariable.tsx(1507,5): error TS2339: Property 'hkern' does not exist on type 'JSX.IntrinsicElements'.
src/icons/Fonts/general-sans/GeneralSansVariable.tsx(1508,5): error TS2339: Property 'hkern' does not exist on type 'JSX.IntrinsicElements'.
src/icons/Fonts/general-sans/GeneralSansVariable.tsx(1509,5): error TS2339: Property 'hkern' does not exist on type 'JSX.IntrinsicElements'.
src/icons/Fonts/general-sans/GeneralSansVariable.tsx(1510,5): error TS2339: Property 'hkern' does not exist on type 'JSX.IntrinsicElements'.
src/icons/Fonts/general-sans/GeneralSansVariable.tsx(1511,5): error TS2339: Property 'hkern' does not exist on type 'JSX.IntrinsicElements'.
src/icons/Fonts/general-sans/GeneralSansVariable.tsx(1512,5): error TS2339: Property 'hkern' does not exist on type 'JSX.IntrinsicElements'.
src/icons/Fonts/general-sans/GeneralSansVariable.tsx(1513,5): error TS2339: Property 'hkern' does not exist on type 'JSX.IntrinsicElements'.
src/icons/Fonts/general-sans/GeneralSansVariable.tsx(1514,5): error TS2339: Property 'hkern' does not exist on type 'JSX.IntrinsicElements'.
src/icons/Fonts/general-sans/GeneralSansVariable.tsx(1515,5): error TS2339: Property 'hkern' does not exist on type 'JSX.IntrinsicElements'.
src/icons/Fonts/general-sans/GeneralSansVariable.tsx(1516,5): error TS2339: Property 'hkern' does not exist on type 'JSX.IntrinsicElements'.
src/icons/Fonts/general-sans/GeneralSansVariable.tsx(1517,5): error TS2339: Property 'hkern' does not exist on type 'JSX.IntrinsicElements'.
src/icons/Fonts/general-sans/GeneralSansVariable.tsx(1518,5): error TS2339: Property 'hkern' does not exist on type 'JSX.IntrinsicElements'.
src/icons/Fonts/general-sans/GeneralSansVariable.tsx(1519,5): error TS2339: Property 'hkern' does not exist on type 'JSX.IntrinsicElements'.
src/icons/Fonts/general-sans/GeneralSansVariable.tsx(1520,5): error TS2339: Property 'hkern' does not exist on type 'JSX.IntrinsicElements'.
src/icons/Fonts/general-sans/GeneralSansVariable.tsx(1521,5): error TS2339: Property 'hkern' does not exist on type 'JSX.IntrinsicElements'.
src/icons/Fonts/general-sans/GeneralSansVariable.tsx(1522,5): error TS2339: Property 'hkern' does not exist on type 'JSX.IntrinsicElements'.
src/icons/Fonts/general-sans/GeneralSansVariable.tsx(1523,5): error TS2339: Property 'hkern' does not exist on type 'JSX.IntrinsicElements'.
src/icons/Fonts/general-sans/GeneralSansVariable.tsx(1524,5): error TS2339: Property 'hkern' does not exist on type 'JSX.IntrinsicElements'.
src/icons/Fonts/general-sans/GeneralSansVariable.tsx(1525,5): error TS2339: Property 'hkern' does not exist on type 'JSX.IntrinsicElements'.
src/icons/Fonts/general-sans/GeneralSansVariable.tsx(1526,5): error TS2339: Property 'hkern' does not exist on type 'JSX.IntrinsicElements'.
src/icons/Fonts/general-sans/GeneralSansVariable.tsx(1527,5): error TS2339: Property 'hkern' does not exist on type 'JSX.IntrinsicElements'.
src/icons/Fonts/general-sans/GeneralSansVariable.tsx(1528,5): error TS2339: Property 'hkern' does not exist on type 'JSX.IntrinsicElements'.
src/icons/Fonts/general-sans/GeneralSansVariable.tsx(1529,5): error TS2339: Property 'hkern' does not exist on type 'JSX.IntrinsicElements'.
src/icons/Fonts/general-sans/GeneralSansVariable.tsx(1530,5): error TS2339: Property 'hkern' does not exist on type 'JSX.IntrinsicElements'.
src/icons/Fonts/general-sans/GeneralSansVariable.tsx(1531,5): error TS2339: Property 'hkern' does not exist on type 'JSX.IntrinsicElements'.
src/icons/Fonts/general-sans/GeneralSansVariable.tsx(1532,5): error TS2339: Property 'hkern' does not exist on type 'JSX.IntrinsicElements'.
src/icons/Fonts/general-sans/GeneralSansVariable.tsx(1533,5): error TS2339: Property 'hkern' does not exist on type 'JSX.IntrinsicElements'.
src/icons/Fonts/general-sans/GeneralSansVariable.tsx(1534,5): error TS2339: Property 'hkern' does not exist on type 'JSX.IntrinsicElements'.
src/icons/Fonts/general-sans/GeneralSansVariable.tsx(1535,5): error TS2339: Property 'hkern' does not exist on type 'JSX.IntrinsicElements'.
src/icons/Fonts/general-sans/GeneralSansVariable.tsx(1536,5): error TS2339: Property 'hkern' does not exist on type 'JSX.IntrinsicElements'.
src/icons/Fonts/general-sans/GeneralSansVariable.tsx(1537,5): error TS2339: Property 'hkern' does not exist on type 'JSX.IntrinsicElements'.
src/icons/Fonts/general-sans/GeneralSansVariable.tsx(1538,5): error TS2339: Property 'hkern' does not exist on type 'JSX.IntrinsicElements'.
src/icons/Fonts/general-sans/GeneralSansVariable.tsx(1539,5): error TS2339: Property 'hkern' does not exist on type 'JSX.IntrinsicElements'.
src/icons/Fonts/general-sans/GeneralSansVariable.tsx(1540,5): error TS2339: Property 'hkern' does not exist on type 'JSX.IntrinsicElements'.
src/icons/Fonts/general-sans/GeneralSansVariable.tsx(1541,5): error TS2339: Property 'hkern' does not exist on type 'JSX.IntrinsicElements'.
src/icons/Fonts/general-sans/GeneralSansVariable.tsx(1542,5): error TS2339: Property 'hkern' does not exist on type 'JSX.IntrinsicElements'.
src/icons/Fonts/general-sans/GeneralSansVariable.tsx(1543,5): error TS2339: Property 'hkern' does not exist on type 'JSX.IntrinsicElements'.
src/icons/Fonts/general-sans/GeneralSansVariable.tsx(1544,5): error TS2339: Property 'hkern' does not exist on type 'JSX.IntrinsicElements'.
src/icons/Fonts/general-sans/GeneralSansVariable.tsx(1545,5): error TS2339: Property 'hkern' does not exist on type 'JSX.IntrinsicElements'.
src/icons/Fonts/general-sans/GeneralSansVariable.tsx(1546,5): error TS2339: Property 'hkern' does not exist on type 'JSX.IntrinsicElements'.
src/icons/Fonts/general-sans/GeneralSansVariable.tsx(1547,5): error TS2339: Property 'hkern' does not exist on type 'JSX.IntrinsicElements'.
src/icons/Fonts/general-sans/GeneralSansVariable.tsx(1548,5): error TS2339: Property 'hkern' does not exist on type 'JSX.IntrinsicElements'.
src/icons/Fonts/general-sans/GeneralSansVariable.tsx(1549,5): error TS2339: Property 'hkern' does not exist on type 'JSX.IntrinsicElements'.
src/icons/Fonts/general-sans/GeneralSansVariable.tsx(1550,5): error TS2339: Property 'hkern' does not exist on type 'JSX.IntrinsicElements'.
src/icons/Fonts/general-sans/GeneralSansVariable.tsx(1551,5): error TS2339: Property 'hkern' does not exist on type 'JSX.IntrinsicElements'.
src/icons/Fonts/general-sans/GeneralSansVariable.tsx(1552,5): error TS2339: Property 'hkern' does not exist on type 'JSX.IntrinsicElements'.
src/icons/Fonts/general-sans/GeneralSansVariable.tsx(1553,5): error TS2339: Property 'hkern' does not exist on type 'JSX.IntrinsicElements'.
src/icons/Fonts/general-sans/GeneralSansVariable.tsx(1554,5): error TS2339: Property 'hkern' does not exist on type 'JSX.IntrinsicElements'.
src/icons/Fonts/general-sans/GeneralSansVariable.tsx(1555,5): error TS2339: Property 'hkern' does not exist on type 'JSX.IntrinsicElements'.
src/icons/Fonts/general-sans/GeneralSansVariable.tsx(1556,5): error TS2339: Property 'hkern' does not exist on type 'JSX.IntrinsicElements'.
src/icons/Fonts/general-sans/GeneralSansVariable.tsx(1557,5): error TS2339: Property 'hkern' does not exist on type 'JSX.IntrinsicElements'.
src/icons/Fonts/general-sans/GeneralSansVariable.tsx(1558,5): error TS2339: Property 'hkern' does not exist on type 'JSX.IntrinsicElements'.
src/icons/Fonts/general-sans/GeneralSansVariable.tsx(1559,5): error TS2339: Property 'hkern' does not exist on type 'JSX.IntrinsicElements'.
src/icons/Fonts/general-sans/GeneralSansVariable.tsx(1560,5): error TS2339: Property 'hkern' does not exist on type 'JSX.IntrinsicElements'.
src/icons/Fonts/general-sans/GeneralSansVariable.tsx(1561,5): error TS2339: Property 'hkern' does not exist on type 'JSX.IntrinsicElements'.
src/icons/Fonts/general-sans/GeneralSansVariable.tsx(1562,5): error TS2339: Property 'hkern' does not exist on type 'JSX.IntrinsicElements'.
src/icons/Fonts/general-sans/GeneralSansVariable.tsx(1563,5): error TS2339: Property 'hkern' does not exist on type 'JSX.IntrinsicElements'.
src/icons/Fonts/general-sans/GeneralSansVariable.tsx(1564,5): error TS2339: Property 'hkern' does not exist on type 'JSX.IntrinsicElements'.
src/icons/Fonts/general-sans/GeneralSansVariable.tsx(1565,5): error TS2339: Property 'hkern' does not exist on type 'JSX.IntrinsicElements'.
src/icons/Fonts/general-sans/GeneralSansVariable.tsx(1566,5): error TS2339: Property 'hkern' does not exist on type 'JSX.IntrinsicElements'.
src/icons/Fonts/general-sans/GeneralSansVariable.tsx(1567,5): error TS2339: Property 'hkern' does not exist on type 'JSX.IntrinsicElements'.
src/icons/Fonts/general-sans/GeneralSansVariable.tsx(1568,5): error TS2339: Property 'hkern' does not exist on type 'JSX.IntrinsicElements'.
src/icons/Fonts/general-sans/GeneralSansVariable.tsx(1569,5): error TS2339: Property 'hkern' does not exist on type 'JSX.IntrinsicElements'.
src/icons/Fonts/general-sans/GeneralSansVariable.tsx(1570,5): error TS2339: Property 'hkern' does not exist on type 'JSX.IntrinsicElements'.
src/icons/Fonts/general-sans/GeneralSansVariable.tsx(1571,5): error TS2339: Property 'hkern' does not exist on type 'JSX.IntrinsicElements'.
src/icons/Fonts/general-sans/GeneralSansVariable.tsx(1572,5): error TS2339: Property 'hkern' does not exist on type 'JSX.IntrinsicElements'.
src/icons/Fonts/general-sans/GeneralSansVariable.tsx(1573,5): error TS2339: Property 'hkern' does not exist on type 'JSX.IntrinsicElements'.
src/icons/Fonts/general-sans/GeneralSansVariable.tsx(1574,5): error TS2339: Property 'hkern' does not exist on type 'JSX.IntrinsicElements'.
src/icons/Fonts/general-sans/GeneralSansVariable.tsx(1575,5): error TS2339: Property 'hkern' does not exist on type 'JSX.IntrinsicElements'.
src/icons/Fonts/general-sans/GeneralSansVariable.tsx(1576,5): error TS2339: Property 'hkern' does not exist on type 'JSX.IntrinsicElements'.
src/icons/Fonts/general-sans/GeneralSansVariable.tsx(1577,5): error TS2339: Property 'hkern' does not exist on type 'JSX.IntrinsicElements'.
src/icons/Fonts/general-sans/GeneralSansVariable.tsx(1578,5): error TS2339: Property 'hkern' does not exist on type 'JSX.IntrinsicElements'.
src/icons/Fonts/general-sans/GeneralSansVariable.tsx(1579,5): error TS2339: Property 'hkern' does not exist on type 'JSX.IntrinsicElements'.
src/icons/Fonts/general-sans/GeneralSansVariable.tsx(1580,5): error TS2339: Property 'hkern' does not exist on type 'JSX.IntrinsicElements'.
src/icons/Fonts/general-sans/GeneralSansVariable.tsx(1581,5): error TS2339: Property 'hkern' does not exist on type 'JSX.IntrinsicElements'.
src/icons/Fonts/general-sans/GeneralSansVariable.tsx(1582,5): error TS2339: Property 'hkern' does not exist on type 'JSX.IntrinsicElements'.
src/icons/Fonts/general-sans/GeneralSansVariable.tsx(1583,5): error TS2339: Property 'hkern' does not exist on type 'JSX.IntrinsicElements'.
src/icons/Fonts/general-sans/GeneralSansVariable.tsx(1584,5): error TS2339: Property 'hkern' does not exist on type 'JSX.IntrinsicElements'.
src/icons/Fonts/general-sans/GeneralSansVariable.tsx(1585,5): error TS2339: Property 'hkern' does not exist on type 'JSX.IntrinsicElements'.
src/icons/Fonts/general-sans/GeneralSansVariable.tsx(1586,5): error TS2339: Property 'hkern' does not exist on type 'JSX.IntrinsicElements'.
src/icons/Fonts/general-sans/GeneralSansVariable.tsx(1587,5): error TS2339: Property 'hkern' does not exist on type 'JSX.IntrinsicElements'.
src/icons/Fonts/general-sans/GeneralSansVariable.tsx(1588,5): error TS2339: Property 'hkern' does not exist on type 'JSX.IntrinsicElements'.
src/icons/Fonts/general-sans/GeneralSansVariable.tsx(1589,5): error TS2339: Property 'hkern' does not exist on type 'JSX.IntrinsicElements'.
src/icons/Fonts/general-sans/GeneralSansVariable.tsx(1590,5): error TS2339: Property 'hkern' does not exist on type 'JSX.IntrinsicElements'.
src/icons/Fonts/general-sans/GeneralSansVariable.tsx(1591,5): error TS2339: Property 'hkern' does not exist on type 'JSX.IntrinsicElements'.
src/icons/Fonts/general-sans/GeneralSansVariable.tsx(1592,5): error TS2339: Property 'hkern' does not exist on type 'JSX.IntrinsicElements'.
src/icons/Fonts/general-sans/GeneralSansVariable.tsx(1593,5): error TS2339: Property 'hkern' does not exist on type 'JSX.IntrinsicElements'.
src/icons/Fonts/general-sans/GeneralSansVariable.tsx(1594,5): error TS2339: Property 'hkern' does not exist on type 'JSX.IntrinsicElements'.
src/icons/Fonts/general-sans/GeneralSansVariable.tsx(1595,5): error TS2339: Property 'hkern' does not exist on type 'JSX.IntrinsicElements'.
src/icons/Fonts/general-sans/GeneralSansVariable.tsx(1596,5): error TS2339: Property 'hkern' does not exist on type 'JSX.IntrinsicElements'.
src/icons/Fonts/general-sans/GeneralSansVariable.tsx(1597,5): error TS2339: Property 'hkern' does not exist on type 'JSX.IntrinsicElements'.
src/icons/Fonts/general-sans/GeneralSansVariable.tsx(1598,5): error TS2339: Property 'hkern' does not exist on type 'JSX.IntrinsicElements'.
src/icons/Fonts/general-sans/GeneralSansVariable.tsx(1599,5): error TS2339: Property 'hkern' does not exist on type 'JSX.IntrinsicElements'.
src/icons/Fonts/general-sans/GeneralSansVariable.tsx(1600,5): error TS2339: Property 'hkern' does not exist on type 'JSX.IntrinsicElements'.
src/icons/Fonts/general-sans/GeneralSansVariable.tsx(1601,5): error TS2339: Property 'hkern' does not exist on type 'JSX.IntrinsicElements'.
src/icons/Fonts/general-sans/GeneralSansVariable.tsx(1602,5): error TS2339: Property 'hkern' does not exist on type 'JSX.IntrinsicElements'.
src/icons/Fonts/general-sans/GeneralSansVariable.tsx(1603,5): error TS2339: Property 'hkern' does not exist on type 'JSX.IntrinsicElements'.
src/icons/Fonts/general-sans/GeneralSansVariable.tsx(1604,5): error TS2339: Property 'hkern' does not exist on type 'JSX.IntrinsicElements'.
src/icons/Fonts/general-sans/GeneralSansVariable.tsx(1605,5): error TS2339: Property 'hkern' does not exist on type 'JSX.IntrinsicElements'.
src/icons/Fonts/general-sans/GeneralSansVariable.tsx(1606,5): error TS2339: Property 'hkern' does not exist on type 'JSX.IntrinsicElements'.
src/icons/Fonts/general-sans/GeneralSansVariable.tsx(1607,5): error TS2339: Property 'hkern' does not exist on type 'JSX.IntrinsicElements'.
src/icons/Fonts/general-sans/GeneralSansVariable.tsx(1608,5): error TS2339: Property 'hkern' does not exist on type 'JSX.IntrinsicElements'.
src/icons/Fonts/general-sans/GeneralSansVariable.tsx(1609,5): error TS2339: Property 'hkern' does not exist on type 'JSX.IntrinsicElements'.
src/icons/Fonts/general-sans/GeneralSansVariable.tsx(1610,5): error TS2339: Property 'hkern' does not exist on type 'JSX.IntrinsicElements'.
src/icons/Fonts/general-sans/GeneralSansVariable.tsx(1611,5): error TS2339: Property 'hkern' does not exist on type 'JSX.IntrinsicElements'.
src/icons/Fonts/general-sans/GeneralSansVariable.tsx(1612,5): error TS2339: Property 'hkern' does not exist on type 'JSX.IntrinsicElements'.
src/icons/Fonts/general-sans/GeneralSansVariable.tsx(1613,5): error TS2339: Property 'hkern' does not exist on type 'JSX.IntrinsicElements'.
src/icons/Fonts/general-sans/GeneralSansVariable.tsx(1614,5): error TS2339: Property 'hkern' does not exist on type 'JSX.IntrinsicElements'.
src/icons/Fonts/general-sans/GeneralSansVariable.tsx(1615,5): error TS2339: Property 'hkern' does not exist on type 'JSX.IntrinsicElements'.
src/icons/Fonts/general-sans/GeneralSansVariable.tsx(1616,5): error TS2339: Property 'hkern' does not exist on type 'JSX.IntrinsicElements'.
src/icons/Fonts/general-sans/GeneralSansVariable.tsx(1617,5): error TS2339: Property 'hkern' does not exist on type 'JSX.IntrinsicElements'.
src/icons/Fonts/general-sans/GeneralSansVariable.tsx(1618,5): error TS2339: Property 'hkern' does not exist on type 'JSX.IntrinsicElements'.
src/icons/Fonts/general-sans/GeneralSansVariable.tsx(1619,5): error TS2339: Property 'hkern' does not exist on type 'JSX.IntrinsicElements'.
src/icons/Fonts/general-sans/GeneralSansVariable.tsx(1620,5): error TS2339: Property 'hkern' does not exist on type 'JSX.IntrinsicElements'.
src/icons/Fonts/general-sans/GeneralSansVariable.tsx(1621,5): error TS2339: Property 'hkern' does not exist on type 'JSX.IntrinsicElements'.
src/icons/Fonts/general-sans/GeneralSansVariable.tsx(1622,5): error TS2339: Property 'hkern' does not exist on type 'JSX.IntrinsicElements'.
src/icons/Fonts/general-sans/GeneralSansVariable.tsx(1623,5): error TS2339: Property 'hkern' does not exist on type 'JSX.IntrinsicElements'.
src/icons/Fonts/general-sans/GeneralSansVariable.tsx(1624,5): error TS2339: Property 'hkern' does not exist on type 'JSX.IntrinsicElements'.
src/icons/Fonts/general-sans/GeneralSansVariable.tsx(1625,5): error TS2339: Property 'hkern' does not exist on type 'JSX.IntrinsicElements'.
src/icons/Fonts/general-sans/GeneralSansVariable.tsx(1626,5): error TS2339: Property 'hkern' does not exist on type 'JSX.IntrinsicElements'.
src/icons/Fonts/general-sans/GeneralSansVariable.tsx(1627,5): error TS2339: Property 'hkern' does not exist on type 'JSX.IntrinsicElements'.
src/icons/Fonts/general-sans/GeneralSansVariable.tsx(1628,5): error TS2339: Property 'hkern' does not exist on type 'JSX.IntrinsicElements'.
src/icons/Fonts/general-sans/GeneralSansVariable.tsx(1629,5): error TS2339: Property 'hkern' does not exist on type 'JSX.IntrinsicElements'.
src/icons/Fonts/general-sans/GeneralSansVariable.tsx(1630,5): error TS2339: Property 'hkern' does not exist on type 'JSX.IntrinsicElements'.
src/icons/Fonts/general-sans/GeneralSansVariable.tsx(1631,5): error TS2339: Property 'hkern' does not exist on type 'JSX.IntrinsicElements'.
src/icons/Fonts/general-sans/GeneralSansVariable.tsx(1632,5): error TS2339: Property 'hkern' does not exist on type 'JSX.IntrinsicElements'.
src/icons/Fonts/general-sans/GeneralSansVariable.tsx(1633,5): error TS2339: Property 'hkern' does not exist on type 'JSX.IntrinsicElements'.
src/icons/Fonts/general-sans/GeneralSansVariable.tsx(1634,5): error TS2339: Property 'hkern' does not exist on type 'JSX.IntrinsicElements'.
src/icons/Fonts/general-sans/GeneralSansVariable.tsx(1635,5): error TS2339: Property 'hkern' does not exist on type 'JSX.IntrinsicElements'.
src/icons/Fonts/general-sans/GeneralSansVariable.tsx(1636,5): error TS2339: Property 'hkern' does not exist on type 'JSX.IntrinsicElements'.
src/icons/Fonts/general-sans/GeneralSansVariable.tsx(1637,5): error TS2339: Property 'hkern' does not exist on type 'JSX.IntrinsicElements'.
src/icons/Fonts/general-sans/GeneralSansVariable.tsx(1638,5): error TS2339: Property 'hkern' does not exist on type 'JSX.IntrinsicElements'.
src/icons/Fonts/general-sans/GeneralSansVariable.tsx(1639,5): error TS2339: Property 'hkern' does not exist on type 'JSX.IntrinsicElements'.
src/icons/Fonts/general-sans/GeneralSansVariable.tsx(1640,5): error TS2339: Property 'hkern' does not exist on type 'JSX.IntrinsicElements'.
src/icons/Fonts/general-sans/GeneralSansVariable.tsx(1641,5): error TS2339: Property 'hkern' does not exist on type 'JSX.IntrinsicElements'.
src/icons/Fonts/general-sans/GeneralSansVariable.tsx(1642,5): error TS2339: Property 'hkern' does not exist on type 'JSX.IntrinsicElements'.
src/icons/Fonts/general-sans/GeneralSansVariable.tsx(1643,5): error TS2339: Property 'hkern' does not exist on type 'JSX.IntrinsicElements'.
src/icons/Fonts/general-sans/GeneralSansVariable.tsx(1644,5): error TS2339: Property 'hkern' does not exist on type 'JSX.IntrinsicElements'.
src/icons/Fonts/general-sans/GeneralSansVariable.tsx(1645,5): error TS2339: Property 'hkern' does not exist on type 'JSX.IntrinsicElements'.
src/icons/Fonts/general-sans/GeneralSansVariable.tsx(1646,5): error TS2339: Property 'hkern' does not exist on type 'JSX.IntrinsicElements'.
src/icons/Fonts/general-sans/GeneralSansVariable.tsx(1647,5): error TS2339: Property 'hkern' does not exist on type 'JSX.IntrinsicElements'.
src/icons/Fonts/general-sans/GeneralSansVariable.tsx(1648,5): error TS2339: Property 'hkern' does not exist on type 'JSX.IntrinsicElements'.
src/icons/Fonts/general-sans/GeneralSansVariable.tsx(1649,5): error TS2339: Property 'hkern' does not exist on type 'JSX.IntrinsicElements'.
src/icons/Fonts/general-sans/GeneralSansVariable.tsx(1650,5): error TS2339: Property 'hkern' does not exist on type 'JSX.IntrinsicElements'.
src/icons/Fonts/general-sans/GeneralSansVariable.tsx(1651,5): error TS2339: Property 'hkern' does not exist on type 'JSX.IntrinsicElements'.
src/icons/Fonts/general-sans/GeneralSansVariable.tsx(1652,5): error TS2339: Property 'hkern' does not exist on type 'JSX.IntrinsicElements'.
src/icons/Fonts/general-sans/GeneralSansVariable.tsx(1653,5): error TS2339: Property 'hkern' does not exist on type 'JSX.IntrinsicElements'.
src/icons/Fonts/general-sans/GeneralSansVariable.tsx(1654,5): error TS2339: Property 'hkern' does not exist on type 'JSX.IntrinsicElements'.
src/icons/Fonts/general-sans/GeneralSansVariable.tsx(1655,5): error TS2339: Property 'hkern' does not exist on type 'JSX.IntrinsicElements'.
src/icons/Fonts/general-sans/GeneralSansVariable.tsx(1656,5): error TS2339: Property 'hkern' does not exist on type 'JSX.IntrinsicElements'.
src/icons/Fonts/general-sans/GeneralSansVariable.tsx(1657,5): error TS2339: Property 'hkern' does not exist on type 'JSX.IntrinsicElements'.
src/icons/Fonts/general-sans/GeneralSansVariable.tsx(1658,5): error TS2339: Property 'hkern' does not exist on type 'JSX.IntrinsicElements'.
src/icons/Fonts/general-sans/GeneralSansVariable.tsx(1659,5): error TS2339: Property 'hkern' does not exist on type 'JSX.IntrinsicElements'.
src/icons/Fonts/general-sans/GeneralSansVariable.tsx(1660,5): error TS2339: Property 'hkern' does not exist on type 'JSX.IntrinsicElements'.
src/icons/Fonts/general-sans/GeneralSansVariable.tsx(1661,5): error TS2339: Property 'hkern' does not exist on type 'JSX.IntrinsicElements'.
src/icons/Fonts/general-sans/GeneralSansVariable.tsx(1662,5): error TS2339: Property 'hkern' does not exist on type 'JSX.IntrinsicElements'.
src/icons/Fonts/general-sans/GeneralSansVariable.tsx(1663,5): error TS2339: Property 'hkern' does not exist on type 'JSX.IntrinsicElements'.
src/icons/Fonts/general-sans/GeneralSansVariable.tsx(1664,5): error TS2339: Property 'hkern' does not exist on type 'JSX.IntrinsicElements'.
src/icons/Fonts/general-sans/GeneralSansVariable.tsx(1665,5): error TS2339: Property 'hkern' does not exist on type 'JSX.IntrinsicElements'.
src/icons/Fonts/general-sans/GeneralSansVariable.tsx(1666,5): error TS2339: Property 'hkern' does not exist on type 'JSX.IntrinsicElements'.
src/icons/Fonts/general-sans/GeneralSansVariable.tsx(1667,5): error TS2339: Property 'hkern' does not exist on type 'JSX.IntrinsicElements'.
src/icons/Fonts/general-sans/GeneralSansVariable.tsx(1668,5): error TS2339: Property 'hkern' does not exist on type 'JSX.IntrinsicElements'.
src/icons/Fonts/general-sans/GeneralSansVariable.tsx(1669,5): error TS2339: Property 'hkern' does not exist on type 'JSX.IntrinsicElements'.
src/icons/Fonts/general-sans/GeneralSansVariable.tsx(1670,5): error TS2339: Property 'hkern' does not exist on type 'JSX.IntrinsicElements'.
src/icons/Fonts/general-sans/GeneralSansVariable.tsx(1671,5): error TS2339: Property 'hkern' does not exist on type 'JSX.IntrinsicElements'.
src/icons/Fonts/general-sans/GeneralSansVariable.tsx(1672,5): error TS2339: Property 'hkern' does not exist on type 'JSX.IntrinsicElements'.
src/icons/Fonts/general-sans/GeneralSansVariable.tsx(1673,5): error TS2339: Property 'hkern' does not exist on type 'JSX.IntrinsicElements'.
src/icons/Fonts/general-sans/GeneralSansVariable.tsx(1674,5): error TS2339: Property 'hkern' does not exist on type 'JSX.IntrinsicElements'.
src/icons/Fonts/general-sans/GeneralSansVariable.tsx(1675,5): error TS2339: Property 'hkern' does not exist on type 'JSX.IntrinsicElements'.
src/icons/Fonts/general-sans/GeneralSansVariable.tsx(1676,5): error TS2339: Property 'hkern' does not exist on type 'JSX.IntrinsicElements'.
src/icons/Fonts/general-sans/GeneralSansVariable.tsx(1677,5): error TS2339: Property 'hkern' does not exist on type 'JSX.IntrinsicElements'.
src/icons/Fonts/general-sans/GeneralSansVariable.tsx(1678,5): error TS2339: Property 'hkern' does not exist on type 'JSX.IntrinsicElements'.
src/icons/Fonts/general-sans/GeneralSansVariable.tsx(1679,5): error TS2339: Property 'hkern' does not exist on type 'JSX.IntrinsicElements'.
src/icons/Fonts/general-sans/GeneralSansVariable.tsx(1680,5): error TS2339: Property 'hkern' does not exist on type 'JSX.IntrinsicElements'.
src/icons/Fonts/general-sans/GeneralSansVariable.tsx(1681,5): error TS2339: Property 'hkern' does not exist on type 'JSX.IntrinsicElements'.
src/icons/Fonts/general-sans/GeneralSansVariable.tsx(1682,5): error TS2339: Property 'hkern' does not exist on type 'JSX.IntrinsicElements'.
src/icons/Fonts/general-sans/GeneralSansVariable.tsx(1683,5): error TS2339: Property 'hkern' does not exist on type 'JSX.IntrinsicElements'.
src/icons/Fonts/general-sans/GeneralSansVariable.tsx(1684,5): error TS2339: Property 'hkern' does not exist on type 'JSX.IntrinsicElements'.
src/icons/Fonts/general-sans/GeneralSansVariable.tsx(1685,5): error TS2339: Property 'hkern' does not exist on type 'JSX.IntrinsicElements'.
src/icons/Fonts/general-sans/GeneralSansVariable.tsx(1686,5): error TS2339: Property 'hkern' does not exist on type 'JSX.IntrinsicElements'.
src/icons/Fonts/general-sans/GeneralSansVariable.tsx(1687,5): error TS2339: Property 'hkern' does not exist on type 'JSX.IntrinsicElements'.
src/icons/Fonts/general-sans/GeneralSansVariable.tsx(1688,5): error TS2339: Property 'hkern' does not exist on type 'JSX.IntrinsicElements'.
src/icons/Fonts/general-sans/GeneralSansVariable.tsx(1689,5): error TS2339: Property 'hkern' does not exist on type 'JSX.IntrinsicElements'.
src/icons/Fonts/general-sans/GeneralSansVariable.tsx(1690,5): error TS2339: Property 'hkern' does not exist on type 'JSX.IntrinsicElements'.
src/icons/Fonts/general-sans/GeneralSansVariable.tsx(1691,5): error TS2339: Property 'hkern' does not exist on type 'JSX.IntrinsicElements'.
src/icons/Fonts/general-sans/GeneralSansVariable.tsx(1692,5): error TS2339: Property 'hkern' does not exist on type 'JSX.IntrinsicElements'.
src/icons/Fonts/general-sans/GeneralSansVariable.tsx(1693,5): error TS2339: Property 'hkern' does not exist on type 'JSX.IntrinsicElements'.
src/icons/Fonts/general-sans/GeneralSansVariable.tsx(1694,5): error TS2339: Property 'hkern' does not exist on type 'JSX.IntrinsicElements'.
src/icons/Fonts/general-sans/GeneralSansVariable.tsx(1695,5): error TS2339: Property 'hkern' does not exist on type 'JSX.IntrinsicElements'.
src/icons/Fonts/general-sans/GeneralSansVariable.tsx(1696,5): error TS2339: Property 'hkern' does not exist on type 'JSX.IntrinsicElements'.
src/icons/Fonts/general-sans/GeneralSansVariable.tsx(1697,5): error TS2339: Property 'hkern' does not exist on type 'JSX.IntrinsicElements'.
src/icons/Fonts/general-sans/GeneralSansVariable.tsx(1698,5): error TS2339: Property 'hkern' does not exist on type 'JSX.IntrinsicElements'.
src/icons/Fonts/general-sans/GeneralSansVariable.tsx(1699,5): error TS2339: Property 'hkern' does not exist on type 'JSX.IntrinsicElements'.
src/icons/Fonts/general-sans/GeneralSansVariable.tsx(1700,5): error TS2339: Property 'hkern' does not exist on type 'JSX.IntrinsicElements'.
src/icons/Fonts/general-sans/GeneralSansVariable.tsx(1701,5): error TS2339: Property 'hkern' does not exist on type 'JSX.IntrinsicElements'.
src/icons/Fonts/general-sans/GeneralSansVariable.tsx(1702,5): error TS2339: Property 'hkern' does not exist on type 'JSX.IntrinsicElements'.
src/icons/Fonts/general-sans/GeneralSansVariable.tsx(1703,5): error TS2339: Property 'hkern' does not exist on type 'JSX.IntrinsicElements'.
src/icons/Fonts/general-sans/GeneralSansVariable.tsx(1704,5): error TS2339: Property 'hkern' does not exist on type 'JSX.IntrinsicElements'.
src/icons/Fonts/general-sans/GeneralSansVariable.tsx(1705,5): error TS2339: Property 'hkern' does not exist on type 'JSX.IntrinsicElements'.
src/icons/Fonts/general-sans/GeneralSansVariable.tsx(1706,5): error TS2339: Property 'hkern' does not exist on type 'JSX.IntrinsicElements'.
src/icons/Fonts/general-sans/GeneralSansVariable.tsx(1707,5): error TS2339: Property 'hkern' does not exist on type 'JSX.IntrinsicElements'.
src/icons/Fonts/general-sans/GeneralSansVariable.tsx(1708,5): error TS2339: Property 'hkern' does not exist on type 'JSX.IntrinsicElements'.
src/icons/Fonts/general-sans/GeneralSansVariable.tsx(1709,5): error TS2339: Property 'hkern' does not exist on type 'JSX.IntrinsicElements'.
src/icons/Fonts/general-sans/GeneralSansVariable.tsx(1710,5): error TS2339: Property 'hkern' does not exist on type 'JSX.IntrinsicElements'.
src/icons/Fonts/general-sans/GeneralSansVariable.tsx(1711,5): error TS2339: Property 'hkern' does not exist on type 'JSX.IntrinsicElements'.
src/icons/Fonts/general-sans/GeneralSansVariable.tsx(1712,5): error TS2339: Property 'hkern' does not exist on type 'JSX.IntrinsicElements'.
src/icons/Fonts/general-sans/GeneralSansVariable.tsx(1713,5): error TS2339: Property 'hkern' does not exist on type 'JSX.IntrinsicElements'.
src/icons/Fonts/general-sans/GeneralSansVariable.tsx(1714,5): error TS2339: Property 'hkern' does not exist on type 'JSX.IntrinsicElements'.
src/icons/Fonts/general-sans/GeneralSansVariable.tsx(1715,5): error TS2339: Property 'hkern' does not exist on type 'JSX.IntrinsicElements'.
src/icons/Fonts/general-sans/GeneralSansVariable.tsx(1716,5): error TS2339: Property 'hkern' does not exist on type 'JSX.IntrinsicElements'.
src/icons/Fonts/general-sans/GeneralSansVariable.tsx(1717,5): error TS2339: Property 'hkern' does not exist on type 'JSX.IntrinsicElements'.
src/icons/Fonts/general-sans/GeneralSansVariable.tsx(1718,5): error TS2339: Property 'hkern' does not exist on type 'JSX.IntrinsicElements'.
src/icons/Fonts/general-sans/GeneralSansVariable.tsx(1719,5): error TS2339: Property 'hkern' does not exist on type 'JSX.IntrinsicElements'.
src/icons/Fonts/general-sans/GeneralSansVariable.tsx(1720,5): error TS2339: Property 'hkern' does not exist on type 'JSX.IntrinsicElements'.
src/icons/Fonts/general-sans/GeneralSansVariable.tsx(1721,5): error TS2339: Property 'hkern' does not exist on type 'JSX.IntrinsicElements'.
src/icons/Fonts/general-sans/GeneralSansVariable.tsx(1722,5): error TS2339: Property 'hkern' does not exist on type 'JSX.IntrinsicElements'.
src/icons/Fonts/general-sans/GeneralSansVariable.tsx(1723,5): error TS2339: Property 'hkern' does not exist on type 'JSX.IntrinsicElements'.
src/icons/Fonts/general-sans/GeneralSansVariable.tsx(1724,5): error TS2339: Property 'hkern' does not exist on type 'JSX.IntrinsicElements'.
src/icons/Fonts/general-sans/GeneralSansVariable.tsx(1725,5): error TS2339: Property 'hkern' does not exist on type 'JSX.IntrinsicElements'.
src/icons/Fonts/general-sans/GeneralSansVariable.tsx(1726,5): error TS2339: Property 'hkern' does not exist on type 'JSX.IntrinsicElements'.
src/icons/Fonts/general-sans/GeneralSansVariable.tsx(1727,5): error TS2339: Property 'hkern' does not exist on type 'JSX.IntrinsicElements'.
src/icons/Fonts/general-sans/GeneralSansVariable.tsx(1728,5): error TS2339: Property 'hkern' does not exist on type 'JSX.IntrinsicElements'.
src/icons/Fonts/general-sans/GeneralSansVariable.tsx(1729,5): error TS2339: Property 'hkern' does not exist on type 'JSX.IntrinsicElements'.
src/icons/Fonts/general-sans/GeneralSansVariable.tsx(1730,5): error TS2339: Property 'hkern' does not exist on type 'JSX.IntrinsicElements'.
src/icons/Fonts/general-sans/GeneralSansVariable.tsx(1731,5): error TS2339: Property 'hkern' does not exist on type 'JSX.IntrinsicElements'.
src/icons/Fonts/general-sans/GeneralSansVariable.tsx(1732,5): error TS2339: Property 'hkern' does not exist on type 'JSX.IntrinsicElements'.
src/icons/Fonts/general-sans/GeneralSansVariable.tsx(1733,5): error TS2339: Property 'hkern' does not exist on type 'JSX.IntrinsicElements'.
src/icons/Fonts/general-sans/GeneralSansVariable.tsx(1734,5): error TS2339: Property 'hkern' does not exist on type 'JSX.IntrinsicElements'.
src/icons/Fonts/general-sans/GeneralSansVariable.tsx(1735,5): error TS2339: Property 'hkern' does not exist on type 'JSX.IntrinsicElements'.
src/icons/Fonts/general-sans/GeneralSansVariable.tsx(1736,5): error TS2339: Property 'hkern' does not exist on type 'JSX.IntrinsicElements'.
src/icons/Fonts/general-sans/GeneralSansVariable.tsx(1737,5): error TS2339: Property 'hkern' does not exist on type 'JSX.IntrinsicElements'.
src/icons/Fonts/general-sans/GeneralSansVariable.tsx(1738,5): error TS2339: Property 'hkern' does not exist on type 'JSX.IntrinsicElements'.
src/icons/Fonts/general-sans/GeneralSansVariable.tsx(1739,5): error TS2339: Property 'hkern' does not exist on type 'JSX.IntrinsicElements'.
src/icons/Fonts/general-sans/GeneralSansVariable.tsx(1740,5): error TS2339: Property 'hkern' does not exist on type 'JSX.IntrinsicElements'.
src/icons/Fonts/general-sans/GeneralSansVariable.tsx(1741,5): error TS2339: Property 'hkern' does not exist on type 'JSX.IntrinsicElements'.
src/icons/Fonts/general-sans/GeneralSansVariable.tsx(1742,5): error TS2339: Property 'hkern' does not exist on type 'JSX.IntrinsicElements'.
src/icons/Fonts/general-sans/GeneralSansVariable.tsx(1743,5): error TS2339: Property 'hkern' does not exist on type 'JSX.IntrinsicElements'.
src/icons/Fonts/general-sans/GeneralSansVariable.tsx(1744,5): error TS2339: Property 'hkern' does not exist on type 'JSX.IntrinsicElements'.
src/icons/Fonts/general-sans/GeneralSansVariable.tsx(1745,5): error TS2339: Property 'hkern' does not exist on type 'JSX.IntrinsicElements'.
src/icons/Fonts/general-sans/GeneralSansVariable.tsx(1746,5): error TS2339: Property 'hkern' does not exist on type 'JSX.IntrinsicElements'.
src/icons/Fonts/general-sans/GeneralSansVariable.tsx(1747,5): error TS2339: Property 'hkern' does not exist on type 'JSX.IntrinsicElements'.
src/icons/Fonts/general-sans/GeneralSansVariable.tsx(1748,5): error TS2339: Property 'hkern' does not exist on type 'JSX.IntrinsicElements'.
src/icons/Fonts/general-sans/GeneralSansVariable.tsx(1749,5): error TS2339: Property 'hkern' does not exist on type 'JSX.IntrinsicElements'.
src/icons/Fonts/general-sans/GeneralSansVariable.tsx(1750,5): error TS2339: Property 'hkern' does not exist on type 'JSX.IntrinsicElements'.
src/icons/Fonts/general-sans/GeneralSansVariable.tsx(1751,5): error TS2339: Property 'hkern' does not exist on type 'JSX.IntrinsicElements'.
src/icons/Fonts/general-sans/GeneralSansVariable.tsx(1752,5): error TS2339: Property 'hkern' does not exist on type 'JSX.IntrinsicElements'.
src/icons/Fonts/general-sans/GeneralSansVariable.tsx(1753,5): error TS2339: Property 'hkern' does not exist on type 'JSX.IntrinsicElements'.
src/icons/Fonts/general-sans/GeneralSansVariable.tsx(1754,5): error TS2339: Property 'hkern' does not exist on type 'JSX.IntrinsicElements'.
src/icons/Fonts/general-sans/GeneralSansVariable.tsx(1755,5): error TS2339: Property 'hkern' does not exist on type 'JSX.IntrinsicElements'.
src/icons/Fonts/general-sans/GeneralSansVariable.tsx(1756,5): error TS2339: Property 'hkern' does not exist on type 'JSX.IntrinsicElements'.
src/icons/Fonts/general-sans/GeneralSansVariable.tsx(1757,5): error TS2339: Property 'hkern' does not exist on type 'JSX.IntrinsicElements'.
src/icons/Fonts/general-sans/GeneralSansVariable.tsx(1758,5): error TS2339: Property 'hkern' does not exist on type 'JSX.IntrinsicElements'.
src/icons/Fonts/general-sans/GeneralSansVariable.tsx(1759,5): error TS2339: Property 'hkern' does not exist on type 'JSX.IntrinsicElements'.
src/icons/Fonts/general-sans/GeneralSansVariable.tsx(1760,5): error TS2339: Property 'hkern' does not exist on type 'JSX.IntrinsicElements'.
src/icons/Fonts/general-sans/GeneralSansVariable.tsx(1761,5): error TS2339: Property 'hkern' does not exist on type 'JSX.IntrinsicElements'.
src/icons/Fonts/general-sans/GeneralSansVariable.tsx(1762,5): error TS2339: Property 'hkern' does not exist on type 'JSX.IntrinsicElements'.
src/icons/Fonts/general-sans/GeneralSansVariable.tsx(1763,5): error TS2339: Property 'hkern' does not exist on type 'JSX.IntrinsicElements'.
src/icons/Fonts/general-sans/GeneralSansVariable.tsx(1764,5): error TS2339: Property 'hkern' does not exist on type 'JSX.IntrinsicElements'.
src/icons/Fonts/general-sans/GeneralSansVariable.tsx(1765,5): error TS2339: Property 'hkern' does not exist on type 'JSX.IntrinsicElements'.
src/icons/Fonts/general-sans/GeneralSansVariable.tsx(1766,5): error TS2339: Property 'hkern' does not exist on type 'JSX.IntrinsicElements'.
src/icons/Fonts/general-sans/GeneralSansVariable.tsx(1767,5): error TS2339: Property 'hkern' does not exist on type 'JSX.IntrinsicElements'.
src/icons/Fonts/general-sans/GeneralSansVariable.tsx(1768,5): error TS2339: Property 'hkern' does not exist on type 'JSX.IntrinsicElements'.
src/icons/Fonts/general-sans/GeneralSansVariable.tsx(1769,5): error TS2339: Property 'hkern' does not exist on type 'JSX.IntrinsicElements'.
src/icons/Fonts/general-sans/GeneralSansVariable.tsx(1770,5): error TS2339: Property 'hkern' does not exist on type 'JSX.IntrinsicElements'.
src/icons/Fonts/general-sans/GeneralSansVariable.tsx(1771,5): error TS2339: Property 'hkern' does not exist on type 'JSX.IntrinsicElements'.
src/icons/Fonts/general-sans/GeneralSansVariable.tsx(1772,5): error TS2339: Property 'hkern' does not exist on type 'JSX.IntrinsicElements'.
src/icons/Fonts/general-sans/GeneralSansVariable.tsx(1773,5): error TS2339: Property 'hkern' does not exist on type 'JSX.IntrinsicElements'.
src/icons/Fonts/general-sans/GeneralSansVariable.tsx(1774,5): error TS2339: Property 'hkern' does not exist on type 'JSX.IntrinsicElements'.
src/icons/Fonts/general-sans/GeneralSansVariable.tsx(1775,5): error TS2339: Property 'hkern' does not exist on type 'JSX.IntrinsicElements'.
src/icons/Fonts/general-sans/GeneralSansVariable.tsx(1776,5): error TS2339: Property 'hkern' does not exist on type 'JSX.IntrinsicElements'.
src/icons/Fonts/general-sans/GeneralSansVariable.tsx(1777,5): error TS2339: Property 'hkern' does not exist on type 'JSX.IntrinsicElements'.
src/icons/Fonts/general-sans/GeneralSansVariable.tsx(1778,5): error TS2339: Property 'hkern' does not exist on type 'JSX.IntrinsicElements'.
src/icons/Fonts/general-sans/GeneralSansVariable.tsx(1779,5): error TS2339: Property 'hkern' does not exist on type 'JSX.IntrinsicElements'.
src/icons/Fonts/general-sans/GeneralSansVariable.tsx(1780,5): error TS2339: Property 'hkern' does not exist on type 'JSX.IntrinsicElements'.
src/icons/Fonts/general-sans/GeneralSansVariable.tsx(1781,5): error TS2339: Property 'hkern' does not exist on type 'JSX.IntrinsicElements'.
src/icons/Fonts/general-sans/GeneralSansVariable.tsx(1782,5): error TS2339: Property 'hkern' does not exist on type 'JSX.IntrinsicElements'.
src/icons/Fonts/general-sans/GeneralSansVariable.tsx(1783,5): error TS2339: Property 'hkern' does not exist on type 'JSX.IntrinsicElements'.
src/icons/Fonts/general-sans/GeneralSansVariable.tsx(1784,5): error TS2339: Property 'hkern' does not exist on type 'JSX.IntrinsicElements'.
src/icons/Fonts/general-sans/GeneralSansVariable.tsx(1785,5): error TS2339: Property 'hkern' does not exist on type 'JSX.IntrinsicElements'.
src/icons/Fonts/general-sans/GeneralSansVariable.tsx(1786,5): error TS2339: Property 'hkern' does not exist on type 'JSX.IntrinsicElements'.
src/icons/Fonts/general-sans/GeneralSansVariable.tsx(1787,5): error TS2339: Property 'hkern' does not exist on type 'JSX.IntrinsicElements'.
src/icons/Fonts/general-sans/GeneralSansVariable.tsx(1788,5): error TS2339: Property 'hkern' does not exist on type 'JSX.IntrinsicElements'.
src/icons/Fonts/general-sans/GeneralSansVariable.tsx(1789,5): error TS2339: Property 'hkern' does not exist on type 'JSX.IntrinsicElements'.
src/icons/Fonts/general-sans/GeneralSansVariable.tsx(1790,5): error TS2339: Property 'hkern' does not exist on type 'JSX.IntrinsicElements'.
src/icons/Fonts/general-sans/GeneralSansVariable.tsx(1791,5): error TS2339: Property 'hkern' does not exist on type 'JSX.IntrinsicElements'.
src/icons/Fonts/general-sans/GeneralSansVariable.tsx(1792,5): error TS2339: Property 'hkern' does not exist on type 'JSX.IntrinsicElements'.
src/icons/Fonts/general-sans/GeneralSansVariable.tsx(1793,5): error TS2339: Property 'hkern' does not exist on type 'JSX.IntrinsicElements'.
src/icons/Fonts/general-sans/GeneralSansVariable.tsx(1794,5): error TS2339: Property 'hkern' does not exist on type 'JSX.IntrinsicElements'.
src/icons/Fonts/general-sans/GeneralSansVariable.tsx(1795,5): error TS2339: Property 'hkern' does not exist on type 'JSX.IntrinsicElements'.
src/icons/Fonts/general-sans/GeneralSansVariable.tsx(1796,5): error TS2339: Property 'hkern' does not exist on type 'JSX.IntrinsicElements'.
src/icons/Fonts/general-sans/GeneralSansVariable.tsx(1797,5): error TS2339: Property 'hkern' does not exist on type 'JSX.IntrinsicElements'.
src/icons/Fonts/general-sans/GeneralSansVariable.tsx(1798,5): error TS2339: Property 'hkern' does not exist on type 'JSX.IntrinsicElements'.
src/icons/Fonts/general-sans/GeneralSansVariable.tsx(1799,5): error TS2339: Property 'hkern' does not exist on type 'JSX.IntrinsicElements'.
src/icons/Fonts/general-sans/GeneralSansVariable.tsx(1800,5): error TS2339: Property 'hkern' does not exist on type 'JSX.IntrinsicElements'.
src/icons/Fonts/general-sans/GeneralSansVariable.tsx(1801,5): error TS2339: Property 'hkern' does not exist on type 'JSX.IntrinsicElements'.
src/icons/Fonts/general-sans/GeneralSansVariable.tsx(1802,5): error TS2339: Property 'hkern' does not exist on type 'JSX.IntrinsicElements'.
src/icons/Fonts/general-sans/GeneralSansVariable.tsx(1803,5): error TS2339: Property 'hkern' does not exist on type 'JSX.IntrinsicElements'.
src/icons/Fonts/general-sans/GeneralSansVariable.tsx(1804,5): error TS2339: Property 'hkern' does not exist on type 'JSX.IntrinsicElements'.
src/icons/Fonts/general-sans/GeneralSansVariable.tsx(1805,5): error TS2339: Property 'hkern' does not exist on type 'JSX.IntrinsicElements'.
src/icons/Fonts/general-sans/GeneralSansVariable.tsx(1806,5): error TS2339: Property 'hkern' does not exist on type 'JSX.IntrinsicElements'.
src/icons/Fonts/general-sans/GeneralSansVariable.tsx(1807,5): error TS2339: Property 'hkern' does not exist on type 'JSX.IntrinsicElements'.
src/icons/Fonts/general-sans/GeneralSansVariable.tsx(1808,5): error TS2339: Property 'hkern' does not exist on type 'JSX.IntrinsicElements'.
src/icons/Fonts/general-sans/GeneralSansVariable.tsx(1809,5): error TS2339: Property 'hkern' does not exist on type 'JSX.IntrinsicElements'.
src/icons/Fonts/general-sans/GeneralSansVariable.tsx(1810,5): error TS2339: Property 'hkern' does not exist on type 'JSX.IntrinsicElements'.
src/icons/Fonts/general-sans/GeneralSansVariable.tsx(1811,5): error TS2339: Property 'hkern' does not exist on type 'JSX.IntrinsicElements'.
src/icons/Fonts/general-sans/GeneralSansVariable.tsx(1812,5): error TS2339: Property 'hkern' does not exist on type 'JSX.IntrinsicElements'.
src/icons/Fonts/general-sans/GeneralSansVariable.tsx(1813,5): error TS2339: Property 'hkern' does not exist on type 'JSX.IntrinsicElements'.
src/icons/Fonts/general-sans/GeneralSansVariable.tsx(1814,5): error TS2339: Property 'hkern' does not exist on type 'JSX.IntrinsicElements'.
src/icons/Fonts/general-sans/GeneralSansVariable.tsx(1815,5): error TS2339: Property 'hkern' does not exist on type 'JSX.IntrinsicElements'.
src/icons/Fonts/general-sans/GeneralSansVariable.tsx(1816,5): error TS2339: Property 'hkern' does not exist on type 'JSX.IntrinsicElements'.
src/icons/Fonts/general-sans/GeneralSansVariable.tsx(1817,5): error TS2339: Property 'hkern' does not exist on type 'JSX.IntrinsicElements'.
src/icons/Fonts/general-sans/GeneralSansVariable.tsx(1818,5): error TS2339: Property 'hkern' does not exist on type 'JSX.IntrinsicElements'.
src/icons/Fonts/general-sans/GeneralSansVariable.tsx(1819,5): error TS2339: Property 'hkern' does not exist on type 'JSX.IntrinsicElements'.
src/icons/Fonts/general-sans/GeneralSansVariable.tsx(1820,5): error TS2339: Property 'hkern' does not exist on type 'JSX.IntrinsicElements'.
src/icons/Fonts/general-sans/GeneralSansVariable.tsx(1821,5): error TS2339: Property 'hkern' does not exist on type 'JSX.IntrinsicElements'.
src/icons/Fonts/general-sans/GeneralSansVariable.tsx(1822,5): error TS2339: Property 'hkern' does not exist on type 'JSX.IntrinsicElements'.
src/icons/Fonts/general-sans/GeneralSansVariable.tsx(1823,5): error TS2339: Property 'hkern' does not exist on type 'JSX.IntrinsicElements'.
src/icons/Fonts/general-sans/GeneralSansVariable.tsx(1824,5): error TS2339: Property 'hkern' does not exist on type 'JSX.IntrinsicElements'.
src/icons/Fonts/general-sans/GeneralSansVariable.tsx(1825,5): error TS2339: Property 'hkern' does not exist on type 'JSX.IntrinsicElements'.
src/icons/Fonts/general-sans/GeneralSansVariable.tsx(1826,5): error TS2339: Property 'hkern' does not exist on type 'JSX.IntrinsicElements'.
src/icons/Fonts/general-sans/GeneralSansVariable.tsx(1827,5): error TS2339: Property 'hkern' does not exist on type 'JSX.IntrinsicElements'.
src/icons/Fonts/general-sans/GeneralSansVariable.tsx(1828,5): error TS2339: Property 'hkern' does not exist on type 'JSX.IntrinsicElements'.
src/icons/Fonts/general-sans/GeneralSansVariable.tsx(1829,5): error TS2339: Property 'hkern' does not exist on type 'JSX.IntrinsicElements'.
src/icons/Fonts/general-sans/GeneralSansVariable.tsx(1830,5): error TS2339: Property 'hkern' does not exist on type 'JSX.IntrinsicElements'.
src/icons/Fonts/general-sans/GeneralSansVariable.tsx(1831,5): error TS2339: Property 'hkern' does not exist on type 'JSX.IntrinsicElements'.
src/icons/Fonts/general-sans/GeneralSansVariable.tsx(1832,5): error TS2339: Property 'hkern' does not exist on type 'JSX.IntrinsicElements'.
src/icons/Fonts/general-sans/GeneralSansVariable.tsx(1833,5): error TS2339: Property 'hkern' does not exist on type 'JSX.IntrinsicElements'.
src/icons/Fonts/general-sans/GeneralSansVariable.tsx(1834,5): error TS2339: Property 'hkern' does not exist on type 'JSX.IntrinsicElements'.
src/icons/Fonts/general-sans/GeneralSansVariable.tsx(1835,5): error TS2339: Property 'hkern' does not exist on type 'JSX.IntrinsicElements'.
src/icons/Fonts/general-sans/GeneralSansVariable.tsx(1836,5): error TS2339: Property 'hkern' does not exist on type 'JSX.IntrinsicElements'.
src/icons/Fonts/general-sans/GeneralSansVariable.tsx(1837,5): error TS2339: Property 'hkern' does not exist on type 'JSX.IntrinsicElements'.
src/icons/Fonts/general-sans/GeneralSansVariable.tsx(1838,5): error TS2339: Property 'hkern' does not exist on type 'JSX.IntrinsicElements'.
src/icons/Fonts/general-sans/GeneralSansVariable.tsx(1839,5): error TS2339: Property 'hkern' does not exist on type 'JSX.IntrinsicElements'.
src/icons/Fonts/general-sans/GeneralSansVariable.tsx(1840,5): error TS2339: Property 'hkern' does not exist on type 'JSX.IntrinsicElements'.
src/icons/Fonts/general-sans/GeneralSansVariable.tsx(1841,5): error TS2339: Property 'hkern' does not exist on type 'JSX.IntrinsicElements'.
src/icons/Fonts/general-sans/GeneralSansVariable.tsx(1842,5): error TS2339: Property 'hkern' does not exist on type 'JSX.IntrinsicElements'.
src/icons/Fonts/general-sans/GeneralSansVariable.tsx(1843,5): error TS2339: Property 'hkern' does not exist on type 'JSX.IntrinsicElements'.
src/icons/Fonts/general-sans/GeneralSansVariable.tsx(1844,5): error TS2339: Property 'hkern' does not exist on type 'JSX.IntrinsicElements'.
src/icons/Fonts/general-sans/GeneralSansVariable.tsx(1845,5): error TS2339: Property 'hkern' does not exist on type 'JSX.IntrinsicElements'.
src/icons/Fonts/general-sans/GeneralSansVariable.tsx(1846,5): error TS2339: Property 'hkern' does not exist on type 'JSX.IntrinsicElements'.
src/icons/Fonts/general-sans/GeneralSansVariable.tsx(1847,5): error TS2339: Property 'hkern' does not exist on type 'JSX.IntrinsicElements'.
src/icons/Fonts/general-sans/GeneralSansVariable.tsx(1848,5): error TS2339: Property 'hkern' does not exist on type 'JSX.IntrinsicElements'.
src/icons/Fonts/general-sans/GeneralSansVariable.tsx(1849,5): error TS2339: Property 'hkern' does not exist on type 'JSX.IntrinsicElements'.
src/icons/Fonts/general-sans/GeneralSansVariable.tsx(1850,5): error TS2339: Property 'hkern' does not exist on type 'JSX.IntrinsicElements'.
src/icons/Fonts/general-sans/GeneralSansVariable.tsx(1851,5): error TS2339: Property 'hkern' does not exist on type 'JSX.IntrinsicElements'.
src/icons/Fonts/general-sans/GeneralSansVariable.tsx(1852,5): error TS2339: Property 'hkern' does not exist on type 'JSX.IntrinsicElements'.
src/icons/Fonts/general-sans/GeneralSansVariable.tsx(1853,5): error TS2339: Property 'hkern' does not exist on type 'JSX.IntrinsicElements'.
src/icons/Fonts/general-sans/GeneralSansVariable.tsx(1854,5): error TS2339: Property 'hkern' does not exist on type 'JSX.IntrinsicElements'.
src/icons/Fonts/general-sans/GeneralSansVariable.tsx(1855,5): error TS2339: Property 'hkern' does not exist on type 'JSX.IntrinsicElements'.
src/icons/Fonts/general-sans/GeneralSansVariable.tsx(1856,5): error TS2339: Property 'hkern' does not exist on type 'JSX.IntrinsicElements'.
src/icons/Fonts/general-sans/GeneralSansVariable.tsx(1857,5): error TS2339: Property 'hkern' does not exist on type 'JSX.IntrinsicElements'.
src/icons/Fonts/general-sans/GeneralSansVariable.tsx(1858,5): error TS2339: Property 'hkern' does not exist on type 'JSX.IntrinsicElements'.
src/icons/Fonts/general-sans/GeneralSansVariable.tsx(1859,5): error TS2339: Property 'hkern' does not exist on type 'JSX.IntrinsicElements'.
src/icons/Fonts/general-sans/GeneralSansVariable.tsx(1860,5): error TS2339: Property 'hkern' does not exist on type 'JSX.IntrinsicElements'.
src/icons/Fonts/general-sans/GeneralSansVariable.tsx(1861,5): error TS2339: Property 'hkern' does not exist on type 'JSX.IntrinsicElements'.
src/icons/Fonts/general-sans/GeneralSansVariable.tsx(1862,5): error TS2339: Property 'hkern' does not exist on type 'JSX.IntrinsicElements'.
src/icons/Fonts/general-sans/GeneralSansVariable.tsx(1863,5): error TS2339: Property 'hkern' does not exist on type 'JSX.IntrinsicElements'.
src/icons/Fonts/general-sans/GeneralSansVariable.tsx(1864,5): error TS2339: Property 'hkern' does not exist on type 'JSX.IntrinsicElements'.
src/icons/Fonts/general-sans/GeneralSansVariable.tsx(1865,5): error TS2339: Property 'hkern' does not exist on type 'JSX.IntrinsicElements'.
src/icons/Fonts/general-sans/GeneralSansVariable.tsx(1866,5): error TS2339: Property 'hkern' does not exist on type 'JSX.IntrinsicElements'.
src/icons/Fonts/general-sans/GeneralSansVariable.tsx(1867,5): error TS2339: Property 'hkern' does not exist on type 'JSX.IntrinsicElements'.
src/icons/Fonts/general-sans/GeneralSansVariable.tsx(1868,5): error TS2339: Property 'hkern' does not exist on type 'JSX.IntrinsicElements'.
src/icons/Fonts/general-sans/GeneralSansVariable.tsx(1869,5): error TS2339: Property 'hkern' does not exist on type 'JSX.IntrinsicElements'.
src/icons/Fonts/general-sans/GeneralSansVariable.tsx(1870,5): error TS2339: Property 'hkern' does not exist on type 'JSX.IntrinsicElements'.
src/icons/Fonts/general-sans/GeneralSansVariable.tsx(1871,5): error TS2339: Property 'hkern' does not exist on type 'JSX.IntrinsicElements'.
src/icons/Fonts/general-sans/GeneralSansVariable.tsx(1872,5): error TS2339: Property 'hkern' does not exist on type 'JSX.IntrinsicElements'.
src/icons/Fonts/general-sans/GeneralSansVariable.tsx(1873,5): error TS2339: Property 'hkern' does not exist on type 'JSX.IntrinsicElements'.
src/icons/Fonts/general-sans/GeneralSansVariable.tsx(1874,5): error TS2339: Property 'hkern' does not exist on type 'JSX.IntrinsicElements'.
src/icons/Fonts/general-sans/GeneralSansVariable.tsx(1875,5): error TS2339: Property 'hkern' does not exist on type 'JSX.IntrinsicElements'.
src/icons/Fonts/general-sans/GeneralSansVariable.tsx(1876,5): error TS2339: Property 'hkern' does not exist on type 'JSX.IntrinsicElements'.
src/icons/Fonts/general-sans/GeneralSansVariable.tsx(1877,5): error TS2339: Property 'hkern' does not exist on type 'JSX.IntrinsicElements'.
src/icons/Fonts/general-sans/GeneralSansVariable.tsx(1878,5): error TS2339: Property 'hkern' does not exist on type 'JSX.IntrinsicElements'.
src/icons/Fonts/general-sans/GeneralSansVariable.tsx(1879,5): error TS2339: Property 'hkern' does not exist on type 'JSX.IntrinsicElements'.
src/icons/Fonts/general-sans/GeneralSansVariable.tsx(1880,5): error TS2339: Property 'hkern' does not exist on type 'JSX.IntrinsicElements'.
src/icons/Fonts/general-sans/GeneralSansVariable.tsx(1881,5): error TS2339: Property 'hkern' does not exist on type 'JSX.IntrinsicElements'.
src/icons/Fonts/general-sans/GeneralSansVariable.tsx(1882,5): error TS2339: Property 'hkern' does not exist on type 'JSX.IntrinsicElements'.
src/icons/Fonts/general-sans/GeneralSansVariable.tsx(1883,5): error TS2339: Property 'hkern' does not exist on type 'JSX.IntrinsicElements'.
src/icons/Fonts/general-sans/GeneralSansVariable.tsx(1884,5): error TS2339: Property 'hkern' does not exist on type 'JSX.IntrinsicElements'.
src/icons/Fonts/general-sans/GeneralSansVariable.tsx(1885,5): error TS2339: Property 'hkern' does not exist on type 'JSX.IntrinsicElements'.
src/icons/Fonts/general-sans/GeneralSansVariable.tsx(1886,5): error TS2339: Property 'hkern' does not exist on type 'JSX.IntrinsicElements'.
src/icons/Fonts/general-sans/GeneralSansVariable.tsx(1887,5): error TS2339: Property 'hkern' does not exist on type 'JSX.IntrinsicElements'.
src/icons/Fonts/general-sans/GeneralSansVariable.tsx(1888,5): error TS2339: Property 'hkern' does not exist on type 'JSX.IntrinsicElements'.
src/icons/Fonts/general-sans/GeneralSansVariable.tsx(1889,5): error TS2339: Property 'hkern' does not exist on type 'JSX.IntrinsicElements'.
src/icons/Fonts/general-sans/GeneralSansVariable.tsx(1890,5): error TS2339: Property 'hkern' does not exist on type 'JSX.IntrinsicElements'.
src/icons/Fonts/general-sans/GeneralSansVariable.tsx(1891,5): error TS2339: Property 'hkern' does not exist on type 'JSX.IntrinsicElements'.
src/icons/Fonts/general-sans/GeneralSansVariable.tsx(1892,5): error TS2339: Property 'hkern' does not exist on type 'JSX.IntrinsicElements'.
src/icons/Fonts/general-sans/GeneralSansVariable.tsx(1893,5): error TS2339: Property 'hkern' does not exist on type 'JSX.IntrinsicElements'.
src/icons/Fonts/general-sans/GeneralSansVariable.tsx(1894,5): error TS2339: Property 'hkern' does not exist on type 'JSX.IntrinsicElements'.
src/icons/Fonts/general-sans/GeneralSansVariable.tsx(1895,5): error TS2339: Property 'hkern' does not exist on type 'JSX.IntrinsicElements'.
src/icons/Fonts/general-sans/GeneralSansVariable.tsx(1896,5): error TS2339: Property 'hkern' does not exist on type 'JSX.IntrinsicElements'.
src/icons/Fonts/general-sans/GeneralSansVariable.tsx(1897,5): error TS2339: Property 'hkern' does not exist on type 'JSX.IntrinsicElements'.
src/icons/Fonts/general-sans/GeneralSansVariable.tsx(1898,5): error TS2339: Property 'hkern' does not exist on type 'JSX.IntrinsicElements'.
src/icons/Fonts/general-sans/GeneralSansVariable.tsx(1899,5): error TS2339: Property 'hkern' does not exist on type 'JSX.IntrinsicElements'.
src/icons/Fonts/general-sans/GeneralSansVariable.tsx(1900,5): error TS2339: Property 'hkern' does not exist on type 'JSX.IntrinsicElements'.
src/icons/Fonts/general-sans/GeneralSansVariable.tsx(1901,5): error TS2339: Property 'hkern' does not exist on type 'JSX.IntrinsicElements'.
src/icons/Fonts/general-sans/GeneralSansVariable.tsx(1902,5): error TS2339: Property 'hkern' does not exist on type 'JSX.IntrinsicElements'.
src/icons/Fonts/general-sans/GeneralSansVariable.tsx(1903,5): error TS2339: Property 'hkern' does not exist on type 'JSX.IntrinsicElements'.
src/icons/Fonts/general-sans/GeneralSansVariable.tsx(1904,5): error TS2339: Property 'hkern' does not exist on type 'JSX.IntrinsicElements'.
src/icons/Fonts/general-sans/GeneralSansVariable.tsx(1905,5): error TS2339: Property 'hkern' does not exist on type 'JSX.IntrinsicElements'.
src/icons/Fonts/general-sans/GeneralSansVariable.tsx(1906,5): error TS2339: Property 'hkern' does not exist on type 'JSX.IntrinsicElements'.
src/icons/Fonts/general-sans/GeneralSansVariable.tsx(1907,5): error TS2339: Property 'hkern' does not exist on type 'JSX.IntrinsicElements'.
src/icons/Fonts/general-sans/GeneralSansVariable.tsx(1908,5): error TS2339: Property 'hkern' does not exist on type 'JSX.IntrinsicElements'.
src/icons/Fonts/general-sans/GeneralSansVariable.tsx(1909,5): error TS2339: Property 'hkern' does not exist on type 'JSX.IntrinsicElements'.
src/icons/Fonts/general-sans/GeneralSansVariable.tsx(1910,5): error TS2339: Property 'hkern' does not exist on type 'JSX.IntrinsicElements'.
src/icons/Fonts/general-sans/GeneralSansVariable.tsx(1911,5): error TS2339: Property 'hkern' does not exist on type 'JSX.IntrinsicElements'.
src/icons/Fonts/general-sans/GeneralSansVariable.tsx(1912,5): error TS2339: Property 'hkern' does not exist on type 'JSX.IntrinsicElements'.
src/icons/Fonts/general-sans/GeneralSansVariable.tsx(1913,5): error TS2339: Property 'hkern' does not exist on type 'JSX.IntrinsicElements'.
src/icons/Fonts/general-sans/GeneralSansVariable.tsx(1914,5): error TS2339: Property 'hkern' does not exist on type 'JSX.IntrinsicElements'.
src/icons/Fonts/general-sans/GeneralSansVariable.tsx(1915,5): error TS2339: Property 'hkern' does not exist on type 'JSX.IntrinsicElements'.
src/icons/Fonts/general-sans/GeneralSansVariable.tsx(1916,5): error TS2339: Property 'hkern' does not exist on type 'JSX.IntrinsicElements'.
src/icons/Fonts/general-sans/GeneralSansVariable.tsx(1917,5): error TS2339: Property 'hkern' does not exist on type 'JSX.IntrinsicElements'.
src/icons/Fonts/general-sans/GeneralSansVariable.tsx(1918,5): error TS2339: Property 'hkern' does not exist on type 'JSX.IntrinsicElements'.
src/icons/Fonts/general-sans/GeneralSansVariable.tsx(1919,5): error TS2339: Property 'hkern' does not exist on type 'JSX.IntrinsicElements'.
src/icons/Fonts/general-sans/GeneralSansVariable.tsx(1920,5): error TS2339: Property 'hkern' does not exist on type 'JSX.IntrinsicElements'.
src/icons/Fonts/general-sans/GeneralSansVariable.tsx(1921,5): error TS2339: Property 'hkern' does not exist on type 'JSX.IntrinsicElements'.
src/icons/Fonts/general-sans/GeneralSansVariable.tsx(1922,5): error TS2339: Property 'hkern' does not exist on type 'JSX.IntrinsicElements'.
src/icons/Fonts/general-sans/GeneralSansVariable.tsx(1923,5): error TS2339: Property 'hkern' does not exist on type 'JSX.IntrinsicElements'.
src/icons/Fonts/general-sans/GeneralSansVariable.tsx(1924,5): error TS2339: Property 'hkern' does not exist on type 'JSX.IntrinsicElements'.
src/icons/Fonts/general-sans/GeneralSansVariable.tsx(1925,5): error TS2339: Property 'hkern' does not exist on type 'JSX.IntrinsicElements'.
src/icons/Fonts/general-sans/GeneralSansVariable.tsx(1926,5): error TS2339: Property 'hkern' does not exist on type 'JSX.IntrinsicElements'.
src/icons/Fonts/general-sans/GeneralSansVariable.tsx(1927,5): error TS2339: Property 'hkern' does not exist on type 'JSX.IntrinsicElements'.
src/icons/Fonts/general-sans/GeneralSansVariable.tsx(1928,5): error TS2339: Property 'hkern' does not exist on type 'JSX.IntrinsicElements'.
src/icons/Fonts/general-sans/GeneralSansVariable.tsx(1929,5): error TS2339: Property 'hkern' does not exist on type 'JSX.IntrinsicElements'.
src/icons/Fonts/general-sans/GeneralSansVariable.tsx(1930,5): error TS2339: Property 'hkern' does not exist on type 'JSX.IntrinsicElements'.
src/icons/Fonts/general-sans/GeneralSansVariable.tsx(1931,5): error TS2339: Property 'hkern' does not exist on type 'JSX.IntrinsicElements'.
src/icons/Fonts/general-sans/GeneralSansVariable.tsx(1932,5): error TS2339: Property 'hkern' does not exist on type 'JSX.IntrinsicElements'.
src/icons/Fonts/general-sans/GeneralSansVariable.tsx(1933,5): error TS2339: Property 'hkern' does not exist on type 'JSX.IntrinsicElements'.
src/icons/Fonts/general-sans/GeneralSansVariable.tsx(1934,5): error TS2339: Property 'hkern' does not exist on type 'JSX.IntrinsicElements'.
src/icons/Fonts/general-sans/GeneralSansVariable.tsx(1935,5): error TS2339: Property 'hkern' does not exist on type 'JSX.IntrinsicElements'.
src/icons/Fonts/general-sans/GeneralSansVariable.tsx(1936,5): error TS2339: Property 'hkern' does not exist on type 'JSX.IntrinsicElements'.
src/icons/Fonts/general-sans/GeneralSansVariable.tsx(1937,5): error TS2339: Property 'hkern' does not exist on type 'JSX.IntrinsicElements'.
src/icons/Fonts/general-sans/GeneralSansVariable.tsx(1938,5): error TS2339: Property 'hkern' does not exist on type 'JSX.IntrinsicElements'.
src/icons/Fonts/general-sans/GeneralSansVariable.tsx(1939,5): error TS2339: Property 'hkern' does not exist on type 'JSX.IntrinsicElements'.
src/icons/Fonts/general-sans/GeneralSansVariable.tsx(1940,5): error TS2339: Property 'hkern' does not exist on type 'JSX.IntrinsicElements'.
src/icons/Fonts/general-sans/GeneralSansVariable.tsx(1941,5): error TS2339: Property 'hkern' does not exist on type 'JSX.IntrinsicElements'.
src/icons/Fonts/general-sans/GeneralSansVariable.tsx(1942,5): error TS2339: Property 'hkern' does not exist on type 'JSX.IntrinsicElements'.
src/icons/Fonts/general-sans/GeneralSansVariable.tsx(1943,5): error TS2339: Property 'hkern' does not exist on type 'JSX.IntrinsicElements'.
src/icons/Fonts/general-sans/GeneralSansVariable.tsx(1944,5): error TS2339: Property 'hkern' does not exist on type 'JSX.IntrinsicElements'.
src/icons/Fonts/general-sans/GeneralSansVariable.tsx(1945,5): error TS2339: Property 'hkern' does not exist on type 'JSX.IntrinsicElements'.
src/icons/Fonts/general-sans/GeneralSansVariable.tsx(1946,5): error TS2339: Property 'hkern' does not exist on type 'JSX.IntrinsicElements'.
src/icons/Fonts/general-sans/GeneralSansVariable.tsx(1947,5): error TS2339: Property 'hkern' does not exist on type 'JSX.IntrinsicElements'.
src/icons/Fonts/general-sans/GeneralSansVariable.tsx(1948,5): error TS2339: Property 'hkern' does not exist on type 'JSX.IntrinsicElements'.
src/icons/Fonts/general-sans/GeneralSansVariable.tsx(1949,5): error TS2339: Property 'hkern' does not exist on type 'JSX.IntrinsicElements'.
src/icons/Fonts/general-sans/GeneralSansVariable.tsx(1950,5): error TS2339: Property 'hkern' does not exist on type 'JSX.IntrinsicElements'.
src/icons/Fonts/general-sans/GeneralSansVariable.tsx(1951,5): error TS2339: Property 'hkern' does not exist on type 'JSX.IntrinsicElements'.
src/icons/Fonts/general-sans/GeneralSansVariable.tsx(1952,5): error TS2339: Property 'hkern' does not exist on type 'JSX.IntrinsicElements'.
src/icons/Fonts/general-sans/GeneralSansVariable.tsx(1953,5): error TS2339: Property 'hkern' does not exist on type 'JSX.IntrinsicElements'.
src/icons/Fonts/general-sans/GeneralSansVariable.tsx(1954,5): error TS2339: Property 'hkern' does not exist on type 'JSX.IntrinsicElements'.
src/icons/Fonts/general-sans/GeneralSansVariable.tsx(1955,5): error TS2339: Property 'hkern' does not exist on type 'JSX.IntrinsicElements'.
src/icons/Fonts/general-sans/GeneralSansVariable.tsx(1956,5): error TS2339: Property 'hkern' does not exist on type 'JSX.IntrinsicElements'.
src/icons/Fonts/general-sans/GeneralSansVariable.tsx(1957,5): error TS2339: Property 'hkern' does not exist on type 'JSX.IntrinsicElements'.
src/icons/Fonts/general-sans/GeneralSansVariable.tsx(1958,5): error TS2339: Property 'hkern' does not exist on type 'JSX.IntrinsicElements'.
src/icons/Fonts/general-sans/GeneralSansVariable.tsx(1959,5): error TS2339: Property 'hkern' does not exist on type 'JSX.IntrinsicElements'.
src/icons/Fonts/general-sans/GeneralSansVariable.tsx(1960,5): error TS2339: Property 'hkern' does not exist on type 'JSX.IntrinsicElements'.
src/icons/Fonts/general-sans/GeneralSansVariable.tsx(1961,5): error TS2339: Property 'hkern' does not exist on type 'JSX.IntrinsicElements'.
src/icons/Fonts/general-sans/GeneralSansVariable.tsx(1962,5): error TS2339: Property 'hkern' does not exist on type 'JSX.IntrinsicElements'.
src/icons/Fonts/general-sans/GeneralSansVariable.tsx(1963,5): error TS2339: Property 'hkern' does not exist on type 'JSX.IntrinsicElements'.
src/icons/Fonts/general-sans/GeneralSansVariable.tsx(1964,5): error TS2339: Property 'hkern' does not exist on type 'JSX.IntrinsicElements'.
src/icons/Fonts/general-sans/GeneralSansVariable.tsx(1965,5): error TS2339: Property 'hkern' does not exist on type 'JSX.IntrinsicElements'.
src/icons/Fonts/general-sans/GeneralSansVariable.tsx(1966,5): error TS2339: Property 'hkern' does not exist on type 'JSX.IntrinsicElements'.
src/icons/Fonts/general-sans/GeneralSansVariable.tsx(1967,5): error TS2339: Property 'hkern' does not exist on type 'JSX.IntrinsicElements'.
src/icons/Fonts/general-sans/GeneralSansVariable.tsx(1968,5): error TS2339: Property 'hkern' does not exist on type 'JSX.IntrinsicElements'.
src/icons/Fonts/general-sans/GeneralSansVariable.tsx(1969,5): error TS2339: Property 'hkern' does not exist on type 'JSX.IntrinsicElements'.
src/icons/Fonts/general-sans/GeneralSansVariable.tsx(1970,5): error TS2339: Property 'hkern' does not exist on type 'JSX.IntrinsicElements'.
src/icons/Fonts/general-sans/GeneralSansVariable.tsx(1971,5): error TS2339: Property 'hkern' does not exist on type 'JSX.IntrinsicElements'.
src/icons/Fonts/general-sans/GeneralSansVariable.tsx(1972,5): error TS2339: Property 'hkern' does not exist on type 'JSX.IntrinsicElements'.
src/icons/Fonts/general-sans/GeneralSansVariable.tsx(1973,5): error TS2339: Property 'hkern' does not exist on type 'JSX.IntrinsicElements'.
src/icons/Fonts/general-sans/GeneralSansVariable.tsx(1974,5): error TS2339: Property 'hkern' does not exist on type 'JSX.IntrinsicElements'.
src/icons/Fonts/general-sans/GeneralSansVariable.tsx(1975,5): error TS2339: Property 'hkern' does not exist on type 'JSX.IntrinsicElements'.
src/icons/Fonts/general-sans/GeneralSansVariable.tsx(1976,5): error TS2339: Property 'hkern' does not exist on type 'JSX.IntrinsicElements'.
src/icons/Fonts/general-sans/GeneralSansVariable.tsx(1977,5): error TS2339: Property 'hkern' does not exist on type 'JSX.IntrinsicElements'.
src/icons/Fonts/general-sans/GeneralSansVariable.tsx(1978,5): error TS2339: Property 'hkern' does not exist on type 'JSX.IntrinsicElements'.
src/icons/Fonts/general-sans/GeneralSansVariable.tsx(1979,5): error TS2339: Property 'hkern' does not exist on type 'JSX.IntrinsicElements'.
src/icons/Fonts/general-sans/GeneralSansVariable.tsx(1980,5): error TS2339: Property 'hkern' does not exist on type 'JSX.IntrinsicElements'.
src/icons/Fonts/general-sans/GeneralSansVariable.tsx(1981,5): error TS2339: Property 'hkern' does not exist on type 'JSX.IntrinsicElements'.
src/icons/Fonts/general-sans/GeneralSansVariable.tsx(1982,5): error TS2339: Property 'hkern' does not exist on type 'JSX.IntrinsicElements'.
src/icons/Fonts/general-sans/GeneralSansVariable.tsx(1983,5): error TS2339: Property 'hkern' does not exist on type 'JSX.IntrinsicElements'.
src/icons/Fonts/general-sans/GeneralSansVariable.tsx(1984,5): error TS2339: Property 'hkern' does not exist on type 'JSX.IntrinsicElements'.
src/icons/Fonts/general-sans/GeneralSansVariable.tsx(1985,5): error TS2339: Property 'hkern' does not exist on type 'JSX.IntrinsicElements'.
src/icons/Fonts/general-sans/GeneralSansVariable.tsx(1986,5): error TS2339: Property 'hkern' does not exist on type 'JSX.IntrinsicElements'.
src/icons/Fonts/general-sans/GeneralSansVariable.tsx(1987,5): error TS2339: Property 'hkern' does not exist on type 'JSX.IntrinsicElements'.
src/icons/Fonts/general-sans/GeneralSansVariable.tsx(1988,5): error TS2339: Property 'hkern' does not exist on type 'JSX.IntrinsicElements'.
src/icons/Fonts/general-sans/GeneralSansVariable.tsx(1989,5): error TS2339: Property 'hkern' does not exist on type 'JSX.IntrinsicElements'.
src/icons/Fonts/general-sans/GeneralSansVariable.tsx(1990,5): error TS2339: Property 'hkern' does not exist on type 'JSX.IntrinsicElements'.
src/icons/Fonts/general-sans/GeneralSansVariable.tsx(1991,5): error TS2339: Property 'hkern' does not exist on type 'JSX.IntrinsicElements'.
src/icons/Fonts/general-sans/GeneralSansVariable.tsx(1992,5): error TS2339: Property 'hkern' does not exist on type 'JSX.IntrinsicElements'.
src/icons/Fonts/general-sans/GeneralSansVariable.tsx(1993,5): error TS2339: Property 'hkern' does not exist on type 'JSX.IntrinsicElements'.
src/icons/Fonts/general-sans/GeneralSansVariable.tsx(1994,5): error TS2339: Property 'hkern' does not exist on type 'JSX.IntrinsicElements'.
src/icons/Fonts/general-sans/GeneralSansVariable.tsx(1995,5): error TS2339: Property 'hkern' does not exist on type 'JSX.IntrinsicElements'.
src/icons/Fonts/general-sans/GeneralSansVariable.tsx(1996,5): error TS2339: Property 'hkern' does not exist on type 'JSX.IntrinsicElements'.
src/icons/Fonts/general-sans/GeneralSansVariable.tsx(1997,5): error TS2339: Property 'hkern' does not exist on type 'JSX.IntrinsicElements'.
src/icons/Fonts/general-sans/GeneralSansVariable.tsx(1998,5): error TS2339: Property 'hkern' does not exist on type 'JSX.IntrinsicElements'.
src/icons/Fonts/general-sans/GeneralSansVariable.tsx(1999,5): error TS2339: Property 'hkern' does not exist on type 'JSX.IntrinsicElements'.
src/icons/Fonts/general-sans/GeneralSansVariable.tsx(2000,5): error TS2339: Property 'hkern' does not exist on type 'JSX.IntrinsicElements'.
src/icons/Fonts/general-sans/GeneralSansVariable.tsx(2001,5): error TS2339: Property 'hkern' does not exist on type 'JSX.IntrinsicElements'.
src/icons/Fonts/general-sans/GeneralSansVariable.tsx(2002,5): error TS2339: Property 'hkern' does not exist on type 'JSX.IntrinsicElements'.
src/icons/Fonts/general-sans/GeneralSansVariable.tsx(2003,5): error TS2339: Property 'hkern' does not exist on type 'JSX.IntrinsicElements'.
src/icons/Fonts/general-sans/GeneralSansVariable.tsx(2004,5): error TS2339: Property 'hkern' does not exist on type 'JSX.IntrinsicElements'.
src/icons/Fonts/general-sans/GeneralSansVariable.tsx(2005,5): error TS2339: Property 'hkern' does not exist on type 'JSX.IntrinsicElements'.
src/icons/Fonts/general-sans/GeneralSansVariable.tsx(2006,5): error TS2339: Property 'hkern' does not exist on type 'JSX.IntrinsicElements'.
src/icons/Fonts/general-sans/GeneralSansVariable.tsx(2007,5): error TS2339: Property 'hkern' does not exist on type 'JSX.IntrinsicElements'.
src/icons/Fonts/general-sans/GeneralSansVariable.tsx(2008,5): error TS2339: Property 'hkern' does not exist on type 'JSX.IntrinsicElements'.
src/icons/Fonts/general-sans/GeneralSansVariable.tsx(2009,5): error TS2339: Property 'hkern' does not exist on type 'JSX.IntrinsicElements'.
src/icons/Fonts/general-sans/GeneralSansVariable.tsx(2010,5): error TS2339: Property 'hkern' does not exist on type 'JSX.IntrinsicElements'.
src/icons/Fonts/general-sans/GeneralSansVariable.tsx(2011,5): error TS2339: Property 'hkern' does not exist on type 'JSX.IntrinsicElements'.
src/icons/Fonts/general-sans/GeneralSansVariable.tsx(2012,5): error TS2339: Property 'hkern' does not exist on type 'JSX.IntrinsicElements'.
src/icons/Fonts/general-sans/GeneralSansVariable.tsx(2013,5): error TS2339: Property 'hkern' does not exist on type 'JSX.IntrinsicElements'.
src/icons/Fonts/general-sans/GeneralSansVariable.tsx(2014,5): error TS2339: Property 'hkern' does not exist on type 'JSX.IntrinsicElements'.
src/icons/Fonts/general-sans/GeneralSansVariable.tsx(2015,5): error TS2339: Property 'hkern' does not exist on type 'JSX.IntrinsicElements'.
src/icons/Fonts/general-sans/GeneralSansVariable.tsx(2016,5): error TS2339: Property 'hkern' does not exist on type 'JSX.IntrinsicElements'.
src/icons/Fonts/general-sans/GeneralSansVariable.tsx(2017,5): error TS2339: Property 'hkern' does not exist on type 'JSX.IntrinsicElements'.
src/icons/Fonts/general-sans/GeneralSansVariable.tsx(2018,5): error TS2339: Property 'hkern' does not exist on type 'JSX.IntrinsicElements'.
src/icons/Fonts/general-sans/GeneralSansVariable.tsx(2019,5): error TS2339: Property 'hkern' does not exist on type 'JSX.IntrinsicElements'.
src/icons/Fonts/general-sans/GeneralSansVariable.tsx(2020,5): error TS2339: Property 'hkern' does not exist on type 'JSX.IntrinsicElements'.
src/icons/Fonts/general-sans/GeneralSansVariable.tsx(2021,5): error TS2339: Property 'hkern' does not exist on type 'JSX.IntrinsicElements'.
src/icons/Fonts/general-sans/GeneralSansVariable.tsx(2022,5): error TS2339: Property 'hkern' does not exist on type 'JSX.IntrinsicElements'.
src/icons/Fonts/general-sans/GeneralSansVariable.tsx(2023,5): error TS2339: Property 'hkern' does not exist on type 'JSX.IntrinsicElements'.
src/icons/Fonts/general-sans/GeneralSansVariable.tsx(2024,5): error TS2339: Property 'hkern' does not exist on type 'JSX.IntrinsicElements'.
src/icons/Fonts/general-sans/GeneralSansVariable.tsx(2025,5): error TS2339: Property 'hkern' does not exist on type 'JSX.IntrinsicElements'.
src/icons/Fonts/general-sans/GeneralSansVariable.tsx(2026,5): error TS2339: Property 'hkern' does not exist on type 'JSX.IntrinsicElements'.
src/icons/Fonts/general-sans/GeneralSansVariable.tsx(2027,5): error TS2339: Property 'hkern' does not exist on type 'JSX.IntrinsicElements'.
src/icons/Fonts/general-sans/GeneralSansVariable.tsx(2028,5): error TS2339: Property 'hkern' does not exist on type 'JSX.IntrinsicElements'.
src/icons/Fonts/general-sans/GeneralSansVariable.tsx(2029,5): error TS2339: Property 'hkern' does not exist on type 'JSX.IntrinsicElements'.
src/icons/Fonts/general-sans/GeneralSansVariable.tsx(2030,5): error TS2339: Property 'hkern' does not exist on type 'JSX.IntrinsicElements'.
src/icons/Fonts/general-sans/GeneralSansVariable.tsx(2031,5): error TS2339: Property 'hkern' does not exist on type 'JSX.IntrinsicElements'.
src/icons/Fonts/general-sans/GeneralSansVariable.tsx(2032,5): error TS2339: Property 'hkern' does not exist on type 'JSX.IntrinsicElements'.
src/icons/Fonts/general-sans/GeneralSansVariable.tsx(2033,5): error TS2339: Property 'hkern' does not exist on type 'JSX.IntrinsicElements'.
src/icons/Fonts/general-sans/GeneralSansVariable.tsx(2034,5): error TS2339: Property 'hkern' does not exist on type 'JSX.IntrinsicElements'.
src/icons/Fonts/general-sans/GeneralSansVariable.tsx(2035,5): error TS2339: Property 'hkern' does not exist on type 'JSX.IntrinsicElements'.
src/icons/Fonts/general-sans/GeneralSansVariable.tsx(2036,5): error TS2339: Property 'hkern' does not exist on type 'JSX.IntrinsicElements'.
src/icons/Fonts/general-sans/GeneralSansVariable.tsx(2037,5): error TS2339: Property 'hkern' does not exist on type 'JSX.IntrinsicElements'.
src/icons/Fonts/general-sans/GeneralSansVariable.tsx(2038,5): error TS2339: Property 'hkern' does not exist on type 'JSX.IntrinsicElements'.
src/icons/Fonts/general-sans/GeneralSansVariable.tsx(2039,5): error TS2339: Property 'hkern' does not exist on type 'JSX.IntrinsicElements'.
src/icons/Fonts/general-sans/GeneralSansVariable.tsx(2040,5): error TS2339: Property 'hkern' does not exist on type 'JSX.IntrinsicElements'.
src/icons/Fonts/general-sans/GeneralSansVariable.tsx(2041,5): error TS2339: Property 'hkern' does not exist on type 'JSX.IntrinsicElements'.
src/icons/Fonts/general-sans/GeneralSansVariable.tsx(2042,5): error TS2339: Property 'hkern' does not exist on type 'JSX.IntrinsicElements'.
src/icons/Fonts/general-sans/GeneralSansVariable.tsx(2043,5): error TS2339: Property 'hkern' does not exist on type 'JSX.IntrinsicElements'.
src/icons/Fonts/general-sans/GeneralSansVariable.tsx(2044,5): error TS2339: Property 'hkern' does not exist on type 'JSX.IntrinsicElements'.
src/icons/Fonts/general-sans/GeneralSansVariable.tsx(2045,5): error TS2339: Property 'hkern' does not exist on type 'JSX.IntrinsicElements'.
src/icons/Fonts/general-sans/GeneralSansVariable.tsx(2046,5): error TS2339: Property 'hkern' does not exist on type 'JSX.IntrinsicElements'.
src/icons/Fonts/general-sans/GeneralSansVariable.tsx(2047,5): error TS2339: Property 'hkern' does not exist on type 'JSX.IntrinsicElements'.
src/icons/Fonts/general-sans/GeneralSansVariable.tsx(2048,5): error TS2339: Property 'hkern' does not exist on type 'JSX.IntrinsicElements'.
src/icons/Fonts/general-sans/GeneralSansVariable.tsx(2049,5): error TS2339: Property 'hkern' does not exist on type 'JSX.IntrinsicElements'.
src/icons/Fonts/general-sans/GeneralSansVariable.tsx(2050,5): error TS2339: Property 'hkern' does not exist on type 'JSX.IntrinsicElements'.
src/icons/Fonts/general-sans/GeneralSansVariable.tsx(2051,5): error TS2339: Property 'hkern' does not exist on type 'JSX.IntrinsicElements'.
src/icons/Fonts/general-sans/GeneralSansVariable.tsx(2052,5): error TS2339: Property 'hkern' does not exist on type 'JSX.IntrinsicElements'.
src/icons/Fonts/general-sans/GeneralSansVariable.tsx(2053,5): error TS2339: Property 'hkern' does not exist on type 'JSX.IntrinsicElements'.
src/icons/Fonts/general-sans/GeneralSansVariable.tsx(2054,5): error TS2339: Property 'hkern' does not exist on type 'JSX.IntrinsicElements'.
src/icons/Fonts/general-sans/GeneralSansVariable.tsx(2055,5): error TS2339: Property 'hkern' does not exist on type 'JSX.IntrinsicElements'.
src/icons/Fonts/general-sans/GeneralSansVariable.tsx(2056,5): error TS2339: Property 'hkern' does not exist on type 'JSX.IntrinsicElements'.
src/icons/Fonts/general-sans/GeneralSansVariable.tsx(2057,5): error TS2339: Property 'hkern' does not exist on type 'JSX.IntrinsicElements'.
src/icons/Fonts/general-sans/GeneralSansVariable.tsx(2058,5): error TS2339: Property 'hkern' does not exist on type 'JSX.IntrinsicElements'.
src/icons/Fonts/general-sans/GeneralSansVariable.tsx(2059,5): error TS2339: Property 'hkern' does not exist on type 'JSX.IntrinsicElements'.
src/icons/Fonts/general-sans/GeneralSansVariable.tsx(2060,5): error TS2339: Property 'hkern' does not exist on type 'JSX.IntrinsicElements'.
src/icons/Fonts/general-sans/GeneralSansVariable.tsx(2061,5): error TS2339: Property 'hkern' does not exist on type 'JSX.IntrinsicElements'.
src/icons/Fonts/general-sans/GeneralSansVariable.tsx(2062,5): error TS2339: Property 'hkern' does not exist on type 'JSX.IntrinsicElements'.
src/icons/Fonts/general-sans/GeneralSansVariable.tsx(2063,5): error TS2339: Property 'hkern' does not exist on type 'JSX.IntrinsicElements'.
src/icons/Fonts/general-sans/GeneralSansVariable.tsx(2064,5): error TS2339: Property 'hkern' does not exist on type 'JSX.IntrinsicElements'.
src/icons/Fonts/general-sans/GeneralSansVariable.tsx(2065,5): error TS2339: Property 'hkern' does not exist on type 'JSX.IntrinsicElements'.
src/icons/Fonts/general-sans/GeneralSansVariable.tsx(2066,5): error TS2339: Property 'hkern' does not exist on type 'JSX.IntrinsicElements'.
src/icons/Fonts/general-sans/GeneralSansVariable.tsx(2067,5): error TS2339: Property 'hkern' does not exist on type 'JSX.IntrinsicElements'.
src/icons/Fonts/general-sans/GeneralSansVariable.tsx(2068,5): error TS2339: Property 'hkern' does not exist on type 'JSX.IntrinsicElements'.
src/icons/Fonts/general-sans/GeneralSansVariable.tsx(2069,5): error TS2339: Property 'hkern' does not exist on type 'JSX.IntrinsicElements'.
src/icons/Fonts/general-sans/GeneralSansVariable.tsx(2070,5): error TS2339: Property 'hkern' does not exist on type 'JSX.IntrinsicElements'.
src/icons/Fonts/general-sans/GeneralSansVariable.tsx(2071,5): error TS2339: Property 'hkern' does not exist on type 'JSX.IntrinsicElements'.
src/icons/Fonts/general-sans/GeneralSansVariable.tsx(2072,5): error TS2339: Property 'hkern' does not exist on type 'JSX.IntrinsicElements'.
src/icons/Fonts/general-sans/GeneralSansVariable.tsx(2073,5): error TS2339: Property 'hkern' does not exist on type 'JSX.IntrinsicElements'.
src/icons/Fonts/general-sans/GeneralSansVariable.tsx(2074,5): error TS2339: Property 'hkern' does not exist on type 'JSX.IntrinsicElements'.
src/icons/Fonts/general-sans/GeneralSansVariable.tsx(2075,5): error TS2339: Property 'hkern' does not exist on type 'JSX.IntrinsicElements'.
src/icons/Fonts/general-sans/GeneralSansVariable.tsx(2076,5): error TS2339: Property 'hkern' does not exist on type 'JSX.IntrinsicElements'.
src/icons/Fonts/general-sans/GeneralSansVariable.tsx(2077,5): error TS2339: Property 'hkern' does not exist on type 'JSX.IntrinsicElements'.
src/icons/Fonts/general-sans/GeneralSansVariable.tsx(2078,5): error TS2339: Property 'hkern' does not exist on type 'JSX.IntrinsicElements'.
src/icons/Fonts/general-sans/GeneralSansVariable.tsx(2079,5): error TS2339: Property 'hkern' does not exist on type 'JSX.IntrinsicElements'.
src/icons/Fonts/general-sans/GeneralSansVariable.tsx(2080,5): error TS2339: Property 'hkern' does not exist on type 'JSX.IntrinsicElements'.
src/icons/Fonts/general-sans/GeneralSansVariable.tsx(2081,5): error TS2339: Property 'hkern' does not exist on type 'JSX.IntrinsicElements'.
src/icons/Fonts/general-sans/GeneralSansVariable.tsx(2082,5): error TS2339: Property 'hkern' does not exist on type 'JSX.IntrinsicElements'.
src/icons/Fonts/general-sans/GeneralSansVariable.tsx(2083,5): error TS2339: Property 'hkern' does not exist on type 'JSX.IntrinsicElements'.
src/icons/Fonts/general-sans/GeneralSansVariable.tsx(2084,5): error TS2339: Property 'hkern' does not exist on type 'JSX.IntrinsicElements'.
src/icons/Fonts/general-sans/GeneralSansVariable.tsx(2085,5): error TS2339: Property 'hkern' does not exist on type 'JSX.IntrinsicElements'.
src/icons/Fonts/general-sans/GeneralSansVariable.tsx(2086,5): error TS2339: Property 'hkern' does not exist on type 'JSX.IntrinsicElements'.
src/icons/Fonts/general-sans/GeneralSansVariable.tsx(2087,5): error TS2339: Property 'hkern' does not exist on type 'JSX.IntrinsicElements'.
src/icons/Fonts/general-sans/GeneralSansVariable.tsx(2088,5): error TS2339: Property 'hkern' does not exist on type 'JSX.IntrinsicElements'.
src/icons/Fonts/general-sans/GeneralSansVariable.tsx(2089,5): error TS2339: Property 'hkern' does not exist on type 'JSX.IntrinsicElements'.
src/icons/Fonts/general-sans/GeneralSansVariable.tsx(2090,5): error TS2339: Property 'hkern' does not exist on type 'JSX.IntrinsicElements'.
src/icons/Fonts/general-sans/GeneralSansVariable.tsx(2091,5): error TS2339: Property 'hkern' does not exist on type 'JSX.IntrinsicElements'.
src/icons/Fonts/general-sans/GeneralSansVariable.tsx(2092,5): error TS2339: Property 'hkern' does not exist on type 'JSX.IntrinsicElements'.
src/icons/Fonts/general-sans/GeneralSansVariable.tsx(2093,5): error TS2339: Property 'hkern' does not exist on type 'JSX.IntrinsicElements'.
src/icons/Fonts/general-sans/GeneralSansVariable.tsx(2094,5): error TS2339: Property 'hkern' does not exist on type 'JSX.IntrinsicElements'.
src/icons/Fonts/general-sans/GeneralSansVariable.tsx(2095,5): error TS2339: Property 'hkern' does not exist on type 'JSX.IntrinsicElements'.
src/icons/Fonts/general-sans/GeneralSansVariable.tsx(2096,5): error TS2339: Property 'hkern' does not exist on type 'JSX.IntrinsicElements'.
src/icons/Fonts/general-sans/GeneralSansVariable.tsx(2097,5): error TS2339: Property 'hkern' does not exist on type 'JSX.IntrinsicElements'.
src/icons/Fonts/general-sans/GeneralSansVariable.tsx(2098,5): error TS2339: Property 'hkern' does not exist on type 'JSX.IntrinsicElements'.
src/icons/Fonts/general-sans/GeneralSansVariable.tsx(2099,5): error TS2339: Property 'hkern' does not exist on type 'JSX.IntrinsicElements'.
src/icons/Fonts/general-sans/GeneralSansVariable.tsx(2100,5): error TS2339: Property 'hkern' does not exist on type 'JSX.IntrinsicElements'.
src/icons/Fonts/general-sans/GeneralSansVariable.tsx(2101,5): error TS2339: Property 'hkern' does not exist on type 'JSX.IntrinsicElements'.
src/icons/Fonts/general-sans/GeneralSansVariable.tsx(2102,5): error TS2339: Property 'hkern' does not exist on type 'JSX.IntrinsicElements'.
src/icons/Fonts/general-sans/GeneralSansVariable.tsx(2103,5): error TS2339: Property 'hkern' does not exist on type 'JSX.IntrinsicElements'.
src/icons/Fonts/general-sans/GeneralSansVariable.tsx(2104,5): error TS2339: Property 'hkern' does not exist on type 'JSX.IntrinsicElements'.
src/icons/Fonts/general-sans/GeneralSansVariable.tsx(2105,5): error TS2339: Property 'hkern' does not exist on type 'JSX.IntrinsicElements'.
src/icons/Fonts/general-sans/GeneralSansVariable.tsx(2106,5): error TS2339: Property 'hkern' does not exist on type 'JSX.IntrinsicElements'.
src/icons/Fonts/general-sans/GeneralSansVariable.tsx(2107,5): error TS2339: Property 'hkern' does not exist on type 'JSX.IntrinsicElements'.
src/icons/Fonts/general-sans/GeneralSansVariable.tsx(2108,5): error TS2339: Property 'hkern' does not exist on type 'JSX.IntrinsicElements'.
src/icons/Fonts/general-sans/GeneralSansVariable.tsx(2109,5): error TS2339: Property 'hkern' does not exist on type 'JSX.IntrinsicElements'.
src/icons/Fonts/general-sans/GeneralSansVariable.tsx(2110,5): error TS2339: Property 'hkern' does not exist on type 'JSX.IntrinsicElements'.
src/icons/Fonts/general-sans/GeneralSansVariable.tsx(2111,5): error TS2339: Property 'hkern' does not exist on type 'JSX.IntrinsicElements'.
src/icons/Fonts/general-sans/GeneralSansVariable.tsx(2112,5): error TS2339: Property 'hkern' does not exist on type 'JSX.IntrinsicElements'.
src/icons/Fonts/general-sans/GeneralSansVariable.tsx(2113,5): error TS2339: Property 'hkern' does not exist on type 'JSX.IntrinsicElements'.
src/icons/Fonts/general-sans/GeneralSansVariable.tsx(2114,5): error TS2339: Property 'hkern' does not exist on type 'JSX.IntrinsicElements'.
src/icons/Fonts/general-sans/GeneralSansVariable.tsx(2115,5): error TS2339: Property 'hkern' does not exist on type 'JSX.IntrinsicElements'.
src/icons/Fonts/general-sans/GeneralSansVariable.tsx(2116,5): error TS2339: Property 'hkern' does not exist on type 'JSX.IntrinsicElements'.
src/icons/Fonts/general-sans/GeneralSansVariable.tsx(2117,5): error TS2339: Property 'hkern' does not exist on type 'JSX.IntrinsicElements'.
src/icons/Fonts/general-sans/GeneralSansVariable.tsx(2118,5): error TS2339: Property 'hkern' does not exist on type 'JSX.IntrinsicElements'.
src/icons/Fonts/general-sans/GeneralSansVariable.tsx(2119,5): error TS2339: Property 'hkern' does not exist on type 'JSX.IntrinsicElements'.
src/icons/Fonts/general-sans/GeneralSansVariable.tsx(2120,5): error TS2339: Property 'hkern' does not exist on type 'JSX.IntrinsicElements'.
src/icons/Fonts/general-sans/GeneralSansVariable.tsx(2121,5): error TS2339: Property 'hkern' does not exist on type 'JSX.IntrinsicElements'.
src/icons/Fonts/general-sans/GeneralSansVariable.tsx(2122,5): error TS2339: Property 'hkern' does not exist on type 'JSX.IntrinsicElements'.
src/icons/Fonts/general-sans/GeneralSansVariable.tsx(2123,5): error TS2339: Property 'hkern' does not exist on type 'JSX.IntrinsicElements'.
src/icons/Fonts/general-sans/GeneralSansVariable.tsx(2124,5): error TS2339: Property 'hkern' does not exist on type 'JSX.IntrinsicElements'.
src/icons/Fonts/general-sans/GeneralSansVariable.tsx(2125,5): error TS2339: Property 'hkern' does not exist on type 'JSX.IntrinsicElements'.
src/icons/Fonts/general-sans/GeneralSansVariable.tsx(2126,5): error TS2339: Property 'hkern' does not exist on type 'JSX.IntrinsicElements'.
src/icons/Fonts/general-sans/GeneralSansVariable.tsx(2127,5): error TS2339: Property 'hkern' does not exist on type 'JSX.IntrinsicElements'.
src/icons/Fonts/general-sans/GeneralSansVariable.tsx(2128,5): error TS2339: Property 'hkern' does not exist on type 'JSX.IntrinsicElements'.
src/icons/Fonts/general-sans/GeneralSansVariable.tsx(2129,5): error TS2339: Property 'hkern' does not exist on type 'JSX.IntrinsicElements'.
src/icons/Fonts/general-sans/GeneralSansVariable.tsx(2130,5): error TS2339: Property 'hkern' does not exist on type 'JSX.IntrinsicElements'.
src/icons/Fonts/general-sans/GeneralSansVariable.tsx(2131,5): error TS2339: Property 'hkern' does not exist on type 'JSX.IntrinsicElements'.
src/icons/Fonts/general-sans/GeneralSansVariable.tsx(2132,5): error TS2339: Property 'hkern' does not exist on type 'JSX.IntrinsicElements'.
src/icons/Fonts/general-sans/GeneralSansVariable.tsx(2133,5): error TS2339: Property 'hkern' does not exist on type 'JSX.IntrinsicElements'.
src/icons/Fonts/general-sans/GeneralSansVariable.tsx(2134,5): error TS2339: Property 'hkern' does not exist on type 'JSX.IntrinsicElements'.
src/icons/Fonts/general-sans/GeneralSansVariable.tsx(2135,5): error TS2339: Property 'hkern' does not exist on type 'JSX.IntrinsicElements'.
src/icons/Fonts/general-sans/GeneralSansVariable.tsx(2136,5): error TS2339: Property 'hkern' does not exist on type 'JSX.IntrinsicElements'.
src/icons/Fonts/general-sans/GeneralSansVariable.tsx(2137,5): error TS2339: Property 'hkern' does not exist on type 'JSX.IntrinsicElements'.
src/icons/Fonts/general-sans/GeneralSansVariable.tsx(2138,5): error TS2339: Property 'hkern' does not exist on type 'JSX.IntrinsicElements'.
src/icons/Fonts/general-sans/GeneralSansVariable.tsx(2139,5): error TS2339: Property 'hkern' does not exist on type 'JSX.IntrinsicElements'.
src/icons/Fonts/general-sans/GeneralSansVariable.tsx(2140,5): error TS2339: Property 'hkern' does not exist on type 'JSX.IntrinsicElements'.
src/icons/Fonts/general-sans/GeneralSansVariable.tsx(2141,5): error TS2339: Property 'hkern' does not exist on type 'JSX.IntrinsicElements'.
src/icons/Fonts/general-sans/GeneralSansVariable.tsx(2142,5): error TS2339: Property 'hkern' does not exist on type 'JSX.IntrinsicElements'.
src/icons/Fonts/general-sans/GeneralSansVariable.tsx(2143,5): error TS2339: Property 'hkern' does not exist on type 'JSX.IntrinsicElements'.
src/icons/Fonts/general-sans/GeneralSansVariable.tsx(2144,5): error TS2339: Property 'hkern' does not exist on type 'JSX.IntrinsicElements'.
src/icons/Fonts/general-sans/GeneralSansVariable.tsx(2145,5): error TS2339: Property 'hkern' does not exist on type 'JSX.IntrinsicElements'.
src/icons/Fonts/general-sans/GeneralSansVariable.tsx(2146,5): error TS2339: Property 'hkern' does not exist on type 'JSX.IntrinsicElements'.
src/icons/Fonts/general-sans/GeneralSansVariable.tsx(2147,5): error TS2339: Property 'hkern' does not exist on type 'JSX.IntrinsicElements'.
src/icons/Fonts/general-sans/GeneralSansVariable.tsx(2148,5): error TS2339: Property 'hkern' does not exist on type 'JSX.IntrinsicElements'.
src/icons/Fonts/general-sans/GeneralSansVariable.tsx(2149,5): error TS2339: Property 'hkern' does not exist on type 'JSX.IntrinsicElements'.
src/icons/Fonts/general-sans/GeneralSansVariable.tsx(2150,5): error TS2339: Property 'hkern' does not exist on type 'JSX.IntrinsicElements'.
src/icons/Fonts/general-sans/GeneralSansVariable.tsx(2151,5): error TS2339: Property 'hkern' does not exist on type 'JSX.IntrinsicElements'.
src/icons/Fonts/general-sans/GeneralSansVariable.tsx(2152,5): error TS2339: Property 'hkern' does not exist on type 'JSX.IntrinsicElements'.
src/icons/Fonts/general-sans/GeneralSansVariable.tsx(2153,5): error TS2339: Property 'hkern' does not exist on type 'JSX.IntrinsicElements'.
src/icons/Fonts/general-sans/GeneralSansVariable.tsx(2154,5): error TS2339: Property 'hkern' does not exist on type 'JSX.IntrinsicElements'.
src/icons/Fonts/general-sans/GeneralSansVariable.tsx(2155,5): error TS2339: Property 'hkern' does not exist on type 'JSX.IntrinsicElements'.
src/icons/Fonts/general-sans/GeneralSansVariable.tsx(2156,5): error TS2339: Property 'hkern' does not exist on type 'JSX.IntrinsicElements'.
src/icons/Fonts/general-sans/GeneralSansVariable.tsx(2157,5): error TS2339: Property 'hkern' does not exist on type 'JSX.IntrinsicElements'.
src/icons/Fonts/general-sans/GeneralSansVariable.tsx(2158,5): error TS2339: Property 'hkern' does not exist on type 'JSX.IntrinsicElements'.
src/icons/Fonts/general-sans/GeneralSansVariable.tsx(2159,5): error TS2339: Property 'hkern' does not exist on type 'JSX.IntrinsicElements'.
src/icons/Fonts/general-sans/GeneralSansVariable.tsx(2160,5): error TS2339: Property 'hkern' does not exist on type 'JSX.IntrinsicElements'.
src/icons/Fonts/general-sans/GeneralSansVariable.tsx(2161,5): error TS2339: Property 'hkern' does not exist on type 'JSX.IntrinsicElements'.
src/icons/Fonts/general-sans/GeneralSansVariable.tsx(2162,5): error TS2339: Property 'hkern' does not exist on type 'JSX.IntrinsicElements'.
src/icons/Fonts/general-sans/GeneralSansVariable.tsx(2163,5): error TS2339: Property 'hkern' does not exist on type 'JSX.IntrinsicElements'.
src/icons/Fonts/general-sans/GeneralSansVariable.tsx(2164,5): error TS2339: Property 'hkern' does not exist on type 'JSX.IntrinsicElements'.
src/icons/Fonts/general-sans/GeneralSansVariable.tsx(2165,5): error TS2339: Property 'hkern' does not exist on type 'JSX.IntrinsicElements'.
src/icons/Fonts/general-sans/GeneralSansVariable.tsx(2166,5): error TS2339: Property 'hkern' does not exist on type 'JSX.IntrinsicElements'.
src/icons/Fonts/general-sans/GeneralSansVariable.tsx(2167,5): error TS2339: Property 'hkern' does not exist on type 'JSX.IntrinsicElements'.
src/icons/Fonts/general-sans/GeneralSansVariable.tsx(2168,5): error TS2339: Property 'hkern' does not exist on type 'JSX.IntrinsicElements'.
src/icons/Fonts/general-sans/GeneralSansVariable.tsx(2169,5): error TS2339: Property 'hkern' does not exist on type 'JSX.IntrinsicElements'.
src/icons/Fonts/general-sans/GeneralSansVariable.tsx(2170,5): error TS2339: Property 'hkern' does not exist on type 'JSX.IntrinsicElements'.
src/icons/Fonts/general-sans/GeneralSansVariable.tsx(2171,5): error TS2339: Property 'hkern' does not exist on type 'JSX.IntrinsicElements'.
src/icons/Fonts/general-sans/GeneralSansVariable.tsx(2172,5): error TS2339: Property 'hkern' does not exist on type 'JSX.IntrinsicElements'.
src/icons/Fonts/general-sans/GeneralSansVariable.tsx(2173,5): error TS2339: Property 'hkern' does not exist on type 'JSX.IntrinsicElements'.
src/icons/Fonts/general-sans/GeneralSansVariable.tsx(2174,5): error TS2339: Property 'hkern' does not exist on type 'JSX.IntrinsicElements'.
src/icons/Fonts/general-sans/GeneralSansVariable.tsx(2175,5): error TS2339: Property 'hkern' does not exist on type 'JSX.IntrinsicElements'.
src/icons/Fonts/general-sans/GeneralSansVariable.tsx(2176,5): error TS2339: Property 'hkern' does not exist on type 'JSX.IntrinsicElements'.
src/icons/Fonts/general-sans/GeneralSansVariable.tsx(2177,5): error TS2339: Property 'hkern' does not exist on type 'JSX.IntrinsicElements'.
src/icons/Fonts/general-sans/GeneralSansVariable.tsx(2178,5): error TS2339: Property 'hkern' does not exist on type 'JSX.IntrinsicElements'.
src/icons/Fonts/general-sans/GeneralSansVariable.tsx(2179,5): error TS2339: Property 'hkern' does not exist on type 'JSX.IntrinsicElements'.
src/icons/Fonts/general-sans/GeneralSansVariable.tsx(2180,5): error TS2339: Property 'hkern' does not exist on type 'JSX.IntrinsicElements'.
src/icons/Fonts/general-sans/GeneralSansVariable.tsx(2181,5): error TS2339: Property 'hkern' does not exist on type 'JSX.IntrinsicElements'.
src/icons/Fonts/general-sans/GeneralSansVariable.tsx(2182,5): error TS2339: Property 'hkern' does not exist on type 'JSX.IntrinsicElements'.
src/icons/Fonts/general-sans/GeneralSansVariable.tsx(2183,5): error TS2339: Property 'hkern' does not exist on type 'JSX.IntrinsicElements'.
src/icons/Fonts/general-sans/GeneralSansVariable.tsx(2184,5): error TS2339: Property 'hkern' does not exist on type 'JSX.IntrinsicElements'.
src/icons/Fonts/general-sans/GeneralSansVariable.tsx(2185,5): error TS2339: Property 'hkern' does not exist on type 'JSX.IntrinsicElements'.
src/icons/Fonts/general-sans/GeneralSansVariable.tsx(2186,5): error TS2339: Property 'hkern' does not exist on type 'JSX.IntrinsicElements'.
src/icons/Fonts/general-sans/GeneralSansVariable.tsx(2187,5): error TS2339: Property 'hkern' does not exist on type 'JSX.IntrinsicElements'.
src/icons/Fonts/general-sans/GeneralSansVariable.tsx(2188,5): error TS2339: Property 'hkern' does not exist on type 'JSX.IntrinsicElements'.
src/icons/Fonts/general-sans/GeneralSansVariable.tsx(2189,5): error TS2339: Property 'hkern' does not exist on type 'JSX.IntrinsicElements'.
src/icons/Fonts/general-sans/GeneralSansVariable.tsx(2190,5): error TS2339: Property 'hkern' does not exist on type 'JSX.IntrinsicElements'.
src/icons/Fonts/general-sans/GeneralSansVariable.tsx(2191,5): error TS2339: Property 'hkern' does not exist on type 'JSX.IntrinsicElements'.
src/icons/Fonts/general-sans/GeneralSansVariable.tsx(2192,5): error TS2339: Property 'hkern' does not exist on type 'JSX.IntrinsicElements'.
src/icons/Fonts/general-sans/GeneralSansVariable.tsx(2193,5): error TS2339: Property 'hkern' does not exist on type 'JSX.IntrinsicElements'.
src/icons/Fonts/general-sans/GeneralSansVariable.tsx(2194,5): error TS2339: Property 'hkern' does not exist on type 'JSX.IntrinsicElements'.
src/icons/Fonts/general-sans/GeneralSansVariable.tsx(2195,5): error TS2339: Property 'hkern' does not exist on type 'JSX.IntrinsicElements'.
src/icons/Fonts/general-sans/GeneralSansVariable.tsx(2196,5): error TS2339: Property 'hkern' does not exist on type 'JSX.IntrinsicElements'.
src/icons/Fonts/general-sans/GeneralSansVariable.tsx(2197,5): error TS2339: Property 'hkern' does not exist on type 'JSX.IntrinsicElements'.
src/icons/Fonts/general-sans/GeneralSansVariable.tsx(2198,5): error TS2339: Property 'hkern' does not exist on type 'JSX.IntrinsicElements'.
src/icons/Fonts/general-sans/GeneralSansVariable.tsx(2199,5): error TS2339: Property 'hkern' does not exist on type 'JSX.IntrinsicElements'.
src/icons/Fonts/general-sans/GeneralSansVariable.tsx(2200,5): error TS2339: Property 'hkern' does not exist on type 'JSX.IntrinsicElements'.
src/icons/Fonts/general-sans/GeneralSansVariable.tsx(2201,5): error TS2339: Property 'hkern' does not exist on type 'JSX.IntrinsicElements'.
src/icons/Fonts/general-sans/GeneralSansVariable.tsx(2202,5): error TS2339: Property 'hkern' does not exist on type 'JSX.IntrinsicElements'.
src/icons/Fonts/general-sans/GeneralSansVariable.tsx(2203,5): error TS2339: Property 'hkern' does not exist on type 'JSX.IntrinsicElements'.
src/icons/Fonts/general-sans/GeneralSansVariable.tsx(2204,5): error TS2339: Property 'hkern' does not exist on type 'JSX.IntrinsicElements'.
src/icons/Fonts/general-sans/GeneralSansVariable.tsx(2205,5): error TS2339: Property 'hkern' does not exist on type 'JSX.IntrinsicElements'.
src/icons/Fonts/general-sans/GeneralSansVariable.tsx(2206,5): error TS2339: Property 'hkern' does not exist on type 'JSX.IntrinsicElements'.
src/icons/Fonts/general-sans/GeneralSansVariable.tsx(2207,5): error TS2339: Property 'hkern' does not exist on type 'JSX.IntrinsicElements'.
src/icons/Fonts/general-sans/GeneralSansVariable.tsx(2208,5): error TS2339: Property 'hkern' does not exist on type 'JSX.IntrinsicElements'.
src/icons/Fonts/general-sans/GeneralSansVariable.tsx(2209,5): error TS2339: Property 'hkern' does not exist on type 'JSX.IntrinsicElements'.
src/icons/Fonts/general-sans/GeneralSansVariable.tsx(2210,5): error TS2339: Property 'hkern' does not exist on type 'JSX.IntrinsicElements'.
src/icons/Fonts/general-sans/GeneralSansVariable.tsx(2211,5): error TS2339: Property 'hkern' does not exist on type 'JSX.IntrinsicElements'.
src/icons/Fonts/general-sans/GeneralSansVariable.tsx(2212,5): error TS2339: Property 'hkern' does not exist on type 'JSX.IntrinsicElements'.
src/icons/Fonts/general-sans/GeneralSansVariable.tsx(2213,5): error TS2339: Property 'hkern' does not exist on type 'JSX.IntrinsicElements'.
src/icons/Fonts/general-sans/GeneralSansVariable.tsx(2214,5): error TS2339: Property 'hkern' does not exist on type 'JSX.IntrinsicElements'.
src/icons/Fonts/general-sans/GeneralSansVariable.tsx(2215,5): error TS2339: Property 'hkern' does not exist on type 'JSX.IntrinsicElements'.
src/icons/Fonts/general-sans/GeneralSansVariable.tsx(2216,5): error TS2339: Property 'hkern' does not exist on type 'JSX.IntrinsicElements'.
src/icons/Fonts/general-sans/GeneralSansVariable.tsx(2217,5): error TS2339: Property 'hkern' does not exist on type 'JSX.IntrinsicElements'.
src/icons/Fonts/general-sans/GeneralSansVariable.tsx(2218,5): error TS2339: Property 'hkern' does not exist on type 'JSX.IntrinsicElements'.
src/icons/Fonts/general-sans/GeneralSansVariable.tsx(2219,5): error TS2339: Property 'hkern' does not exist on type 'JSX.IntrinsicElements'.
src/icons/Fonts/general-sans/GeneralSansVariable.tsx(2220,5): error TS2339: Property 'hkern' does not exist on type 'JSX.IntrinsicElements'.
src/icons/Fonts/general-sans/GeneralSansVariable.tsx(2221,5): error TS2339: Property 'hkern' does not exist on type 'JSX.IntrinsicElements'.
src/icons/Fonts/general-sans/GeneralSansVariable.tsx(2222,5): error TS2339: Property 'hkern' does not exist on type 'JSX.IntrinsicElements'.
src/icons/Fonts/general-sans/GeneralSansVariable.tsx(2223,5): error TS2339: Property 'hkern' does not exist on type 'JSX.IntrinsicElements'.
src/icons/Fonts/general-sans/GeneralSansVariable.tsx(2224,5): error TS2339: Property 'hkern' does not exist on type 'JSX.IntrinsicElements'.
src/icons/Fonts/general-sans/GeneralSansVariable.tsx(2225,5): error TS2339: Property 'hkern' does not exist on type 'JSX.IntrinsicElements'.
src/icons/Fonts/general-sans/GeneralSansVariable.tsx(2226,5): error TS2339: Property 'hkern' does not exist on type 'JSX.IntrinsicElements'.
src/icons/Fonts/general-sans/GeneralSansVariable.tsx(2227,5): error TS2339: Property 'hkern' does not exist on type 'JSX.IntrinsicElements'.
src/icons/Fonts/general-sans/GeneralSansVariable.tsx(2228,5): error TS2339: Property 'hkern' does not exist on type 'JSX.IntrinsicElements'.
src/icons/Fonts/general-sans/GeneralSansVariable.tsx(2229,5): error TS2339: Property 'hkern' does not exist on type 'JSX.IntrinsicElements'.
src/icons/Fonts/general-sans/GeneralSansVariable.tsx(2230,5): error TS2339: Property 'hkern' does not exist on type 'JSX.IntrinsicElements'.
src/icons/Fonts/general-sans/GeneralSansVariable.tsx(2231,5): error TS2339: Property 'hkern' does not exist on type 'JSX.IntrinsicElements'.
src/icons/Fonts/general-sans/GeneralSansVariable.tsx(2232,5): error TS2339: Property 'hkern' does not exist on type 'JSX.IntrinsicElements'.
src/icons/Fonts/general-sans/GeneralSansVariable.tsx(2233,5): error TS2339: Property 'hkern' does not exist on type 'JSX.IntrinsicElements'.
src/icons/Fonts/general-sans/GeneralSansVariable.tsx(2234,5): error TS2339: Property 'hkern' does not exist on type 'JSX.IntrinsicElements'.
src/icons/Fonts/general-sans/GeneralSansVariable.tsx(2235,5): error TS2339: Property 'hkern' does not exist on type 'JSX.IntrinsicElements'.
src/icons/Fonts/general-sans/GeneralSansVariable.tsx(2236,5): error TS2339: Property 'hkern' does not exist on type 'JSX.IntrinsicElements'.
src/icons/Fonts/general-sans/GeneralSansVariable.tsx(2237,5): error TS2339: Property 'hkern' does not exist on type 'JSX.IntrinsicElements'.
src/icons/Fonts/general-sans/GeneralSansVariable.tsx(2238,5): error TS2339: Property 'hkern' does not exist on type 'JSX.IntrinsicElements'.
src/icons/Fonts/general-sans/GeneralSansVariable.tsx(2239,5): error TS2339: Property 'hkern' does not exist on type 'JSX.IntrinsicElements'.
src/icons/Fonts/general-sans/GeneralSansVariable.tsx(2240,5): error TS2339: Property 'hkern' does not exist on type 'JSX.IntrinsicElements'.
src/icons/Fonts/general-sans/GeneralSansVariable.tsx(2241,5): error TS2339: Property 'hkern' does not exist on type 'JSX.IntrinsicElements'.
src/icons/Fonts/general-sans/GeneralSansVariable.tsx(2242,5): error TS2339: Property 'hkern' does not exist on type 'JSX.IntrinsicElements'.
src/icons/Fonts/general-sans/GeneralSansVariable.tsx(2243,5): error TS2339: Property 'hkern' does not exist on type 'JSX.IntrinsicElements'.
src/icons/Fonts/general-sans/GeneralSansVariable.tsx(2244,5): error TS2339: Property 'hkern' does not exist on type 'JSX.IntrinsicElements'.
src/icons/Fonts/general-sans/GeneralSansVariable.tsx(2245,5): error TS2339: Property 'hkern' does not exist on type 'JSX.IntrinsicElements'.
src/icons/Fonts/general-sans/GeneralSansVariable.tsx(2246,5): error TS2339: Property 'hkern' does not exist on type 'JSX.IntrinsicElements'.
src/icons/Fonts/general-sans/GeneralSansVariable.tsx(2247,5): error TS2339: Property 'hkern' does not exist on type 'JSX.IntrinsicElements'.
src/icons/Fonts/general-sans/GeneralSansVariable.tsx(2248,5): error TS2339: Property 'hkern' does not exist on type 'JSX.IntrinsicElements'.
src/icons/Fonts/general-sans/GeneralSansVariable.tsx(2249,5): error TS2339: Property 'hkern' does not exist on type 'JSX.IntrinsicElements'.
src/icons/Fonts/general-sans/GeneralSansVariable.tsx(2250,5): error TS2339: Property 'hkern' does not exist on type 'JSX.IntrinsicElements'.
src/icons/Fonts/general-sans/GeneralSansVariable.tsx(2251,5): error TS2339: Property 'hkern' does not exist on type 'JSX.IntrinsicElements'.
src/icons/Fonts/general-sans/GeneralSansVariable.tsx(2252,5): error TS2339: Property 'hkern' does not exist on type 'JSX.IntrinsicElements'.
src/icons/Fonts/general-sans/GeneralSansVariable.tsx(2253,5): error TS2339: Property 'hkern' does not exist on type 'JSX.IntrinsicElements'.
src/icons/Fonts/general-sans/GeneralSansVariable.tsx(2254,5): error TS2339: Property 'hkern' does not exist on type 'JSX.IntrinsicElements'.
src/icons/Fonts/general-sans/GeneralSansVariable.tsx(2255,5): error TS2339: Property 'hkern' does not exist on type 'JSX.IntrinsicElements'.
src/icons/Fonts/general-sans/GeneralSansVariable.tsx(2256,5): error TS2339: Property 'hkern' does not exist on type 'JSX.IntrinsicElements'.
src/icons/Fonts/general-sans/GeneralSansVariable.tsx(2257,5): error TS2339: Property 'hkern' does not exist on type 'JSX.IntrinsicElements'.
src/icons/Fonts/general-sans/GeneralSansVariable.tsx(2258,5): error TS2339: Property 'hkern' does not exist on type 'JSX.IntrinsicElements'.
src/icons/Fonts/general-sans/GeneralSansVariable.tsx(2259,5): error TS2339: Property 'hkern' does not exist on type 'JSX.IntrinsicElements'.
src/icons/Fonts/general-sans/GeneralSansVariable.tsx(2260,5): error TS2339: Property 'hkern' does not exist on type 'JSX.IntrinsicElements'.
src/icons/Fonts/general-sans/GeneralSansVariable.tsx(2261,5): error TS2339: Property 'hkern' does not exist on type 'JSX.IntrinsicElements'.
src/icons/Fonts/general-sans/GeneralSansVariable.tsx(2262,5): error TS2339: Property 'hkern' does not exist on type 'JSX.IntrinsicElements'.
src/icons/Fonts/general-sans/GeneralSansVariable.tsx(2263,5): error TS2339: Property 'hkern' does not exist on type 'JSX.IntrinsicElements'.
src/icons/Fonts/general-sans/GeneralSansVariable.tsx(2264,5): error TS2339: Property 'hkern' does not exist on type 'JSX.IntrinsicElements'.
src/icons/Fonts/general-sans/GeneralSansVariable.tsx(2265,5): error TS2339: Property 'hkern' does not exist on type 'JSX.IntrinsicElements'.
src/icons/Fonts/general-sans/GeneralSansVariable.tsx(2266,5): error TS2339: Property 'hkern' does not exist on type 'JSX.IntrinsicElements'.
src/icons/Fonts/general-sans/GeneralSansVariable.tsx(2267,5): error TS2339: Property 'hkern' does not exist on type 'JSX.IntrinsicElements'.
src/icons/Fonts/general-sans/GeneralSansVariable.tsx(2268,5): error TS2339: Property 'hkern' does not exist on type 'JSX.IntrinsicElements'.
src/icons/Fonts/general-sans/GeneralSansVariable.tsx(2269,5): error TS2339: Property 'hkern' does not exist on type 'JSX.IntrinsicElements'.
src/icons/Fonts/general-sans/GeneralSansVariable.tsx(2270,5): error TS2339: Property 'hkern' does not exist on type 'JSX.IntrinsicElements'.
src/icons/Fonts/general-sans/GeneralSansVariable.tsx(2271,5): error TS2339: Property 'hkern' does not exist on type 'JSX.IntrinsicElements'.
src/icons/Fonts/general-sans/GeneralSansVariable.tsx(2272,5): error TS2339: Property 'hkern' does not exist on type 'JSX.IntrinsicElements'.
src/icons/Fonts/general-sans/GeneralSansVariable.tsx(2273,5): error TS2339: Property 'hkern' does not exist on type 'JSX.IntrinsicElements'.
src/icons/Fonts/general-sans/GeneralSansVariable.tsx(2274,5): error TS2339: Property 'hkern' does not exist on type 'JSX.IntrinsicElements'.
src/icons/Fonts/general-sans/GeneralSansVariable.tsx(2275,5): error TS2339: Property 'hkern' does not exist on type 'JSX.IntrinsicElements'.
src/icons/Fonts/general-sans/GeneralSansVariable.tsx(2276,5): error TS2339: Property 'hkern' does not exist on type 'JSX.IntrinsicElements'.
src/icons/Fonts/general-sans/GeneralSansVariable.tsx(2277,5): error TS2339: Property 'hkern' does not exist on type 'JSX.IntrinsicElements'.
src/icons/Fonts/general-sans/GeneralSansVariable.tsx(2278,5): error TS2339: Property 'hkern' does not exist on type 'JSX.IntrinsicElements'.
src/icons/Fonts/general-sans/GeneralSansVariable.tsx(2279,5): error TS2339: Property 'hkern' does not exist on type 'JSX.IntrinsicElements'.
src/icons/Fonts/general-sans/GeneralSansVariable.tsx(2280,5): error TS2339: Property 'hkern' does not exist on type 'JSX.IntrinsicElements'.
src/icons/Fonts/general-sans/GeneralSansVariable.tsx(2281,5): error TS2339: Property 'hkern' does not exist on type 'JSX.IntrinsicElements'.
src/icons/Fonts/general-sans/GeneralSansVariable.tsx(2282,5): error TS2339: Property 'hkern' does not exist on type 'JSX.IntrinsicElements'.
src/icons/Fonts/general-sans/GeneralSansVariable.tsx(2283,5): error TS2339: Property 'hkern' does not exist on type 'JSX.IntrinsicElements'.
src/icons/Fonts/general-sans/GeneralSansVariable.tsx(2284,5): error TS2339: Property 'hkern' does not exist on type 'JSX.IntrinsicElements'.
src/icons/Fonts/general-sans/GeneralSansVariable.tsx(2285,5): error TS2339: Property 'hkern' does not exist on type 'JSX.IntrinsicElements'.
src/icons/Fonts/general-sans/GeneralSansVariable.tsx(2286,5): error TS2339: Property 'hkern' does not exist on type 'JSX.IntrinsicElements'.
src/icons/Fonts/general-sans/GeneralSansVariable.tsx(2287,5): error TS2339: Property 'hkern' does not exist on type 'JSX.IntrinsicElements'.
src/icons/Fonts/general-sans/GeneralSansVariable.tsx(2288,5): error TS2339: Property 'hkern' does not exist on type 'JSX.IntrinsicElements'.
src/icons/Fonts/general-sans/GeneralSansVariable.tsx(2289,5): error TS2339: Property 'hkern' does not exist on type 'JSX.IntrinsicElements'.
src/icons/Fonts/general-sans/GeneralSansVariable.tsx(2290,5): error TS2339: Property 'hkern' does not exist on type 'JSX.IntrinsicElements'.
src/icons/Fonts/general-sans/GeneralSansVariable.tsx(2291,5): error TS2339: Property 'hkern' does not exist on type 'JSX.IntrinsicElements'.
src/icons/Fonts/general-sans/GeneralSansVariable.tsx(2292,5): error TS2339: Property 'hkern' does not exist on type 'JSX.IntrinsicElements'.
src/icons/Fonts/general-sans/GeneralSansVariable.tsx(2293,5): error TS2339: Property 'hkern' does not exist on type 'JSX.IntrinsicElements'.
src/icons/Fonts/general-sans/GeneralSansVariable.tsx(2294,5): error TS2339: Property 'hkern' does not exist on type 'JSX.IntrinsicElements'.
src/icons/Fonts/general-sans/GeneralSansVariable.tsx(2295,5): error TS2339: Property 'hkern' does not exist on type 'JSX.IntrinsicElements'.
src/icons/Fonts/general-sans/GeneralSansVariable.tsx(2296,5): error TS2339: Property 'hkern' does not exist on type 'JSX.IntrinsicElements'.
src/icons/Fonts/general-sans/GeneralSansVariable.tsx(2297,5): error TS2339: Property 'hkern' does not exist on type 'JSX.IntrinsicElements'.
src/icons/Fonts/general-sans/GeneralSansVariable.tsx(2298,5): error TS2339: Property 'hkern' does not exist on type 'JSX.IntrinsicElements'.
src/icons/Fonts/general-sans/GeneralSansVariable.tsx(2299,5): error TS2339: Property 'hkern' does not exist on type 'JSX.IntrinsicElements'.
src/icons/Fonts/general-sans/GeneralSansVariable.tsx(2300,5): error TS2339: Property 'hkern' does not exist on type 'JSX.IntrinsicElements'.
src/icons/Fonts/general-sans/GeneralSansVariable.tsx(2301,5): error TS2339: Property 'hkern' does not exist on type 'JSX.IntrinsicElements'.
src/icons/Fonts/general-sans/GeneralSansVariable.tsx(2302,5): error TS2339: Property 'hkern' does not exist on type 'JSX.IntrinsicElements'.
src/icons/Fonts/general-sans/GeneralSansVariable.tsx(2303,5): error TS2339: Property 'hkern' does not exist on type 'JSX.IntrinsicElements'.
src/icons/Fonts/general-sans/GeneralSansVariable.tsx(2304,5): error TS2339: Property 'hkern' does not exist on type 'JSX.IntrinsicElements'.
src/icons/Fonts/general-sans/GeneralSansVariable.tsx(2305,5): error TS2339: Property 'hkern' does not exist on type 'JSX.IntrinsicElements'.
src/icons/Fonts/general-sans/GeneralSansVariable.tsx(2306,5): error TS2339: Property 'hkern' does not exist on type 'JSX.IntrinsicElements'.
src/icons/Fonts/general-sans/GeneralSansVariable.tsx(2307,5): error TS2339: Property 'hkern' does not exist on type 'JSX.IntrinsicElements'.
src/icons/Fonts/general-sans/GeneralSansVariable.tsx(2308,5): error TS2339: Property 'hkern' does not exist on type 'JSX.IntrinsicElements'.
src/icons/Fonts/general-sans/GeneralSansVariable.tsx(2309,5): error TS2339: Property 'hkern' does not exist on type 'JSX.IntrinsicElements'.
src/icons/Fonts/general-sans/GeneralSansVariable.tsx(2310,5): error TS2339: Property 'hkern' does not exist on type 'JSX.IntrinsicElements'.
src/icons/Fonts/general-sans/GeneralSansVariable.tsx(2311,5): error TS2339: Property 'hkern' does not exist on type 'JSX.IntrinsicElements'.
src/icons/Fonts/general-sans/GeneralSansVariable.tsx(2312,5): error TS2339: Property 'hkern' does not exist on type 'JSX.IntrinsicElements'.
src/icons/Fonts/general-sans/GeneralSansVariable.tsx(2313,5): error TS2339: Property 'hkern' does not exist on type 'JSX.IntrinsicElements'.
src/icons/Fonts/general-sans/GeneralSansVariable.tsx(2314,5): error TS2339: Property 'hkern' does not exist on type 'JSX.IntrinsicElements'.
src/icons/Fonts/general-sans/GeneralSansVariable.tsx(2315,5): error TS2339: Property 'hkern' does not exist on type 'JSX.IntrinsicElements'.
src/icons/Fonts/general-sans/GeneralSansVariable.tsx(2316,5): error TS2339: Property 'hkern' does not exist on type 'JSX.IntrinsicElements'.
src/icons/Fonts/general-sans/GeneralSansVariable.tsx(2317,5): error TS2339: Property 'hkern' does not exist on type 'JSX.IntrinsicElements'.
src/icons/Fonts/general-sans/GeneralSansVariable.tsx(2318,5): error TS2339: Property 'hkern' does not exist on type 'JSX.IntrinsicElements'.
src/icons/Fonts/general-sans/GeneralSansVariable.tsx(2319,5): error TS2339: Property 'hkern' does not exist on type 'JSX.IntrinsicElements'.
src/icons/Fonts/general-sans/GeneralSansVariable.tsx(2320,5): error TS2339: Property 'hkern' does not exist on type 'JSX.IntrinsicElements'.
src/icons/Fonts/general-sans/GeneralSansVariable.tsx(2321,5): error TS2339: Property 'hkern' does not exist on type 'JSX.IntrinsicElements'.
src/icons/Fonts/general-sans/GeneralSansVariable.tsx(2322,5): error TS2339: Property 'hkern' does not exist on type 'JSX.IntrinsicElements'.
src/icons/Fonts/general-sans/GeneralSansVariable.tsx(2323,5): error TS2339: Property 'hkern' does not exist on type 'JSX.IntrinsicElements'.
src/icons/Fonts/general-sans/GeneralSansVariable.tsx(2324,5): error TS2339: Property 'hkern' does not exist on type 'JSX.IntrinsicElements'.
src/icons/Fonts/general-sans/GeneralSansVariable.tsx(2325,5): error TS2339: Property 'hkern' does not exist on type 'JSX.IntrinsicElements'.
src/icons/Fonts/general-sans/GeneralSansVariable.tsx(2326,5): error TS2339: Property 'hkern' does not exist on type 'JSX.IntrinsicElements'.
src/icons/Fonts/general-sans/GeneralSansVariable.tsx(2327,5): error TS2339: Property 'hkern' does not exist on type 'JSX.IntrinsicElements'.
src/icons/Fonts/general-sans/GeneralSansVariable.tsx(2328,5): error TS2339: Property 'hkern' does not exist on type 'JSX.IntrinsicElements'.
src/icons/Fonts/general-sans/GeneralSansVariable.tsx(2329,5): error TS2339: Property 'hkern' does not exist on type 'JSX.IntrinsicElements'.
src/icons/Fonts/general-sans/GeneralSansVariable.tsx(2330,5): error TS2339: Property 'hkern' does not exist on type 'JSX.IntrinsicElements'.
src/icons/Fonts/general-sans/GeneralSansVariable.tsx(2331,5): error TS2339: Property 'hkern' does not exist on type 'JSX.IntrinsicElements'.
src/icons/Fonts/general-sans/GeneralSansVariable.tsx(2332,5): error TS2339: Property 'hkern' does not exist on type 'JSX.IntrinsicElements'.
src/icons/Fonts/general-sans/GeneralSansVariable.tsx(2333,5): error TS2339: Property 'hkern' does not exist on type 'JSX.IntrinsicElements'.
src/icons/Fonts/general-sans/GeneralSansVariable.tsx(2334,5): error TS2339: Property 'hkern' does not exist on type 'JSX.IntrinsicElements'.
src/icons/Fonts/general-sans/GeneralSansVariable.tsx(2335,5): error TS2339: Property 'hkern' does not exist on type 'JSX.IntrinsicElements'.
src/icons/Fonts/general-sans/GeneralSansVariable.tsx(2336,5): error TS2339: Property 'hkern' does not exist on type 'JSX.IntrinsicElements'.
src/icons/Fonts/general-sans/GeneralSansVariable.tsx(2337,5): error TS2339: Property 'hkern' does not exist on type 'JSX.IntrinsicElements'.
src/icons/Fonts/general-sans/GeneralSansVariable.tsx(2338,5): error TS2339: Property 'hkern' does not exist on type 'JSX.IntrinsicElements'.
src/icons/Fonts/general-sans/GeneralSansVariable.tsx(2339,5): error TS2339: Property 'hkern' does not exist on type 'JSX.IntrinsicElements'.
src/icons/Fonts/general-sans/GeneralSansVariable.tsx(2340,5): error TS2339: Property 'hkern' does not exist on type 'JSX.IntrinsicElements'.
src/icons/Fonts/general-sans/GeneralSansVariable.tsx(2341,5): error TS2339: Property 'hkern' does not exist on type 'JSX.IntrinsicElements'.
src/icons/Fonts/general-sans/GeneralSansVariable.tsx(2342,5): error TS2339: Property 'hkern' does not exist on type 'JSX.IntrinsicElements'.
src/icons/Fonts/general-sans/GeneralSansVariable.tsx(2343,5): error TS2339: Property 'hkern' does not exist on type 'JSX.IntrinsicElements'.
src/icons/Fonts/general-sans/GeneralSansVariable.tsx(2344,5): error TS2339: Property 'hkern' does not exist on type 'JSX.IntrinsicElements'.
src/icons/Fonts/general-sans/GeneralSansVariable.tsx(2345,5): error TS2339: Property 'hkern' does not exist on type 'JSX.IntrinsicElements'.
src/icons/Fonts/general-sans/GeneralSansVariable.tsx(2346,5): error TS2339: Property 'hkern' does not exist on type 'JSX.IntrinsicElements'.
src/icons/Fonts/general-sans/GeneralSansVariable.tsx(2347,5): error TS2339: Property 'hkern' does not exist on type 'JSX.IntrinsicElements'.
src/icons/Fonts/general-sans/GeneralSansVariable.tsx(2348,5): error TS2339: Property 'hkern' does not exist on type 'JSX.IntrinsicElements'.
src/icons/Fonts/general-sans/GeneralSansVariable.tsx(2349,5): error TS2339: Property 'hkern' does not exist on type 'JSX.IntrinsicElements'.
src/icons/Fonts/general-sans/GeneralSansVariable.tsx(2350,5): error TS2339: Property 'hkern' does not exist on type 'JSX.IntrinsicElements'.
src/icons/Fonts/general-sans/GeneralSansVariable.tsx(2351,5): error TS2339: Property 'hkern' does not exist on type 'JSX.IntrinsicElements'.
src/icons/Fonts/general-sans/GeneralSansVariable.tsx(2352,5): error TS2339: Property 'hkern' does not exist on type 'JSX.IntrinsicElements'.
src/icons/Fonts/general-sans/GeneralSansVariable.tsx(2353,5): error TS2339: Property 'hkern' does not exist on type 'JSX.IntrinsicElements'.
src/icons/Fonts/general-sans/GeneralSansVariable.tsx(2354,5): error TS2339: Property 'hkern' does not exist on type 'JSX.IntrinsicElements'.
src/icons/Fonts/general-sans/GeneralSansVariable.tsx(2355,5): error TS2339: Property 'hkern' does not exist on type 'JSX.IntrinsicElements'.
src/icons/Fonts/general-sans/GeneralSansVariable.tsx(2356,5): error TS2339: Property 'hkern' does not exist on type 'JSX.IntrinsicElements'.
src/icons/Fonts/general-sans/GeneralSansVariable.tsx(2357,5): error TS2339: Property 'hkern' does not exist on type 'JSX.IntrinsicElements'.
src/icons/Fonts/general-sans/GeneralSansVariable.tsx(2358,5): error TS2339: Property 'hkern' does not exist on type 'JSX.IntrinsicElements'.
src/icons/Fonts/general-sans/GeneralSansVariable.tsx(2359,5): error TS2339: Property 'hkern' does not exist on type 'JSX.IntrinsicElements'.
src/icons/Fonts/general-sans/GeneralSansVariable.tsx(2360,5): error TS2339: Property 'hkern' does not exist on type 'JSX.IntrinsicElements'.
src/icons/Fonts/general-sans/GeneralSansVariable.tsx(2361,5): error TS2339: Property 'hkern' does not exist on type 'JSX.IntrinsicElements'.
src/icons/Fonts/general-sans/GeneralSansVariable.tsx(2362,5): error TS2339: Property 'hkern' does not exist on type 'JSX.IntrinsicElements'.
src/icons/Fonts/general-sans/GeneralSansVariable.tsx(2363,5): error TS2339: Property 'hkern' does not exist on type 'JSX.IntrinsicElements'.
src/icons/Fonts/general-sans/GeneralSansVariable.tsx(2364,5): error TS2339: Property 'hkern' does not exist on type 'JSX.IntrinsicElements'.
src/icons/Fonts/general-sans/GeneralSansVariable.tsx(2365,5): error TS2339: Property 'hkern' does not exist on type 'JSX.IntrinsicElements'.
src/icons/Fonts/general-sans/GeneralSansVariable.tsx(2366,5): error TS2339: Property 'hkern' does not exist on type 'JSX.IntrinsicElements'.
src/icons/Fonts/general-sans/GeneralSansVariable.tsx(2367,5): error TS2339: Property 'hkern' does not exist on type 'JSX.IntrinsicElements'.
src/icons/Fonts/general-sans/GeneralSansVariable.tsx(2368,5): error TS2339: Property 'hkern' does not exist on type 'JSX.IntrinsicElements'.
src/icons/Fonts/general-sans/GeneralSansVariable.tsx(2369,5): error TS2339: Property 'hkern' does not exist on type 'JSX.IntrinsicElements'.
src/icons/Fonts/general-sans/GeneralSansVariable.tsx(2370,5): error TS2339: Property 'hkern' does not exist on type 'JSX.IntrinsicElements'.
src/icons/Fonts/general-sans/GeneralSansVariable.tsx(2371,5): error TS2339: Property 'hkern' does not exist on type 'JSX.IntrinsicElements'.
src/icons/Fonts/general-sans/GeneralSansVariable.tsx(2372,5): error TS2339: Property 'hkern' does not exist on type 'JSX.IntrinsicElements'.
src/icons/Fonts/general-sans/GeneralSansVariable.tsx(2373,5): error TS2339: Property 'hkern' does not exist on type 'JSX.IntrinsicElements'.
src/icons/Fonts/general-sans/GeneralSansVariable.tsx(2374,5): error TS2339: Property 'hkern' does not exist on type 'JSX.IntrinsicElements'.
src/icons/Fonts/general-sans/GeneralSansVariable.tsx(2375,5): error TS2339: Property 'hkern' does not exist on type 'JSX.IntrinsicElements'.
src/icons/Fonts/general-sans/GeneralSansVariable.tsx(2376,5): error TS2339: Property 'hkern' does not exist on type 'JSX.IntrinsicElements'.
src/icons/Fonts/general-sans/GeneralSansVariable.tsx(2377,5): error TS2339: Property 'hkern' does not exist on type 'JSX.IntrinsicElements'.
src/icons/Fonts/general-sans/GeneralSansVariable.tsx(2378,5): error TS2339: Property 'hkern' does not exist on type 'JSX.IntrinsicElements'.
src/icons/Fonts/general-sans/GeneralSansVariable.tsx(2379,5): error TS2339: Property 'hkern' does not exist on type 'JSX.IntrinsicElements'.
src/icons/Fonts/general-sans/GeneralSansVariable.tsx(2380,5): error TS2339: Property 'hkern' does not exist on type 'JSX.IntrinsicElements'.
src/icons/Fonts/general-sans/GeneralSansVariable.tsx(2381,5): error TS2339: Property 'hkern' does not exist on type 'JSX.IntrinsicElements'.
src/icons/Fonts/general-sans/GeneralSansVariable.tsx(2382,5): error TS2339: Property 'hkern' does not exist on type 'JSX.IntrinsicElements'.
src/icons/Fonts/general-sans/GeneralSansVariable.tsx(2383,5): error TS2339: Property 'hkern' does not exist on type 'JSX.IntrinsicElements'.
src/icons/Fonts/general-sans/GeneralSansVariable.tsx(2384,5): error TS2339: Property 'hkern' does not exist on type 'JSX.IntrinsicElements'.
src/icons/Fonts/general-sans/GeneralSansVariable.tsx(2385,5): error TS2339: Property 'hkern' does not exist on type 'JSX.IntrinsicElements'.
src/icons/Fonts/general-sans/GeneralSansVariable.tsx(2386,5): error TS2339: Property 'hkern' does not exist on type 'JSX.IntrinsicElements'.
src/icons/Fonts/general-sans/GeneralSansVariable.tsx(2387,5): error TS2339: Property 'hkern' does not exist on type 'JSX.IntrinsicElements'.
src/icons/Fonts/general-sans/GeneralSansVariable.tsx(2388,5): error TS2339: Property 'hkern' does not exist on type 'JSX.IntrinsicElements'.
src/icons/Fonts/general-sans/GeneralSansVariable.tsx(2389,5): error TS2339: Property 'hkern' does not exist on type 'JSX.IntrinsicElements'.
src/icons/Fonts/general-sans/GeneralSansVariable.tsx(2390,5): error TS2339: Property 'hkern' does not exist on type 'JSX.IntrinsicElements'.
src/icons/Fonts/general-sans/GeneralSansVariable.tsx(2391,5): error TS2339: Property 'hkern' does not exist on type 'JSX.IntrinsicElements'.
src/icons/Fonts/general-sans/GeneralSansVariable.tsx(2392,5): error TS2339: Property 'hkern' does not exist on type 'JSX.IntrinsicElements'.
src/icons/Fonts/general-sans/GeneralSansVariable.tsx(2393,5): error TS2339: Property 'hkern' does not exist on type 'JSX.IntrinsicElements'.
src/icons/Fonts/general-sans/GeneralSansVariable.tsx(2394,5): error TS2339: Property 'hkern' does not exist on type 'JSX.IntrinsicElements'.
src/icons/Fonts/general-sans/GeneralSansVariable.tsx(2395,5): error TS2339: Property 'hkern' does not exist on type 'JSX.IntrinsicElements'.
src/icons/Fonts/general-sans/GeneralSansVariable.tsx(2396,5): error TS2339: Property 'hkern' does not exist on type 'JSX.IntrinsicElements'.
src/icons/Fonts/general-sans/GeneralSansVariable.tsx(2397,5): error TS2339: Property 'hkern' does not exist on type 'JSX.IntrinsicElements'.
src/icons/Fonts/general-sans/GeneralSansVariable.tsx(2398,5): error TS2339: Property 'hkern' does not exist on type 'JSX.IntrinsicElements'.
src/icons/Fonts/general-sans/GeneralSansVariable.tsx(2399,5): error TS2339: Property 'hkern' does not exist on type 'JSX.IntrinsicElements'.
src/icons/Fonts/general-sans/GeneralSansVariable.tsx(2400,5): error TS2339: Property 'hkern' does not exist on type 'JSX.IntrinsicElements'.
src/icons/Fonts/general-sans/GeneralSansVariable.tsx(2401,5): error TS2339: Property 'hkern' does not exist on type 'JSX.IntrinsicElements'.
src/icons/Fonts/general-sans/GeneralSansVariable.tsx(2402,5): error TS2339: Property 'hkern' does not exist on type 'JSX.IntrinsicElements'.
src/icons/Fonts/general-sans/GeneralSansVariable.tsx(2403,5): error TS2339: Property 'hkern' does not exist on type 'JSX.IntrinsicElements'.
src/icons/Fonts/general-sans/GeneralSansVariable.tsx(2404,5): error TS2339: Property 'hkern' does not exist on type 'JSX.IntrinsicElements'.
src/icons/Fonts/general-sans/GeneralSansVariable.tsx(2405,5): error TS2339: Property 'hkern' does not exist on type 'JSX.IntrinsicElements'.
src/icons/Fonts/general-sans/GeneralSansVariable.tsx(2406,5): error TS2339: Property 'hkern' does not exist on type 'JSX.IntrinsicElements'.
src/icons/Fonts/general-sans/GeneralSansVariable.tsx(2407,5): error TS2339: Property 'hkern' does not exist on type 'JSX.IntrinsicElements'.
src/icons/Fonts/general-sans/GeneralSansVariable.tsx(2408,5): error TS2339: Property 'hkern' does not exist on type 'JSX.IntrinsicElements'.
src/icons/Fonts/general-sans/GeneralSansVariable.tsx(2409,5): error TS2339: Property 'hkern' does not exist on type 'JSX.IntrinsicElements'.
src/icons/Fonts/general-sans/GeneralSansVariable.tsx(2410,5): error TS2339: Property 'hkern' does not exist on type 'JSX.IntrinsicElements'.
src/icons/Fonts/general-sans/GeneralSansVariable.tsx(2411,5): error TS2339: Property 'hkern' does not exist on type 'JSX.IntrinsicElements'.
src/icons/Fonts/general-sans/GeneralSansVariable.tsx(2412,5): error TS2339: Property 'hkern' does not exist on type 'JSX.IntrinsicElements'.
src/icons/Fonts/general-sans/GeneralSansVariable.tsx(2413,5): error TS2339: Property 'hkern' does not exist on type 'JSX.IntrinsicElements'.
src/icons/Fonts/general-sans/GeneralSansVariable.tsx(2414,5): error TS2339: Property 'hkern' does not exist on type 'JSX.IntrinsicElements'.
src/icons/Fonts/general-sans/GeneralSansVariable.tsx(2415,5): error TS2339: Property 'hkern' does not exist on type 'JSX.IntrinsicElements'.
src/icons/Fonts/general-sans/GeneralSansVariable.tsx(2416,5): error TS2339: Property 'hkern' does not exist on type 'JSX.IntrinsicElements'.
src/icons/Fonts/general-sans/GeneralSansVariable.tsx(2417,5): error TS2339: Property 'hkern' does not exist on type 'JSX.IntrinsicElements'.
src/icons/Fonts/general-sans/GeneralSansVariable.tsx(2418,5): error TS2339: Property 'hkern' does not exist on type 'JSX.IntrinsicElements'.
src/icons/Fonts/general-sans/GeneralSansVariable.tsx(2419,5): error TS2339: Property 'hkern' does not exist on type 'JSX.IntrinsicElements'.
src/icons/Fonts/general-sans/GeneralSansVariable.tsx(2420,5): error TS2339: Property 'hkern' does not exist on type 'JSX.IntrinsicElements'.
src/icons/Fonts/general-sans/GeneralSansVariable.tsx(2421,5): error TS2339: Property 'hkern' does not exist on type 'JSX.IntrinsicElements'.
src/icons/Fonts/general-sans/GeneralSansVariable.tsx(2422,5): error TS2339: Property 'hkern' does not exist on type 'JSX.IntrinsicElements'.
src/icons/Fonts/general-sans/GeneralSansVariable.tsx(2423,5): error TS2339: Property 'hkern' does not exist on type 'JSX.IntrinsicElements'.
src/icons/Fonts/general-sans/GeneralSansVariable.tsx(2424,5): error TS2339: Property 'hkern' does not exist on type 'JSX.IntrinsicElements'.
src/icons/Fonts/general-sans/GeneralSansVariable.tsx(2425,5): error TS2339: Property 'hkern' does not exist on type 'JSX.IntrinsicElements'.
src/icons/Fonts/general-sans/GeneralSansVariable.tsx(2426,5): error TS2339: Property 'hkern' does not exist on type 'JSX.IntrinsicElements'.
src/icons/Fonts/general-sans/GeneralSansVariable.tsx(2427,5): error TS2339: Property 'hkern' does not exist on type 'JSX.IntrinsicElements'.
src/icons/Fonts/general-sans/GeneralSansVariable.tsx(2428,5): error TS2339: Property 'hkern' does not exist on type 'JSX.IntrinsicElements'.
src/icons/Fonts/general-sans/GeneralSansVariable.tsx(2429,5): error TS2339: Property 'hkern' does not exist on type 'JSX.IntrinsicElements'.
src/icons/Fonts/general-sans/GeneralSansVariable.tsx(2430,5): error TS2339: Property 'hkern' does not exist on type 'JSX.IntrinsicElements'.
src/icons/Fonts/general-sans/GeneralSansVariable.tsx(2431,5): error TS2339: Property 'hkern' does not exist on type 'JSX.IntrinsicElements'.
src/icons/Fonts/general-sans/GeneralSansVariable.tsx(2432,5): error TS2339: Property 'hkern' does not exist on type 'JSX.IntrinsicElements'.
src/icons/Fonts/general-sans/GeneralSansVariable.tsx(2433,5): error TS2339: Property 'hkern' does not exist on type 'JSX.IntrinsicElements'.
src/icons/Fonts/general-sans/GeneralSansVariable.tsx(2434,5): error TS2339: Property 'hkern' does not exist on type 'JSX.IntrinsicElements'.
src/icons/Fonts/general-sans/GeneralSansVariable.tsx(2435,5): error TS2339: Property 'hkern' does not exist on type 'JSX.IntrinsicElements'.
src/icons/Fonts/general-sans/GeneralSansVariable.tsx(2436,5): error TS2339: Property 'hkern' does not exist on type 'JSX.IntrinsicElements'.
src/icons/Fonts/general-sans/GeneralSansVariable.tsx(2437,5): error TS2339: Property 'hkern' does not exist on type 'JSX.IntrinsicElements'.
src/icons/Fonts/general-sans/GeneralSansVariable.tsx(2438,5): error TS2339: Property 'hkern' does not exist on type 'JSX.IntrinsicElements'.
src/icons/Fonts/general-sans/GeneralSansVariable.tsx(2439,5): error TS2339: Property 'hkern' does not exist on type 'JSX.IntrinsicElements'.
src/icons/Fonts/general-sans/GeneralSansVariable.tsx(2440,5): error TS2339: Property 'hkern' does not exist on type 'JSX.IntrinsicElements'.
src/icons/Fonts/general-sans/GeneralSansVariable.tsx(2441,5): error TS2339: Property 'hkern' does not exist on type 'JSX.IntrinsicElements'.
src/icons/Fonts/general-sans/GeneralSansVariable.tsx(2442,5): error TS2339: Property 'hkern' does not exist on type 'JSX.IntrinsicElements'.
src/icons/Fonts/general-sans/GeneralSansVariable.tsx(2443,5): error TS2339: Property 'hkern' does not exist on type 'JSX.IntrinsicElements'.
src/icons/Fonts/general-sans/GeneralSansVariable.tsx(2444,5): error TS2339: Property 'hkern' does not exist on type 'JSX.IntrinsicElements'.
src/icons/Fonts/general-sans/GeneralSansVariable.tsx(2445,5): error TS2339: Property 'hkern' does not exist on type 'JSX.IntrinsicElements'.
src/icons/Fonts/general-sans/GeneralSansVariable.tsx(2446,5): error TS2339: Property 'hkern' does not exist on type 'JSX.IntrinsicElements'.
src/icons/Fonts/general-sans/GeneralSansVariable.tsx(2447,5): error TS2339: Property 'hkern' does not exist on type 'JSX.IntrinsicElements'.
src/icons/Fonts/general-sans/GeneralSansVariable.tsx(2448,5): error TS2339: Property 'hkern' does not exist on type 'JSX.IntrinsicElements'.
src/icons/Fonts/general-sans/GeneralSansVariable.tsx(2449,5): error TS2339: Property 'hkern' does not exist on type 'JSX.IntrinsicElements'.
src/icons/Fonts/general-sans/GeneralSansVariable.tsx(2450,5): error TS2339: Property 'hkern' does not exist on type 'JSX.IntrinsicElements'.
src/icons/Fonts/general-sans/GeneralSansVariable.tsx(2451,5): error TS2339: Property 'hkern' does not exist on type 'JSX.IntrinsicElements'.
src/icons/Fonts/general-sans/GeneralSansVariable.tsx(2452,5): error TS2339: Property 'hkern' does not exist on type 'JSX.IntrinsicElements'.
src/icons/Fonts/general-sans/GeneralSansVariable.tsx(2453,5): error TS2339: Property 'hkern' does not exist on type 'JSX.IntrinsicElements'.
src/icons/Fonts/general-sans/GeneralSansVariable.tsx(2454,5): error TS2339: Property 'hkern' does not exist on type 'JSX.IntrinsicElements'.
src/icons/Fonts/general-sans/GeneralSansVariable.tsx(2455,5): error TS2339: Property 'hkern' does not exist on type 'JSX.IntrinsicElements'.
src/icons/Fonts/general-sans/GeneralSansVariable.tsx(2456,5): error TS2339: Property 'hkern' does not exist on type 'JSX.IntrinsicElements'.
src/icons/Fonts/general-sans/GeneralSansVariable.tsx(2457,5): error TS2339: Property 'hkern' does not exist on type 'JSX.IntrinsicElements'.
src/icons/Fonts/general-sans/GeneralSansVariable.tsx(2458,5): error TS2339: Property 'hkern' does not exist on type 'JSX.IntrinsicElements'.
src/icons/Fonts/general-sans/GeneralSansVariable.tsx(2459,5): error TS2339: Property 'hkern' does not exist on type 'JSX.IntrinsicElements'.
src/icons/Fonts/general-sans/GeneralSansVariable.tsx(2460,5): error TS2339: Property 'hkern' does not exist on type 'JSX.IntrinsicElements'.
src/icons/Fonts/general-sans/GeneralSansVariable.tsx(2461,5): error TS2339: Property 'hkern' does not exist on type 'JSX.IntrinsicElements'.
src/icons/Fonts/general-sans/GeneralSansVariable.tsx(2462,5): error TS2339: Property 'hkern' does not exist on type 'JSX.IntrinsicElements'.
src/icons/Fonts/general-sans/GeneralSansVariable.tsx(2463,5): error TS2339: Property 'hkern' does not exist on type 'JSX.IntrinsicElements'.
src/icons/Fonts/general-sans/GeneralSansVariable.tsx(2464,5): error TS2339: Property 'hkern' does not exist on type 'JSX.IntrinsicElements'.
src/icons/Fonts/general-sans/GeneralSansVariable.tsx(2465,5): error TS2339: Property 'hkern' does not exist on type 'JSX.IntrinsicElements'.
src/icons/Fonts/general-sans/GeneralSansVariable.tsx(2466,5): error TS2339: Property 'hkern' does not exist on type 'JSX.IntrinsicElements'.
src/icons/Fonts/general-sans/GeneralSansVariable.tsx(2467,5): error TS2339: Property 'hkern' does not exist on type 'JSX.IntrinsicElements'.
src/icons/Fonts/general-sans/GeneralSansVariable.tsx(2468,5): error TS2339: Property 'hkern' does not exist on type 'JSX.IntrinsicElements'.
src/icons/Fonts/general-sans/GeneralSansVariable.tsx(2469,5): error TS2339: Property 'hkern' does not exist on type 'JSX.IntrinsicElements'.
src/icons/Fonts/general-sans/GeneralSansVariable.tsx(2470,5): error TS2339: Property 'hkern' does not exist on type 'JSX.IntrinsicElements'.
src/icons/Fonts/general-sans/GeneralSansVariable.tsx(2471,5): error TS2339: Property 'hkern' does not exist on type 'JSX.IntrinsicElements'.
src/icons/Fonts/general-sans/GeneralSansVariable.tsx(2472,5): error TS2339: Property 'hkern' does not exist on type 'JSX.IntrinsicElements'.
src/icons/Fonts/general-sans/GeneralSansVariable.tsx(2473,5): error TS2339: Property 'hkern' does not exist on type 'JSX.IntrinsicElements'.
src/icons/Fonts/general-sans/GeneralSansVariable.tsx(2474,5): error TS2339: Property 'hkern' does not exist on type 'JSX.IntrinsicElements'.
src/icons/Fonts/general-sans/GeneralSansVariable.tsx(2475,5): error TS2339: Property 'hkern' does not exist on type 'JSX.IntrinsicElements'.
src/icons/Fonts/general-sans/GeneralSansVariable.tsx(2476,5): error TS2339: Property 'hkern' does not exist on type 'JSX.IntrinsicElements'.
src/icons/Fonts/general-sans/GeneralSansVariable.tsx(2477,5): error TS2339: Property 'hkern' does not exist on type 'JSX.IntrinsicElements'.
src/icons/Fonts/general-sans/GeneralSansVariable.tsx(2478,5): error TS2339: Property 'hkern' does not exist on type 'JSX.IntrinsicElements'.
src/icons/Fonts/general-sans/GeneralSansVariable.tsx(2479,5): error TS2339: Property 'hkern' does not exist on type 'JSX.IntrinsicElements'.
src/icons/Fonts/general-sans/GeneralSansVariable.tsx(2480,5): error TS2339: Property 'hkern' does not exist on type 'JSX.IntrinsicElements'.
src/icons/Fonts/general-sans/GeneralSansVariable.tsx(2481,5): error TS2339: Property 'hkern' does not exist on type 'JSX.IntrinsicElements'.
src/icons/Fonts/general-sans/GeneralSansVariable.tsx(2482,5): error TS2339: Property 'hkern' does not exist on type 'JSX.IntrinsicElements'.
src/icons/Fonts/general-sans/GeneralSansVariable.tsx(2483,5): error TS2339: Property 'hkern' does not exist on type 'JSX.IntrinsicElements'.
src/icons/Fonts/general-sans/GeneralSansVariable.tsx(2484,5): error TS2339: Property 'hkern' does not exist on type 'JSX.IntrinsicElements'.
src/icons/Fonts/general-sans/GeneralSansVariable.tsx(2485,5): error TS2339: Property 'hkern' does not exist on type 'JSX.IntrinsicElements'.
src/icons/Fonts/general-sans/GeneralSansVariable.tsx(2486,5): error TS2339: Property 'hkern' does not exist on type 'JSX.IntrinsicElements'.
src/icons/Fonts/general-sans/GeneralSansVariable.tsx(2487,5): error TS2339: Property 'hkern' does not exist on type 'JSX.IntrinsicElements'.
src/icons/Fonts/general-sans/GeneralSansVariable.tsx(2488,5): error TS2339: Property 'hkern' does not exist on type 'JSX.IntrinsicElements'.
src/icons/Fonts/general-sans/GeneralSansVariable.tsx(2489,5): error TS2339: Property 'hkern' does not exist on type 'JSX.IntrinsicElements'.
src/icons/Fonts/general-sans/GeneralSansVariable.tsx(2490,5): error TS2339: Property 'hkern' does not exist on type 'JSX.IntrinsicElements'.
src/icons/Fonts/general-sans/GeneralSansVariable.tsx(2491,5): error TS2339: Property 'hkern' does not exist on type 'JSX.IntrinsicElements'.
src/icons/Fonts/general-sans/GeneralSansVariable.tsx(2492,5): error TS2339: Property 'hkern' does not exist on type 'JSX.IntrinsicElements'.
src/icons/Fonts/general-sans/GeneralSansVariable.tsx(2493,5): error TS2339: Property 'hkern' does not exist on type 'JSX.IntrinsicElements'.
src/icons/Fonts/general-sans/GeneralSansVariable.tsx(2494,5): error TS2339: Property 'hkern' does not exist on type 'JSX.IntrinsicElements'.
src/icons/Fonts/general-sans/GeneralSansVariable.tsx(2495,5): error TS2339: Property 'hkern' does not exist on type 'JSX.IntrinsicElements'.
src/icons/Fonts/general-sans/GeneralSansVariable.tsx(2496,5): error TS2339: Property 'hkern' does not exist on type 'JSX.IntrinsicElements'.
src/icons/Fonts/general-sans/GeneralSansVariable.tsx(2497,5): error TS2339: Property 'hkern' does not exist on type 'JSX.IntrinsicElements'.
src/icons/Fonts/general-sans/GeneralSansVariable.tsx(2498,5): error TS2339: Property 'hkern' does not exist on type 'JSX.IntrinsicElements'.
src/icons/Fonts/general-sans/GeneralSansVariable.tsx(2499,5): error TS2339: Property 'hkern' does not exist on type 'JSX.IntrinsicElements'.
src/icons/Fonts/general-sans/GeneralSansVariable.tsx(2500,5): error TS2339: Property 'hkern' does not exist on type 'JSX.IntrinsicElements'.
src/icons/Fonts/general-sans/GeneralSansVariable.tsx(2501,5): error TS2339: Property 'hkern' does not exist on type 'JSX.IntrinsicElements'.
src/icons/Fonts/general-sans/GeneralSansVariable.tsx(2502,5): error TS2339: Property 'hkern' does not exist on type 'JSX.IntrinsicElements'.
src/icons/Fonts/general-sans/GeneralSansVariable.tsx(2503,5): error TS2339: Property 'hkern' does not exist on type 'JSX.IntrinsicElements'.
src/icons/Fonts/general-sans/GeneralSansVariable.tsx(2504,5): error TS2339: Property 'hkern' does not exist on type 'JSX.IntrinsicElements'.
src/icons/Fonts/general-sans/GeneralSansVariable.tsx(2505,5): error TS2339: Property 'hkern' does not exist on type 'JSX.IntrinsicElements'.
src/icons/Fonts/general-sans/GeneralSansVariable.tsx(2506,5): error TS2339: Property 'hkern' does not exist on type 'JSX.IntrinsicElements'.
src/icons/Fonts/general-sans/GeneralSansVariable.tsx(2507,5): error TS2339: Property 'hkern' does not exist on type 'JSX.IntrinsicElements'.
src/icons/Fonts/general-sans/GeneralSansVariable.tsx(2508,5): error TS2339: Property 'hkern' does not exist on type 'JSX.IntrinsicElements'.
src/icons/Fonts/general-sans/GeneralSansVariable.tsx(2509,5): error TS2339: Property 'hkern' does not exist on type 'JSX.IntrinsicElements'.
src/icons/Fonts/general-sans/GeneralSansVariable.tsx(2510,5): error TS2339: Property 'hkern' does not exist on type 'JSX.IntrinsicElements'.
src/icons/Fonts/general-sans/GeneralSansVariable.tsx(2511,5): error TS2339: Property 'hkern' does not exist on type 'JSX.IntrinsicElements'.
src/icons/Fonts/general-sans/GeneralSansVariable.tsx(2512,5): error TS2339: Property 'hkern' does not exist on type 'JSX.IntrinsicElements'.
src/icons/Fonts/general-sans/GeneralSansVariable.tsx(2513,5): error TS2339: Property 'hkern' does not exist on type 'JSX.IntrinsicElements'.
src/icons/Fonts/general-sans/GeneralSansVariable.tsx(2514,5): error TS2339: Property 'hkern' does not exist on type 'JSX.IntrinsicElements'.
src/icons/Fonts/general-sans/GeneralSansVariable.tsx(2515,5): error TS2339: Property 'hkern' does not exist on type 'JSX.IntrinsicElements'.
src/icons/Fonts/general-sans/GeneralSansVariable.tsx(2516,5): error TS2339: Property 'hkern' does not exist on type 'JSX.IntrinsicElements'.
src/icons/Fonts/general-sans/GeneralSansVariable.tsx(2517,5): error TS2339: Property 'hkern' does not exist on type 'JSX.IntrinsicElements'.
src/icons/Fonts/general-sans/GeneralSansVariable.tsx(2518,5): error TS2339: Property 'hkern' does not exist on type 'JSX.IntrinsicElements'.
src/icons/Fonts/general-sans/GeneralSansVariable.tsx(2519,5): error TS2339: Property 'hkern' does not exist on type 'JSX.IntrinsicElements'.
src/icons/Fonts/general-sans/GeneralSansVariable.tsx(2520,5): error TS2339: Property 'hkern' does not exist on type 'JSX.IntrinsicElements'.
src/icons/Fonts/general-sans/GeneralSansVariable.tsx(2521,5): error TS2339: Property 'hkern' does not exist on type 'JSX.IntrinsicElements'.
src/icons/Fonts/general-sans/GeneralSansVariable.tsx(2522,5): error TS2339: Property 'hkern' does not exist on type 'JSX.IntrinsicElements'.
src/icons/Fonts/general-sans/GeneralSansVariable.tsx(2523,5): error TS2339: Property 'hkern' does not exist on type 'JSX.IntrinsicElements'.
src/icons/Fonts/general-sans/GeneralSansVariable.tsx(2524,5): error TS2339: Property 'hkern' does not exist on type 'JSX.IntrinsicElements'.
src/icons/Fonts/general-sans/GeneralSansVariable.tsx(2525,5): error TS2339: Property 'hkern' does not exist on type 'JSX.IntrinsicElements'.
src/icons/Fonts/general-sans/GeneralSansVariable.tsx(2526,5): error TS2339: Property 'hkern' does not exist on type 'JSX.IntrinsicElements'.
src/icons/Fonts/general-sans/GeneralSansVariable.tsx(2527,5): error TS2339: Property 'hkern' does not exist on type 'JSX.IntrinsicElements'.
src/icons/Fonts/general-sans/GeneralSansVariable.tsx(2528,5): error TS2339: Property 'hkern' does not exist on type 'JSX.IntrinsicElements'.
src/icons/Fonts/general-sans/GeneralSansVariable.tsx(2529,5): error TS2339: Property 'hkern' does not exist on type 'JSX.IntrinsicElements'.
src/icons/Fonts/general-sans/GeneralSansVariable.tsx(2530,5): error TS2339: Property 'hkern' does not exist on type 'JSX.IntrinsicElements'.
src/icons/Fonts/general-sans/GeneralSansVariable.tsx(2531,5): error TS2339: Property 'hkern' does not exist on type 'JSX.IntrinsicElements'.
src/icons/Fonts/general-sans/GeneralSansVariable.tsx(2532,5): error TS2339: Property 'hkern' does not exist on type 'JSX.IntrinsicElements'.
src/icons/Fonts/general-sans/GeneralSansVariable.tsx(2533,5): error TS2339: Property 'hkern' does not exist on type 'JSX.IntrinsicElements'.
src/icons/Fonts/general-sans/GeneralSansVariable.tsx(2534,5): error TS2339: Property 'hkern' does not exist on type 'JSX.IntrinsicElements'.
src/icons/Fonts/general-sans/GeneralSansVariable.tsx(2535,5): error TS2339: Property 'hkern' does not exist on type 'JSX.IntrinsicElements'.
src/icons/Fonts/general-sans/GeneralSansVariable.tsx(2536,5): error TS2339: Property 'hkern' does not exist on type 'JSX.IntrinsicElements'.
src/icons/Fonts/general-sans/GeneralSansVariable.tsx(2537,5): error TS2339: Property 'hkern' does not exist on type 'JSX.IntrinsicElements'.
src/icons/Fonts/general-sans/GeneralSansVariable.tsx(2538,5): error TS2339: Property 'hkern' does not exist on type 'JSX.IntrinsicElements'.
src/icons/Fonts/general-sans/GeneralSansVariable.tsx(2539,5): error TS2339: Property 'hkern' does not exist on type 'JSX.IntrinsicElements'.
src/icons/Fonts/general-sans/GeneralSansVariable.tsx(2540,5): error TS2339: Property 'hkern' does not exist on type 'JSX.IntrinsicElements'.
src/icons/Fonts/general-sans/GeneralSansVariable.tsx(2541,5): error TS2339: Property 'hkern' does not exist on type 'JSX.IntrinsicElements'.
src/icons/Fonts/general-sans/GeneralSansVariable.tsx(2542,5): error TS2339: Property 'hkern' does not exist on type 'JSX.IntrinsicElements'.
src/icons/Fonts/general-sans/GeneralSansVariable.tsx(2543,5): error TS2339: Property 'hkern' does not exist on type 'JSX.IntrinsicElements'.
src/icons/Fonts/general-sans/GeneralSansVariable.tsx(2544,5): error TS2339: Property 'hkern' does not exist on type 'JSX.IntrinsicElements'.
src/icons/Fonts/general-sans/GeneralSansVariable.tsx(2545,5): error TS2339: Property 'hkern' does not exist on type 'JSX.IntrinsicElements'.
src/icons/Fonts/general-sans/GeneralSansVariable.tsx(2546,5): error TS2339: Property 'hkern' does not exist on type 'JSX.IntrinsicElements'.
src/icons/Fonts/general-sans/GeneralSansVariable.tsx(2547,5): error TS2339: Property 'hkern' does not exist on type 'JSX.IntrinsicElements'.
src/icons/Fonts/general-sans/GeneralSansVariable.tsx(2548,5): error TS2339: Property 'hkern' does not exist on type 'JSX.IntrinsicElements'.
src/icons/Fonts/general-sans/GeneralSansVariable.tsx(2549,5): error TS2339: Property 'hkern' does not exist on type 'JSX.IntrinsicElements'.
src/icons/Fonts/general-sans/GeneralSansVariable.tsx(2550,5): error TS2339: Property 'hkern' does not exist on type 'JSX.IntrinsicElements'.
src/icons/Fonts/general-sans/GeneralSansVariable.tsx(2551,5): error TS2339: Property 'hkern' does not exist on type 'JSX.IntrinsicElements'.
src/icons/Fonts/general-sans/GeneralSansVariable.tsx(2552,5): error TS2339: Property 'hkern' does not exist on type 'JSX.IntrinsicElements'.
src/icons/Fonts/general-sans/GeneralSansVariable.tsx(2553,5): error TS2339: Property 'hkern' does not exist on type 'JSX.IntrinsicElements'.
src/icons/Fonts/general-sans/GeneralSansVariable.tsx(2554,5): error TS2339: Property 'hkern' does not exist on type 'JSX.IntrinsicElements'.
src/icons/Fonts/general-sans/GeneralSansVariable.tsx(2555,5): error TS2339: Property 'hkern' does not exist on type 'JSX.IntrinsicElements'.
src/icons/Fonts/general-sans/GeneralSansVariable.tsx(2556,5): error TS2339: Property 'hkern' does not exist on type 'JSX.IntrinsicElements'.
src/icons/Fonts/general-sans/GeneralSansVariable.tsx(2557,5): error TS2339: Property 'hkern' does not exist on type 'JSX.IntrinsicElements'.
src/icons/Fonts/general-sans/GeneralSansVariable.tsx(2558,5): error TS2339: Property 'hkern' does not exist on type 'JSX.IntrinsicElements'.
src/icons/Fonts/general-sans/GeneralSansVariable.tsx(2559,5): error TS2339: Property 'hkern' does not exist on type 'JSX.IntrinsicElements'.
src/icons/Fonts/general-sans/GeneralSansVariable.tsx(2560,5): error TS2339: Property 'hkern' does not exist on type 'JSX.IntrinsicElements'.
src/icons/Fonts/general-sans/GeneralSansVariable.tsx(2561,5): error TS2339: Property 'hkern' does not exist on type 'JSX.IntrinsicElements'.
src/icons/Fonts/general-sans/GeneralSansVariable.tsx(2562,5): error TS2339: Property 'hkern' does not exist on type 'JSX.IntrinsicElements'.
src/icons/Fonts/general-sans/GeneralSansVariable.tsx(2563,5): error TS2339: Property 'hkern' does not exist on type 'JSX.IntrinsicElements'.
src/icons/Fonts/general-sans/GeneralSansVariable.tsx(2564,5): error TS2339: Property 'hkern' does not exist on type 'JSX.IntrinsicElements'.
src/icons/Fonts/general-sans/GeneralSansVariable.tsx(2565,5): error TS2339: Property 'hkern' does not exist on type 'JSX.IntrinsicElements'.
src/icons/Fonts/general-sans/GeneralSansVariable.tsx(2566,5): error TS2339: Property 'hkern' does not exist on type 'JSX.IntrinsicElements'.
src/icons/Fonts/general-sans/GeneralSansVariable.tsx(2567,5): error TS2339: Property 'hkern' does not exist on type 'JSX.IntrinsicElements'.
src/icons/Fonts/general-sans/GeneralSansVariable.tsx(2568,5): error TS2339: Property 'hkern' does not exist on type 'JSX.IntrinsicElements'.
src/icons/Fonts/general-sans/GeneralSansVariable.tsx(2569,5): error TS2339: Property 'hkern' does not exist on type 'JSX.IntrinsicElements'.
src/icons/Fonts/general-sans/GeneralSansVariable.tsx(2570,5): error TS2339: Property 'hkern' does not exist on type 'JSX.IntrinsicElements'.
src/icons/Fonts/general-sans/GeneralSansVariable.tsx(2571,5): error TS2339: Property 'hkern' does not exist on type 'JSX.IntrinsicElements'.
src/icons/Fonts/general-sans/GeneralSansVariable.tsx(2572,5): error TS2339: Property 'hkern' does not exist on type 'JSX.IntrinsicElements'.
src/icons/Fonts/general-sans/GeneralSansVariable.tsx(2573,5): error TS2339: Property 'hkern' does not exist on type 'JSX.IntrinsicElements'.
src/icons/Fonts/general-sans/GeneralSansVariable.tsx(2574,5): error TS2339: Property 'hkern' does not exist on type 'JSX.IntrinsicElements'.
src/icons/Fonts/general-sans/GeneralSansVariable.tsx(2575,5): error TS2339: Property 'hkern' does not exist on type 'JSX.IntrinsicElements'.
src/icons/Fonts/general-sans/GeneralSansVariable.tsx(2576,5): error TS2339: Property 'hkern' does not exist on type 'JSX.IntrinsicElements'.
src/icons/Fonts/general-sans/GeneralSansVariable.tsx(2577,5): error TS2339: Property 'hkern' does not exist on type 'JSX.IntrinsicElements'.
src/icons/Fonts/general-sans/GeneralSansVariable.tsx(2578,5): error TS2339: Property 'hkern' does not exist on type 'JSX.IntrinsicElements'.
src/icons/Fonts/general-sans/GeneralSansVariable.tsx(2579,5): error TS2339: Property 'hkern' does not exist on type 'JSX.IntrinsicElements'.
src/icons/Fonts/general-sans/GeneralSansVariable.tsx(2580,5): error TS2339: Property 'hkern' does not exist on type 'JSX.IntrinsicElements'.
src/icons/Fonts/general-sans/GeneralSansVariable.tsx(2581,5): error TS2339: Property 'hkern' does not exist on type 'JSX.IntrinsicElements'.
src/icons/Fonts/general-sans/GeneralSansVariable.tsx(2582,5): error TS2339: Property 'hkern' does not exist on type 'JSX.IntrinsicElements'.
src/icons/Fonts/general-sans/GeneralSansVariable.tsx(2583,5): error TS2339: Property 'hkern' does not exist on type 'JSX.IntrinsicElements'.
src/icons/Fonts/general-sans/GeneralSansVariable.tsx(2584,5): error TS2339: Property 'hkern' does not exist on type 'JSX.IntrinsicElements'.
src/icons/Fonts/general-sans/GeneralSansVariable.tsx(2585,5): error TS2339: Property 'hkern' does not exist on type 'JSX.IntrinsicElements'.
src/icons/Fonts/general-sans/GeneralSansVariable.tsx(2586,5): error TS2339: Property 'hkern' does not exist on type 'JSX.IntrinsicElements'.
src/icons/Fonts/general-sans/GeneralSansVariable.tsx(2587,5): error TS2339: Property 'hkern' does not exist on type 'JSX.IntrinsicElements'.
src/icons/Fonts/general-sans/GeneralSansVariable.tsx(2588,5): error TS2339: Property 'hkern' does not exist on type 'JSX.IntrinsicElements'.
src/icons/Fonts/general-sans/GeneralSansVariable.tsx(2589,5): error TS2339: Property 'hkern' does not exist on type 'JSX.IntrinsicElements'.
src/icons/Fonts/general-sans/GeneralSansVariable.tsx(2590,5): error TS2339: Property 'hkern' does not exist on type 'JSX.IntrinsicElements'.
src/icons/Fonts/general-sans/GeneralSansVariable.tsx(2591,5): error TS2339: Property 'hkern' does not exist on type 'JSX.IntrinsicElements'.
src/icons/Fonts/general-sans/GeneralSansVariable.tsx(2592,5): error TS2339: Property 'hkern' does not exist on type 'JSX.IntrinsicElements'.
src/icons/Fonts/general-sans/GeneralSansVariable.tsx(2593,5): error TS2339: Property 'hkern' does not exist on type 'JSX.IntrinsicElements'.
src/icons/Fonts/general-sans/GeneralSansVariable.tsx(2594,5): error TS2339: Property 'hkern' does not exist on type 'JSX.IntrinsicElements'.
src/icons/Fonts/general-sans/GeneralSansVariable.tsx(2595,5): error TS2339: Property 'hkern' does not exist on type 'JSX.IntrinsicElements'.
src/icons/Fonts/general-sans/GeneralSansVariable.tsx(2596,5): error TS2339: Property 'hkern' does not exist on type 'JSX.IntrinsicElements'.
src/icons/Fonts/general-sans/GeneralSansVariable.tsx(2597,5): error TS2339: Property 'hkern' does not exist on type 'JSX.IntrinsicElements'.
src/icons/Fonts/general-sans/GeneralSansVariable.tsx(2598,5): error TS2339: Property 'hkern' does not exist on type 'JSX.IntrinsicElements'.
src/icons/Fonts/general-sans/GeneralSansVariable.tsx(2599,5): error TS2339: Property 'hkern' does not exist on type 'JSX.IntrinsicElements'.
src/icons/Fonts/general-sans/GeneralSansVariable.tsx(2600,5): error TS2339: Property 'hkern' does not exist on type 'JSX.IntrinsicElements'.
src/icons/Fonts/general-sans/GeneralSansVariable.tsx(2601,5): error TS2339: Property 'hkern' does not exist on type 'JSX.IntrinsicElements'.
src/icons/Fonts/general-sans/GeneralSansVariable.tsx(2602,5): error TS2339: Property 'hkern' does not exist on type 'JSX.IntrinsicElements'.
src/icons/Fonts/general-sans/GeneralSansVariable.tsx(2603,5): error TS2339: Property 'hkern' does not exist on type 'JSX.IntrinsicElements'.
src/icons/Fonts/general-sans/GeneralSansVariable.tsx(2604,5): error TS2339: Property 'hkern' does not exist on type 'JSX.IntrinsicElements'.
src/icons/Fonts/general-sans/GeneralSansVariable.tsx(2605,5): error TS2339: Property 'hkern' does not exist on type 'JSX.IntrinsicElements'.
src/icons/Fonts/general-sans/GeneralSansVariable.tsx(2606,5): error TS2339: Property 'hkern' does not exist on type 'JSX.IntrinsicElements'.
src/icons/Fonts/general-sans/GeneralSansVariable.tsx(2607,5): error TS2339: Property 'hkern' does not exist on type 'JSX.IntrinsicElements'.
src/icons/Fonts/general-sans/GeneralSansVariable.tsx(2608,5): error TS2339: Property 'hkern' does not exist on type 'JSX.IntrinsicElements'.
src/icons/Fonts/general-sans/GeneralSansVariable.tsx(2609,5): error TS2339: Property 'hkern' does not exist on type 'JSX.IntrinsicElements'.
src/icons/Fonts/general-sans/GeneralSansVariable.tsx(2610,5): error TS2339: Property 'hkern' does not exist on type 'JSX.IntrinsicElements'.
src/icons/Fonts/general-sans/GeneralSansVariable.tsx(2611,5): error TS2339: Property 'hkern' does not exist on type 'JSX.IntrinsicElements'.
src/icons/Fonts/general-sans/GeneralSansVariable.tsx(2612,5): error TS2339: Property 'hkern' does not exist on type 'JSX.IntrinsicElements'.
src/icons/Fonts/general-sans/GeneralSansVariable.tsx(2613,5): error TS2339: Property 'hkern' does not exist on type 'JSX.IntrinsicElements'.
src/icons/Fonts/general-sans/GeneralSansVariable.tsx(2614,5): error TS2339: Property 'hkern' does not exist on type 'JSX.IntrinsicElements'.
src/icons/Fonts/general-sans/GeneralSansVariable.tsx(2615,5): error TS2339: Property 'hkern' does not exist on type 'JSX.IntrinsicElements'.
src/icons/Fonts/general-sans/GeneralSansVariable.tsx(2616,5): error TS2339: Property 'hkern' does not exist on type 'JSX.IntrinsicElements'.
src/icons/Fonts/general-sans/GeneralSansVariable.tsx(2617,5): error TS2339: Property 'hkern' does not exist on type 'JSX.IntrinsicElements'.
src/icons/Fonts/general-sans/GeneralSansVariable.tsx(2618,5): error TS2339: Property 'hkern' does not exist on type 'JSX.IntrinsicElements'.
src/icons/Fonts/general-sans/GeneralSansVariable.tsx(2619,5): error TS2339: Property 'hkern' does not exist on type 'JSX.IntrinsicElements'.
src/icons/Fonts/general-sans/GeneralSansVariable.tsx(2620,5): error TS2339: Property 'hkern' does not exist on type 'JSX.IntrinsicElements'.
src/icons/Fonts/general-sans/GeneralSansVariable.tsx(2621,5): error TS2339: Property 'hkern' does not exist on type 'JSX.IntrinsicElements'.
src/icons/Fonts/general-sans/GeneralSansVariable.tsx(2622,5): error TS2339: Property 'hkern' does not exist on type 'JSX.IntrinsicElements'.
src/icons/Fonts/general-sans/GeneralSansVariable.tsx(2623,5): error TS2339: Property 'hkern' does not exist on type 'JSX.IntrinsicElements'.
src/icons/Fonts/general-sans/GeneralSansVariable.tsx(2624,5): error TS2339: Property 'hkern' does not exist on type 'JSX.IntrinsicElements'.
src/icons/Fonts/general-sans/GeneralSansVariable.tsx(2625,5): error TS2339: Property 'hkern' does not exist on type 'JSX.IntrinsicElements'.
src/icons/Fonts/general-sans/GeneralSansVariable.tsx(2626,5): error TS2339: Property 'hkern' does not exist on type 'JSX.IntrinsicElements'.
src/icons/Fonts/general-sans/GeneralSansVariable.tsx(2627,5): error TS2339: Property 'hkern' does not exist on type 'JSX.IntrinsicElements'.
src/icons/Fonts/general-sans/GeneralSansVariable.tsx(2628,5): error TS2339: Property 'hkern' does not exist on type 'JSX.IntrinsicElements'.
src/icons/Fonts/general-sans/GeneralSansVariable.tsx(2629,5): error TS2339: Property 'hkern' does not exist on type 'JSX.IntrinsicElements'.
src/icons/Fonts/general-sans/GeneralSansVariable.tsx(2630,5): error TS2339: Property 'hkern' does not exist on type 'JSX.IntrinsicElements'.
src/icons/Fonts/general-sans/GeneralSansVariable.tsx(2631,5): error TS2339: Property 'hkern' does not exist on type 'JSX.IntrinsicElements'.
src/icons/Fonts/general-sans/GeneralSansVariable.tsx(2632,5): error TS2339: Property 'hkern' does not exist on type 'JSX.IntrinsicElements'.
src/icons/Fonts/general-sans/GeneralSansVariable.tsx(2633,5): error TS2339: Property 'hkern' does not exist on type 'JSX.IntrinsicElements'.
src/icons/Fonts/general-sans/GeneralSansVariable.tsx(2634,5): error TS2339: Property 'hkern' does not exist on type 'JSX.IntrinsicElements'.
src/icons/Fonts/general-sans/GeneralSansVariable.tsx(2635,5): error TS2339: Property 'hkern' does not exist on type 'JSX.IntrinsicElements'.
src/icons/Fonts/general-sans/GeneralSansVariable.tsx(2636,5): error TS2339: Property 'hkern' does not exist on type 'JSX.IntrinsicElements'.
src/icons/Fonts/general-sans/GeneralSansVariable.tsx(2637,5): error TS2339: Property 'hkern' does not exist on type 'JSX.IntrinsicElements'.
src/icons/Fonts/general-sans/GeneralSansVariable.tsx(2638,5): error TS2339: Property 'hkern' does not exist on type 'JSX.IntrinsicElements'.
src/icons/Fonts/general-sans/GeneralSansVariable.tsx(2639,5): error TS2339: Property 'hkern' does not exist on type 'JSX.IntrinsicElements'.
src/icons/Fonts/general-sans/GeneralSansVariable.tsx(2640,5): error TS2339: Property 'hkern' does not exist on type 'JSX.IntrinsicElements'.
src/icons/Fonts/general-sans/GeneralSansVariable.tsx(2641,5): error TS2339: Property 'hkern' does not exist on type 'JSX.IntrinsicElements'.
src/icons/Fonts/general-sans/GeneralSansVariable.tsx(2642,5): error TS2339: Property 'hkern' does not exist on type 'JSX.IntrinsicElements'.
src/icons/Fonts/general-sans/GeneralSansVariable.tsx(2643,5): error TS2339: Property 'hkern' does not exist on type 'JSX.IntrinsicElements'.
src/icons/Fonts/general-sans/GeneralSansVariable.tsx(2644,5): error TS2339: Property 'hkern' does not exist on type 'JSX.IntrinsicElements'.
src/icons/Fonts/general-sans/GeneralSansVariable.tsx(2645,5): error TS2339: Property 'hkern' does not exist on type 'JSX.IntrinsicElements'.
src/icons/Fonts/general-sans/GeneralSansVariable.tsx(2646,5): error TS2339: Property 'hkern' does not exist on type 'JSX.IntrinsicElements'.
src/icons/Fonts/general-sans/GeneralSansVariable.tsx(2647,5): error TS2339: Property 'hkern' does not exist on type 'JSX.IntrinsicElements'.
src/icons/Fonts/general-sans/GeneralSansVariable.tsx(2648,5): error TS2339: Property 'hkern' does not exist on type 'JSX.IntrinsicElements'.
src/icons/Fonts/general-sans/GeneralSansVariable.tsx(2649,5): error TS2339: Property 'hkern' does not exist on type 'JSX.IntrinsicElements'.
src/icons/Fonts/general-sans/GeneralSansVariable.tsx(2650,5): error TS2339: Property 'hkern' does not exist on type 'JSX.IntrinsicElements'.
src/icons/Fonts/general-sans/GeneralSansVariable.tsx(2651,5): error TS2339: Property 'hkern' does not exist on type 'JSX.IntrinsicElements'.
src/icons/Fonts/general-sans/GeneralSansVariable.tsx(2652,5): error TS2339: Property 'hkern' does not exist on type 'JSX.IntrinsicElements'.
src/icons/Fonts/general-sans/GeneralSansVariable.tsx(2653,5): error TS2339: Property 'hkern' does not exist on type 'JSX.IntrinsicElements'.
src/icons/Fonts/general-sans/GeneralSansVariable.tsx(2654,5): error TS2339: Property 'hkern' does not exist on type 'JSX.IntrinsicElements'.
src/icons/Fonts/general-sans/GeneralSansVariable.tsx(2655,5): error TS2339: Property 'hkern' does not exist on type 'JSX.IntrinsicElements'.
src/icons/Fonts/general-sans/GeneralSansVariable.tsx(2656,5): error TS2339: Property 'hkern' does not exist on type 'JSX.IntrinsicElements'.
src/icons/Fonts/general-sans/GeneralSansVariable.tsx(2657,5): error TS2339: Property 'hkern' does not exist on type 'JSX.IntrinsicElements'.
src/icons/Fonts/general-sans/GeneralSansVariable.tsx(2658,5): error TS2339: Property 'hkern' does not exist on type 'JSX.IntrinsicElements'.
src/icons/Fonts/general-sans/GeneralSansVariable.tsx(2659,5): error TS2339: Property 'hkern' does not exist on type 'JSX.IntrinsicElements'.
src/icons/Fonts/general-sans/GeneralSansVariable.tsx(2660,5): error TS2339: Property 'hkern' does not exist on type 'JSX.IntrinsicElements'.
src/icons/Fonts/general-sans/GeneralSansVariable.tsx(2661,5): error TS2339: Property 'hkern' does not exist on type 'JSX.IntrinsicElements'.
src/icons/Fonts/general-sans/GeneralSansVariable.tsx(2662,5): error TS2339: Property 'hkern' does not exist on type 'JSX.IntrinsicElements'.
src/icons/Fonts/general-sans/GeneralSansVariable.tsx(2663,5): error TS2339: Property 'hkern' does not exist on type 'JSX.IntrinsicElements'.
src/icons/Fonts/general-sans/GeneralSansVariable.tsx(2664,5): error TS2339: Property 'hkern' does not exist on type 'JSX.IntrinsicElements'.
src/icons/Fonts/general-sans/GeneralSansVariable.tsx(2665,5): error TS2339: Property 'hkern' does not exist on type 'JSX.IntrinsicElements'.
src/icons/Fonts/general-sans/GeneralSansVariable.tsx(2666,5): error TS2339: Property 'hkern' does not exist on type 'JSX.IntrinsicElements'.
src/icons/Fonts/general-sans/GeneralSansVariable.tsx(2667,5): error TS2339: Property 'hkern' does not exist on type 'JSX.IntrinsicElements'.
src/icons/Fonts/general-sans/GeneralSansVariable.tsx(2668,5): error TS2339: Property 'hkern' does not exist on type 'JSX.IntrinsicElements'.
src/icons/Fonts/general-sans/GeneralSansVariable.tsx(2669,5): error TS2339: Property 'hkern' does not exist on type 'JSX.IntrinsicElements'.
src/icons/Fonts/general-sans/GeneralSansVariable.tsx(2670,5): error TS2339: Property 'hkern' does not exist on type 'JSX.IntrinsicElements'.
src/icons/Fonts/general-sans/GeneralSansVariable.tsx(2671,5): error TS2339: Property 'hkern' does not exist on type 'JSX.IntrinsicElements'.
src/icons/Fonts/general-sans/GeneralSansVariable.tsx(2672,5): error TS2339: Property 'hkern' does not exist on type 'JSX.IntrinsicElements'.
src/icons/Fonts/general-sans/GeneralSansVariable.tsx(2673,5): error TS2339: Property 'hkern' does not exist on type 'JSX.IntrinsicElements'.
src/icons/Fonts/general-sans/GeneralSansVariable.tsx(2674,5): error TS2339: Property 'hkern' does not exist on type 'JSX.IntrinsicElements'.
src/icons/Fonts/general-sans/GeneralSansVariable.tsx(2675,5): error TS2339: Property 'hkern' does not exist on type 'JSX.IntrinsicElements'.
src/icons/Fonts/general-sans/GeneralSansVariable.tsx(2676,5): error TS2339: Property 'hkern' does not exist on type 'JSX.IntrinsicElements'.
src/icons/Fonts/general-sans/GeneralSansVariable.tsx(2677,5): error TS2339: Property 'hkern' does not exist on type 'JSX.IntrinsicElements'.
src/icons/Fonts/general-sans/GeneralSansVariable.tsx(2678,5): error TS2339: Property 'hkern' does not exist on type 'JSX.IntrinsicElements'.
src/icons/Fonts/general-sans/GeneralSansVariable.tsx(2679,5): error TS2339: Property 'hkern' does not exist on type 'JSX.IntrinsicElements'.
src/icons/Fonts/general-sans/GeneralSansVariable.tsx(2680,5): error TS2339: Property 'hkern' does not exist on type 'JSX.IntrinsicElements'.
src/icons/Fonts/general-sans/GeneralSansVariable.tsx(2681,5): error TS2339: Property 'hkern' does not exist on type 'JSX.IntrinsicElements'.
src/icons/Fonts/general-sans/GeneralSansVariable.tsx(2682,5): error TS2339: Property 'hkern' does not exist on type 'JSX.IntrinsicElements'.
src/icons/Fonts/general-sans/GeneralSansVariable.tsx(2683,5): error TS2339: Property 'hkern' does not exist on type 'JSX.IntrinsicElements'.
src/icons/Fonts/general-sans/GeneralSansVariable.tsx(2684,5): error TS2339: Property 'hkern' does not exist on type 'JSX.IntrinsicElements'.
src/icons/Fonts/general-sans/GeneralSansVariable.tsx(2685,5): error TS2339: Property 'hkern' does not exist on type 'JSX.IntrinsicElements'.
src/icons/Fonts/general-sans/GeneralSansVariable.tsx(2686,5): error TS2339: Property 'hkern' does not exist on type 'JSX.IntrinsicElements'.
src/icons/Fonts/general-sans/GeneralSansVariable.tsx(2687,5): error TS2339: Property 'hkern' does not exist on type 'JSX.IntrinsicElements'.
src/icons/Fonts/general-sans/GeneralSansVariable.tsx(2688,5): error TS2339: Property 'hkern' does not exist on type 'JSX.IntrinsicElements'.
src/icons/Fonts/general-sans/GeneralSansVariable.tsx(2689,5): error TS2339: Property 'hkern' does not exist on type 'JSX.IntrinsicElements'.
src/icons/Fonts/general-sans/GeneralSansVariable.tsx(2690,5): error TS2339: Property 'hkern' does not exist on type 'JSX.IntrinsicElements'.
src/icons/Fonts/general-sans/GeneralSansVariable.tsx(2691,5): error TS2339: Property 'hkern' does not exist on type 'JSX.IntrinsicElements'.
src/icons/Fonts/general-sans/GeneralSansVariable.tsx(2692,5): error TS2339: Property 'hkern' does not exist on type 'JSX.IntrinsicElements'.
src/icons/Fonts/general-sans/GeneralSansVariable.tsx(2693,5): error TS2339: Property 'hkern' does not exist on type 'JSX.IntrinsicElements'.
src/icons/Fonts/general-sans/GeneralSansVariable.tsx(2694,5): error TS2339: Property 'hkern' does not exist on type 'JSX.IntrinsicElements'.
src/icons/Fonts/general-sans/GeneralSansVariable.tsx(2695,5): error TS2339: Property 'hkern' does not exist on type 'JSX.IntrinsicElements'.
src/icons/Fonts/general-sans/GeneralSansVariable.tsx(2696,5): error TS2339: Property 'hkern' does not exist on type 'JSX.IntrinsicElements'.
src/icons/Fonts/general-sans/GeneralSansVariable.tsx(2697,5): error TS2339: Property 'hkern' does not exist on type 'JSX.IntrinsicElements'.
src/icons/Fonts/general-sans/GeneralSansVariable.tsx(2698,5): error TS2339: Property 'hkern' does not exist on type 'JSX.IntrinsicElements'.
src/icons/Fonts/general-sans/GeneralSansVariable.tsx(2699,5): error TS2339: Property 'hkern' does not exist on type 'JSX.IntrinsicElements'.
src/icons/Fonts/general-sans/GeneralSansVariable.tsx(2700,5): error TS2339: Property 'hkern' does not exist on type 'JSX.IntrinsicElements'.
src/icons/Fonts/general-sans/GeneralSansVariable.tsx(2701,5): error TS2339: Property 'hkern' does not exist on type 'JSX.IntrinsicElements'.
src/icons/Fonts/general-sans/GeneralSansVariable.tsx(2702,5): error TS2339: Property 'hkern' does not exist on type 'JSX.IntrinsicElements'.
src/icons/Fonts/general-sans/GeneralSansVariable.tsx(2703,5): error TS2339: Property 'hkern' does not exist on type 'JSX.IntrinsicElements'.
src/icons/Fonts/general-sans/GeneralSansVariable.tsx(2704,5): error TS2339: Property 'hkern' does not exist on type 'JSX.IntrinsicElements'.
src/icons/Fonts/general-sans/GeneralSansVariable.tsx(2705,5): error TS2339: Property 'hkern' does not exist on type 'JSX.IntrinsicElements'.
src/icons/Fonts/general-sans/GeneralSansVariable.tsx(2706,5): error TS2339: Property 'hkern' does not exist on type 'JSX.IntrinsicElements'.
src/icons/Fonts/general-sans/GeneralSansVariable.tsx(2707,5): error TS2339: Property 'hkern' does not exist on type 'JSX.IntrinsicElements'.
src/icons/Fonts/general-sans/GeneralSansVariable.tsx(2708,5): error TS2339: Property 'hkern' does not exist on type 'JSX.IntrinsicElements'.
src/icons/Fonts/general-sans/GeneralSansVariable.tsx(2709,5): error TS2339: Property 'hkern' does not exist on type 'JSX.IntrinsicElements'.
src/icons/Fonts/general-sans/GeneralSansVariable.tsx(2710,5): error TS2339: Property 'hkern' does not exist on type 'JSX.IntrinsicElements'.
src/icons/Fonts/general-sans/GeneralSansVariable.tsx(2711,5): error TS2339: Property 'hkern' does not exist on type 'JSX.IntrinsicElements'.
src/icons/Fonts/general-sans/GeneralSansVariable.tsx(2712,5): error TS2339: Property 'hkern' does not exist on type 'JSX.IntrinsicElements'.
src/icons/Fonts/general-sans/GeneralSansVariable.tsx(2713,5): error TS2339: Property 'hkern' does not exist on type 'JSX.IntrinsicElements'.
src/icons/Fonts/general-sans/GeneralSansVariable.tsx(2714,5): error TS2339: Property 'hkern' does not exist on type 'JSX.IntrinsicElements'.
src/icons/Fonts/general-sans/GeneralSansVariable.tsx(2715,5): error TS2339: Property 'hkern' does not exist on type 'JSX.IntrinsicElements'.
src/icons/Fonts/general-sans/GeneralSansVariable.tsx(2716,5): error TS2339: Property 'hkern' does not exist on type 'JSX.IntrinsicElements'.
src/icons/Fonts/general-sans/GeneralSansVariable.tsx(2717,5): error TS2339: Property 'hkern' does not exist on type 'JSX.IntrinsicElements'.
src/icons/Fonts/general-sans/GeneralSansVariable.tsx(2718,5): error TS2339: Property 'hkern' does not exist on type 'JSX.IntrinsicElements'.
src/icons/Fonts/general-sans/GeneralSansVariable.tsx(2719,5): error TS2339: Property 'hkern' does not exist on type 'JSX.IntrinsicElements'.
src/icons/Fonts/general-sans/GeneralSansVariable.tsx(2720,5): error TS2339: Property 'hkern' does not exist on type 'JSX.IntrinsicElements'.
src/icons/Fonts/general-sans/GeneralSansVariable.tsx(2721,5): error TS2339: Property 'hkern' does not exist on type 'JSX.IntrinsicElements'.
src/icons/Fonts/general-sans/GeneralSansVariable.tsx(2722,5): error TS2339: Property 'hkern' does not exist on type 'JSX.IntrinsicElements'.
src/icons/Fonts/general-sans/GeneralSansVariable.tsx(2723,5): error TS2339: Property 'hkern' does not exist on type 'JSX.IntrinsicElements'.
src/icons/Fonts/general-sans/GeneralSansVariable.tsx(2724,5): error TS2339: Property 'hkern' does not exist on type 'JSX.IntrinsicElements'.
src/icons/Fonts/general-sans/GeneralSansVariable.tsx(2725,5): error TS2339: Property 'hkern' does not exist on type 'JSX.IntrinsicElements'.
src/icons/Fonts/general-sans/GeneralSansVariable.tsx(2726,5): error TS2339: Property 'hkern' does not exist on type 'JSX.IntrinsicElements'.
src/icons/Fonts/general-sans/GeneralSansVariable.tsx(2727,5): error TS2339: Property 'hkern' does not exist on type 'JSX.IntrinsicElements'.
src/icons/Fonts/general-sans/GeneralSansVariable.tsx(2728,5): error TS2339: Property 'hkern' does not exist on type 'JSX.IntrinsicElements'.
src/icons/Fonts/general-sans/GeneralSansVariable.tsx(2729,5): error TS2339: Property 'hkern' does not exist on type 'JSX.IntrinsicElements'.
src/icons/Fonts/general-sans/GeneralSansVariable.tsx(2730,5): error TS2339: Property 'hkern' does not exist on type 'JSX.IntrinsicElements'.
src/icons/Fonts/general-sans/GeneralSansVariable.tsx(2731,5): error TS2339: Property 'hkern' does not exist on type 'JSX.IntrinsicElements'.
src/icons/Fonts/general-sans/GeneralSansVariable.tsx(2732,5): error TS2339: Property 'hkern' does not exist on type 'JSX.IntrinsicElements'.
src/icons/Fonts/general-sans/GeneralSansVariable.tsx(2733,5): error TS2339: Property 'hkern' does not exist on type 'JSX.IntrinsicElements'.
src/icons/Fonts/general-sans/GeneralSansVariable.tsx(2734,5): error TS2339: Property 'hkern' does not exist on type 'JSX.IntrinsicElements'.
src/icons/Fonts/general-sans/GeneralSansVariable.tsx(2735,5): error TS2339: Property 'hkern' does not exist on type 'JSX.IntrinsicElements'.
src/icons/Fonts/general-sans/GeneralSansVariable.tsx(2736,5): error TS2339: Property 'hkern' does not exist on type 'JSX.IntrinsicElements'.
src/icons/Fonts/general-sans/GeneralSansVariable.tsx(2737,5): error TS2339: Property 'hkern' does not exist on type 'JSX.IntrinsicElements'.
src/icons/Fonts/general-sans/GeneralSansVariable.tsx(2738,5): error TS2339: Property 'hkern' does not exist on type 'JSX.IntrinsicElements'.
src/icons/Fonts/general-sans/GeneralSansVariable.tsx(2739,5): error TS2339: Property 'hkern' does not exist on type 'JSX.IntrinsicElements'.
src/icons/Fonts/general-sans/GeneralSansVariable.tsx(2740,5): error TS2339: Property 'hkern' does not exist on type 'JSX.IntrinsicElements'.
src/icons/Fonts/general-sans/GeneralSansVariable.tsx(2741,5): error TS2339: Property 'hkern' does not exist on type 'JSX.IntrinsicElements'.
src/icons/Fonts/general-sans/GeneralSansVariable.tsx(2742,5): error TS2339: Property 'hkern' does not exist on type 'JSX.IntrinsicElements'.
src/icons/Fonts/general-sans/GeneralSansVariable.tsx(2743,5): error TS2339: Property 'hkern' does not exist on type 'JSX.IntrinsicElements'.
src/icons/Fonts/general-sans/GeneralSansVariable.tsx(2744,5): error TS2339: Property 'hkern' does not exist on type 'JSX.IntrinsicElements'.
src/icons/Fonts/general-sans/GeneralSansVariable.tsx(2745,5): error TS2339: Property 'hkern' does not exist on type 'JSX.IntrinsicElements'.
src/icons/Fonts/general-sans/GeneralSansVariable.tsx(2746,5): error TS2339: Property 'hkern' does not exist on type 'JSX.IntrinsicElements'.
src/icons/Fonts/general-sans/GeneralSansVariable.tsx(2747,5): error TS2339: Property 'hkern' does not exist on type 'JSX.IntrinsicElements'.
src/icons/Fonts/general-sans/GeneralSansVariable.tsx(2748,5): error TS2339: Property 'hkern' does not exist on type 'JSX.IntrinsicElements'.
src/icons/Fonts/general-sans/GeneralSansVariable.tsx(2749,5): error TS2339: Property 'hkern' does not exist on type 'JSX.IntrinsicElements'.
src/icons/Fonts/general-sans/GeneralSansVariable.tsx(2750,5): error TS2339: Property 'hkern' does not exist on type 'JSX.IntrinsicElements'.
src/icons/Fonts/general-sans/GeneralSansVariable.tsx(2751,5): error TS2339: Property 'hkern' does not exist on type 'JSX.IntrinsicElements'.
src/icons/Fonts/general-sans/GeneralSansVariable.tsx(2752,5): error TS2339: Property 'hkern' does not exist on type 'JSX.IntrinsicElements'.
src/icons/Fonts/general-sans/GeneralSansVariable.tsx(2753,5): error TS2339: Property 'hkern' does not exist on type 'JSX.IntrinsicElements'.
src/icons/Fonts/general-sans/GeneralSansVariable.tsx(2754,5): error TS2339: Property 'hkern' does not exist on type 'JSX.IntrinsicElements'.
src/icons/Fonts/general-sans/GeneralSansVariable.tsx(2755,5): error TS2339: Property 'hkern' does not exist on type 'JSX.IntrinsicElements'.
src/icons/Fonts/general-sans/GeneralSansVariable.tsx(2756,5): error TS2339: Property 'hkern' does not exist on type 'JSX.IntrinsicElements'.
src/icons/Fonts/general-sans/GeneralSansVariable.tsx(2757,5): error TS2339: Property 'hkern' does not exist on type 'JSX.IntrinsicElements'.
src/icons/Fonts/general-sans/GeneralSansVariable.tsx(2758,5): error TS2339: Property 'hkern' does not exist on type 'JSX.IntrinsicElements'.
src/icons/Fonts/general-sans/GeneralSansVariable.tsx(2759,5): error TS2339: Property 'hkern' does not exist on type 'JSX.IntrinsicElements'.
src/icons/Fonts/general-sans/GeneralSansVariable.tsx(2760,5): error TS2339: Property 'hkern' does not exist on type 'JSX.IntrinsicElements'.
src/icons/Fonts/general-sans/GeneralSansVariable.tsx(2761,5): error TS2339: Property 'hkern' does not exist on type 'JSX.IntrinsicElements'.
src/icons/Fonts/general-sans/GeneralSansVariable.tsx(2762,5): error TS2339: Property 'hkern' does not exist on type 'JSX.IntrinsicElements'.
src/icons/Fonts/general-sans/GeneralSansVariable.tsx(2763,5): error TS2339: Property 'hkern' does not exist on type 'JSX.IntrinsicElements'.
src/icons/Fonts/general-sans/GeneralSansVariable.tsx(2764,5): error TS2339: Property 'hkern' does not exist on type 'JSX.IntrinsicElements'.
src/icons/Fonts/general-sans/GeneralSansVariable.tsx(2765,5): error TS2339: Property 'hkern' does not exist on type 'JSX.IntrinsicElements'.
src/icons/Fonts/general-sans/GeneralSansVariable.tsx(2766,5): error TS2339: Property 'hkern' does not exist on type 'JSX.IntrinsicElements'.
src/icons/Fonts/general-sans/GeneralSansVariable.tsx(2767,5): error TS2339: Property 'hkern' does not exist on type 'JSX.IntrinsicElements'.
src/icons/Fonts/general-sans/GeneralSansVariable.tsx(2768,5): error TS2339: Property 'hkern' does not exist on type 'JSX.IntrinsicElements'.
src/icons/Fonts/general-sans/GeneralSansVariable.tsx(2769,5): error TS2339: Property 'hkern' does not exist on type 'JSX.IntrinsicElements'.
src/icons/Fonts/general-sans/GeneralSansVariable.tsx(2770,5): error TS2339: Property 'hkern' does not exist on type 'JSX.IntrinsicElements'.
src/icons/Fonts/general-sans/GeneralSansVariable.tsx(2771,5): error TS2339: Property 'hkern' does not exist on type 'JSX.IntrinsicElements'.
src/icons/Fonts/general-sans/GeneralSansVariable.tsx(2772,5): error TS2339: Property 'hkern' does not exist on type 'JSX.IntrinsicElements'.
src/icons/Fonts/general-sans/GeneralSansVariable.tsx(2773,5): error TS2339: Property 'hkern' does not exist on type 'JSX.IntrinsicElements'.
src/icons/Fonts/general-sans/GeneralSansVariable.tsx(2774,5): error TS2339: Property 'hkern' does not exist on type 'JSX.IntrinsicElements'.
src/icons/Fonts/general-sans/GeneralSansVariable.tsx(2775,5): error TS2339: Property 'hkern' does not exist on type 'JSX.IntrinsicElements'.
src/icons/Fonts/general-sans/GeneralSansVariable.tsx(2776,5): error TS2339: Property 'hkern' does not exist on type 'JSX.IntrinsicElements'.
src/icons/Fonts/general-sans/GeneralSansVariable.tsx(2777,5): error TS2339: Property 'hkern' does not exist on type 'JSX.IntrinsicElements'.
src/icons/Fonts/general-sans/GeneralSansVariable.tsx(2778,5): error TS2339: Property 'hkern' does not exist on type 'JSX.IntrinsicElements'.
src/icons/Fonts/general-sans/GeneralSansVariable.tsx(2779,5): error TS2339: Property 'hkern' does not exist on type 'JSX.IntrinsicElements'.
src/icons/Fonts/general-sans/GeneralSansVariable.tsx(2780,5): error TS2339: Property 'hkern' does not exist on type 'JSX.IntrinsicElements'.
src/icons/Fonts/general-sans/GeneralSansVariable.tsx(2781,5): error TS2339: Property 'hkern' does not exist on type 'JSX.IntrinsicElements'.
src/icons/Fonts/general-sans/GeneralSansVariable.tsx(2782,5): error TS2339: Property 'hkern' does not exist on type 'JSX.IntrinsicElements'.
src/icons/Fonts/general-sans/GeneralSansVariable.tsx(2783,5): error TS2339: Property 'hkern' does not exist on type 'JSX.IntrinsicElements'.
src/icons/Fonts/general-sans/GeneralSansVariable.tsx(2784,5): error TS2339: Property 'hkern' does not exist on type 'JSX.IntrinsicElements'.
src/icons/Fonts/general-sans/GeneralSansVariable.tsx(2785,5): error TS2339: Property 'hkern' does not exist on type 'JSX.IntrinsicElements'.
src/icons/Fonts/general-sans/GeneralSansVariable.tsx(2786,5): error TS2339: Property 'hkern' does not exist on type 'JSX.IntrinsicElements'.
src/icons/Fonts/general-sans/GeneralSansVariable.tsx(2787,5): error TS2339: Property 'hkern' does not exist on type 'JSX.IntrinsicElements'.
src/icons/Fonts/general-sans/GeneralSansVariable.tsx(2788,5): error TS2339: Property 'hkern' does not exist on type 'JSX.IntrinsicElements'.
src/icons/Fonts/general-sans/GeneralSansVariable.tsx(2789,5): error TS2339: Property 'hkern' does not exist on type 'JSX.IntrinsicElements'.
src/icons/Fonts/general-sans/GeneralSansVariable.tsx(2790,5): error TS2339: Property 'hkern' does not exist on type 'JSX.IntrinsicElements'.
src/icons/Fonts/general-sans/GeneralSansVariable.tsx(2791,5): error TS2339: Property 'hkern' does not exist on type 'JSX.IntrinsicElements'.
src/icons/Fonts/general-sans/GeneralSansVariable.tsx(2792,5): error TS2339: Property 'hkern' does not exist on type 'JSX.IntrinsicElements'.
src/icons/Fonts/general-sans/GeneralSansVariable.tsx(2793,5): error TS2339: Property 'hkern' does not exist on type 'JSX.IntrinsicElements'.
src/icons/Fonts/general-sans/GeneralSansVariable.tsx(2794,5): error TS2339: Property 'hkern' does not exist on type 'JSX.IntrinsicElements'.
src/icons/Fonts/general-sans/GeneralSansVariable.tsx(2795,5): error TS2339: Property 'hkern' does not exist on type 'JSX.IntrinsicElements'.
src/icons/Fonts/general-sans/GeneralSansVariable.tsx(2796,5): error TS2339: Property 'hkern' does not exist on type 'JSX.IntrinsicElements'.
src/icons/Fonts/general-sans/GeneralSansVariable.tsx(2797,5): error TS2339: Property 'hkern' does not exist on type 'JSX.IntrinsicElements'.
src/icons/Fonts/general-sans/GeneralSansVariable.tsx(2798,5): error TS2339: Property 'hkern' does not exist on type 'JSX.IntrinsicElements'.
src/icons/Fonts/general-sans/GeneralSansVariable.tsx(2799,5): error TS2339: Property 'hkern' does not exist on type 'JSX.IntrinsicElements'.
src/icons/Fonts/general-sans/GeneralSansVariable.tsx(2800,5): error TS2339: Property 'hkern' does not exist on type 'JSX.IntrinsicElements'.
src/icons/Fonts/general-sans/GeneralSansVariable.tsx(2801,5): error TS2339: Property 'hkern' does not exist on type 'JSX.IntrinsicElements'.
src/icons/Fonts/general-sans/GeneralSansVariable.tsx(2802,5): error TS2339: Property 'hkern' does not exist on type 'JSX.IntrinsicElements'.
src/icons/Fonts/general-sans/GeneralSansVariable.tsx(2803,5): error TS2339: Property 'hkern' does not exist on type 'JSX.IntrinsicElements'.
src/icons/Fonts/general-sans/GeneralSansVariable.tsx(2804,5): error TS2339: Property 'hkern' does not exist on type 'JSX.IntrinsicElements'.
src/icons/Fonts/general-sans/GeneralSansVariable.tsx(2805,5): error TS2339: Property 'hkern' does not exist on type 'JSX.IntrinsicElements'.
src/icons/Fonts/general-sans/GeneralSansVariable.tsx(2806,5): error TS2339: Property 'hkern' does not exist on type 'JSX.IntrinsicElements'.
src/icons/Fonts/general-sans/GeneralSansVariable.tsx(2807,5): error TS2339: Property 'hkern' does not exist on type 'JSX.IntrinsicElements'.
src/icons/Fonts/general-sans/GeneralSansVariable.tsx(2808,5): error TS2339: Property 'hkern' does not exist on type 'JSX.IntrinsicElements'.
src/icons/Fonts/general-sans/GeneralSansVariable.tsx(2809,5): error TS2339: Property 'hkern' does not exist on type 'JSX.IntrinsicElements'.
src/icons/Fonts/general-sans/GeneralSansVariable.tsx(2810,5): error TS2339: Property 'hkern' does not exist on type 'JSX.IntrinsicElements'.
src/icons/Fonts/general-sans/GeneralSansVariable.tsx(2811,5): error TS2339: Property 'hkern' does not exist on type 'JSX.IntrinsicElements'.
src/icons/Fonts/general-sans/GeneralSansVariable.tsx(2812,5): error TS2339: Property 'hkern' does not exist on type 'JSX.IntrinsicElements'.
src/icons/Fonts/general-sans/GeneralSansVariable.tsx(2813,5): error TS2339: Property 'hkern' does not exist on type 'JSX.IntrinsicElements'.
src/icons/Fonts/general-sans/GeneralSansVariable.tsx(2814,5): error TS2339: Property 'hkern' does not exist on type 'JSX.IntrinsicElements'.
src/icons/Fonts/general-sans/GeneralSansVariable.tsx(2815,5): error TS2339: Property 'hkern' does not exist on type 'JSX.IntrinsicElements'.
src/icons/Fonts/general-sans/GeneralSansVariable.tsx(2816,5): error TS2339: Property 'hkern' does not exist on type 'JSX.IntrinsicElements'.
src/icons/Fonts/general-sans/GeneralSansVariable.tsx(2817,5): error TS2339: Property 'hkern' does not exist on type 'JSX.IntrinsicElements'.
src/icons/Fonts/general-sans/GeneralSansVariable.tsx(2818,5): error TS2339: Property 'hkern' does not exist on type 'JSX.IntrinsicElements'.
src/icons/Fonts/general-sans/GeneralSansVariable.tsx(2819,5): error TS2339: Property 'hkern' does not exist on type 'JSX.IntrinsicElements'.
src/icons/Fonts/general-sans/GeneralSansVariable.tsx(2820,5): error TS2339: Property 'hkern' does not exist on type 'JSX.IntrinsicElements'.
src/icons/Fonts/general-sans/GeneralSansVariable.tsx(2821,5): error TS2339: Property 'hkern' does not exist on type 'JSX.IntrinsicElements'.
src/icons/Fonts/general-sans/GeneralSansVariable.tsx(2822,5): error TS2339: Property 'hkern' does not exist on type 'JSX.IntrinsicElements'.
src/icons/Fonts/general-sans/GeneralSansVariable.tsx(2823,5): error TS2339: Property 'hkern' does not exist on type 'JSX.IntrinsicElements'.
src/icons/Fonts/general-sans/GeneralSansVariable.tsx(2824,5): error TS2339: Property 'hkern' does not exist on type 'JSX.IntrinsicElements'.
src/icons/Fonts/general-sans/GeneralSansVariable.tsx(2825,5): error TS2339: Property 'hkern' does not exist on type 'JSX.IntrinsicElements'.
src/icons/Fonts/general-sans/GeneralSansVariable.tsx(2826,5): error TS2339: Property 'hkern' does not exist on type 'JSX.IntrinsicElements'.
src/icons/Fonts/general-sans/GeneralSansVariable.tsx(2827,5): error TS2339: Property 'hkern' does not exist on type 'JSX.IntrinsicElements'.
src/icons/Fonts/general-sans/GeneralSansVariable.tsx(2828,5): error TS2339: Property 'hkern' does not exist on type 'JSX.IntrinsicElements'.
src/icons/Fonts/general-sans/GeneralSansVariable.tsx(2829,5): error TS2339: Property 'hkern' does not exist on type 'JSX.IntrinsicElements'.
src/icons/Fonts/general-sans/GeneralSansVariable.tsx(2830,5): error TS2339: Property 'hkern' does not exist on type 'JSX.IntrinsicElements'.
src/icons/Fonts/general-sans/GeneralSansVariable.tsx(2831,5): error TS2339: Property 'hkern' does not exist on type 'JSX.IntrinsicElements'.
src/icons/Fonts/general-sans/GeneralSansVariable.tsx(2832,5): error TS2339: Property 'hkern' does not exist on type 'JSX.IntrinsicElements'.
src/icons/Fonts/general-sans/GeneralSansVariable.tsx(2833,5): error TS2339: Property 'hkern' does not exist on type 'JSX.IntrinsicElements'.
src/icons/Fonts/general-sans/GeneralSansVariable.tsx(2834,5): error TS2339: Property 'hkern' does not exist on type 'JSX.IntrinsicElements'.
src/icons/Fonts/general-sans/GeneralSansVariable.tsx(2835,5): error TS2339: Property 'hkern' does not exist on type 'JSX.IntrinsicElements'.
src/icons/Fonts/general-sans/GeneralSansVariable.tsx(2836,5): error TS2339: Property 'hkern' does not exist on type 'JSX.IntrinsicElements'.
src/icons/Fonts/general-sans/GeneralSansVariable.tsx(2837,5): error TS2339: Property 'hkern' does not exist on type 'JSX.IntrinsicElements'.
src/icons/Fonts/general-sans/GeneralSansVariable.tsx(2838,5): error TS2339: Property 'hkern' does not exist on type 'JSX.IntrinsicElements'.
src/icons/Fonts/general-sans/GeneralSansVariable.tsx(2839,5): error TS2339: Property 'hkern' does not exist on type 'JSX.IntrinsicElements'.
src/icons/Fonts/general-sans/GeneralSansVariable.tsx(2840,5): error TS2339: Property 'hkern' does not exist on type 'JSX.IntrinsicElements'.
src/icons/Fonts/general-sans/GeneralSansVariable.tsx(2841,5): error TS2339: Property 'hkern' does not exist on type 'JSX.IntrinsicElements'.
src/icons/Fonts/general-sans/GeneralSansVariable.tsx(2842,5): error TS2339: Property 'hkern' does not exist on type 'JSX.IntrinsicElements'.
src/icons/Fonts/general-sans/GeneralSansVariable.tsx(2843,5): error TS2339: Property 'hkern' does not exist on type 'JSX.IntrinsicElements'.
src/icons/Fonts/general-sans/GeneralSansVariable.tsx(2844,5): error TS2339: Property 'hkern' does not exist on type 'JSX.IntrinsicElements'.
src/icons/Fonts/general-sans/GeneralSansVariable.tsx(2845,5): error TS2339: Property 'hkern' does not exist on type 'JSX.IntrinsicElements'.
src/icons/Fonts/general-sans/GeneralSansVariable.tsx(2846,5): error TS2339: Property 'hkern' does not exist on type 'JSX.IntrinsicElements'.
src/icons/Fonts/general-sans/GeneralSansVariable.tsx(2847,5): error TS2339: Property 'hkern' does not exist on type 'JSX.IntrinsicElements'.
src/icons/Fonts/general-sans/GeneralSansVariable.tsx(2848,5): error TS2339: Property 'hkern' does not exist on type 'JSX.IntrinsicElements'.
src/icons/Fonts/general-sans/GeneralSansVariable.tsx(2849,5): error TS2339: Property 'hkern' does not exist on type 'JSX.IntrinsicElements'.
src/icons/Fonts/general-sans/GeneralSansVariable.tsx(2850,5): error TS2339: Property 'hkern' does not exist on type 'JSX.IntrinsicElements'.
src/icons/Fonts/general-sans/GeneralSansVariable.tsx(2851,5): error TS2339: Property 'hkern' does not exist on type 'JSX.IntrinsicElements'.
src/icons/Fonts/general-sans/GeneralSansVariable.tsx(2852,5): error TS2339: Property 'hkern' does not exist on type 'JSX.IntrinsicElements'.
src/icons/Fonts/general-sans/GeneralSansVariable.tsx(2853,5): error TS2339: Property 'hkern' does not exist on type 'JSX.IntrinsicElements'.
src/icons/Fonts/general-sans/GeneralSansVariable.tsx(2854,5): error TS2339: Property 'hkern' does not exist on type 'JSX.IntrinsicElements'.
src/icons/Fonts/general-sans/GeneralSansVariable.tsx(2855,5): error TS2339: Property 'hkern' does not exist on type 'JSX.IntrinsicElements'.
src/icons/Fonts/general-sans/GeneralSansVariable.tsx(2856,5): error TS2339: Property 'hkern' does not exist on type 'JSX.IntrinsicElements'.
src/icons/Fonts/general-sans/GeneralSansVariable.tsx(2857,5): error TS2339: Property 'hkern' does not exist on type 'JSX.IntrinsicElements'.
src/icons/Fonts/general-sans/GeneralSansVariable.tsx(2858,5): error TS2339: Property 'hkern' does not exist on type 'JSX.IntrinsicElements'.
src/icons/Fonts/general-sans/GeneralSansVariable.tsx(2859,5): error TS2339: Property 'hkern' does not exist on type 'JSX.IntrinsicElements'.
src/icons/Fonts/general-sans/GeneralSansVariable.tsx(2860,5): error TS2339: Property 'hkern' does not exist on type 'JSX.IntrinsicElements'.
src/icons/Fonts/general-sans/GeneralSansVariable.tsx(2861,5): error TS2339: Property 'hkern' does not exist on type 'JSX.IntrinsicElements'.
src/icons/Fonts/general-sans/GeneralSansVariable.tsx(2862,5): error TS2339: Property 'hkern' does not exist on type 'JSX.IntrinsicElements'.
src/icons/Fonts/general-sans/GeneralSansVariable.tsx(2863,5): error TS2339: Property 'hkern' does not exist on type 'JSX.IntrinsicElements'.
src/icons/Fonts/general-sans/GeneralSansVariable.tsx(2864,5): error TS2339: Property 'hkern' does not exist on type 'JSX.IntrinsicElements'.
src/icons/Fonts/general-sans/GeneralSansVariable.tsx(2865,5): error TS2339: Property 'hkern' does not exist on type 'JSX.IntrinsicElements'.
src/icons/Fonts/general-sans/GeneralSansVariable.tsx(2866,5): error TS2339: Property 'hkern' does not exist on type 'JSX.IntrinsicElements'.
src/icons/Fonts/general-sans/GeneralSansVariable.tsx(2867,5): error TS2339: Property 'hkern' does not exist on type 'JSX.IntrinsicElements'.
src/icons/Fonts/general-sans/GeneralSansVariable.tsx(2868,5): error TS2339: Property 'hkern' does not exist on type 'JSX.IntrinsicElements'.
src/icons/Fonts/general-sans/GeneralSansVariable.tsx(2869,5): error TS2339: Property 'hkern' does not exist on type 'JSX.IntrinsicElements'.
src/icons/Fonts/general-sans/GeneralSansVariable.tsx(2870,5): error TS2339: Property 'hkern' does not exist on type 'JSX.IntrinsicElements'.
src/icons/Fonts/general-sans/GeneralSansVariable.tsx(2871,5): error TS2339: Property 'hkern' does not exist on type 'JSX.IntrinsicElements'.
src/icons/Fonts/general-sans/GeneralSansVariable.tsx(2872,5): error TS2339: Property 'hkern' does not exist on type 'JSX.IntrinsicElements'.
src/icons/Fonts/general-sans/GeneralSansVariable.tsx(2873,5): error TS2339: Property 'hkern' does not exist on type 'JSX.IntrinsicElements'.
src/icons/Fonts/general-sans/GeneralSansVariable.tsx(2874,5): error TS2339: Property 'hkern' does not exist on type 'JSX.IntrinsicElements'.
src/icons/Fonts/general-sans/GeneralSansVariable.tsx(2875,5): error TS2339: Property 'hkern' does not exist on type 'JSX.IntrinsicElements'.
src/icons/Fonts/general-sans/GeneralSansVariable.tsx(2876,5): error TS2339: Property 'hkern' does not exist on type 'JSX.IntrinsicElements'.
src/icons/Fonts/general-sans/GeneralSansVariable.tsx(2877,5): error TS2339: Property 'hkern' does not exist on type 'JSX.IntrinsicElements'.
src/icons/Fonts/general-sans/GeneralSansVariable.tsx(2878,5): error TS2339: Property 'hkern' does not exist on type 'JSX.IntrinsicElements'.
src/icons/Fonts/general-sans/GeneralSansVariable.tsx(2879,5): error TS2339: Property 'hkern' does not exist on type 'JSX.IntrinsicElements'.
src/icons/Fonts/general-sans/GeneralSansVariable.tsx(2880,5): error TS2339: Property 'hkern' does not exist on type 'JSX.IntrinsicElements'.
src/icons/Fonts/general-sans/GeneralSansVariable.tsx(2881,5): error TS2339: Property 'hkern' does not exist on type 'JSX.IntrinsicElements'.
src/icons/Fonts/general-sans/GeneralSansVariable.tsx(2882,5): error TS2339: Property 'hkern' does not exist on type 'JSX.IntrinsicElements'.
src/icons/Fonts/general-sans/GeneralSansVariable.tsx(2883,5): error TS2339: Property 'hkern' does not exist on type 'JSX.IntrinsicElements'.
src/icons/Fonts/general-sans/GeneralSansVariable.tsx(2884,5): error TS2339: Property 'hkern' does not exist on type 'JSX.IntrinsicElements'.
src/icons/Fonts/general-sans/GeneralSansVariable.tsx(2885,5): error TS2339: Property 'hkern' does not exist on type 'JSX.IntrinsicElements'.
src/icons/Fonts/general-sans/GeneralSansVariable.tsx(2886,5): error TS2339: Property 'hkern' does not exist on type 'JSX.IntrinsicElements'.
src/icons/Fonts/general-sans/GeneralSansVariable.tsx(2887,5): error TS2339: Property 'hkern' does not exist on type 'JSX.IntrinsicElements'.
src/icons/Fonts/general-sans/GeneralSansVariable.tsx(2888,5): error TS2339: Property 'hkern' does not exist on type 'JSX.IntrinsicElements'.
src/icons/Fonts/general-sans/GeneralSansVariable.tsx(2889,5): error TS2339: Property 'hkern' does not exist on type 'JSX.IntrinsicElements'.
src/icons/Fonts/general-sans/GeneralSansVariable.tsx(2890,5): error TS2339: Property 'hkern' does not exist on type 'JSX.IntrinsicElements'.
src/icons/Fonts/general-sans/GeneralSansVariable.tsx(2891,5): error TS2339: Property 'hkern' does not exist on type 'JSX.IntrinsicElements'.
src/icons/Fonts/general-sans/GeneralSansVariable.tsx(2892,5): error TS2339: Property 'hkern' does not exist on type 'JSX.IntrinsicElements'.
src/icons/Fonts/general-sans/GeneralSansVariable.tsx(2893,5): error TS2339: Property 'hkern' does not exist on type 'JSX.IntrinsicElements'.
src/icons/Fonts/general-sans/GeneralSansVariable.tsx(2894,5): error TS2339: Property 'hkern' does not exist on type 'JSX.IntrinsicElements'.
src/icons/Fonts/general-sans/GeneralSansVariable.tsx(2895,5): error TS2339: Property 'hkern' does not exist on type 'JSX.IntrinsicElements'.
src/icons/Fonts/general-sans/GeneralSansVariable.tsx(2896,5): error TS2339: Property 'hkern' does not exist on type 'JSX.IntrinsicElements'.
src/icons/Fonts/general-sans/GeneralSansVariable.tsx(2897,5): error TS2339: Property 'hkern' does not exist on type 'JSX.IntrinsicElements'.
src/icons/Fonts/general-sans/GeneralSansVariable.tsx(2898,5): error TS2339: Property 'hkern' does not exist on type 'JSX.IntrinsicElements'.
src/icons/Fonts/general-sans/GeneralSansVariable.tsx(2899,5): error TS2339: Property 'hkern' does not exist on type 'JSX.IntrinsicElements'.
src/icons/Fonts/general-sans/GeneralSansVariable.tsx(2900,5): error TS2339: Property 'hkern' does not exist on type 'JSX.IntrinsicElements'.
src/icons/Fonts/general-sans/GeneralSansVariable.tsx(2901,5): error TS2339: Property 'hkern' does not exist on type 'JSX.IntrinsicElements'.
src/icons/Fonts/general-sans/GeneralSansVariable.tsx(2902,5): error TS2339: Property 'hkern' does not exist on type 'JSX.IntrinsicElements'.
src/icons/Fonts/general-sans/GeneralSansVariable.tsx(2903,5): error TS2339: Property 'hkern' does not exist on type 'JSX.IntrinsicElements'.
src/icons/Fonts/general-sans/GeneralSansVariable.tsx(2904,5): error TS2339: Property 'hkern' does not exist on type 'JSX.IntrinsicElements'.
src/icons/Fonts/general-sans/GeneralSansVariable.tsx(2905,5): error TS2339: Property 'hkern' does not exist on type 'JSX.IntrinsicElements'.
src/icons/Fonts/general-sans/GeneralSansVariable.tsx(2906,5): error TS2339: Property 'hkern' does not exist on type 'JSX.IntrinsicElements'.
src/icons/Fonts/general-sans/GeneralSansVariable.tsx(2907,5): error TS2339: Property 'hkern' does not exist on type 'JSX.IntrinsicElements'.
src/icons/Fonts/general-sans/GeneralSansVariable.tsx(2908,5): error TS2339: Property 'hkern' does not exist on type 'JSX.IntrinsicElements'.
src/icons/Fonts/general-sans/GeneralSansVariable.tsx(2909,5): error TS2339: Property 'hkern' does not exist on type 'JSX.IntrinsicElements'.
src/icons/Fonts/general-sans/GeneralSansVariable.tsx(2910,5): error TS2339: Property 'hkern' does not exist on type 'JSX.IntrinsicElements'.
src/icons/Fonts/general-sans/GeneralSansVariable.tsx(2911,5): error TS2339: Property 'hkern' does not exist on type 'JSX.IntrinsicElements'.
src/icons/Fonts/general-sans/GeneralSansVariable.tsx(2912,5): error TS2339: Property 'hkern' does not exist on type 'JSX.IntrinsicElements'.
src/icons/Fonts/general-sans/GeneralSansVariable.tsx(2913,5): error TS2339: Property 'hkern' does not exist on type 'JSX.IntrinsicElements'.
src/icons/Fonts/general-sans/GeneralSansVariable.tsx(2914,5): error TS2339: Property 'hkern' does not exist on type 'JSX.IntrinsicElements'.
src/icons/Fonts/general-sans/GeneralSansVariable.tsx(2915,5): error TS2339: Property 'hkern' does not exist on type 'JSX.IntrinsicElements'.
src/icons/Fonts/general-sans/GeneralSansVariable.tsx(2916,5): error TS2339: Property 'hkern' does not exist on type 'JSX.IntrinsicElements'.
src/icons/Fonts/general-sans/GeneralSansVariable.tsx(2917,5): error TS2339: Property 'hkern' does not exist on type 'JSX.IntrinsicElements'.
src/icons/Fonts/general-sans/GeneralSansVariable.tsx(2918,5): error TS2339: Property 'hkern' does not exist on type 'JSX.IntrinsicElements'.
src/icons/Fonts/general-sans/GeneralSansVariable.tsx(2919,5): error TS2339: Property 'hkern' does not exist on type 'JSX.IntrinsicElements'.
src/icons/Fonts/general-sans/GeneralSansVariable.tsx(2920,5): error TS2339: Property 'hkern' does not exist on type 'JSX.IntrinsicElements'.
src/icons/Fonts/general-sans/GeneralSansVariable.tsx(2921,5): error TS2339: Property 'hkern' does not exist on type 'JSX.IntrinsicElements'.
src/icons/Fonts/general-sans/GeneralSansVariable.tsx(2922,5): error TS2339: Property 'hkern' does not exist on type 'JSX.IntrinsicElements'.
src/icons/Fonts/general-sans/GeneralSansVariable.tsx(2923,5): error TS2339: Property 'hkern' does not exist on type 'JSX.IntrinsicElements'.
src/icons/Fonts/general-sans/GeneralSansVariable.tsx(2924,5): error TS2339: Property 'hkern' does not exist on type 'JSX.IntrinsicElements'.
src/icons/Fonts/general-sans/GeneralSansVariable.tsx(2925,5): error TS2339: Property 'hkern' does not exist on type 'JSX.IntrinsicElements'.
src/icons/Fonts/general-sans/GeneralSansVariable.tsx(2926,5): error TS2339: Property 'hkern' does not exist on type 'JSX.IntrinsicElements'.
src/icons/Fonts/general-sans/GeneralSansVariable.tsx(2927,5): error TS2339: Property 'hkern' does not exist on type 'JSX.IntrinsicElements'.
src/icons/Fonts/general-sans/GeneralSansVariable.tsx(2928,5): error TS2339: Property 'hkern' does not exist on type 'JSX.IntrinsicElements'.
src/icons/Fonts/general-sans/GeneralSansVariable.tsx(2929,5): error TS2339: Property 'hkern' does not exist on type 'JSX.IntrinsicElements'.
src/icons/Fonts/general-sans/GeneralSansVariable.tsx(2930,5): error TS2339: Property 'hkern' does not exist on type 'JSX.IntrinsicElements'.
src/icons/Fonts/general-sans/GeneralSansVariable.tsx(2931,5): error TS2339: Property 'hkern' does not exist on type 'JSX.IntrinsicElements'.
src/icons/Fonts/general-sans/GeneralSansVariable.tsx(2932,5): error TS2339: Property 'hkern' does not exist on type 'JSX.IntrinsicElements'.
src/icons/Fonts/general-sans/GeneralSansVariable.tsx(2933,5): error TS2339: Property 'hkern' does not exist on type 'JSX.IntrinsicElements'.
src/icons/Fonts/general-sans/GeneralSansVariable.tsx(2934,5): error TS2339: Property 'hkern' does not exist on type 'JSX.IntrinsicElements'.
src/icons/Fonts/general-sans/GeneralSansVariable.tsx(2935,5): error TS2339: Property 'hkern' does not exist on type 'JSX.IntrinsicElements'.
src/icons/Fonts/general-sans/GeneralSansVariable.tsx(2936,5): error TS2339: Property 'hkern' does not exist on type 'JSX.IntrinsicElements'.
src/icons/Fonts/general-sans/GeneralSansVariable.tsx(2937,5): error TS2339: Property 'hkern' does not exist on type 'JSX.IntrinsicElements'.
src/icons/Fonts/general-sans/GeneralSansVariable.tsx(2938,5): error TS2339: Property 'hkern' does not exist on type 'JSX.IntrinsicElements'.
src/icons/Fonts/general-sans/GeneralSansVariable.tsx(2939,5): error TS2339: Property 'hkern' does not exist on type 'JSX.IntrinsicElements'.
src/icons/Fonts/general-sans/GeneralSansVariable.tsx(2940,5): error TS2339: Property 'hkern' does not exist on type 'JSX.IntrinsicElements'.
src/icons/Fonts/general-sans/GeneralSansVariable.tsx(2941,5): error TS2339: Property 'hkern' does not exist on type 'JSX.IntrinsicElements'.
src/icons/Fonts/general-sans/GeneralSansVariable.tsx(2942,5): error TS2339: Property 'hkern' does not exist on type 'JSX.IntrinsicElements'.
src/icons/Fonts/general-sans/GeneralSansVariable.tsx(2943,5): error TS2339: Property 'hkern' does not exist on type 'JSX.IntrinsicElements'.
src/icons/Fonts/general-sans/GeneralSansVariable.tsx(2944,5): error TS2339: Property 'hkern' does not exist on type 'JSX.IntrinsicElements'.
src/icons/Fonts/general-sans/GeneralSansVariable.tsx(2945,5): error TS2339: Property 'hkern' does not exist on type 'JSX.IntrinsicElements'.
src/icons/Fonts/general-sans/GeneralSansVariable.tsx(2946,5): error TS2339: Property 'hkern' does not exist on type 'JSX.IntrinsicElements'.
src/icons/Fonts/general-sans/GeneralSansVariable.tsx(2947,5): error TS2339: Property 'hkern' does not exist on type 'JSX.IntrinsicElements'.
src/icons/Fonts/general-sans/GeneralSansVariable.tsx(2948,5): error TS2339: Property 'hkern' does not exist on type 'JSX.IntrinsicElements'.
src/icons/Fonts/general-sans/GeneralSansVariable.tsx(2949,5): error TS2339: Property 'hkern' does not exist on type 'JSX.IntrinsicElements'.
src/icons/Fonts/general-sans/GeneralSansVariable.tsx(2950,5): error TS2339: Property 'hkern' does not exist on type 'JSX.IntrinsicElements'.
src/icons/Fonts/general-sans/GeneralSansVariable.tsx(2951,5): error TS2339: Property 'hkern' does not exist on type 'JSX.IntrinsicElements'.
src/icons/Fonts/general-sans/GeneralSansVariable.tsx(2952,5): error TS2339: Property 'hkern' does not exist on type 'JSX.IntrinsicElements'.
src/icons/Fonts/general-sans/GeneralSansVariable.tsx(2953,5): error TS2339: Property 'hkern' does not exist on type 'JSX.IntrinsicElements'.
src/icons/Fonts/general-sans/GeneralSansVariable.tsx(2954,5): error TS2339: Property 'hkern' does not exist on type 'JSX.IntrinsicElements'.
src/icons/Fonts/general-sans/GeneralSansVariable.tsx(2955,5): error TS2339: Property 'hkern' does not exist on type 'JSX.IntrinsicElements'.
src/icons/Fonts/general-sans/GeneralSansVariable.tsx(2956,5): error TS2339: Property 'hkern' does not exist on type 'JSX.IntrinsicElements'.
src/icons/Fonts/general-sans/GeneralSansVariable.tsx(2957,5): error TS2339: Property 'hkern' does not exist on type 'JSX.IntrinsicElements'.
src/icons/Fonts/general-sans/GeneralSansVariable.tsx(2958,5): error TS2339: Property 'hkern' does not exist on type 'JSX.IntrinsicElements'.
src/icons/Fonts/general-sans/GeneralSansVariable.tsx(2959,5): error TS2339: Property 'hkern' does not exist on type 'JSX.IntrinsicElements'.
src/icons/Fonts/general-sans/GeneralSansVariable.tsx(2960,5): error TS2339: Property 'hkern' does not exist on type 'JSX.IntrinsicElements'.
src/icons/Fonts/general-sans/GeneralSansVariable.tsx(2961,5): error TS2339: Property 'hkern' does not exist on type 'JSX.IntrinsicElements'.
src/icons/Fonts/general-sans/GeneralSansVariable.tsx(2962,5): error TS2339: Property 'hkern' does not exist on type 'JSX.IntrinsicElements'.
src/icons/Fonts/general-sans/GeneralSansVariable.tsx(2963,5): error TS2339: Property 'hkern' does not exist on type 'JSX.IntrinsicElements'.
src/icons/Fonts/general-sans/GeneralSansVariable.tsx(2964,5): error TS2339: Property 'hkern' does not exist on type 'JSX.IntrinsicElements'.
src/icons/Fonts/general-sans/GeneralSansVariable.tsx(2965,5): error TS2339: Property 'hkern' does not exist on type 'JSX.IntrinsicElements'.
src/icons/Fonts/general-sans/GeneralSansVariable.tsx(2966,5): error TS2339: Property 'hkern' does not exist on type 'JSX.IntrinsicElements'.
src/icons/Fonts/general-sans/GeneralSansVariable.tsx(2967,5): error TS2339: Property 'hkern' does not exist on type 'JSX.IntrinsicElements'.
src/icons/Fonts/general-sans/GeneralSansVariable.tsx(2968,5): error TS2339: Property 'hkern' does not exist on type 'JSX.IntrinsicElements'.
src/icons/Fonts/general-sans/GeneralSansVariable.tsx(2969,5): error TS2339: Property 'hkern' does not exist on type 'JSX.IntrinsicElements'.
src/icons/Fonts/general-sans/GeneralSansVariable.tsx(2970,5): error TS2339: Property 'hkern' does not exist on type 'JSX.IntrinsicElements'.
src/icons/Fonts/general-sans/GeneralSansVariable.tsx(2971,5): error TS2339: Property 'hkern' does not exist on type 'JSX.IntrinsicElements'.
src/icons/Fonts/general-sans/GeneralSansVariable.tsx(2972,5): error TS2339: Property 'hkern' does not exist on type 'JSX.IntrinsicElements'.
src/icons/Fonts/general-sans/GeneralSansVariable.tsx(2973,5): error TS2339: Property 'hkern' does not exist on type 'JSX.IntrinsicElements'.
src/icons/Fonts/general-sans/GeneralSansVariable.tsx(2974,5): error TS2339: Property 'hkern' does not exist on type 'JSX.IntrinsicElements'.
src/icons/Fonts/general-sans/GeneralSansVariable.tsx(2975,5): error TS2339: Property 'hkern' does not exist on type 'JSX.IntrinsicElements'.
src/icons/Fonts/general-sans/GeneralSansVariable.tsx(2976,5): error TS2339: Property 'hkern' does not exist on type 'JSX.IntrinsicElements'.
src/icons/Fonts/general-sans/GeneralSansVariable.tsx(2977,5): error TS2339: Property 'hkern' does not exist on type 'JSX.IntrinsicElements'.
src/icons/Fonts/general-sans/GeneralSansVariable.tsx(2978,5): error TS2339: Property 'hkern' does not exist on type 'JSX.IntrinsicElements'.
src/icons/Fonts/general-sans/GeneralSansVariable.tsx(2979,5): error TS2339: Property 'hkern' does not exist on type 'JSX.IntrinsicElements'.
src/icons/Fonts/general-sans/GeneralSansVariable.tsx(2980,5): error TS2339: Property 'hkern' does not exist on type 'JSX.IntrinsicElements'.
src/icons/Fonts/general-sans/GeneralSansVariable.tsx(2981,5): error TS2339: Property 'hkern' does not exist on type 'JSX.IntrinsicElements'.
src/icons/Fonts/general-sans/GeneralSansVariable.tsx(2982,5): error TS2339: Property 'hkern' does not exist on type 'JSX.IntrinsicElements'.
src/icons/Fonts/general-sans/GeneralSansVariable.tsx(2983,5): error TS2339: Property 'hkern' does not exist on type 'JSX.IntrinsicElements'.
src/icons/Fonts/general-sans/GeneralSansVariable.tsx(2984,5): error TS2339: Property 'hkern' does not exist on type 'JSX.IntrinsicElements'.
src/icons/Fonts/general-sans/GeneralSansVariable.tsx(2985,5): error TS2339: Property 'hkern' does not exist on type 'JSX.IntrinsicElements'.
src/icons/Fonts/general-sans/GeneralSansVariable.tsx(2986,5): error TS2339: Property 'hkern' does not exist on type 'JSX.IntrinsicElements'.
src/icons/Fonts/general-sans/GeneralSansVariable.tsx(2987,5): error TS2339: Property 'hkern' does not exist on type 'JSX.IntrinsicElements'.
src/icons/Fonts/general-sans/GeneralSansVariable.tsx(2988,5): error TS2339: Property 'hkern' does not exist on type 'JSX.IntrinsicElements'.
src/icons/Fonts/general-sans/GeneralSansVariable.tsx(2989,5): error TS2339: Property 'hkern' does not exist on type 'JSX.IntrinsicElements'.
src/icons/Fonts/general-sans/GeneralSansVariable.tsx(2990,5): error TS2339: Property 'hkern' does not exist on type 'JSX.IntrinsicElements'.
src/icons/Fonts/general-sans/GeneralSansVariable.tsx(2991,5): error TS2339: Property 'hkern' does not exist on type 'JSX.IntrinsicElements'.
src/icons/Fonts/general-sans/GeneralSansVariable.tsx(2992,5): error TS2339: Property 'hkern' does not exist on type 'JSX.IntrinsicElements'.
src/icons/Fonts/general-sans/GeneralSansVariable.tsx(2993,5): error TS2339: Property 'hkern' does not exist on type 'JSX.IntrinsicElements'.
src/icons/Fonts/general-sans/GeneralSansVariable.tsx(2994,5): error TS2339: Property 'hkern' does not exist on type 'JSX.IntrinsicElements'.
src/icons/Fonts/general-sans/GeneralSansVariable.tsx(2995,5): error TS2339: Property 'hkern' does not exist on type 'JSX.IntrinsicElements'.
src/icons/Fonts/general-sans/GeneralSansVariable.tsx(2996,5): error TS2339: Property 'hkern' does not exist on type 'JSX.IntrinsicElements'.
src/icons/Fonts/general-sans/GeneralSansVariable.tsx(2997,5): error TS2339: Property 'hkern' does not exist on type 'JSX.IntrinsicElements'.
src/icons/Fonts/general-sans/GeneralSansVariable.tsx(2998,5): error TS2339: Property 'hkern' does not exist on type 'JSX.IntrinsicElements'.
src/icons/Fonts/general-sans/GeneralSansVariable.tsx(2999,5): error TS2339: Property 'hkern' does not exist on type 'JSX.IntrinsicElements'.
src/icons/Fonts/general-sans/GeneralSansVariable.tsx(3000,5): error TS2339: Property 'hkern' does not exist on type 'JSX.IntrinsicElements'.
src/icons/Fonts/general-sans/GeneralSansVariable.tsx(3001,5): error TS2339: Property 'hkern' does not exist on type 'JSX.IntrinsicElements'.
src/icons/Fonts/general-sans/GeneralSansVariable.tsx(3002,5): error TS2339: Property 'hkern' does not exist on type 'JSX.IntrinsicElements'.
src/icons/Fonts/general-sans/GeneralSansVariable.tsx(3003,5): error TS2339: Property 'hkern' does not exist on type 'JSX.IntrinsicElements'.
src/icons/Fonts/general-sans/GeneralSansVariable.tsx(3004,5): error TS2339: Property 'hkern' does not exist on type 'JSX.IntrinsicElements'.
src/icons/Fonts/general-sans/GeneralSansVariable.tsx(3005,5): error TS2339: Property 'hkern' does not exist on type 'JSX.IntrinsicElements'.
src/icons/Fonts/general-sans/GeneralSansVariable.tsx(3006,5): error TS2339: Property 'hkern' does not exist on type 'JSX.IntrinsicElements'.
src/icons/Fonts/general-sans/GeneralSansVariable.tsx(3007,5): error TS2339: Property 'hkern' does not exist on type 'JSX.IntrinsicElements'.
src/icons/Fonts/general-sans/GeneralSansVariable.tsx(3008,5): error TS2339: Property 'hkern' does not exist on type 'JSX.IntrinsicElements'.
src/icons/Fonts/general-sans/GeneralSansVariable.tsx(3009,5): error TS2339: Property 'hkern' does not exist on type 'JSX.IntrinsicElements'.
src/icons/Fonts/general-sans/GeneralSansVariable.tsx(3010,5): error TS2339: Property 'hkern' does not exist on type 'JSX.IntrinsicElements'.
src/icons/Fonts/general-sans/GeneralSansVariable.tsx(3011,5): error TS2339: Property 'hkern' does not exist on type 'JSX.IntrinsicElements'.
src/icons/Fonts/general-sans/GeneralSansVariable.tsx(3012,5): error TS2339: Property 'hkern' does not exist on type 'JSX.IntrinsicElements'.
src/icons/Fonts/general-sans/GeneralSansVariable.tsx(3013,5): error TS2339: Property 'hkern' does not exist on type 'JSX.IntrinsicElements'.
src/icons/Fonts/general-sans/GeneralSansVariable.tsx(3014,5): error TS2339: Property 'hkern' does not exist on type 'JSX.IntrinsicElements'.
src/icons/Fonts/general-sans/GeneralSansVariable.tsx(3015,5): error TS2339: Property 'hkern' does not exist on type 'JSX.IntrinsicElements'.
src/icons/Fonts/general-sans/GeneralSansVariable.tsx(3016,5): error TS2339: Property 'hkern' does not exist on type 'JSX.IntrinsicElements'.
src/icons/Fonts/general-sans/GeneralSansVariable.tsx(3017,5): error TS2339: Property 'hkern' does not exist on type 'JSX.IntrinsicElements'.
src/icons/Fonts/general-sans/GeneralSansVariable.tsx(3018,5): error TS2339: Property 'hkern' does not exist on type 'JSX.IntrinsicElements'.
src/icons/Fonts/general-sans/GeneralSansVariable.tsx(3019,5): error TS2339: Property 'hkern' does not exist on type 'JSX.IntrinsicElements'.
src/icons/Fonts/general-sans/GeneralSansVariable.tsx(3020,5): error TS2339: Property 'hkern' does not exist on type 'JSX.IntrinsicElements'.
src/icons/Fonts/general-sans/GeneralSansVariable.tsx(3021,5): error TS2339: Property 'hkern' does not exist on type 'JSX.IntrinsicElements'.
src/icons/Fonts/general-sans/GeneralSansVariable.tsx(3022,5): error TS2339: Property 'hkern' does not exist on type 'JSX.IntrinsicElements'.
src/icons/Fonts/general-sans/GeneralSansVariable.tsx(3023,5): error TS2339: Property 'hkern' does not exist on type 'JSX.IntrinsicElements'.
src/icons/Fonts/general-sans/GeneralSansVariable.tsx(3024,5): error TS2339: Property 'hkern' does not exist on type 'JSX.IntrinsicElements'.
src/icons/Fonts/general-sans/GeneralSansVariable.tsx(3025,5): error TS2339: Property 'hkern' does not exist on type 'JSX.IntrinsicElements'.
src/icons/Fonts/general-sans/GeneralSansVariable.tsx(3026,5): error TS2339: Property 'hkern' does not exist on type 'JSX.IntrinsicElements'.
src/icons/Fonts/general-sans/GeneralSansVariable.tsx(3027,5): error TS2339: Property 'hkern' does not exist on type 'JSX.IntrinsicElements'.
src/icons/Fonts/general-sans/GeneralSansVariable.tsx(3028,5): error TS2339: Property 'hkern' does not exist on type 'JSX.IntrinsicElements'.
src/icons/Fonts/general-sans/GeneralSansVariable.tsx(3029,5): error TS2339: Property 'hkern' does not exist on type 'JSX.IntrinsicElements'.
src/icons/Fonts/general-sans/GeneralSansVariable.tsx(3030,5): error TS2339: Property 'hkern' does not exist on type 'JSX.IntrinsicElements'.
src/icons/Fonts/general-sans/GeneralSansVariable.tsx(3031,5): error TS2339: Property 'hkern' does not exist on type 'JSX.IntrinsicElements'.
src/icons/Fonts/general-sans/GeneralSansVariable.tsx(3032,5): error TS2339: Property 'hkern' does not exist on type 'JSX.IntrinsicElements'.
src/icons/Fonts/general-sans/GeneralSansVariable.tsx(3033,5): error TS2339: Property 'hkern' does not exist on type 'JSX.IntrinsicElements'.
src/icons/Fonts/general-sans/GeneralSansVariable.tsx(3034,5): error TS2339: Property 'hkern' does not exist on type 'JSX.IntrinsicElements'.
src/icons/Fonts/general-sans/GeneralSansVariable.tsx(3035,5): error TS2339: Property 'hkern' does not exist on type 'JSX.IntrinsicElements'.
src/icons/Fonts/general-sans/GeneralSansVariable.tsx(3036,5): error TS2339: Property 'hkern' does not exist on type 'JSX.IntrinsicElements'.
src/icons/Fonts/general-sans/GeneralSansVariable.tsx(3037,5): error TS2339: Property 'hkern' does not exist on type 'JSX.IntrinsicElements'.
src/icons/Fonts/general-sans/GeneralSansVariable.tsx(3038,5): error TS2339: Property 'hkern' does not exist on type 'JSX.IntrinsicElements'.
src/icons/Fonts/general-sans/GeneralSansVariable.tsx(3039,5): error TS2339: Property 'hkern' does not exist on type 'JSX.IntrinsicElements'.
src/icons/Fonts/general-sans/GeneralSansVariable.tsx(3040,5): error TS2339: Property 'hkern' does not exist on type 'JSX.IntrinsicElements'.
src/icons/Fonts/general-sans/GeneralSansVariable.tsx(3041,5): error TS2339: Property 'hkern' does not exist on type 'JSX.IntrinsicElements'.
src/icons/Fonts/general-sans/GeneralSansVariable.tsx(3042,5): error TS2339: Property 'hkern' does not exist on type 'JSX.IntrinsicElements'.
src/icons/Fonts/general-sans/GeneralSansVariable.tsx(3043,5): error TS2339: Property 'hkern' does not exist on type 'JSX.IntrinsicElements'.
src/icons/Fonts/general-sans/GeneralSansVariable.tsx(3044,5): error TS2339: Property 'hkern' does not exist on type 'JSX.IntrinsicElements'.
src/icons/Fonts/general-sans/GeneralSansVariable.tsx(3045,5): error TS2339: Property 'hkern' does not exist on type 'JSX.IntrinsicElements'.
src/icons/Fonts/general-sans/GeneralSansVariable.tsx(3046,5): error TS2339: Property 'hkern' does not exist on type 'JSX.IntrinsicElements'.
src/icons/Fonts/general-sans/GeneralSansVariable.tsx(3047,5): error TS2339: Property 'hkern' does not exist on type 'JSX.IntrinsicElements'.
src/icons/Fonts/general-sans/GeneralSansVariable.tsx(3048,5): error TS2339: Property 'hkern' does not exist on type 'JSX.IntrinsicElements'.
src/icons/Fonts/general-sans/GeneralSansVariable.tsx(3049,5): error TS2339: Property 'hkern' does not exist on type 'JSX.IntrinsicElements'.
src/icons/Fonts/general-sans/GeneralSansVariable.tsx(3050,5): error TS2339: Property 'hkern' does not exist on type 'JSX.IntrinsicElements'.
src/icons/Fonts/general-sans/GeneralSansVariable.tsx(3051,5): error TS2339: Property 'hkern' does not exist on type 'JSX.IntrinsicElements'.
src/icons/Fonts/general-sans/GeneralSansVariable.tsx(3052,5): error TS2339: Property 'hkern' does not exist on type 'JSX.IntrinsicElements'.
src/icons/Fonts/general-sans/GeneralSansVariable.tsx(3053,5): error TS2339: Property 'hkern' does not exist on type 'JSX.IntrinsicElements'.
src/icons/Fonts/general-sans/GeneralSansVariable.tsx(3054,5): error TS2339: Property 'hkern' does not exist on type 'JSX.IntrinsicElements'.
src/icons/Fonts/general-sans/GeneralSansVariable.tsx(3055,5): error TS2339: Property 'hkern' does not exist on type 'JSX.IntrinsicElements'.
src/icons/Fonts/general-sans/GeneralSansVariable.tsx(3056,5): error TS2339: Property 'hkern' does not exist on type 'JSX.IntrinsicElements'.
src/icons/Fonts/general-sans/GeneralSansVariable.tsx(3057,5): error TS2339: Property 'hkern' does not exist on type 'JSX.IntrinsicElements'.
src/icons/Fonts/general-sans/GeneralSansVariable.tsx(3058,5): error TS2339: Property 'hkern' does not exist on type 'JSX.IntrinsicElements'.
src/icons/Fonts/general-sans/GeneralSansVariable.tsx(3059,5): error TS2339: Property 'hkern' does not exist on type 'JSX.IntrinsicElements'.
src/icons/Fonts/general-sans/GeneralSansVariable.tsx(3060,5): error TS2339: Property 'hkern' does not exist on type 'JSX.IntrinsicElements'.
src/icons/Fonts/general-sans/GeneralSansVariable.tsx(3061,5): error TS2339: Property 'hkern' does not exist on type 'JSX.IntrinsicElements'.
src/icons/Fonts/general-sans/GeneralSansVariable.tsx(3062,5): error TS2339: Property 'hkern' does not exist on type 'JSX.IntrinsicElements'.
src/icons/Fonts/general-sans/GeneralSansVariable.tsx(3063,5): error TS2339: Property 'hkern' does not exist on type 'JSX.IntrinsicElements'.
src/icons/Fonts/general-sans/GeneralSansVariable.tsx(3064,5): error TS2339: Property 'hkern' does not exist on type 'JSX.IntrinsicElements'.
src/icons/Fonts/general-sans/GeneralSansVariable.tsx(3065,5): error TS2339: Property 'hkern' does not exist on type 'JSX.IntrinsicElements'.
src/icons/Fonts/general-sans/GeneralSansVariable.tsx(3066,5): error TS2339: Property 'hkern' does not exist on type 'JSX.IntrinsicElements'.
src/icons/Fonts/general-sans/GeneralSansVariable.tsx(3067,5): error TS2339: Property 'hkern' does not exist on type 'JSX.IntrinsicElements'.
src/icons/Fonts/general-sans/GeneralSansVariable.tsx(3068,5): error TS2339: Property 'hkern' does not exist on type 'JSX.IntrinsicElements'.
src/icons/Fonts/general-sans/GeneralSansVariable.tsx(3069,5): error TS2339: Property 'hkern' does not exist on type 'JSX.IntrinsicElements'.
src/icons/Fonts/general-sans/GeneralSansVariable.tsx(3070,5): error TS2339: Property 'hkern' does not exist on type 'JSX.IntrinsicElements'.
src/icons/Fonts/general-sans/GeneralSansVariable.tsx(3071,5): error TS2339: Property 'hkern' does not exist on type 'JSX.IntrinsicElements'.
src/icons/Fonts/general-sans/GeneralSansVariable.tsx(3072,5): error TS2339: Property 'hkern' does not exist on type 'JSX.IntrinsicElements'.
src/icons/Fonts/general-sans/GeneralSansVariable.tsx(3073,5): error TS2339: Property 'hkern' does not exist on type 'JSX.IntrinsicElements'.
src/icons/Fonts/general-sans/GeneralSansVariable.tsx(3074,5): error TS2339: Property 'hkern' does not exist on type 'JSX.IntrinsicElements'.
src/icons/Fonts/general-sans/GeneralSansVariable.tsx(3075,5): error TS2339: Property 'hkern' does not exist on type 'JSX.IntrinsicElements'.
src/icons/Fonts/general-sans/GeneralSansVariable.tsx(3076,5): error TS2339: Property 'hkern' does not exist on type 'JSX.IntrinsicElements'.
src/icons/Fonts/general-sans/GeneralSansVariable.tsx(3077,5): error TS2339: Property 'hkern' does not exist on type 'JSX.IntrinsicElements'.
src/icons/Fonts/general-sans/GeneralSansVariable.tsx(3078,5): error TS2339: Property 'hkern' does not exist on type 'JSX.IntrinsicElements'.
src/icons/Fonts/general-sans/GeneralSansVariable.tsx(3079,5): error TS2339: Property 'hkern' does not exist on type 'JSX.IntrinsicElements'.
src/icons/Fonts/general-sans/GeneralSansVariable.tsx(3080,5): error TS2339: Property 'hkern' does not exist on type 'JSX.IntrinsicElements'.
src/icons/Fonts/general-sans/GeneralSansVariable.tsx(3081,5): error TS2339: Property 'hkern' does not exist on type 'JSX.IntrinsicElements'.
src/icons/Fonts/general-sans/GeneralSansVariable.tsx(3082,5): error TS2339: Property 'hkern' does not exist on type 'JSX.IntrinsicElements'.
src/icons/Fonts/general-sans/GeneralSansVariable.tsx(3083,5): error TS2339: Property 'hkern' does not exist on type 'JSX.IntrinsicElements'.
src/icons/Fonts/general-sans/GeneralSansVariable.tsx(3084,5): error TS2339: Property 'hkern' does not exist on type 'JSX.IntrinsicElements'.
src/icons/Fonts/general-sans/GeneralSansVariable.tsx(3085,5): error TS2339: Property 'hkern' does not exist on type 'JSX.IntrinsicElements'.
src/icons/Fonts/general-sans/GeneralSansVariable.tsx(3086,5): error TS2339: Property 'hkern' does not exist on type 'JSX.IntrinsicElements'.
src/icons/Fonts/general-sans/GeneralSansVariable.tsx(3087,5): error TS2339: Property 'hkern' does not exist on type 'JSX.IntrinsicElements'.
src/icons/Fonts/general-sans/GeneralSansVariable.tsx(3088,5): error TS2339: Property 'hkern' does not exist on type 'JSX.IntrinsicElements'.
src/icons/Fonts/general-sans/GeneralSansVariable.tsx(3089,5): error TS2339: Property 'hkern' does not exist on type 'JSX.IntrinsicElements'.
src/icons/Fonts/general-sans/GeneralSansVariable.tsx(3090,5): error TS2339: Property 'hkern' does not exist on type 'JSX.IntrinsicElements'.
src/icons/Fonts/general-sans/GeneralSansVariable.tsx(3091,5): error TS2339: Property 'hkern' does not exist on type 'JSX.IntrinsicElements'.
src/icons/Fonts/general-sans/GeneralSansVariable.tsx(3092,5): error TS2339: Property 'hkern' does not exist on type 'JSX.IntrinsicElements'.
src/icons/Fonts/general-sans/GeneralSansVariable.tsx(3093,5): error TS2339: Property 'hkern' does not exist on type 'JSX.IntrinsicElements'.
src/icons/Fonts/general-sans/GeneralSansVariable.tsx(3094,5): error TS2339: Property 'hkern' does not exist on type 'JSX.IntrinsicElements'.
src/icons/Fonts/general-sans/GeneralSansVariable.tsx(3095,5): error TS2339: Property 'hkern' does not exist on type 'JSX.IntrinsicElements'.
src/icons/Fonts/general-sans/GeneralSansVariable.tsx(3096,5): error TS2339: Property 'hkern' does not exist on type 'JSX.IntrinsicElements'.
src/icons/Fonts/general-sans/GeneralSansVariable.tsx(3097,5): error TS2339: Property 'hkern' does not exist on type 'JSX.IntrinsicElements'.
src/icons/Fonts/general-sans/GeneralSansVariable.tsx(3098,5): error TS2339: Property 'hkern' does not exist on type 'JSX.IntrinsicElements'.
src/icons/Fonts/general-sans/GeneralSansVariable.tsx(3099,5): error TS2339: Property 'hkern' does not exist on type 'JSX.IntrinsicElements'.
src/icons/Fonts/general-sans/GeneralSansVariable.tsx(3100,5): error TS2339: Property 'hkern' does not exist on type 'JSX.IntrinsicElements'.
src/icons/Fonts/general-sans/GeneralSansVariable.tsx(3101,5): error TS2339: Property 'hkern' does not exist on type 'JSX.IntrinsicElements'.
src/icons/Fonts/general-sans/GeneralSansVariable.tsx(3102,5): error TS2339: Property 'hkern' does not exist on type 'JSX.IntrinsicElements'.
src/icons/Fonts/general-sans/GeneralSansVariable.tsx(3103,5): error TS2339: Property 'hkern' does not exist on type 'JSX.IntrinsicElements'.
src/icons/Fonts/general-sans/GeneralSansVariable.tsx(3104,5): error TS2339: Property 'hkern' does not exist on type 'JSX.IntrinsicElements'.
src/icons/Fonts/general-sans/GeneralSansVariable.tsx(3105,5): error TS2339: Property 'hkern' does not exist on type 'JSX.IntrinsicElements'.
src/icons/Fonts/general-sans/GeneralSansVariable.tsx(3106,5): error TS2339: Property 'hkern' does not exist on type 'JSX.IntrinsicElements'.
src/icons/Fonts/general-sans/GeneralSansVariable.tsx(3107,5): error TS2339: Property 'hkern' does not exist on type 'JSX.IntrinsicElements'.
src/icons/Fonts/general-sans/GeneralSansVariable.tsx(3108,5): error TS2339: Property 'hkern' does not exist on type 'JSX.IntrinsicElements'.
src/icons/Fonts/general-sans/GeneralSansVariable.tsx(3109,5): error TS2339: Property 'hkern' does not exist on type 'JSX.IntrinsicElements'.
src/icons/Fonts/general-sans/GeneralSansVariable.tsx(3110,5): error TS2339: Property 'hkern' does not exist on type 'JSX.IntrinsicElements'.
src/icons/Fonts/general-sans/GeneralSansVariable.tsx(3111,5): error TS2339: Property 'hkern' does not exist on type 'JSX.IntrinsicElements'.
src/icons/Fonts/general-sans/GeneralSansVariable.tsx(3112,5): error TS2339: Property 'hkern' does not exist on type 'JSX.IntrinsicElements'.
src/icons/Fonts/general-sans/GeneralSansVariable.tsx(3113,5): error TS2339: Property 'hkern' does not exist on type 'JSX.IntrinsicElements'.
src/icons/Fonts/general-sans/GeneralSansVariable.tsx(3114,5): error TS2339: Property 'hkern' does not exist on type 'JSX.IntrinsicElements'.
src/icons/Fonts/general-sans/GeneralSansVariable.tsx(3115,5): error TS2339: Property 'hkern' does not exist on type 'JSX.IntrinsicElements'.
src/icons/Fonts/general-sans/GeneralSansVariable.tsx(3116,5): error TS2339: Property 'hkern' does not exist on type 'JSX.IntrinsicElements'.
src/icons/Fonts/general-sans/GeneralSansVariable.tsx(3117,5): error TS2339: Property 'hkern' does not exist on type 'JSX.IntrinsicElements'.
src/icons/Fonts/general-sans/GeneralSansVariable.tsx(3118,5): error TS2339: Property 'hkern' does not exist on type 'JSX.IntrinsicElements'.
src/icons/Fonts/general-sans/GeneralSansVariable.tsx(3119,5): error TS2339: Property 'hkern' does not exist on type 'JSX.IntrinsicElements'.
src/icons/Fonts/general-sans/GeneralSansVariable.tsx(3120,5): error TS2339: Property 'hkern' does not exist on type 'JSX.IntrinsicElements'.
src/icons/Fonts/general-sans/GeneralSansVariable.tsx(3121,5): error TS2339: Property 'hkern' does not exist on type 'JSX.IntrinsicElements'.
src/icons/Fonts/general-sans/GeneralSansVariable.tsx(3122,5): error TS2339: Property 'hkern' does not exist on type 'JSX.IntrinsicElements'.
src/icons/Fonts/general-sans/GeneralSansVariable.tsx(3123,5): error TS2339: Property 'hkern' does not exist on type 'JSX.IntrinsicElements'.
src/icons/Fonts/general-sans/GeneralSansVariable.tsx(3124,5): error TS2339: Property 'hkern' does not exist on type 'JSX.IntrinsicElements'.
src/icons/Fonts/general-sans/GeneralSansVariable.tsx(3125,5): error TS2339: Property 'hkern' does not exist on type 'JSX.IntrinsicElements'.
src/icons/Fonts/general-sans/GeneralSansVariable.tsx(3126,5): error TS2339: Property 'hkern' does not exist on type 'JSX.IntrinsicElements'.
src/icons/Fonts/general-sans/GeneralSansVariable.tsx(3127,5): error TS2339: Property 'hkern' does not exist on type 'JSX.IntrinsicElements'.
src/icons/Fonts/general-sans/GeneralSansVariable.tsx(3128,5): error TS2339: Property 'hkern' does not exist on type 'JSX.IntrinsicElements'.
src/icons/Fonts/general-sans/GeneralSansVariable.tsx(3129,5): error TS2339: Property 'hkern' does not exist on type 'JSX.IntrinsicElements'.
src/icons/Fonts/general-sans/GeneralSansVariable.tsx(3130,5): error TS2339: Property 'hkern' does not exist on type 'JSX.IntrinsicElements'.
src/icons/Fonts/general-sans/GeneralSansVariable.tsx(3131,5): error TS2339: Property 'hkern' does not exist on type 'JSX.IntrinsicElements'.
src/icons/Fonts/general-sans/GeneralSansVariable.tsx(3132,5): error TS2339: Property 'hkern' does not exist on type 'JSX.IntrinsicElements'.
src/icons/Fonts/general-sans/GeneralSansVariable.tsx(3133,5): error TS2339: Property 'hkern' does not exist on type 'JSX.IntrinsicElements'.
src/icons/Fonts/general-sans/GeneralSansVariable.tsx(3134,5): error TS2339: Property 'hkern' does not exist on type 'JSX.IntrinsicElements'.
src/icons/Fonts/general-sans/GeneralSansVariable.tsx(3135,5): error TS2339: Property 'hkern' does not exist on type 'JSX.IntrinsicElements'.
src/icons/Fonts/general-sans/GeneralSansVariable.tsx(3136,5): error TS2339: Property 'hkern' does not exist on type 'JSX.IntrinsicElements'.
src/icons/Fonts/general-sans/GeneralSansVariable.tsx(3137,5): error TS2339: Property 'hkern' does not exist on type 'JSX.IntrinsicElements'.
src/icons/Fonts/general-sans/GeneralSansVariable.tsx(3138,5): error TS2339: Property 'hkern' does not exist on type 'JSX.IntrinsicElements'.
src/icons/Fonts/general-sans/GeneralSansVariable.tsx(3139,5): error TS2339: Property 'hkern' does not exist on type 'JSX.IntrinsicElements'.
src/icons/Fonts/general-sans/GeneralSansVariable.tsx(3140,5): error TS2339: Property 'hkern' does not exist on type 'JSX.IntrinsicElements'.
src/icons/Fonts/general-sans/GeneralSansVariable.tsx(3141,5): error TS2339: Property 'hkern' does not exist on type 'JSX.IntrinsicElements'.
src/icons/Fonts/general-sans/GeneralSansVariable.tsx(3142,5): error TS2339: Property 'hkern' does not exist on type 'JSX.IntrinsicElements'.
src/icons/Fonts/general-sans/GeneralSansVariable.tsx(3143,5): error TS2339: Property 'hkern' does not exist on type 'JSX.IntrinsicElements'.
src/icons/Fonts/general-sans/GeneralSansVariable.tsx(3144,5): error TS2339: Property 'hkern' does not exist on type 'JSX.IntrinsicElements'.
src/icons/Fonts/general-sans/GeneralSansVariable.tsx(3145,5): error TS2339: Property 'hkern' does not exist on type 'JSX.IntrinsicElements'.
src/icons/Fonts/general-sans/GeneralSansVariable.tsx(3146,5): error TS2339: Property 'hkern' does not exist on type 'JSX.IntrinsicElements'.
src/icons/Fonts/general-sans/GeneralSansVariable.tsx(3147,5): error TS2339: Property 'hkern' does not exist on type 'JSX.IntrinsicElements'.
src/icons/Fonts/general-sans/GeneralSansVariable.tsx(3148,5): error TS2339: Property 'hkern' does not exist on type 'JSX.IntrinsicElements'.
src/icons/Fonts/general-sans/GeneralSansVariable.tsx(3149,5): error TS2339: Property 'hkern' does not exist on type 'JSX.IntrinsicElements'.
src/icons/Fonts/general-sans/GeneralSansVariable.tsx(3150,5): error TS2339: Property 'hkern' does not exist on type 'JSX.IntrinsicElements'.
src/icons/Fonts/general-sans/GeneralSansVariable.tsx(3151,5): error TS2339: Property 'hkern' does not exist on type 'JSX.IntrinsicElements'.
src/icons/Fonts/general-sans/GeneralSansVariable.tsx(3152,5): error TS2339: Property 'hkern' does not exist on type 'JSX.IntrinsicElements'.
src/icons/Fonts/general-sans/GeneralSansVariable.tsx(3153,5): error TS2339: Property 'hkern' does not exist on type 'JSX.IntrinsicElements'.
src/icons/Fonts/general-sans/GeneralSansVariable.tsx(3154,5): error TS2339: Property 'hkern' does not exist on type 'JSX.IntrinsicElements'.
src/icons/Fonts/general-sans/GeneralSansVariable.tsx(3155,5): error TS2339: Property 'hkern' does not exist on type 'JSX.IntrinsicElements'.
src/icons/Fonts/general-sans/GeneralSansVariable.tsx(3156,5): error TS2339: Property 'hkern' does not exist on type 'JSX.IntrinsicElements'.
src/icons/Fonts/general-sans/GeneralSansVariable.tsx(3157,5): error TS2339: Property 'hkern' does not exist on type 'JSX.IntrinsicElements'.
src/icons/Fonts/general-sans/GeneralSansVariable.tsx(3158,5): error TS2339: Property 'hkern' does not exist on type 'JSX.IntrinsicElements'.
src/icons/Fonts/general-sans/GeneralSansVariable.tsx(3159,5): error TS2339: Property 'hkern' does not exist on type 'JSX.IntrinsicElements'.
src/icons/Fonts/general-sans/GeneralSansVariable.tsx(3160,5): error TS2339: Property 'hkern' does not exist on type 'JSX.IntrinsicElements'.
src/icons/Fonts/general-sans/GeneralSansVariable.tsx(3161,5): error TS2339: Property 'hkern' does not exist on type 'JSX.IntrinsicElements'.
src/icons/Fonts/general-sans/GeneralSansVariable.tsx(3162,5): error TS2339: Property 'hkern' does not exist on type 'JSX.IntrinsicElements'.
src/icons/Fonts/general-sans/GeneralSansVariable.tsx(3163,5): error TS2339: Property 'hkern' does not exist on type 'JSX.IntrinsicElements'.
src/icons/Fonts/general-sans/GeneralSansVariable.tsx(3164,5): error TS2339: Property 'hkern' does not exist on type 'JSX.IntrinsicElements'.
src/icons/Fonts/general-sans/GeneralSansVariable.tsx(3165,5): error TS2339: Property 'hkern' does not exist on type 'JSX.IntrinsicElements'.
src/icons/Fonts/general-sans/GeneralSansVariable.tsx(3166,5): error TS2339: Property 'hkern' does not exist on type 'JSX.IntrinsicElements'.
src/icons/Fonts/general-sans/GeneralSansVariable.tsx(3167,5): error TS2339: Property 'hkern' does not exist on type 'JSX.IntrinsicElements'.
src/icons/Fonts/general-sans/GeneralSansVariable.tsx(3168,5): error TS2339: Property 'hkern' does not exist on type 'JSX.IntrinsicElements'.
src/icons/Fonts/general-sans/GeneralSansVariable.tsx(3169,5): error TS2339: Property 'hkern' does not exist on type 'JSX.IntrinsicElements'.
src/icons/Fonts/general-sans/GeneralSansVariable.tsx(3170,5): error TS2339: Property 'hkern' does not exist on type 'JSX.IntrinsicElements'.
src/icons/Fonts/general-sans/GeneralSansVariable.tsx(3171,5): error TS2339: Property 'hkern' does not exist on type 'JSX.IntrinsicElements'.
src/icons/Fonts/general-sans/GeneralSansVariable.tsx(3172,5): error TS2339: Property 'hkern' does not exist on type 'JSX.IntrinsicElements'.
src/icons/Fonts/general-sans/GeneralSansVariable.tsx(3173,5): error TS2339: Property 'hkern' does not exist on type 'JSX.IntrinsicElements'.
src/icons/Fonts/general-sans/GeneralSansVariable.tsx(3174,5): error TS2339: Property 'hkern' does not exist on type 'JSX.IntrinsicElements'.
src/icons/Fonts/general-sans/GeneralSansVariable.tsx(3175,5): error TS2339: Property 'hkern' does not exist on type 'JSX.IntrinsicElements'.
src/icons/Fonts/general-sans/GeneralSansVariable.tsx(3176,5): error TS2339: Property 'hkern' does not exist on type 'JSX.IntrinsicElements'.
src/icons/Fonts/general-sans/GeneralSansVariable.tsx(3177,5): error TS2339: Property 'hkern' does not exist on type 'JSX.IntrinsicElements'.
src/icons/Fonts/general-sans/GeneralSansVariable.tsx(3178,5): error TS2339: Property 'hkern' does not exist on type 'JSX.IntrinsicElements'.
src/icons/Fonts/general-sans/GeneralSansVariable.tsx(3179,5): error TS2339: Property 'hkern' does not exist on type 'JSX.IntrinsicElements'.
src/icons/Fonts/general-sans/GeneralSansVariable.tsx(3180,5): error TS2339: Property 'hkern' does not exist on type 'JSX.IntrinsicElements'.
src/icons/Fonts/general-sans/GeneralSansVariable.tsx(3181,5): error TS2339: Property 'hkern' does not exist on type 'JSX.IntrinsicElements'.
src/icons/Fonts/general-sans/GeneralSansVariable.tsx(3182,5): error TS2339: Property 'hkern' does not exist on type 'JSX.IntrinsicElements'.
src/icons/Fonts/general-sans/GeneralSansVariable.tsx(3183,5): error TS2339: Property 'hkern' does not exist on type 'JSX.IntrinsicElements'.
src/icons/Fonts/general-sans/GeneralSansVariable.tsx(3184,5): error TS2339: Property 'hkern' does not exist on type 'JSX.IntrinsicElements'.
src/icons/Fonts/general-sans/GeneralSansVariable.tsx(3185,5): error TS2339: Property 'hkern' does not exist on type 'JSX.IntrinsicElements'.
src/icons/Fonts/general-sans/GeneralSansVariable.tsx(3186,5): error TS2339: Property 'hkern' does not exist on type 'JSX.IntrinsicElements'.
src/icons/Fonts/general-sans/GeneralSansVariable.tsx(3187,5): error TS2339: Property 'hkern' does not exist on type 'JSX.IntrinsicElements'.
src/icons/Fonts/general-sans/GeneralSansVariable.tsx(3188,5): error TS2339: Property 'hkern' does not exist on type 'JSX.IntrinsicElements'.
src/icons/Fonts/general-sans/GeneralSansVariable.tsx(3189,5): error TS2339: Property 'hkern' does not exist on type 'JSX.IntrinsicElements'.
src/icons/Fonts/general-sans/GeneralSansVariable.tsx(3190,5): error TS2339: Property 'hkern' does not exist on type 'JSX.IntrinsicElements'.
src/icons/Fonts/general-sans/GeneralSansVariable.tsx(3191,5): error TS2339: Property 'hkern' does not exist on type 'JSX.IntrinsicElements'.
src/icons/Fonts/general-sans/GeneralSansVariable.tsx(3192,5): error TS2339: Property 'hkern' does not exist on type 'JSX.IntrinsicElements'.
src/icons/Fonts/general-sans/GeneralSansVariable.tsx(3193,5): error TS2339: Property 'hkern' does not exist on type 'JSX.IntrinsicElements'.
src/icons/Fonts/general-sans/GeneralSansVariable.tsx(3194,5): error TS2339: Property 'hkern' does not exist on type 'JSX.IntrinsicElements'.
src/icons/Fonts/general-sans/GeneralSansVariable.tsx(3195,5): error TS2339: Property 'hkern' does not exist on type 'JSX.IntrinsicElements'.
src/icons/Fonts/general-sans/GeneralSansVariable.tsx(3196,5): error TS2339: Property 'hkern' does not exist on type 'JSX.IntrinsicElements'.
src/icons/Fonts/general-sans/GeneralSansVariable.tsx(3197,5): error TS2339: Property 'hkern' does not exist on type 'JSX.IntrinsicElements'.
src/icons/Fonts/general-sans/GeneralSansVariable.tsx(3198,5): error TS2339: Property 'hkern' does not exist on type 'JSX.IntrinsicElements'.
src/icons/Fonts/general-sans/GeneralSansVariable.tsx(3199,5): error TS2339: Property 'hkern' does not exist on type 'JSX.IntrinsicElements'.
src/icons/Fonts/general-sans/GeneralSansVariable.tsx(3200,5): error TS2339: Property 'hkern' does not exist on type 'JSX.IntrinsicElements'.
src/icons/Fonts/general-sans/GeneralSansVariable.tsx(3201,5): error TS2339: Property 'hkern' does not exist on type 'JSX.IntrinsicElements'.
src/icons/Fonts/general-sans/GeneralSansVariable.tsx(3202,5): error TS2339: Property 'hkern' does not exist on type 'JSX.IntrinsicElements'.
src/icons/Fonts/general-sans/GeneralSansVariable.tsx(3203,5): error TS2339: Property 'hkern' does not exist on type 'JSX.IntrinsicElements'.
src/icons/Fonts/general-sans/GeneralSansVariable.tsx(3204,5): error TS2339: Property 'hkern' does not exist on type 'JSX.IntrinsicElements'.
src/icons/Fonts/general-sans/GeneralSansVariable.tsx(3205,5): error TS2339: Property 'hkern' does not exist on type 'JSX.IntrinsicElements'.
src/icons/Fonts/general-sans/GeneralSansVariable.tsx(3206,5): error TS2339: Property 'hkern' does not exist on type 'JSX.IntrinsicElements'.
src/icons/Fonts/general-sans/GeneralSansVariable.tsx(3207,5): error TS2339: Property 'hkern' does not exist on type 'JSX.IntrinsicElements'.
src/icons/Fonts/general-sans/GeneralSansVariable.tsx(3208,5): error TS2339: Property 'hkern' does not exist on type 'JSX.IntrinsicElements'.
src/icons/Fonts/general-sans/GeneralSansVariable.tsx(3209,5): error TS2339: Property 'hkern' does not exist on type 'JSX.IntrinsicElements'.
src/icons/Fonts/general-sans/GeneralSansVariable.tsx(3210,5): error TS2339: Property 'hkern' does not exist on type 'JSX.IntrinsicElements'.
src/icons/Fonts/general-sans/GeneralSansVariable.tsx(3211,5): error TS2339: Property 'hkern' does not exist on type 'JSX.IntrinsicElements'.
src/icons/Fonts/general-sans/GeneralSansVariable.tsx(3212,5): error TS2339: Property 'hkern' does not exist on type 'JSX.IntrinsicElements'.
src/icons/Fonts/general-sans/GeneralSansVariable.tsx(3213,5): error TS2339: Property 'hkern' does not exist on type 'JSX.IntrinsicElements'.
src/icons/Fonts/general-sans/GeneralSansVariable.tsx(3214,5): error TS2339: Property 'hkern' does not exist on type 'JSX.IntrinsicElements'.
src/icons/Fonts/general-sans/GeneralSansVariable.tsx(3215,5): error TS2339: Property 'hkern' does not exist on type 'JSX.IntrinsicElements'.
src/icons/Fonts/general-sans/GeneralSansVariable.tsx(3216,5): error TS2339: Property 'hkern' does not exist on type 'JSX.IntrinsicElements'.
src/icons/Fonts/general-sans/GeneralSansVariable.tsx(3217,5): error TS2339: Property 'hkern' does not exist on type 'JSX.IntrinsicElements'.
src/icons/Fonts/general-sans/GeneralSansVariable.tsx(3218,5): error TS2339: Property 'hkern' does not exist on type 'JSX.IntrinsicElements'.
src/icons/Fonts/general-sans/GeneralSansVariable.tsx(3219,5): error TS2339: Property 'hkern' does not exist on type 'JSX.IntrinsicElements'.
src/icons/Fonts/general-sans/GeneralSansVariable.tsx(3220,5): error TS2339: Property 'hkern' does not exist on type 'JSX.IntrinsicElements'.
src/icons/Fonts/general-sans/GeneralSansVariable.tsx(3221,5): error TS2339: Property 'hkern' does not exist on type 'JSX.IntrinsicElements'.
src/icons/Fonts/general-sans/GeneralSansVariable.tsx(3222,5): error TS2339: Property 'hkern' does not exist on type 'JSX.IntrinsicElements'.
src/icons/Fonts/general-sans/GeneralSansVariable.tsx(3223,5): error TS2339: Property 'hkern' does not exist on type 'JSX.IntrinsicElements'.
src/icons/Fonts/general-sans/GeneralSansVariable.tsx(3224,5): error TS2339: Property 'hkern' does not exist on type 'JSX.IntrinsicElements'.
src/icons/Fonts/general-sans/GeneralSansVariable.tsx(3225,5): error TS2339: Property 'hkern' does not exist on type 'JSX.IntrinsicElements'.
src/icons/Fonts/general-sans/GeneralSansVariable.tsx(3226,5): error TS2339: Property 'hkern' does not exist on type 'JSX.IntrinsicElements'.
src/icons/Fonts/general-sans/GeneralSansVariable.tsx(3227,5): error TS2339: Property 'hkern' does not exist on type 'JSX.IntrinsicElements'.
src/icons/Fonts/general-sans/GeneralSansVariable.tsx(3228,5): error TS2339: Property 'hkern' does not exist on type 'JSX.IntrinsicElements'.
src/icons/Fonts/general-sans/GeneralSansVariable.tsx(3229,5): error TS2339: Property 'hkern' does not exist on type 'JSX.IntrinsicElements'.
src/icons/Fonts/general-sans/GeneralSansVariable.tsx(3230,5): error TS2339: Property 'hkern' does not exist on type 'JSX.IntrinsicElements'.
src/icons/Fonts/general-sans/GeneralSansVariable.tsx(3231,5): error TS2339: Property 'hkern' does not exist on type 'JSX.IntrinsicElements'.
src/icons/Fonts/general-sans/GeneralSansVariable.tsx(3232,5): error TS2339: Property 'hkern' does not exist on type 'JSX.IntrinsicElements'.
src/icons/Fonts/general-sans/GeneralSansVariable.tsx(3233,5): error TS2339: Property 'hkern' does not exist on type 'JSX.IntrinsicElements'.
src/icons/Fonts/general-sans/GeneralSansVariable.tsx(3234,5): error TS2339: Property 'hkern' does not exist on type 'JSX.IntrinsicElements'.
src/icons/Fonts/general-sans/GeneralSansVariable.tsx(3235,5): error TS2339: Property 'hkern' does not exist on type 'JSX.IntrinsicElements'.
src/icons/Fonts/general-sans/GeneralSansVariable.tsx(3236,5): error TS2339: Property 'hkern' does not exist on type 'JSX.IntrinsicElements'.
src/icons/Fonts/general-sans/GeneralSansVariable.tsx(3237,5): error TS2339: Property 'hkern' does not exist on type 'JSX.IntrinsicElements'.
src/icons/Fonts/general-sans/GeneralSansVariable.tsx(3238,5): error TS2339: Property 'hkern' does not exist on type 'JSX.IntrinsicElements'.
src/icons/Fonts/general-sans/GeneralSansVariable.tsx(3239,5): error TS2339: Property 'hkern' does not exist on type 'JSX.IntrinsicElements'.
src/icons/Fonts/general-sans/GeneralSansVariable.tsx(3240,5): error TS2339: Property 'hkern' does not exist on type 'JSX.IntrinsicElements'.
src/icons/Fonts/general-sans/GeneralSansVariable.tsx(3241,5): error TS2339: Property 'hkern' does not exist on type 'JSX.IntrinsicElements'.
src/icons/Fonts/general-sans/GeneralSansVariable.tsx(3242,5): error TS2339: Property 'hkern' does not exist on type 'JSX.IntrinsicElements'.
src/icons/Fonts/general-sans/GeneralSansVariable.tsx(3243,5): error TS2339: Property 'hkern' does not exist on type 'JSX.IntrinsicElements'.
src/icons/Fonts/general-sans/GeneralSansVariable.tsx(3244,5): error TS2339: Property 'hkern' does not exist on type 'JSX.IntrinsicElements'.
src/icons/Fonts/general-sans/GeneralSansVariable.tsx(3245,5): error TS2339: Property 'hkern' does not exist on type 'JSX.IntrinsicElements'.
src/icons/Fonts/general-sans/GeneralSansVariable.tsx(3246,5): error TS2339: Property 'hkern' does not exist on type 'JSX.IntrinsicElements'.
src/icons/Fonts/general-sans/GeneralSansVariable.tsx(3247,5): error TS2339: Property 'hkern' does not exist on type 'JSX.IntrinsicElements'.
src/icons/Fonts/general-sans/GeneralSansVariable.tsx(3248,5): error TS2339: Property 'hkern' does not exist on type 'JSX.IntrinsicElements'.
src/icons/Fonts/general-sans/GeneralSansVariable.tsx(3249,5): error TS2339: Property 'hkern' does not exist on type 'JSX.IntrinsicElements'.
src/icons/Fonts/general-sans/GeneralSansVariable.tsx(3250,5): error TS2339: Property 'hkern' does not exist on type 'JSX.IntrinsicElements'.
src/icons/Fonts/general-sans/GeneralSansVariable.tsx(3251,5): error TS2339: Property 'hkern' does not exist on type 'JSX.IntrinsicElements'.
src/icons/Fonts/general-sans/GeneralSansVariable.tsx(3252,5): error TS2339: Property 'hkern' does not exist on type 'JSX.IntrinsicElements'.
src/icons/Fonts/general-sans/GeneralSansVariable.tsx(3253,5): error TS2339: Property 'hkern' does not exist on type 'JSX.IntrinsicElements'.
src/icons/Fonts/general-sans/GeneralSansVariable.tsx(3254,5): error TS2339: Property 'hkern' does not exist on type 'JSX.IntrinsicElements'.
src/icons/Fonts/general-sans/GeneralSansVariable.tsx(3255,5): error TS2339: Property 'hkern' does not exist on type 'JSX.IntrinsicElements'.
src/icons/Fonts/general-sans/GeneralSansVariable.tsx(3256,5): error TS2339: Property 'hkern' does not exist on type 'JSX.IntrinsicElements'.
src/icons/Fonts/general-sans/GeneralSansVariable.tsx(3257,5): error TS2339: Property 'hkern' does not exist on type 'JSX.IntrinsicElements'.
src/icons/Fonts/general-sans/GeneralSansVariable.tsx(3258,5): error TS2339: Property 'hkern' does not exist on type 'JSX.IntrinsicElements'.
src/icons/Fonts/general-sans/GeneralSansVariable.tsx(3259,5): error TS2339: Property 'hkern' does not exist on type 'JSX.IntrinsicElements'.
src/icons/Fonts/general-sans/GeneralSansVariable.tsx(3260,5): error TS2339: Property 'hkern' does not exist on type 'JSX.IntrinsicElements'.
src/icons/Fonts/general-sans/GeneralSansVariable.tsx(3261,5): error TS2339: Property 'hkern' does not exist on type 'JSX.IntrinsicElements'.
src/icons/Fonts/general-sans/GeneralSansVariable.tsx(3262,5): error TS2339: Property 'hkern' does not exist on type 'JSX.IntrinsicElements'.
src/icons/Fonts/general-sans/GeneralSansVariable.tsx(3263,5): error TS2339: Property 'hkern' does not exist on type 'JSX.IntrinsicElements'.
src/icons/Fonts/general-sans/GeneralSansVariable.tsx(3264,5): error TS2339: Property 'hkern' does not exist on type 'JSX.IntrinsicElements'.
src/icons/Fonts/general-sans/GeneralSansVariable.tsx(3265,5): error TS2339: Property 'hkern' does not exist on type 'JSX.IntrinsicElements'.
src/icons/Fonts/general-sans/GeneralSansVariable.tsx(3266,5): error TS2339: Property 'hkern' does not exist on type 'JSX.IntrinsicElements'.
src/icons/Fonts/general-sans/GeneralSansVariable.tsx(3267,5): error TS2339: Property 'hkern' does not exist on type 'JSX.IntrinsicElements'.
src/icons/Fonts/general-sans/GeneralSansVariable.tsx(3268,5): error TS2339: Property 'hkern' does not exist on type 'JSX.IntrinsicElements'.
src/icons/Fonts/general-sans/GeneralSansVariable.tsx(3269,5): error TS2339: Property 'hkern' does not exist on type 'JSX.IntrinsicElements'.
src/icons/Fonts/general-sans/GeneralSansVariable.tsx(3270,5): error TS2339: Property 'hkern' does not exist on type 'JSX.IntrinsicElements'.
src/icons/Fonts/general-sans/GeneralSansVariable.tsx(3271,5): error TS2339: Property 'hkern' does not exist on type 'JSX.IntrinsicElements'.
src/icons/Fonts/general-sans/GeneralSansVariable.tsx(3272,5): error TS2339: Property 'hkern' does not exist on type 'JSX.IntrinsicElements'.
src/icons/Fonts/general-sans/GeneralSansVariable.tsx(3273,5): error TS2339: Property 'hkern' does not exist on type 'JSX.IntrinsicElements'.
src/icons/Fonts/general-sans/GeneralSansVariable.tsx(3274,5): error TS2339: Property 'hkern' does not exist on type 'JSX.IntrinsicElements'.
src/icons/Fonts/general-sans/GeneralSansVariable.tsx(3275,5): error TS2339: Property 'hkern' does not exist on type 'JSX.IntrinsicElements'.
src/icons/Fonts/general-sans/GeneralSansVariable.tsx(3276,5): error TS2339: Property 'hkern' does not exist on type 'JSX.IntrinsicElements'.
src/icons/Fonts/general-sans/GeneralSansVariable.tsx(3277,5): error TS2339: Property 'hkern' does not exist on type 'JSX.IntrinsicElements'.
src/icons/Fonts/general-sans/GeneralSansVariable.tsx(3278,5): error TS2339: Property 'hkern' does not exist on type 'JSX.IntrinsicElements'.
src/icons/Fonts/general-sans/GeneralSansVariable.tsx(3279,5): error TS2339: Property 'hkern' does not exist on type 'JSX.IntrinsicElements'.
src/icons/Fonts/general-sans/GeneralSansVariable.tsx(3280,5): error TS2339: Property 'hkern' does not exist on type 'JSX.IntrinsicElements'.
src/icons/Fonts/general-sans/GeneralSansVariable.tsx(3281,5): error TS2339: Property 'hkern' does not exist on type 'JSX.IntrinsicElements'.
src/icons/Fonts/general-sans/GeneralSansVariable.tsx(3282,5): error TS2339: Property 'hkern' does not exist on type 'JSX.IntrinsicElements'.
src/icons/Fonts/general-sans/GeneralSansVariable.tsx(3283,5): error TS2339: Property 'hkern' does not exist on type 'JSX.IntrinsicElements'.
src/icons/Fonts/general-sans/GeneralSansVariable.tsx(3284,5): error TS2339: Property 'hkern' does not exist on type 'JSX.IntrinsicElements'.
src/icons/Fonts/general-sans/GeneralSansVariable.tsx(3285,5): error TS2339: Property 'hkern' does not exist on type 'JSX.IntrinsicElements'.
src/icons/Fonts/general-sans/GeneralSansVariable.tsx(3286,5): error TS2339: Property 'hkern' does not exist on type 'JSX.IntrinsicElements'.
src/icons/Fonts/general-sans/GeneralSansVariable.tsx(3287,5): error TS2339: Property 'hkern' does not exist on type 'JSX.IntrinsicElements'.
src/icons/Fonts/general-sans/GeneralSansVariable.tsx(3288,5): error TS2339: Property 'hkern' does not exist on type 'JSX.IntrinsicElements'.
src/icons/Fonts/general-sans/GeneralSansVariable.tsx(3289,5): error TS2339: Property 'hkern' does not exist on type 'JSX.IntrinsicElements'.
src/icons/Fonts/general-sans/GeneralSansVariable.tsx(3290,5): error TS2339: Property 'hkern' does not exist on type 'JSX.IntrinsicElements'.
src/icons/Fonts/general-sans/GeneralSansVariable.tsx(3291,5): error TS2339: Property 'hkern' does not exist on type 'JSX.IntrinsicElements'.
src/icons/Fonts/general-sans/GeneralSansVariable.tsx(3292,5): error TS2339: Property 'hkern' does not exist on type 'JSX.IntrinsicElements'.
src/icons/Fonts/general-sans/GeneralSansVariable.tsx(3293,5): error TS2339: Property 'hkern' does not exist on type 'JSX.IntrinsicElements'.
src/icons/Fonts/general-sans/GeneralSansVariable.tsx(3294,5): error TS2339: Property 'hkern' does not exist on type 'JSX.IntrinsicElements'.
src/icons/Fonts/general-sans/GeneralSansVariable.tsx(3295,5): error TS2339: Property 'hkern' does not exist on type 'JSX.IntrinsicElements'.
src/icons/Fonts/general-sans/GeneralSansVariable.tsx(3296,5): error TS2339: Property 'hkern' does not exist on type 'JSX.IntrinsicElements'.
src/icons/Fonts/general-sans/GeneralSansVariable.tsx(3297,5): error TS2339: Property 'hkern' does not exist on type 'JSX.IntrinsicElements'.
src/icons/Fonts/general-sans/GeneralSansVariable.tsx(3298,5): error TS2339: Property 'hkern' does not exist on type 'JSX.IntrinsicElements'.
src/icons/Fonts/general-sans/GeneralSansVariable.tsx(3299,5): error TS2339: Property 'hkern' does not exist on type 'JSX.IntrinsicElements'.
src/icons/Fonts/general-sans/GeneralSansVariable.tsx(3300,5): error TS2339: Property 'hkern' does not exist on type 'JSX.IntrinsicElements'.
src/icons/Fonts/general-sans/GeneralSansVariable.tsx(3301,5): error TS2339: Property 'hkern' does not exist on type 'JSX.IntrinsicElements'.
src/icons/Fonts/general-sans/GeneralSansVariable.tsx(3302,5): error TS2339: Property 'hkern' does not exist on type 'JSX.IntrinsicElements'.
src/icons/Fonts/general-sans/GeneralSansVariable.tsx(3303,5): error TS2339: Property 'hkern' does not exist on type 'JSX.IntrinsicElements'.
src/icons/Fonts/general-sans/GeneralSansVariable.tsx(3304,5): error TS2339: Property 'hkern' does not exist on type 'JSX.IntrinsicElements'.
src/icons/Fonts/general-sans/GeneralSansVariable.tsx(3305,5): error TS2339: Property 'hkern' does not exist on type 'JSX.IntrinsicElements'.
src/icons/Fonts/general-sans/GeneralSansVariable.tsx(3306,5): error TS2339: Property 'hkern' does not exist on type 'JSX.IntrinsicElements'.
src/icons/Fonts/general-sans/GeneralSansVariable.tsx(3307,5): error TS2339: Property 'hkern' does not exist on type 'JSX.IntrinsicElements'.
src/icons/Fonts/general-sans/GeneralSansVariable.tsx(3308,5): error TS2339: Property 'hkern' does not exist on type 'JSX.IntrinsicElements'.
src/icons/Fonts/general-sans/GeneralSansVariable.tsx(3309,5): error TS2339: Property 'hkern' does not exist on type 'JSX.IntrinsicElements'.
src/icons/Fonts/general-sans/GeneralSansVariable.tsx(3310,5): error TS2339: Property 'hkern' does not exist on type 'JSX.IntrinsicElements'.
src/icons/Fonts/general-sans/GeneralSansVariable.tsx(3311,5): error TS2339: Property 'hkern' does not exist on type 'JSX.IntrinsicElements'.
src/icons/Fonts/general-sans/GeneralSansVariable.tsx(3312,5): error TS2339: Property 'hkern' does not exist on type 'JSX.IntrinsicElements'.
src/icons/Fonts/general-sans/GeneralSansVariable.tsx(3313,5): error TS2339: Property 'hkern' does not exist on type 'JSX.IntrinsicElements'.
src/icons/Fonts/general-sans/GeneralSansVariable.tsx(3314,5): error TS2339: Property 'hkern' does not exist on type 'JSX.IntrinsicElements'.
src/icons/Fonts/general-sans/GeneralSansVariable.tsx(3315,5): error TS2339: Property 'hkern' does not exist on type 'JSX.IntrinsicElements'.
src/icons/Fonts/general-sans/GeneralSansVariable.tsx(3316,5): error TS2339: Property 'hkern' does not exist on type 'JSX.IntrinsicElements'.
src/icons/Fonts/general-sans/GeneralSansVariable.tsx(3317,5): error TS2339: Property 'hkern' does not exist on type 'JSX.IntrinsicElements'.
src/icons/Fonts/general-sans/GeneralSansVariable.tsx(3318,5): error TS2339: Property 'hkern' does not exist on type 'JSX.IntrinsicElements'.
src/icons/Fonts/general-sans/GeneralSansVariable.tsx(3319,5): error TS2339: Property 'hkern' does not exist on type 'JSX.IntrinsicElements'.
src/icons/Fonts/general-sans/GeneralSansVariable.tsx(3320,5): error TS2339: Property 'hkern' does not exist on type 'JSX.IntrinsicElements'.
src/icons/Fonts/general-sans/GeneralSansVariable.tsx(3321,5): error TS2339: Property 'hkern' does not exist on type 'JSX.IntrinsicElements'.
src/icons/Fonts/general-sans/GeneralSansVariable.tsx(3322,5): error TS2339: Property 'hkern' does not exist on type 'JSX.IntrinsicElements'.
src/icons/Fonts/general-sans/GeneralSansVariable.tsx(3323,5): error TS2339: Property 'hkern' does not exist on type 'JSX.IntrinsicElements'.
src/icons/Fonts/general-sans/GeneralSansVariable.tsx(3324,5): error TS2339: Property 'hkern' does not exist on type 'JSX.IntrinsicElements'.
src/icons/Fonts/general-sans/GeneralSansVariable.tsx(3325,5): error TS2339: Property 'hkern' does not exist on type 'JSX.IntrinsicElements'.
src/icons/Fonts/general-sans/GeneralSansVariable.tsx(3326,5): error TS2339: Property 'hkern' does not exist on type 'JSX.IntrinsicElements'.
src/icons/Fonts/general-sans/GeneralSansVariable.tsx(3327,5): error TS2339: Property 'hkern' does not exist on type 'JSX.IntrinsicElements'.
src/icons/Fonts/general-sans/GeneralSansVariable.tsx(3328,5): error TS2339: Property 'hkern' does not exist on type 'JSX.IntrinsicElements'.
src/icons/Fonts/general-sans/GeneralSansVariable.tsx(3329,5): error TS2339: Property 'hkern' does not exist on type 'JSX.IntrinsicElements'.
src/icons/Fonts/general-sans/GeneralSansVariable.tsx(3330,5): error TS2339: Property 'hkern' does not exist on type 'JSX.IntrinsicElements'.
src/icons/Fonts/general-sans/GeneralSansVariable.tsx(3331,5): error TS2339: Property 'hkern' does not exist on type 'JSX.IntrinsicElements'.
src/icons/Fonts/general-sans/GeneralSansVariable.tsx(3332,5): error TS2339: Property 'hkern' does not exist on type 'JSX.IntrinsicElements'.
src/icons/Fonts/general-sans/GeneralSansVariable.tsx(3333,5): error TS2339: Property 'hkern' does not exist on type 'JSX.IntrinsicElements'.
src/icons/Fonts/general-sans/GeneralSansVariable.tsx(3334,5): error TS2339: Property 'hkern' does not exist on type 'JSX.IntrinsicElements'.
src/icons/Fonts/general-sans/GeneralSansVariable.tsx(3335,5): error TS2339: Property 'hkern' does not exist on type 'JSX.IntrinsicElements'.
src/icons/Fonts/general-sans/GeneralSansVariable.tsx(3336,5): error TS2339: Property 'hkern' does not exist on type 'JSX.IntrinsicElements'.
src/icons/Fonts/general-sans/GeneralSansVariable.tsx(3337,5): error TS2339: Property 'hkern' does not exist on type 'JSX.IntrinsicElements'.
src/icons/Fonts/general-sans/GeneralSansVariable.tsx(3338,5): error TS2339: Property 'hkern' does not exist on type 'JSX.IntrinsicElements'.
src/icons/Fonts/general-sans/GeneralSansVariable.tsx(3339,5): error TS2339: Property 'hkern' does not exist on type 'JSX.IntrinsicElements'.
src/icons/Fonts/general-sans/GeneralSansVariable.tsx(3340,5): error TS2339: Property 'hkern' does not exist on type 'JSX.IntrinsicElements'.
src/icons/Fonts/general-sans/GeneralSansVariable.tsx(3341,5): error TS2339: Property 'hkern' does not exist on type 'JSX.IntrinsicElements'.
src/icons/Fonts/general-sans/GeneralSansVariable.tsx(3342,5): error TS2339: Property 'hkern' does not exist on type 'JSX.IntrinsicElements'.
src/icons/Fonts/general-sans/GeneralSansVariable.tsx(3343,5): error TS2339: Property 'hkern' does not exist on type 'JSX.IntrinsicElements'.
src/icons/Fonts/general-sans/GeneralSansVariable.tsx(3344,5): error TS2339: Property 'hkern' does not exist on type 'JSX.IntrinsicElements'.
src/icons/Fonts/general-sans/GeneralSansVariable.tsx(3345,5): error TS2339: Property 'hkern' does not exist on type 'JSX.IntrinsicElements'.
src/icons/Fonts/general-sans/GeneralSansVariable.tsx(3346,5): error TS2339: Property 'hkern' does not exist on type 'JSX.IntrinsicElements'.
src/icons/Fonts/general-sans/GeneralSansVariable.tsx(3347,5): error TS2339: Property 'hkern' does not exist on type 'JSX.IntrinsicElements'.
src/icons/Fonts/general-sans/GeneralSansVariable.tsx(3348,5): error TS2339: Property 'hkern' does not exist on type 'JSX.IntrinsicElements'.
src/icons/Fonts/general-sans/GeneralSansVariable.tsx(3349,5): error TS2339: Property 'hkern' does not exist on type 'JSX.IntrinsicElements'.
src/icons/Fonts/general-sans/GeneralSansVariable.tsx(3350,5): error TS2339: Property 'hkern' does not exist on type 'JSX.IntrinsicElements'.
src/icons/Fonts/general-sans/GeneralSansVariable.tsx(3351,5): error TS2339: Property 'hkern' does not exist on type 'JSX.IntrinsicElements'.
src/icons/Fonts/general-sans/GeneralSansVariable.tsx(3352,5): error TS2339: Property 'hkern' does not exist on type 'JSX.IntrinsicElements'.
src/icons/Fonts/general-sans/GeneralSansVariable.tsx(3353,5): error TS2339: Property 'hkern' does not exist on type 'JSX.IntrinsicElements'.
src/icons/Fonts/general-sans/GeneralSansVariable.tsx(3354,5): error TS2339: Property 'hkern' does not exist on type 'JSX.IntrinsicElements'.
src/icons/Fonts/general-sans/GeneralSansVariable.tsx(3355,5): error TS2339: Property 'hkern' does not exist on type 'JSX.IntrinsicElements'.
src/icons/Fonts/general-sans/GeneralSansVariable.tsx(3356,5): error TS2339: Property 'hkern' does not exist on type 'JSX.IntrinsicElements'.
src/icons/Fonts/general-sans/GeneralSansVariable.tsx(3357,5): error TS2339: Property 'hkern' does not exist on type 'JSX.IntrinsicElements'.
src/icons/Fonts/general-sans/GeneralSansVariable.tsx(3358,5): error TS2339: Property 'hkern' does not exist on type 'JSX.IntrinsicElements'.
src/icons/Fonts/general-sans/GeneralSansVariable.tsx(3359,5): error TS2339: Property 'hkern' does not exist on type 'JSX.IntrinsicElements'.
src/icons/Fonts/general-sans/GeneralSansVariable.tsx(3360,5): error TS2339: Property 'hkern' does not exist on type 'JSX.IntrinsicElements'.
src/icons/Fonts/general-sans/GeneralSansVariable.tsx(3361,5): error TS2339: Property 'hkern' does not exist on type 'JSX.IntrinsicElements'.
src/icons/Fonts/general-sans/GeneralSansVariable.tsx(3362,5): error TS2339: Property 'hkern' does not exist on type 'JSX.IntrinsicElements'.
src/icons/Fonts/general-sans/GeneralSansVariable.tsx(3363,5): error TS2339: Property 'hkern' does not exist on type 'JSX.IntrinsicElements'.
src/icons/Fonts/general-sans/GeneralSansVariable.tsx(3364,5): error TS2339: Property 'hkern' does not exist on type 'JSX.IntrinsicElements'.
src/icons/Fonts/general-sans/GeneralSansVariable.tsx(3365,5): error TS2339: Property 'hkern' does not exist on type 'JSX.IntrinsicElements'.
src/icons/Fonts/general-sans/GeneralSansVariable.tsx(3366,5): error TS2339: Property 'hkern' does not exist on type 'JSX.IntrinsicElements'.
src/icons/Fonts/general-sans/GeneralSansVariable.tsx(3367,5): error TS2339: Property 'hkern' does not exist on type 'JSX.IntrinsicElements'.
src/icons/Fonts/general-sans/GeneralSansVariable.tsx(3368,5): error TS2339: Property 'hkern' does not exist on type 'JSX.IntrinsicElements'.
src/icons/Fonts/general-sans/GeneralSansVariable.tsx(3369,5): error TS2339: Property 'hkern' does not exist on type 'JSX.IntrinsicElements'.
src/icons/Fonts/general-sans/GeneralSansVariable.tsx(3370,5): error TS2339: Property 'hkern' does not exist on type 'JSX.IntrinsicElements'.
src/icons/Fonts/general-sans/GeneralSansVariable.tsx(3371,5): error TS2339: Property 'hkern' does not exist on type 'JSX.IntrinsicElements'.
src/icons/Fonts/general-sans/GeneralSansVariable.tsx(3372,5): error TS2339: Property 'hkern' does not exist on type 'JSX.IntrinsicElements'.
src/icons/Fonts/general-sans/GeneralSansVariable.tsx(3373,5): error TS2339: Property 'hkern' does not exist on type 'JSX.IntrinsicElements'.
src/icons/Fonts/general-sans/GeneralSansVariable.tsx(3374,5): error TS2339: Property 'hkern' does not exist on type 'JSX.IntrinsicElements'.
src/icons/Fonts/general-sans/GeneralSansVariable.tsx(3375,5): error TS2339: Property 'hkern' does not exist on type 'JSX.IntrinsicElements'.
src/icons/Fonts/general-sans/GeneralSansVariable.tsx(3376,5): error TS2339: Property 'hkern' does not exist on type 'JSX.IntrinsicElements'.
src/icons/Fonts/general-sans/GeneralSansVariable.tsx(3377,5): error TS2339: Property 'hkern' does not exist on type 'JSX.IntrinsicElements'.
src/icons/Fonts/general-sans/GeneralSansVariable.tsx(3378,5): error TS2339: Property 'hkern' does not exist on type 'JSX.IntrinsicElements'.
src/icons/Fonts/general-sans/GeneralSansVariable.tsx(3379,5): error TS2339: Property 'hkern' does not exist on type 'JSX.IntrinsicElements'.
src/icons/Fonts/general-sans/GeneralSansVariable.tsx(3380,5): error TS2339: Property 'hkern' does not exist on type 'JSX.IntrinsicElements'.
src/icons/Fonts/general-sans/GeneralSansVariable.tsx(3381,5): error TS2339: Property 'hkern' does not exist on type 'JSX.IntrinsicElements'.
src/icons/Fonts/general-sans/GeneralSansVariable.tsx(3382,5): error TS2339: Property 'hkern' does not exist on type 'JSX.IntrinsicElements'.
src/icons/Fonts/general-sans/GeneralSansVariable.tsx(3383,5): error TS2339: Property 'hkern' does not exist on type 'JSX.IntrinsicElements'.
src/icons/Fonts/general-sans/GeneralSansVariable.tsx(3384,5): error TS2339: Property 'hkern' does not exist on type 'JSX.IntrinsicElements'.
src/icons/Fonts/general-sans/GeneralSansVariable.tsx(3385,5): error TS2339: Property 'hkern' does not exist on type 'JSX.IntrinsicElements'.
src/icons/Fonts/general-sans/GeneralSansVariable.tsx(3386,5): error TS2339: Property 'hkern' does not exist on type 'JSX.IntrinsicElements'.
src/icons/Fonts/general-sans/GeneralSansVariable.tsx(3387,5): error TS2339: Property 'hkern' does not exist on type 'JSX.IntrinsicElements'.
src/icons/Fonts/general-sans/GeneralSansVariable.tsx(3388,5): error TS2339: Property 'hkern' does not exist on type 'JSX.IntrinsicElements'.
src/icons/Fonts/general-sans/GeneralSansVariable.tsx(3389,5): error TS2339: Property 'hkern' does not exist on type 'JSX.IntrinsicElements'.
src/icons/Fonts/general-sans/GeneralSansVariable.tsx(3390,5): error TS2339: Property 'hkern' does not exist on type 'JSX.IntrinsicElements'.
src/icons/Fonts/general-sans/GeneralSansVariable.tsx(3391,5): error TS2339: Property 'hkern' does not exist on type 'JSX.IntrinsicElements'.
src/icons/Fonts/general-sans/GeneralSansVariable.tsx(3392,5): error TS2339: Property 'hkern' does not exist on type 'JSX.IntrinsicElements'.
src/icons/Fonts/general-sans/GeneralSansVariable.tsx(3393,5): error TS2339: Property 'hkern' does not exist on type 'JSX.IntrinsicElements'.
src/icons/Fonts/general-sans/GeneralSansVariable.tsx(3394,5): error TS2339: Property 'hkern' does not exist on type 'JSX.IntrinsicElements'.
src/icons/Fonts/general-sans/GeneralSansVariable.tsx(3395,5): error TS2339: Property 'hkern' does not exist on type 'JSX.IntrinsicElements'.
src/icons/Fonts/general-sans/GeneralSansVariable.tsx(3396,5): error TS2339: Property 'hkern' does not exist on type 'JSX.IntrinsicElements'.
src/icons/Fonts/general-sans/GeneralSansVariable.tsx(3397,5): error TS2339: Property 'hkern' does not exist on type 'JSX.IntrinsicElements'.
src/icons/Fonts/general-sans/GeneralSansVariable.tsx(3398,5): error TS2339: Property 'hkern' does not exist on type 'JSX.IntrinsicElements'.
src/icons/Fonts/general-sans/GeneralSansVariable.tsx(3399,5): error TS2339: Property 'hkern' does not exist on type 'JSX.IntrinsicElements'.
src/icons/Fonts/general-sans/GeneralSansVariable.tsx(3400,5): error TS2339: Property 'hkern' does not exist on type 'JSX.IntrinsicElements'.
src/icons/Fonts/general-sans/GeneralSansVariable.tsx(3401,5): error TS2339: Property 'hkern' does not exist on type 'JSX.IntrinsicElements'.
src/icons/Fonts/general-sans/GeneralSansVariable.tsx(3402,5): error TS2339: Property 'hkern' does not exist on type 'JSX.IntrinsicElements'.
src/icons/Fonts/general-sans/GeneralSansVariable.tsx(3403,5): error TS2339: Property 'hkern' does not exist on type 'JSX.IntrinsicElements'.
src/icons/Fonts/general-sans/GeneralSansVariable.tsx(3404,5): error TS2339: Property 'hkern' does not exist on type 'JSX.IntrinsicElements'.
src/icons/Fonts/general-sans/GeneralSansVariable.tsx(3405,5): error TS2339: Property 'hkern' does not exist on type 'JSX.IntrinsicElements'.
src/icons/Fonts/general-sans/GeneralSansVariable.tsx(3406,5): error TS2339: Property 'hkern' does not exist on type 'JSX.IntrinsicElements'.
src/icons/Fonts/general-sans/GeneralSansVariable.tsx(3407,5): error TS2339: Property 'hkern' does not exist on type 'JSX.IntrinsicElements'.
src/icons/Fonts/general-sans/GeneralSansVariable.tsx(3408,5): error TS2339: Property 'hkern' does not exist on type 'JSX.IntrinsicElements'.
src/icons/Fonts/general-sans/GeneralSansVariable.tsx(3409,5): error TS2339: Property 'hkern' does not exist on type 'JSX.IntrinsicElements'.
src/icons/Fonts/general-sans/GeneralSansVariable.tsx(3410,5): error TS2339: Property 'hkern' does not exist on type 'JSX.IntrinsicElements'.
src/icons/Fonts/general-sans/GeneralSansVariable.tsx(3411,5): error TS2339: Property 'hkern' does not exist on type 'JSX.IntrinsicElements'.
src/icons/Fonts/general-sans/GeneralSansVariable.tsx(3412,5): error TS2339: Property 'hkern' does not exist on type 'JSX.IntrinsicElements'.
src/icons/Fonts/general-sans/GeneralSansVariable.tsx(3413,5): error TS2339: Property 'hkern' does not exist on type 'JSX.IntrinsicElements'.
src/icons/Fonts/general-sans/GeneralSansVariable.tsx(3414,5): error TS2339: Property 'hkern' does not exist on type 'JSX.IntrinsicElements'.
src/icons/Fonts/general-sans/GeneralSansVariable.tsx(3415,5): error TS2339: Property 'hkern' does not exist on type 'JSX.IntrinsicElements'.
src/icons/Fonts/general-sans/GeneralSansVariable.tsx(3416,5): error TS2339: Property 'hkern' does not exist on type 'JSX.IntrinsicElements'.
src/icons/Fonts/general-sans/GeneralSansVariable.tsx(3417,5): error TS2339: Property 'hkern' does not exist on type 'JSX.IntrinsicElements'.
src/icons/Fonts/general-sans/GeneralSansVariable.tsx(3418,5): error TS2339: Property 'hkern' does not exist on type 'JSX.IntrinsicElements'.
src/icons/Fonts/general-sans/GeneralSansVariable.tsx(3419,5): error TS2339: Property 'hkern' does not exist on type 'JSX.IntrinsicElements'.
src/icons/Fonts/general-sans/GeneralSansVariable.tsx(3420,5): error TS2339: Property 'hkern' does not exist on type 'JSX.IntrinsicElements'.
src/icons/Fonts/general-sans/GeneralSansVariable.tsx(3421,5): error TS2339: Property 'hkern' does not exist on type 'JSX.IntrinsicElements'.
src/icons/Fonts/general-sans/GeneralSansVariable.tsx(3422,5): error TS2339: Property 'hkern' does not exist on type 'JSX.IntrinsicElements'.
src/icons/Fonts/general-sans/GeneralSansVariable.tsx(3423,5): error TS2339: Property 'hkern' does not exist on type 'JSX.IntrinsicElements'.
src/icons/Fonts/general-sans/GeneralSansVariable.tsx(3424,5): error TS2339: Property 'hkern' does not exist on type 'JSX.IntrinsicElements'.
src/icons/Fonts/general-sans/GeneralSansVariable.tsx(3425,5): error TS2339: Property 'hkern' does not exist on type 'JSX.IntrinsicElements'.
src/icons/Fonts/general-sans/GeneralSansVariable.tsx(3426,5): error TS2339: Property 'hkern' does not exist on type 'JSX.IntrinsicElements'.
src/icons/Fonts/general-sans/GeneralSansVariable.tsx(3427,5): error TS2339: Property 'hkern' does not exist on type 'JSX.IntrinsicElements'.
src/icons/Fonts/general-sans/GeneralSansVariable.tsx(3428,5): error TS2339: Property 'hkern' does not exist on type 'JSX.IntrinsicElements'.
src/icons/Fonts/general-sans/GeneralSansVariable.tsx(3429,5): error TS2339: Property 'hkern' does not exist on type 'JSX.IntrinsicElements'.
src/icons/Fonts/general-sans/GeneralSansVariable.tsx(3430,5): error TS2339: Property 'hkern' does not exist on type 'JSX.IntrinsicElements'.
src/icons/Fonts/general-sans/GeneralSansVariable.tsx(3431,5): error TS2339: Property 'hkern' does not exist on type 'JSX.IntrinsicElements'.
src/icons/Fonts/general-sans/GeneralSansVariable.tsx(3432,5): error TS2339: Property 'hkern' does not exist on type 'JSX.IntrinsicElements'.
src/icons/Fonts/general-sans/GeneralSansVariable.tsx(3433,5): error TS2339: Property 'hkern' does not exist on type 'JSX.IntrinsicElements'.
src/icons/Fonts/general-sans/GeneralSansVariable.tsx(3434,5): error TS2339: Property 'hkern' does not exist on type 'JSX.IntrinsicElements'.
src/icons/Fonts/general-sans/GeneralSansVariable.tsx(3435,5): error TS2339: Property 'hkern' does not exist on type 'JSX.IntrinsicElements'.
src/icons/Fonts/general-sans/GeneralSansVariable.tsx(3436,5): error TS2339: Property 'hkern' does not exist on type 'JSX.IntrinsicElements'.
src/icons/Fonts/general-sans/GeneralSansVariable.tsx(3437,5): error TS2339: Property 'hkern' does not exist on type 'JSX.IntrinsicElements'.
src/icons/Fonts/general-sans/GeneralSansVariable.tsx(3438,5): error TS2339: Property 'hkern' does not exist on type 'JSX.IntrinsicElements'.
src/icons/Fonts/general-sans/GeneralSansVariable.tsx(3439,5): error TS2339: Property 'hkern' does not exist on type 'JSX.IntrinsicElements'.
src/icons/Fonts/general-sans/GeneralSansVariable.tsx(3440,5): error TS2339: Property 'hkern' does not exist on type 'JSX.IntrinsicElements'.
src/icons/Fonts/general-sans/GeneralSansVariable.tsx(3441,5): error TS2339: Property 'hkern' does not exist on type 'JSX.IntrinsicElements'.
src/icons/Fonts/general-sans/GeneralSansVariable.tsx(3442,5): error TS2339: Property 'hkern' does not exist on type 'JSX.IntrinsicElements'.
src/icons/Fonts/general-sans/GeneralSansVariable.tsx(3443,5): error TS2339: Property 'hkern' does not exist on type 'JSX.IntrinsicElements'.
src/icons/Fonts/general-sans/GeneralSansVariable.tsx(3444,5): error TS2339: Property 'hkern' does not exist on type 'JSX.IntrinsicElements'.
src/icons/Fonts/general-sans/GeneralSansVariable.tsx(3445,5): error TS2339: Property 'hkern' does not exist on type 'JSX.IntrinsicElements'.
src/icons/Fonts/general-sans/GeneralSansVariable.tsx(3446,5): error TS2339: Property 'hkern' does not exist on type 'JSX.IntrinsicElements'.
src/icons/Fonts/general-sans/GeneralSansVariable.tsx(3447,5): error TS2339: Property 'hkern' does not exist on type 'JSX.IntrinsicElements'.
src/icons/Fonts/general-sans/GeneralSansVariable.tsx(3448,5): error TS2339: Property 'hkern' does not exist on type 'JSX.IntrinsicElements'.
src/icons/Fonts/general-sans/GeneralSansVariable.tsx(3449,5): error TS2339: Property 'hkern' does not exist on type 'JSX.IntrinsicElements'.
src/icons/Fonts/general-sans/GeneralSansVariable.tsx(3450,5): error TS2339: Property 'hkern' does not exist on type 'JSX.IntrinsicElements'.
src/icons/Fonts/general-sans/GeneralSansVariable.tsx(3451,5): error TS2339: Property 'hkern' does not exist on type 'JSX.IntrinsicElements'.
src/icons/Fonts/general-sans/GeneralSansVariable.tsx(3452,5): error TS2339: Property 'hkern' does not exist on type 'JSX.IntrinsicElements'.
src/icons/Fonts/general-sans/GeneralSansVariable.tsx(3453,5): error TS2339: Property 'hkern' does not exist on type 'JSX.IntrinsicElements'.
src/icons/Fonts/general-sans/GeneralSansVariable.tsx(3454,5): error TS2339: Property 'hkern' does not exist on type 'JSX.IntrinsicElements'.
src/icons/Fonts/general-sans/GeneralSansVariable.tsx(3455,5): error TS2339: Property 'hkern' does not exist on type 'JSX.IntrinsicElements'.
src/icons/Fonts/general-sans/GeneralSansVariable.tsx(3456,5): error TS2339: Property 'hkern' does not exist on type 'JSX.IntrinsicElements'.
src/icons/Fonts/general-sans/GeneralSansVariable.tsx(3457,5): error TS2339: Property 'hkern' does not exist on type 'JSX.IntrinsicElements'.
src/icons/Fonts/general-sans/GeneralSansVariable.tsx(3458,5): error TS2339: Property 'hkern' does not exist on type 'JSX.IntrinsicElements'.
src/icons/Fonts/general-sans/GeneralSansVariable.tsx(3459,5): error TS2339: Property 'hkern' does not exist on type 'JSX.IntrinsicElements'.
src/icons/Fonts/general-sans/GeneralSansVariable.tsx(3460,5): error TS2339: Property 'hkern' does not exist on type 'JSX.IntrinsicElements'.
src/icons/Fonts/general-sans/GeneralSansVariable.tsx(3461,5): error TS2339: Property 'hkern' does not exist on type 'JSX.IntrinsicElements'.
src/icons/Fonts/general-sans/GeneralSansVariable.tsx(3462,5): error TS2339: Property 'hkern' does not exist on type 'JSX.IntrinsicElements'.
src/icons/Fonts/general-sans/GeneralSansVariable.tsx(3463,5): error TS2339: Property 'hkern' does not exist on type 'JSX.IntrinsicElements'.
src/icons/Fonts/general-sans/GeneralSansVariable.tsx(3464,5): error TS2339: Property 'hkern' does not exist on type 'JSX.IntrinsicElements'.
src/icons/Fonts/general-sans/GeneralSansVariable.tsx(3465,5): error TS2339: Property 'hkern' does not exist on type 'JSX.IntrinsicElements'.
src/icons/Fonts/general-sans/GeneralSansVariable.tsx(3466,5): error TS2339: Property 'hkern' does not exist on type 'JSX.IntrinsicElements'.
src/icons/Fonts/general-sans/GeneralSansVariable.tsx(3467,5): error TS2339: Property 'hkern' does not exist on type 'JSX.IntrinsicElements'.
src/icons/Fonts/general-sans/GeneralSansVariable.tsx(3468,5): error TS2339: Property 'hkern' does not exist on type 'JSX.IntrinsicElements'.
src/icons/Fonts/general-sans/GeneralSansVariable.tsx(3469,5): error TS2339: Property 'hkern' does not exist on type 'JSX.IntrinsicElements'.
src/icons/Fonts/general-sans/GeneralSansVariable.tsx(3470,5): error TS2339: Property 'hkern' does not exist on type 'JSX.IntrinsicElements'.
src/icons/Fonts/general-sans/GeneralSansVariable.tsx(3471,5): error TS2339: Property 'hkern' does not exist on type 'JSX.IntrinsicElements'.
src/icons/Fonts/general-sans/GeneralSansVariable.tsx(3472,5): error TS2339: Property 'hkern' does not exist on type 'JSX.IntrinsicElements'.
src/icons/Fonts/general-sans/GeneralSansVariable.tsx(3473,5): error TS2339: Property 'hkern' does not exist on type 'JSX.IntrinsicElements'.
src/icons/Fonts/general-sans/GeneralSansVariable.tsx(3474,5): error TS2339: Property 'hkern' does not exist on type 'JSX.IntrinsicElements'.
src/icons/Fonts/general-sans/GeneralSansVariable.tsx(3475,5): error TS2339: Property 'hkern' does not exist on type 'JSX.IntrinsicElements'.
src/icons/Fonts/general-sans/GeneralSansVariable.tsx(3476,5): error TS2339: Property 'hkern' does not exist on type 'JSX.IntrinsicElements'.
src/icons/Fonts/general-sans/GeneralSansVariable.tsx(3477,5): error TS2339: Property 'hkern' does not exist on type 'JSX.IntrinsicElements'.
src/icons/Fonts/general-sans/GeneralSansVariable.tsx(3478,5): error TS2339: Property 'hkern' does not exist on type 'JSX.IntrinsicElements'.
src/icons/Fonts/general-sans/GeneralSansVariable.tsx(3479,5): error TS2339: Property 'hkern' does not exist on type 'JSX.IntrinsicElements'.
src/icons/Fonts/general-sans/GeneralSansVariable.tsx(3480,5): error TS2339: Property 'hkern' does not exist on type 'JSX.IntrinsicElements'.
src/icons/Fonts/general-sans/GeneralSansVariable.tsx(3481,5): error TS2339: Property 'hkern' does not exist on type 'JSX.IntrinsicElements'.
src/icons/Fonts/general-sans/GeneralSansVariable.tsx(3482,5): error TS2339: Property 'hkern' does not exist on type 'JSX.IntrinsicElements'.
src/icons/Fonts/general-sans/GeneralSansVariable.tsx(3483,5): error TS2339: Property 'hkern' does not exist on type 'JSX.IntrinsicElements'.
src/icons/Fonts/general-sans/GeneralSansVariable.tsx(3484,5): error TS2339: Property 'hkern' does not exist on type 'JSX.IntrinsicElements'.
src/icons/Fonts/general-sans/GeneralSansVariable.tsx(3485,5): error TS2339: Property 'hkern' does not exist on type 'JSX.IntrinsicElements'.
src/icons/Fonts/general-sans/GeneralSansVariable.tsx(3486,5): error TS2339: Property 'hkern' does not exist on type 'JSX.IntrinsicElements'.
src/icons/Fonts/general-sans/GeneralSansVariable.tsx(3487,5): error TS2339: Property 'hkern' does not exist on type 'JSX.IntrinsicElements'.
src/icons/Fonts/general-sans/GeneralSansVariable.tsx(3488,5): error TS2339: Property 'hkern' does not exist on type 'JSX.IntrinsicElements'.
src/icons/Fonts/general-sans/GeneralSansVariable.tsx(3489,5): error TS2339: Property 'hkern' does not exist on type 'JSX.IntrinsicElements'.
src/icons/Fonts/general-sans/GeneralSansVariable.tsx(3490,5): error TS2339: Property 'hkern' does not exist on type 'JSX.IntrinsicElements'.
src/icons/Fonts/general-sans/GeneralSansVariable.tsx(3491,5): error TS2339: Property 'hkern' does not exist on type 'JSX.IntrinsicElements'.
src/icons/Fonts/general-sans/GeneralSansVariable.tsx(3492,5): error TS2339: Property 'hkern' does not exist on type 'JSX.IntrinsicElements'.
src/icons/Fonts/general-sans/GeneralSansVariable.tsx(3493,5): error TS2339: Property 'hkern' does not exist on type 'JSX.IntrinsicElements'.
src/icons/Fonts/general-sans/GeneralSansVariable.tsx(3494,5): error TS2339: Property 'hkern' does not exist on type 'JSX.IntrinsicElements'.
src/icons/Fonts/general-sans/GeneralSansVariable.tsx(3495,5): error TS2339: Property 'hkern' does not exist on type 'JSX.IntrinsicElements'.
src/icons/Fonts/general-sans/GeneralSansVariable.tsx(3496,5): error TS2339: Property 'hkern' does not exist on type 'JSX.IntrinsicElements'.
src/icons/Fonts/general-sans/GeneralSansVariable.tsx(3497,5): error TS2339: Property 'hkern' does not exist on type 'JSX.IntrinsicElements'.
src/icons/Fonts/general-sans/GeneralSansVariable.tsx(3498,5): error TS2339: Property 'hkern' does not exist on type 'JSX.IntrinsicElements'.
src/icons/Fonts/general-sans/GeneralSansVariable.tsx(3499,5): error TS2339: Property 'hkern' does not exist on type 'JSX.IntrinsicElements'.
src/icons/Fonts/general-sans/GeneralSansVariable.tsx(3500,5): error TS2339: Property 'hkern' does not exist on type 'JSX.IntrinsicElements'.
src/icons/Fonts/general-sans/GeneralSansVariable.tsx(3501,5): error TS2339: Property 'hkern' does not exist on type 'JSX.IntrinsicElements'.
src/icons/Fonts/general-sans/GeneralSansVariable.tsx(3502,5): error TS2339: Property 'hkern' does not exist on type 'JSX.IntrinsicElements'.
src/icons/Fonts/general-sans/GeneralSansVariable.tsx(3503,5): error TS2339: Property 'hkern' does not exist on type 'JSX.IntrinsicElements'.
src/icons/Fonts/general-sans/GeneralSansVariable.tsx(3504,5): error TS2339: Property 'hkern' does not exist on type 'JSX.IntrinsicElements'.
src/icons/Fonts/general-sans/GeneralSansVariable.tsx(3505,5): error TS2339: Property 'hkern' does not exist on type 'JSX.IntrinsicElements'.
src/icons/Fonts/general-sans/GeneralSansVariable.tsx(3506,5): error TS2339: Property 'hkern' does not exist on type 'JSX.IntrinsicElements'.
src/icons/Fonts/general-sans/GeneralSansVariable.tsx(3507,5): error TS2339: Property 'hkern' does not exist on type 'JSX.IntrinsicElements'.
src/icons/Fonts/general-sans/GeneralSansVariable.tsx(3508,5): error TS2339: Property 'hkern' does not exist on type 'JSX.IntrinsicElements'.
src/icons/Fonts/general-sans/GeneralSansVariable.tsx(3509,5): error TS2339: Property 'hkern' does not exist on type 'JSX.IntrinsicElements'.
src/icons/Fonts/general-sans/GeneralSansVariable.tsx(3510,5): error TS2339: Property 'hkern' does not exist on type 'JSX.IntrinsicElements'.
src/icons/Fonts/general-sans/GeneralSansVariable.tsx(3511,5): error TS2339: Property 'hkern' does not exist on type 'JSX.IntrinsicElements'.
src/icons/Fonts/general-sans/GeneralSansVariable.tsx(3512,5): error TS2339: Property 'hkern' does not exist on type 'JSX.IntrinsicElements'.
src/icons/Fonts/general-sans/GeneralSansVariable.tsx(3513,5): error TS2339: Property 'hkern' does not exist on type 'JSX.IntrinsicElements'.
src/icons/Fonts/general-sans/GeneralSansVariable.tsx(3514,5): error TS2339: Property 'hkern' does not exist on type 'JSX.IntrinsicElements'.
src/icons/Fonts/general-sans/GeneralSansVariable.tsx(3515,5): error TS2339: Property 'hkern' does not exist on type 'JSX.IntrinsicElements'.
src/icons/Fonts/general-sans/GeneralSansVariable.tsx(3516,5): error TS2339: Property 'hkern' does not exist on type 'JSX.IntrinsicElements'.
src/icons/Fonts/general-sans/GeneralSansVariable.tsx(3517,5): error TS2339: Property 'hkern' does not exist on type 'JSX.IntrinsicElements'.
src/icons/Fonts/general-sans/GeneralSansVariable.tsx(3518,5): error TS2339: Property 'hkern' does not exist on type 'JSX.IntrinsicElements'.
src/icons/Fonts/general-sans/GeneralSansVariable.tsx(3519,5): error TS2339: Property 'hkern' does not exist on type 'JSX.IntrinsicElements'.
src/icons/Fonts/general-sans/GeneralSansVariable.tsx(3520,5): error TS2339: Property 'hkern' does not exist on type 'JSX.IntrinsicElements'.
src/icons/Fonts/general-sans/GeneralSansVariable.tsx(3521,5): error TS2339: Property 'hkern' does not exist on type 'JSX.IntrinsicElements'.
src/icons/Fonts/general-sans/GeneralSansVariable.tsx(3522,5): error TS2339: Property 'hkern' does not exist on type 'JSX.IntrinsicElements'.
src/icons/Fonts/general-sans/GeneralSansVariable.tsx(3523,5): error TS2339: Property 'hkern' does not exist on type 'JSX.IntrinsicElements'.
src/icons/Fonts/general-sans/GeneralSansVariable.tsx(3524,5): error TS2339: Property 'hkern' does not exist on type 'JSX.IntrinsicElements'.
src/icons/Fonts/general-sans/GeneralSansVariable.tsx(3525,5): error TS2339: Property 'hkern' does not exist on type 'JSX.IntrinsicElements'.
src/icons/Fonts/general-sans/GeneralSansVariable.tsx(3526,5): error TS2339: Property 'hkern' does not exist on type 'JSX.IntrinsicElements'.
src/icons/Fonts/general-sans/GeneralSansVariable.tsx(3527,5): error TS2339: Property 'hkern' does not exist on type 'JSX.IntrinsicElements'.
src/icons/Fonts/general-sans/GeneralSansVariable.tsx(3528,5): error TS2339: Property 'hkern' does not exist on type 'JSX.IntrinsicElements'.
src/icons/Fonts/general-sans/GeneralSansVariable.tsx(3529,5): error TS2339: Property 'hkern' does not exist on type 'JSX.IntrinsicElements'.
src/icons/Fonts/general-sans/GeneralSansVariable.tsx(3530,5): error TS2339: Property 'hkern' does not exist on type 'JSX.IntrinsicElements'.
src/icons/Fonts/general-sans/GeneralSansVariable.tsx(3531,5): error TS2339: Property 'hkern' does not exist on type 'JSX.IntrinsicElements'.
src/icons/Fonts/general-sans/GeneralSansVariable.tsx(3532,5): error TS2339: Property 'hkern' does not exist on type 'JSX.IntrinsicElements'.
src/icons/Fonts/general-sans/GeneralSansVariable.tsx(3533,5): error TS2339: Property 'hkern' does not exist on type 'JSX.IntrinsicElements'.
src/icons/Fonts/general-sans/GeneralSansVariable.tsx(3534,5): error TS2339: Property 'hkern' does not exist on type 'JSX.IntrinsicElements'.
src/icons/Fonts/general-sans/GeneralSansVariable.tsx(3535,5): error TS2339: Property 'hkern' does not exist on type 'JSX.IntrinsicElements'.
src/icons/Fonts/general-sans/GeneralSansVariable.tsx(3536,5): error TS2339: Property 'hkern' does not exist on type 'JSX.IntrinsicElements'.
src/icons/Fonts/general-sans/GeneralSansVariable.tsx(3537,5): error TS2339: Property 'hkern' does not exist on type 'JSX.IntrinsicElements'.
src/icons/Fonts/general-sans/GeneralSansVariable.tsx(3538,5): error TS2339: Property 'hkern' does not exist on type 'JSX.IntrinsicElements'.
src/icons/Fonts/general-sans/GeneralSansVariable.tsx(3539,5): error TS2339: Property 'hkern' does not exist on type 'JSX.IntrinsicElements'.
src/icons/Fonts/general-sans/GeneralSansVariable.tsx(3540,5): error TS2339: Property 'hkern' does not exist on type 'JSX.IntrinsicElements'.
src/icons/Fonts/general-sans/GeneralSansVariable.tsx(3541,5): error TS2339: Property 'hkern' does not exist on type 'JSX.IntrinsicElements'.
src/icons/Fonts/general-sans/GeneralSansVariable.tsx(3542,5): error TS2339: Property 'hkern' does not exist on type 'JSX.IntrinsicElements'.
src/icons/Fonts/general-sans/GeneralSansVariable.tsx(3543,5): error TS2339: Property 'hkern' does not exist on type 'JSX.IntrinsicElements'.
src/icons/Fonts/general-sans/GeneralSansVariable.tsx(3544,5): error TS2339: Property 'hkern' does not exist on type 'JSX.IntrinsicElements'.
src/icons/Fonts/general-sans/GeneralSansVariable.tsx(3545,5): error TS2339: Property 'hkern' does not exist on type 'JSX.IntrinsicElements'.
src/icons/Fonts/general-sans/GeneralSansVariable.tsx(3546,5): error TS2339: Property 'hkern' does not exist on type 'JSX.IntrinsicElements'.
src/icons/Fonts/general-sans/GeneralSansVariable.tsx(3547,5): error TS2339: Property 'hkern' does not exist on type 'JSX.IntrinsicElements'.
src/icons/Fonts/general-sans/GeneralSansVariable.tsx(3548,5): error TS2339: Property 'hkern' does not exist on type 'JSX.IntrinsicElements'.
src/icons/Fonts/general-sans/GeneralSansVariable.tsx(3549,5): error TS2339: Property 'hkern' does not exist on type 'JSX.IntrinsicElements'.
src/icons/Fonts/general-sans/GeneralSansVariable.tsx(3550,5): error TS2339: Property 'hkern' does not exist on type 'JSX.IntrinsicElements'.
src/icons/Fonts/general-sans/GeneralSansVariable.tsx(3551,5): error TS2339: Property 'hkern' does not exist on type 'JSX.IntrinsicElements'.
src/icons/Fonts/general-sans/GeneralSansVariable.tsx(3552,5): error TS2339: Property 'hkern' does not exist on type 'JSX.IntrinsicElements'.
src/icons/Fonts/general-sans/GeneralSansVariable.tsx(3553,5): error TS2339: Property 'hkern' does not exist on type 'JSX.IntrinsicElements'.
src/icons/Fonts/general-sans/GeneralSansVariable.tsx(3554,5): error TS2339: Property 'hkern' does not exist on type 'JSX.IntrinsicElements'.
src/icons/Fonts/general-sans/GeneralSansVariable.tsx(3555,5): error TS2339: Property 'hkern' does not exist on type 'JSX.IntrinsicElements'.
src/icons/Fonts/general-sans/GeneralSansVariable.tsx(3556,5): error TS2339: Property 'hkern' does not exist on type 'JSX.IntrinsicElements'.
src/icons/Fonts/general-sans/GeneralSansVariable.tsx(3557,5): error TS2339: Property 'hkern' does not exist on type 'JSX.IntrinsicElements'.
src/icons/Fonts/general-sans/GeneralSansVariable.tsx(3558,5): error TS2339: Property 'hkern' does not exist on type 'JSX.IntrinsicElements'.
src/icons/Fonts/general-sans/GeneralSansVariable.tsx(3559,5): error TS2339: Property 'hkern' does not exist on type 'JSX.IntrinsicElements'.
src/icons/Fonts/general-sans/GeneralSansVariable.tsx(3560,5): error TS2339: Property 'hkern' does not exist on type 'JSX.IntrinsicElements'.
src/icons/Fonts/general-sans/GeneralSansVariable.tsx(3561,5): error TS2339: Property 'hkern' does not exist on type 'JSX.IntrinsicElements'.
src/icons/Fonts/general-sans/GeneralSansVariable.tsx(3562,5): error TS2339: Property 'hkern' does not exist on type 'JSX.IntrinsicElements'.
src/icons/Fonts/general-sans/GeneralSansVariable.tsx(3563,5): error TS2339: Property 'hkern' does not exist on type 'JSX.IntrinsicElements'.
src/icons/Fonts/general-sans/GeneralSansVariable.tsx(3564,5): error TS2339: Property 'hkern' does not exist on type 'JSX.IntrinsicElements'.
src/icons/Fonts/general-sans/GeneralSansVariable.tsx(3565,5): error TS2339: Property 'hkern' does not exist on type 'JSX.IntrinsicElements'.
src/icons/Fonts/general-sans/GeneralSansVariable.tsx(3566,5): error TS2339: Property 'hkern' does not exist on type 'JSX.IntrinsicElements'.
src/icons/Fonts/general-sans/GeneralSansVariable.tsx(3567,5): error TS2339: Property 'hkern' does not exist on type 'JSX.IntrinsicElements'.
src/icons/Fonts/general-sans/GeneralSansVariable.tsx(3568,5): error TS2339: Property 'hkern' does not exist on type 'JSX.IntrinsicElements'.
src/icons/Fonts/general-sans/GeneralSansVariable.tsx(3569,5): error TS2339: Property 'hkern' does not exist on type 'JSX.IntrinsicElements'.
src/icons/Fonts/general-sans/GeneralSansVariable.tsx(3570,5): error TS2339: Property 'hkern' does not exist on type 'JSX.IntrinsicElements'.
src/icons/Fonts/general-sans/GeneralSansVariable.tsx(3571,5): error TS2339: Property 'hkern' does not exist on type 'JSX.IntrinsicElements'.
src/icons/Fonts/general-sans/GeneralSansVariable.tsx(3572,5): error TS2339: Property 'hkern' does not exist on type 'JSX.IntrinsicElements'.
src/icons/Fonts/general-sans/GeneralSansVariable.tsx(3573,5): error TS2339: Property 'hkern' does not exist on type 'JSX.IntrinsicElements'.
src/icons/Fonts/general-sans/GeneralSansVariable.tsx(3574,5): error TS2339: Property 'hkern' does not exist on type 'JSX.IntrinsicElements'.
src/icons/Fonts/general-sans/GeneralSansVariable.tsx(3575,5): error TS2339: Property 'hkern' does not exist on type 'JSX.IntrinsicElements'.
src/icons/Fonts/general-sans/GeneralSansVariable.tsx(3576,5): error TS2339: Property 'hkern' does not exist on type 'JSX.IntrinsicElements'.
src/icons/Fonts/general-sans/GeneralSansVariable.tsx(3577,5): error TS2339: Property 'hkern' does not exist on type 'JSX.IntrinsicElements'.
src/icons/Fonts/general-sans/GeneralSansVariable.tsx(3578,5): error TS2339: Property 'hkern' does not exist on type 'JSX.IntrinsicElements'.
src/icons/Fonts/general-sans/GeneralSansVariable.tsx(3579,5): error TS2339: Property 'hkern' does not exist on type 'JSX.IntrinsicElements'.
src/icons/Fonts/general-sans/GeneralSansVariable.tsx(3580,5): error TS2339: Property 'hkern' does not exist on type 'JSX.IntrinsicElements'.
src/icons/Fonts/general-sans/GeneralSansVariable.tsx(3581,5): error TS2339: Property 'hkern' does not exist on type 'JSX.IntrinsicElements'.
src/icons/Fonts/general-sans/GeneralSansVariable.tsx(3582,5): error TS2339: Property 'hkern' does not exist on type 'JSX.IntrinsicElements'.
src/icons/Fonts/general-sans/GeneralSansVariable.tsx(3583,5): error TS2339: Property 'hkern' does not exist on type 'JSX.IntrinsicElements'.
src/icons/Fonts/general-sans/GeneralSansVariable.tsx(3584,5): error TS2339: Property 'hkern' does not exist on type 'JSX.IntrinsicElements'.
src/icons/Fonts/general-sans/GeneralSansVariable.tsx(3585,5): error TS2339: Property 'hkern' does not exist on type 'JSX.IntrinsicElements'.
src/icons/Fonts/general-sans/GeneralSansVariable.tsx(3586,5): error TS2339: Property 'hkern' does not exist on type 'JSX.IntrinsicElements'.
src/icons/Fonts/general-sans/GeneralSansVariable.tsx(3587,5): error TS2339: Property 'hkern' does not exist on type 'JSX.IntrinsicElements'.
src/icons/Fonts/general-sans/GeneralSansVariable.tsx(3588,5): error TS2339: Property 'hkern' does not exist on type 'JSX.IntrinsicElements'.
src/icons/Fonts/general-sans/GeneralSansVariable.tsx(3589,5): error TS2339: Property 'hkern' does not exist on type 'JSX.IntrinsicElements'.
src/icons/Fonts/general-sans/GeneralSansVariable.tsx(3590,5): error TS2339: Property 'hkern' does not exist on type 'JSX.IntrinsicElements'.
src/icons/Fonts/general-sans/GeneralSansVariable.tsx(3591,5): error TS2339: Property 'hkern' does not exist on type 'JSX.IntrinsicElements'.
src/icons/Fonts/general-sans/GeneralSansVariable.tsx(3592,5): error TS2339: Property 'hkern' does not exist on type 'JSX.IntrinsicElements'.
src/icons/Fonts/general-sans/GeneralSansVariable.tsx(3593,5): error TS2339: Property 'hkern' does not exist on type 'JSX.IntrinsicElements'.
src/icons/Fonts/general-sans/GeneralSansVariable.tsx(3594,5): error TS2339: Property 'hkern' does not exist on type 'JSX.IntrinsicElements'.
src/icons/Fonts/general-sans/GeneralSansVariable.tsx(3595,5): error TS2339: Property 'hkern' does not exist on type 'JSX.IntrinsicElements'.
src/icons/Fonts/general-sans/GeneralSansVariable.tsx(3596,5): error TS2339: Property 'hkern' does not exist on type 'JSX.IntrinsicElements'.
src/icons/Fonts/general-sans/GeneralSansVariable.tsx(3597,5): error TS2339: Property 'hkern' does not exist on type 'JSX.IntrinsicElements'.
src/icons/Fonts/general-sans/GeneralSansVariable.tsx(3598,5): error TS2339: Property 'hkern' does not exist on type 'JSX.IntrinsicElements'.
src/icons/Fonts/general-sans/GeneralSansVariable.tsx(3599,5): error TS2339: Property 'hkern' does not exist on type 'JSX.IntrinsicElements'.
src/icons/Fonts/general-sans/GeneralSansVariable.tsx(3600,5): error TS2339: Property 'hkern' does not exist on type 'JSX.IntrinsicElements'.
src/icons/Fonts/general-sans/GeneralSansVariable.tsx(3601,5): error TS2339: Property 'hkern' does not exist on type 'JSX.IntrinsicElements'.
src/icons/Fonts/general-sans/GeneralSansVariable.tsx(3602,5): error TS2339: Property 'hkern' does not exist on type 'JSX.IntrinsicElements'.
src/icons/Fonts/general-sans/GeneralSansVariable.tsx(3603,5): error TS2339: Property 'hkern' does not exist on type 'JSX.IntrinsicElements'.
src/icons/Fonts/general-sans/GeneralSansVariable.tsx(3604,5): error TS2339: Property 'hkern' does not exist on type 'JSX.IntrinsicElements'.
src/icons/Fonts/general-sans/GeneralSansVariable.tsx(3605,5): error TS2339: Property 'hkern' does not exist on type 'JSX.IntrinsicElements'.
src/icons/Fonts/general-sans/GeneralSansVariable.tsx(3606,5): error TS2339: Property 'hkern' does not exist on type 'JSX.IntrinsicElements'.
src/icons/Fonts/general-sans/GeneralSansVariable.tsx(3607,5): error TS2339: Property 'hkern' does not exist on type 'JSX.IntrinsicElements'.
src/icons/Fonts/general-sans/GeneralSansVariable.tsx(3608,5): error TS2339: Property 'hkern' does not exist on type 'JSX.IntrinsicElements'.
src/icons/Fonts/general-sans/GeneralSansVariable.tsx(3609,5): error TS2339: Property 'hkern' does not exist on type 'JSX.IntrinsicElements'.
src/icons/Fonts/general-sans/GeneralSansVariable.tsx(3610,5): error TS2339: Property 'hkern' does not exist on type 'JSX.IntrinsicElements'.
src/icons/Fonts/general-sans/GeneralSansVariable.tsx(3611,5): error TS2339: Property 'hkern' does not exist on type 'JSX.IntrinsicElements'.
src/icons/Fonts/general-sans/GeneralSansVariable.tsx(3612,5): error TS2339: Property 'hkern' does not exist on type 'JSX.IntrinsicElements'.
src/icons/Fonts/general-sans/GeneralSansVariable.tsx(3613,5): error TS2339: Property 'hkern' does not exist on type 'JSX.IntrinsicElements'.
src/icons/Fonts/general-sans/GeneralSansVariable.tsx(3614,5): error TS2339: Property 'hkern' does not exist on type 'JSX.IntrinsicElements'.
src/icons/Fonts/general-sans/GeneralSansVariable.tsx(3615,5): error TS2339: Property 'hkern' does not exist on type 'JSX.IntrinsicElements'.
src/icons/Fonts/general-sans/GeneralSansVariable.tsx(3616,5): error TS2339: Property 'hkern' does not exist on type 'JSX.IntrinsicElements'.
src/icons/Fonts/general-sans/GeneralSansVariable.tsx(3617,5): error TS2339: Property 'hkern' does not exist on type 'JSX.IntrinsicElements'.
src/icons/Fonts/general-sans/GeneralSansVariable.tsx(3618,5): error TS2339: Property 'hkern' does not exist on type 'JSX.IntrinsicElements'.
src/icons/Fonts/general-sans/GeneralSansVariable.tsx(3619,5): error TS2339: Property 'hkern' does not exist on type 'JSX.IntrinsicElements'.
src/icons/Fonts/general-sans/GeneralSansVariable.tsx(3620,5): error TS2339: Property 'hkern' does not exist on type 'JSX.IntrinsicElements'.
src/icons/Fonts/general-sans/GeneralSansVariable.tsx(3621,5): error TS2339: Property 'hkern' does not exist on type 'JSX.IntrinsicElements'.
src/icons/Fonts/general-sans/GeneralSansVariable.tsx(3622,5): error TS2339: Property 'hkern' does not exist on type 'JSX.IntrinsicElements'.
src/icons/Fonts/general-sans/GeneralSansVariable.tsx(3623,5): error TS2339: Property 'hkern' does not exist on type 'JSX.IntrinsicElements'.
src/icons/Fonts/general-sans/GeneralSansVariable.tsx(3624,5): error TS2339: Property 'hkern' does not exist on type 'JSX.IntrinsicElements'.
src/icons/Fonts/general-sans/GeneralSansVariable.tsx(3625,5): error TS2339: Property 'hkern' does not exist on type 'JSX.IntrinsicElements'.
src/icons/Fonts/general-sans/GeneralSansVariable.tsx(3626,5): error TS2339: Property 'hkern' does not exist on type 'JSX.IntrinsicElements'.
src/icons/Fonts/general-sans/GeneralSansVariable.tsx(3627,5): error TS2339: Property 'hkern' does not exist on type 'JSX.IntrinsicElements'.
src/icons/Fonts/general-sans/GeneralSansVariable.tsx(3628,5): error TS2339: Property 'hkern' does not exist on type 'JSX.IntrinsicElements'.
src/icons/Fonts/general-sans/GeneralSansVariable.tsx(3629,5): error TS2339: Property 'hkern' does not exist on type 'JSX.IntrinsicElements'.
src/icons/Fonts/general-sans/GeneralSansVariable.tsx(3630,5): error TS2339: Property 'hkern' does not exist on type 'JSX.IntrinsicElements'.
src/icons/Fonts/general-sans/GeneralSansVariable.tsx(3631,5): error TS2339: Property 'hkern' does not exist on type 'JSX.IntrinsicElements'.
src/icons/Fonts/general-sans/GeneralSansVariable.tsx(3632,5): error TS2339: Property 'hkern' does not exist on type 'JSX.IntrinsicElements'.
src/icons/Fonts/general-sans/GeneralSansVariable.tsx(3633,5): error TS2339: Property 'hkern' does not exist on type 'JSX.IntrinsicElements'.
src/icons/Fonts/general-sans/GeneralSansVariable.tsx(3634,5): error TS2339: Property 'hkern' does not exist on type 'JSX.IntrinsicElements'.
src/icons/Fonts/general-sans/GeneralSansVariable.tsx(3635,5): error TS2339: Property 'hkern' does not exist on type 'JSX.IntrinsicElements'.
src/icons/Fonts/general-sans/GeneralSansVariable.tsx(3636,5): error TS2339: Property 'hkern' does not exist on type 'JSX.IntrinsicElements'.
src/icons/Fonts/general-sans/GeneralSansVariable.tsx(3637,5): error TS2339: Property 'hkern' does not exist on type 'JSX.IntrinsicElements'.
src/icons/Fonts/general-sans/GeneralSansVariable.tsx(3638,5): error TS2339: Property 'hkern' does not exist on type 'JSX.IntrinsicElements'.
src/icons/Fonts/general-sans/GeneralSansVariable.tsx(3639,5): error TS2339: Property 'hkern' does not exist on type 'JSX.IntrinsicElements'.
src/icons/Fonts/general-sans/GeneralSansVariable.tsx(3640,5): error TS2339: Property 'hkern' does not exist on type 'JSX.IntrinsicElements'.
src/icons/Fonts/general-sans/GeneralSansVariable.tsx(3641,5): error TS2339: Property 'hkern' does not exist on type 'JSX.IntrinsicElements'.
src/icons/Fonts/general-sans/GeneralSansVariable.tsx(3642,5): error TS2339: Property 'hkern' does not exist on type 'JSX.IntrinsicElements'.
src/icons/Fonts/general-sans/GeneralSansVariable.tsx(3643,5): error TS2339: Property 'hkern' does not exist on type 'JSX.IntrinsicElements'.
src/icons/Fonts/general-sans/GeneralSansVariable.tsx(3644,5): error TS2339: Property 'hkern' does not exist on type 'JSX.IntrinsicElements'.
src/icons/Fonts/general-sans/GeneralSansVariable.tsx(3645,5): error TS2339: Property 'hkern' does not exist on type 'JSX.IntrinsicElements'.
src/icons/Fonts/general-sans/GeneralSansVariable.tsx(3646,5): error TS2339: Property 'hkern' does not exist on type 'JSX.IntrinsicElements'.
src/icons/Fonts/general-sans/GeneralSansVariable.tsx(3647,5): error TS2339: Property 'hkern' does not exist on type 'JSX.IntrinsicElements'.
src/icons/Fonts/general-sans/GeneralSansVariable.tsx(3648,5): error TS2339: Property 'hkern' does not exist on type 'JSX.IntrinsicElements'.
src/icons/Fonts/general-sans/GeneralSansVariable.tsx(3649,5): error TS2339: Property 'hkern' does not exist on type 'JSX.IntrinsicElements'.
src/icons/Fonts/general-sans/GeneralSansVariable.tsx(3650,5): error TS2339: Property 'hkern' does not exist on type 'JSX.IntrinsicElements'.
src/icons/Fonts/general-sans/GeneralSansVariable.tsx(3651,5): error TS2339: Property 'hkern' does not exist on type 'JSX.IntrinsicElements'.
src/icons/Fonts/general-sans/GeneralSansVariable.tsx(3652,5): error TS2339: Property 'hkern' does not exist on type 'JSX.IntrinsicElements'.
src/icons/Fonts/general-sans/GeneralSansVariable.tsx(3653,5): error TS2339: Property 'hkern' does not exist on type 'JSX.IntrinsicElements'.
src/icons/Fonts/general-sans/GeneralSansVariable.tsx(3654,5): error TS2339: Property 'hkern' does not exist on type 'JSX.IntrinsicElements'.
src/icons/Fonts/general-sans/GeneralSansVariable.tsx(3655,5): error TS2339: Property 'hkern' does not exist on type 'JSX.IntrinsicElements'.
src/icons/Fonts/general-sans/GeneralSansVariable.tsx(3656,5): error TS2339: Property 'hkern' does not exist on type 'JSX.IntrinsicElements'.
src/icons/Fonts/general-sans/GeneralSansVariable.tsx(3657,5): error TS2339: Property 'hkern' does not exist on type 'JSX.IntrinsicElements'.
src/icons/Fonts/general-sans/GeneralSansVariable.tsx(3658,5): error TS2339: Property 'hkern' does not exist on type 'JSX.IntrinsicElements'.
src/icons/Fonts/general-sans/GeneralSansVariable.tsx(3659,5): error TS2339: Property 'hkern' does not exist on type 'JSX.IntrinsicElements'.
src/icons/Fonts/general-sans/GeneralSansVariable.tsx(3660,5): error TS2339: Property 'hkern' does not exist on type 'JSX.IntrinsicElements'.
src/icons/Fonts/general-sans/GeneralSansVariable.tsx(3661,5): error TS2339: Property 'hkern' does not exist on type 'JSX.IntrinsicElements'.
src/icons/Fonts/general-sans/GeneralSansVariable.tsx(3662,5): error TS2339: Property 'hkern' does not exist on type 'JSX.IntrinsicElements'.
src/icons/Fonts/general-sans/GeneralSansVariable.tsx(3663,5): error TS2339: Property 'hkern' does not exist on type 'JSX.IntrinsicElements'.
src/icons/Fonts/general-sans/GeneralSansVariable.tsx(3664,5): error TS2339: Property 'hkern' does not exist on type 'JSX.IntrinsicElements'.
src/icons/Fonts/general-sans/GeneralSansVariable.tsx(3665,5): error TS2339: Property 'hkern' does not exist on type 'JSX.IntrinsicElements'.
src/icons/Fonts/general-sans/GeneralSansVariable.tsx(3666,5): error TS2339: Property 'hkern' does not exist on type 'JSX.IntrinsicElements'.
src/icons/Fonts/general-sans/GeneralSansVariable.tsx(3667,5): error TS2339: Property 'hkern' does not exist on type 'JSX.IntrinsicElements'.
src/icons/Fonts/general-sans/GeneralSansVariable.tsx(3668,5): error TS2339: Property 'hkern' does not exist on type 'JSX.IntrinsicElements'.
src/icons/Fonts/general-sans/GeneralSansVariable.tsx(3669,5): error TS2339: Property 'hkern' does not exist on type 'JSX.IntrinsicElements'.
src/icons/Fonts/general-sans/GeneralSansVariable.tsx(3670,5): error TS2339: Property 'hkern' does not exist on type 'JSX.IntrinsicElements'.
src/icons/Fonts/general-sans/GeneralSansVariable.tsx(3671,5): error TS2339: Property 'hkern' does not exist on type 'JSX.IntrinsicElements'.
src/icons/Fonts/general-sans/GeneralSansVariable.tsx(3672,5): error TS2339: Property 'hkern' does not exist on type 'JSX.IntrinsicElements'.
src/icons/Fonts/general-sans/GeneralSansVariable.tsx(3673,5): error TS2339: Property 'hkern' does not exist on type 'JSX.IntrinsicElements'.
src/icons/Fonts/general-sans/GeneralSansVariable.tsx(3674,5): error TS2339: Property 'hkern' does not exist on type 'JSX.IntrinsicElements'.
src/icons/Fonts/general-sans/GeneralSansVariable.tsx(3675,5): error TS2339: Property 'hkern' does not exist on type 'JSX.IntrinsicElements'.
src/icons/Fonts/general-sans/GeneralSansVariable.tsx(3676,5): error TS2339: Property 'hkern' does not exist on type 'JSX.IntrinsicElements'.
src/icons/Fonts/general-sans/GeneralSansVariable.tsx(3677,5): error TS2339: Property 'hkern' does not exist on type 'JSX.IntrinsicElements'.
src/icons/Fonts/general-sans/GeneralSansVariable.tsx(3678,5): error TS2339: Property 'hkern' does not exist on type 'JSX.IntrinsicElements'.
src/icons/Fonts/general-sans/GeneralSansVariable.tsx(3679,5): error TS2339: Property 'hkern' does not exist on type 'JSX.IntrinsicElements'.
src/icons/Fonts/general-sans/GeneralSansVariable.tsx(3680,5): error TS2339: Property 'hkern' does not exist on type 'JSX.IntrinsicElements'.
src/icons/Fonts/general-sans/GeneralSansVariable.tsx(3681,5): error TS2339: Property 'hkern' does not exist on type 'JSX.IntrinsicElements'.
src/icons/Fonts/general-sans/GeneralSansVariable.tsx(3682,5): error TS2339: Property 'hkern' does not exist on type 'JSX.IntrinsicElements'.
src/icons/Fonts/general-sans/GeneralSansVariable.tsx(3683,5): error TS2339: Property 'hkern' does not exist on type 'JSX.IntrinsicElements'.
src/icons/Fonts/general-sans/GeneralSansVariable.tsx(3684,5): error TS2339: Property 'hkern' does not exist on type 'JSX.IntrinsicElements'.
src/icons/Fonts/general-sans/GeneralSansVariable.tsx(3685,5): error TS2339: Property 'hkern' does not exist on type 'JSX.IntrinsicElements'.
src/icons/Fonts/general-sans/GeneralSansVariable.tsx(3686,5): error TS2339: Property 'hkern' does not exist on type 'JSX.IntrinsicElements'.
src/icons/Fonts/general-sans/GeneralSansVariable.tsx(3687,5): error TS2339: Property 'hkern' does not exist on type 'JSX.IntrinsicElements'.
src/icons/Fonts/general-sans/GeneralSansVariable.tsx(3688,5): error TS2339: Property 'hkern' does not exist on type 'JSX.IntrinsicElements'.
src/icons/Fonts/general-sans/GeneralSansVariable.tsx(3689,5): error TS2339: Property 'hkern' does not exist on type 'JSX.IntrinsicElements'.
src/icons/Fonts/general-sans/GeneralSansVariable.tsx(3690,5): error TS2339: Property 'hkern' does not exist on type 'JSX.IntrinsicElements'.
src/icons/Fonts/general-sans/GeneralSansVariable.tsx(3691,5): error TS2339: Property 'hkern' does not exist on type 'JSX.IntrinsicElements'.
src/icons/Fonts/general-sans/GeneralSansVariable.tsx(3692,5): error TS2339: Property 'hkern' does not exist on type 'JSX.IntrinsicElements'.
src/icons/Fonts/general-sans/GeneralSansVariable.tsx(3693,5): error TS2339: Property 'hkern' does not exist on type 'JSX.IntrinsicElements'.
src/icons/Fonts/general-sans/GeneralSansVariable.tsx(3694,5): error TS2339: Property 'hkern' does not exist on type 'JSX.IntrinsicElements'.
src/icons/Fonts/general-sans/GeneralSansVariable.tsx(3695,5): error TS2339: Property 'hkern' does not exist on type 'JSX.IntrinsicElements'.
src/icons/Fonts/general-sans/GeneralSansVariable.tsx(3696,5): error TS2339: Property 'hkern' does not exist on type 'JSX.IntrinsicElements'.
src/icons/Fonts/general-sans/GeneralSansVariable.tsx(3697,5): error TS2339: Property 'hkern' does not exist on type 'JSX.IntrinsicElements'.
src/icons/Fonts/general-sans/GeneralSansVariable.tsx(3698,5): error TS2339: Property 'hkern' does not exist on type 'JSX.IntrinsicElements'.
src/icons/Fonts/general-sans/GeneralSansVariable.tsx(3699,5): error TS2339: Property 'hkern' does not exist on type 'JSX.IntrinsicElements'.
src/icons/Fonts/general-sans/GeneralSansVariable.tsx(3700,5): error TS2339: Property 'hkern' does not exist on type 'JSX.IntrinsicElements'.
src/icons/Fonts/general-sans/GeneralSansVariable.tsx(3701,5): error TS2339: Property 'hkern' does not exist on type 'JSX.IntrinsicElements'.
src/icons/Fonts/general-sans/GeneralSansVariable.tsx(3702,5): error TS2339: Property 'hkern' does not exist on type 'JSX.IntrinsicElements'.
src/icons/Fonts/general-sans/GeneralSansVariable.tsx(3703,5): error TS2339: Property 'hkern' does not exist on type 'JSX.IntrinsicElements'.
src/icons/Fonts/general-sans/GeneralSansVariable.tsx(3704,5): error TS2339: Property 'hkern' does not exist on type 'JSX.IntrinsicElements'.
src/icons/Fonts/general-sans/GeneralSansVariable.tsx(3705,5): error TS2339: Property 'hkern' does not exist on type 'JSX.IntrinsicElements'.
src/icons/Fonts/general-sans/GeneralSansVariable.tsx(3706,5): error TS2339: Property 'hkern' does not exist on type 'JSX.IntrinsicElements'.
src/icons/Fonts/general-sans/GeneralSansVariable.tsx(3707,5): error TS2339: Property 'hkern' does not exist on type 'JSX.IntrinsicElements'.
src/icons/Fonts/general-sans/GeneralSansVariable.tsx(3708,5): error TS2339: Property 'hkern' does not exist on type 'JSX.IntrinsicElements'.
src/icons/Fonts/general-sans/GeneralSansVariable.tsx(3709,5): error TS2339: Property 'hkern' does not exist on type 'JSX.IntrinsicElements'.
src/icons/Fonts/general-sans/GeneralSansVariable.tsx(3710,5): error TS2339: Property 'hkern' does not exist on type 'JSX.IntrinsicElements'.
src/icons/Fonts/general-sans/GeneralSansVariable.tsx(3711,5): error TS2339: Property 'hkern' does not exist on type 'JSX.IntrinsicElements'.
src/icons/Fonts/general-sans/GeneralSansVariable.tsx(3712,5): error TS2339: Property 'hkern' does not exist on type 'JSX.IntrinsicElements'.
src/icons/Fonts/general-sans/GeneralSansVariable.tsx(3713,5): error TS2339: Property 'hkern' does not exist on type 'JSX.IntrinsicElements'.
src/icons/Fonts/general-sans/GeneralSansVariable.tsx(3714,5): error TS2339: Property 'hkern' does not exist on type 'JSX.IntrinsicElements'.
src/icons/Fonts/general-sans/GeneralSansVariable.tsx(3715,5): error TS2339: Property 'hkern' does not exist on type 'JSX.IntrinsicElements'.
src/icons/Fonts/general-sans/GeneralSansVariable.tsx(3716,5): error TS2339: Property 'hkern' does not exist on type 'JSX.IntrinsicElements'.
src/icons/Fonts/general-sans/GeneralSansVariable.tsx(3717,5): error TS2339: Property 'hkern' does not exist on type 'JSX.IntrinsicElements'.
src/icons/Fonts/general-sans/GeneralSansVariable.tsx(3718,5): error TS2339: Property 'hkern' does not exist on type 'JSX.IntrinsicElements'.
src/icons/Fonts/general-sans/GeneralSansVariable.tsx(3719,5): error TS2339: Property 'hkern' does not exist on type 'JSX.IntrinsicElements'.
src/icons/Fonts/general-sans/GeneralSansVariable.tsx(3720,5): error TS2339: Property 'hkern' does not exist on type 'JSX.IntrinsicElements'.
src/icons/Fonts/general-sans/GeneralSansVariable.tsx(3721,5): error TS2339: Property 'hkern' does not exist on type 'JSX.IntrinsicElements'.
src/icons/Fonts/general-sans/GeneralSansVariable.tsx(3722,5): error TS2339: Property 'hkern' does not exist on type 'JSX.IntrinsicElements'.
src/icons/Fonts/general-sans/GeneralSansVariable.tsx(3723,5): error TS2339: Property 'hkern' does not exist on type 'JSX.IntrinsicElements'.
src/icons/Fonts/general-sans/GeneralSansVariable.tsx(3724,5): error TS2339: Property 'hkern' does not exist on type 'JSX.IntrinsicElements'.
src/icons/Fonts/general-sans/GeneralSansVariable.tsx(3725,5): error TS2339: Property 'hkern' does not exist on type 'JSX.IntrinsicElements'.
src/icons/Fonts/general-sans/GeneralSansVariable.tsx(3726,5): error TS2339: Property 'hkern' does not exist on type 'JSX.IntrinsicElements'.
src/icons/Fonts/general-sans/GeneralSansVariable.tsx(3727,5): error TS2339: Property 'hkern' does not exist on type 'JSX.IntrinsicElements'.
src/icons/Fonts/general-sans/GeneralSansVariable.tsx(3728,5): error TS2339: Property 'hkern' does not exist on type 'JSX.IntrinsicElements'.
src/icons/Fonts/general-sans/GeneralSansVariable.tsx(3729,5): error TS2339: Property 'hkern' does not exist on type 'JSX.IntrinsicElements'.
src/icons/Fonts/general-sans/GeneralSansVariable.tsx(3730,5): error TS2339: Property 'hkern' does not exist on type 'JSX.IntrinsicElements'.
src/icons/Fonts/general-sans/GeneralSansVariable.tsx(3731,5): error TS2339: Property 'hkern' does not exist on type 'JSX.IntrinsicElements'.
src/icons/Fonts/general-sans/GeneralSansVariable.tsx(3732,5): error TS2339: Property 'hkern' does not exist on type 'JSX.IntrinsicElements'.
src/icons/Fonts/general-sans/GeneralSansVariable.tsx(3733,5): error TS2339: Property 'hkern' does not exist on type 'JSX.IntrinsicElements'.
src/icons/Fonts/general-sans/GeneralSansVariable.tsx(3734,5): error TS2339: Property 'hkern' does not exist on type 'JSX.IntrinsicElements'.
src/icons/Fonts/general-sans/GeneralSansVariable.tsx(3735,5): error TS2339: Property 'hkern' does not exist on type 'JSX.IntrinsicElements'.
src/icons/Fonts/general-sans/GeneralSansVariable.tsx(3736,5): error TS2339: Property 'hkern' does not exist on type 'JSX.IntrinsicElements'.
src/icons/Fonts/general-sans/GeneralSansVariable.tsx(3737,5): error TS2339: Property 'hkern' does not exist on type 'JSX.IntrinsicElements'.
src/icons/Fonts/general-sans/GeneralSansVariable.tsx(3738,5): error TS2339: Property 'hkern' does not exist on type 'JSX.IntrinsicElements'.
src/icons/Fonts/general-sans/GeneralSansVariable.tsx(3739,5): error TS2339: Property 'hkern' does not exist on type 'JSX.IntrinsicElements'.
src/icons/Fonts/general-sans/GeneralSansVariable.tsx(3740,5): error TS2339: Property 'hkern' does not exist on type 'JSX.IntrinsicElements'.
src/icons/Fonts/general-sans/GeneralSansVariable.tsx(3741,5): error TS2339: Property 'hkern' does not exist on type 'JSX.IntrinsicElements'.
src/icons/Fonts/general-sans/GeneralSansVariable.tsx(3742,5): error TS2339: Property 'hkern' does not exist on type 'JSX.IntrinsicElements'.
src/icons/Fonts/general-sans/GeneralSansVariable.tsx(3743,5): error TS2339: Property 'hkern' does not exist on type 'JSX.IntrinsicElements'.
src/icons/Fonts/general-sans/GeneralSansVariable.tsx(3744,5): error TS2339: Property 'hkern' does not exist on type 'JSX.IntrinsicElements'.
src/icons/Fonts/general-sans/GeneralSansVariable.tsx(3745,5): error TS2339: Property 'hkern' does not exist on type 'JSX.IntrinsicElements'.
src/icons/Fonts/general-sans/GeneralSansVariable.tsx(3746,5): error TS2339: Property 'hkern' does not exist on type 'JSX.IntrinsicElements'.
src/icons/Fonts/general-sans/GeneralSansVariable.tsx(3747,5): error TS2339: Property 'hkern' does not exist on type 'JSX.IntrinsicElements'.
src/icons/Fonts/general-sans/GeneralSansVariable.tsx(3748,5): error TS2339: Property 'hkern' does not exist on type 'JSX.IntrinsicElements'.
src/icons/Fonts/general-sans/GeneralSansVariable.tsx(3749,5): error TS2339: Property 'hkern' does not exist on type 'JSX.IntrinsicElements'.
src/icons/Fonts/general-sans/GeneralSansVariable.tsx(3750,5): error TS2339: Property 'hkern' does not exist on type 'JSX.IntrinsicElements'.
src/icons/Fonts/general-sans/GeneralSansVariable.tsx(3751,5): error TS2339: Property 'hkern' does not exist on type 'JSX.IntrinsicElements'.
src/icons/Fonts/general-sans/GeneralSansVariable.tsx(3752,5): error TS2339: Property 'hkern' does not exist on type 'JSX.IntrinsicElements'.
src/icons/Fonts/general-sans/GeneralSansVariable.tsx(3753,5): error TS2339: Property 'hkern' does not exist on type 'JSX.IntrinsicElements'.
src/icons/Fonts/general-sans/GeneralSansVariable.tsx(3754,5): error TS2339: Property 'hkern' does not exist on type 'JSX.IntrinsicElements'.
src/icons/Fonts/general-sans/GeneralSansVariable.tsx(3755,5): error TS2339: Property 'hkern' does not exist on type 'JSX.IntrinsicElements'.
src/icons/Fonts/general-sans/GeneralSansVariable.tsx(3756,5): error TS2339: Property 'hkern' does not exist on type 'JSX.IntrinsicElements'.
src/icons/Fonts/general-sans/GeneralSansVariable.tsx(3757,5): error TS2339: Property 'hkern' does not exist on type 'JSX.IntrinsicElements'.
src/icons/Fonts/general-sans/GeneralSansVariable.tsx(3758,5): error TS2339: Property 'hkern' does not exist on type 'JSX.IntrinsicElements'.
src/icons/Fonts/general-sans/GeneralSansVariable.tsx(3759,5): error TS2339: Property 'hkern' does not exist on type 'JSX.IntrinsicElements'.
src/icons/Fonts/general-sans/GeneralSansVariable.tsx(3760,5): error TS2339: Property 'hkern' does not exist on type 'JSX.IntrinsicElements'.
src/icons/Fonts/general-sans/GeneralSansVariable.tsx(3761,5): error TS2339: Property 'hkern' does not exist on type 'JSX.IntrinsicElements'.
src/icons/Fonts/general-sans/GeneralSansVariable.tsx(3762,5): error TS2339: Property 'hkern' does not exist on type 'JSX.IntrinsicElements'.
src/icons/Fonts/general-sans/GeneralSansVariable.tsx(3763,5): error TS2339: Property 'hkern' does not exist on type 'JSX.IntrinsicElements'.
src/icons/Fonts/general-sans/GeneralSansVariable.tsx(3764,5): error TS2339: Property 'hkern' does not exist on type 'JSX.IntrinsicElements'.
src/icons/Fonts/general-sans/GeneralSansVariable.tsx(3765,5): error TS2339: Property 'hkern' does not exist on type 'JSX.IntrinsicElements'.
src/icons/Fonts/general-sans/GeneralSansVariable.tsx(3766,5): error TS2339: Property 'hkern' does not exist on type 'JSX.IntrinsicElements'.
src/icons/Fonts/general-sans/GeneralSansVariable.tsx(3767,5): error TS2339: Property 'hkern' does not exist on type 'JSX.IntrinsicElements'.
src/icons/Fonts/general-sans/GeneralSansVariable.tsx(3768,5): error TS2339: Property 'hkern' does not exist on type 'JSX.IntrinsicElements'.
src/icons/Fonts/general-sans/GeneralSansVariable.tsx(3769,5): error TS2339: Property 'hkern' does not exist on type 'JSX.IntrinsicElements'.
src/icons/Fonts/general-sans/GeneralSansVariable.tsx(3770,5): error TS2339: Property 'hkern' does not exist on type 'JSX.IntrinsicElements'.
src/icons/Fonts/general-sans/GeneralSansVariable.tsx(3771,5): error TS2339: Property 'hkern' does not exist on type 'JSX.IntrinsicElements'.
src/icons/Fonts/general-sans/GeneralSansVariable.tsx(3772,5): error TS2339: Property 'hkern' does not exist on type 'JSX.IntrinsicElements'.
src/icons/Fonts/general-sans/GeneralSansVariable.tsx(3773,5): error TS2339: Property 'hkern' does not exist on type 'JSX.IntrinsicElements'.
src/icons/Fonts/general-sans/GeneralSansVariable.tsx(3774,5): error TS2339: Property 'hkern' does not exist on type 'JSX.IntrinsicElements'.
src/icons/Fonts/general-sans/GeneralSansVariable.tsx(3775,5): error TS2339: Property 'hkern' does not exist on type 'JSX.IntrinsicElements'.
src/icons/Fonts/general-sans/GeneralSansVariable.tsx(3776,5): error TS2339: Property 'hkern' does not exist on type 'JSX.IntrinsicElements'.
src/icons/Fonts/general-sans/GeneralSansVariable.tsx(3777,5): error TS2339: Property 'hkern' does not exist on type 'JSX.IntrinsicElements'.
src/icons/Fonts/general-sans/GeneralSansVariable.tsx(3778,5): error TS2339: Property 'hkern' does not exist on type 'JSX.IntrinsicElements'.
src/icons/Fonts/general-sans/GeneralSansVariable.tsx(3779,5): error TS2339: Property 'hkern' does not exist on type 'JSX.IntrinsicElements'.
src/icons/Fonts/general-sans/GeneralSansVariable.tsx(3780,5): error TS2339: Property 'hkern' does not exist on type 'JSX.IntrinsicElements'.
src/icons/Fonts/general-sans/GeneralSansVariable.tsx(3781,5): error TS2339: Property 'hkern' does not exist on type 'JSX.IntrinsicElements'.
src/icons/Fonts/general-sans/GeneralSansVariable.tsx(3782,5): error TS2339: Property 'hkern' does not exist on type 'JSX.IntrinsicElements'.
src/icons/Fonts/general-sans/GeneralSansVariable.tsx(3783,5): error TS2339: Property 'hkern' does not exist on type 'JSX.IntrinsicElements'.
src/icons/Fonts/general-sans/GeneralSansVariable.tsx(3784,5): error TS2339: Property 'hkern' does not exist on type 'JSX.IntrinsicElements'.
src/icons/Fonts/general-sans/GeneralSansVariable.tsx(3785,5): error TS2339: Property 'hkern' does not exist on type 'JSX.IntrinsicElements'.
src/icons/Fonts/general-sans/GeneralSansVariable.tsx(3786,5): error TS2339: Property 'hkern' does not exist on type 'JSX.IntrinsicElements'.
src/icons/Fonts/general-sans/GeneralSansVariable.tsx(3787,5): error TS2339: Property 'hkern' does not exist on type 'JSX.IntrinsicElements'.
src/icons/Fonts/general-sans/GeneralSansVariable.tsx(3788,5): error TS2339: Property 'hkern' does not exist on type 'JSX.IntrinsicElements'.
src/icons/Fonts/general-sans/GeneralSansVariable.tsx(3789,5): error TS2339: Property 'hkern' does not exist on type 'JSX.IntrinsicElements'.
src/icons/Fonts/general-sans/GeneralSansVariable.tsx(3790,5): error TS2339: Property 'hkern' does not exist on type 'JSX.IntrinsicElements'.
src/icons/Fonts/general-sans/GeneralSansVariable.tsx(3791,5): error TS2339: Property 'hkern' does not exist on type 'JSX.IntrinsicElements'.
src/icons/Fonts/general-sans/GeneralSansVariable.tsx(3792,5): error TS2339: Property 'hkern' does not exist on type 'JSX.IntrinsicElements'.
src/icons/Fonts/general-sans/GeneralSansVariable.tsx(3793,5): error TS2339: Property 'hkern' does not exist on type 'JSX.IntrinsicElements'.
src/icons/Fonts/general-sans/GeneralSansVariable.tsx(3794,5): error TS2339: Property 'hkern' does not exist on type 'JSX.IntrinsicElements'.
src/icons/Fonts/general-sans/GeneralSansVariable.tsx(3795,5): error TS2339: Property 'hkern' does not exist on type 'JSX.IntrinsicElements'.
src/icons/Fonts/general-sans/GeneralSansVariable.tsx(3796,5): error TS2339: Property 'hkern' does not exist on type 'JSX.IntrinsicElements'.
src/icons/Fonts/general-sans/GeneralSansVariable.tsx(3797,5): error TS2339: Property 'hkern' does not exist on type 'JSX.IntrinsicElements'.
src/icons/Fonts/general-sans/GeneralSansVariable.tsx(3798,5): error TS2339: Property 'hkern' does not exist on type 'JSX.IntrinsicElements'.
src/icons/Fonts/general-sans/GeneralSansVariable.tsx(3799,5): error TS2339: Property 'hkern' does not exist on type 'JSX.IntrinsicElements'.
src/icons/Fonts/general-sans/GeneralSansVariable.tsx(3800,5): error TS2339: Property 'hkern' does not exist on type 'JSX.IntrinsicElements'.
src/icons/Fonts/general-sans/GeneralSansVariable.tsx(3801,5): error TS2339: Property 'hkern' does not exist on type 'JSX.IntrinsicElements'.
src/icons/Fonts/general-sans/GeneralSansVariable.tsx(3802,5): error TS2339: Property 'hkern' does not exist on type 'JSX.IntrinsicElements'.
src/icons/Fonts/general-sans/GeneralSansVariable.tsx(3803,5): error TS2339: Property 'hkern' does not exist on type 'JSX.IntrinsicElements'.
src/icons/Fonts/general-sans/GeneralSansVariable.tsx(3804,5): error TS2339: Property 'hkern' does not exist on type 'JSX.IntrinsicElements'.
src/icons/Fonts/general-sans/GeneralSansVariable.tsx(3805,5): error TS2339: Property 'hkern' does not exist on type 'JSX.IntrinsicElements'.
src/icons/Fonts/general-sans/GeneralSansVariable.tsx(3806,5): error TS2339: Property 'hkern' does not exist on type 'JSX.IntrinsicElements'.
src/icons/Fonts/general-sans/GeneralSansVariable.tsx(3807,5): error TS2339: Property 'hkern' does not exist on type 'JSX.IntrinsicElements'.
src/icons/Fonts/general-sans/GeneralSansVariable.tsx(3808,5): error TS2339: Property 'hkern' does not exist on type 'JSX.IntrinsicElements'.
src/icons/Fonts/general-sans/GeneralSansVariable.tsx(3809,5): error TS2339: Property 'hkern' does not exist on type 'JSX.IntrinsicElements'.
src/icons/Fonts/general-sans/GeneralSansVariable.tsx(3810,5): error TS2339: Property 'hkern' does not exist on type 'JSX.IntrinsicElements'.
src/icons/Fonts/general-sans/GeneralSansVariable.tsx(3811,5): error TS2339: Property 'hkern' does not exist on type 'JSX.IntrinsicElements'.
src/icons/Fonts/general-sans/GeneralSansVariable.tsx(3812,5): error TS2339: Property 'hkern' does not exist on type 'JSX.IntrinsicElements'.
src/icons/Fonts/general-sans/GeneralSansVariable.tsx(3813,5): error TS2339: Property 'hkern' does not exist on type 'JSX.IntrinsicElements'.
src/icons/Fonts/general-sans/GeneralSansVariable.tsx(3814,5): error TS2339: Property 'hkern' does not exist on type 'JSX.IntrinsicElements'.
src/icons/Fonts/general-sans/GeneralSansVariable.tsx(3815,5): error TS2339: Property 'hkern' does not exist on type 'JSX.IntrinsicElements'.
src/icons/Fonts/general-sans/GeneralSansVariable.tsx(3816,5): error TS2339: Property 'hkern' does not exist on type 'JSX.IntrinsicElements'.
src/icons/Fonts/general-sans/GeneralSansVariable.tsx(3817,5): error TS2339: Property 'hkern' does not exist on type 'JSX.IntrinsicElements'.
src/icons/Fonts/general-sans/GeneralSansVariable.tsx(3818,5): error TS2339: Property 'hkern' does not exist on type 'JSX.IntrinsicElements'.
src/icons/Fonts/general-sans/GeneralSansVariable.tsx(3819,5): error TS2339: Property 'hkern' does not exist on type 'JSX.IntrinsicElements'.
src/icons/Fonts/general-sans/GeneralSansVariable.tsx(3820,5): error TS2339: Property 'hkern' does not exist on type 'JSX.IntrinsicElements'.
src/icons/Fonts/general-sans/GeneralSansVariable.tsx(3821,5): error TS2339: Property 'hkern' does not exist on type 'JSX.IntrinsicElements'.
src/icons/Fonts/general-sans/GeneralSansVariable.tsx(3822,5): error TS2339: Property 'hkern' does not exist on type 'JSX.IntrinsicElements'.
src/icons/Fonts/general-sans/GeneralSansVariable.tsx(3823,5): error TS2339: Property 'hkern' does not exist on type 'JSX.IntrinsicElements'.
src/icons/Fonts/general-sans/GeneralSansVariable.tsx(3824,5): error TS2339: Property 'hkern' does not exist on type 'JSX.IntrinsicElements'.
src/icons/Fonts/general-sans/GeneralSansVariable.tsx(3825,5): error TS2339: Property 'hkern' does not exist on type 'JSX.IntrinsicElements'.
src/icons/Fonts/general-sans/GeneralSansVariable.tsx(3826,5): error TS2339: Property 'hkern' does not exist on type 'JSX.IntrinsicElements'.
src/icons/Fonts/general-sans/GeneralSansVariable.tsx(3827,5): error TS2339: Property 'hkern' does not exist on type 'JSX.IntrinsicElements'.
src/icons/Fonts/general-sans/GeneralSansVariable.tsx(3828,5): error TS2339: Property 'hkern' does not exist on type 'JSX.IntrinsicElements'.
src/icons/Fonts/general-sans/GeneralSansVariable.tsx(3829,5): error TS2339: Property 'hkern' does not exist on type 'JSX.IntrinsicElements'.
src/icons/Fonts/general-sans/GeneralSansVariable.tsx(3830,5): error TS2339: Property 'hkern' does not exist on type 'JSX.IntrinsicElements'.
src/icons/Fonts/general-sans/GeneralSansVariable.tsx(3831,5): error TS2339: Property 'hkern' does not exist on type 'JSX.IntrinsicElements'.
src/icons/Fonts/general-sans/GeneralSansVariable.tsx(3832,5): error TS2339: Property 'hkern' does not exist on type 'JSX.IntrinsicElements'.
src/icons/Fonts/general-sans/GeneralSansVariable.tsx(3833,5): error TS2339: Property 'hkern' does not exist on type 'JSX.IntrinsicElements'.
src/icons/Fonts/general-sans/GeneralSansVariable.tsx(3834,5): error TS2339: Property 'hkern' does not exist on type 'JSX.IntrinsicElements'.
src/icons/Fonts/general-sans/GeneralSansVariable.tsx(3835,5): error TS2339: Property 'hkern' does not exist on type 'JSX.IntrinsicElements'.
src/icons/Fonts/general-sans/GeneralSansVariable.tsx(3836,5): error TS2339: Property 'hkern' does not exist on type 'JSX.IntrinsicElements'.
src/icons/Fonts/general-sans/GeneralSansVariable.tsx(3837,5): error TS2339: Property 'hkern' does not exist on type 'JSX.IntrinsicElements'.
src/icons/Fonts/general-sans/GeneralSansVariable.tsx(3838,5): error TS2339: Property 'hkern' does not exist on type 'JSX.IntrinsicElements'.
src/icons/Fonts/general-sans/GeneralSansVariable.tsx(3839,5): error TS2339: Property 'hkern' does not exist on type 'JSX.IntrinsicElements'.
src/icons/Fonts/general-sans/GeneralSansVariable.tsx(3840,5): error TS2339: Property 'hkern' does not exist on type 'JSX.IntrinsicElements'.
src/icons/Fonts/general-sans/GeneralSansVariable.tsx(3841,5): error TS2339: Property 'hkern' does not exist on type 'JSX.IntrinsicElements'.
src/icons/Fonts/general-sans/GeneralSansVariable.tsx(3842,5): error TS2339: Property 'hkern' does not exist on type 'JSX.IntrinsicElements'.
src/icons/Fonts/general-sans/GeneralSansVariable.tsx(3843,5): error TS2339: Property 'hkern' does not exist on type 'JSX.IntrinsicElements'.
src/icons/Fonts/general-sans/GeneralSansVariable.tsx(3844,5): error TS2339: Property 'hkern' does not exist on type 'JSX.IntrinsicElements'.
src/icons/Fonts/general-sans/GeneralSansVariable.tsx(3845,5): error TS2339: Property 'hkern' does not exist on type 'JSX.IntrinsicElements'.
src/icons/Fonts/general-sans/GeneralSansVariable.tsx(3846,5): error TS2339: Property 'hkern' does not exist on type 'JSX.IntrinsicElements'.
src/icons/Fonts/general-sans/GeneralSansVariable.tsx(3847,5): error TS2339: Property 'hkern' does not exist on type 'JSX.IntrinsicElements'.
src/icons/Fonts/general-sans/GeneralSansVariable.tsx(3848,5): error TS2339: Property 'hkern' does not exist on type 'JSX.IntrinsicElements'.
src/icons/Fonts/general-sans/GeneralSansVariable.tsx(3849,5): error TS2339: Property 'hkern' does not exist on type 'JSX.IntrinsicElements'.
src/icons/Fonts/general-sans/GeneralSansVariable.tsx(3850,5): error TS2339: Property 'hkern' does not exist on type 'JSX.IntrinsicElements'.
src/icons/Fonts/general-sans/GeneralSansVariable.tsx(3851,5): error TS2339: Property 'hkern' does not exist on type 'JSX.IntrinsicElements'.
src/icons/Fonts/general-sans/GeneralSansVariable.tsx(3852,5): error TS2339: Property 'hkern' does not exist on type 'JSX.IntrinsicElements'.
src/icons/Fonts/general-sans/GeneralSansVariable.tsx(3853,5): error TS2339: Property 'hkern' does not exist on type 'JSX.IntrinsicElements'.
src/icons/Fonts/general-sans/GeneralSansVariable.tsx(3854,5): error TS2339: Property 'hkern' does not exist on type 'JSX.IntrinsicElements'.
src/icons/Fonts/general-sans/GeneralSansVariable.tsx(3855,5): error TS2339: Property 'hkern' does not exist on type 'JSX.IntrinsicElements'.
src/icons/Fonts/general-sans/GeneralSansVariable.tsx(3856,5): error TS2339: Property 'hkern' does not exist on type 'JSX.IntrinsicElements'.
src/icons/Fonts/general-sans/GeneralSansVariable.tsx(3857,5): error TS2339: Property 'hkern' does not exist on type 'JSX.IntrinsicElements'.
src/icons/Fonts/general-sans/GeneralSansVariable.tsx(3858,5): error TS2339: Property 'hkern' does not exist on type 'JSX.IntrinsicElements'.
src/icons/Fonts/general-sans/GeneralSansVariable.tsx(3859,5): error TS2339: Property 'hkern' does not exist on type 'JSX.IntrinsicElements'.
src/icons/Fonts/general-sans/GeneralSansVariable.tsx(3860,5): error TS2339: Property 'hkern' does not exist on type 'JSX.IntrinsicElements'.
src/icons/Fonts/general-sans/GeneralSansVariable.tsx(3861,5): error TS2339: Property 'hkern' does not exist on type 'JSX.IntrinsicElements'.
src/icons/Fonts/general-sans/GeneralSansVariable.tsx(3862,5): error TS2339: Property 'hkern' does not exist on type 'JSX.IntrinsicElements'.
src/icons/Fonts/general-sans/GeneralSansVariable.tsx(3863,5): error TS2339: Property 'hkern' does not exist on type 'JSX.IntrinsicElements'.
src/icons/Fonts/general-sans/GeneralSansVariable.tsx(3864,5): error TS2339: Property 'hkern' does not exist on type 'JSX.IntrinsicElements'.
src/icons/Fonts/general-sans/GeneralSansVariable.tsx(3865,5): error TS2339: Property 'hkern' does not exist on type 'JSX.IntrinsicElements'.
src/icons/Fonts/general-sans/GeneralSansVariable.tsx(3866,5): error TS2339: Property 'hkern' does not exist on type 'JSX.IntrinsicElements'.
src/icons/Fonts/general-sans/GeneralSansVariable.tsx(3867,5): error TS2339: Property 'hkern' does not exist on type 'JSX.IntrinsicElements'.
src/icons/Fonts/general-sans/GeneralSansVariable.tsx(3868,5): error TS2339: Property 'hkern' does not exist on type 'JSX.IntrinsicElements'.
src/icons/Fonts/general-sans/GeneralSansVariable.tsx(3869,5): error TS2339: Property 'hkern' does not exist on type 'JSX.IntrinsicElements'.
src/icons/Fonts/general-sans/GeneralSansVariable.tsx(3870,5): error TS2339: Property 'hkern' does not exist on type 'JSX.IntrinsicElements'.
src/icons/Fonts/general-sans/GeneralSansVariable.tsx(3871,5): error TS2339: Property 'hkern' does not exist on type 'JSX.IntrinsicElements'.
src/icons/Fonts/general-sans/GeneralSansVariable.tsx(3872,5): error TS2339: Property 'hkern' does not exist on type 'JSX.IntrinsicElements'.
src/icons/Fonts/general-sans/GeneralSansVariable.tsx(3873,5): error TS2339: Property 'hkern' does not exist on type 'JSX.IntrinsicElements'.
src/icons/Fonts/general-sans/GeneralSansVariable.tsx(3874,5): error TS2339: Property 'hkern' does not exist on type 'JSX.IntrinsicElements'.
src/icons/Fonts/general-sans/GeneralSansVariable.tsx(3875,5): error TS2339: Property 'hkern' does not exist on type 'JSX.IntrinsicElements'.
src/icons/Fonts/general-sans/GeneralSansVariable.tsx(3876,5): error TS2339: Property 'hkern' does not exist on type 'JSX.IntrinsicElements'.
src/icons/Fonts/general-sans/GeneralSansVariable.tsx(3877,5): error TS2339: Property 'hkern' does not exist on type 'JSX.IntrinsicElements'.
src/icons/Fonts/general-sans/GeneralSansVariable.tsx(3878,5): error TS2339: Property 'hkern' does not exist on type 'JSX.IntrinsicElements'.
src/icons/Fonts/general-sans/GeneralSansVariable.tsx(3879,5): error TS2339: Property 'hkern' does not exist on type 'JSX.IntrinsicElements'.
src/icons/Fonts/general-sans/GeneralSansVariable.tsx(3880,5): error TS2339: Property 'hkern' does not exist on type 'JSX.IntrinsicElements'.
src/icons/Fonts/general-sans/GeneralSansVariable.tsx(3881,5): error TS2339: Property 'hkern' does not exist on type 'JSX.IntrinsicElements'.
src/icons/Fonts/general-sans/GeneralSansVariable.tsx(3882,5): error TS2339: Property 'hkern' does not exist on type 'JSX.IntrinsicElements'.
src/icons/Fonts/general-sans/GeneralSansVariable.tsx(3883,5): error TS2339: Property 'hkern' does not exist on type 'JSX.IntrinsicElements'.
src/icons/Fonts/general-sans/GeneralSansVariable.tsx(3884,5): error TS2339: Property 'hkern' does not exist on type 'JSX.IntrinsicElements'.
src/icons/Fonts/general-sans/GeneralSansVariable.tsx(3885,5): error TS2339: Property 'hkern' does not exist on type 'JSX.IntrinsicElements'.
src/icons/Fonts/general-sans/GeneralSansVariable.tsx(3886,5): error TS2339: Property 'hkern' does not exist on type 'JSX.IntrinsicElements'.
src/icons/Fonts/general-sans/GeneralSansVariable.tsx(3887,5): error TS2339: Property 'hkern' does not exist on type 'JSX.IntrinsicElements'.
src/icons/Fonts/general-sans/GeneralSansVariable.tsx(3888,5): error TS2339: Property 'hkern' does not exist on type 'JSX.IntrinsicElements'.
src/icons/Fonts/general-sans/GeneralSansVariable.tsx(3889,5): error TS2339: Property 'hkern' does not exist on type 'JSX.IntrinsicElements'.
src/icons/Fonts/general-sans/GeneralSansVariable.tsx(3890,5): error TS2339: Property 'hkern' does not exist on type 'JSX.IntrinsicElements'.
src/icons/Fonts/general-sans/GeneralSansVariable.tsx(3891,5): error TS2339: Property 'hkern' does not exist on type 'JSX.IntrinsicElements'.
src/icons/Fonts/general-sans/GeneralSansVariable.tsx(3892,5): error TS2339: Property 'hkern' does not exist on type 'JSX.IntrinsicElements'.
src/icons/Fonts/general-sans/GeneralSansVariable.tsx(3893,5): error TS2339: Property 'hkern' does not exist on type 'JSX.IntrinsicElements'.
src/icons/Fonts/general-sans/GeneralSansVariable.tsx(3894,5): error TS2339: Property 'hkern' does not exist on type 'JSX.IntrinsicElements'.
src/icons/Fonts/general-sans/GeneralSansVariable.tsx(3895,5): error TS2339: Property 'hkern' does not exist on type 'JSX.IntrinsicElements'.
src/icons/Fonts/general-sans/GeneralSansVariable.tsx(3896,5): error TS2339: Property 'hkern' does not exist on type 'JSX.IntrinsicElements'.
src/icons/Fonts/general-sans/GeneralSansVariable.tsx(3897,5): error TS2339: Property 'hkern' does not exist on type 'JSX.IntrinsicElements'.
src/icons/Fonts/general-sans/GeneralSansVariable.tsx(3898,5): error TS2339: Property 'hkern' does not exist on type 'JSX.IntrinsicElements'.
src/icons/Fonts/general-sans/GeneralSansVariable.tsx(3899,5): error TS2339: Property 'hkern' does not exist on type 'JSX.IntrinsicElements'.
src/icons/Fonts/general-sans/GeneralSansVariable.tsx(3900,5): error TS2339: Property 'hkern' does not exist on type 'JSX.IntrinsicElements'.
src/icons/Fonts/general-sans/GeneralSansVariable.tsx(3901,5): error TS2339: Property 'hkern' does not exist on type 'JSX.IntrinsicElements'.
src/icons/Fonts/general-sans/GeneralSansVariable.tsx(3902,5): error TS2339: Property 'hkern' does not exist on type 'JSX.IntrinsicElements'.
src/icons/Fonts/general-sans/GeneralSansVariable.tsx(3903,5): error TS2339: Property 'hkern' does not exist on type 'JSX.IntrinsicElements'.
src/icons/Fonts/general-sans/GeneralSansVariable.tsx(3904,5): error TS2339: Property 'hkern' does not exist on type 'JSX.IntrinsicElements'.
src/icons/Fonts/general-sans/GeneralSansVariable.tsx(3905,5): error TS2339: Property 'hkern' does not exist on type 'JSX.IntrinsicElements'.
src/icons/Fonts/general-sans/GeneralSansVariable.tsx(3906,5): error TS2339: Property 'hkern' does not exist on type 'JSX.IntrinsicElements'.
src/icons/Fonts/general-sans/GeneralSansVariable.tsx(3907,5): error TS2339: Property 'hkern' does not exist on type 'JSX.IntrinsicElements'.
src/icons/Fonts/general-sans/GeneralSansVariable.tsx(3908,5): error TS2339: Property 'hkern' does not exist on type 'JSX.IntrinsicElements'.
src/icons/Fonts/general-sans/GeneralSansVariable.tsx(3909,5): error TS2339: Property 'hkern' does not exist on type 'JSX.IntrinsicElements'.
src/icons/Fonts/general-sans/GeneralSansVariable.tsx(3910,5): error TS2339: Property 'hkern' does not exist on type 'JSX.IntrinsicElements'.
src/icons/Fonts/general-sans/GeneralSansVariable.tsx(3911,5): error TS2339: Property 'hkern' does not exist on type 'JSX.IntrinsicElements'.
src/icons/Fonts/general-sans/GeneralSansVariable.tsx(3912,5): error TS2339: Property 'hkern' does not exist on type 'JSX.IntrinsicElements'.
src/icons/Fonts/general-sans/GeneralSansVariable.tsx(3913,5): error TS2339: Property 'hkern' does not exist on type 'JSX.IntrinsicElements'.
src/icons/Fonts/general-sans/GeneralSansVariable.tsx(3914,5): error TS2339: Property 'hkern' does not exist on type 'JSX.IntrinsicElements'.
src/icons/Fonts/general-sans/GeneralSansVariable.tsx(3915,5): error TS2339: Property 'hkern' does not exist on type 'JSX.IntrinsicElements'.
src/icons/Fonts/general-sans/GeneralSansVariable.tsx(3916,5): error TS2339: Property 'hkern' does not exist on type 'JSX.IntrinsicElements'.
src/icons/Fonts/general-sans/GeneralSansVariable.tsx(3917,5): error TS2339: Property 'hkern' does not exist on type 'JSX.IntrinsicElements'.
src/icons/Fonts/general-sans/GeneralSansVariable.tsx(3918,5): error TS2339: Property 'hkern' does not exist on type 'JSX.IntrinsicElements'.
src/icons/Fonts/general-sans/GeneralSansVariable.tsx(3919,5): error TS2339: Property 'hkern' does not exist on type 'JSX.IntrinsicElements'.
src/icons/Fonts/general-sans/GeneralSansVariable.tsx(3920,5): error TS2339: Property 'hkern' does not exist on type 'JSX.IntrinsicElements'.
src/icons/Fonts/general-sans/GeneralSansVariable.tsx(3921,5): error TS2339: Property 'hkern' does not exist on type 'JSX.IntrinsicElements'.
src/icons/Fonts/general-sans/GeneralSansVariable.tsx(3922,5): error TS2339: Property 'hkern' does not exist on type 'JSX.IntrinsicElements'.
src/icons/Fonts/general-sans/GeneralSansVariable.tsx(3923,5): error TS2339: Property 'hkern' does not exist on type 'JSX.IntrinsicElements'.
src/icons/Fonts/general-sans/GeneralSansVariable.tsx(3924,5): error TS2339: Property 'hkern' does not exist on type 'JSX.IntrinsicElements'.
src/icons/Fonts/general-sans/GeneralSansVariable.tsx(3925,5): error TS2339: Property 'hkern' does not exist on type 'JSX.IntrinsicElements'.
src/icons/Fonts/general-sans/GeneralSansVariable.tsx(3926,5): error TS2339: Property 'hkern' does not exist on type 'JSX.IntrinsicElements'.
src/icons/Fonts/general-sans/GeneralSansVariable.tsx(3927,5): error TS2339: Property 'hkern' does not exist on type 'JSX.IntrinsicElements'.
src/icons/Fonts/general-sans/GeneralSansVariable.tsx(3928,5): error TS2339: Property 'hkern' does not exist on type 'JSX.IntrinsicElements'.
src/icons/Fonts/general-sans/GeneralSansVariable.tsx(3929,5): error TS2339: Property 'hkern' does not exist on type 'JSX.IntrinsicElements'.
src/icons/Fonts/general-sans/GeneralSansVariable.tsx(3930,5): error TS2339: Property 'hkern' does not exist on type 'JSX.IntrinsicElements'.
src/icons/Fonts/general-sans/GeneralSansVariable.tsx(3931,5): error TS2339: Property 'hkern' does not exist on type 'JSX.IntrinsicElements'.
src/icons/Fonts/general-sans/GeneralSansVariable.tsx(3932,5): error TS2339: Property 'hkern' does not exist on type 'JSX.IntrinsicElements'.
src/icons/Fonts/general-sans/GeneralSansVariable.tsx(3933,5): error TS2339: Property 'hkern' does not exist on type 'JSX.IntrinsicElements'.
src/icons/Fonts/general-sans/GeneralSansVariable.tsx(3934,5): error TS2339: Property 'hkern' does not exist on type 'JSX.IntrinsicElements'.
src/icons/Fonts/general-sans/GeneralSansVariable.tsx(3935,5): error TS2339: Property 'hkern' does not exist on type 'JSX.IntrinsicElements'.
src/icons/Fonts/general-sans/GeneralSansVariable.tsx(3936,5): error TS2339: Property 'hkern' does not exist on type 'JSX.IntrinsicElements'.
src/icons/Fonts/general-sans/GeneralSansVariable.tsx(3937,5): error TS2339: Property 'hkern' does not exist on type 'JSX.IntrinsicElements'.
src/icons/Fonts/general-sans/GeneralSansVariable.tsx(3938,5): error TS2339: Property 'hkern' does not exist on type 'JSX.IntrinsicElements'.
src/icons/Fonts/general-sans/GeneralSansVariable.tsx(3939,5): error TS2339: Property 'hkern' does not exist on type 'JSX.IntrinsicElements'.
src/icons/Fonts/general-sans/GeneralSansVariable.tsx(3940,5): error TS2339: Property 'hkern' does not exist on type 'JSX.IntrinsicElements'.
src/icons/Fonts/general-sans/GeneralSansVariable.tsx(3941,5): error TS2339: Property 'hkern' does not exist on type 'JSX.IntrinsicElements'.
src/icons/Fonts/general-sans/GeneralSansVariable.tsx(3942,5): error TS2339: Property 'hkern' does not exist on type 'JSX.IntrinsicElements'.
src/icons/Fonts/general-sans/GeneralSansVariable.tsx(3943,5): error TS2339: Property 'hkern' does not exist on type 'JSX.IntrinsicElements'.
src/icons/Fonts/general-sans/GeneralSansVariable.tsx(3944,5): error TS2339: Property 'hkern' does not exist on type 'JSX.IntrinsicElements'.
src/icons/Fonts/general-sans/GeneralSansVariable.tsx(3945,5): error TS2339: Property 'hkern' does not exist on type 'JSX.IntrinsicElements'.
src/icons/Fonts/general-sans/GeneralSansVariable.tsx(3946,5): error TS2339: Property 'hkern' does not exist on type 'JSX.IntrinsicElements'.
src/icons/Fonts/general-sans/GeneralSansVariable.tsx(3947,5): error TS2339: Property 'hkern' does not exist on type 'JSX.IntrinsicElements'.
src/icons/Fonts/general-sans/GeneralSansVariable.tsx(3948,5): error TS2339: Property 'hkern' does not exist on type 'JSX.IntrinsicElements'.
src/icons/Fonts/general-sans/GeneralSansVariable.tsx(3949,5): error TS2339: Property 'hkern' does not exist on type 'JSX.IntrinsicElements'.
src/icons/Fonts/general-sans/GeneralSansVariable.tsx(3950,5): error TS2339: Property 'hkern' does not exist on type 'JSX.IntrinsicElements'.
src/icons/Fonts/general-sans/GeneralSansVariable.tsx(3951,5): error TS2339: Property 'hkern' does not exist on type 'JSX.IntrinsicElements'.
src/icons/Fonts/general-sans/GeneralSansVariable.tsx(3952,5): error TS2339: Property 'hkern' does not exist on type 'JSX.IntrinsicElements'.
src/icons/Fonts/general-sans/GeneralSansVariable.tsx(3953,5): error TS2339: Property 'hkern' does not exist on type 'JSX.IntrinsicElements'.
src/icons/Fonts/general-sans/GeneralSansVariable.tsx(3954,5): error TS2339: Property 'hkern' does not exist on type 'JSX.IntrinsicElements'.
src/icons/Fonts/general-sans/GeneralSansVariable.tsx(3955,5): error TS2339: Property 'hkern' does not exist on type 'JSX.IntrinsicElements'.
src/icons/Fonts/general-sans/GeneralSansVariable.tsx(3956,5): error TS2339: Property 'hkern' does not exist on type 'JSX.IntrinsicElements'.
src/icons/Fonts/general-sans/GeneralSansVariable.tsx(3957,5): error TS2339: Property 'hkern' does not exist on type 'JSX.IntrinsicElements'.
src/icons/Fonts/general-sans/GeneralSansVariable.tsx(3958,5): error TS2339: Property 'hkern' does not exist on type 'JSX.IntrinsicElements'.
src/icons/Fonts/general-sans/GeneralSansVariable.tsx(3959,5): error TS2339: Property 'hkern' does not exist on type 'JSX.IntrinsicElements'.
src/icons/Fonts/general-sans/GeneralSansVariable.tsx(3960,5): error TS2339: Property 'hkern' does not exist on type 'JSX.IntrinsicElements'.
src/icons/Fonts/general-sans/GeneralSansVariable.tsx(3961,5): error TS2339: Property 'hkern' does not exist on type 'JSX.IntrinsicElements'.
src/icons/Fonts/general-sans/GeneralSansVariable.tsx(3962,5): error TS2339: Property 'hkern' does not exist on type 'JSX.IntrinsicElements'.
src/icons/Fonts/general-sans/GeneralSansVariable.tsx(3963,5): error TS2339: Property 'hkern' does not exist on type 'JSX.IntrinsicElements'.
src/icons/Fonts/general-sans/GeneralSansVariable.tsx(3964,5): error TS2339: Property 'hkern' does not exist on type 'JSX.IntrinsicElements'.
src/icons/Fonts/general-sans/GeneralSansVariable.tsx(3965,5): error TS2339: Property 'hkern' does not exist on type 'JSX.IntrinsicElements'.
src/icons/Fonts/general-sans/GeneralSansVariable.tsx(3966,5): error TS2339: Property 'hkern' does not exist on type 'JSX.IntrinsicElements'.
src/icons/Fonts/general-sans/GeneralSansVariable.tsx(3967,5): error TS2339: Property 'hkern' does not exist on type 'JSX.IntrinsicElements'.
src/icons/Fonts/general-sans/GeneralSansVariable.tsx(3968,5): error TS2339: Property 'hkern' does not exist on type 'JSX.IntrinsicElements'.
src/icons/Fonts/general-sans/GeneralSansVariable.tsx(3969,5): error TS2339: Property 'hkern' does not exist on type 'JSX.IntrinsicElements'.
src/icons/Fonts/general-sans/GeneralSansVariable.tsx(3970,5): error TS2339: Property 'hkern' does not exist on type 'JSX.IntrinsicElements'.
src/icons/Fonts/general-sans/GeneralSansVariable.tsx(3971,5): error TS2339: Property 'hkern' does not exist on type 'JSX.IntrinsicElements'.
src/icons/Fonts/general-sans/GeneralSansVariable.tsx(3972,5): error TS2339: Property 'hkern' does not exist on type 'JSX.IntrinsicElements'.
src/icons/Fonts/general-sans/GeneralSansVariable.tsx(3973,5): error TS2339: Property 'hkern' does not exist on type 'JSX.IntrinsicElements'.
src/icons/Fonts/general-sans/GeneralSansVariable.tsx(3974,5): error TS2339: Property 'hkern' does not exist on type 'JSX.IntrinsicElements'.
src/icons/Fonts/general-sans/GeneralSansVariable.tsx(3975,5): error TS2339: Property 'hkern' does not exist on type 'JSX.IntrinsicElements'.
src/icons/Fonts/general-sans/GeneralSansVariable.tsx(3976,5): error TS2339: Property 'hkern' does not exist on type 'JSX.IntrinsicElements'.
src/icons/Fonts/general-sans/GeneralSansVariable.tsx(3977,5): error TS2339: Property 'hkern' does not exist on type 'JSX.IntrinsicElements'.
src/icons/Fonts/general-sans/GeneralSansVariable.tsx(3978,5): error TS2339: Property 'hkern' does not exist on type 'JSX.IntrinsicElements'.
src/icons/Fonts/general-sans/GeneralSansVariable.tsx(3979,5): error TS2339: Property 'hkern' does not exist on type 'JSX.IntrinsicElements'.
src/icons/Fonts/general-sans/GeneralSansVariable.tsx(3980,5): error TS2339: Property 'hkern' does not exist on type 'JSX.IntrinsicElements'.
src/icons/Fonts/general-sans/GeneralSansVariable.tsx(3981,5): error TS2339: Property 'hkern' does not exist on type 'JSX.IntrinsicElements'.
src/icons/Fonts/general-sans/GeneralSansVariable.tsx(3982,5): error TS2339: Property 'hkern' does not exist on type 'JSX.IntrinsicElements'.
src/icons/Fonts/general-sans/GeneralSansVariable.tsx(3983,5): error TS2339: Property 'hkern' does not exist on type 'JSX.IntrinsicElements'.
src/icons/Fonts/general-sans/GeneralSansVariable.tsx(3984,5): error TS2339: Property 'hkern' does not exist on type 'JSX.IntrinsicElements'.
src/icons/Fonts/general-sans/GeneralSansVariable.tsx(3985,5): error TS2339: Property 'hkern' does not exist on type 'JSX.IntrinsicElements'.
src/icons/Fonts/general-sans/GeneralSansVariable.tsx(3986,5): error TS2339: Property 'hkern' does not exist on type 'JSX.IntrinsicElements'.
src/icons/Fonts/general-sans/GeneralSansVariable.tsx(3987,5): error TS2339: Property 'hkern' does not exist on type 'JSX.IntrinsicElements'.
src/icons/Fonts/general-sans/GeneralSansVariable.tsx(3988,5): error TS2339: Property 'hkern' does not exist on type 'JSX.IntrinsicElements'.
src/icons/Fonts/general-sans/GeneralSansVariable.tsx(3989,5): error TS2339: Property 'hkern' does not exist on type 'JSX.IntrinsicElements'.
src/icons/Fonts/general-sans/GeneralSansVariable.tsx(3990,5): error TS2339: Property 'hkern' does not exist on type 'JSX.IntrinsicElements'.
src/icons/Fonts/general-sans/GeneralSansVariable.tsx(3991,5): error TS2339: Property 'hkern' does not exist on type 'JSX.IntrinsicElements'.
src/icons/Fonts/general-sans/GeneralSansVariable.tsx(3992,5): error TS2339: Property 'hkern' does not exist on type 'JSX.IntrinsicElements'.
src/icons/Fonts/general-sans/GeneralSansVariable.tsx(3993,5): error TS2339: Property 'hkern' does not exist on type 'JSX.IntrinsicElements'.
src/icons/Fonts/general-sans/GeneralSansVariable.tsx(3994,5): error TS2339: Property 'hkern' does not exist on type 'JSX.IntrinsicElements'.
src/icons/Fonts/general-sans/GeneralSansVariable.tsx(3995,5): error TS2339: Property 'hkern' does not exist on type 'JSX.IntrinsicElements'.
src/icons/Fonts/general-sans/GeneralSansVariable.tsx(3996,5): error TS2339: Property 'hkern' does not exist on type 'JSX.IntrinsicElements'.
src/icons/Fonts/general-sans/GeneralSansVariable.tsx(3997,5): error TS2339: Property 'hkern' does not exist on type 'JSX.IntrinsicElements'.
src/icons/Fonts/general-sans/GeneralSansVariable.tsx(3998,5): error TS2339: Property 'hkern' does not exist on type 'JSX.IntrinsicElements'.
src/icons/Fonts/general-sans/GeneralSansVariable.tsx(3999,5): error TS2339: Property 'hkern' does not exist on type 'JSX.IntrinsicElements'.
src/icons/Fonts/general-sans/GeneralSansVariable.tsx(4000,5): error TS2339: Property 'hkern' does not exist on type 'JSX.IntrinsicElements'.
src/icons/Fonts/general-sans/GeneralSansVariable.tsx(4001,5): error TS2339: Property 'hkern' does not exist on type 'JSX.IntrinsicElements'.
src/icons/Fonts/general-sans/GeneralSansVariable.tsx(4002,5): error TS2339: Property 'hkern' does not exist on type 'JSX.IntrinsicElements'.
src/icons/Fonts/general-sans/GeneralSansVariable.tsx(4003,5): error TS2339: Property 'hkern' does not exist on type 'JSX.IntrinsicElements'.
src/icons/Fonts/general-sans/GeneralSansVariable.tsx(4004,5): error TS2339: Property 'hkern' does not exist on type 'JSX.IntrinsicElements'.
src/icons/Fonts/general-sans/GeneralSansVariable.tsx(4005,5): error TS2339: Property 'hkern' does not exist on type 'JSX.IntrinsicElements'.
src/icons/Fonts/general-sans/GeneralSansVariable.tsx(4006,5): error TS2339: Property 'hkern' does not exist on type 'JSX.IntrinsicElements'.
src/icons/Fonts/general-sans/GeneralSansVariable.tsx(4007,5): error TS2339: Property 'hkern' does not exist on type 'JSX.IntrinsicElements'.
src/icons/Fonts/general-sans/GeneralSansVariable.tsx(4008,5): error TS2339: Property 'hkern' does not exist on type 'JSX.IntrinsicElements'.
src/icons/Fonts/general-sans/GeneralSansVariable.tsx(4009,5): error TS2339: Property 'hkern' does not exist on type 'JSX.IntrinsicElements'.
src/icons/Fonts/general-sans/GeneralSansVariable.tsx(4010,5): error TS2339: Property 'hkern' does not exist on type 'JSX.IntrinsicElements'.
src/icons/Fonts/general-sans/GeneralSansVariable.tsx(4011,5): error TS2339: Property 'hkern' does not exist on type 'JSX.IntrinsicElements'.
src/icons/Fonts/general-sans/GeneralSansVariable.tsx(4012,5): error TS2339: Property 'hkern' does not exist on type 'JSX.IntrinsicElements'.
src/icons/Fonts/general-sans/GeneralSansVariable.tsx(4013,5): error TS2339: Property 'hkern' does not exist on type 'JSX.IntrinsicElements'.
src/icons/Fonts/general-sans/GeneralSansVariable.tsx(4014,5): error TS2339: Property 'hkern' does not exist on type 'JSX.IntrinsicElements'.
src/icons/Fonts/general-sans/GeneralSansVariable.tsx(4015,5): error TS2339: Property 'hkern' does not exist on type 'JSX.IntrinsicElements'.
src/icons/Fonts/general-sans/GeneralSansVariable.tsx(4016,5): error TS2339: Property 'hkern' does not exist on type 'JSX.IntrinsicElements'.
src/icons/Fonts/general-sans/GeneralSansVariable.tsx(4017,5): error TS2339: Property 'hkern' does not exist on type 'JSX.IntrinsicElements'.
src/icons/Fonts/general-sans/GeneralSansVariable.tsx(4018,5): error TS2339: Property 'hkern' does not exist on type 'JSX.IntrinsicElements'.
src/icons/Fonts/general-sans/GeneralSansVariable.tsx(4019,5): error TS2339: Property 'hkern' does not exist on type 'JSX.IntrinsicElements'.
src/icons/Fonts/general-sans/GeneralSansVariable.tsx(4020,5): error TS2339: Property 'hkern' does not exist on type 'JSX.IntrinsicElements'.
src/icons/Fonts/general-sans/GeneralSansVariable.tsx(4021,5): error TS2339: Property 'hkern' does not exist on type 'JSX.IntrinsicElements'.
src/icons/Fonts/general-sans/GeneralSansVariable.tsx(4022,5): error TS2339: Property 'hkern' does not exist on type 'JSX.IntrinsicElements'.
src/icons/Fonts/general-sans/GeneralSansVariable.tsx(4023,5): error TS2339: Property 'hkern' does not exist on type 'JSX.IntrinsicElements'.
src/icons/Fonts/general-sans/GeneralSansVariable.tsx(4024,5): error TS2339: Property 'hkern' does not exist on type 'JSX.IntrinsicElements'.
src/icons/Fonts/general-sans/GeneralSansVariable.tsx(4025,5): error TS2339: Property 'hkern' does not exist on type 'JSX.IntrinsicElements'.
src/icons/Fonts/general-sans/GeneralSansVariable.tsx(4026,5): error TS2339: Property 'hkern' does not exist on type 'JSX.IntrinsicElements'.
src/icons/Fonts/general-sans/GeneralSansVariable.tsx(4027,5): error TS2339: Property 'hkern' does not exist on type 'JSX.IntrinsicElements'.
src/icons/Fonts/general-sans/GeneralSansVariable.tsx(4028,5): error TS2339: Property 'hkern' does not exist on type 'JSX.IntrinsicElements'.
src/icons/Fonts/general-sans/GeneralSansVariable.tsx(4029,5): error TS2339: Property 'hkern' does not exist on type 'JSX.IntrinsicElements'.
src/icons/Fonts/general-sans/GeneralSansVariable.tsx(4030,5): error TS2339: Property 'hkern' does not exist on type 'JSX.IntrinsicElements'.
src/icons/Fonts/general-sans/GeneralSansVariable.tsx(4031,5): error TS2339: Property 'hkern' does not exist on type 'JSX.IntrinsicElements'.
src/icons/Fonts/general-sans/GeneralSansVariable.tsx(4032,5): error TS2339: Property 'hkern' does not exist on type 'JSX.IntrinsicElements'.
src/icons/Fonts/general-sans/GeneralSansVariable.tsx(4033,5): error TS2339: Property 'hkern' does not exist on type 'JSX.IntrinsicElements'.
src/icons/Fonts/general-sans/GeneralSansVariable.tsx(4034,5): error TS2339: Property 'hkern' does not exist on type 'JSX.IntrinsicElements'.
src/icons/Fonts/general-sans/GeneralSansVariable.tsx(4035,5): error TS2339: Property 'hkern' does not exist on type 'JSX.IntrinsicElements'.
src/icons/Fonts/general-sans/GeneralSansVariable.tsx(4036,5): error TS2339: Property 'hkern' does not exist on type 'JSX.IntrinsicElements'.
src/icons/Fonts/general-sans/GeneralSansVariable.tsx(4037,5): error TS2339: Property 'hkern' does not exist on type 'JSX.IntrinsicElements'.
src/icons/Fonts/general-sans/GeneralSansVariable.tsx(4038,5): error TS2339: Property 'hkern' does not exist on type 'JSX.IntrinsicElements'.
src/icons/Fonts/general-sans/GeneralSansVariable.tsx(4039,5): error TS2339: Property 'hkern' does not exist on type 'JSX.IntrinsicElements'.
src/icons/Fonts/general-sans/GeneralSansVariable.tsx(4040,5): error TS2339: Property 'hkern' does not exist on type 'JSX.IntrinsicElements'.
src/icons/Fonts/general-sans/GeneralSansVariable.tsx(4041,5): error TS2339: Property 'hkern' does not exist on type 'JSX.IntrinsicElements'.
src/icons/Fonts/general-sans/GeneralSansVariable.tsx(4042,5): error TS2339: Property 'hkern' does not exist on type 'JSX.IntrinsicElements'.
src/icons/Fonts/general-sans/GeneralSansVariable.tsx(4043,5): error TS2339: Property 'hkern' does not exist on type 'JSX.IntrinsicElements'.
src/icons/Fonts/general-sans/GeneralSansVariable.tsx(4044,5): error TS2339: Property 'hkern' does not exist on type 'JSX.IntrinsicElements'.
src/icons/Fonts/general-sans/GeneralSansVariable.tsx(4045,5): error TS2339: Property 'hkern' does not exist on type 'JSX.IntrinsicElements'.
src/icons/Fonts/general-sans/GeneralSansVariable.tsx(4046,5): error TS2339: Property 'hkern' does not exist on type 'JSX.IntrinsicElements'.
src/icons/Fonts/general-sans/GeneralSansVariable.tsx(4047,5): error TS2339: Property 'hkern' does not exist on type 'JSX.IntrinsicElements'.
src/icons/Fonts/general-sans/GeneralSansVariable.tsx(4048,5): error TS2339: Property 'hkern' does not exist on type 'JSX.IntrinsicElements'.
src/icons/Fonts/general-sans/GeneralSansVariable.tsx(4049,5): error TS2339: Property 'hkern' does not exist on type 'JSX.IntrinsicElements'.
src/icons/Fonts/general-sans/GeneralSansVariable.tsx(4050,5): error TS2339: Property 'hkern' does not exist on type 'JSX.IntrinsicElements'.
src/icons/Fonts/general-sans/GeneralSansVariable.tsx(4051,5): error TS2339: Property 'hkern' does not exist on type 'JSX.IntrinsicElements'.
src/icons/Fonts/general-sans/GeneralSansVariable.tsx(4052,5): error TS2339: Property 'hkern' does not exist on type 'JSX.IntrinsicElements'.
src/icons/Fonts/general-sans/GeneralSansVariable.tsx(4053,5): error TS2339: Property 'hkern' does not exist on type 'JSX.IntrinsicElements'.
src/icons/Fonts/general-sans/GeneralSansVariable.tsx(4054,5): error TS2339: Property 'hkern' does not exist on type 'JSX.IntrinsicElements'.
src/icons/Fonts/general-sans/GeneralSansVariable.tsx(4055,5): error TS2339: Property 'hkern' does not exist on type 'JSX.IntrinsicElements'.
src/icons/Fonts/general-sans/GeneralSansVariable.tsx(4056,5): error TS2339: Property 'hkern' does not exist on type 'JSX.IntrinsicElements'.
src/icons/Fonts/general-sans/GeneralSansVariable.tsx(4057,5): error TS2339: Property 'hkern' does not exist on type 'JSX.IntrinsicElements'.
src/icons/Fonts/general-sans/GeneralSansVariable.tsx(4058,5): error TS2339: Property 'hkern' does not exist on type 'JSX.IntrinsicElements'.
src/icons/Fonts/general-sans/GeneralSansVariable.tsx(4059,5): error TS2339: Property 'hkern' does not exist on type 'JSX.IntrinsicElements'.
src/icons/Fonts/general-sans/GeneralSansVariable.tsx(4060,5): error TS2339: Property 'hkern' does not exist on type 'JSX.IntrinsicElements'.
src/icons/Fonts/general-sans/GeneralSansVariable.tsx(4061,5): error TS2339: Property 'hkern' does not exist on type 'JSX.IntrinsicElements'.
src/icons/Fonts/general-sans/GeneralSansVariable.tsx(4062,5): error TS2339: Property 'hkern' does not exist on type 'JSX.IntrinsicElements'.
src/icons/Fonts/general-sans/GeneralSansVariable.tsx(4063,5): error TS2339: Property 'hkern' does not exist on type 'JSX.IntrinsicElements'.
src/icons/Fonts/general-sans/GeneralSansVariable.tsx(4064,5): error TS2339: Property 'hkern' does not exist on type 'JSX.IntrinsicElements'.
src/icons/Fonts/general-sans/GeneralSansVariable.tsx(4065,5): error TS2339: Property 'hkern' does not exist on type 'JSX.IntrinsicElements'.
src/icons/Fonts/general-sans/GeneralSansVariable.tsx(4066,5): error TS2339: Property 'hkern' does not exist on type 'JSX.IntrinsicElements'.
src/icons/Fonts/general-sans/GeneralSansVariable.tsx(4067,5): error TS2339: Property 'hkern' does not exist on type 'JSX.IntrinsicElements'.
src/icons/Fonts/general-sans/GeneralSansVariable.tsx(4068,5): error TS2339: Property 'hkern' does not exist on type 'JSX.IntrinsicElements'.
src/icons/Fonts/general-sans/GeneralSansVariable.tsx(4069,5): error TS2339: Property 'hkern' does not exist on type 'JSX.IntrinsicElements'.
src/icons/Fonts/general-sans/GeneralSansVariable.tsx(4070,5): error TS2339: Property 'hkern' does not exist on type 'JSX.IntrinsicElements'.
src/icons/Fonts/general-sans/GeneralSansVariable.tsx(4071,5): error TS2339: Property 'hkern' does not exist on type 'JSX.IntrinsicElements'.
src/icons/Fonts/general-sans/GeneralSansVariable.tsx(4072,5): error TS2339: Property 'hkern' does not exist on type 'JSX.IntrinsicElements'.
src/icons/Fonts/general-sans/GeneralSansVariable.tsx(4073,5): error TS2339: Property 'hkern' does not exist on type 'JSX.IntrinsicElements'.
src/icons/Fonts/general-sans/GeneralSansVariable.tsx(4074,5): error TS2339: Property 'hkern' does not exist on type 'JSX.IntrinsicElements'.
src/icons/Fonts/general-sans/GeneralSansVariable.tsx(4075,5): error TS2339: Property 'hkern' does not exist on type 'JSX.IntrinsicElements'.
src/icons/Fonts/general-sans/GeneralSansVariable.tsx(4076,5): error TS2339: Property 'hkern' does not exist on type 'JSX.IntrinsicElements'.
src/icons/Fonts/general-sans/GeneralSansVariable.tsx(4077,5): error TS2339: Property 'hkern' does not exist on type 'JSX.IntrinsicElements'.
src/icons/Fonts/general-sans/GeneralSansVariable.tsx(4078,5): error TS2339: Property 'hkern' does not exist on type 'JSX.IntrinsicElements'.
src/icons/Fonts/general-sans/GeneralSansVariable.tsx(4079,5): error TS2339: Property 'hkern' does not exist on type 'JSX.IntrinsicElements'.
src/icons/Fonts/general-sans/GeneralSansVariable.tsx(4080,5): error TS2339: Property 'hkern' does not exist on type 'JSX.IntrinsicElements'.
src/icons/Fonts/general-sans/GeneralSansVariable.tsx(4081,5): error TS2339: Property 'hkern' does not exist on type 'JSX.IntrinsicElements'.
src/icons/Fonts/general-sans/GeneralSansVariable.tsx(4082,5): error TS2339: Property 'hkern' does not exist on type 'JSX.IntrinsicElements'.
src/icons/Fonts/general-sans/GeneralSansVariable.tsx(4083,5): error TS2339: Property 'hkern' does not exist on type 'JSX.IntrinsicElements'.
src/icons/Fonts/general-sans/GeneralSansVariable.tsx(4084,5): error TS2339: Property 'hkern' does not exist on type 'JSX.IntrinsicElements'.
src/icons/Fonts/general-sans/GeneralSansVariable.tsx(4085,5): error TS2339: Property 'hkern' does not exist on type 'JSX.IntrinsicElements'.
src/icons/Fonts/general-sans/GeneralSansVariable.tsx(4086,5): error TS2339: Property 'hkern' does not exist on type 'JSX.IntrinsicElements'.
src/icons/Fonts/general-sans/GeneralSansVariable.tsx(4087,5): error TS2339: Property 'hkern' does not exist on type 'JSX.IntrinsicElements'.
src/icons/Fonts/general-sans/GeneralSansVariable.tsx(4088,5): error TS2339: Property 'hkern' does not exist on type 'JSX.IntrinsicElements'.
src/icons/Fonts/general-sans/GeneralSansVariable.tsx(4089,5): error TS2339: Property 'hkern' does not exist on type 'JSX.IntrinsicElements'.
src/icons/Fonts/general-sans/GeneralSansVariable.tsx(4090,5): error TS2339: Property 'hkern' does not exist on type 'JSX.IntrinsicElements'.
src/icons/Fonts/general-sans/GeneralSansVariable.tsx(4091,5): error TS2339: Property 'hkern' does not exist on type 'JSX.IntrinsicElements'.
src/icons/Fonts/general-sans/GeneralSansVariable.tsx(4092,5): error TS2339: Property 'hkern' does not exist on type 'JSX.IntrinsicElements'.
src/icons/Fonts/general-sans/GeneralSansVariable.tsx(4093,5): error TS2339: Property 'hkern' does not exist on type 'JSX.IntrinsicElements'.
src/icons/Fonts/general-sans/GeneralSansVariable.tsx(4094,5): error TS2339: Property 'hkern' does not exist on type 'JSX.IntrinsicElements'.
src/icons/Fonts/general-sans/GeneralSansVariable.tsx(4095,5): error TS2339: Property 'hkern' does not exist on type 'JSX.IntrinsicElements'.
src/icons/Fonts/general-sans/GeneralSansVariable.tsx(4096,5): error TS2339: Property 'hkern' does not exist on type 'JSX.IntrinsicElements'.
src/icons/Fonts/general-sans/GeneralSansVariable.tsx(4097,5): error TS2339: Property 'hkern' does not exist on type 'JSX.IntrinsicElements'.
src/icons/Fonts/general-sans/GeneralSansVariable.tsx(4098,5): error TS2339: Property 'hkern' does not exist on type 'JSX.IntrinsicElements'.
src/icons/Fonts/general-sans/GeneralSansVariable.tsx(4099,5): error TS2339: Property 'hkern' does not exist on type 'JSX.IntrinsicElements'.
src/icons/Fonts/general-sans/GeneralSansVariable.tsx(4100,5): error TS2339: Property 'hkern' does not exist on type 'JSX.IntrinsicElements'.
src/icons/Fonts/general-sans/GeneralSansVariable.tsx(4101,5): error TS2339: Property 'hkern' does not exist on type 'JSX.IntrinsicElements'.
src/icons/Fonts/general-sans/GeneralSansVariable.tsx(4102,5): error TS2339: Property 'hkern' does not exist on type 'JSX.IntrinsicElements'.
src/icons/Fonts/general-sans/GeneralSansVariable.tsx(4103,5): error TS2339: Property 'hkern' does not exist on type 'JSX.IntrinsicElements'.
src/icons/Fonts/general-sans/GeneralSansVariable.tsx(4104,5): error TS2339: Property 'hkern' does not exist on type 'JSX.IntrinsicElements'.
src/icons/Fonts/general-sans/GeneralSansVariable.tsx(4105,5): error TS2339: Property 'hkern' does not exist on type 'JSX.IntrinsicElements'.
src/icons/Fonts/general-sans/GeneralSansVariable.tsx(4106,5): error TS2339: Property 'hkern' does not exist on type 'JSX.IntrinsicElements'.
src/icons/Fonts/general-sans/GeneralSansVariable.tsx(4107,5): error TS2339: Property 'hkern' does not exist on type 'JSX.IntrinsicElements'.
src/icons/Fonts/general-sans/GeneralSansVariable.tsx(4108,5): error TS2339: Property 'hkern' does not exist on type 'JSX.IntrinsicElements'.
src/icons/Fonts/general-sans/GeneralSansVariable.tsx(4109,5): error TS2339: Property 'hkern' does not exist on type 'JSX.IntrinsicElements'.
src/icons/Fonts/general-sans/GeneralSansVariable.tsx(4110,5): error TS2339: Property 'hkern' does not exist on type 'JSX.IntrinsicElements'.
src/icons/Fonts/general-sans/GeneralSansVariable.tsx(4111,5): error TS2339: Property 'hkern' does not exist on type 'JSX.IntrinsicElements'.
src/icons/Fonts/general-sans/GeneralSansVariable.tsx(4112,5): error TS2339: Property 'hkern' does not exist on type 'JSX.IntrinsicElements'.
src/icons/Fonts/general-sans/GeneralSansVariable.tsx(4113,5): error TS2339: Property 'hkern' does not exist on type 'JSX.IntrinsicElements'.
src/icons/Fonts/general-sans/GeneralSansVariable.tsx(4114,5): error TS2339: Property 'hkern' does not exist on type 'JSX.IntrinsicElements'.
src/icons/Fonts/general-sans/GeneralSansVariable.tsx(4115,5): error TS2339: Property 'hkern' does not exist on type 'JSX.IntrinsicElements'.
src/icons/Fonts/general-sans/GeneralSansVariable.tsx(4116,5): error TS2339: Property 'hkern' does not exist on type 'JSX.IntrinsicElements'.
src/icons/Fonts/general-sans/GeneralSansVariable.tsx(4117,5): error TS2339: Property 'hkern' does not exist on type 'JSX.IntrinsicElements'.
src/icons/Fonts/general-sans/GeneralSansVariable.tsx(4118,5): error TS2339: Property 'hkern' does not exist on type 'JSX.IntrinsicElements'.
src/icons/Fonts/general-sans/GeneralSansVariable.tsx(4119,5): error TS2339: Property 'hkern' does not exist on type 'JSX.IntrinsicElements'.
src/icons/Fonts/general-sans/GeneralSansVariable.tsx(4120,5): error TS2339: Property 'hkern' does not exist on type 'JSX.IntrinsicElements'.
src/icons/Fonts/general-sans/GeneralSansVariable.tsx(4121,5): error TS2339: Property 'hkern' does not exist on type 'JSX.IntrinsicElements'.
src/icons/Fonts/general-sans/GeneralSansVariable.tsx(4122,5): error TS2339: Property 'hkern' does not exist on type 'JSX.IntrinsicElements'.
src/icons/Fonts/general-sans/GeneralSansVariable.tsx(4123,5): error TS2339: Property 'hkern' does not exist on type 'JSX.IntrinsicElements'.
src/icons/Fonts/general-sans/GeneralSansVariable.tsx(4124,5): error TS2339: Property 'hkern' does not exist on type 'JSX.IntrinsicElements'.
src/icons/Fonts/general-sans/GeneralSansVariable.tsx(4125,5): error TS2339: Property 'hkern' does not exist on type 'JSX.IntrinsicElements'.
src/icons/Fonts/general-sans/GeneralSansVariable.tsx(4126,5): error TS2339: Property 'hkern' does not exist on type 'JSX.IntrinsicElements'.
src/icons/Fonts/general-sans/GeneralSansVariable.tsx(4127,5): error TS2339: Property 'hkern' does not exist on type 'JSX.IntrinsicElements'.
src/icons/Fonts/general-sans/GeneralSansVariable.tsx(4128,5): error TS2339: Property 'hkern' does not exist on type 'JSX.IntrinsicElements'.
src/icons/Fonts/general-sans/GeneralSansVariable.tsx(4129,5): error TS2339: Property 'hkern' does not exist on type 'JSX.IntrinsicElements'.
src/icons/Fonts/general-sans/GeneralSansVariable.tsx(4130,5): error TS2339: Property 'hkern' does not exist on type 'JSX.IntrinsicElements'.
src/icons/Fonts/general-sans/GeneralSansVariable.tsx(4131,5): error TS2339: Property 'hkern' does not exist on type 'JSX.IntrinsicElements'.
src/icons/Fonts/general-sans/GeneralSansVariable.tsx(4132,5): error TS2339: Property 'hkern' does not exist on type 'JSX.IntrinsicElements'.
src/icons/Fonts/general-sans/GeneralSansVariable.tsx(4133,5): error TS2339: Property 'hkern' does not exist on type 'JSX.IntrinsicElements'.
src/icons/Fonts/general-sans/GeneralSansVariable.tsx(4134,5): error TS2339: Property 'hkern' does not exist on type 'JSX.IntrinsicElements'.
src/icons/Fonts/general-sans/GeneralSansVariable.tsx(4135,5): error TS2339: Property 'hkern' does not exist on type 'JSX.IntrinsicElements'.
src/icons/Fonts/general-sans/GeneralSansVariable.tsx(4136,5): error TS2339: Property 'hkern' does not exist on type 'JSX.IntrinsicElements'.
src/icons/Fonts/general-sans/GeneralSansVariable.tsx(4137,5): error TS2339: Property 'hkern' does not exist on type 'JSX.IntrinsicElements'.
src/icons/Fonts/general-sans/GeneralSansVariable.tsx(4138,5): error TS2339: Property 'hkern' does not exist on type 'JSX.IntrinsicElements'.
src/icons/Fonts/general-sans/GeneralSansVariable.tsx(4139,5): error TS2339: Property 'hkern' does not exist on type 'JSX.IntrinsicElements'.
src/icons/Fonts/general-sans/GeneralSansVariable.tsx(4140,5): error TS2339: Property 'hkern' does not exist on type 'JSX.IntrinsicElements'.
src/icons/Fonts/general-sans/GeneralSansVariable.tsx(4141,5): error TS2339: Property 'hkern' does not exist on type 'JSX.IntrinsicElements'.
src/icons/Fonts/general-sans/GeneralSansVariable.tsx(4142,5): error TS2339: Property 'hkern' does not exist on type 'JSX.IntrinsicElements'.
src/icons/Fonts/general-sans/GeneralSansVariable.tsx(4143,5): error TS2339: Property 'hkern' does not exist on type 'JSX.IntrinsicElements'.
src/icons/Fonts/general-sans/GeneralSansVariable.tsx(4144,5): error TS2339: Property 'hkern' does not exist on type 'JSX.IntrinsicElements'.
src/icons/Fonts/general-sans/GeneralSansVariable.tsx(4145,5): error TS2339: Property 'hkern' does not exist on type 'JSX.IntrinsicElements'.
src/icons/Fonts/general-sans/GeneralSansVariable.tsx(4146,5): error TS2339: Property 'hkern' does not exist on type 'JSX.IntrinsicElements'.
src/icons/Fonts/general-sans/GeneralSansVariable.tsx(4147,5): error TS2339: Property 'hkern' does not exist on type 'JSX.IntrinsicElements'.
src/icons/Fonts/general-sans/GeneralSansVariable.tsx(4148,5): error TS2339: Property 'hkern' does not exist on type 'JSX.IntrinsicElements'.
src/icons/Fonts/general-sans/GeneralSansVariable.tsx(4149,5): error TS2339: Property 'hkern' does not exist on type 'JSX.IntrinsicElements'.
src/icons/Fonts/general-sans/GeneralSansVariable.tsx(4150,5): error TS2339: Property 'hkern' does not exist on type 'JSX.IntrinsicElements'.
src/icons/Fonts/general-sans/GeneralSansVariable.tsx(4151,5): error TS2339: Property 'hkern' does not exist on type 'JSX.IntrinsicElements'.
src/icons/Fonts/general-sans/GeneralSansVariable.tsx(4152,5): error TS2339: Property 'hkern' does not exist on type 'JSX.IntrinsicElements'.
src/icons/Fonts/general-sans/GeneralSansVariable.tsx(4153,5): error TS2339: Property 'hkern' does not exist on type 'JSX.IntrinsicElements'.
src/icons/Fonts/general-sans/GeneralSansVariable.tsx(4154,5): error TS2339: Property 'hkern' does not exist on type 'JSX.IntrinsicElements'.
src/icons/Fonts/general-sans/GeneralSansVariable.tsx(4155,5): error TS2339: Property 'hkern' does not exist on type 'JSX.IntrinsicElements'.
src/icons/Fonts/general-sans/GeneralSansVariable.tsx(4156,5): error TS2339: Property 'hkern' does not exist on type 'JSX.IntrinsicElements'.
src/icons/Fonts/general-sans/GeneralSansVariable.tsx(4157,5): error TS2339: Property 'hkern' does not exist on type 'JSX.IntrinsicElements'.
src/icons/Fonts/general-sans/GeneralSansVariable.tsx(4158,5): error TS2339: Property 'hkern' does not exist on type 'JSX.IntrinsicElements'.
src/icons/Fonts/general-sans/GeneralSansVariable.tsx(4159,5): error TS2339: Property 'hkern' does not exist on type 'JSX.IntrinsicElements'.
src/icons/Fonts/general-sans/GeneralSansVariable.tsx(4160,5): error TS2339: Property 'hkern' does not exist on type 'JSX.IntrinsicElements'.
src/icons/Fonts/general-sans/GeneralSansVariable.tsx(4161,5): error TS2339: Property 'hkern' does not exist on type 'JSX.IntrinsicElements'.
src/icons/Fonts/general-sans/GeneralSansVariable.tsx(4162,5): error TS2339: Property 'hkern' does not exist on type 'JSX.IntrinsicElements'.
src/icons/Fonts/general-sans/GeneralSansVariable.tsx(4163,5): error TS2339: Property 'hkern' does not exist on type 'JSX.IntrinsicElements'.
src/icons/Fonts/general-sans/GeneralSansVariable.tsx(4164,5): error TS2339: Property 'hkern' does not exist on type 'JSX.IntrinsicElements'.
src/icons/Fonts/general-sans/GeneralSansVariable.tsx(4165,5): error TS2339: Property 'hkern' does not exist on type 'JSX.IntrinsicElements'.
src/icons/Fonts/general-sans/GeneralSansVariable.tsx(4166,5): error TS2339: Property 'hkern' does not exist on type 'JSX.IntrinsicElements'.
src/icons/Fonts/general-sans/GeneralSansVariable.tsx(4167,5): error TS2339: Property 'hkern' does not exist on type 'JSX.IntrinsicElements'.
src/icons/Fonts/general-sans/GeneralSansVariable.tsx(4168,5): error TS2339: Property 'hkern' does not exist on type 'JSX.IntrinsicElements'.
src/icons/Fonts/general-sans/GeneralSansVariable.tsx(4169,5): error TS2339: Property 'hkern' does not exist on type 'JSX.IntrinsicElements'.
src/icons/Fonts/general-sans/GeneralSansVariable.tsx(4170,5): error TS2339: Property 'hkern' does not exist on type 'JSX.IntrinsicElements'.
src/icons/Fonts/general-sans/GeneralSansVariable.tsx(4171,5): error TS2339: Property 'hkern' does not exist on type 'JSX.IntrinsicElements'.
src/icons/Fonts/general-sans/GeneralSansVariable.tsx(4172,5): error TS2339: Property 'hkern' does not exist on type 'JSX.IntrinsicElements'.
src/icons/Fonts/general-sans/GeneralSansVariable.tsx(4173,5): error TS2339: Property 'hkern' does not exist on type 'JSX.IntrinsicElements'.
src/icons/Fonts/general-sans/GeneralSansVariable.tsx(4174,5): error TS2339: Property 'hkern' does not exist on type 'JSX.IntrinsicElements'.
src/icons/Fonts/general-sans/GeneralSansVariable.tsx(4175,5): error TS2339: Property 'hkern' does not exist on type 'JSX.IntrinsicElements'.
src/icons/Fonts/general-sans/GeneralSansVariable.tsx(4176,5): error TS2339: Property 'hkern' does not exist on type 'JSX.IntrinsicElements'.
src/icons/Fonts/general-sans/GeneralSansVariable.tsx(4177,5): error TS2339: Property 'hkern' does not exist on type 'JSX.IntrinsicElements'.
src/icons/Fonts/general-sans/GeneralSansVariable.tsx(4178,5): error TS2339: Property 'hkern' does not exist on type 'JSX.IntrinsicElements'.
src/icons/Fonts/general-sans/GeneralSansVariable.tsx(4179,5): error TS2339: Property 'hkern' does not exist on type 'JSX.IntrinsicElements'.
src/icons/Fonts/general-sans/GeneralSansVariable.tsx(4180,5): error TS2339: Property 'hkern' does not exist on type 'JSX.IntrinsicElements'.
src/icons/Fonts/general-sans/GeneralSansVariable.tsx(4181,5): error TS2339: Property 'hkern' does not exist on type 'JSX.IntrinsicElements'.
src/icons/Fonts/general-sans/GeneralSansVariable.tsx(4182,5): error TS2339: Property 'hkern' does not exist on type 'JSX.IntrinsicElements'.
src/icons/Fonts/general-sans/GeneralSansVariable.tsx(4183,5): error TS2339: Property 'hkern' does not exist on type 'JSX.IntrinsicElements'.
src/icons/Fonts/general-sans/GeneralSansVariable.tsx(4184,5): error TS2339: Property 'hkern' does not exist on type 'JSX.IntrinsicElements'.
src/icons/Fonts/general-sans/GeneralSansVariable.tsx(4185,5): error TS2339: Property 'hkern' does not exist on type 'JSX.IntrinsicElements'.
src/icons/Fonts/general-sans/GeneralSansVariable.tsx(4186,5): error TS2339: Property 'hkern' does not exist on type 'JSX.IntrinsicElements'.
src/icons/Fonts/general-sans/GeneralSansVariable.tsx(4187,5): error TS2339: Property 'hkern' does not exist on type 'JSX.IntrinsicElements'.
src/icons/Fonts/general-sans/GeneralSansVariable.tsx(4188,5): error TS2339: Property 'hkern' does not exist on type 'JSX.IntrinsicElements'.
src/icons/Fonts/general-sans/GeneralSansVariable.tsx(4189,5): error TS2339: Property 'hkern' does not exist on type 'JSX.IntrinsicElements'.
src/icons/Fonts/general-sans/GeneralSansVariable.tsx(4190,5): error TS2339: Property 'hkern' does not exist on type 'JSX.IntrinsicElements'.
src/icons/Fonts/general-sans/GeneralSansVariable.tsx(4191,5): error TS2339: Property 'hkern' does not exist on type 'JSX.IntrinsicElements'.
src/icons/Fonts/general-sans/GeneralSansVariable.tsx(4192,5): error TS2339: Property 'hkern' does not exist on type 'JSX.IntrinsicElements'.
src/icons/Fonts/general-sans/GeneralSansVariable.tsx(4193,5): error TS2339: Property 'hkern' does not exist on type 'JSX.IntrinsicElements'.
src/icons/Fonts/general-sans/GeneralSansVariable.tsx(4194,5): error TS2339: Property 'hkern' does not exist on type 'JSX.IntrinsicElements'.
src/icons/Fonts/general-sans/GeneralSansVariable.tsx(4195,5): error TS2339: Property 'hkern' does not exist on type 'JSX.IntrinsicElements'.
src/icons/Fonts/general-sans/GeneralSansVariable.tsx(4196,5): error TS2339: Property 'hkern' does not exist on type 'JSX.IntrinsicElements'.
src/icons/Fonts/general-sans/GeneralSansVariable.tsx(4197,5): error TS2339: Property 'hkern' does not exist on type 'JSX.IntrinsicElements'.
src/icons/Fonts/general-sans/GeneralSansVariable.tsx(4198,5): error TS2339: Property 'hkern' does not exist on type 'JSX.IntrinsicElements'.
src/icons/Fonts/general-sans/GeneralSansVariable.tsx(4199,5): error TS2339: Property 'hkern' does not exist on type 'JSX.IntrinsicElements'.
src/icons/Fonts/general-sans/GeneralSansVariable.tsx(4200,5): error TS2339: Property 'hkern' does not exist on type 'JSX.IntrinsicElements'.
src/icons/Fonts/general-sans/GeneralSansVariable.tsx(4201,5): error TS2339: Property 'hkern' does not exist on type 'JSX.IntrinsicElements'.
src/icons/Fonts/general-sans/GeneralSansVariable.tsx(4202,5): error TS2339: Property 'hkern' does not exist on type 'JSX.IntrinsicElements'.
src/icons/Fonts/general-sans/GeneralSansVariable.tsx(4203,5): error TS2339: Property 'hkern' does not exist on type 'JSX.IntrinsicElements'.
src/icons/Fonts/general-sans/GeneralSansVariable.tsx(4204,5): error TS2339: Property 'hkern' does not exist on type 'JSX.IntrinsicElements'.
src/icons/Fonts/general-sans/GeneralSansVariable.tsx(4205,5): error TS2339: Property 'hkern' does not exist on type 'JSX.IntrinsicElements'.
src/icons/Fonts/general-sans/GeneralSansVariable.tsx(4206,5): error TS2339: Property 'hkern' does not exist on type 'JSX.IntrinsicElements'.
src/icons/Fonts/general-sans/GeneralSansVariable.tsx(4207,5): error TS2339: Property 'hkern' does not exist on type 'JSX.IntrinsicElements'.
src/icons/Fonts/general-sans/GeneralSansVariable.tsx(4208,5): error TS2339: Property 'hkern' does not exist on type 'JSX.IntrinsicElements'.
src/icons/Fonts/general-sans/GeneralSansVariable.tsx(4209,5): error TS2339: Property 'hkern' does not exist on type 'JSX.IntrinsicElements'.
src/icons/Fonts/general-sans/GeneralSansVariable.tsx(4210,5): error TS2339: Property 'hkern' does not exist on type 'JSX.IntrinsicElements'.
src/icons/Fonts/general-sans/GeneralSansVariable.tsx(4211,5): error TS2339: Property 'hkern' does not exist on type 'JSX.IntrinsicElements'.
src/icons/Fonts/general-sans/GeneralSansVariable.tsx(4212,5): error TS2339: Property 'hkern' does not exist on type 'JSX.IntrinsicElements'.
src/icons/Fonts/general-sans/GeneralSansVariable.tsx(4213,5): error TS2339: Property 'hkern' does not exist on type 'JSX.IntrinsicElements'.
src/icons/Fonts/general-sans/GeneralSansVariable.tsx(4214,5): error TS2339: Property 'hkern' does not exist on type 'JSX.IntrinsicElements'.
src/icons/Fonts/general-sans/GeneralSansVariable.tsx(4215,5): error TS2339: Property 'hkern' does not exist on type 'JSX.IntrinsicElements'.
src/icons/Fonts/general-sans/GeneralSansVariable.tsx(4216,5): error TS2339: Property 'hkern' does not exist on type 'JSX.IntrinsicElements'.
src/icons/Fonts/general-sans/GeneralSansVariable.tsx(4217,5): error TS2339: Property 'hkern' does not exist on type 'JSX.IntrinsicElements'.
src/icons/Fonts/general-sans/GeneralSansVariable.tsx(4218,5): error TS2339: Property 'hkern' does not exist on type 'JSX.IntrinsicElements'.
src/icons/Fonts/general-sans/GeneralSansVariable.tsx(4219,5): error TS2339: Property 'hkern' does not exist on type 'JSX.IntrinsicElements'.
src/icons/Fonts/general-sans/GeneralSansVariable.tsx(4220,5): error TS2339: Property 'hkern' does not exist on type 'JSX.IntrinsicElements'.
src/icons/Fonts/general-sans/GeneralSansVariable.tsx(4221,5): error TS2339: Property 'hkern' does not exist on type 'JSX.IntrinsicElements'.
src/icons/Fonts/general-sans/GeneralSansVariable.tsx(4222,5): error TS2339: Property 'hkern' does not exist on type 'JSX.IntrinsicElements'.
src/icons/Fonts/general-sans/GeneralSansVariable.tsx(4223,5): error TS2339: Property 'hkern' does not exist on type 'JSX.IntrinsicElements'.
src/icons/Fonts/general-sans/GeneralSansVariable.tsx(4224,5): error TS2339: Property 'hkern' does not exist on type 'JSX.IntrinsicElements'.
src/icons/Fonts/general-sans/GeneralSansVariable.tsx(4225,5): error TS2339: Property 'hkern' does not exist on type 'JSX.IntrinsicElements'.
src/icons/Fonts/general-sans/GeneralSansVariable.tsx(4226,5): error TS2339: Property 'hkern' does not exist on type 'JSX.IntrinsicElements'.
src/icons/Fonts/general-sans/GeneralSansVariable.tsx(4227,5): error TS2339: Property 'hkern' does not exist on type 'JSX.IntrinsicElements'.
src/icons/Fonts/general-sans/GeneralSansVariable.tsx(4228,5): error TS2339: Property 'hkern' does not exist on type 'JSX.IntrinsicElements'.
src/icons/Fonts/general-sans/GeneralSansVariable.tsx(4229,5): error TS2339: Property 'hkern' does not exist on type 'JSX.IntrinsicElements'.
src/icons/Fonts/general-sans/GeneralSansVariable.tsx(4230,5): error TS2339: Property 'hkern' does not exist on type 'JSX.IntrinsicElements'.
src/icons/Fonts/general-sans/GeneralSansVariable.tsx(4231,5): error TS2339: Property 'hkern' does not exist on type 'JSX.IntrinsicElements'.
src/icons/Fonts/general-sans/GeneralSansVariable.tsx(4232,5): error TS2339: Property 'hkern' does not exist on type 'JSX.IntrinsicElements'.
src/icons/Fonts/general-sans/GeneralSansVariable.tsx(4233,5): error TS2339: Property 'hkern' does not exist on type 'JSX.IntrinsicElements'.
src/icons/Fonts/general-sans/GeneralSansVariable.tsx(4234,5): error TS2339: Property 'hkern' does not exist on type 'JSX.IntrinsicElements'.
src/icons/Fonts/general-sans/GeneralSansVariable.tsx(4235,5): error TS2339: Property 'hkern' does not exist on type 'JSX.IntrinsicElements'.
src/icons/Fonts/general-sans/GeneralSansVariable.tsx(4236,5): error TS2339: Property 'hkern' does not exist on type 'JSX.IntrinsicElements'.
src/icons/Fonts/general-sans/GeneralSansVariable.tsx(4237,5): error TS2339: Property 'hkern' does not exist on type 'JSX.IntrinsicElements'.
src/icons/Fonts/general-sans/GeneralSansVariable.tsx(4238,5): error TS2339: Property 'hkern' does not exist on type 'JSX.IntrinsicElements'.
src/icons/Fonts/general-sans/GeneralSansVariable.tsx(4239,5): error TS2339: Property 'hkern' does not exist on type 'JSX.IntrinsicElements'.
src/icons/Fonts/general-sans/GeneralSansVariable.tsx(4240,5): error TS2339: Property 'hkern' does not exist on type 'JSX.IntrinsicElements'.
src/icons/Fonts/general-sans/GeneralSansVariable.tsx(4241,5): error TS2339: Property 'hkern' does not exist on type 'JSX.IntrinsicElements'.
src/icons/Fonts/general-sans/GeneralSansVariable.tsx(4242,5): error TS2339: Property 'hkern' does not exist on type 'JSX.IntrinsicElements'.
src/icons/Fonts/general-sans/GeneralSansVariable.tsx(4243,5): error TS2339: Property 'hkern' does not exist on type 'JSX.IntrinsicElements'.
src/icons/Fonts/general-sans/GeneralSansVariable.tsx(4244,5): error TS2339: Property 'hkern' does not exist on type 'JSX.IntrinsicElements'.
src/icons/Fonts/general-sans/GeneralSansVariable.tsx(4245,5): error TS2339: Property 'hkern' does not exist on type 'JSX.IntrinsicElements'.
src/icons/Fonts/general-sans/GeneralSansVariable.tsx(4246,5): error TS2339: Property 'hkern' does not exist on type 'JSX.IntrinsicElements'.
src/icons/Fonts/general-sans/GeneralSansVariable.tsx(4247,5): error TS2339: Property 'hkern' does not exist on type 'JSX.IntrinsicElements'.
src/icons/Fonts/general-sans/GeneralSansVariable.tsx(4248,5): error TS2339: Property 'hkern' does not exist on type 'JSX.IntrinsicElements'.
src/icons/Fonts/general-sans/GeneralSansVariable.tsx(4249,5): error TS2339: Property 'hkern' does not exist on type 'JSX.IntrinsicElements'.
src/icons/Fonts/general-sans/GeneralSansVariable.tsx(4250,5): error TS2339: Property 'hkern' does not exist on type 'JSX.IntrinsicElements'.
src/icons/Fonts/general-sans/GeneralSansVariable.tsx(4251,5): error TS2339: Property 'hkern' does not exist on type 'JSX.IntrinsicElements'.
src/icons/Fonts/general-sans/GeneralSansVariable.tsx(4252,5): error TS2339: Property 'hkern' does not exist on type 'JSX.IntrinsicElements'.
src/icons/Fonts/general-sans/GeneralSansVariable.tsx(4253,5): error TS2339: Property 'hkern' does not exist on type 'JSX.IntrinsicElements'.
src/icons/Fonts/general-sans/GeneralSansVariable.tsx(4254,5): error TS2339: Property 'hkern' does not exist on type 'JSX.IntrinsicElements'.
src/icons/Fonts/general-sans/GeneralSansVariable.tsx(4255,5): error TS2339: Property 'hkern' does not exist on type 'JSX.IntrinsicElements'.
src/icons/Fonts/general-sans/GeneralSansVariable.tsx(4256,5): error TS2339: Property 'hkern' does not exist on type 'JSX.IntrinsicElements'.
src/icons/Fonts/general-sans/GeneralSansVariable.tsx(4257,5): error TS2339: Property 'hkern' does not exist on type 'JSX.IntrinsicElements'.
src/icons/Fonts/general-sans/GeneralSansVariable.tsx(4258,5): error TS2339: Property 'hkern' does not exist on type 'JSX.IntrinsicElements'.
src/icons/Fonts/general-sans/GeneralSansVariable.tsx(4259,5): error TS2339: Property 'hkern' does not exist on type 'JSX.IntrinsicElements'.
src/icons/Fonts/general-sans/GeneralSansVariable.tsx(4260,5): error TS2339: Property 'hkern' does not exist on type 'JSX.IntrinsicElements'.
src/icons/Fonts/general-sans/GeneralSansVariable.tsx(4261,5): error TS2339: Property 'hkern' does not exist on type 'JSX.IntrinsicElements'.
src/icons/Fonts/general-sans/GeneralSansVariable.tsx(4262,5): error TS2339: Property 'hkern' does not exist on type 'JSX.IntrinsicElements'.
src/icons/Fonts/general-sans/GeneralSansVariable.tsx(4263,5): error TS2339: Property 'hkern' does not exist on type 'JSX.IntrinsicElements'.
src/icons/Fonts/general-sans/GeneralSansVariable.tsx(4264,5): error TS2339: Property 'hkern' does not exist on type 'JSX.IntrinsicElements'.
src/icons/Fonts/general-sans/GeneralSansVariable.tsx(4265,5): error TS2339: Property 'hkern' does not exist on type 'JSX.IntrinsicElements'.
src/icons/Fonts/general-sans/GeneralSansVariable.tsx(4266,5): error TS2339: Property 'hkern' does not exist on type 'JSX.IntrinsicElements'.
src/icons/Fonts/general-sans/GeneralSansVariable.tsx(4267,5): error TS2339: Property 'hkern' does not exist on type 'JSX.IntrinsicElements'.
src/icons/Fonts/general-sans/GeneralSansVariable.tsx(4268,5): error TS2339: Property 'hkern' does not exist on type 'JSX.IntrinsicElements'.
src/icons/Fonts/general-sans/GeneralSansVariable.tsx(4269,5): error TS2339: Property 'hkern' does not exist on type 'JSX.IntrinsicElements'.
src/icons/Fonts/general-sans/GeneralSansVariable.tsx(4270,5): error TS2339: Property 'hkern' does not exist on type 'JSX.IntrinsicElements'.
src/icons/Fonts/general-sans/GeneralSansVariable.tsx(4271,5): error TS2339: Property 'hkern' does not exist on type 'JSX.IntrinsicElements'.
src/icons/Fonts/general-sans/GeneralSansVariable.tsx(4272,5): error TS2339: Property 'hkern' does not exist on type 'JSX.IntrinsicElements'.
src/icons/Fonts/general-sans/GeneralSansVariable.tsx(4273,5): error TS2339: Property 'hkern' does not exist on type 'JSX.IntrinsicElements'.
src/icons/Fonts/general-sans/GeneralSansVariable.tsx(4274,5): error TS2339: Property 'hkern' does not exist on type 'JSX.IntrinsicElements'.
src/icons/Fonts/general-sans/GeneralSansVariable.tsx(4275,5): error TS2339: Property 'hkern' does not exist on type 'JSX.IntrinsicElements'.
src/icons/Fonts/general-sans/GeneralSansVariable.tsx(4276,5): error TS2339: Property 'hkern' does not exist on type 'JSX.IntrinsicElements'.
src/icons/Fonts/general-sans/GeneralSansVariable.tsx(4277,5): error TS2339: Property 'hkern' does not exist on type 'JSX.IntrinsicElements'.
src/icons/Fonts/general-sans/GeneralSansVariable.tsx(4278,5): error TS2339: Property 'hkern' does not exist on type 'JSX.IntrinsicElements'.
src/icons/Fonts/general-sans/GeneralSansVariable.tsx(4279,5): error TS2339: Property 'hkern' does not exist on type 'JSX.IntrinsicElements'.
src/icons/Fonts/general-sans/GeneralSansVariable.tsx(4280,5): error TS2339: Property 'hkern' does not exist on type 'JSX.IntrinsicElements'.
src/icons/Fonts/general-sans/GeneralSansVariable.tsx(4281,5): error TS2339: Property 'hkern' does not exist on type 'JSX.IntrinsicElements'.
src/icons/Fonts/general-sans/GeneralSansVariable.tsx(4282,5): error TS2339: Property 'hkern' does not exist on type 'JSX.IntrinsicElements'.
src/icons/Fonts/general-sans/GeneralSansVariable.tsx(4283,5): error TS2339: Property 'hkern' does not exist on type 'JSX.IntrinsicElements'.
src/icons/Fonts/general-sans/GeneralSansVariable.tsx(4284,5): error TS2339: Property 'hkern' does not exist on type 'JSX.IntrinsicElements'.
src/icons/Fonts/general-sans/GeneralSansVariable.tsx(4285,5): error TS2339: Property 'hkern' does not exist on type 'JSX.IntrinsicElements'.
src/icons/Fonts/general-sans/GeneralSansVariable.tsx(4286,5): error TS2339: Property 'hkern' does not exist on type 'JSX.IntrinsicElements'.
src/icons/Fonts/general-sans/GeneralSansVariable.tsx(4287,5): error TS2339: Property 'hkern' does not exist on type 'JSX.IntrinsicElements'.
src/icons/Fonts/general-sans/GeneralSansVariable.tsx(4288,5): error TS2339: Property 'hkern' does not exist on type 'JSX.IntrinsicElements'.
src/icons/Fonts/general-sans/GeneralSansVariable.tsx(4289,5): error TS2339: Property 'hkern' does not exist on type 'JSX.IntrinsicElements'.
src/icons/Fonts/general-sans/GeneralSansVariable.tsx(4290,5): error TS2339: Property 'hkern' does not exist on type 'JSX.IntrinsicElements'.
src/icons/Fonts/general-sans/GeneralSansVariable.tsx(4291,5): error TS2339: Property 'hkern' does not exist on type 'JSX.IntrinsicElements'.
src/icons/Fonts/general-sans/GeneralSansVariable.tsx(4292,5): error TS2339: Property 'hkern' does not exist on type 'JSX.IntrinsicElements'.
src/icons/Fonts/general-sans/GeneralSansVariable.tsx(4293,5): error TS2339: Property 'hkern' does not exist on type 'JSX.IntrinsicElements'.
src/icons/Fonts/general-sans/GeneralSansVariable.tsx(4294,5): error TS2339: Property 'hkern' does not exist on type 'JSX.IntrinsicElements'.
src/icons/Fonts/general-sans/GeneralSansVariable.tsx(4295,5): error TS2339: Property 'hkern' does not exist on type 'JSX.IntrinsicElements'.
src/icons/Fonts/general-sans/GeneralSansVariable.tsx(4296,5): error TS2339: Property 'hkern' does not exist on type 'JSX.IntrinsicElements'.
src/icons/Fonts/general-sans/GeneralSansVariable.tsx(4297,5): error TS2339: Property 'hkern' does not exist on type 'JSX.IntrinsicElements'.
src/icons/Fonts/general-sans/GeneralSansVariable.tsx(4298,5): error TS2339: Property 'hkern' does not exist on type 'JSX.IntrinsicElements'.
src/icons/Fonts/general-sans/GeneralSansVariable.tsx(4299,5): error TS2339: Property 'hkern' does not exist on type 'JSX.IntrinsicElements'.
src/icons/Fonts/general-sans/GeneralSansVariable.tsx(4300,5): error TS2339: Property 'hkern' does not exist on type 'JSX.IntrinsicElements'.
src/icons/Fonts/general-sans/GeneralSansVariable.tsx(4301,5): error TS2339: Property 'hkern' does not exist on type 'JSX.IntrinsicElements'.
src/icons/Fonts/general-sans/GeneralSansVariable.tsx(4302,5): error TS2339: Property 'hkern' does not exist on type 'JSX.IntrinsicElements'.
src/icons/Fonts/general-sans/GeneralSansVariable.tsx(4303,5): error TS2339: Property 'hkern' does not exist on type 'JSX.IntrinsicElements'.
src/icons/Fonts/general-sans/GeneralSansVariable.tsx(4304,5): error TS2339: Property 'hkern' does not exist on type 'JSX.IntrinsicElements'.
src/icons/Fonts/general-sans/GeneralSansVariable.tsx(4305,5): error TS2339: Property 'hkern' does not exist on type 'JSX.IntrinsicElements'.
src/icons/Fonts/general-sans/GeneralSansVariable.tsx(4306,5): error TS2339: Property 'hkern' does not exist on type 'JSX.IntrinsicElements'.
src/icons/Fonts/general-sans/GeneralSansVariable.tsx(4307,5): error TS2339: Property 'hkern' does not exist on type 'JSX.IntrinsicElements'.
src/icons/Fonts/general-sans/GeneralSansVariable.tsx(4308,5): error TS2339: Property 'hkern' does not exist on type 'JSX.IntrinsicElements'.
src/icons/Fonts/general-sans/GeneralSansVariable.tsx(4309,5): error TS2339: Property 'hkern' does not exist on type 'JSX.IntrinsicElements'.
src/icons/Fonts/general-sans/GeneralSansVariable.tsx(4310,5): error TS2339: Property 'hkern' does not exist on type 'JSX.IntrinsicElements'.
src/icons/Fonts/general-sans/GeneralSansVariable.tsx(4311,5): error TS2339: Property 'hkern' does not exist on type 'JSX.IntrinsicElements'.
src/icons/Fonts/general-sans/GeneralSansVariable.tsx(4312,5): error TS2339: Property 'hkern' does not exist on type 'JSX.IntrinsicElements'.
src/icons/Fonts/general-sans/GeneralSansVariable.tsx(4313,5): error TS2339: Property 'hkern' does not exist on type 'JSX.IntrinsicElements'.
src/icons/Fonts/general-sans/GeneralSansVariable.tsx(4314,5): error TS2339: Property 'hkern' does not exist on type 'JSX.IntrinsicElements'.
src/icons/Fonts/general-sans/GeneralSansVariable.tsx(4315,5): error TS2339: Property 'hkern' does not exist on type 'JSX.IntrinsicElements'.
src/icons/Fonts/general-sans/GeneralSansVariable.tsx(4316,5): error TS2339: Property 'hkern' does not exist on type 'JSX.IntrinsicElements'.
src/icons/Fonts/general-sans/GeneralSansVariable.tsx(4317,5): error TS2339: Property 'hkern' does not exist on type 'JSX.IntrinsicElements'.
src/icons/Fonts/general-sans/GeneralSansVariable.tsx(4318,5): error TS2339: Property 'hkern' does not exist on type 'JSX.IntrinsicElements'.
src/icons/Fonts/general-sans/GeneralSansVariable.tsx(4319,5): error TS2339: Property 'hkern' does not exist on type 'JSX.IntrinsicElements'.
src/icons/Fonts/general-sans/GeneralSansVariable.tsx(4320,5): error TS2339: Property 'hkern' does not exist on type 'JSX.IntrinsicElements'.
src/icons/Fonts/general-sans/GeneralSansVariable.tsx(4321,5): error TS2339: Property 'hkern' does not exist on type 'JSX.IntrinsicElements'.
src/icons/Fonts/general-sans/GeneralSansVariable.tsx(4322,5): error TS2339: Property 'hkern' does not exist on type 'JSX.IntrinsicElements'.
src/icons/Fonts/general-sans/GeneralSansVariable.tsx(4323,5): error TS2339: Property 'hkern' does not exist on type 'JSX.IntrinsicElements'.
src/icons/Fonts/general-sans/GeneralSansVariable.tsx(4324,5): error TS2339: Property 'hkern' does not exist on type 'JSX.IntrinsicElements'.
src/icons/Fonts/general-sans/GeneralSansVariable.tsx(4325,5): error TS2339: Property 'hkern' does not exist on type 'JSX.IntrinsicElements'.
src/icons/Fonts/general-sans/GeneralSansVariable.tsx(4326,5): error TS2339: Property 'hkern' does not exist on type 'JSX.IntrinsicElements'.
src/icons/Fonts/general-sans/GeneralSansVariable.tsx(4327,5): error TS2339: Property 'hkern' does not exist on type 'JSX.IntrinsicElements'.
src/icons/Fonts/general-sans/GeneralSansVariable.tsx(4328,5): error TS2339: Property 'hkern' does not exist on type 'JSX.IntrinsicElements'.
src/icons/Fonts/general-sans/GeneralSansVariable.tsx(4329,5): error TS2339: Property 'hkern' does not exist on type 'JSX.IntrinsicElements'.
src/icons/Fonts/general-sans/GeneralSansVariable.tsx(4330,5): error TS2339: Property 'hkern' does not exist on type 'JSX.IntrinsicElements'.
src/icons/Fonts/general-sans/GeneralSansVariable.tsx(4331,5): error TS2339: Property 'hkern' does not exist on type 'JSX.IntrinsicElements'.
src/icons/Fonts/general-sans/GeneralSansVariable.tsx(4332,5): error TS2339: Property 'hkern' does not exist on type 'JSX.IntrinsicElements'.
src/icons/Fonts/general-sans/GeneralSansVariable.tsx(4333,5): error TS2339: Property 'hkern' does not exist on type 'JSX.IntrinsicElements'.
src/icons/Fonts/general-sans/GeneralSansVariable.tsx(4334,5): error TS2339: Property 'hkern' does not exist on type 'JSX.IntrinsicElements'.
src/icons/Fonts/general-sans/GeneralSansVariable.tsx(4335,5): error TS2339: Property 'hkern' does not exist on type 'JSX.IntrinsicElements'.
src/icons/Fonts/general-sans/GeneralSansVariable.tsx(4336,5): error TS2339: Property 'hkern' does not exist on type 'JSX.IntrinsicElements'.
src/icons/Fonts/general-sans/GeneralSansVariable.tsx(4337,5): error TS2339: Property 'hkern' does not exist on type 'JSX.IntrinsicElements'.
src/icons/Fonts/general-sans/GeneralSansVariable.tsx(4338,5): error TS2339: Property 'hkern' does not exist on type 'JSX.IntrinsicElements'.
src/icons/Fonts/general-sans/GeneralSansVariable.tsx(4339,5): error TS2339: Property 'hkern' does not exist on type 'JSX.IntrinsicElements'.
src/icons/Fonts/general-sans/GeneralSansVariable.tsx(4340,5): error TS2339: Property 'hkern' does not exist on type 'JSX.IntrinsicElements'.
src/icons/Fonts/general-sans/GeneralSansVariable.tsx(4341,5): error TS2339: Property 'hkern' does not exist on type 'JSX.IntrinsicElements'.
src/icons/Fonts/general-sans/GeneralSansVariable.tsx(4342,5): error TS2339: Property 'hkern' does not exist on type 'JSX.IntrinsicElements'.
src/icons/Fonts/general-sans/GeneralSansVariable.tsx(4343,5): error TS2339: Property 'hkern' does not exist on type 'JSX.IntrinsicElements'.
src/icons/Fonts/general-sans/GeneralSansVariable.tsx(4344,5): error TS2339: Property 'hkern' does not exist on type 'JSX.IntrinsicElements'.
src/icons/Fonts/general-sans/GeneralSansVariable.tsx(4345,5): error TS2339: Property 'hkern' does not exist on type 'JSX.IntrinsicElements'.
src/icons/Fonts/general-sans/GeneralSansVariable.tsx(4346,5): error TS2339: Property 'hkern' does not exist on type 'JSX.IntrinsicElements'.
src/icons/Fonts/general-sans/GeneralSansVariable.tsx(4347,5): error TS2339: Property 'hkern' does not exist on type 'JSX.IntrinsicElements'.
src/icons/Fonts/general-sans/GeneralSansVariable.tsx(4348,5): error TS2339: Property 'hkern' does not exist on type 'JSX.IntrinsicElements'.
src/icons/Fonts/general-sans/GeneralSansVariable.tsx(4349,5): error TS2339: Property 'hkern' does not exist on type 'JSX.IntrinsicElements'.
src/icons/Fonts/general-sans/GeneralSansVariable.tsx(4350,5): error TS2339: Property 'hkern' does not exist on type 'JSX.IntrinsicElements'.
src/icons/Fonts/general-sans/GeneralSansVariable.tsx(4351,5): error TS2339: Property 'hkern' does not exist on type 'JSX.IntrinsicElements'.
src/icons/Fonts/general-sans/GeneralSansVariable.tsx(4352,5): error TS2339: Property 'hkern' does not exist on type 'JSX.IntrinsicElements'.
src/icons/Fonts/general-sans/GeneralSansVariable.tsx(4353,5): error TS2339: Property 'hkern' does not exist on type 'JSX.IntrinsicElements'.
src/icons/Fonts/general-sans/GeneralSansVariable.tsx(4354,5): error TS2339: Property 'hkern' does not exist on type 'JSX.IntrinsicElements'.
src/icons/Fonts/general-sans/GeneralSansVariable.tsx(4355,5): error TS2339: Property 'hkern' does not exist on type 'JSX.IntrinsicElements'.
src/icons/Fonts/general-sans/GeneralSansVariable.tsx(4356,5): error TS2339: Property 'hkern' does not exist on type 'JSX.IntrinsicElements'.
src/icons/Fonts/general-sans/GeneralSansVariable.tsx(4357,5): error TS2339: Property 'hkern' does not exist on type 'JSX.IntrinsicElements'.
src/icons/Fonts/general-sans/GeneralSansVariable.tsx(4358,5): error TS2339: Property 'hkern' does not exist on type 'JSX.IntrinsicElements'.
src/icons/Fonts/general-sans/GeneralSansVariable.tsx(4359,5): error TS2339: Property 'hkern' does not exist on type 'JSX.IntrinsicElements'.
src/icons/Fonts/general-sans/GeneralSansVariable.tsx(4360,5): error TS2339: Property 'hkern' does not exist on type 'JSX.IntrinsicElements'.
src/icons/Fonts/general-sans/GeneralSansVariable.tsx(4361,5): error TS2339: Property 'hkern' does not exist on type 'JSX.IntrinsicElements'.
src/icons/Fonts/general-sans/GeneralSansVariable.tsx(4362,5): error TS2339: Property 'hkern' does not exist on type 'JSX.IntrinsicElements'.
src/icons/Fonts/general-sans/GeneralSansVariable.tsx(4363,5): error TS2339: Property 'hkern' does not exist on type 'JSX.IntrinsicElements'.
src/icons/Fonts/general-sans/GeneralSansVariable.tsx(4364,5): error TS2339: Property 'hkern' does not exist on type 'JSX.IntrinsicElements'.
src/icons/Fonts/general-sans/GeneralSansVariable.tsx(4365,5): error TS2339: Property 'hkern' does not exist on type 'JSX.IntrinsicElements'.
src/icons/Fonts/general-sans/GeneralSansVariable.tsx(4366,5): error TS2339: Property 'hkern' does not exist on type 'JSX.IntrinsicElements'.
src/icons/Fonts/general-sans/GeneralSansVariable.tsx(4367,5): error TS2339: Property 'hkern' does not exist on type 'JSX.IntrinsicElements'.
src/icons/Fonts/general-sans/GeneralSansVariable.tsx(4368,5): error TS2339: Property 'hkern' does not exist on type 'JSX.IntrinsicElements'.
src/icons/Fonts/general-sans/GeneralSansVariable.tsx(4369,5): error TS2339: Property 'hkern' does not exist on type 'JSX.IntrinsicElements'.
src/icons/Fonts/general-sans/GeneralSansVariable.tsx(4370,5): error TS2339: Property 'hkern' does not exist on type 'JSX.IntrinsicElements'.
src/icons/Fonts/general-sans/GeneralSansVariable.tsx(4371,5): error TS2339: Property 'hkern' does not exist on type 'JSX.IntrinsicElements'.
src/icons/Fonts/general-sans/GeneralSansVariable.tsx(4372,5): error TS2339: Property 'hkern' does not exist on type 'JSX.IntrinsicElements'.
src/icons/Fonts/general-sans/GeneralSansVariable.tsx(4373,5): error TS2339: Property 'hkern' does not exist on type 'JSX.IntrinsicElements'.
src/icons/Fonts/general-sans/GeneralSansVariable.tsx(4374,5): error TS2339: Property 'hkern' does not exist on type 'JSX.IntrinsicElements'.
src/icons/Fonts/general-sans/GeneralSansVariable.tsx(4375,5): error TS2339: Property 'hkern' does not exist on type 'JSX.IntrinsicElements'.
src/icons/Fonts/general-sans/GeneralSansVariable.tsx(4376,5): error TS2339: Property 'hkern' does not exist on type 'JSX.IntrinsicElements'.
src/icons/Fonts/general-sans/GeneralSansVariable.tsx(4377,5): error TS2339: Property 'hkern' does not exist on type 'JSX.IntrinsicElements'.
src/icons/Fonts/general-sans/GeneralSansVariable.tsx(4378,5): error TS2339: Property 'hkern' does not exist on type 'JSX.IntrinsicElements'.
src/icons/Fonts/general-sans/GeneralSansVariable.tsx(4379,5): error TS2339: Property 'hkern' does not exist on type 'JSX.IntrinsicElements'.
src/icons/Fonts/general-sans/GeneralSansVariable.tsx(4380,5): error TS2339: Property 'hkern' does not exist on type 'JSX.IntrinsicElements'.
src/icons/Fonts/general-sans/GeneralSansVariable.tsx(4381,5): error TS2339: Property 'hkern' does not exist on type 'JSX.IntrinsicElements'.
src/icons/Fonts/general-sans/GeneralSansVariable.tsx(4382,5): error TS2339: Property 'hkern' does not exist on type 'JSX.IntrinsicElements'.
src/icons/Fonts/general-sans/GeneralSansVariable.tsx(4383,5): error TS2339: Property 'hkern' does not exist on type 'JSX.IntrinsicElements'.
src/icons/Fonts/general-sans/GeneralSansVariable.tsx(4384,5): error TS2339: Property 'hkern' does not exist on type 'JSX.IntrinsicElements'.
src/icons/Fonts/general-sans/GeneralSansVariable.tsx(4385,5): error TS2339: Property 'hkern' does not exist on type 'JSX.IntrinsicElements'.
src/icons/Fonts/general-sans/GeneralSansVariable.tsx(4386,5): error TS2339: Property 'hkern' does not exist on type 'JSX.IntrinsicElements'.
src/icons/Fonts/general-sans/GeneralSansVariable.tsx(4387,5): error TS2339: Property 'hkern' does not exist on type 'JSX.IntrinsicElements'.
src/icons/Fonts/general-sans/GeneralSansVariable.tsx(4388,5): error TS2339: Property 'hkern' does not exist on type 'JSX.IntrinsicElements'.
src/icons/Fonts/general-sans/GeneralSansVariable.tsx(4389,5): error TS2339: Property 'hkern' does not exist on type 'JSX.IntrinsicElements'.
src/icons/Fonts/general-sans/GeneralSansVariable.tsx(4390,5): error TS2339: Property 'hkern' does not exist on type 'JSX.IntrinsicElements'.
src/icons/Fonts/general-sans/GeneralSansVariable.tsx(4391,5): error TS2339: Property 'hkern' does not exist on type 'JSX.IntrinsicElements'.
src/icons/Fonts/general-sans/GeneralSansVariable.tsx(4392,5): error TS2339: Property 'hkern' does not exist on type 'JSX.IntrinsicElements'.
src/icons/Fonts/general-sans/GeneralSansVariable.tsx(4393,5): error TS2339: Property 'hkern' does not exist on type 'JSX.IntrinsicElements'.
src/icons/Fonts/general-sans/GeneralSansVariable.tsx(4394,5): error TS2339: Property 'hkern' does not exist on type 'JSX.IntrinsicElements'.
src/icons/Fonts/general-sans/GeneralSansVariable.tsx(4395,5): error TS2339: Property 'hkern' does not exist on type 'JSX.IntrinsicElements'.
src/icons/Fonts/general-sans/GeneralSansVariable.tsx(4396,5): error TS2339: Property 'hkern' does not exist on type 'JSX.IntrinsicElements'.
src/icons/Fonts/general-sans/GeneralSansVariable.tsx(4397,5): error TS2339: Property 'hkern' does not exist on type 'JSX.IntrinsicElements'.
src/icons/Fonts/general-sans/GeneralSansVariable.tsx(4398,5): error TS2339: Property 'hkern' does not exist on type 'JSX.IntrinsicElements'.
src/icons/Fonts/general-sans/GeneralSansVariable.tsx(4399,5): error TS2339: Property 'hkern' does not exist on type 'JSX.IntrinsicElements'.
src/icons/Fonts/general-sans/GeneralSansVariable.tsx(4400,5): error TS2339: Property 'hkern' does not exist on type 'JSX.IntrinsicElements'.
src/icons/Fonts/general-sans/GeneralSansVariable.tsx(4401,5): error TS2339: Property 'hkern' does not exist on type 'JSX.IntrinsicElements'.
src/icons/Fonts/general-sans/GeneralSansVariable.tsx(4402,5): error TS2339: Property 'hkern' does not exist on type 'JSX.IntrinsicElements'.
src/icons/Fonts/general-sans/GeneralSansVariable.tsx(4403,5): error TS2339: Property 'hkern' does not exist on type 'JSX.IntrinsicElements'.
src/icons/Fonts/general-sans/GeneralSansVariable.tsx(4404,5): error TS2339: Property 'hkern' does not exist on type 'JSX.IntrinsicElements'.
src/icons/Fonts/general-sans/GeneralSansVariable.tsx(4405,5): error TS2339: Property 'hkern' does not exist on type 'JSX.IntrinsicElements'.
src/icons/Fonts/general-sans/GeneralSansVariable.tsx(4406,5): error TS2339: Property 'hkern' does not exist on type 'JSX.IntrinsicElements'.
src/icons/Fonts/general-sans/GeneralSansVariable.tsx(4407,5): error TS2339: Property 'hkern' does not exist on type 'JSX.IntrinsicElements'.
src/icons/Fonts/general-sans/GeneralSansVariable.tsx(4408,5): error TS2339: Property 'hkern' does not exist on type 'JSX.IntrinsicElements'.
src/icons/Fonts/general-sans/GeneralSansVariable.tsx(4409,5): error TS2339: Property 'hkern' does not exist on type 'JSX.IntrinsicElements'.
src/icons/Fonts/general-sans/GeneralSansVariable.tsx(4410,5): error TS2339: Property 'hkern' does not exist on type 'JSX.IntrinsicElements'.
src/icons/Fonts/general-sans/GeneralSansVariable.tsx(4411,5): error TS2339: Property 'hkern' does not exist on type 'JSX.IntrinsicElements'.
src/icons/Fonts/general-sans/GeneralSansVariable.tsx(4412,5): error TS2339: Property 'hkern' does not exist on type 'JSX.IntrinsicElements'.
src/icons/Fonts/general-sans/GeneralSansVariable.tsx(4413,5): error TS2339: Property 'hkern' does not exist on type 'JSX.IntrinsicElements'.
src/icons/Fonts/general-sans/GeneralSansVariable.tsx(4414,5): error TS2339: Property 'hkern' does not exist on type 'JSX.IntrinsicElements'.
src/icons/Fonts/general-sans/GeneralSansVariable.tsx(4415,5): error TS2339: Property 'hkern' does not exist on type 'JSX.IntrinsicElements'.
src/icons/Fonts/general-sans/GeneralSansVariable.tsx(4416,5): error TS2339: Property 'hkern' does not exist on type 'JSX.IntrinsicElements'.
src/icons/Fonts/general-sans/GeneralSansVariable.tsx(4417,5): error TS2339: Property 'hkern' does not exist on type 'JSX.IntrinsicElements'.
src/icons/Fonts/general-sans/GeneralSansVariable.tsx(4418,5): error TS2339: Property 'hkern' does not exist on type 'JSX.IntrinsicElements'.
src/icons/Fonts/general-sans/GeneralSansVariable.tsx(4419,5): error TS2339: Property 'hkern' does not exist on type 'JSX.IntrinsicElements'.
src/icons/Fonts/general-sans/GeneralSansVariable.tsx(4420,5): error TS2339: Property 'hkern' does not exist on type 'JSX.IntrinsicElements'.
src/icons/Fonts/general-sans/GeneralSansVariable.tsx(4421,5): error TS2339: Property 'hkern' does not exist on type 'JSX.IntrinsicElements'.
src/icons/Fonts/general-sans/GeneralSansVariable.tsx(4422,5): error TS2339: Property 'hkern' does not exist on type 'JSX.IntrinsicElements'.
src/icons/Fonts/general-sans/GeneralSansVariable.tsx(4423,5): error TS2339: Property 'hkern' does not exist on type 'JSX.IntrinsicElements'.
src/icons/Fonts/general-sans/GeneralSansVariable.tsx(4424,5): error TS2339: Property 'hkern' does not exist on type 'JSX.IntrinsicElements'.
src/icons/Fonts/general-sans/GeneralSansVariable.tsx(4425,5): error TS2339: Property 'hkern' does not exist on type 'JSX.IntrinsicElements'.
src/icons/Fonts/general-sans/GeneralSansVariable.tsx(4426,5): error TS2339: Property 'hkern' does not exist on type 'JSX.IntrinsicElements'.
src/icons/Fonts/general-sans/GeneralSansVariable.tsx(4427,5): error TS2339: Property 'hkern' does not exist on type 'JSX.IntrinsicElements'.
src/icons/Fonts/general-sans/GeneralSansVariable.tsx(4428,5): error TS2339: Property 'hkern' does not exist on type 'JSX.IntrinsicElements'.
src/icons/Fonts/general-sans/GeneralSansVariable.tsx(4429,5): error TS2339: Property 'hkern' does not exist on type 'JSX.IntrinsicElements'.
src/icons/Fonts/general-sans/GeneralSansVariable.tsx(4430,5): error TS2339: Property 'hkern' does not exist on type 'JSX.IntrinsicElements'.
src/icons/Fonts/general-sans/GeneralSansVariable.tsx(4431,5): error TS2339: Property 'hkern' does not exist on type 'JSX.IntrinsicElements'.
src/icons/Fonts/general-sans/GeneralSansVariable.tsx(4432,5): error TS2339: Property 'hkern' does not exist on type 'JSX.IntrinsicElements'.
src/icons/Fonts/general-sans/GeneralSansVariable.tsx(4433,5): error TS2339: Property 'hkern' does not exist on type 'JSX.IntrinsicElements'.
src/icons/Fonts/general-sans/GeneralSansVariable.tsx(4434,5): error TS2339: Property 'hkern' does not exist on type 'JSX.IntrinsicElements'.
src/icons/Fonts/general-sans/GeneralSansVariable.tsx(4435,5): error TS2339: Property 'hkern' does not exist on type 'JSX.IntrinsicElements'.
src/icons/Fonts/general-sans/GeneralSansVariable.tsx(4436,5): error TS2339: Property 'hkern' does not exist on type 'JSX.IntrinsicElements'.
src/icons/Fonts/general-sans/GeneralSansVariable.tsx(4437,5): error TS2339: Property 'hkern' does not exist on type 'JSX.IntrinsicElements'.
src/icons/Fonts/general-sans/GeneralSansVariable.tsx(4438,5): error TS2339: Property 'hkern' does not exist on type 'JSX.IntrinsicElements'.
src/icons/Fonts/general-sans/GeneralSansVariable.tsx(4439,5): error TS2339: Property 'hkern' does not exist on type 'JSX.IntrinsicElements'.
src/icons/Fonts/general-sans/GeneralSansVariable.tsx(4440,5): error TS2339: Property 'hkern' does not exist on type 'JSX.IntrinsicElements'.
src/icons/Fonts/general-sans/GeneralSansVariable.tsx(4441,5): error TS2339: Property 'hkern' does not exist on type 'JSX.IntrinsicElements'.
src/icons/Fonts/general-sans/GeneralSansVariable.tsx(4442,5): error TS2339: Property 'hkern' does not exist on type 'JSX.IntrinsicElements'.
src/icons/Fonts/general-sans/GeneralSansVariable.tsx(4443,5): error TS2339: Property 'hkern' does not exist on type 'JSX.IntrinsicElements'.
src/icons/Fonts/general-sans/GeneralSansVariable.tsx(4444,5): error TS2339: Property 'hkern' does not exist on type 'JSX.IntrinsicElements'.
src/icons/Fonts/general-sans/GeneralSansVariable.tsx(4445,5): error TS2339: Property 'hkern' does not exist on type 'JSX.IntrinsicElements'.
src/icons/Fonts/general-sans/GeneralSansVariable.tsx(4446,5): error TS2339: Property 'hkern' does not exist on type 'JSX.IntrinsicElements'.
src/icons/Fonts/general-sans/GeneralSansVariable.tsx(4447,5): error TS2339: Property 'hkern' does not exist on type 'JSX.IntrinsicElements'.
src/icons/Fonts/general-sans/GeneralSansVariable.tsx(4448,5): error TS2339: Property 'hkern' does not exist on type 'JSX.IntrinsicElements'.
src/icons/Fonts/general-sans/GeneralSansVariable.tsx(4449,5): error TS2339: Property 'hkern' does not exist on type 'JSX.IntrinsicElements'.
src/icons/Fonts/general-sans/GeneralSansVariable.tsx(4450,5): error TS2339: Property 'hkern' does not exist on type 'JSX.IntrinsicElements'.
src/icons/Fonts/general-sans/GeneralSansVariable.tsx(4451,5): error TS2339: Property 'hkern' does not exist on type 'JSX.IntrinsicElements'.
src/icons/Fonts/general-sans/GeneralSansVariable.tsx(4452,5): error TS2339: Property 'hkern' does not exist on type 'JSX.IntrinsicElements'.
src/icons/Fonts/general-sans/GeneralSansVariable.tsx(4453,5): error TS2339: Property 'hkern' does not exist on type 'JSX.IntrinsicElements'.
src/icons/Fonts/general-sans/GeneralSansVariable.tsx(4454,5): error TS2339: Property 'hkern' does not exist on type 'JSX.IntrinsicElements'.
src/icons/Fonts/general-sans/GeneralSansVariable.tsx(4455,5): error TS2339: Property 'hkern' does not exist on type 'JSX.IntrinsicElements'.
src/icons/Fonts/general-sans/GeneralSansVariable.tsx(4456,5): error TS2339: Property 'hkern' does not exist on type 'JSX.IntrinsicElements'.
src/icons/Fonts/general-sans/GeneralSansVariable.tsx(4457,5): error TS2339: Property 'hkern' does not exist on type 'JSX.IntrinsicElements'.
src/icons/Fonts/general-sans/GeneralSansVariable.tsx(4458,5): error TS2339: Property 'hkern' does not exist on type 'JSX.IntrinsicElements'.
src/icons/Fonts/general-sans/GeneralSansVariable.tsx(4459,5): error TS2339: Property 'hkern' does not exist on type 'JSX.IntrinsicElements'.
src/icons/Fonts/general-sans/GeneralSansVariable.tsx(4460,5): error TS2339: Property 'hkern' does not exist on type 'JSX.IntrinsicElements'.
src/icons/Fonts/general-sans/GeneralSansVariable.tsx(4461,5): error TS2339: Property 'hkern' does not exist on type 'JSX.IntrinsicElements'.
src/icons/Fonts/general-sans/GeneralSansVariable.tsx(4462,5): error TS2339: Property 'hkern' does not exist on type 'JSX.IntrinsicElements'.
src/icons/Fonts/general-sans/GeneralSansVariable.tsx(4463,5): error TS2339: Property 'hkern' does not exist on type 'JSX.IntrinsicElements'.
src/icons/Fonts/general-sans/GeneralSansVariable.tsx(4464,5): error TS2339: Property 'hkern' does not exist on type 'JSX.IntrinsicElements'.
src/icons/Fonts/general-sans/GeneralSansVariable.tsx(4465,5): error TS2339: Property 'hkern' does not exist on type 'JSX.IntrinsicElements'.
src/icons/Fonts/general-sans/GeneralSansVariable.tsx(4466,5): error TS2339: Property 'hkern' does not exist on type 'JSX.IntrinsicElements'.
src/icons/Fonts/general-sans/GeneralSansVariable.tsx(4467,5): error TS2339: Property 'hkern' does not exist on type 'JSX.IntrinsicElements'.
src/icons/Fonts/general-sans/GeneralSansVariable.tsx(4468,5): error TS2339: Property 'hkern' does not exist on type 'JSX.IntrinsicElements'.
src/icons/Fonts/general-sans/GeneralSansVariable.tsx(4469,5): error TS2339: Property 'hkern' does not exist on type 'JSX.IntrinsicElements'.
src/icons/Fonts/general-sans/GeneralSansVariable.tsx(4470,5): error TS2339: Property 'hkern' does not exist on type 'JSX.IntrinsicElements'.
src/icons/Fonts/general-sans/GeneralSansVariable.tsx(4471,5): error TS2339: Property 'hkern' does not exist on type 'JSX.IntrinsicElements'.
src/icons/Fonts/general-sans/GeneralSansVariable.tsx(4472,5): error TS2339: Property 'hkern' does not exist on type 'JSX.IntrinsicElements'.
src/icons/Fonts/general-sans/GeneralSansVariable.tsx(4473,5): error TS2339: Property 'hkern' does not exist on type 'JSX.IntrinsicElements'.
src/icons/Fonts/general-sans/GeneralSansVariable.tsx(4474,5): error TS2339: Property 'hkern' does not exist on type 'JSX.IntrinsicElements'.
src/icons/Fonts/general-sans/GeneralSansVariable.tsx(4475,5): error TS2339: Property 'hkern' does not exist on type 'JSX.IntrinsicElements'.
src/icons/Fonts/general-sans/GeneralSansVariable.tsx(4476,5): error TS2339: Property 'hkern' does not exist on type 'JSX.IntrinsicElements'.
src/icons/Fonts/general-sans/GeneralSansVariable.tsx(4477,5): error TS2339: Property 'hkern' does not exist on type 'JSX.IntrinsicElements'.
src/icons/Fonts/general-sans/GeneralSansVariable.tsx(4478,5): error TS2339: Property 'hkern' does not exist on type 'JSX.IntrinsicElements'.
src/icons/Fonts/general-sans/GeneralSansVariable.tsx(4479,5): error TS2339: Property 'hkern' does not exist on type 'JSX.IntrinsicElements'.
src/icons/Fonts/general-sans/GeneralSansVariable.tsx(4480,5): error TS2339: Property 'hkern' does not exist on type 'JSX.IntrinsicElements'.
src/icons/Fonts/general-sans/GeneralSansVariable.tsx(4481,5): error TS2339: Property 'hkern' does not exist on type 'JSX.IntrinsicElements'.
src/icons/Fonts/general-sans/GeneralSansVariable.tsx(4482,5): error TS2339: Property 'hkern' does not exist on type 'JSX.IntrinsicElements'.
src/icons/Fonts/general-sans/GeneralSansVariable.tsx(4483,5): error TS2339: Property 'hkern' does not exist on type 'JSX.IntrinsicElements'.
src/icons/Fonts/general-sans/GeneralSansVariable.tsx(4484,5): error TS2339: Property 'hkern' does not exist on type 'JSX.IntrinsicElements'.
src/icons/Fonts/general-sans/GeneralSansVariable.tsx(4485,5): error TS2339: Property 'hkern' does not exist on type 'JSX.IntrinsicElements'.
src/icons/Fonts/general-sans/GeneralSansVariable.tsx(4486,5): error TS2339: Property 'hkern' does not exist on type 'JSX.IntrinsicElements'.
src/icons/Fonts/general-sans/GeneralSansVariable.tsx(4487,5): error TS2339: Property 'hkern' does not exist on type 'JSX.IntrinsicElements'.
src/icons/Fonts/general-sans/GeneralSansVariable.tsx(4488,5): error TS2339: Property 'hkern' does not exist on type 'JSX.IntrinsicElements'.
src/icons/Fonts/general-sans/GeneralSansVariable.tsx(4489,5): error TS2339: Property 'hkern' does not exist on type 'JSX.IntrinsicElements'.
src/icons/Fonts/general-sans/GeneralSansVariable.tsx(4490,5): error TS2339: Property 'hkern' does not exist on type 'JSX.IntrinsicElements'.
src/icons/Fonts/general-sans/GeneralSansVariable.tsx(4491,5): error TS2339: Property 'hkern' does not exist on type 'JSX.IntrinsicElements'.
src/icons/Fonts/general-sans/GeneralSansVariable.tsx(4492,5): error TS2339: Property 'hkern' does not exist on type 'JSX.IntrinsicElements'.
src/icons/Fonts/general-sans/GeneralSansVariable.tsx(4493,5): error TS2339: Property 'hkern' does not exist on type 'JSX.IntrinsicElements'.
src/icons/Fonts/general-sans/GeneralSansVariable.tsx(4494,5): error TS2339: Property 'hkern' does not exist on type 'JSX.IntrinsicElements'.
src/icons/Fonts/general-sans/GeneralSansVariable.tsx(4495,5): error TS2339: Property 'hkern' does not exist on type 'JSX.IntrinsicElements'.
src/icons/Fonts/general-sans/GeneralSansVariable.tsx(4496,5): error TS2339: Property 'hkern' does not exist on type 'JSX.IntrinsicElements'.
src/icons/Fonts/general-sans/GeneralSansVariable.tsx(4497,5): error TS2339: Property 'hkern' does not exist on type 'JSX.IntrinsicElements'.
src/icons/Fonts/general-sans/GeneralSansVariable.tsx(4498,5): error TS2339: Property 'hkern' does not exist on type 'JSX.IntrinsicElements'.
src/icons/Fonts/general-sans/GeneralSansVariable.tsx(4499,5): error TS2339: Property 'hkern' does not exist on type 'JSX.IntrinsicElements'.
src/icons/Fonts/general-sans/GeneralSansVariable.tsx(4500,5): error TS2339: Property 'hkern' does not exist on type 'JSX.IntrinsicElements'.
src/icons/Fonts/general-sans/GeneralSansVariable.tsx(4501,5): error TS2339: Property 'hkern' does not exist on type 'JSX.IntrinsicElements'.
src/icons/Fonts/general-sans/GeneralSansVariable.tsx(4502,5): error TS2339: Property 'hkern' does not exist on type 'JSX.IntrinsicElements'.
src/icons/Fonts/general-sans/GeneralSansVariable.tsx(4503,5): error TS2339: Property 'hkern' does not exist on type 'JSX.IntrinsicElements'.
src/icons/Fonts/general-sans/GeneralSansVariable.tsx(4504,5): error TS2339: Property 'hkern' does not exist on type 'JSX.IntrinsicElements'.
src/icons/Fonts/general-sans/GeneralSansVariable.tsx(4505,5): error TS2339: Property 'hkern' does not exist on type 'JSX.IntrinsicElements'.
src/icons/Fonts/general-sans/GeneralSansVariable.tsx(4506,5): error TS2339: Property 'hkern' does not exist on type 'JSX.IntrinsicElements'.
src/icons/Fonts/general-sans/GeneralSansVariable.tsx(4507,5): error TS2339: Property 'hkern' does not exist on type 'JSX.IntrinsicElements'.
src/icons/Fonts/general-sans/GeneralSansVariable.tsx(4508,5): error TS2339: Property 'hkern' does not exist on type 'JSX.IntrinsicElements'.
src/icons/Fonts/general-sans/GeneralSansVariable.tsx(4509,5): error TS2339: Property 'hkern' does not exist on type 'JSX.IntrinsicElements'.
src/icons/Fonts/general-sans/GeneralSansVariable.tsx(4510,5): error TS2339: Property 'hkern' does not exist on type 'JSX.IntrinsicElements'.
src/icons/Fonts/general-sans/GeneralSansVariable.tsx(4511,5): error TS2339: Property 'hkern' does not exist on type 'JSX.IntrinsicElements'.
src/icons/Fonts/general-sans/GeneralSansVariable.tsx(4512,5): error TS2339: Property 'hkern' does not exist on type 'JSX.IntrinsicElements'.
src/icons/Fonts/general-sans/GeneralSansVariable.tsx(4513,5): error TS2339: Property 'hkern' does not exist on type 'JSX.IntrinsicElements'.
src/icons/Fonts/general-sans/GeneralSansVariable.tsx(4514,5): error TS2339: Property 'hkern' does not exist on type 'JSX.IntrinsicElements'.
src/icons/Fonts/general-sans/GeneralSansVariable.tsx(4515,5): error TS2339: Property 'hkern' does not exist on type 'JSX.IntrinsicElements'.
src/icons/Fonts/general-sans/GeneralSansVariable.tsx(4516,5): error TS2339: Property 'hkern' does not exist on type 'JSX.IntrinsicElements'.
src/icons/Fonts/general-sans/GeneralSansVariable.tsx(4517,5): error TS2339: Property 'hkern' does not exist on type 'JSX.IntrinsicElements'.
src/icons/Fonts/general-sans/GeneralSansVariable.tsx(4518,5): error TS2339: Property 'hkern' does not exist on type 'JSX.IntrinsicElements'.
src/icons/Fonts/general-sans/GeneralSansVariable.tsx(4519,5): error TS2339: Property 'hkern' does not exist on type 'JSX.IntrinsicElements'.
src/icons/Fonts/general-sans/GeneralSansVariable.tsx(4520,5): error TS2339: Property 'hkern' does not exist on type 'JSX.IntrinsicElements'.
src/icons/Fonts/general-sans/GeneralSansVariable.tsx(4521,5): error TS2339: Property 'hkern' does not exist on type 'JSX.IntrinsicElements'.
src/icons/Fonts/general-sans/GeneralSansVariable.tsx(4522,5): error TS2339: Property 'hkern' does not exist on type 'JSX.IntrinsicElements'.
src/icons/Fonts/general-sans/GeneralSansVariable.tsx(4523,5): error TS2339: Property 'hkern' does not exist on type 'JSX.IntrinsicElements'.
src/icons/Fonts/general-sans/GeneralSansVariable.tsx(4524,5): error TS2339: Property 'hkern' does not exist on type 'JSX.IntrinsicElements'.
src/icons/Fonts/general-sans/GeneralSansVariable.tsx(4525,5): error TS2339: Property 'hkern' does not exist on type 'JSX.IntrinsicElements'.
src/icons/Fonts/general-sans/GeneralSansVariable.tsx(4526,5): error TS2339: Property 'hkern' does not exist on type 'JSX.IntrinsicElements'.
src/icons/Fonts/general-sans/GeneralSansVariable.tsx(4527,5): error TS2339: Property 'hkern' does not exist on type 'JSX.IntrinsicElements'.
src/icons/Fonts/general-sans/GeneralSansVariable.tsx(4528,5): error TS2339: Property 'hkern' does not exist on type 'JSX.IntrinsicElements'.
src/icons/Fonts/general-sans/GeneralSansVariable.tsx(4529,5): error TS2339: Property 'hkern' does not exist on type 'JSX.IntrinsicElements'.
src/icons/Fonts/general-sans/GeneralSansVariable.tsx(4530,5): error TS2339: Property 'hkern' does not exist on type 'JSX.IntrinsicElements'.
src/icons/Fonts/general-sans/GeneralSansVariable.tsx(4531,5): error TS2339: Property 'hkern' does not exist on type 'JSX.IntrinsicElements'.
src/icons/Fonts/general-sans/GeneralSansVariable.tsx(4532,5): error TS2339: Property 'hkern' does not exist on type 'JSX.IntrinsicElements'.
src/icons/Fonts/general-sans/GeneralSansVariable.tsx(4533,5): error TS2339: Property 'hkern' does not exist on type 'JSX.IntrinsicElements'.
src/icons/Fonts/general-sans/GeneralSansVariable.tsx(4534,5): error TS2339: Property 'hkern' does not exist on type 'JSX.IntrinsicElements'.
src/icons/Fonts/general-sans/GeneralSansVariable.tsx(4535,5): error TS2339: Property 'hkern' does not exist on type 'JSX.IntrinsicElements'.
src/icons/Fonts/general-sans/GeneralSansVariable.tsx(4536,5): error TS2339: Property 'hkern' does not exist on type 'JSX.IntrinsicElements'.
src/icons/Fonts/general-sans/GeneralSansVariable.tsx(4537,5): error TS2339: Property 'hkern' does not exist on type 'JSX.IntrinsicElements'.
src/icons/Fonts/general-sans/GeneralSansVariable.tsx(4538,5): error TS2339: Property 'hkern' does not exist on type 'JSX.IntrinsicElements'.
src/icons/Fonts/general-sans/GeneralSansVariable.tsx(4539,5): error TS2339: Property 'hkern' does not exist on type 'JSX.IntrinsicElements'.
src/icons/Fonts/general-sans/GeneralSansVariable.tsx(4540,5): error TS2339: Property 'hkern' does not exist on type 'JSX.IntrinsicElements'.
src/icons/Fonts/general-sans/GeneralSansVariable.tsx(4541,5): error TS2339: Property 'hkern' does not exist on type 'JSX.IntrinsicElements'.
src/icons/Fonts/general-sans/GeneralSansVariable.tsx(4542,5): error TS2339: Property 'hkern' does not exist on type 'JSX.IntrinsicElements'.
src/icons/Fonts/general-sans/GeneralSansVariable.tsx(4543,5): error TS2339: Property 'hkern' does not exist on type 'JSX.IntrinsicElements'.
src/icons/Fonts/general-sans/GeneralSansVariable.tsx(4544,5): error TS2339: Property 'hkern' does not exist on type 'JSX.IntrinsicElements'.
src/icons/Fonts/general-sans/GeneralSansVariable.tsx(4545,5): error TS2339: Property 'hkern' does not exist on type 'JSX.IntrinsicElements'.
src/icons/Fonts/general-sans/GeneralSansVariable.tsx(4546,5): error TS2339: Property 'hkern' does not exist on type 'JSX.IntrinsicElements'.
src/icons/Fonts/general-sans/GeneralSansVariable.tsx(4547,5): error TS2339: Property 'hkern' does not exist on type 'JSX.IntrinsicElements'.
src/icons/Fonts/general-sans/GeneralSansVariable.tsx(4548,5): error TS2339: Property 'hkern' does not exist on type 'JSX.IntrinsicElements'.
src/icons/Fonts/general-sans/GeneralSansVariable.tsx(4549,5): error TS2339: Property 'hkern' does not exist on type 'JSX.IntrinsicElements'.
src/icons/Fonts/general-sans/GeneralSansVariable.tsx(4550,5): error TS2339: Property 'hkern' does not exist on type 'JSX.IntrinsicElements'.
src/icons/Fonts/general-sans/GeneralSansVariable.tsx(4551,5): error TS2339: Property 'hkern' does not exist on type 'JSX.IntrinsicElements'.
src/icons/Fonts/general-sans/GeneralSansVariable.tsx(4552,5): error TS2339: Property 'hkern' does not exist on type 'JSX.IntrinsicElements'.
src/icons/Fonts/general-sans/GeneralSansVariable.tsx(4553,5): error TS2339: Property 'hkern' does not exist on type 'JSX.IntrinsicElements'.
src/icons/Fonts/general-sans/GeneralSansVariable.tsx(4554,5): error TS2339: Property 'hkern' does not exist on type 'JSX.IntrinsicElements'.
src/icons/Fonts/general-sans/GeneralSansVariable.tsx(4555,5): error TS2339: Property 'hkern' does not exist on type 'JSX.IntrinsicElements'.
src/icons/Fonts/general-sans/GeneralSansVariable.tsx(4556,5): error TS2339: Property 'hkern' does not exist on type 'JSX.IntrinsicElements'.
src/icons/Fonts/general-sans/GeneralSansVariable.tsx(4557,5): error TS2339: Property 'hkern' does not exist on type 'JSX.IntrinsicElements'.
src/icons/Fonts/general-sans/GeneralSansVariable.tsx(4558,5): error TS2339: Property 'hkern' does not exist on type 'JSX.IntrinsicElements'.
src/icons/Fonts/general-sans/GeneralSansVariable.tsx(4559,5): error TS2339: Property 'hkern' does not exist on type 'JSX.IntrinsicElements'.
src/icons/Fonts/general-sans/GeneralSansVariable.tsx(4560,5): error TS2339: Property 'hkern' does not exist on type 'JSX.IntrinsicElements'.
src/icons/Fonts/general-sans/GeneralSansVariable.tsx(4561,5): error TS2339: Property 'hkern' does not exist on type 'JSX.IntrinsicElements'.
src/icons/Fonts/general-sans/GeneralSansVariable.tsx(4562,5): error TS2339: Property 'hkern' does not exist on type 'JSX.IntrinsicElements'.
src/icons/Fonts/general-sans/GeneralSansVariable.tsx(4563,5): error TS2339: Property 'hkern' does not exist on type 'JSX.IntrinsicElements'.
src/icons/Fonts/general-sans/GeneralSansVariable.tsx(4564,5): error TS2339: Property 'hkern' does not exist on type 'JSX.IntrinsicElements'.
src/icons/Fonts/general-sans/GeneralSansVariable.tsx(4565,5): error TS2339: Property 'hkern' does not exist on type 'JSX.IntrinsicElements'.
src/icons/Fonts/general-sans/GeneralSansVariable.tsx(4566,5): error TS2339: Property 'hkern' does not exist on type 'JSX.IntrinsicElements'.
src/icons/Fonts/general-sans/GeneralSansVariable.tsx(4567,5): error TS2339: Property 'hkern' does not exist on type 'JSX.IntrinsicElements'.
src/icons/Fonts/general-sans/GeneralSansVariable.tsx(4568,5): error TS2339: Property 'hkern' does not exist on type 'JSX.IntrinsicElements'.
src/icons/Fonts/general-sans/GeneralSansVariable.tsx(4569,5): error TS2339: Property 'hkern' does not exist on type 'JSX.IntrinsicElements'.
src/icons/Fonts/general-sans/GeneralSansVariable.tsx(4570,5): error TS2339: Property 'hkern' does not exist on type 'JSX.IntrinsicElements'.
src/icons/Fonts/general-sans/GeneralSansVariable.tsx(4571,5): error TS2339: Property 'hkern' does not exist on type 'JSX.IntrinsicElements'.
src/icons/Fonts/general-sans/GeneralSansVariable.tsx(4572,5): error TS2339: Property 'hkern' does not exist on type 'JSX.IntrinsicElements'.
src/icons/Fonts/general-sans/GeneralSansVariable.tsx(4573,5): error TS2339: Property 'hkern' does not exist on type 'JSX.IntrinsicElements'.
src/icons/Fonts/general-sans/GeneralSansVariable.tsx(4574,5): error TS2339: Property 'hkern' does not exist on type 'JSX.IntrinsicElements'.
src/icons/Fonts/general-sans/GeneralSansVariable.tsx(4575,5): error TS2339: Property 'hkern' does not exist on type 'JSX.IntrinsicElements'.
src/icons/Fonts/general-sans/GeneralSansVariable.tsx(4576,5): error TS2339: Property 'hkern' does not exist on type 'JSX.IntrinsicElements'.
src/icons/Fonts/general-sans/GeneralSansVariable.tsx(4577,5): error TS2339: Property 'hkern' does not exist on type 'JSX.IntrinsicElements'.
src/icons/Fonts/general-sans/GeneralSansVariable.tsx(4578,5): error TS2339: Property 'hkern' does not exist on type 'JSX.IntrinsicElements'.
src/icons/Fonts/general-sans/GeneralSansVariable.tsx(4579,5): error TS2339: Property 'hkern' does not exist on type 'JSX.IntrinsicElements'.
src/icons/Fonts/general-sans/GeneralSansVariable.tsx(4580,5): error TS2339: Property 'hkern' does not exist on type 'JSX.IntrinsicElements'.
src/icons/Fonts/general-sans/GeneralSansVariable.tsx(4581,5): error TS2339: Property 'hkern' does not exist on type 'JSX.IntrinsicElements'.
src/icons/Fonts/general-sans/GeneralSansVariable.tsx(4582,5): error TS2339: Property 'hkern' does not exist on type 'JSX.IntrinsicElements'.
src/icons/Fonts/general-sans/GeneralSansVariable.tsx(4583,5): error TS2339: Property 'hkern' does not exist on type 'JSX.IntrinsicElements'.
src/icons/Fonts/general-sans/GeneralSansVariable.tsx(4584,5): error TS2339: Property 'hkern' does not exist on type 'JSX.IntrinsicElements'.
src/icons/Fonts/general-sans/GeneralSansVariable.tsx(4585,5): error TS2339: Property 'hkern' does not exist on type 'JSX.IntrinsicElements'.
src/icons/Fonts/general-sans/GeneralSansVariable.tsx(4586,5): error TS2339: Property 'hkern' does not exist on type 'JSX.IntrinsicElements'.
src/icons/Fonts/general-sans/GeneralSansVariable.tsx(4587,5): error TS2339: Property 'hkern' does not exist on type 'JSX.IntrinsicElements'.
src/icons/Fonts/general-sans/GeneralSansVariable.tsx(4588,5): error TS2339: Property 'hkern' does not exist on type 'JSX.IntrinsicElements'.
src/icons/Fonts/general-sans/GeneralSansVariable.tsx(4589,5): error TS2339: Property 'hkern' does not exist on type 'JSX.IntrinsicElements'.
src/icons/Fonts/general-sans/GeneralSansVariable.tsx(4590,5): error TS2339: Property 'hkern' does not exist on type 'JSX.IntrinsicElements'.
src/icons/Fonts/general-sans/GeneralSansVariable.tsx(4591,5): error TS2339: Property 'hkern' does not exist on type 'JSX.IntrinsicElements'.
src/icons/Fonts/general-sans/GeneralSansVariable.tsx(4592,5): error TS2339: Property 'hkern' does not exist on type 'JSX.IntrinsicElements'.
src/icons/Fonts/general-sans/GeneralSansVariable.tsx(4593,5): error TS2339: Property 'hkern' does not exist on type 'JSX.IntrinsicElements'.
src/icons/Fonts/general-sans/GeneralSansVariable.tsx(4594,5): error TS2339: Property 'hkern' does not exist on type 'JSX.IntrinsicElements'.
src/icons/Fonts/general-sans/GeneralSansVariable.tsx(4595,5): error TS2339: Property 'hkern' does not exist on type 'JSX.IntrinsicElements'.
src/icons/Fonts/general-sans/GeneralSansVariable.tsx(4596,5): error TS2339: Property 'hkern' does not exist on type 'JSX.IntrinsicElements'.
src/icons/Fonts/general-sans/GeneralSansVariable.tsx(4597,5): error TS2339: Property 'hkern' does not exist on type 'JSX.IntrinsicElements'.
src/icons/Fonts/general-sans/GeneralSansVariable.tsx(4598,5): error TS2339: Property 'hkern' does not exist on type 'JSX.IntrinsicElements'.
src/icons/Fonts/general-sans/GeneralSansVariable.tsx(4599,5): error TS2339: Property 'hkern' does not exist on type 'JSX.IntrinsicElements'.
src/icons/Fonts/general-sans/GeneralSansVariable.tsx(4600,5): error TS2339: Property 'hkern' does not exist on type 'JSX.IntrinsicElements'.
src/icons/Fonts/general-sans/GeneralSansVariable.tsx(4601,5): error TS2339: Property 'hkern' does not exist on type 'JSX.IntrinsicElements'.
src/icons/Fonts/general-sans/GeneralSansVariable.tsx(4602,5): error TS2339: Property 'hkern' does not exist on type 'JSX.IntrinsicElements'.
src/icons/Fonts/general-sans/GeneralSansVariable.tsx(4603,5): error TS2339: Property 'hkern' does not exist on type 'JSX.IntrinsicElements'.
src/icons/Fonts/general-sans/GeneralSansVariable.tsx(4604,5): error TS2339: Property 'hkern' does not exist on type 'JSX.IntrinsicElements'.
src/icons/Fonts/general-sans/GeneralSansVariable.tsx(4605,5): error TS2339: Property 'hkern' does not exist on type 'JSX.IntrinsicElements'.
src/icons/Fonts/general-sans/GeneralSansVariable.tsx(4606,5): error TS2339: Property 'hkern' does not exist on type 'JSX.IntrinsicElements'.
src/icons/Fonts/general-sans/GeneralSansVariable.tsx(4607,5): error TS2339: Property 'hkern' does not exist on type 'JSX.IntrinsicElements'.
src/icons/Fonts/general-sans/GeneralSansVariable.tsx(4608,5): error TS2339: Property 'hkern' does not exist on type 'JSX.IntrinsicElements'.
src/icons/Fonts/general-sans/GeneralSansVariable.tsx(4609,5): error TS2339: Property 'hkern' does not exist on type 'JSX.IntrinsicElements'.
src/icons/Fonts/general-sans/GeneralSansVariable.tsx(4610,5): error TS2339: Property 'hkern' does not exist on type 'JSX.IntrinsicElements'.
src/icons/Fonts/general-sans/GeneralSansVariable.tsx(4611,5): error TS2339: Property 'hkern' does not exist on type 'JSX.IntrinsicElements'.
src/icons/Fonts/general-sans/GeneralSansVariable.tsx(4612,5): error TS2339: Property 'hkern' does not exist on type 'JSX.IntrinsicElements'.
src/icons/Fonts/general-sans/GeneralSansVariable.tsx(4613,5): error TS2339: Property 'hkern' does not exist on type 'JSX.IntrinsicElements'.
src/icons/Fonts/general-sans/GeneralSansVariable.tsx(4614,5): error TS2339: Property 'hkern' does not exist on type 'JSX.IntrinsicElements'.
src/icons/Fonts/general-sans/GeneralSansVariable.tsx(4615,5): error TS2339: Property 'hkern' does not exist on type 'JSX.IntrinsicElements'.
src/icons/Fonts/general-sans/GeneralSansVariable.tsx(4616,5): error TS2339: Property 'hkern' does not exist on type 'JSX.IntrinsicElements'.
src/icons/Fonts/general-sans/GeneralSansVariable.tsx(4617,5): error TS2339: Property 'hkern' does not exist on type 'JSX.IntrinsicElements'.
src/icons/Fonts/general-sans/GeneralSansVariable.tsx(4618,5): error TS2339: Property 'hkern' does not exist on type 'JSX.IntrinsicElements'.
src/icons/Fonts/general-sans/GeneralSansVariable.tsx(4619,5): error TS2339: Property 'hkern' does not exist on type 'JSX.IntrinsicElements'.
src/icons/Fonts/general-sans/GeneralSansVariable.tsx(4620,5): error TS2339: Property 'hkern' does not exist on type 'JSX.IntrinsicElements'.
src/icons/Fonts/general-sans/GeneralSansVariable.tsx(4621,5): error TS2339: Property 'hkern' does not exist on type 'JSX.IntrinsicElements'.
src/icons/Fonts/general-sans/GeneralSansVariable.tsx(4622,5): error TS2339: Property 'hkern' does not exist on type 'JSX.IntrinsicElements'.
src/icons/Fonts/general-sans/GeneralSansVariable.tsx(4623,5): error TS2339: Property 'hkern' does not exist on type 'JSX.IntrinsicElements'.
src/icons/Fonts/general-sans/GeneralSansVariable.tsx(4624,5): error TS2339: Property 'hkern' does not exist on type 'JSX.IntrinsicElements'.
src/icons/Fonts/general-sans/GeneralSansVariable.tsx(4625,5): error TS2339: Property 'hkern' does not exist on type 'JSX.IntrinsicElements'.
src/icons/Fonts/general-sans/GeneralSansVariable.tsx(4626,5): error TS2339: Property 'hkern' does not exist on type 'JSX.IntrinsicElements'.
src/icons/Fonts/general-sans/GeneralSansVariable.tsx(4627,5): error TS2339: Property 'hkern' does not exist on type 'JSX.IntrinsicElements'.
src/icons/Fonts/general-sans/GeneralSansVariable.tsx(4628,5): error TS2339: Property 'hkern' does not exist on type 'JSX.IntrinsicElements'.
src/icons/Fonts/general-sans/GeneralSansVariable.tsx(4629,5): error TS2339: Property 'hkern' does not exist on type 'JSX.IntrinsicElements'.
src/icons/Fonts/general-sans/GeneralSansVariable.tsx(4630,5): error TS2339: Property 'hkern' does not exist on type 'JSX.IntrinsicElements'.
src/icons/Fonts/general-sans/GeneralSansVariable.tsx(4631,5): error TS2339: Property 'hkern' does not exist on type 'JSX.IntrinsicElements'.
src/icons/Fonts/general-sans/GeneralSansVariable.tsx(4632,5): error TS2339: Property 'hkern' does not exist on type 'JSX.IntrinsicElements'.
src/icons/Fonts/general-sans/GeneralSansVariable.tsx(4633,5): error TS2339: Property 'hkern' does not exist on type 'JSX.IntrinsicElements'.
src/icons/Fonts/general-sans/GeneralSansVariable.tsx(4634,5): error TS2339: Property 'hkern' does not exist on type 'JSX.IntrinsicElements'.
src/icons/Fonts/general-sans/GeneralSansVariable.tsx(4635,5): error TS2339: Property 'hkern' does not exist on type 'JSX.IntrinsicElements'.
src/icons/Fonts/general-sans/GeneralSansVariable.tsx(4636,5): error TS2339: Property 'hkern' does not exist on type 'JSX.IntrinsicElements'.
src/icons/Fonts/general-sans/GeneralSansVariable.tsx(4637,5): error TS2339: Property 'hkern' does not exist on type 'JSX.IntrinsicElements'.
src/icons/Fonts/general-sans/GeneralSansVariable.tsx(4638,5): error TS2339: Property 'hkern' does not exist on type 'JSX.IntrinsicElements'.
src/icons/Fonts/general-sans/GeneralSansVariable.tsx(4639,5): error TS2339: Property 'hkern' does not exist on type 'JSX.IntrinsicElements'.
src/icons/Fonts/general-sans/GeneralSansVariable.tsx(4640,5): error TS2339: Property 'hkern' does not exist on type 'JSX.IntrinsicElements'.
src/icons/Fonts/general-sans/GeneralSansVariable.tsx(4641,5): error TS2339: Property 'hkern' does not exist on type 'JSX.IntrinsicElements'.
src/icons/Fonts/general-sans/GeneralSansVariable.tsx(4642,5): error TS2339: Property 'hkern' does not exist on type 'JSX.IntrinsicElements'.
src/icons/Fonts/general-sans/GeneralSansVariable.tsx(4643,5): error TS2339: Property 'hkern' does not exist on type 'JSX.IntrinsicElements'.
src/icons/Fonts/general-sans/GeneralSansVariable.tsx(4644,5): error TS2339: Property 'hkern' does not exist on type 'JSX.IntrinsicElements'.
src/icons/Fonts/general-sans/GeneralSansVariable.tsx(4645,5): error TS2339: Property 'hkern' does not exist on type 'JSX.IntrinsicElements'.
src/icons/Fonts/general-sans/GeneralSansVariable.tsx(4646,5): error TS2339: Property 'hkern' does not exist on type 'JSX.IntrinsicElements'.
src/icons/Fonts/general-sans/GeneralSansVariable.tsx(4647,5): error TS2339: Property 'hkern' does not exist on type 'JSX.IntrinsicElements'.
src/icons/Fonts/general-sans/GeneralSansVariable.tsx(4648,5): error TS2339: Property 'hkern' does not exist on type 'JSX.IntrinsicElements'.
src/icons/Fonts/general-sans/GeneralSansVariable.tsx(4649,5): error TS2339: Property 'hkern' does not exist on type 'JSX.IntrinsicElements'.
src/icons/Fonts/general-sans/GeneralSansVariable.tsx(4650,5): error TS2339: Property 'hkern' does not exist on type 'JSX.IntrinsicElements'.
src/icons/Fonts/general-sans/GeneralSansVariable.tsx(4651,5): error TS2339: Property 'hkern' does not exist on type 'JSX.IntrinsicElements'.
src/icons/Fonts/general-sans/GeneralSansVariable.tsx(4652,5): error TS2339: Property 'hkern' does not exist on type 'JSX.IntrinsicElements'.
src/icons/Fonts/general-sans/GeneralSansVariable.tsx(4653,5): error TS2339: Property 'hkern' does not exist on type 'JSX.IntrinsicElements'.
src/icons/Fonts/general-sans/GeneralSansVariable.tsx(4654,5): error TS2339: Property 'hkern' does not exist on type 'JSX.IntrinsicElements'.
src/icons/Fonts/general-sans/GeneralSansVariable.tsx(4655,5): error TS2339: Property 'hkern' does not exist on type 'JSX.IntrinsicElements'.
src/icons/Fonts/general-sans/GeneralSansVariable.tsx(4656,5): error TS2339: Property 'hkern' does not exist on type 'JSX.IntrinsicElements'.
src/icons/Fonts/general-sans/GeneralSansVariable.tsx(4657,5): error TS2339: Property 'hkern' does not exist on type 'JSX.IntrinsicElements'.
src/icons/Fonts/general-sans/GeneralSansVariable.tsx(4658,5): error TS2339: Property 'hkern' does not exist on type 'JSX.IntrinsicElements'.
src/icons/Fonts/general-sans/GeneralSansVariable.tsx(4659,5): error TS2339: Property 'hkern' does not exist on type 'JSX.IntrinsicElements'.
src/icons/Fonts/general-sans/GeneralSansVariable.tsx(4660,5): error TS2339: Property 'hkern' does not exist on type 'JSX.IntrinsicElements'.
src/icons/Fonts/general-sans/GeneralSansVariable.tsx(4661,5): error TS2339: Property 'hkern' does not exist on type 'JSX.IntrinsicElements'.
src/icons/Fonts/general-sans/GeneralSansVariable.tsx(4662,5): error TS2339: Property 'hkern' does not exist on type 'JSX.IntrinsicElements'.
src/icons/Fonts/general-sans/GeneralSansVariable.tsx(4663,5): error TS2339: Property 'hkern' does not exist on type 'JSX.IntrinsicElements'.
src/icons/Fonts/general-sans/GeneralSansVariable.tsx(4664,5): error TS2339: Property 'hkern' does not exist on type 'JSX.IntrinsicElements'.
src/icons/Fonts/general-sans/GeneralSansVariable.tsx(4665,5): error TS2339: Property 'hkern' does not exist on type 'JSX.IntrinsicElements'.
src/icons/Fonts/general-sans/GeneralSansVariable.tsx(4666,5): error TS2339: Property 'hkern' does not exist on type 'JSX.IntrinsicElements'.
src/icons/Fonts/general-sans/GeneralSansVariable.tsx(4667,5): error TS2339: Property 'hkern' does not exist on type 'JSX.IntrinsicElements'.
src/icons/Fonts/general-sans/GeneralSansVariable.tsx(4668,5): error TS2339: Property 'hkern' does not exist on type 'JSX.IntrinsicElements'.
src/icons/Fonts/general-sans/GeneralSansVariable.tsx(4669,5): error TS2339: Property 'hkern' does not exist on type 'JSX.IntrinsicElements'.
src/icons/Fonts/general-sans/GeneralSansVariable.tsx(4670,5): error TS2339: Property 'hkern' does not exist on type 'JSX.IntrinsicElements'.
src/icons/Fonts/general-sans/GeneralSansVariable.tsx(4671,5): error TS2339: Property 'hkern' does not exist on type 'JSX.IntrinsicElements'.
src/icons/Fonts/general-sans/GeneralSansVariable.tsx(4672,5): error TS2339: Property 'hkern' does not exist on type 'JSX.IntrinsicElements'.
src/icons/Fonts/general-sans/GeneralSansVariable.tsx(4673,5): error TS2339: Property 'hkern' does not exist on type 'JSX.IntrinsicElements'.
src/icons/Fonts/general-sans/GeneralSansVariable.tsx(4674,5): error TS2339: Property 'hkern' does not exist on type 'JSX.IntrinsicElements'.
src/icons/Fonts/general-sans/GeneralSansVariable.tsx(4675,5): error TS2339: Property 'hkern' does not exist on type 'JSX.IntrinsicElements'.
src/icons/Fonts/general-sans/GeneralSansVariable.tsx(4676,5): error TS2339: Property 'hkern' does not exist on type 'JSX.IntrinsicElements'.
src/icons/Fonts/general-sans/GeneralSansVariable.tsx(4677,5): error TS2339: Property 'hkern' does not exist on type 'JSX.IntrinsicElements'.
src/icons/Fonts/general-sans/GeneralSansVariable.tsx(4678,5): error TS2339: Property 'hkern' does not exist on type 'JSX.IntrinsicElements'.
src/icons/Fonts/general-sans/GeneralSansVariable.tsx(4679,5): error TS2339: Property 'hkern' does not exist on type 'JSX.IntrinsicElements'.
src/icons/Fonts/general-sans/GeneralSansVariable.tsx(4680,5): error TS2339: Property 'hkern' does not exist on type 'JSX.IntrinsicElements'.
src/icons/Fonts/general-sans/GeneralSansVariable.tsx(4681,5): error TS2339: Property 'hkern' does not exist on type 'JSX.IntrinsicElements'.
src/icons/Fonts/general-sans/GeneralSansVariable.tsx(4682,5): error TS2339: Property 'hkern' does not exist on type 'JSX.IntrinsicElements'.
src/icons/Fonts/general-sans/GeneralSansVariable.tsx(4683,5): error TS2339: Property 'hkern' does not exist on type 'JSX.IntrinsicElements'.
src/icons/Fonts/general-sans/GeneralSansVariable.tsx(4684,5): error TS2339: Property 'hkern' does not exist on type 'JSX.IntrinsicElements'.
src/icons/Fonts/general-sans/GeneralSansVariable.tsx(4685,5): error TS2339: Property 'hkern' does not exist on type 'JSX.IntrinsicElements'.
src/icons/Fonts/general-sans/GeneralSansVariable.tsx(4686,5): error TS2339: Property 'hkern' does not exist on type 'JSX.IntrinsicElements'.
src/icons/Fonts/general-sans/GeneralSansVariable.tsx(4687,5): error TS2339: Property 'hkern' does not exist on type 'JSX.IntrinsicElements'.
src/icons/Fonts/general-sans/GeneralSansVariable.tsx(4688,5): error TS2339: Property 'hkern' does not exist on type 'JSX.IntrinsicElements'.
src/icons/Fonts/general-sans/GeneralSansVariable.tsx(4689,5): error TS2339: Property 'hkern' does not exist on type 'JSX.IntrinsicElements'.
src/icons/Fonts/general-sans/GeneralSansVariable.tsx(4690,5): error TS2339: Property 'hkern' does not exist on type 'JSX.IntrinsicElements'.
src/icons/Fonts/general-sans/GeneralSansVariable.tsx(4691,5): error TS2339: Property 'hkern' does not exist on type 'JSX.IntrinsicElements'.
src/icons/Fonts/general-sans/GeneralSansVariable.tsx(4692,5): error TS2339: Property 'hkern' does not exist on type 'JSX.IntrinsicElements'.
src/icons/Fonts/general-sans/GeneralSansVariable.tsx(4693,5): error TS2339: Property 'hkern' does not exist on type 'JSX.IntrinsicElements'.
src/icons/Fonts/general-sans/GeneralSansVariable.tsx(4694,5): error TS2339: Property 'hkern' does not exist on type 'JSX.IntrinsicElements'.
src/icons/Fonts/general-sans/GeneralSansVariable.tsx(4695,5): error TS2339: Property 'hkern' does not exist on type 'JSX.IntrinsicElements'.
src/icons/Fonts/general-sans/GeneralSansVariable.tsx(4696,5): error TS2339: Property 'hkern' does not exist on type 'JSX.IntrinsicElements'.
src/icons/Fonts/general-sans/GeneralSansVariable.tsx(4697,5): error TS2339: Property 'hkern' does not exist on type 'JSX.IntrinsicElements'.
src/icons/Fonts/general-sans/GeneralSansVariable.tsx(4698,5): error TS2339: Property 'hkern' does not exist on type 'JSX.IntrinsicElements'.
src/icons/Fonts/general-sans/GeneralSansVariable.tsx(4699,5): error TS2339: Property 'hkern' does not exist on type 'JSX.IntrinsicElements'.
src/icons/Fonts/general-sans/GeneralSansVariable.tsx(4700,5): error TS2339: Property 'hkern' does not exist on type 'JSX.IntrinsicElements'.
src/icons/Fonts/general-sans/GeneralSansVariable.tsx(4701,5): error TS2339: Property 'hkern' does not exist on type 'JSX.IntrinsicElements'.
src/icons/Fonts/general-sans/GeneralSansVariable.tsx(4702,5): error TS2339: Property 'hkern' does not exist on type 'JSX.IntrinsicElements'.
src/icons/Fonts/general-sans/GeneralSansVariable.tsx(4703,5): error TS2339: Property 'hkern' does not exist on type 'JSX.IntrinsicElements'.
src/icons/Fonts/general-sans/GeneralSansVariable.tsx(4704,5): error TS2339: Property 'hkern' does not exist on type 'JSX.IntrinsicElements'.
src/icons/Fonts/general-sans/GeneralSansVariable.tsx(4705,5): error TS2339: Property 'hkern' does not exist on type 'JSX.IntrinsicElements'.
src/icons/Fonts/general-sans/GeneralSansVariable.tsx(4706,5): error TS2339: Property 'hkern' does not exist on type 'JSX.IntrinsicElements'.
src/icons/Fonts/general-sans/GeneralSansVariable.tsx(4707,5): error TS2339: Property 'hkern' does not exist on type 'JSX.IntrinsicElements'.
src/icons/Fonts/general-sans/GeneralSansVariable.tsx(4708,5): error TS2339: Property 'hkern' does not exist on type 'JSX.IntrinsicElements'.
src/icons/Fonts/general-sans/GeneralSansVariable.tsx(4709,5): error TS2339: Property 'hkern' does not exist on type 'JSX.IntrinsicElements'.
src/icons/Fonts/general-sans/GeneralSansVariable.tsx(4710,5): error TS2339: Property 'hkern' does not exist on type 'JSX.IntrinsicElements'.
src/icons/Fonts/general-sans/GeneralSansVariable.tsx(4711,5): error TS2339: Property 'hkern' does not exist on type 'JSX.IntrinsicElements'.
src/icons/Fonts/general-sans/GeneralSansVariable.tsx(4712,5): error TS2339: Property 'hkern' does not exist on type 'JSX.IntrinsicElements'.
src/icons/Fonts/general-sans/GeneralSansVariable.tsx(4713,5): error TS2339: Property 'hkern' does not exist on type 'JSX.IntrinsicElements'.
src/icons/Fonts/general-sans/GeneralSansVariable.tsx(4714,5): error TS2339: Property 'hkern' does not exist on type 'JSX.IntrinsicElements'.
src/icons/Fonts/general-sans/GeneralSansVariable.tsx(4715,5): error TS2339: Property 'hkern' does not exist on type 'JSX.IntrinsicElements'.
src/icons/Fonts/general-sans/GeneralSansVariable.tsx(4716,5): error TS2339: Property 'hkern' does not exist on type 'JSX.IntrinsicElements'.
src/icons/Fonts/general-sans/GeneralSansVariable.tsx(4717,5): error TS2339: Property 'hkern' does not exist on type 'JSX.IntrinsicElements'.
src/icons/Fonts/general-sans/GeneralSansVariable.tsx(4718,5): error TS2339: Property 'hkern' does not exist on type 'JSX.IntrinsicElements'.
src/icons/Fonts/general-sans/GeneralSansVariable.tsx(4719,5): error TS2339: Property 'hkern' does not exist on type 'JSX.IntrinsicElements'.
src/icons/Fonts/general-sans/GeneralSansVariable.tsx(4720,5): error TS2339: Property 'hkern' does not exist on type 'JSX.IntrinsicElements'.
src/icons/Fonts/general-sans/GeneralSansVariable.tsx(4721,5): error TS2339: Property 'hkern' does not exist on type 'JSX.IntrinsicElements'.
src/icons/Fonts/general-sans/GeneralSansVariable.tsx(4722,5): error TS2339: Property 'hkern' does not exist on type 'JSX.IntrinsicElements'.
src/icons/Fonts/general-sans/GeneralSansVariable.tsx(4723,5): error TS2339: Property 'hkern' does not exist on type 'JSX.IntrinsicElements'.
src/icons/Fonts/general-sans/GeneralSansVariable.tsx(4724,5): error TS2339: Property 'hkern' does not exist on type 'JSX.IntrinsicElements'.
src/icons/Fonts/general-sans/GeneralSansVariable.tsx(4725,5): error TS2339: Property 'hkern' does not exist on type 'JSX.IntrinsicElements'.
src/icons/Fonts/general-sans/GeneralSansVariable.tsx(4726,5): error TS2339: Property 'hkern' does not exist on type 'JSX.IntrinsicElements'.
src/icons/Fonts/general-sans/GeneralSansVariable.tsx(4727,5): error TS2339: Property 'hkern' does not exist on type 'JSX.IntrinsicElements'.
src/icons/Fonts/general-sans/GeneralSansVariable.tsx(4728,5): error TS2339: Property 'hkern' does not exist on type 'JSX.IntrinsicElements'.
src/icons/Fonts/general-sans/GeneralSansVariable.tsx(4729,5): error TS2339: Property 'hkern' does not exist on type 'JSX.IntrinsicElements'.
src/icons/Fonts/general-sans/GeneralSansVariable.tsx(4730,5): error TS2339: Property 'hkern' does not exist on type 'JSX.IntrinsicElements'.
src/icons/Fonts/general-sans/GeneralSansVariable.tsx(4731,5): error TS2339: Property 'hkern' does not exist on type 'JSX.IntrinsicElements'.
src/icons/Fonts/general-sans/GeneralSansVariable.tsx(4732,5): error TS2339: Property 'hkern' does not exist on type 'JSX.IntrinsicElements'.
src/icons/Fonts/general-sans/GeneralSansVariable.tsx(4733,5): error TS2339: Property 'hkern' does not exist on type 'JSX.IntrinsicElements'.
src/icons/Fonts/general-sans/GeneralSansVariable.tsx(4734,5): error TS2339: Property 'hkern' does not exist on type 'JSX.IntrinsicElements'.
src/icons/Fonts/general-sans/GeneralSansVariable.tsx(4735,5): error TS2339: Property 'hkern' does not exist on type 'JSX.IntrinsicElements'.
src/icons/Fonts/general-sans/GeneralSansVariable.tsx(4736,5): error TS2339: Property 'hkern' does not exist on type 'JSX.IntrinsicElements'.
src/icons/Fonts/general-sans/GeneralSansVariable.tsx(4737,5): error TS2339: Property 'hkern' does not exist on type 'JSX.IntrinsicElements'.
src/icons/Fonts/general-sans/GeneralSansVariable.tsx(4738,5): error TS2339: Property 'hkern' does not exist on type 'JSX.IntrinsicElements'.
src/icons/Fonts/general-sans/GeneralSansVariable.tsx(4739,5): error TS2339: Property 'hkern' does not exist on type 'JSX.IntrinsicElements'.
src/icons/Fonts/general-sans/GeneralSansVariable.tsx(4740,5): error TS2339: Property 'hkern' does not exist on type 'JSX.IntrinsicElements'.
src/icons/Fonts/general-sans/GeneralSansVariable.tsx(4741,5): error TS2339: Property 'hkern' does not exist on type 'JSX.IntrinsicElements'.
src/icons/Fonts/general-sans/GeneralSansVariable.tsx(4742,5): error TS2339: Property 'hkern' does not exist on type 'JSX.IntrinsicElements'.
src/icons/Fonts/general-sans/GeneralSansVariable.tsx(4743,5): error TS2339: Property 'hkern' does not exist on type 'JSX.IntrinsicElements'.
src/icons/Fonts/general-sans/GeneralSansVariable.tsx(4744,5): error TS2339: Property 'hkern' does not exist on type 'JSX.IntrinsicElements'.
src/icons/Fonts/general-sans/GeneralSansVariable.tsx(4745,5): error TS2339: Property 'hkern' does not exist on type 'JSX.IntrinsicElements'.
src/icons/Fonts/general-sans/GeneralSansVariable.tsx(4746,5): error TS2339: Property 'hkern' does not exist on type 'JSX.IntrinsicElements'.
src/icons/Fonts/general-sans/GeneralSansVariable.tsx(4747,5): error TS2339: Property 'hkern' does not exist on type 'JSX.IntrinsicElements'.
src/icons/Fonts/general-sans/GeneralSansVariable.tsx(4748,5): error TS2339: Property 'hkern' does not exist on type 'JSX.IntrinsicElements'.
src/icons/Fonts/general-sans/GeneralSansVariable.tsx(4749,5): error TS2339: Property 'hkern' does not exist on type 'JSX.IntrinsicElements'.
src/icons/Fonts/general-sans/GeneralSansVariable.tsx(4750,5): error TS2339: Property 'hkern' does not exist on type 'JSX.IntrinsicElements'.
src/icons/Fonts/general-sans/GeneralSansVariable.tsx(4751,5): error TS2339: Property 'hkern' does not exist on type 'JSX.IntrinsicElements'.
src/icons/Fonts/general-sans/GeneralSansVariable.tsx(4752,5): error TS2339: Property 'hkern' does not exist on type 'JSX.IntrinsicElements'.
src/icons/Fonts/general-sans/GeneralSansVariable.tsx(4753,5): error TS2339: Property 'hkern' does not exist on type 'JSX.IntrinsicElements'.
src/icons/Fonts/general-sans/GeneralSansVariable.tsx(4754,5): error TS2339: Property 'hkern' does not exist on type 'JSX.IntrinsicElements'.
src/icons/Fonts/general-sans/GeneralSansVariable.tsx(4755,5): error TS2339: Property 'hkern' does not exist on type 'JSX.IntrinsicElements'.
src/icons/Fonts/general-sans/GeneralSansVariable.tsx(4756,5): error TS2339: Property 'hkern' does not exist on type 'JSX.IntrinsicElements'.
src/icons/Fonts/general-sans/GeneralSansVariable.tsx(4757,5): error TS2339: Property 'hkern' does not exist on type 'JSX.IntrinsicElements'.
src/icons/Fonts/general-sans/GeneralSansVariable.tsx(4758,5): error TS2339: Property 'hkern' does not exist on type 'JSX.IntrinsicElements'.
src/icons/Fonts/general-sans/GeneralSansVariable.tsx(4759,5): error TS2339: Property 'hkern' does not exist on type 'JSX.IntrinsicElements'.
src/icons/Fonts/general-sans/GeneralSansVariable.tsx(4760,5): error TS2339: Property 'hkern' does not exist on type 'JSX.IntrinsicElements'.
src/icons/Fonts/general-sans/GeneralSansVariable.tsx(4761,5): error TS2339: Property 'hkern' does not exist on type 'JSX.IntrinsicElements'.
src/icons/Fonts/general-sans/GeneralSansVariable.tsx(4762,5): error TS2339: Property 'hkern' does not exist on type 'JSX.IntrinsicElements'.
src/icons/Fonts/general-sans/GeneralSansVariable.tsx(4763,5): error TS2339: Property 'hkern' does not exist on type 'JSX.IntrinsicElements'.
src/icons/Fonts/general-sans/GeneralSansVariable.tsx(4764,5): error TS2339: Property 'hkern' does not exist on type 'JSX.IntrinsicElements'.
src/icons/Fonts/general-sans/GeneralSansVariable.tsx(4765,5): error TS2339: Property 'hkern' does not exist on type 'JSX.IntrinsicElements'.
src/icons/Fonts/general-sans/GeneralSansVariable.tsx(4766,5): error TS2339: Property 'hkern' does not exist on type 'JSX.IntrinsicElements'.
src/icons/Fonts/general-sans/GeneralSansVariable.tsx(4767,5): error TS2339: Property 'hkern' does not exist on type 'JSX.IntrinsicElements'.
src/icons/Fonts/general-sans/GeneralSansVariable.tsx(4768,5): error TS2339: Property 'hkern' does not exist on type 'JSX.IntrinsicElements'.
src/icons/Fonts/general-sans/GeneralSansVariable.tsx(4769,5): error TS2339: Property 'hkern' does not exist on type 'JSX.IntrinsicElements'.
src/icons/Fonts/general-sans/GeneralSansVariable.tsx(4770,5): error TS2339: Property 'hkern' does not exist on type 'JSX.IntrinsicElements'.
src/icons/Fonts/general-sans/GeneralSansVariable.tsx(4771,5): error TS2339: Property 'hkern' does not exist on type 'JSX.IntrinsicElements'.
src/icons/Fonts/general-sans/GeneralSansVariable.tsx(4772,5): error TS2339: Property 'hkern' does not exist on type 'JSX.IntrinsicElements'.
src/icons/Fonts/general-sans/GeneralSansVariable.tsx(4773,5): error TS2339: Property 'hkern' does not exist on type 'JSX.IntrinsicElements'.
src/icons/Fonts/general-sans/GeneralSansVariable.tsx(4774,5): error TS2339: Property 'hkern' does not exist on type 'JSX.IntrinsicElements'.
src/icons/Fonts/general-sans/GeneralSansVariable.tsx(4775,5): error TS2339: Property 'hkern' does not exist on type 'JSX.IntrinsicElements'.
src/icons/Fonts/general-sans/GeneralSansVariable.tsx(4776,5): error TS2339: Property 'hkern' does not exist on type 'JSX.IntrinsicElements'.
src/icons/Fonts/general-sans/GeneralSansVariable.tsx(4777,5): error TS2339: Property 'hkern' does not exist on type 'JSX.IntrinsicElements'.
src/icons/Fonts/general-sans/GeneralSansVariable.tsx(4778,5): error TS2339: Property 'hkern' does not exist on type 'JSX.IntrinsicElements'.
src/icons/Fonts/general-sans/GeneralSansVariable.tsx(4779,5): error TS2339: Property 'hkern' does not exist on type 'JSX.IntrinsicElements'.
src/icons/Fonts/general-sans/GeneralSansVariable.tsx(4780,5): error TS2339: Property 'hkern' does not exist on type 'JSX.IntrinsicElements'.
src/icons/Fonts/general-sans/GeneralSansVariable.tsx(4781,5): error TS2339: Property 'hkern' does not exist on type 'JSX.IntrinsicElements'.
src/icons/Fonts/general-sans/GeneralSansVariable.tsx(4782,5): error TS2339: Property 'hkern' does not exist on type 'JSX.IntrinsicElements'.
src/icons/Fonts/general-sans/GeneralSansVariable.tsx(4783,5): error TS2339: Property 'hkern' does not exist on type 'JSX.IntrinsicElements'.
src/icons/Fonts/general-sans/GeneralSansVariable.tsx(4784,5): error TS2339: Property 'hkern' does not exist on type 'JSX.IntrinsicElements'.
src/icons/Fonts/general-sans/GeneralSansVariable.tsx(4785,5): error TS2339: Property 'hkern' does not exist on type 'JSX.IntrinsicElements'.
src/icons/Fonts/general-sans/GeneralSansVariable.tsx(4786,5): error TS2339: Property 'hkern' does not exist on type 'JSX.IntrinsicElements'.
src/icons/Fonts/general-sans/GeneralSansVariable.tsx(4787,5): error TS2339: Property 'hkern' does not exist on type 'JSX.IntrinsicElements'.
src/icons/Fonts/general-sans/GeneralSansVariable.tsx(4788,5): error TS2339: Property 'hkern' does not exist on type 'JSX.IntrinsicElements'.
src/icons/Fonts/general-sans/GeneralSansVariable.tsx(4789,5): error TS2339: Property 'hkern' does not exist on type 'JSX.IntrinsicElements'.
src/icons/Fonts/general-sans/GeneralSansVariable.tsx(4790,5): error TS2339: Property 'hkern' does not exist on type 'JSX.IntrinsicElements'.
src/icons/Fonts/general-sans/GeneralSansVariable.tsx(4791,5): error TS2339: Property 'hkern' does not exist on type 'JSX.IntrinsicElements'.
src/icons/Fonts/general-sans/GeneralSansVariable.tsx(4792,5): error TS2339: Property 'hkern' does not exist on type 'JSX.IntrinsicElements'.
src/icons/Fonts/general-sans/GeneralSansVariable.tsx(4793,5): error TS2339: Property 'hkern' does not exist on type 'JSX.IntrinsicElements'.
src/icons/Fonts/general-sans/GeneralSansVariable.tsx(4794,5): error TS2339: Property 'hkern' does not exist on type 'JSX.IntrinsicElements'.
src/icons/Fonts/general-sans/GeneralSansVariable.tsx(4795,5): error TS2339: Property 'hkern' does not exist on type 'JSX.IntrinsicElements'.
src/icons/Fonts/general-sans/GeneralSansVariable.tsx(4796,5): error TS2339: Property 'hkern' does not exist on type 'JSX.IntrinsicElements'.
src/icons/Fonts/general-sans/GeneralSansVariable.tsx(4797,5): error TS2339: Property 'hkern' does not exist on type 'JSX.IntrinsicElements'.
src/icons/Fonts/general-sans/GeneralSansVariable.tsx(4798,5): error TS2339: Property 'hkern' does not exist on type 'JSX.IntrinsicElements'.
src/icons/Fonts/general-sans/GeneralSansVariable.tsx(4799,5): error TS2339: Property 'hkern' does not exist on type 'JSX.IntrinsicElements'.
src/icons/Fonts/general-sans/GeneralSansVariable.tsx(4800,5): error TS2339: Property 'hkern' does not exist on type 'JSX.IntrinsicElements'.
src/icons/Fonts/general-sans/GeneralSansVariable.tsx(4801,5): error TS2339: Property 'hkern' does not exist on type 'JSX.IntrinsicElements'.
src/icons/Fonts/general-sans/GeneralSansVariable.tsx(4802,5): error TS2339: Property 'hkern' does not exist on type 'JSX.IntrinsicElements'.
src/icons/Fonts/general-sans/GeneralSansVariable.tsx(4803,5): error TS2339: Property 'hkern' does not exist on type 'JSX.IntrinsicElements'.
src/icons/Fonts/general-sans/GeneralSansVariable.tsx(4804,5): error TS2339: Property 'hkern' does not exist on type 'JSX.IntrinsicElements'.
src/icons/Fonts/general-sans/GeneralSansVariable.tsx(4805,5): error TS2339: Property 'hkern' does not exist on type 'JSX.IntrinsicElements'.
src/icons/Fonts/general-sans/GeneralSansVariable.tsx(4806,5): error TS2339: Property 'hkern' does not exist on type 'JSX.IntrinsicElements'.
src/icons/Fonts/general-sans/GeneralSansVariable.tsx(4807,5): error TS2339: Property 'hkern' does not exist on type 'JSX.IntrinsicElements'.
src/icons/Fonts/general-sans/GeneralSansVariable.tsx(4808,5): error TS2339: Property 'hkern' does not exist on type 'JSX.IntrinsicElements'.
src/icons/Fonts/general-sans/GeneralSansVariable.tsx(4809,5): error TS2339: Property 'hkern' does not exist on type 'JSX.IntrinsicElements'.
src/icons/Fonts/general-sans/GeneralSansVariable.tsx(4810,5): error TS2339: Property 'hkern' does not exist on type 'JSX.IntrinsicElements'.
src/icons/Fonts/general-sans/GeneralSansVariable.tsx(4811,5): error TS2339: Property 'hkern' does not exist on type 'JSX.IntrinsicElements'.
src/icons/Fonts/general-sans/GeneralSansVariable.tsx(4812,5): error TS2339: Property 'hkern' does not exist on type 'JSX.IntrinsicElements'.
src/icons/Fonts/general-sans/GeneralSansVariable.tsx(4813,5): error TS2339: Property 'hkern' does not exist on type 'JSX.IntrinsicElements'.
src/icons/Fonts/general-sans/GeneralSansVariable.tsx(4814,5): error TS2339: Property 'hkern' does not exist on type 'JSX.IntrinsicElements'.
src/icons/Fonts/general-sans/GeneralSansVariable.tsx(4815,5): error TS2339: Property 'hkern' does not exist on type 'JSX.IntrinsicElements'.
src/icons/Fonts/general-sans/GeneralSansVariable.tsx(4816,5): error TS2339: Property 'hkern' does not exist on type 'JSX.IntrinsicElements'.
src/icons/Fonts/general-sans/GeneralSansVariable.tsx(4817,5): error TS2339: Property 'hkern' does not exist on type 'JSX.IntrinsicElements'.
src/icons/Fonts/general-sans/GeneralSansVariable.tsx(4818,5): error TS2339: Property 'hkern' does not exist on type 'JSX.IntrinsicElements'.
src/icons/Fonts/general-sans/GeneralSansVariable.tsx(4819,5): error TS2339: Property 'hkern' does not exist on type 'JSX.IntrinsicElements'.
src/icons/Fonts/general-sans/GeneralSansVariable.tsx(4820,5): error TS2339: Property 'hkern' does not exist on type 'JSX.IntrinsicElements'.
src/icons/Fonts/general-sans/GeneralSansVariable.tsx(4821,5): error TS2339: Property 'hkern' does not exist on type 'JSX.IntrinsicElements'.
src/icons/Fonts/general-sans/GeneralSansVariable.tsx(4822,5): error TS2339: Property 'hkern' does not exist on type 'JSX.IntrinsicElements'.
src/icons/Fonts/general-sans/GeneralSansVariable.tsx(4823,5): error TS2339: Property 'hkern' does not exist on type 'JSX.IntrinsicElements'.
src/icons/Fonts/general-sans/GeneralSansVariable.tsx(4824,5): error TS2339: Property 'hkern' does not exist on type 'JSX.IntrinsicElements'.
src/icons/Fonts/general-sans/GeneralSansVariable.tsx(4825,5): error TS2339: Property 'hkern' does not exist on type 'JSX.IntrinsicElements'.
src/icons/Fonts/general-sans/GeneralSansVariable.tsx(4826,5): error TS2339: Property 'hkern' does not exist on type 'JSX.IntrinsicElements'.
src/icons/Fonts/general-sans/GeneralSansVariable.tsx(4827,5): error TS2339: Property 'hkern' does not exist on type 'JSX.IntrinsicElements'.
src/icons/Fonts/general-sans/GeneralSansVariable.tsx(4828,5): error TS2339: Property 'hkern' does not exist on type 'JSX.IntrinsicElements'.
src/icons/Fonts/general-sans/GeneralSansVariable.tsx(4829,5): error TS2339: Property 'hkern' does not exist on type 'JSX.IntrinsicElements'.
src/icons/Fonts/general-sans/GeneralSansVariable.tsx(4830,5): error TS2339: Property 'hkern' does not exist on type 'JSX.IntrinsicElements'.
src/icons/Fonts/general-sans/GeneralSansVariable.tsx(4831,5): error TS2339: Property 'hkern' does not exist on type 'JSX.IntrinsicElements'.
src/icons/Fonts/general-sans/GeneralSansVariable.tsx(4832,5): error TS2339: Property 'hkern' does not exist on type 'JSX.IntrinsicElements'.
src/icons/Fonts/general-sans/GeneralSansVariable.tsx(4833,5): error TS2339: Property 'hkern' does not exist on type 'JSX.IntrinsicElements'.
src/icons/Fonts/general-sans/GeneralSansVariable.tsx(4834,5): error TS2339: Property 'hkern' does not exist on type 'JSX.IntrinsicElements'.
src/icons/Fonts/general-sans/GeneralSansVariable.tsx(4835,5): error TS2339: Property 'hkern' does not exist on type 'JSX.IntrinsicElements'.
src/icons/Fonts/general-sans/GeneralSansVariable.tsx(4836,5): error TS2339: Property 'hkern' does not exist on type 'JSX.IntrinsicElements'.
src/icons/Fonts/general-sans/GeneralSansVariable.tsx(4837,5): error TS2339: Property 'hkern' does not exist on type 'JSX.IntrinsicElements'.
src/icons/Fonts/general-sans/GeneralSansVariable.tsx(4838,5): error TS2339: Property 'hkern' does not exist on type 'JSX.IntrinsicElements'.
src/icons/Fonts/general-sans/GeneralSansVariable.tsx(4839,5): error TS2339: Property 'hkern' does not exist on type 'JSX.IntrinsicElements'.
src/icons/Fonts/general-sans/GeneralSansVariable.tsx(4840,5): error TS2339: Property 'hkern' does not exist on type 'JSX.IntrinsicElements'.
src/icons/Fonts/general-sans/GeneralSansVariable.tsx(4841,5): error TS2339: Property 'hkern' does not exist on type 'JSX.IntrinsicElements'.
src/icons/Fonts/general-sans/GeneralSansVariable.tsx(4842,5): error TS2339: Property 'hkern' does not exist on type 'JSX.IntrinsicElements'.
src/icons/Fonts/general-sans/GeneralSansVariable.tsx(4843,5): error TS2339: Property 'hkern' does not exist on type 'JSX.IntrinsicElements'.
src/icons/Fonts/general-sans/GeneralSansVariable.tsx(4844,5): error TS2339: Property 'hkern' does not exist on type 'JSX.IntrinsicElements'.
src/icons/Fonts/general-sans/GeneralSansVariable.tsx(4845,5): error TS2339: Property 'hkern' does not exist on type 'JSX.IntrinsicElements'.
src/icons/Fonts/general-sans/GeneralSansVariable.tsx(4846,5): error TS2339: Property 'hkern' does not exist on type 'JSX.IntrinsicElements'.
src/icons/Fonts/general-sans/GeneralSansVariable.tsx(4847,5): error TS2339: Property 'hkern' does not exist on type 'JSX.IntrinsicElements'.
src/icons/Fonts/general-sans/GeneralSansVariable.tsx(4848,5): error TS2339: Property 'hkern' does not exist on type 'JSX.IntrinsicElements'.
src/icons/Fonts/general-sans/GeneralSansVariable.tsx(4849,5): error TS2339: Property 'hkern' does not exist on type 'JSX.IntrinsicElements'.
src/icons/Fonts/general-sans/GeneralSansVariable.tsx(4850,5): error TS2339: Property 'hkern' does not exist on type 'JSX.IntrinsicElements'.
src/icons/Fonts/general-sans/GeneralSansVariable.tsx(4851,5): error TS2339: Property 'hkern' does not exist on type 'JSX.IntrinsicElements'.
src/icons/Fonts/general-sans/GeneralSansVariable.tsx(4852,5): error TS2339: Property 'hkern' does not exist on type 'JSX.IntrinsicElements'.
src/icons/Fonts/general-sans/GeneralSansVariable.tsx(4853,5): error TS2339: Property 'hkern' does not exist on type 'JSX.IntrinsicElements'.
src/icons/Fonts/general-sans/GeneralSansVariable.tsx(4854,5): error TS2339: Property 'hkern' does not exist on type 'JSX.IntrinsicElements'.
src/icons/Fonts/general-sans/GeneralSansVariable.tsx(4855,5): error TS2339: Property 'hkern' does not exist on type 'JSX.IntrinsicElements'.
src/icons/Fonts/general-sans/GeneralSansVariable.tsx(4856,5): error TS2339: Property 'hkern' does not exist on type 'JSX.IntrinsicElements'.
src/icons/Fonts/general-sans/GeneralSansVariable.tsx(4857,5): error TS2339: Property 'hkern' does not exist on type 'JSX.IntrinsicElements'.
src/icons/Fonts/general-sans/GeneralSansVariable.tsx(4858,5): error TS2339: Property 'hkern' does not exist on type 'JSX.IntrinsicElements'.
src/icons/Fonts/general-sans/GeneralSansVariable.tsx(4859,5): error TS2339: Property 'hkern' does not exist on type 'JSX.IntrinsicElements'.
src/icons/Fonts/general-sans/GeneralSansVariable.tsx(4860,5): error TS2339: Property 'hkern' does not exist on type 'JSX.IntrinsicElements'.
src/icons/Fonts/general-sans/GeneralSansVariable.tsx(4861,5): error TS2339: Property 'hkern' does not exist on type 'JSX.IntrinsicElements'.
src/icons/Fonts/general-sans/GeneralSansVariable.tsx(4862,5): error TS2339: Property 'hkern' does not exist on type 'JSX.IntrinsicElements'.
src/icons/Fonts/general-sans/GeneralSansVariable.tsx(4863,5): error TS2339: Property 'hkern' does not exist on type 'JSX.IntrinsicElements'.
src/icons/Fonts/general-sans/GeneralSansVariable.tsx(4864,5): error TS2339: Property 'hkern' does not exist on type 'JSX.IntrinsicElements'.
src/icons/Fonts/general-sans/GeneralSansVariable.tsx(4865,5): error TS2339: Property 'hkern' does not exist on type 'JSX.IntrinsicElements'.
src/icons/Fonts/general-sans/GeneralSansVariable.tsx(4866,5): error TS2339: Property 'hkern' does not exist on type 'JSX.IntrinsicElements'.
src/icons/Fonts/general-sans/GeneralSansVariable.tsx(4867,5): error TS2339: Property 'hkern' does not exist on type 'JSX.IntrinsicElements'.
src/icons/Fonts/general-sans/GeneralSansVariable.tsx(4868,5): error TS2339: Property 'hkern' does not exist on type 'JSX.IntrinsicElements'.
src/icons/Fonts/general-sans/GeneralSansVariable.tsx(4869,5): error TS2339: Property 'hkern' does not exist on type 'JSX.IntrinsicElements'.
src/icons/Fonts/general-sans/GeneralSansVariable.tsx(4870,5): error TS2339: Property 'hkern' does not exist on type 'JSX.IntrinsicElements'.
src/icons/Fonts/general-sans/GeneralSansVariable.tsx(4871,5): error TS2339: Property 'hkern' does not exist on type 'JSX.IntrinsicElements'.
src/icons/Fonts/general-sans/GeneralSansVariable.tsx(4872,5): error TS2339: Property 'hkern' does not exist on type 'JSX.IntrinsicElements'.
src/icons/Fonts/general-sans/GeneralSansVariable.tsx(4873,5): error TS2339: Property 'hkern' does not exist on type 'JSX.IntrinsicElements'.
src/icons/Fonts/general-sans/GeneralSansVariable.tsx(4874,5): error TS2339: Property 'hkern' does not exist on type 'JSX.IntrinsicElements'.
src/icons/Fonts/general-sans/GeneralSansVariable.tsx(4875,5): error TS2339: Property 'hkern' does not exist on type 'JSX.IntrinsicElements'.
src/icons/Fonts/general-sans/GeneralSansVariable.tsx(4876,5): error TS2339: Property 'hkern' does not exist on type 'JSX.IntrinsicElements'.
src/icons/Fonts/general-sans/GeneralSansVariable.tsx(4877,5): error TS2339: Property 'hkern' does not exist on type 'JSX.IntrinsicElements'.
src/icons/Fonts/general-sans/GeneralSansVariable.tsx(4878,5): error TS2339: Property 'hkern' does not exist on type 'JSX.IntrinsicElements'.
src/icons/Fonts/general-sans/GeneralSansVariable.tsx(4879,5): error TS2339: Property 'hkern' does not exist on type 'JSX.IntrinsicElements'.
src/icons/Fonts/general-sans/GeneralSansVariable.tsx(4880,5): error TS2339: Property 'hkern' does not exist on type 'JSX.IntrinsicElements'.
src/icons/Fonts/general-sans/GeneralSansVariable.tsx(4881,5): error TS2339: Property 'hkern' does not exist on type 'JSX.IntrinsicElements'.
src/icons/Fonts/general-sans/GeneralSansVariable.tsx(4882,5): error TS2339: Property 'hkern' does not exist on type 'JSX.IntrinsicElements'.
src/icons/Fonts/general-sans/GeneralSansVariable.tsx(4883,5): error TS2339: Property 'hkern' does not exist on type 'JSX.IntrinsicElements'.
src/icons/Fonts/general-sans/GeneralSansVariable.tsx(4884,5): error TS2339: Property 'hkern' does not exist on type 'JSX.IntrinsicElements'.
src/icons/Fonts/general-sans/GeneralSansVariable.tsx(4885,5): error TS2339: Property 'hkern' does not exist on type 'JSX.IntrinsicElements'.
src/icons/Fonts/general-sans/GeneralSansVariable.tsx(4886,5): error TS2339: Property 'hkern' does not exist on type 'JSX.IntrinsicElements'.
src/icons/Fonts/general-sans/GeneralSansVariable.tsx(4887,5): error TS2339: Property 'hkern' does not exist on type 'JSX.IntrinsicElements'.
src/icons/Fonts/general-sans/GeneralSansVariable.tsx(4888,5): error TS2339: Property 'hkern' does not exist on type 'JSX.IntrinsicElements'.
src/icons/Fonts/general-sans/GeneralSansVariable.tsx(4889,5): error TS2339: Property 'hkern' does not exist on type 'JSX.IntrinsicElements'.
src/icons/Fonts/general-sans/GeneralSansVariable.tsx(4890,5): error TS2339: Property 'hkern' does not exist on type 'JSX.IntrinsicElements'.
src/icons/Fonts/general-sans/GeneralSansVariable.tsx(4891,5): error TS2339: Property 'hkern' does not exist on type 'JSX.IntrinsicElements'.
src/icons/Fonts/general-sans/GeneralSansVariable.tsx(4892,5): error TS2339: Property 'hkern' does not exist on type 'JSX.IntrinsicElements'.
src/icons/Fonts/general-sans/GeneralSansVariable.tsx(4893,5): error TS2339: Property 'hkern' does not exist on type 'JSX.IntrinsicElements'.
src/icons/Fonts/general-sans/GeneralSansVariable.tsx(4894,5): error TS2339: Property 'hkern' does not exist on type 'JSX.IntrinsicElements'.
src/icons/Fonts/general-sans/GeneralSansVariable.tsx(4895,5): error TS2339: Property 'hkern' does not exist on type 'JSX.IntrinsicElements'.
src/icons/Fonts/general-sans/GeneralSansVariable.tsx(4896,5): error TS2339: Property 'hkern' does not exist on type 'JSX.IntrinsicElements'.
src/icons/Fonts/general-sans/GeneralSansVariable.tsx(4897,5): error TS2339: Property 'hkern' does not exist on type 'JSX.IntrinsicElements'.
src/icons/Fonts/general-sans/GeneralSansVariable.tsx(4898,5): error TS2339: Property 'hkern' does not exist on type 'JSX.IntrinsicElements'.
src/icons/Fonts/general-sans/GeneralSansVariable.tsx(4899,5): error TS2339: Property 'hkern' does not exist on type 'JSX.IntrinsicElements'.
src/icons/Fonts/general-sans/GeneralSansVariable.tsx(4900,5): error TS2339: Property 'hkern' does not exist on type 'JSX.IntrinsicElements'.
src/icons/Fonts/general-sans/GeneralSansVariable.tsx(4901,5): error TS2339: Property 'hkern' does not exist on type 'JSX.IntrinsicElements'.
src/icons/Fonts/general-sans/GeneralSansVariable.tsx(4902,5): error TS2339: Property 'hkern' does not exist on type 'JSX.IntrinsicElements'.
src/icons/Fonts/general-sans/GeneralSansVariable.tsx(4903,5): error TS2339: Property 'hkern' does not exist on type 'JSX.IntrinsicElements'.
src/icons/Fonts/general-sans/GeneralSansVariable.tsx(4904,5): error TS2339: Property 'hkern' does not exist on type 'JSX.IntrinsicElements'.
src/icons/Fonts/general-sans/GeneralSansVariable.tsx(4905,5): error TS2339: Property 'hkern' does not exist on type 'JSX.IntrinsicElements'.
src/icons/Fonts/general-sans/GeneralSansVariable.tsx(4906,5): error TS2339: Property 'hkern' does not exist on type 'JSX.IntrinsicElements'.
src/icons/Fonts/general-sans/GeneralSansVariable.tsx(4909,5): error TS2339: Property 'hkern' does not exist on type 'JSX.IntrinsicElements'.
src/icons/Fonts/general-sans/GeneralSansVariable.tsx(4912,5): error TS2339: Property 'hkern' does not exist on type 'JSX.IntrinsicElements'.
src/icons/Fonts/general-sans/GeneralSansVariable.tsx(4915,5): error TS2339: Property 'hkern' does not exist on type 'JSX.IntrinsicElements'.
src/icons/Fonts/general-sans/GeneralSansVariable.tsx(4918,5): error TS2339: Property 'hkern' does not exist on type 'JSX.IntrinsicElements'.
src/icons/Fonts/general-sans/GeneralSansVariable.tsx(4921,5): error TS2339: Property 'hkern' does not exist on type 'JSX.IntrinsicElements'.
src/icons/Fonts/general-sans/GeneralSansVariable.tsx(4924,5): error TS2339: Property 'hkern' does not exist on type 'JSX.IntrinsicElements'.
src/icons/Fonts/general-sans/GeneralSansVariable.tsx(4927,5): error TS2339: Property 'hkern' does not exist on type 'JSX.IntrinsicElements'.
src/icons/Fonts/general-sans/GeneralSansVariable.tsx(4930,5): error TS2339: Property 'hkern' does not exist on type 'JSX.IntrinsicElements'.
src/icons/Fonts/general-sans/GeneralSansVariable.tsx(4933,5): error TS2339: Property 'hkern' does not exist on type 'JSX.IntrinsicElements'.
src/icons/Fonts/general-sans/GeneralSansVariable.tsx(4936,5): error TS2339: Property 'hkern' does not exist on type 'JSX.IntrinsicElements'.
src/icons/Fonts/general-sans/GeneralSansVariable.tsx(4939,5): error TS2339: Property 'hkern' does not exist on type 'JSX.IntrinsicElements'.
src/icons/Fonts/general-sans/GeneralSansVariable.tsx(4942,5): error TS2339: Property 'hkern' does not exist on type 'JSX.IntrinsicElements'.
src/icons/Fonts/general-sans/GeneralSansVariable.tsx(4945,5): error TS2339: Property 'hkern' does not exist on type 'JSX.IntrinsicElements'.
src/icons/Fonts/general-sans/GeneralSansVariable.tsx(4948,5): error TS2339: Property 'hkern' does not exist on type 'JSX.IntrinsicElements'.
src/icons/Fonts/general-sans/GeneralSansVariable.tsx(4951,5): error TS2339: Property 'hkern' does not exist on type 'JSX.IntrinsicElements'.
src/icons/Fonts/general-sans/GeneralSansVariable.tsx(4954,5): error TS2339: Property 'hkern' does not exist on type 'JSX.IntrinsicElements'.
src/icons/Fonts/general-sans/GeneralSansVariable.tsx(4957,5): error TS2339: Property 'hkern' does not exist on type 'JSX.IntrinsicElements'.
src/icons/Fonts/general-sans/GeneralSansVariable.tsx(4960,5): error TS2339: Property 'hkern' does not exist on type 'JSX.IntrinsicElements'.
src/icons/Fonts/general-sans/GeneralSansVariable.tsx(4963,5): error TS2339: Property 'hkern' does not exist on type 'JSX.IntrinsicElements'.
src/icons/Fonts/general-sans/GeneralSansVariable.tsx(4966,5): error TS2339: Property 'hkern' does not exist on type 'JSX.IntrinsicElements'.
src/icons/Fonts/general-sans/GeneralSansVariable.tsx(4969,5): error TS2339: Property 'hkern' does not exist on type 'JSX.IntrinsicElements'.
src/icons/Fonts/general-sans/GeneralSansVariable.tsx(4972,5): error TS2339: Property 'hkern' does not exist on type 'JSX.IntrinsicElements'.
src/icons/Fonts/general-sans/GeneralSansVariable.tsx(4975,5): error TS2339: Property 'hkern' does not exist on type 'JSX.IntrinsicElements'.
src/icons/Fonts/general-sans/GeneralSansVariable.tsx(4978,5): error TS2339: Property 'hkern' does not exist on type 'JSX.IntrinsicElements'.
src/icons/Fonts/general-sans/GeneralSansVariable.tsx(4981,5): error TS2339: Property 'hkern' does not exist on type 'JSX.IntrinsicElements'.
src/icons/Fonts/general-sans/GeneralSansVariable.tsx(4984,5): error TS2339: Property 'hkern' does not exist on type 'JSX.IntrinsicElements'.
src/icons/Fonts/general-sans/GeneralSansVariable.tsx(4987,5): error TS2339: Property 'hkern' does not exist on type 'JSX.IntrinsicElements'.
src/icons/Fonts/general-sans/GeneralSansVariable.tsx(4990,5): error TS2339: Property 'hkern' does not exist on type 'JSX.IntrinsicElements'.
src/icons/Fonts/general-sans/GeneralSansVariable.tsx(4993,5): error TS2339: Property 'hkern' does not exist on type 'JSX.IntrinsicElements'.
src/icons/Fonts/general-sans/GeneralSansVariable.tsx(4996,5): error TS2339: Property 'hkern' does not exist on type 'JSX.IntrinsicElements'.
src/icons/Fonts/general-sans/GeneralSansVariable.tsx(4999,5): error TS2339: Property 'hkern' does not exist on type 'JSX.IntrinsicElements'.
src/icons/Fonts/general-sans/GeneralSansVariable.tsx(5002,5): error TS2339: Property 'hkern' does not exist on type 'JSX.IntrinsicElements'.
src/icons/Fonts/general-sans/GeneralSansVariable.tsx(5005,5): error TS2339: Property 'hkern' does not exist on type 'JSX.IntrinsicElements'.
src/icons/Fonts/general-sans/GeneralSansVariable.tsx(5008,5): error TS2339: Property 'hkern' does not exist on type 'JSX.IntrinsicElements'.
src/icons/Fonts/general-sans/GeneralSansVariable.tsx(5011,5): error TS2339: Property 'hkern' does not exist on type 'JSX.IntrinsicElements'.
src/icons/Fonts/general-sans/GeneralSansVariable.tsx(5014,5): error TS2339: Property 'hkern' does not exist on type 'JSX.IntrinsicElements'.
src/icons/Fonts/general-sans/GeneralSansVariable.tsx(5017,5): error TS2339: Property 'hkern' does not exist on type 'JSX.IntrinsicElements'.
src/icons/Fonts/general-sans/GeneralSansVariable.tsx(5020,5): error TS2339: Property 'hkern' does not exist on type 'JSX.IntrinsicElements'.
src/icons/Fonts/general-sans/GeneralSansVariable.tsx(5023,5): error TS2339: Property 'hkern' does not exist on type 'JSX.IntrinsicElements'.
src/icons/Fonts/general-sans/GeneralSansVariable.tsx(5026,5): error TS2339: Property 'hkern' does not exist on type 'JSX.IntrinsicElements'.
src/icons/Fonts/general-sans/GeneralSansVariable.tsx(5029,5): error TS2339: Property 'hkern' does not exist on type 'JSX.IntrinsicElements'.
src/icons/Fonts/general-sans/GeneralSansVariable.tsx(5032,5): error TS2339: Property 'hkern' does not exist on type 'JSX.IntrinsicElements'.
src/icons/Fonts/general-sans/GeneralSansVariable.tsx(5035,5): error TS2339: Property 'hkern' does not exist on type 'JSX.IntrinsicElements'.
src/icons/Fonts/general-sans/GeneralSansVariable.tsx(5038,5): error TS2339: Property 'hkern' does not exist on type 'JSX.IntrinsicElements'.
src/icons/Fonts/general-sans/GeneralSansVariable.tsx(5041,5): error TS2339: Property 'hkern' does not exist on type 'JSX.IntrinsicElements'.
src/icons/Fonts/general-sans/GeneralSansVariable.tsx(5044,5): error TS2339: Property 'hkern' does not exist on type 'JSX.IntrinsicElements'.
src/icons/Fonts/general-sans/GeneralSansVariable.tsx(5047,5): error TS2339: Property 'hkern' does not exist on type 'JSX.IntrinsicElements'.
src/icons/Fonts/general-sans/GeneralSansVariable.tsx(5050,5): error TS2339: Property 'hkern' does not exist on type 'JSX.IntrinsicElements'.
src/icons/Fonts/general-sans/GeneralSansVariable.tsx(5053,5): error TS2339: Property 'hkern' does not exist on type 'JSX.IntrinsicElements'.
src/icons/Fonts/general-sans/GeneralSansVariable.tsx(5056,5): error TS2339: Property 'hkern' does not exist on type 'JSX.IntrinsicElements'.
src/icons/Fonts/general-sans/GeneralSansVariable.tsx(5059,5): error TS2339: Property 'hkern' does not exist on type 'JSX.IntrinsicElements'.
src/icons/Fonts/general-sans/GeneralSansVariable.tsx(5062,5): error TS2339: Property 'hkern' does not exist on type 'JSX.IntrinsicElements'.
src/icons/Fonts/general-sans/GeneralSansVariable.tsx(5065,5): error TS2339: Property 'hkern' does not exist on type 'JSX.IntrinsicElements'.
src/icons/Fonts/general-sans/GeneralSansVariable.tsx(5068,5): error TS2339: Property 'hkern' does not exist on type 'JSX.IntrinsicElements'.
src/icons/Fonts/general-sans/GeneralSansVariable.tsx(5071,5): error TS2339: Property 'hkern' does not exist on type 'JSX.IntrinsicElements'.
src/icons/Fonts/general-sans/GeneralSansVariable.tsx(5074,5): error TS2339: Property 'hkern' does not exist on type 'JSX.IntrinsicElements'.
src/icons/Fonts/general-sans/GeneralSansVariable.tsx(5077,5): error TS2339: Property 'hkern' does not exist on type 'JSX.IntrinsicElements'.
src/icons/Fonts/general-sans/GeneralSansVariable.tsx(5080,5): error TS2339: Property 'hkern' does not exist on type 'JSX.IntrinsicElements'.
src/icons/Fonts/general-sans/GeneralSansVariable.tsx(5083,5): error TS2339: Property 'hkern' does not exist on type 'JSX.IntrinsicElements'.
src/icons/Fonts/general-sans/GeneralSansVariable.tsx(5086,5): error TS2339: Property 'hkern' does not exist on type 'JSX.IntrinsicElements'.
src/icons/Fonts/general-sans/GeneralSansVariable.tsx(5089,5): error TS2339: Property 'hkern' does not exist on type 'JSX.IntrinsicElements'.
src/icons/Fonts/general-sans/GeneralSansVariable.tsx(5092,5): error TS2339: Property 'hkern' does not exist on type 'JSX.IntrinsicElements'.
src/icons/Fonts/general-sans/GeneralSansVariable.tsx(5095,5): error TS2339: Property 'hkern' does not exist on type 'JSX.IntrinsicElements'.
src/icons/Fonts/general-sans/GeneralSansVariable.tsx(5098,5): error TS2339: Property 'hkern' does not exist on type 'JSX.IntrinsicElements'.
src/icons/Fonts/general-sans/GeneralSansVariable.tsx(5101,5): error TS2339: Property 'hkern' does not exist on type 'JSX.IntrinsicElements'.
src/icons/Fonts/general-sans/GeneralSansVariable.tsx(5104,5): error TS2339: Property 'hkern' does not exist on type 'JSX.IntrinsicElements'.
src/icons/Fonts/general-sans/GeneralSansVariable.tsx(5107,5): error TS2339: Property 'hkern' does not exist on type 'JSX.IntrinsicElements'.
src/icons/Fonts/general-sans/GeneralSansVariable.tsx(5110,5): error TS2339: Property 'hkern' does not exist on type 'JSX.IntrinsicElements'.
src/icons/Fonts/general-sans/GeneralSansVariable.tsx(5113,5): error TS2339: Property 'hkern' does not exist on type 'JSX.IntrinsicElements'.
src/icons/Fonts/general-sans/GeneralSansVariable.tsx(5116,5): error TS2339: Property 'hkern' does not exist on type 'JSX.IntrinsicElements'.
src/icons/Fonts/general-sans/GeneralSansVariable.tsx(5119,5): error TS2339: Property 'hkern' does not exist on type 'JSX.IntrinsicElements'.
src/icons/Fonts/general-sans/GeneralSansVariable.tsx(5122,5): error TS2339: Property 'hkern' does not exist on type 'JSX.IntrinsicElements'.
src/icons/Fonts/general-sans/GeneralSansVariable.tsx(5125,5): error TS2339: Property 'hkern' does not exist on type 'JSX.IntrinsicElements'.
src/icons/Fonts/general-sans/GeneralSansVariable.tsx(5128,5): error TS2339: Property 'hkern' does not exist on type 'JSX.IntrinsicElements'.
src/icons/Fonts/general-sans/GeneralSansVariable.tsx(5131,5): error TS2339: Property 'hkern' does not exist on type 'JSX.IntrinsicElements'.
src/icons/Fonts/general-sans/GeneralSansVariable.tsx(5134,5): error TS2339: Property 'hkern' does not exist on type 'JSX.IntrinsicElements'.
src/icons/Fonts/general-sans/GeneralSansVariable.tsx(5137,5): error TS2339: Property 'hkern' does not exist on type 'JSX.IntrinsicElements'.
src/icons/Fonts/general-sans/GeneralSansVariable.tsx(5140,5): error TS2339: Property 'hkern' does not exist on type 'JSX.IntrinsicElements'.
src/icons/Fonts/general-sans/GeneralSansVariable.tsx(5143,5): error TS2339: Property 'hkern' does not exist on type 'JSX.IntrinsicElements'.
src/icons/Fonts/general-sans/GeneralSansVariable.tsx(5146,5): error TS2339: Property 'hkern' does not exist on type 'JSX.IntrinsicElements'.
src/icons/Fonts/general-sans/GeneralSansVariable.tsx(5149,5): error TS2339: Property 'hkern' does not exist on type 'JSX.IntrinsicElements'.
src/icons/Fonts/general-sans/GeneralSansVariable.tsx(5152,5): error TS2339: Property 'hkern' does not exist on type 'JSX.IntrinsicElements'.
src/icons/Fonts/general-sans/GeneralSansVariable.tsx(5155,5): error TS2339: Property 'hkern' does not exist on type 'JSX.IntrinsicElements'.
src/icons/Fonts/general-sans/GeneralSansVariable.tsx(5158,5): error TS2339: Property 'hkern' does not exist on type 'JSX.IntrinsicElements'.
src/icons/Fonts/general-sans/GeneralSansVariable.tsx(5161,5): error TS2339: Property 'hkern' does not exist on type 'JSX.IntrinsicElements'.
src/icons/Fonts/general-sans/GeneralSansVariable.tsx(5164,5): error TS2339: Property 'hkern' does not exist on type 'JSX.IntrinsicElements'.
src/icons/Fonts/general-sans/GeneralSansVariable.tsx(5167,5): error TS2339: Property 'hkern' does not exist on type 'JSX.IntrinsicElements'.
src/icons/Fonts/general-sans/GeneralSansVariable.tsx(5170,5): error TS2339: Property 'hkern' does not exist on type 'JSX.IntrinsicElements'.
src/icons/Fonts/general-sans/GeneralSansVariable.tsx(5173,5): error TS2339: Property 'hkern' does not exist on type 'JSX.IntrinsicElements'.
src/icons/Fonts/general-sans/GeneralSansVariable.tsx(5176,5): error TS2339: Property 'hkern' does not exist on type 'JSX.IntrinsicElements'.
src/icons/Fonts/general-sans/GeneralSansVariable.tsx(5179,5): error TS2339: Property 'hkern' does not exist on type 'JSX.IntrinsicElements'.
src/icons/Fonts/general-sans/GeneralSansVariable.tsx(5182,5): error TS2339: Property 'hkern' does not exist on type 'JSX.IntrinsicElements'.
src/icons/Fonts/general-sans/GeneralSansVariable.tsx(5185,5): error TS2339: Property 'hkern' does not exist on type 'JSX.IntrinsicElements'.
src/icons/Fonts/general-sans/GeneralSansVariable.tsx(5188,5): error TS2339: Property 'hkern' does not exist on type 'JSX.IntrinsicElements'.
src/icons/Fonts/general-sans/GeneralSansVariable.tsx(5191,5): error TS2339: Property 'hkern' does not exist on type 'JSX.IntrinsicElements'.
src/icons/Fonts/general-sans/GeneralSansVariable.tsx(5194,5): error TS2339: Property 'hkern' does not exist on type 'JSX.IntrinsicElements'.
src/icons/Fonts/general-sans/GeneralSansVariable.tsx(5197,5): error TS2339: Property 'hkern' does not exist on type 'JSX.IntrinsicElements'.
src/icons/Fonts/general-sans/GeneralSansVariable.tsx(5200,5): error TS2339: Property 'hkern' does not exist on type 'JSX.IntrinsicElements'.
src/icons/Fonts/general-sans/GeneralSansVariable.tsx(5203,5): error TS2339: Property 'hkern' does not exist on type 'JSX.IntrinsicElements'.
src/icons/Fonts/general-sans/GeneralSansVariable.tsx(5206,5): error TS2339: Property 'hkern' does not exist on type 'JSX.IntrinsicElements'.
src/icons/Fonts/general-sans/GeneralSansVariable.tsx(5209,5): error TS2339: Property 'hkern' does not exist on type 'JSX.IntrinsicElements'.
src/icons/Fonts/general-sans/GeneralSansVariable.tsx(5212,5): error TS2339: Property 'hkern' does not exist on type 'JSX.IntrinsicElements'.
src/icons/Fonts/general-sans/GeneralSansVariable.tsx(5215,5): error TS2339: Property 'hkern' does not exist on type 'JSX.IntrinsicElements'.
src/icons/Fonts/general-sans/GeneralSansVariable.tsx(5218,5): error TS2339: Property 'hkern' does not exist on type 'JSX.IntrinsicElements'.
src/icons/Fonts/general-sans/GeneralSansVariable.tsx(5221,5): error TS2339: Property 'hkern' does not exist on type 'JSX.IntrinsicElements'.
src/icons/Fonts/general-sans/GeneralSansVariable.tsx(5224,5): error TS2339: Property 'hkern' does not exist on type 'JSX.IntrinsicElements'.
src/icons/Fonts/general-sans/GeneralSansVariable.tsx(5227,5): error TS2339: Property 'hkern' does not exist on type 'JSX.IntrinsicElements'.
src/icons/Fonts/general-sans/GeneralSansVariable.tsx(5230,5): error TS2339: Property 'hkern' does not exist on type 'JSX.IntrinsicElements'.
src/icons/Fonts/general-sans/GeneralSansVariable.tsx(5233,5): error TS2339: Property 'hkern' does not exist on type 'JSX.IntrinsicElements'.
src/icons/Fonts/general-sans/GeneralSansVariable.tsx(5236,5): error TS2339: Property 'hkern' does not exist on type 'JSX.IntrinsicElements'.
src/icons/Fonts/general-sans/GeneralSansVariable.tsx(5239,5): error TS2339: Property 'hkern' does not exist on type 'JSX.IntrinsicElements'.
src/icons/Fonts/general-sans/GeneralSansVariable.tsx(5242,5): error TS2339: Property 'hkern' does not exist on type 'JSX.IntrinsicElements'.
src/icons/Fonts/general-sans/GeneralSansVariable.tsx(5245,5): error TS2339: Property 'hkern' does not exist on type 'JSX.IntrinsicElements'.
src/icons/Fonts/general-sans/GeneralSansVariable.tsx(5248,5): error TS2339: Property 'hkern' does not exist on type 'JSX.IntrinsicElements'.
src/icons/Fonts/general-sans/GeneralSansVariable.tsx(5251,5): error TS2339: Property 'hkern' does not exist on type 'JSX.IntrinsicElements'.
src/icons/Fonts/general-sans/GeneralSansVariable.tsx(5254,5): error TS2339: Property 'hkern' does not exist on type 'JSX.IntrinsicElements'.
src/icons/Fonts/general-sans/GeneralSansVariable.tsx(5257,5): error TS2339: Property 'hkern' does not exist on type 'JSX.IntrinsicElements'.
src/icons/Fonts/general-sans/GeneralSansVariable.tsx(5260,5): error TS2339: Property 'hkern' does not exist on type 'JSX.IntrinsicElements'.
src/icons/Fonts/general-sans/GeneralSansVariable.tsx(5263,5): error TS2339: Property 'hkern' does not exist on type 'JSX.IntrinsicElements'.
src/icons/Fonts/general-sans/GeneralSansVariable.tsx(5266,5): error TS2339: Property 'hkern' does not exist on type 'JSX.IntrinsicElements'.
src/icons/Fonts/general-sans/GeneralSansVariable.tsx(5269,5): error TS2339: Property 'hkern' does not exist on type 'JSX.IntrinsicElements'.
src/icons/Fonts/general-sans/GeneralSansVariable.tsx(5272,5): error TS2339: Property 'hkern' does not exist on type 'JSX.IntrinsicElements'.
src/icons/Fonts/general-sans/GeneralSansVariable.tsx(5275,5): error TS2339: Property 'hkern' does not exist on type 'JSX.IntrinsicElements'.
src/icons/Fonts/general-sans/GeneralSansVariable.tsx(5278,5): error TS2339: Property 'hkern' does not exist on type 'JSX.IntrinsicElements'.
src/icons/Fonts/general-sans/GeneralSansVariable.tsx(5281,5): error TS2339: Property 'hkern' does not exist on type 'JSX.IntrinsicElements'.
src/icons/Fonts/general-sans/GeneralSansVariable.tsx(5284,5): error TS2339: Property 'hkern' does not exist on type 'JSX.IntrinsicElements'.
src/icons/Fonts/general-sans/GeneralSansVariable.tsx(5287,5): error TS2339: Property 'hkern' does not exist on type 'JSX.IntrinsicElements'.
src/icons/Fonts/general-sans/GeneralSansVariable.tsx(5290,5): error TS2339: Property 'hkern' does not exist on type 'JSX.IntrinsicElements'.
src/icons/Fonts/general-sans/GeneralSansVariable.tsx(5293,5): error TS2339: Property 'hkern' does not exist on type 'JSX.IntrinsicElements'.
src/icons/Fonts/general-sans/GeneralSansVariable.tsx(5296,5): error TS2339: Property 'hkern' does not exist on type 'JSX.IntrinsicElements'.
src/icons/Fonts/general-sans/GeneralSansVariable.tsx(5299,5): error TS2339: Property 'hkern' does not exist on type 'JSX.IntrinsicElements'.
src/icons/Fonts/general-sans/GeneralSansVariable.tsx(5302,5): error TS2339: Property 'hkern' does not exist on type 'JSX.IntrinsicElements'.
src/icons/Fonts/general-sans/GeneralSansVariable.tsx(5305,5): error TS2339: Property 'hkern' does not exist on type 'JSX.IntrinsicElements'.
src/icons/Fonts/general-sans/GeneralSansVariable.tsx(5308,5): error TS2339: Property 'hkern' does not exist on type 'JSX.IntrinsicElements'.
src/icons/Fonts/general-sans/GeneralSansVariable.tsx(5311,5): error TS2339: Property 'hkern' does not exist on type 'JSX.IntrinsicElements'.
src/icons/Fonts/general-sans/GeneralSansVariable.tsx(5314,5): error TS2339: Property 'hkern' does not exist on type 'JSX.IntrinsicElements'.
src/icons/Fonts/general-sans/GeneralSansVariable.tsx(5317,5): error TS2339: Property 'hkern' does not exist on type 'JSX.IntrinsicElements'.
src/icons/Fonts/general-sans/GeneralSansVariable.tsx(5320,5): error TS2339: Property 'hkern' does not exist on type 'JSX.IntrinsicElements'.
src/icons/Fonts/general-sans/GeneralSansVariable.tsx(5323,5): error TS2339: Property 'hkern' does not exist on type 'JSX.IntrinsicElements'.
src/icons/Fonts/general-sans/GeneralSansVariable.tsx(5326,5): error TS2339: Property 'hkern' does not exist on type 'JSX.IntrinsicElements'.
src/icons/Fonts/general-sans/GeneralSansVariable.tsx(5329,5): error TS2339: Property 'hkern' does not exist on type 'JSX.IntrinsicElements'.
src/icons/Fonts/general-sans/GeneralSansVariable.tsx(5332,5): error TS2339: Property 'hkern' does not exist on type 'JSX.IntrinsicElements'.
src/icons/Fonts/general-sans/GeneralSansVariable.tsx(5335,5): error TS2339: Property 'hkern' does not exist on type 'JSX.IntrinsicElements'.
src/icons/Fonts/general-sans/GeneralSansVariable.tsx(5338,5): error TS2339: Property 'hkern' does not exist on type 'JSX.IntrinsicElements'.
src/icons/Fonts/general-sans/GeneralSansVariable.tsx(5341,5): error TS2339: Property 'hkern' does not exist on type 'JSX.IntrinsicElements'.
src/icons/Fonts/general-sans/GeneralSansVariable.tsx(5344,5): error TS2339: Property 'hkern' does not exist on type 'JSX.IntrinsicElements'.
src/icons/Fonts/general-sans/GeneralSansVariable.tsx(5347,5): error TS2339: Property 'hkern' does not exist on type 'JSX.IntrinsicElements'.
src/icons/Fonts/general-sans/GeneralSansVariable.tsx(5350,5): error TS2339: Property 'hkern' does not exist on type 'JSX.IntrinsicElements'.
src/icons/Fonts/general-sans/GeneralSansVariable.tsx(5353,5): error TS2339: Property 'hkern' does not exist on type 'JSX.IntrinsicElements'.
src/icons/Fonts/general-sans/GeneralSansVariable.tsx(5356,5): error TS2339: Property 'hkern' does not exist on type 'JSX.IntrinsicElements'.
src/icons/Fonts/general-sans/GeneralSansVariable.tsx(5359,5): error TS2339: Property 'hkern' does not exist on type 'JSX.IntrinsicElements'.
src/icons/Fonts/general-sans/GeneralSansVariable.tsx(5362,5): error TS2339: Property 'hkern' does not exist on type 'JSX.IntrinsicElements'.
src/icons/Fonts/general-sans/GeneralSansVariable.tsx(5365,5): error TS2339: Property 'hkern' does not exist on type 'JSX.IntrinsicElements'.
src/icons/Fonts/general-sans/GeneralSansVariable.tsx(5368,5): error TS2339: Property 'hkern' does not exist on type 'JSX.IntrinsicElements'.
src/icons/Fonts/general-sans/GeneralSansVariable.tsx(5371,5): error TS2339: Property 'hkern' does not exist on type 'JSX.IntrinsicElements'.
src/icons/Fonts/general-sans/GeneralSansVariable.tsx(5374,5): error TS2339: Property 'hkern' does not exist on type 'JSX.IntrinsicElements'.
src/icons/Fonts/general-sans/GeneralSansVariable.tsx(5377,5): error TS2339: Property 'hkern' does not exist on type 'JSX.IntrinsicElements'.
src/icons/Fonts/general-sans/GeneralSansVariable.tsx(5380,5): error TS2339: Property 'hkern' does not exist on type 'JSX.IntrinsicElements'.
src/icons/Fonts/general-sans/GeneralSansVariable.tsx(5383,5): error TS2339: Property 'hkern' does not exist on type 'JSX.IntrinsicElements'.
src/icons/Fonts/general-sans/GeneralSansVariable.tsx(5386,5): error TS2339: Property 'hkern' does not exist on type 'JSX.IntrinsicElements'.
src/icons/Fonts/general-sans/GeneralSansVariable.tsx(5389,5): error TS2339: Property 'hkern' does not exist on type 'JSX.IntrinsicElements'.
src/icons/Fonts/general-sans/GeneralSansVariable.tsx(5392,5): error TS2339: Property 'hkern' does not exist on type 'JSX.IntrinsicElements'.
src/icons/Fonts/general-sans/GeneralSansVariable.tsx(5395,5): error TS2339: Property 'hkern' does not exist on type 'JSX.IntrinsicElements'.
src/icons/Fonts/general-sans/GeneralSansVariable.tsx(5398,5): error TS2339: Property 'hkern' does not exist on type 'JSX.IntrinsicElements'.
src/icons/Fonts/general-sans/GeneralSansVariable.tsx(5401,5): error TS2339: Property 'hkern' does not exist on type 'JSX.IntrinsicElements'.
src/icons/Fonts/general-sans/GeneralSansVariable.tsx(5404,5): error TS2339: Property 'hkern' does not exist on type 'JSX.IntrinsicElements'.
src/icons/Fonts/general-sans/GeneralSansVariable.tsx(5407,5): error TS2339: Property 'hkern' does not exist on type 'JSX.IntrinsicElements'.
src/icons/Fonts/general-sans/GeneralSansVariable.tsx(5410,5): error TS2339: Property 'hkern' does not exist on type 'JSX.IntrinsicElements'.
src/icons/Fonts/general-sans/GeneralSansVariable.tsx(5413,5): error TS2339: Property 'hkern' does not exist on type 'JSX.IntrinsicElements'.
src/icons/Fonts/general-sans/GeneralSansVariable.tsx(5416,5): error TS2339: Property 'hkern' does not exist on type 'JSX.IntrinsicElements'.
src/icons/Fonts/general-sans/GeneralSansVariable.tsx(5419,5): error TS2339: Property 'hkern' does not exist on type 'JSX.IntrinsicElements'.
src/icons/Fonts/general-sans/GeneralSansVariable.tsx(5422,5): error TS2339: Property 'hkern' does not exist on type 'JSX.IntrinsicElements'.
src/icons/Fonts/general-sans/GeneralSansVariable.tsx(5425,5): error TS2339: Property 'hkern' does not exist on type 'JSX.IntrinsicElements'.
src/icons/Fonts/general-sans/GeneralSansVariable.tsx(5428,5): error TS2339: Property 'hkern' does not exist on type 'JSX.IntrinsicElements'.
src/icons/Fonts/general-sans/GeneralSansVariable.tsx(5431,5): error TS2339: Property 'hkern' does not exist on type 'JSX.IntrinsicElements'.
src/icons/Fonts/general-sans/GeneralSansVariable.tsx(5434,5): error TS2339: Property 'hkern' does not exist on type 'JSX.IntrinsicElements'.
src/icons/Fonts/general-sans/GeneralSansVariable.tsx(5437,5): error TS2339: Property 'hkern' does not exist on type 'JSX.IntrinsicElements'.
src/icons/Fonts/general-sans/GeneralSansVariable.tsx(5440,5): error TS2339: Property 'hkern' does not exist on type 'JSX.IntrinsicElements'.
src/icons/Fonts/general-sans/GeneralSansVariable.tsx(5443,5): error TS2339: Property 'hkern' does not exist on type 'JSX.IntrinsicElements'.
src/icons/Fonts/general-sans/GeneralSansVariable.tsx(5446,5): error TS2339: Property 'hkern' does not exist on type 'JSX.IntrinsicElements'.
src/icons/Fonts/general-sans/GeneralSansVariable.tsx(5449,5): error TS2339: Property 'hkern' does not exist on type 'JSX.IntrinsicElements'.
src/icons/Fonts/general-sans/GeneralSansVariable.tsx(5452,5): error TS2339: Property 'hkern' does not exist on type 'JSX.IntrinsicElements'.
src/icons/Fonts/general-sans/GeneralSansVariable.tsx(5455,5): error TS2339: Property 'hkern' does not exist on type 'JSX.IntrinsicElements'.
src/icons/Fonts/general-sans/GeneralSansVariable.tsx(5458,5): error TS2339: Property 'hkern' does not exist on type 'JSX.IntrinsicElements'.
src/icons/Fonts/general-sans/GeneralSansVariable.tsx(5461,5): error TS2339: Property 'hkern' does not exist on type 'JSX.IntrinsicElements'.
src/icons/Fonts/general-sans/GeneralSansVariable.tsx(5464,5): error TS2339: Property 'hkern' does not exist on type 'JSX.IntrinsicElements'.
src/icons/Fonts/general-sans/GeneralSansVariable.tsx(5467,5): error TS2339: Property 'hkern' does not exist on type 'JSX.IntrinsicElements'.
src/icons/Fonts/general-sans/GeneralSansVariable.tsx(5470,5): error TS2339: Property 'hkern' does not exist on type 'JSX.IntrinsicElements'.
src/icons/Fonts/general-sans/GeneralSansVariable.tsx(5473,5): error TS2339: Property 'hkern' does not exist on type 'JSX.IntrinsicElements'.
src/icons/Fonts/general-sans/GeneralSansVariable.tsx(5476,5): error TS2339: Property 'hkern' does not exist on type 'JSX.IntrinsicElements'.
src/icons/Fonts/general-sans/GeneralSansVariable.tsx(5479,5): error TS2339: Property 'hkern' does not exist on type 'JSX.IntrinsicElements'.
src/icons/Fonts/general-sans/GeneralSansVariable.tsx(5482,5): error TS2339: Property 'hkern' does not exist on type 'JSX.IntrinsicElements'.
src/icons/Fonts/general-sans/GeneralSansVariable.tsx(5485,5): error TS2339: Property 'hkern' does not exist on type 'JSX.IntrinsicElements'.
src/icons/Fonts/general-sans/GeneralSansVariable.tsx(5488,5): error TS2339: Property 'hkern' does not exist on type 'JSX.IntrinsicElements'.
src/icons/Fonts/general-sans/GeneralSansVariable.tsx(5491,5): error TS2339: Property 'hkern' does not exist on type 'JSX.IntrinsicElements'.
src/icons/Fonts/general-sans/GeneralSansVariable.tsx(5494,5): error TS2339: Property 'hkern' does not exist on type 'JSX.IntrinsicElements'.
src/icons/Fonts/general-sans/GeneralSansVariable.tsx(5497,5): error TS2339: Property 'hkern' does not exist on type 'JSX.IntrinsicElements'.
src/icons/Fonts/general-sans/GeneralSansVariable.tsx(5500,5): error TS2339: Property 'hkern' does not exist on type 'JSX.IntrinsicElements'.
src/icons/Fonts/general-sans/GeneralSansVariable.tsx(5503,5): error TS2339: Property 'hkern' does not exist on type 'JSX.IntrinsicElements'.
src/icons/Fonts/general-sans/GeneralSansVariable.tsx(5506,5): error TS2339: Property 'hkern' does not exist on type 'JSX.IntrinsicElements'.
src/icons/Fonts/general-sans/GeneralSansVariable.tsx(5509,5): error TS2339: Property 'hkern' does not exist on type 'JSX.IntrinsicElements'.
src/icons/Fonts/general-sans/GeneralSansVariable.tsx(5512,5): error TS2339: Property 'hkern' does not exist on type 'JSX.IntrinsicElements'.
src/icons/Fonts/general-sans/GeneralSansVariable.tsx(5515,5): error TS2339: Property 'hkern' does not exist on type 'JSX.IntrinsicElements'.
src/icons/Fonts/general-sans/GeneralSansVariable.tsx(5518,5): error TS2339: Property 'hkern' does not exist on type 'JSX.IntrinsicElements'.
src/icons/Fonts/general-sans/GeneralSansVariable.tsx(5521,5): error TS2339: Property 'hkern' does not exist on type 'JSX.IntrinsicElements'.
src/icons/Fonts/general-sans/GeneralSansVariable.tsx(5524,5): error TS2339: Property 'hkern' does not exist on type 'JSX.IntrinsicElements'.
src/icons/Fonts/general-sans/GeneralSansVariable.tsx(5527,5): error TS2339: Property 'hkern' does not exist on type 'JSX.IntrinsicElements'.
src/icons/Fonts/general-sans/GeneralSansVariable.tsx(5530,5): error TS2339: Property 'hkern' does not exist on type 'JSX.IntrinsicElements'.
src/icons/Fonts/general-sans/GeneralSansVariable.tsx(5533,5): error TS2339: Property 'hkern' does not exist on type 'JSX.IntrinsicElements'.
src/icons/Fonts/general-sans/GeneralSansVariable.tsx(5536,5): error TS2339: Property 'hkern' does not exist on type 'JSX.IntrinsicElements'.
src/icons/Fonts/general-sans/GeneralSansVariable.tsx(5539,5): error TS2339: Property 'hkern' does not exist on type 'JSX.IntrinsicElements'.
src/icons/Fonts/general-sans/GeneralSansVariable.tsx(5542,5): error TS2339: Property 'hkern' does not exist on type 'JSX.IntrinsicElements'.
src/icons/Fonts/general-sans/GeneralSansVariable.tsx(5545,5): error TS2339: Property 'hkern' does not exist on type 'JSX.IntrinsicElements'.
src/icons/Fonts/general-sans/GeneralSansVariable.tsx(5548,5): error TS2339: Property 'hkern' does not exist on type 'JSX.IntrinsicElements'.
src/icons/Fonts/general-sans/GeneralSansVariable.tsx(5551,5): error TS2339: Property 'hkern' does not exist on type 'JSX.IntrinsicElements'.
src/icons/Fonts/general-sans/GeneralSansVariable.tsx(5554,5): error TS2339: Property 'hkern' does not exist on type 'JSX.IntrinsicElements'.
src/icons/Fonts/general-sans/GeneralSansVariable.tsx(5557,5): error TS2339: Property 'hkern' does not exist on type 'JSX.IntrinsicElements'.
src/icons/Fonts/general-sans/GeneralSansVariable.tsx(5560,5): error TS2339: Property 'hkern' does not exist on type 'JSX.IntrinsicElements'.
src/icons/Fonts/general-sans/GeneralSansVariable.tsx(5563,5): error TS2339: Property 'hkern' does not exist on type 'JSX.IntrinsicElements'.
src/icons/Fonts/general-sans/GeneralSansVariable.tsx(5566,5): error TS2339: Property 'hkern' does not exist on type 'JSX.IntrinsicElements'.
src/icons/Fonts/general-sans/GeneralSansVariable.tsx(5569,5): error TS2339: Property 'hkern' does not exist on type 'JSX.IntrinsicElements'.
src/icons/Fonts/general-sans/GeneralSansVariable.tsx(5572,5): error TS2339: Property 'hkern' does not exist on type 'JSX.IntrinsicElements'.
src/icons/Fonts/general-sans/GeneralSansVariable.tsx(5575,5): error TS2339: Property 'hkern' does not exist on type 'JSX.IntrinsicElements'.
src/icons/Fonts/general-sans/GeneralSansVariable.tsx(5578,5): error TS2339: Property 'hkern' does not exist on type 'JSX.IntrinsicElements'.
src/icons/Fonts/general-sans/GeneralSansVariable.tsx(5581,5): error TS2339: Property 'hkern' does not exist on type 'JSX.IntrinsicElements'.
src/icons/Fonts/general-sans/GeneralSansVariable.tsx(5584,5): error TS2339: Property 'hkern' does not exist on type 'JSX.IntrinsicElements'.
src/icons/Fonts/general-sans/GeneralSansVariable.tsx(5587,5): error TS2339: Property 'hkern' does not exist on type 'JSX.IntrinsicElements'.
src/icons/Fonts/general-sans/GeneralSansVariable.tsx(5590,5): error TS2339: Property 'hkern' does not exist on type 'JSX.IntrinsicElements'.
src/icons/Fonts/general-sans/GeneralSansVariable.tsx(5593,5): error TS2339: Property 'hkern' does not exist on type 'JSX.IntrinsicElements'.
src/icons/Fonts/general-sans/GeneralSansVariable.tsx(5596,5): error TS2339: Property 'hkern' does not exist on type 'JSX.IntrinsicElements'.
src/icons/Fonts/general-sans/GeneralSansVariable.tsx(5599,5): error TS2339: Property 'hkern' does not exist on type 'JSX.IntrinsicElements'.
src/icons/Fonts/general-sans/GeneralSansVariable.tsx(5602,5): error TS2339: Property 'hkern' does not exist on type 'JSX.IntrinsicElements'.
src/icons/Fonts/general-sans/GeneralSansVariable.tsx(5605,5): error TS2339: Property 'hkern' does not exist on type 'JSX.IntrinsicElements'.
src/icons/Fonts/general-sans/GeneralSansVariable.tsx(5608,5): error TS2339: Property 'hkern' does not exist on type 'JSX.IntrinsicElements'.
src/icons/Fonts/general-sans/GeneralSansVariable.tsx(5611,5): error TS2339: Property 'hkern' does not exist on type 'JSX.IntrinsicElements'.
src/icons/Fonts/general-sans/GeneralSansVariable.tsx(5614,5): error TS2339: Property 'hkern' does not exist on type 'JSX.IntrinsicElements'.
src/icons/Fonts/general-sans/GeneralSansVariable.tsx(5617,5): error TS2339: Property 'hkern' does not exist on type 'JSX.IntrinsicElements'.
src/icons/Fonts/general-sans/GeneralSansVariable.tsx(5620,5): error TS2339: Property 'hkern' does not exist on type 'JSX.IntrinsicElements'.
src/icons/Fonts/general-sans/GeneralSansVariable.tsx(5623,5): error TS2339: Property 'hkern' does not exist on type 'JSX.IntrinsicElements'.
src/icons/Fonts/general-sans/GeneralSansVariable.tsx(5626,5): error TS2339: Property 'hkern' does not exist on type 'JSX.IntrinsicElements'.
src/icons/Fonts/general-sans/GeneralSansVariable.tsx(5629,5): error TS2339: Property 'hkern' does not exist on type 'JSX.IntrinsicElements'.
src/icons/Fonts/general-sans/GeneralSansVariable.tsx(5632,5): error TS2339: Property 'hkern' does not exist on type 'JSX.IntrinsicElements'.
src/icons/Fonts/general-sans/GeneralSansVariable.tsx(5635,5): error TS2339: Property 'hkern' does not exist on type 'JSX.IntrinsicElements'.
src/icons/Fonts/general-sans/GeneralSansVariable.tsx(5638,5): error TS2339: Property 'hkern' does not exist on type 'JSX.IntrinsicElements'.
src/icons/Fonts/general-sans/GeneralSansVariable.tsx(5641,5): error TS2339: Property 'hkern' does not exist on type 'JSX.IntrinsicElements'.
src/icons/Fonts/general-sans/GeneralSansVariable.tsx(5644,5): error TS2339: Property 'hkern' does not exist on type 'JSX.IntrinsicElements'.
src/icons/Fonts/general-sans/GeneralSansVariable.tsx(5647,5): error TS2339: Property 'hkern' does not exist on type 'JSX.IntrinsicElements'.
src/icons/Fonts/general-sans/GeneralSansVariable.tsx(5650,5): error TS2339: Property 'hkern' does not exist on type 'JSX.IntrinsicElements'.
src/icons/Fonts/general-sans/GeneralSansVariable.tsx(5653,5): error TS2339: Property 'hkern' does not exist on type 'JSX.IntrinsicElements'.
src/icons/Fonts/general-sans/GeneralSansVariable.tsx(5656,5): error TS2339: Property 'hkern' does not exist on type 'JSX.IntrinsicElements'.
src/icons/Fonts/general-sans/GeneralSansVariable.tsx(5659,5): error TS2339: Property 'hkern' does not exist on type 'JSX.IntrinsicElements'.
src/icons/Fonts/general-sans/GeneralSansVariable.tsx(5662,5): error TS2339: Property 'hkern' does not exist on type 'JSX.IntrinsicElements'.
src/icons/Fonts/general-sans/GeneralSansVariable.tsx(5665,5): error TS2339: Property 'hkern' does not exist on type 'JSX.IntrinsicElements'.
src/icons/Fonts/general-sans/GeneralSansVariable.tsx(5668,5): error TS2339: Property 'hkern' does not exist on type 'JSX.IntrinsicElements'.
src/icons/Fonts/general-sans/GeneralSansVariable.tsx(5671,5): error TS2339: Property 'hkern' does not exist on type 'JSX.IntrinsicElements'.
src/icons/Fonts/general-sans/GeneralSansVariable.tsx(5674,5): error TS2339: Property 'hkern' does not exist on type 'JSX.IntrinsicElements'.
src/icons/Fonts/general-sans/GeneralSansVariable.tsx(5677,5): error TS2339: Property 'hkern' does not exist on type 'JSX.IntrinsicElements'.
src/icons/Fonts/general-sans/GeneralSansVariable.tsx(5680,5): error TS2339: Property 'hkern' does not exist on type 'JSX.IntrinsicElements'.
src/icons/Fonts/general-sans/GeneralSansVariable.tsx(5683,5): error TS2339: Property 'hkern' does not exist on type 'JSX.IntrinsicElements'.
src/icons/Fonts/general-sans/GeneralSansVariable.tsx(5686,5): error TS2339: Property 'hkern' does not exist on type 'JSX.IntrinsicElements'.
src/icons/Fonts/general-sans/GeneralSansVariable.tsx(5689,5): error TS2339: Property 'hkern' does not exist on type 'JSX.IntrinsicElements'.
src/icons/Fonts/general-sans/GeneralSansVariable.tsx(5692,5): error TS2339: Property 'hkern' does not exist on type 'JSX.IntrinsicElements'.
src/icons/Fonts/general-sans/GeneralSansVariable.tsx(5695,5): error TS2339: Property 'hkern' does not exist on type 'JSX.IntrinsicElements'.
src/icons/Fonts/general-sans/GeneralSansVariable.tsx(5698,5): error TS2339: Property 'hkern' does not exist on type 'JSX.IntrinsicElements'.
src/icons/Fonts/general-sans/GeneralSansVariable.tsx(5701,5): error TS2339: Property 'hkern' does not exist on type 'JSX.IntrinsicElements'.
src/icons/Fonts/general-sans/GeneralSansVariable.tsx(5704,5): error TS2339: Property 'hkern' does not exist on type 'JSX.IntrinsicElements'.
src/icons/Fonts/general-sans/GeneralSansVariable.tsx(5707,5): error TS2339: Property 'hkern' does not exist on type 'JSX.IntrinsicElements'.
src/icons/Fonts/general-sans/GeneralSansVariable.tsx(5710,5): error TS2339: Property 'hkern' does not exist on type 'JSX.IntrinsicElements'.
src/icons/Fonts/general-sans/GeneralSansVariable.tsx(5713,5): error TS2339: Property 'hkern' does not exist on type 'JSX.IntrinsicElements'.
src/icons/Fonts/general-sans/GeneralSansVariable.tsx(5716,5): error TS2339: Property 'hkern' does not exist on type 'JSX.IntrinsicElements'.
src/icons/Fonts/general-sans/GeneralSansVariable.tsx(5719,5): error TS2339: Property 'hkern' does not exist on type 'JSX.IntrinsicElements'.
src/icons/Fonts/general-sans/GeneralSansVariable.tsx(5722,5): error TS2339: Property 'hkern' does not exist on type 'JSX.IntrinsicElements'.
src/icons/Fonts/general-sans/GeneralSansVariable.tsx(5725,5): error TS2339: Property 'hkern' does not exist on type 'JSX.IntrinsicElements'.
src/icons/Fonts/general-sans/GeneralSansVariable.tsx(5728,5): error TS2339: Property 'hkern' does not exist on type 'JSX.IntrinsicElements'.
src/icons/Fonts/general-sans/GeneralSansVariable.tsx(5731,5): error TS2339: Property 'hkern' does not exist on type 'JSX.IntrinsicElements'.
src/icons/Fonts/general-sans/GeneralSansVariable.tsx(5734,5): error TS2339: Property 'hkern' does not exist on type 'JSX.IntrinsicElements'.
src/icons/Fonts/general-sans/GeneralSansVariable.tsx(5737,5): error TS2339: Property 'hkern' does not exist on type 'JSX.IntrinsicElements'.
src/icons/Fonts/general-sans/GeneralSansVariable.tsx(5740,5): error TS2339: Property 'hkern' does not exist on type 'JSX.IntrinsicElements'.
src/icons/Fonts/general-sans/GeneralSansVariable.tsx(5743,5): error TS2339: Property 'hkern' does not exist on type 'JSX.IntrinsicElements'.
src/icons/Fonts/general-sans/GeneralSansVariable.tsx(5746,5): error TS2339: Property 'hkern' does not exist on type 'JSX.IntrinsicElements'.
src/icons/Fonts/general-sans/GeneralSansVariable.tsx(5749,5): error TS2339: Property 'hkern' does not exist on type 'JSX.IntrinsicElements'.
src/icons/Fonts/general-sans/GeneralSansVariable.tsx(5752,5): error TS2339: Property 'hkern' does not exist on type 'JSX.IntrinsicElements'.
src/icons/Fonts/general-sans/GeneralSansVariable.tsx(5755,5): error TS2339: Property 'hkern' does not exist on type 'JSX.IntrinsicElements'.
src/icons/Fonts/general-sans/GeneralSansVariable.tsx(5758,5): error TS2339: Property 'hkern' does not exist on type 'JSX.IntrinsicElements'.
src/icons/Fonts/general-sans/GeneralSansVariable.tsx(5761,5): error TS2339: Property 'hkern' does not exist on type 'JSX.IntrinsicElements'.
src/icons/Fonts/general-sans/GeneralSansVariable.tsx(5764,5): error TS2339: Property 'hkern' does not exist on type 'JSX.IntrinsicElements'.
src/icons/Fonts/general-sans/GeneralSansVariable.tsx(5767,5): error TS2339: Property 'hkern' does not exist on type 'JSX.IntrinsicElements'.
src/icons/Fonts/general-sans/GeneralSansVariable.tsx(5770,5): error TS2339: Property 'hkern' does not exist on type 'JSX.IntrinsicElements'.
src/icons/Fonts/general-sans/GeneralSansVariable.tsx(5773,5): error TS2339: Property 'hkern' does not exist on type 'JSX.IntrinsicElements'.
src/icons/Fonts/general-sans/GeneralSansVariable.tsx(5776,5): error TS2339: Property 'hkern' does not exist on type 'JSX.IntrinsicElements'.
src/icons/Fonts/general-sans/GeneralSansVariable.tsx(5779,5): error TS2339: Property 'hkern' does not exist on type 'JSX.IntrinsicElements'.
src/icons/Fonts/general-sans/GeneralSansVariable.tsx(5782,5): error TS2339: Property 'hkern' does not exist on type 'JSX.IntrinsicElements'.
src/icons/Fonts/general-sans/GeneralSansVariable.tsx(5785,5): error TS2339: Property 'hkern' does not exist on type 'JSX.IntrinsicElements'.
src/icons/Fonts/general-sans/GeneralSansVariable.tsx(5788,5): error TS2339: Property 'hkern' does not exist on type 'JSX.IntrinsicElements'.
src/icons/Fonts/general-sans/GeneralSansVariable.tsx(5791,5): error TS2339: Property 'hkern' does not exist on type 'JSX.IntrinsicElements'.
src/icons/Fonts/general-sans/GeneralSansVariable.tsx(5794,5): error TS2339: Property 'hkern' does not exist on type 'JSX.IntrinsicElements'.
src/icons/Fonts/general-sans/GeneralSansVariable.tsx(5797,5): error TS2339: Property 'hkern' does not exist on type 'JSX.IntrinsicElements'.
src/icons/Fonts/general-sans/GeneralSansVariable.tsx(5800,5): error TS2339: Property 'hkern' does not exist on type 'JSX.IntrinsicElements'.
src/icons/Fonts/general-sans/GeneralSansVariable.tsx(5803,5): error TS2339: Property 'hkern' does not exist on type 'JSX.IntrinsicElements'.
src/icons/Fonts/general-sans/GeneralSansVariable.tsx(5806,5): error TS2339: Property 'hkern' does not exist on type 'JSX.IntrinsicElements'.
src/icons/Fonts/general-sans/GeneralSansVariable.tsx(5809,5): error TS2339: Property 'hkern' does not exist on type 'JSX.IntrinsicElements'.
src/icons/Fonts/general-sans/GeneralSansVariable.tsx(5812,5): error TS2339: Property 'hkern' does not exist on type 'JSX.IntrinsicElements'.
src/icons/Fonts/general-sans/GeneralSansVariable.tsx(5815,5): error TS2339: Property 'hkern' does not exist on type 'JSX.IntrinsicElements'.
src/icons/Fonts/general-sans/GeneralSansVariable.tsx(5818,5): error TS2339: Property 'hkern' does not exist on type 'JSX.IntrinsicElements'.
src/icons/Fonts/general-sans/GeneralSansVariable.tsx(5821,5): error TS2339: Property 'hkern' does not exist on type 'JSX.IntrinsicElements'.
src/icons/Fonts/general-sans/GeneralSansVariable.tsx(5824,5): error TS2339: Property 'hkern' does not exist on type 'JSX.IntrinsicElements'.
src/icons/Fonts/general-sans/GeneralSansVariable.tsx(5827,5): error TS2339: Property 'hkern' does not exist on type 'JSX.IntrinsicElements'.
src/icons/Fonts/general-sans/GeneralSansVariable.tsx(5830,5): error TS2339: Property 'hkern' does not exist on type 'JSX.IntrinsicElements'.
src/icons/Fonts/general-sans/GeneralSansVariable.tsx(5833,5): error TS2339: Property 'hkern' does not exist on type 'JSX.IntrinsicElements'.
src/icons/Fonts/general-sans/GeneralSansVariable.tsx(5836,5): error TS2339: Property 'hkern' does not exist on type 'JSX.IntrinsicElements'.
src/icons/Fonts/general-sans/GeneralSansVariable.tsx(5839,5): error TS2339: Property 'hkern' does not exist on type 'JSX.IntrinsicElements'.
src/icons/Fonts/general-sans/GeneralSansVariable.tsx(5842,5): error TS2339: Property 'hkern' does not exist on type 'JSX.IntrinsicElements'.
src/icons/Fonts/general-sans/GeneralSansVariable.tsx(5845,5): error TS2339: Property 'hkern' does not exist on type 'JSX.IntrinsicElements'.
src/icons/Fonts/general-sans/GeneralSansVariable.tsx(5848,5): error TS2339: Property 'hkern' does not exist on type 'JSX.IntrinsicElements'.
src/icons/Fonts/general-sans/GeneralSansVariable.tsx(5851,5): error TS2339: Property 'hkern' does not exist on type 'JSX.IntrinsicElements'.
src/icons/Fonts/general-sans/GeneralSansVariable.tsx(5854,5): error TS2339: Property 'hkern' does not exist on type 'JSX.IntrinsicElements'.
src/icons/Fonts/general-sans/GeneralSansVariable.tsx(5857,5): error TS2339: Property 'hkern' does not exist on type 'JSX.IntrinsicElements'.
src/icons/Fonts/general-sans/GeneralSansVariable.tsx(5860,5): error TS2339: Property 'hkern' does not exist on type 'JSX.IntrinsicElements'.
src/icons/Fonts/general-sans/GeneralSansVariable.tsx(5863,5): error TS2339: Property 'hkern' does not exist on type 'JSX.IntrinsicElements'.
src/icons/Fonts/general-sans/GeneralSansVariable.tsx(5866,5): error TS2339: Property 'hkern' does not exist on type 'JSX.IntrinsicElements'.
src/icons/Fonts/general-sans/GeneralSansVariable.tsx(5869,5): error TS2339: Property 'hkern' does not exist on type 'JSX.IntrinsicElements'.
src/icons/Fonts/general-sans/GeneralSansVariable.tsx(5872,5): error TS2339: Property 'hkern' does not exist on type 'JSX.IntrinsicElements'.
src/icons/Fonts/general-sans/GeneralSansVariable.tsx(5875,5): error TS2339: Property 'hkern' does not exist on type 'JSX.IntrinsicElements'.
src/icons/Fonts/general-sans/GeneralSansVariable.tsx(5878,5): error TS2339: Property 'hkern' does not exist on type 'JSX.IntrinsicElements'.
src/icons/Fonts/general-sans/GeneralSansVariable.tsx(5881,5): error TS2339: Property 'hkern' does not exist on type 'JSX.IntrinsicElements'.
src/icons/Fonts/general-sans/GeneralSansVariable.tsx(5884,5): error TS2339: Property 'hkern' does not exist on type 'JSX.IntrinsicElements'.
src/icons/Fonts/general-sans/GeneralSansVariable.tsx(5887,5): error TS2339: Property 'hkern' does not exist on type 'JSX.IntrinsicElements'.
src/icons/Fonts/general-sans/GeneralSansVariable.tsx(5890,5): error TS2339: Property 'hkern' does not exist on type 'JSX.IntrinsicElements'.
src/icons/Fonts/general-sans/GeneralSansVariable.tsx(5893,5): error TS2339: Property 'hkern' does not exist on type 'JSX.IntrinsicElements'.
src/icons/Fonts/general-sans/GeneralSansVariable.tsx(5896,5): error TS2339: Property 'hkern' does not exist on type 'JSX.IntrinsicElements'.
src/icons/Fonts/general-sans/GeneralSansVariable.tsx(5899,5): error TS2339: Property 'hkern' does not exist on type 'JSX.IntrinsicElements'.
src/icons/Fonts/general-sans/GeneralSansVariable.tsx(5902,5): error TS2339: Property 'hkern' does not exist on type 'JSX.IntrinsicElements'.
src/icons/Fonts/general-sans/GeneralSansVariable.tsx(5905,5): error TS2339: Property 'hkern' does not exist on type 'JSX.IntrinsicElements'.
src/icons/Fonts/general-sans/GeneralSansVariable.tsx(5908,5): error TS2339: Property 'hkern' does not exist on type 'JSX.IntrinsicElements'.
src/icons/Fonts/general-sans/GeneralSansVariable.tsx(5911,5): error TS2339: Property 'hkern' does not exist on type 'JSX.IntrinsicElements'.
src/icons/Fonts/general-sans/GeneralSansVariable.tsx(5914,5): error TS2339: Property 'hkern' does not exist on type 'JSX.IntrinsicElements'.
src/icons/Fonts/general-sans/GeneralSansVariable.tsx(5917,5): error TS2339: Property 'hkern' does not exist on type 'JSX.IntrinsicElements'.
src/icons/Fonts/general-sans/GeneralSansVariable.tsx(5920,5): error TS2339: Property 'hkern' does not exist on type 'JSX.IntrinsicElements'.
src/icons/Fonts/general-sans/GeneralSansVariable.tsx(5923,5): error TS2339: Property 'hkern' does not exist on type 'JSX.IntrinsicElements'.
src/icons/Fonts/general-sans/GeneralSansVariable.tsx(5926,5): error TS2339: Property 'hkern' does not exist on type 'JSX.IntrinsicElements'.
src/icons/Fonts/general-sans/GeneralSansVariable.tsx(5929,5): error TS2339: Property 'hkern' does not exist on type 'JSX.IntrinsicElements'.
src/icons/Fonts/general-sans/GeneralSansVariable.tsx(5932,5): error TS2339: Property 'hkern' does not exist on type 'JSX.IntrinsicElements'.
src/icons/Fonts/general-sans/GeneralSansVariable.tsx(5935,5): error TS2339: Property 'hkern' does not exist on type 'JSX.IntrinsicElements'.
src/icons/Fonts/general-sans/GeneralSansVariable.tsx(5938,5): error TS2339: Property 'hkern' does not exist on type 'JSX.IntrinsicElements'.
src/icons/Fonts/general-sans/GeneralSansVariable.tsx(5941,5): error TS2339: Property 'hkern' does not exist on type 'JSX.IntrinsicElements'.
src/icons/Fonts/general-sans/GeneralSansVariable.tsx(5944,5): error TS2339: Property 'hkern' does not exist on type 'JSX.IntrinsicElements'.
src/icons/Fonts/general-sans/GeneralSansVariable.tsx(5947,5): error TS2339: Property 'hkern' does not exist on type 'JSX.IntrinsicElements'.
src/icons/Fonts/general-sans/GeneralSansVariable.tsx(5950,5): error TS2339: Property 'hkern' does not exist on type 'JSX.IntrinsicElements'.
src/icons/Fonts/general-sans/GeneralSansVariable.tsx(5953,5): error TS2339: Property 'hkern' does not exist on type 'JSX.IntrinsicElements'.
src/icons/Fonts/general-sans/GeneralSansVariable.tsx(5956,5): error TS2339: Property 'hkern' does not exist on type 'JSX.IntrinsicElements'.
src/icons/Fonts/general-sans/GeneralSansVariable.tsx(5959,5): error TS2339: Property 'hkern' does not exist on type 'JSX.IntrinsicElements'.
src/icons/Fonts/general-sans/GeneralSansVariable.tsx(5962,5): error TS2339: Property 'hkern' does not exist on type 'JSX.IntrinsicElements'.
src/icons/Fonts/general-sans/GeneralSansVariable.tsx(5965,5): error TS2339: Property 'hkern' does not exist on type 'JSX.IntrinsicElements'.
src/icons/Fonts/general-sans/GeneralSansVariable.tsx(5968,5): error TS2339: Property 'hkern' does not exist on type 'JSX.IntrinsicElements'.
src/icons/Fonts/general-sans/GeneralSansVariable.tsx(5971,5): error TS2339: Property 'hkern' does not exist on type 'JSX.IntrinsicElements'.
src/icons/Fonts/general-sans/GeneralSansVariable.tsx(5974,5): error TS2339: Property 'hkern' does not exist on type 'JSX.IntrinsicElements'.
src/icons/Fonts/general-sans/GeneralSansVariable.tsx(5977,5): error TS2339: Property 'hkern' does not exist on type 'JSX.IntrinsicElements'.
src/icons/Fonts/general-sans/GeneralSansVariable.tsx(5980,5): error TS2339: Property 'hkern' does not exist on type 'JSX.IntrinsicElements'.
src/icons/Fonts/general-sans/GeneralSansVariable.tsx(5983,5): error TS2339: Property 'hkern' does not exist on type 'JSX.IntrinsicElements'.
src/icons/Fonts/general-sans/GeneralSansVariable.tsx(5986,5): error TS2339: Property 'hkern' does not exist on type 'JSX.IntrinsicElements'.
src/icons/Fonts/general-sans/GeneralSansVariable.tsx(5989,5): error TS2339: Property 'hkern' does not exist on type 'JSX.IntrinsicElements'.
src/icons/Fonts/general-sans/GeneralSansVariable.tsx(5992,5): error TS2339: Property 'hkern' does not exist on type 'JSX.IntrinsicElements'.
src/icons/Fonts/general-sans/GeneralSansVariable.tsx(5995,5): error TS2339: Property 'hkern' does not exist on type 'JSX.IntrinsicElements'.
src/icons/Fonts/general-sans/GeneralSansVariable.tsx(5998,5): error TS2339: Property 'hkern' does not exist on type 'JSX.IntrinsicElements'.
src/icons/Fonts/general-sans/GeneralSansVariable.tsx(6001,5): error TS2339: Property 'hkern' does not exist on type 'JSX.IntrinsicElements'.
src/icons/Fonts/general-sans/GeneralSansVariable.tsx(6004,5): error TS2339: Property 'hkern' does not exist on type 'JSX.IntrinsicElements'.
src/icons/Fonts/general-sans/GeneralSansVariable.tsx(6007,5): error TS2339: Property 'hkern' does not exist on type 'JSX.IntrinsicElements'.
src/icons/Fonts/general-sans/GeneralSansVariable.tsx(6010,5): error TS2339: Property 'hkern' does not exist on type 'JSX.IntrinsicElements'.
src/icons/Fonts/general-sans/GeneralSansVariable.tsx(6013,5): error TS2339: Property 'hkern' does not exist on type 'JSX.IntrinsicElements'.
src/icons/Fonts/general-sans/GeneralSansVariable.tsx(6016,5): error TS2339: Property 'hkern' does not exist on type 'JSX.IntrinsicElements'.
src/icons/Fonts/general-sans/GeneralSansVariable.tsx(6019,5): error TS2339: Property 'hkern' does not exist on type 'JSX.IntrinsicElements'.
src/icons/Fonts/general-sans/GeneralSansVariable.tsx(6022,5): error TS2339: Property 'hkern' does not exist on type 'JSX.IntrinsicElements'.
src/icons/Fonts/general-sans/GeneralSansVariable.tsx(6025,5): error TS2339: Property 'hkern' does not exist on type 'JSX.IntrinsicElements'.
src/icons/Fonts/general-sans/GeneralSansVariable.tsx(6028,5): error TS2339: Property 'hkern' does not exist on type 'JSX.IntrinsicElements'.
src/icons/Fonts/general-sans/GeneralSansVariable.tsx(6031,5): error TS2339: Property 'hkern' does not exist on type 'JSX.IntrinsicElements'.
src/icons/Fonts/general-sans/GeneralSansVariable.tsx(6034,5): error TS2339: Property 'hkern' does not exist on type 'JSX.IntrinsicElements'.
src/icons/Fonts/general-sans/GeneralSansVariable.tsx(6037,5): error TS2339: Property 'hkern' does not exist on type 'JSX.IntrinsicElements'.
src/icons/Fonts/general-sans/GeneralSansVariable.tsx(6040,5): error TS2339: Property 'hkern' does not exist on type 'JSX.IntrinsicElements'.
src/icons/Fonts/general-sans/GeneralSansVariable.tsx(6043,5): error TS2339: Property 'hkern' does not exist on type 'JSX.IntrinsicElements'.
src/icons/Fonts/general-sans/GeneralSansVariable.tsx(6046,5): error TS2339: Property 'hkern' does not exist on type 'JSX.IntrinsicElements'.
src/icons/Fonts/general-sans/GeneralSansVariable.tsx(6049,5): error TS2339: Property 'hkern' does not exist on type 'JSX.IntrinsicElements'.
src/icons/Fonts/general-sans/GeneralSansVariable.tsx(6052,5): error TS2339: Property 'hkern' does not exist on type 'JSX.IntrinsicElements'.
src/icons/Fonts/general-sans/GeneralSansVariable.tsx(6055,5): error TS2339: Property 'hkern' does not exist on type 'JSX.IntrinsicElements'.
src/icons/Fonts/general-sans/GeneralSansVariable.tsx(6058,5): error TS2339: Property 'hkern' does not exist on type 'JSX.IntrinsicElements'.
src/icons/Fonts/general-sans/GeneralSansVariable.tsx(6061,5): error TS2339: Property 'hkern' does not exist on type 'JSX.IntrinsicElements'.
src/icons/Fonts/general-sans/GeneralSansVariable.tsx(6064,5): error TS2339: Property 'hkern' does not exist on type 'JSX.IntrinsicElements'.
src/icons/Fonts/general-sans/GeneralSansVariable.tsx(6067,5): error TS2339: Property 'hkern' does not exist on type 'JSX.IntrinsicElements'.
src/icons/Fonts/general-sans/GeneralSansVariable.tsx(6070,5): error TS2339: Property 'hkern' does not exist on type 'JSX.IntrinsicElements'.
src/icons/Fonts/general-sans/GeneralSansVariable.tsx(6073,5): error TS2339: Property 'hkern' does not exist on type 'JSX.IntrinsicElements'.
src/icons/Fonts/general-sans/GeneralSansVariable.tsx(6076,5): error TS2339: Property 'hkern' does not exist on type 'JSX.IntrinsicElements'.
src/icons/Fonts/general-sans/GeneralSansVariable.tsx(6079,5): error TS2339: Property 'hkern' does not exist on type 'JSX.IntrinsicElements'.
src/icons/Fonts/general-sans/GeneralSansVariable.tsx(6082,5): error TS2339: Property 'hkern' does not exist on type 'JSX.IntrinsicElements'.
src/icons/Fonts/general-sans/GeneralSansVariable.tsx(6085,5): error TS2339: Property 'hkern' does not exist on type 'JSX.IntrinsicElements'.
src/icons/Fonts/general-sans/GeneralSansVariable.tsx(6088,5): error TS2339: Property 'hkern' does not exist on type 'JSX.IntrinsicElements'.
src/icons/Fonts/general-sans/GeneralSansVariable.tsx(6091,5): error TS2339: Property 'hkern' does not exist on type 'JSX.IntrinsicElements'.
src/icons/Fonts/general-sans/GeneralSansVariable.tsx(6094,5): error TS2339: Property 'hkern' does not exist on type 'JSX.IntrinsicElements'.
src/icons/Fonts/general-sans/GeneralSansVariable.tsx(6097,5): error TS2339: Property 'hkern' does not exist on type 'JSX.IntrinsicElements'.
src/icons/Fonts/general-sans/GeneralSansVariable.tsx(6100,5): error TS2339: Property 'hkern' does not exist on type 'JSX.IntrinsicElements'.
src/icons/Fonts/general-sans/GeneralSansVariable.tsx(6103,5): error TS2339: Property 'hkern' does not exist on type 'JSX.IntrinsicElements'.
src/icons/Fonts/general-sans/GeneralSansVariable.tsx(6106,5): error TS2339: Property 'hkern' does not exist on type 'JSX.IntrinsicElements'.
src/icons/Fonts/general-sans/GeneralSansVariable.tsx(6109,5): error TS2339: Property 'hkern' does not exist on type 'JSX.IntrinsicElements'.
src/icons/Fonts/general-sans/GeneralSansVariable.tsx(6112,5): error TS2339: Property 'hkern' does not exist on type 'JSX.IntrinsicElements'.
src/icons/Fonts/general-sans/GeneralSansVariable.tsx(6115,5): error TS2339: Property 'hkern' does not exist on type 'JSX.IntrinsicElements'.
src/icons/Fonts/general-sans/GeneralSansVariable.tsx(6118,5): error TS2339: Property 'hkern' does not exist on type 'JSX.IntrinsicElements'.
src/icons/Fonts/general-sans/GeneralSansVariable.tsx(6121,5): error TS2339: Property 'hkern' does not exist on type 'JSX.IntrinsicElements'.
src/icons/Fonts/general-sans/GeneralSansVariable.tsx(6124,5): error TS2339: Property 'hkern' does not exist on type 'JSX.IntrinsicElements'.
src/icons/Fonts/general-sans/GeneralSansVariable.tsx(6127,5): error TS2339: Property 'hkern' does not exist on type 'JSX.IntrinsicElements'.
src/icons/Fonts/general-sans/GeneralSansVariable.tsx(6130,5): error TS2339: Property 'hkern' does not exist on type 'JSX.IntrinsicElements'.
src/icons/Fonts/general-sans/GeneralSansVariable.tsx(6133,5): error TS2339: Property 'hkern' does not exist on type 'JSX.IntrinsicElements'.
src/icons/Fonts/general-sans/GeneralSansVariable.tsx(6136,5): error TS2339: Property 'hkern' does not exist on type 'JSX.IntrinsicElements'.
src/icons/Fonts/general-sans/GeneralSansVariable.tsx(6139,5): error TS2339: Property 'hkern' does not exist on type 'JSX.IntrinsicElements'.
src/icons/Fonts/general-sans/GeneralSansVariable.tsx(6142,5): error TS2339: Property 'hkern' does not exist on type 'JSX.IntrinsicElements'.
src/icons/Fonts/general-sans/GeneralSansVariable.tsx(6145,5): error TS2339: Property 'hkern' does not exist on type 'JSX.IntrinsicElements'.
src/icons/Fonts/general-sans/GeneralSansVariable.tsx(6148,5): error TS2339: Property 'hkern' does not exist on type 'JSX.IntrinsicElements'.
src/icons/Fonts/general-sans/GeneralSansVariable.tsx(6151,5): error TS2339: Property 'hkern' does not exist on type 'JSX.IntrinsicElements'.
src/icons/Fonts/general-sans/GeneralSansVariable.tsx(6154,5): error TS2339: Property 'hkern' does not exist on type 'JSX.IntrinsicElements'.
src/icons/Fonts/general-sans/GeneralSansVariable.tsx(6157,5): error TS2339: Property 'hkern' does not exist on type 'JSX.IntrinsicElements'.
src/icons/Fonts/general-sans/GeneralSansVariable.tsx(6160,5): error TS2339: Property 'hkern' does not exist on type 'JSX.IntrinsicElements'.
src/icons/Fonts/general-sans/GeneralSansVariable.tsx(6163,5): error TS2339: Property 'hkern' does not exist on type 'JSX.IntrinsicElements'.
src/icons/Fonts/general-sans/GeneralSansVariable.tsx(6166,5): error TS2339: Property 'hkern' does not exist on type 'JSX.IntrinsicElements'.
src/icons/Fonts/general-sans/GeneralSansVariable.tsx(6169,5): error TS2339: Property 'hkern' does not exist on type 'JSX.IntrinsicElements'.
src/icons/Fonts/general-sans/GeneralSansVariable.tsx(6172,5): error TS2339: Property 'hkern' does not exist on type 'JSX.IntrinsicElements'.
src/icons/Fonts/general-sans/GeneralSansVariable.tsx(6175,5): error TS2339: Property 'hkern' does not exist on type 'JSX.IntrinsicElements'.
src/icons/Fonts/general-sans/GeneralSansVariable.tsx(6178,5): error TS2339: Property 'hkern' does not exist on type 'JSX.IntrinsicElements'.
src/icons/Fonts/general-sans/GeneralSansVariable.tsx(6181,5): error TS2339: Property 'hkern' does not exist on type 'JSX.IntrinsicElements'.
src/icons/Fonts/general-sans/GeneralSansVariable.tsx(6184,5): error TS2339: Property 'hkern' does not exist on type 'JSX.IntrinsicElements'.
src/icons/Fonts/general-sans/GeneralSansVariable.tsx(6187,5): error TS2339: Property 'hkern' does not exist on type 'JSX.IntrinsicElements'.
src/icons/Fonts/general-sans/GeneralSansVariable.tsx(6190,5): error TS2339: Property 'hkern' does not exist on type 'JSX.IntrinsicElements'.
src/icons/Fonts/general-sans/GeneralSansVariable.tsx(6193,5): error TS2339: Property 'hkern' does not exist on type 'JSX.IntrinsicElements'.
src/icons/Fonts/general-sans/GeneralSansVariable.tsx(6196,5): error TS2339: Property 'hkern' does not exist on type 'JSX.IntrinsicElements'.
src/icons/Fonts/general-sans/GeneralSansVariable.tsx(6199,5): error TS2339: Property 'hkern' does not exist on type 'JSX.IntrinsicElements'.
src/icons/Fonts/general-sans/GeneralSansVariable.tsx(6202,5): error TS2339: Property 'hkern' does not exist on type 'JSX.IntrinsicElements'.
src/icons/Fonts/general-sans/GeneralSansVariable.tsx(6205,5): error TS2339: Property 'hkern' does not exist on type 'JSX.IntrinsicElements'.
src/icons/Fonts/general-sans/GeneralSansVariable.tsx(6208,5): error TS2339: Property 'hkern' does not exist on type 'JSX.IntrinsicElements'.
src/icons/Fonts/general-sans/GeneralSansVariable.tsx(6211,5): error TS2339: Property 'hkern' does not exist on type 'JSX.IntrinsicElements'.
src/icons/Fonts/general-sans/GeneralSansVariable.tsx(6214,5): error TS2339: Property 'hkern' does not exist on type 'JSX.IntrinsicElements'.
src/icons/Fonts/general-sans/GeneralSansVariable.tsx(6217,5): error TS2339: Property 'hkern' does not exist on type 'JSX.IntrinsicElements'.
src/icons/Fonts/general-sans/GeneralSansVariable.tsx(6220,5): error TS2339: Property 'hkern' does not exist on type 'JSX.IntrinsicElements'.
src/icons/Fonts/general-sans/GeneralSansVariable.tsx(6223,5): error TS2339: Property 'hkern' does not exist on type 'JSX.IntrinsicElements'.
src/icons/Fonts/general-sans/GeneralSansVariable.tsx(6226,5): error TS2339: Property 'hkern' does not exist on type 'JSX.IntrinsicElements'.
src/icons/Fonts/general-sans/GeneralSansVariable.tsx(6229,5): error TS2339: Property 'hkern' does not exist on type 'JSX.IntrinsicElements'.
src/icons/Fonts/general-sans/GeneralSansVariable.tsx(6232,5): error TS2339: Property 'hkern' does not exist on type 'JSX.IntrinsicElements'.
src/icons/Fonts/general-sans/GeneralSansVariable.tsx(6235,5): error TS2339: Property 'hkern' does not exist on type 'JSX.IntrinsicElements'.
src/icons/Fonts/general-sans/GeneralSansVariable.tsx(6238,5): error TS2339: Property 'hkern' does not exist on type 'JSX.IntrinsicElements'.
src/icons/Fonts/general-sans/GeneralSansVariable.tsx(6241,5): error TS2339: Property 'hkern' does not exist on type 'JSX.IntrinsicElements'.
src/icons/Fonts/general-sans/GeneralSansVariable.tsx(6244,5): error TS2339: Property 'hkern' does not exist on type 'JSX.IntrinsicElements'.
src/icons/Fonts/general-sans/GeneralSansVariable.tsx(6247,5): error TS2339: Property 'hkern' does not exist on type 'JSX.IntrinsicElements'.
src/icons/Fonts/general-sans/GeneralSansVariable.tsx(6250,5): error TS2339: Property 'hkern' does not exist on type 'JSX.IntrinsicElements'.
src/icons/Fonts/general-sans/GeneralSansVariable.tsx(6253,5): error TS2339: Property 'hkern' does not exist on type 'JSX.IntrinsicElements'.
src/icons/Fonts/general-sans/GeneralSansVariable.tsx(6256,5): error TS2339: Property 'hkern' does not exist on type 'JSX.IntrinsicElements'.
src/icons/Fonts/general-sans/GeneralSansVariable.tsx(6259,5): error TS2339: Property 'hkern' does not exist on type 'JSX.IntrinsicElements'.
src/icons/Fonts/general-sans/GeneralSansVariable.tsx(6262,5): error TS2339: Property 'hkern' does not exist on type 'JSX.IntrinsicElements'.
src/icons/Fonts/general-sans/GeneralSansVariable.tsx(6265,5): error TS2339: Property 'hkern' does not exist on type 'JSX.IntrinsicElements'.
src/icons/Fonts/general-sans/GeneralSansVariable.tsx(6268,5): error TS2339: Property 'hkern' does not exist on type 'JSX.IntrinsicElements'.
src/icons/Fonts/general-sans/GeneralSansVariable.tsx(6271,5): error TS2339: Property 'hkern' does not exist on type 'JSX.IntrinsicElements'.
src/icons/Fonts/general-sans/GeneralSansVariable.tsx(6274,5): error TS2339: Property 'hkern' does not exist on type 'JSX.IntrinsicElements'.
src/icons/Fonts/general-sans/GeneralSansVariable.tsx(6277,5): error TS2339: Property 'hkern' does not exist on type 'JSX.IntrinsicElements'.
src/icons/Fonts/general-sans/GeneralSansVariable.tsx(6280,5): error TS2339: Property 'hkern' does not exist on type 'JSX.IntrinsicElements'.
src/icons/Fonts/general-sans/GeneralSansVariable.tsx(6283,5): error TS2339: Property 'hkern' does not exist on type 'JSX.IntrinsicElements'.
src/icons/Fonts/general-sans/GeneralSansVariable.tsx(6286,5): error TS2339: Property 'hkern' does not exist on type 'JSX.IntrinsicElements'.
src/icons/Fonts/general-sans/GeneralSansVariable.tsx(6289,5): error TS2339: Property 'hkern' does not exist on type 'JSX.IntrinsicElements'.
src/icons/Fonts/general-sans/GeneralSansVariable.tsx(6292,5): error TS2339: Property 'hkern' does not exist on type 'JSX.IntrinsicElements'.
src/icons/Fonts/general-sans/GeneralSansVariable.tsx(6295,5): error TS2339: Property 'hkern' does not exist on type 'JSX.IntrinsicElements'.
src/icons/Fonts/general-sans/GeneralSansVariable.tsx(6298,5): error TS2339: Property 'hkern' does not exist on type 'JSX.IntrinsicElements'.
src/icons/Fonts/general-sans/GeneralSansVariable.tsx(6301,5): error TS2339: Property 'hkern' does not exist on type 'JSX.IntrinsicElements'.
src/icons/Fonts/general-sans/GeneralSansVariable.tsx(6304,5): error TS2339: Property 'hkern' does not exist on type 'JSX.IntrinsicElements'.
src/icons/Fonts/general-sans/GeneralSansVariable.tsx(6307,5): error TS2339: Property 'hkern' does not exist on type 'JSX.IntrinsicElements'.
src/icons/Fonts/general-sans/GeneralSansVariable.tsx(6310,5): error TS2339: Property 'hkern' does not exist on type 'JSX.IntrinsicElements'.
src/icons/Fonts/general-sans/GeneralSansVariable.tsx(6313,5): error TS2339: Property 'hkern' does not exist on type 'JSX.IntrinsicElements'.
src/icons/Fonts/general-sans/GeneralSansVariable.tsx(6316,5): error TS2339: Property 'hkern' does not exist on type 'JSX.IntrinsicElements'.
src/icons/Fonts/general-sans/GeneralSansVariable.tsx(6319,5): error TS2339: Property 'hkern' does not exist on type 'JSX.IntrinsicElements'.
src/icons/Fonts/general-sans/GeneralSansVariable.tsx(6322,5): error TS2339: Property 'hkern' does not exist on type 'JSX.IntrinsicElements'.
src/icons/Fonts/general-sans/GeneralSansVariable.tsx(6325,5): error TS2339: Property 'hkern' does not exist on type 'JSX.IntrinsicElements'.
src/icons/Fonts/general-sans/GeneralSansVariable.tsx(6328,5): error TS2339: Property 'hkern' does not exist on type 'JSX.IntrinsicElements'.
src/icons/Fonts/general-sans/GeneralSansVariable.tsx(6331,5): error TS2339: Property 'hkern' does not exist on type 'JSX.IntrinsicElements'.
src/icons/Fonts/general-sans/GeneralSansVariable.tsx(6334,5): error TS2339: Property 'hkern' does not exist on type 'JSX.IntrinsicElements'.
src/icons/Fonts/general-sans/GeneralSansVariable.tsx(6337,5): error TS2339: Property 'hkern' does not exist on type 'JSX.IntrinsicElements'.
src/icons/Fonts/general-sans/GeneralSansVariable.tsx(6340,5): error TS2339: Property 'hkern' does not exist on type 'JSX.IntrinsicElements'.
src/icons/Fonts/general-sans/GeneralSansVariable.tsx(6343,5): error TS2339: Property 'hkern' does not exist on type 'JSX.IntrinsicElements'.
src/icons/Fonts/general-sans/GeneralSansVariable.tsx(6346,5): error TS2339: Property 'hkern' does not exist on type 'JSX.IntrinsicElements'.
src/icons/Fonts/general-sans/GeneralSansVariable.tsx(6349,5): error TS2339: Property 'hkern' does not exist on type 'JSX.IntrinsicElements'.
src/icons/Fonts/general-sans/GeneralSansVariable.tsx(6352,5): error TS2339: Property 'hkern' does not exist on type 'JSX.IntrinsicElements'.
src/icons/Fonts/general-sans/GeneralSansVariable.tsx(6355,5): error TS2339: Property 'hkern' does not exist on type 'JSX.IntrinsicElements'.
src/icons/Fonts/general-sans/GeneralSansVariable.tsx(6358,5): error TS2339: Property 'hkern' does not exist on type 'JSX.IntrinsicElements'.
src/icons/Fonts/general-sans/GeneralSansVariable.tsx(6361,5): error TS2339: Property 'hkern' does not exist on type 'JSX.IntrinsicElements'.
src/icons/Fonts/general-sans/GeneralSansVariable.tsx(6364,5): error TS2339: Property 'hkern' does not exist on type 'JSX.IntrinsicElements'.
src/icons/Fonts/general-sans/GeneralSansVariable.tsx(6367,5): error TS2339: Property 'hkern' does not exist on type 'JSX.IntrinsicElements'.
src/icons/Fonts/general-sans/GeneralSansVariable.tsx(6370,5): error TS2339: Property 'hkern' does not exist on type 'JSX.IntrinsicElements'.
src/icons/Fonts/general-sans/GeneralSansVariable.tsx(6373,5): error TS2339: Property 'hkern' does not exist on type 'JSX.IntrinsicElements'.
src/icons/Fonts/general-sans/GeneralSansVariable.tsx(6376,5): error TS2339: Property 'hkern' does not exist on type 'JSX.IntrinsicElements'.
src/icons/Fonts/general-sans/GeneralSansVariable.tsx(6379,5): error TS2339: Property 'hkern' does not exist on type 'JSX.IntrinsicElements'.
src/icons/Fonts/general-sans/GeneralSansVariable.tsx(6382,5): error TS2339: Property 'hkern' does not exist on type 'JSX.IntrinsicElements'.
src/icons/Fonts/general-sans/GeneralSansVariable.tsx(6385,5): error TS2339: Property 'hkern' does not exist on type 'JSX.IntrinsicElements'.
src/icons/Fonts/general-sans/GeneralSansVariable.tsx(6388,5): error TS2339: Property 'hkern' does not exist on type 'JSX.IntrinsicElements'.
src/icons/Fonts/general-sans/GeneralSansVariable.tsx(6391,5): error TS2339: Property 'hkern' does not exist on type 'JSX.IntrinsicElements'.
src/icons/Fonts/general-sans/GeneralSansVariable.tsx(6394,5): error TS2339: Property 'hkern' does not exist on type 'JSX.IntrinsicElements'.
src/icons/Fonts/general-sans/GeneralSansVariable.tsx(6397,5): error TS2339: Property 'hkern' does not exist on type 'JSX.IntrinsicElements'.
src/icons/Fonts/general-sans/GeneralSansVariable.tsx(6400,5): error TS2339: Property 'hkern' does not exist on type 'JSX.IntrinsicElements'.
src/icons/Fonts/general-sans/GeneralSansVariable.tsx(6403,5): error TS2339: Property 'hkern' does not exist on type 'JSX.IntrinsicElements'.
src/icons/Fonts/general-sans/GeneralSansVariable.tsx(6406,5): error TS2339: Property 'hkern' does not exist on type 'JSX.IntrinsicElements'.
src/icons/Fonts/general-sans/GeneralSansVariable.tsx(6409,5): error TS2339: Property 'hkern' does not exist on type 'JSX.IntrinsicElements'.
src/icons/Fonts/general-sans/GeneralSansVariable.tsx(6412,5): error TS2339: Property 'hkern' does not exist on type 'JSX.IntrinsicElements'.
src/icons/Fonts/general-sans/GeneralSansVariable.tsx(6415,5): error TS2339: Property 'hkern' does not exist on type 'JSX.IntrinsicElements'.
src/icons/Fonts/general-sans/GeneralSansVariable.tsx(6418,5): error TS2339: Property 'hkern' does not exist on type 'JSX.IntrinsicElements'.
src/icons/Fonts/general-sans/GeneralSansVariable.tsx(6421,5): error TS2339: Property 'hkern' does not exist on type 'JSX.IntrinsicElements'.
src/icons/Fonts/general-sans/GeneralSansVariable.tsx(6424,5): error TS2339: Property 'hkern' does not exist on type 'JSX.IntrinsicElements'.
src/icons/Fonts/general-sans/GeneralSansVariable.tsx(6427,5): error TS2339: Property 'hkern' does not exist on type 'JSX.IntrinsicElements'.
src/icons/Fonts/general-sans/GeneralSansVariable.tsx(6430,5): error TS2339: Property 'hkern' does not exist on type 'JSX.IntrinsicElements'.
src/icons/Fonts/general-sans/GeneralSansVariable.tsx(6433,5): error TS2339: Property 'hkern' does not exist on type 'JSX.IntrinsicElements'.
src/icons/Fonts/general-sans/GeneralSansVariable.tsx(6436,5): error TS2339: Property 'hkern' does not exist on type 'JSX.IntrinsicElements'.
src/icons/Fonts/general-sans/GeneralSansVariable.tsx(6439,5): error TS2339: Property 'hkern' does not exist on type 'JSX.IntrinsicElements'.
src/icons/Fonts/general-sans/GeneralSansVariable.tsx(6442,5): error TS2339: Property 'hkern' does not exist on type 'JSX.IntrinsicElements'.
src/icons/Fonts/general-sans/GeneralSansVariable.tsx(6445,5): error TS2339: Property 'hkern' does not exist on type 'JSX.IntrinsicElements'.
src/icons/Fonts/general-sans/GeneralSansVariable.tsx(6448,5): error TS2339: Property 'hkern' does not exist on type 'JSX.IntrinsicElements'.
src/icons/Fonts/general-sans/GeneralSansVariable.tsx(6451,5): error TS2339: Property 'hkern' does not exist on type 'JSX.IntrinsicElements'.
src/icons/Fonts/general-sans/GeneralSansVariable.tsx(6454,5): error TS2339: Property 'hkern' does not exist on type 'JSX.IntrinsicElements'.
src/icons/Fonts/general-sans/GeneralSansVariable.tsx(6457,5): error TS2339: Property 'hkern' does not exist on type 'JSX.IntrinsicElements'.
src/icons/Fonts/general-sans/GeneralSansVariable.tsx(6460,5): error TS2339: Property 'hkern' does not exist on type 'JSX.IntrinsicElements'.
src/icons/Fonts/general-sans/GeneralSansVariable.tsx(6463,5): error TS2339: Property 'hkern' does not exist on type 'JSX.IntrinsicElements'.
src/icons/Fonts/general-sans/GeneralSansVariable.tsx(6466,5): error TS2339: Property 'hkern' does not exist on type 'JSX.IntrinsicElements'.
src/icons/Fonts/general-sans/GeneralSansVariable.tsx(6469,5): error TS2339: Property 'hkern' does not exist on type 'JSX.IntrinsicElements'.
src/icons/Fonts/general-sans/GeneralSansVariable.tsx(6472,5): error TS2339: Property 'hkern' does not exist on type 'JSX.IntrinsicElements'.
src/icons/Fonts/general-sans/GeneralSansVariable.tsx(6475,5): error TS2339: Property 'hkern' does not exist on type 'JSX.IntrinsicElements'.
src/icons/Fonts/general-sans/GeneralSansVariable.tsx(6478,5): error TS2339: Property 'hkern' does not exist on type 'JSX.IntrinsicElements'.
src/icons/Fonts/general-sans/GeneralSansVariable.tsx(6481,5): error TS2339: Property 'hkern' does not exist on type 'JSX.IntrinsicElements'.
src/icons/Fonts/general-sans/GeneralSansVariable.tsx(6484,5): error TS2339: Property 'hkern' does not exist on type 'JSX.IntrinsicElements'.
src/icons/Fonts/general-sans/GeneralSansVariable.tsx(6487,5): error TS2339: Property 'hkern' does not exist on type 'JSX.IntrinsicElements'.
src/icons/Fonts/general-sans/GeneralSansVariable.tsx(6490,5): error TS2339: Property 'hkern' does not exist on type 'JSX.IntrinsicElements'.
src/icons/Fonts/general-sans/GeneralSansVariable.tsx(6493,5): error TS2339: Property 'hkern' does not exist on type 'JSX.IntrinsicElements'.
src/icons/Fonts/general-sans/GeneralSansVariable.tsx(6496,5): error TS2339: Property 'hkern' does not exist on type 'JSX.IntrinsicElements'.
src/icons/Fonts/general-sans/GeneralSansVariable.tsx(6499,5): error TS2339: Property 'hkern' does not exist on type 'JSX.IntrinsicElements'.
src/icons/Fonts/general-sans/GeneralSansVariable.tsx(6502,5): error TS2339: Property 'hkern' does not exist on type 'JSX.IntrinsicElements'.
src/icons/Fonts/general-sans/GeneralSansVariable.tsx(6505,5): error TS2339: Property 'hkern' does not exist on type 'JSX.IntrinsicElements'.
src/icons/Fonts/general-sans/GeneralSansVariable.tsx(6508,5): error TS2339: Property 'hkern' does not exist on type 'JSX.IntrinsicElements'.
src/icons/Fonts/general-sans/GeneralSansVariable.tsx(6511,5): error TS2339: Property 'hkern' does not exist on type 'JSX.IntrinsicElements'.
src/icons/Fonts/general-sans/GeneralSansVariable.tsx(6514,5): error TS2339: Property 'hkern' does not exist on type 'JSX.IntrinsicElements'.
src/icons/Fonts/general-sans/GeneralSansVariable.tsx(6517,5): error TS2339: Property 'hkern' does not exist on type 'JSX.IntrinsicElements'.
src/icons/Fonts/general-sans/GeneralSansVariable.tsx(6520,5): error TS2339: Property 'hkern' does not exist on type 'JSX.IntrinsicElements'.
src/icons/Fonts/general-sans/GeneralSansVariable.tsx(6523,5): error TS2339: Property 'hkern' does not exist on type 'JSX.IntrinsicElements'.
src/icons/Fonts/general-sans/GeneralSansVariable.tsx(6526,5): error TS2339: Property 'hkern' does not exist on type 'JSX.IntrinsicElements'.
src/icons/Fonts/general-sans/GeneralSansVariable.tsx(6529,5): error TS2339: Property 'hkern' does not exist on type 'JSX.IntrinsicElements'.
src/icons/Fonts/general-sans/GeneralSansVariable.tsx(6532,5): error TS2339: Property 'hkern' does not exist on type 'JSX.IntrinsicElements'.
src/icons/Fonts/general-sans/GeneralSansVariable.tsx(6535,5): error TS2339: Property 'hkern' does not exist on type 'JSX.IntrinsicElements'.
src/icons/Fonts/general-sans/GeneralSansVariable.tsx(6538,5): error TS2339: Property 'hkern' does not exist on type 'JSX.IntrinsicElements'.
src/icons/Fonts/general-sans/GeneralSansVariable.tsx(6541,5): error TS2339: Property 'hkern' does not exist on type 'JSX.IntrinsicElements'.
src/icons/Fonts/general-sans/GeneralSansVariable.tsx(6544,5): error TS2339: Property 'hkern' does not exist on type 'JSX.IntrinsicElements'.
src/icons/Fonts/general-sans/GeneralSansVariable.tsx(6547,5): error TS2339: Property 'hkern' does not exist on type 'JSX.IntrinsicElements'.
src/icons/Fonts/general-sans/GeneralSansVariable.tsx(6550,5): error TS2339: Property 'hkern' does not exist on type 'JSX.IntrinsicElements'.
src/icons/Fonts/general-sans/GeneralSansVariable.tsx(6553,5): error TS2339: Property 'hkern' does not exist on type 'JSX.IntrinsicElements'.
src/icons/Fonts/general-sans/GeneralSansVariable.tsx(6556,5): error TS2339: Property 'hkern' does not exist on type 'JSX.IntrinsicElements'.
src/icons/Fonts/general-sans/GeneralSansVariable.tsx(6559,5): error TS2339: Property 'hkern' does not exist on type 'JSX.IntrinsicElements'.
src/icons/Fonts/general-sans/GeneralSansVariable.tsx(6562,5): error TS2339: Property 'hkern' does not exist on type 'JSX.IntrinsicElements'.
src/icons/Fonts/general-sans/GeneralSansVariable.tsx(6565,5): error TS2339: Property 'hkern' does not exist on type 'JSX.IntrinsicElements'.
src/icons/Fonts/general-sans/GeneralSansVariable.tsx(6568,5): error TS2339: Property 'hkern' does not exist on type 'JSX.IntrinsicElements'.
src/icons/Fonts/general-sans/GeneralSansVariable.tsx(6571,5): error TS2339: Property 'hkern' does not exist on type 'JSX.IntrinsicElements'.
src/icons/Fonts/general-sans/GeneralSansVariable.tsx(6574,5): error TS2339: Property 'hkern' does not exist on type 'JSX.IntrinsicElements'.
src/icons/Fonts/general-sans/GeneralSansVariable.tsx(6577,5): error TS2339: Property 'hkern' does not exist on type 'JSX.IntrinsicElements'.
src/icons/Fonts/general-sans/GeneralSansVariable.tsx(6580,5): error TS2339: Property 'hkern' does not exist on type 'JSX.IntrinsicElements'.
src/icons/Fonts/general-sans/GeneralSansVariable.tsx(6583,5): error TS2339: Property 'hkern' does not exist on type 'JSX.IntrinsicElements'.
src/icons/Fonts/general-sans/GeneralSansVariable.tsx(6586,5): error TS2339: Property 'hkern' does not exist on type 'JSX.IntrinsicElements'.
src/icons/Fonts/general-sans/GeneralSansVariable.tsx(6589,5): error TS2339: Property 'hkern' does not exist on type 'JSX.IntrinsicElements'.
src/icons/Fonts/general-sans/GeneralSansVariable.tsx(6592,5): error TS2339: Property 'hkern' does not exist on type 'JSX.IntrinsicElements'.
src/icons/Fonts/general-sans/GeneralSansVariable.tsx(6595,5): error TS2339: Property 'hkern' does not exist on type 'JSX.IntrinsicElements'.
src/icons/Fonts/general-sans/GeneralSansVariable.tsx(6598,5): error TS2339: Property 'hkern' does not exist on type 'JSX.IntrinsicElements'.
src/icons/Fonts/general-sans/GeneralSansVariable.tsx(6601,5): error TS2339: Property 'hkern' does not exist on type 'JSX.IntrinsicElements'.
src/icons/Fonts/general-sans/GeneralSansVariable.tsx(6604,5): error TS2339: Property 'hkern' does not exist on type 'JSX.IntrinsicElements'.
src/icons/Fonts/general-sans/GeneralSansVariable.tsx(6607,5): error TS2339: Property 'hkern' does not exist on type 'JSX.IntrinsicElements'.
src/icons/Fonts/general-sans/GeneralSansVariable.tsx(6610,5): error TS2339: Property 'hkern' does not exist on type 'JSX.IntrinsicElements'.
src/icons/Fonts/general-sans/GeneralSansVariable.tsx(6613,5): error TS2339: Property 'hkern' does not exist on type 'JSX.IntrinsicElements'.
src/icons/Fonts/general-sans/GeneralSansVariable.tsx(6616,5): error TS2339: Property 'hkern' does not exist on type 'JSX.IntrinsicElements'.
src/icons/Fonts/general-sans/GeneralSansVariable.tsx(6619,5): error TS2339: Property 'hkern' does not exist on type 'JSX.IntrinsicElements'.
src/icons/Fonts/general-sans/GeneralSansVariable.tsx(6622,5): error TS2339: Property 'hkern' does not exist on type 'JSX.IntrinsicElements'.
src/icons/Fonts/general-sans/GeneralSansVariable.tsx(6625,5): error TS2339: Property 'hkern' does not exist on type 'JSX.IntrinsicElements'.
src/icons/Fonts/general-sans/GeneralSansVariable.tsx(6628,5): error TS2339: Property 'hkern' does not exist on type 'JSX.IntrinsicElements'.
src/icons/Fonts/general-sans/GeneralSansVariable.tsx(6631,3): error TS2339: Property 'font' does not exist on type 'JSX.IntrinsicElements'.
src/icons/Fonts/khand/KhandBold.tsx(6,1): error TS2339: Property 'font' does not exist on type 'JSX.IntrinsicElements'.
src/icons/Fonts/khand/KhandBold.tsx(6,37): error TS2339: Property 'font-face' does not exist on type 'JSX.IntrinsicElements'.
src/icons/Fonts/khand/KhandBold.tsx(13,1): error TS2339: Property 'glyph' does not exist on type 'JSX.IntrinsicElements'.
src/icons/Fonts/khand/KhandBold.tsx(14,1): error TS2339: Property 'glyph' does not exist on type 'JSX.IntrinsicElements'.
src/icons/Fonts/khand/KhandBold.tsx(15,1): error TS2339: Property 'glyph' does not exist on type 'JSX.IntrinsicElements'.
src/icons/Fonts/khand/KhandBold.tsx(16,1): error TS2339: Property 'glyph' does not exist on type 'JSX.IntrinsicElements'.
src/icons/Fonts/khand/KhandBold.tsx(17,1): error TS2339: Property 'glyph' does not exist on type 'JSX.IntrinsicElements'.
src/icons/Fonts/khand/KhandBold.tsx(19,1): error TS2339: Property 'glyph' does not exist on type 'JSX.IntrinsicElements'.
src/icons/Fonts/khand/KhandBold.tsx(20,1): error TS2339: Property 'glyph' does not exist on type 'JSX.IntrinsicElements'.
src/icons/Fonts/khand/KhandBold.tsx(22,1): error TS2339: Property 'glyph' does not exist on type 'JSX.IntrinsicElements'.
src/icons/Fonts/khand/KhandBold.tsx(23,1): error TS2339: Property 'glyph' does not exist on type 'JSX.IntrinsicElements'.
src/icons/Fonts/khand/KhandBold.tsx(24,1): error TS2339: Property 'glyph' does not exist on type 'JSX.IntrinsicElements'.
src/icons/Fonts/khand/KhandBold.tsx(25,1): error TS2339: Property 'glyph' does not exist on type 'JSX.IntrinsicElements'.
src/icons/Fonts/khand/KhandBold.tsx(27,1): error TS2339: Property 'glyph' does not exist on type 'JSX.IntrinsicElements'.
src/icons/Fonts/khand/KhandBold.tsx(28,1): error TS2339: Property 'glyph' does not exist on type 'JSX.IntrinsicElements'.
src/icons/Fonts/khand/KhandBold.tsx(29,1): error TS2339: Property 'glyph' does not exist on type 'JSX.IntrinsicElements'.
src/icons/Fonts/khand/KhandBold.tsx(30,1): error TS2339: Property 'glyph' does not exist on type 'JSX.IntrinsicElements'.
src/icons/Fonts/khand/KhandBold.tsx(31,1): error TS2339: Property 'glyph' does not exist on type 'JSX.IntrinsicElements'.
src/icons/Fonts/khand/KhandBold.tsx(32,1): error TS2339: Property 'glyph' does not exist on type 'JSX.IntrinsicElements'.
src/icons/Fonts/khand/KhandBold.tsx(33,1): error TS2339: Property 'glyph' does not exist on type 'JSX.IntrinsicElements'.
src/icons/Fonts/khand/KhandBold.tsx(34,1): error TS2339: Property 'glyph' does not exist on type 'JSX.IntrinsicElements'.
src/icons/Fonts/khand/KhandBold.tsx(36,1): error TS2339: Property 'glyph' does not exist on type 'JSX.IntrinsicElements'.
src/icons/Fonts/khand/KhandBold.tsx(38,1): error TS2339: Property 'glyph' does not exist on type 'JSX.IntrinsicElements'.
src/icons/Fonts/khand/KhandBold.tsx(39,1): error TS2339: Property 'glyph' does not exist on type 'JSX.IntrinsicElements'.
src/icons/Fonts/khand/KhandBold.tsx(40,1): error TS2339: Property 'glyph' does not exist on type 'JSX.IntrinsicElements'.
src/icons/Fonts/khand/KhandBold.tsx(42,1): error TS2339: Property 'glyph' does not exist on type 'JSX.IntrinsicElements'.
src/icons/Fonts/khand/KhandBold.tsx(43,1): error TS2339: Property 'glyph' does not exist on type 'JSX.IntrinsicElements'.
src/icons/Fonts/khand/KhandBold.tsx(45,1): error TS2339: Property 'glyph' does not exist on type 'JSX.IntrinsicElements'.
src/icons/Fonts/khand/KhandBold.tsx(47,1): error TS2339: Property 'glyph' does not exist on type 'JSX.IntrinsicElements'.
src/icons/Fonts/khand/KhandBold.tsx(48,1): error TS2339: Property 'glyph' does not exist on type 'JSX.IntrinsicElements'.
src/icons/Fonts/khand/KhandBold.tsx(49,1): error TS2339: Property 'glyph' does not exist on type 'JSX.IntrinsicElements'.
src/icons/Fonts/khand/KhandBold.tsx(50,1): error TS2339: Property 'glyph' does not exist on type 'JSX.IntrinsicElements'.
src/icons/Fonts/khand/KhandBold.tsx(51,1): error TS2339: Property 'glyph' does not exist on type 'JSX.IntrinsicElements'.
src/icons/Fonts/khand/KhandBold.tsx(52,1): error TS2339: Property 'glyph' does not exist on type 'JSX.IntrinsicElements'.
src/icons/Fonts/khand/KhandBold.tsx(54,1): error TS2339: Property 'glyph' does not exist on type 'JSX.IntrinsicElements'.
src/icons/Fonts/khand/KhandBold.tsx(57,1): error TS2339: Property 'glyph' does not exist on type 'JSX.IntrinsicElements'.
src/icons/Fonts/khand/KhandBold.tsx(58,1): error TS2339: Property 'glyph' does not exist on type 'JSX.IntrinsicElements'.
src/icons/Fonts/khand/KhandBold.tsx(60,1): error TS2339: Property 'glyph' does not exist on type 'JSX.IntrinsicElements'.
src/icons/Fonts/khand/KhandBold.tsx(61,1): error TS2339: Property 'glyph' does not exist on type 'JSX.IntrinsicElements'.
src/icons/Fonts/khand/KhandBold.tsx(62,1): error TS2339: Property 'glyph' does not exist on type 'JSX.IntrinsicElements'.
src/icons/Fonts/khand/KhandBold.tsx(63,1): error TS2339: Property 'glyph' does not exist on type 'JSX.IntrinsicElements'.
src/icons/Fonts/khand/KhandBold.tsx(64,1): error TS2339: Property 'glyph' does not exist on type 'JSX.IntrinsicElements'.
src/icons/Fonts/khand/KhandBold.tsx(65,1): error TS2339: Property 'glyph' does not exist on type 'JSX.IntrinsicElements'.
src/icons/Fonts/khand/KhandBold.tsx(66,1): error TS2339: Property 'glyph' does not exist on type 'JSX.IntrinsicElements'.
src/icons/Fonts/khand/KhandBold.tsx(67,1): error TS2339: Property 'glyph' does not exist on type 'JSX.IntrinsicElements'.
src/icons/Fonts/khand/KhandBold.tsx(68,1): error TS2339: Property 'glyph' does not exist on type 'JSX.IntrinsicElements'.
src/icons/Fonts/khand/KhandBold.tsx(69,1): error TS2339: Property 'glyph' does not exist on type 'JSX.IntrinsicElements'.
src/icons/Fonts/khand/KhandBold.tsx(70,1): error TS2339: Property 'glyph' does not exist on type 'JSX.IntrinsicElements'.
src/icons/Fonts/khand/KhandBold.tsx(71,1): error TS2339: Property 'glyph' does not exist on type 'JSX.IntrinsicElements'.
src/icons/Fonts/khand/KhandBold.tsx(72,1): error TS2339: Property 'glyph' does not exist on type 'JSX.IntrinsicElements'.
src/icons/Fonts/khand/KhandBold.tsx(73,1): error TS2339: Property 'glyph' does not exist on type 'JSX.IntrinsicElements'.
src/icons/Fonts/khand/KhandBold.tsx(74,1): error TS2339: Property 'glyph' does not exist on type 'JSX.IntrinsicElements'.
src/icons/Fonts/khand/KhandBold.tsx(75,1): error TS2339: Property 'glyph' does not exist on type 'JSX.IntrinsicElements'.
src/icons/Fonts/khand/KhandBold.tsx(76,1): error TS2339: Property 'glyph' does not exist on type 'JSX.IntrinsicElements'.
src/icons/Fonts/khand/KhandBold.tsx(78,1): error TS2339: Property 'glyph' does not exist on type 'JSX.IntrinsicElements'.
src/icons/Fonts/khand/KhandBold.tsx(79,1): error TS2339: Property 'glyph' does not exist on type 'JSX.IntrinsicElements'.
src/icons/Fonts/khand/KhandBold.tsx(80,1): error TS2339: Property 'glyph' does not exist on type 'JSX.IntrinsicElements'.
src/icons/Fonts/khand/KhandBold.tsx(81,1): error TS2339: Property 'glyph' does not exist on type 'JSX.IntrinsicElements'.
src/icons/Fonts/khand/KhandBold.tsx(82,1): error TS2339: Property 'glyph' does not exist on type 'JSX.IntrinsicElements'.
src/icons/Fonts/khand/KhandBold.tsx(83,1): error TS2339: Property 'glyph' does not exist on type 'JSX.IntrinsicElements'.
src/icons/Fonts/khand/KhandBold.tsx(84,1): error TS2339: Property 'glyph' does not exist on type 'JSX.IntrinsicElements'.
src/icons/Fonts/khand/KhandBold.tsx(85,1): error TS2339: Property 'glyph' does not exist on type 'JSX.IntrinsicElements'.
src/icons/Fonts/khand/KhandBold.tsx(86,1): error TS2339: Property 'glyph' does not exist on type 'JSX.IntrinsicElements'.
src/icons/Fonts/khand/KhandBold.tsx(87,1): error TS2339: Property 'glyph' does not exist on type 'JSX.IntrinsicElements'.
src/icons/Fonts/khand/KhandBold.tsx(88,1): error TS2339: Property 'glyph' does not exist on type 'JSX.IntrinsicElements'.
src/icons/Fonts/khand/KhandBold.tsx(89,1): error TS2339: Property 'glyph' does not exist on type 'JSX.IntrinsicElements'.
src/icons/Fonts/khand/KhandBold.tsx(90,1): error TS2339: Property 'glyph' does not exist on type 'JSX.IntrinsicElements'.
src/icons/Fonts/khand/KhandBold.tsx(91,1): error TS2339: Property 'glyph' does not exist on type 'JSX.IntrinsicElements'.
src/icons/Fonts/khand/KhandBold.tsx(93,1): error TS2339: Property 'glyph' does not exist on type 'JSX.IntrinsicElements'.
src/icons/Fonts/khand/KhandBold.tsx(94,1): error TS2339: Property 'glyph' does not exist on type 'JSX.IntrinsicElements'.
src/icons/Fonts/khand/KhandBold.tsx(95,1): error TS2339: Property 'glyph' does not exist on type 'JSX.IntrinsicElements'.
src/icons/Fonts/khand/KhandBold.tsx(96,1): error TS2339: Property 'glyph' does not exist on type 'JSX.IntrinsicElements'.
src/icons/Fonts/khand/KhandBold.tsx(97,1): error TS2339: Property 'glyph' does not exist on type 'JSX.IntrinsicElements'.
src/icons/Fonts/khand/KhandBold.tsx(98,1): error TS2339: Property 'glyph' does not exist on type 'JSX.IntrinsicElements'.
src/icons/Fonts/khand/KhandBold.tsx(101,1): error TS2339: Property 'glyph' does not exist on type 'JSX.IntrinsicElements'.
src/icons/Fonts/khand/KhandBold.tsx(102,1): error TS2339: Property 'glyph' does not exist on type 'JSX.IntrinsicElements'.
src/icons/Fonts/khand/KhandBold.tsx(103,1): error TS2339: Property 'glyph' does not exist on type 'JSX.IntrinsicElements'.
src/icons/Fonts/khand/KhandBold.tsx(104,1): error TS2339: Property 'glyph' does not exist on type 'JSX.IntrinsicElements'.
src/icons/Fonts/khand/KhandBold.tsx(105,1): error TS2339: Property 'glyph' does not exist on type 'JSX.IntrinsicElements'.
src/icons/Fonts/khand/KhandBold.tsx(106,1): error TS2339: Property 'glyph' does not exist on type 'JSX.IntrinsicElements'.
src/icons/Fonts/khand/KhandBold.tsx(107,1): error TS2339: Property 'glyph' does not exist on type 'JSX.IntrinsicElements'.
src/icons/Fonts/khand/KhandBold.tsx(108,1): error TS2339: Property 'glyph' does not exist on type 'JSX.IntrinsicElements'.
src/icons/Fonts/khand/KhandBold.tsx(109,1): error TS2339: Property 'glyph' does not exist on type 'JSX.IntrinsicElements'.
src/icons/Fonts/khand/KhandBold.tsx(110,1): error TS2339: Property 'glyph' does not exist on type 'JSX.IntrinsicElements'.
src/icons/Fonts/khand/KhandBold.tsx(111,1): error TS2339: Property 'glyph' does not exist on type 'JSX.IntrinsicElements'.
src/icons/Fonts/khand/KhandBold.tsx(112,1): error TS2339: Property 'glyph' does not exist on type 'JSX.IntrinsicElements'.
src/icons/Fonts/khand/KhandBold.tsx(114,1): error TS2339: Property 'glyph' does not exist on type 'JSX.IntrinsicElements'.
src/icons/Fonts/khand/KhandBold.tsx(115,1): error TS2339: Property 'glyph' does not exist on type 'JSX.IntrinsicElements'.
src/icons/Fonts/khand/KhandBold.tsx(116,1): error TS2339: Property 'glyph' does not exist on type 'JSX.IntrinsicElements'.
src/icons/Fonts/khand/KhandBold.tsx(117,1): error TS2339: Property 'glyph' does not exist on type 'JSX.IntrinsicElements'.
src/icons/Fonts/khand/KhandBold.tsx(118,1): error TS2339: Property 'glyph' does not exist on type 'JSX.IntrinsicElements'.
src/icons/Fonts/khand/KhandBold.tsx(119,1): error TS2339: Property 'glyph' does not exist on type 'JSX.IntrinsicElements'.
src/icons/Fonts/khand/KhandBold.tsx(120,1): error TS2339: Property 'glyph' does not exist on type 'JSX.IntrinsicElements'.
src/icons/Fonts/khand/KhandBold.tsx(121,1): error TS2339: Property 'glyph' does not exist on type 'JSX.IntrinsicElements'.
src/icons/Fonts/khand/KhandBold.tsx(123,1): error TS2339: Property 'glyph' does not exist on type 'JSX.IntrinsicElements'.
src/icons/Fonts/khand/KhandBold.tsx(124,1): error TS2339: Property 'glyph' does not exist on type 'JSX.IntrinsicElements'.
src/icons/Fonts/khand/KhandBold.tsx(126,1): error TS2339: Property 'glyph' does not exist on type 'JSX.IntrinsicElements'.
src/icons/Fonts/khand/KhandBold.tsx(127,1): error TS2339: Property 'glyph' does not exist on type 'JSX.IntrinsicElements'.
src/icons/Fonts/khand/KhandBold.tsx(128,1): error TS2339: Property 'glyph' does not exist on type 'JSX.IntrinsicElements'.
src/icons/Fonts/khand/KhandBold.tsx(129,1): error TS2339: Property 'glyph' does not exist on type 'JSX.IntrinsicElements'.
src/icons/Fonts/khand/KhandBold.tsx(130,1): error TS2339: Property 'glyph' does not exist on type 'JSX.IntrinsicElements'.
src/icons/Fonts/khand/KhandBold.tsx(131,1): error TS2339: Property 'glyph' does not exist on type 'JSX.IntrinsicElements'.
src/icons/Fonts/khand/KhandBold.tsx(133,1): error TS2339: Property 'glyph' does not exist on type 'JSX.IntrinsicElements'.
src/icons/Fonts/khand/KhandBold.tsx(134,1): error TS2339: Property 'glyph' does not exist on type 'JSX.IntrinsicElements'.
src/icons/Fonts/khand/KhandBold.tsx(135,1): error TS2339: Property 'glyph' does not exist on type 'JSX.IntrinsicElements'.
src/icons/Fonts/khand/KhandBold.tsx(137,1): error TS2339: Property 'glyph' does not exist on type 'JSX.IntrinsicElements'.
src/icons/Fonts/khand/KhandBold.tsx(138,1): error TS2339: Property 'glyph' does not exist on type 'JSX.IntrinsicElements'.
src/icons/Fonts/khand/KhandBold.tsx(141,1): error TS2339: Property 'glyph' does not exist on type 'JSX.IntrinsicElements'.
src/icons/Fonts/khand/KhandBold.tsx(143,1): error TS2339: Property 'glyph' does not exist on type 'JSX.IntrinsicElements'.
src/icons/Fonts/khand/KhandBold.tsx(144,1): error TS2339: Property 'glyph' does not exist on type 'JSX.IntrinsicElements'.
src/icons/Fonts/khand/KhandBold.tsx(145,1): error TS2339: Property 'glyph' does not exist on type 'JSX.IntrinsicElements'.
src/icons/Fonts/khand/KhandBold.tsx(146,1): error TS2339: Property 'glyph' does not exist on type 'JSX.IntrinsicElements'.
src/icons/Fonts/khand/KhandBold.tsx(149,1): error TS2339: Property 'glyph' does not exist on type 'JSX.IntrinsicElements'.
src/icons/Fonts/khand/KhandBold.tsx(150,1): error TS2339: Property 'glyph' does not exist on type 'JSX.IntrinsicElements'.
src/icons/Fonts/khand/KhandBold.tsx(151,1): error TS2339: Property 'glyph' does not exist on type 'JSX.IntrinsicElements'.
src/icons/Fonts/khand/KhandBold.tsx(152,1): error TS2339: Property 'glyph' does not exist on type 'JSX.IntrinsicElements'.
src/icons/Fonts/khand/KhandBold.tsx(154,1): error TS2339: Property 'glyph' does not exist on type 'JSX.IntrinsicElements'.
src/icons/Fonts/khand/KhandBold.tsx(156,1): error TS2339: Property 'glyph' does not exist on type 'JSX.IntrinsicElements'.
src/icons/Fonts/khand/KhandBold.tsx(157,1): error TS2339: Property 'glyph' does not exist on type 'JSX.IntrinsicElements'.
src/icons/Fonts/khand/KhandBold.tsx(158,1): error TS2339: Property 'glyph' does not exist on type 'JSX.IntrinsicElements'.
src/icons/Fonts/khand/KhandBold.tsx(159,1): error TS2339: Property 'glyph' does not exist on type 'JSX.IntrinsicElements'.
src/icons/Fonts/khand/KhandBold.tsx(160,1): error TS2339: Property 'glyph' does not exist on type 'JSX.IntrinsicElements'.
src/icons/Fonts/khand/KhandBold.tsx(161,1): error TS2339: Property 'glyph' does not exist on type 'JSX.IntrinsicElements'.
src/icons/Fonts/khand/KhandBold.tsx(162,1): error TS2339: Property 'glyph' does not exist on type 'JSX.IntrinsicElements'.
src/icons/Fonts/khand/KhandBold.tsx(163,1): error TS2339: Property 'glyph' does not exist on type 'JSX.IntrinsicElements'.
src/icons/Fonts/khand/KhandBold.tsx(164,1): error TS2339: Property 'glyph' does not exist on type 'JSX.IntrinsicElements'.
src/icons/Fonts/khand/KhandBold.tsx(165,1): error TS2339: Property 'glyph' does not exist on type 'JSX.IntrinsicElements'.
src/icons/Fonts/khand/KhandBold.tsx(167,1): error TS2339: Property 'glyph' does not exist on type 'JSX.IntrinsicElements'.
src/icons/Fonts/khand/KhandBold.tsx(169,1): error TS2339: Property 'glyph' does not exist on type 'JSX.IntrinsicElements'.
src/icons/Fonts/khand/KhandBold.tsx(171,1): error TS2339: Property 'glyph' does not exist on type 'JSX.IntrinsicElements'.
src/icons/Fonts/khand/KhandBold.tsx(172,1): error TS2339: Property 'glyph' does not exist on type 'JSX.IntrinsicElements'.
src/icons/Fonts/khand/KhandBold.tsx(173,1): error TS2339: Property 'glyph' does not exist on type 'JSX.IntrinsicElements'.
src/icons/Fonts/khand/KhandBold.tsx(174,1): error TS2339: Property 'glyph' does not exist on type 'JSX.IntrinsicElements'.
src/icons/Fonts/khand/KhandBold.tsx(176,1): error TS2339: Property 'glyph' does not exist on type 'JSX.IntrinsicElements'.
src/icons/Fonts/khand/KhandBold.tsx(177,1): error TS2339: Property 'glyph' does not exist on type 'JSX.IntrinsicElements'.
src/icons/Fonts/khand/KhandBold.tsx(179,1): error TS2339: Property 'glyph' does not exist on type 'JSX.IntrinsicElements'.
src/icons/Fonts/khand/KhandBold.tsx(180,1): error TS2339: Property 'glyph' does not exist on type 'JSX.IntrinsicElements'.
src/icons/Fonts/khand/KhandBold.tsx(182,1): error TS2339: Property 'glyph' does not exist on type 'JSX.IntrinsicElements'.
src/icons/Fonts/khand/KhandBold.tsx(183,1): error TS2339: Property 'glyph' does not exist on type 'JSX.IntrinsicElements'.
src/icons/Fonts/khand/KhandBold.tsx(184,1): error TS2339: Property 'glyph' does not exist on type 'JSX.IntrinsicElements'.
src/icons/Fonts/khand/KhandBold.tsx(185,1): error TS2339: Property 'glyph' does not exist on type 'JSX.IntrinsicElements'.
src/icons/Fonts/khand/KhandBold.tsx(186,1): error TS2339: Property 'glyph' does not exist on type 'JSX.IntrinsicElements'.
src/icons/Fonts/khand/KhandBold.tsx(187,1): error TS2339: Property 'glyph' does not exist on type 'JSX.IntrinsicElements'.
src/icons/Fonts/khand/KhandBold.tsx(188,1): error TS2339: Property 'glyph' does not exist on type 'JSX.IntrinsicElements'.
src/icons/Fonts/khand/KhandBold.tsx(189,1): error TS2339: Property 'glyph' does not exist on type 'JSX.IntrinsicElements'.
src/icons/Fonts/khand/KhandBold.tsx(190,1): error TS2339: Property 'glyph' does not exist on type 'JSX.IntrinsicElements'.
src/icons/Fonts/khand/KhandBold.tsx(191,1): error TS2339: Property 'glyph' does not exist on type 'JSX.IntrinsicElements'.
src/icons/Fonts/khand/KhandBold.tsx(193,1): error TS2339: Property 'glyph' does not exist on type 'JSX.IntrinsicElements'.
src/icons/Fonts/khand/KhandBold.tsx(195,1): error TS2339: Property 'glyph' does not exist on type 'JSX.IntrinsicElements'.
src/icons/Fonts/khand/KhandBold.tsx(197,1): error TS2339: Property 'glyph' does not exist on type 'JSX.IntrinsicElements'.
src/icons/Fonts/khand/KhandBold.tsx(199,1): error TS2339: Property 'glyph' does not exist on type 'JSX.IntrinsicElements'.
src/icons/Fonts/khand/KhandBold.tsx(201,1): error TS2339: Property 'glyph' does not exist on type 'JSX.IntrinsicElements'.
src/icons/Fonts/khand/KhandBold.tsx(203,1): error TS2339: Property 'glyph' does not exist on type 'JSX.IntrinsicElements'.
src/icons/Fonts/khand/KhandBold.tsx(204,1): error TS2339: Property 'glyph' does not exist on type 'JSX.IntrinsicElements'.
src/icons/Fonts/khand/KhandBold.tsx(206,1): error TS2339: Property 'glyph' does not exist on type 'JSX.IntrinsicElements'.
src/icons/Fonts/khand/KhandBold.tsx(207,1): error TS2339: Property 'glyph' does not exist on type 'JSX.IntrinsicElements'.
src/icons/Fonts/khand/KhandBold.tsx(208,1): error TS2339: Property 'glyph' does not exist on type 'JSX.IntrinsicElements'.
src/icons/Fonts/khand/KhandBold.tsx(209,1): error TS2339: Property 'glyph' does not exist on type 'JSX.IntrinsicElements'.
src/icons/Fonts/khand/KhandBold.tsx(210,1): error TS2339: Property 'glyph' does not exist on type 'JSX.IntrinsicElements'.
src/icons/Fonts/khand/KhandBold.tsx(211,1): error TS2339: Property 'glyph' does not exist on type 'JSX.IntrinsicElements'.
src/icons/Fonts/khand/KhandBold.tsx(212,1): error TS2339: Property 'glyph' does not exist on type 'JSX.IntrinsicElements'.
src/icons/Fonts/khand/KhandBold.tsx(214,1): error TS2339: Property 'glyph' does not exist on type 'JSX.IntrinsicElements'.
src/icons/Fonts/khand/KhandBold.tsx(216,1): error TS2339: Property 'glyph' does not exist on type 'JSX.IntrinsicElements'.
src/icons/Fonts/khand/KhandBold.tsx(218,1): error TS2339: Property 'glyph' does not exist on type 'JSX.IntrinsicElements'.
src/icons/Fonts/khand/KhandBold.tsx(220,1): error TS2339: Property 'glyph' does not exist on type 'JSX.IntrinsicElements'.
src/icons/Fonts/khand/KhandBold.tsx(222,1): error TS2339: Property 'glyph' does not exist on type 'JSX.IntrinsicElements'.
src/icons/Fonts/khand/KhandBold.tsx(224,1): error TS2339: Property 'glyph' does not exist on type 'JSX.IntrinsicElements'.
src/icons/Fonts/khand/KhandBold.tsx(226,1): error TS2339: Property 'glyph' does not exist on type 'JSX.IntrinsicElements'.
src/icons/Fonts/khand/KhandBold.tsx(228,1): error TS2339: Property 'glyph' does not exist on type 'JSX.IntrinsicElements'.
src/icons/Fonts/khand/KhandBold.tsx(230,1): error TS2339: Property 'glyph' does not exist on type 'JSX.IntrinsicElements'.
src/icons/Fonts/khand/KhandBold.tsx(232,1): error TS2339: Property 'glyph' does not exist on type 'JSX.IntrinsicElements'.
src/icons/Fonts/khand/KhandBold.tsx(234,1): error TS2339: Property 'glyph' does not exist on type 'JSX.IntrinsicElements'.
src/icons/Fonts/khand/KhandBold.tsx(236,1): error TS2339: Property 'glyph' does not exist on type 'JSX.IntrinsicElements'.
src/icons/Fonts/khand/KhandBold.tsx(238,1): error TS2339: Property 'glyph' does not exist on type 'JSX.IntrinsicElements'.
src/icons/Fonts/khand/KhandBold.tsx(239,1): error TS2339: Property 'glyph' does not exist on type 'JSX.IntrinsicElements'.
src/icons/Fonts/khand/KhandBold.tsx(240,1): error TS2339: Property 'glyph' does not exist on type 'JSX.IntrinsicElements'.
src/icons/Fonts/khand/KhandBold.tsx(241,1): error TS2339: Property 'glyph' does not exist on type 'JSX.IntrinsicElements'.
src/icons/Fonts/khand/KhandBold.tsx(242,1): error TS2339: Property 'glyph' does not exist on type 'JSX.IntrinsicElements'.
src/icons/Fonts/khand/KhandBold.tsx(244,1): error TS2339: Property 'glyph' does not exist on type 'JSX.IntrinsicElements'.
src/icons/Fonts/khand/KhandBold.tsx(246,1): error TS2339: Property 'glyph' does not exist on type 'JSX.IntrinsicElements'.
src/icons/Fonts/khand/KhandBold.tsx(248,1): error TS2339: Property 'glyph' does not exist on type 'JSX.IntrinsicElements'.
src/icons/Fonts/khand/KhandBold.tsx(250,1): error TS2339: Property 'glyph' does not exist on type 'JSX.IntrinsicElements'.
src/icons/Fonts/khand/KhandBold.tsx(252,1): error TS2339: Property 'glyph' does not exist on type 'JSX.IntrinsicElements'.
src/icons/Fonts/khand/KhandBold.tsx(254,1): error TS2339: Property 'glyph' does not exist on type 'JSX.IntrinsicElements'.
src/icons/Fonts/khand/KhandBold.tsx(256,1): error TS2339: Property 'glyph' does not exist on type 'JSX.IntrinsicElements'.
src/icons/Fonts/khand/KhandBold.tsx(257,1): error TS2339: Property 'glyph' does not exist on type 'JSX.IntrinsicElements'.
src/icons/Fonts/khand/KhandBold.tsx(259,1): error TS2339: Property 'glyph' does not exist on type 'JSX.IntrinsicElements'.
src/icons/Fonts/khand/KhandBold.tsx(260,1): error TS2339: Property 'glyph' does not exist on type 'JSX.IntrinsicElements'.
src/icons/Fonts/khand/KhandBold.tsx(261,1): error TS2339: Property 'glyph' does not exist on type 'JSX.IntrinsicElements'.
src/icons/Fonts/khand/KhandBold.tsx(262,1): error TS2339: Property 'glyph' does not exist on type 'JSX.IntrinsicElements'.
src/icons/Fonts/khand/KhandBold.tsx(263,1): error TS2339: Property 'glyph' does not exist on type 'JSX.IntrinsicElements'.
src/icons/Fonts/khand/KhandBold.tsx(264,1): error TS2339: Property 'glyph' does not exist on type 'JSX.IntrinsicElements'.
src/icons/Fonts/khand/KhandBold.tsx(265,1): error TS2339: Property 'glyph' does not exist on type 'JSX.IntrinsicElements'.
src/icons/Fonts/khand/KhandBold.tsx(266,1): error TS2339: Property 'glyph' does not exist on type 'JSX.IntrinsicElements'.
src/icons/Fonts/khand/KhandBold.tsx(267,1): error TS2339: Property 'glyph' does not exist on type 'JSX.IntrinsicElements'.
src/icons/Fonts/khand/KhandBold.tsx(268,1): error TS2339: Property 'glyph' does not exist on type 'JSX.IntrinsicElements'.
src/icons/Fonts/khand/KhandBold.tsx(269,1): error TS2339: Property 'glyph' does not exist on type 'JSX.IntrinsicElements'.
src/icons/Fonts/khand/KhandBold.tsx(270,1): error TS2339: Property 'glyph' does not exist on type 'JSX.IntrinsicElements'.
src/icons/Fonts/khand/KhandBold.tsx(271,1): error TS2339: Property 'glyph' does not exist on type 'JSX.IntrinsicElements'.
src/icons/Fonts/khand/KhandBold.tsx(272,1): error TS2339: Property 'glyph' does not exist on type 'JSX.IntrinsicElements'.
src/icons/Fonts/khand/KhandBold.tsx(273,1): error TS2339: Property 'glyph' does not exist on type 'JSX.IntrinsicElements'.
src/icons/Fonts/khand/KhandBold.tsx(274,1): error TS2339: Property 'glyph' does not exist on type 'JSX.IntrinsicElements'.
src/icons/Fonts/khand/KhandBold.tsx(275,1): error TS2339: Property 'glyph' does not exist on type 'JSX.IntrinsicElements'.
src/icons/Fonts/khand/KhandBold.tsx(276,1): error TS2339: Property 'glyph' does not exist on type 'JSX.IntrinsicElements'.
src/icons/Fonts/khand/KhandBold.tsx(277,1): error TS2339: Property 'font' does not exist on type 'JSX.IntrinsicElements'.
src/icons/Fonts/khand/KhandMedium.tsx(6,1): error TS2339: Property 'font' does not exist on type 'JSX.IntrinsicElements'.
src/icons/Fonts/khand/KhandMedium.tsx(6,37): error TS2339: Property 'font-face' does not exist on type 'JSX.IntrinsicElements'.
src/icons/Fonts/khand/KhandMedium.tsx(13,1): error TS2339: Property 'glyph' does not exist on type 'JSX.IntrinsicElements'.
src/icons/Fonts/khand/KhandMedium.tsx(14,1): error TS2339: Property 'glyph' does not exist on type 'JSX.IntrinsicElements'.
src/icons/Fonts/khand/KhandMedium.tsx(15,1): error TS2339: Property 'glyph' does not exist on type 'JSX.IntrinsicElements'.
src/icons/Fonts/khand/KhandMedium.tsx(16,1): error TS2339: Property 'glyph' does not exist on type 'JSX.IntrinsicElements'.
src/icons/Fonts/khand/KhandMedium.tsx(17,1): error TS2339: Property 'glyph' does not exist on type 'JSX.IntrinsicElements'.
src/icons/Fonts/khand/KhandMedium.tsx(19,1): error TS2339: Property 'glyph' does not exist on type 'JSX.IntrinsicElements'.
src/icons/Fonts/khand/KhandMedium.tsx(21,1): error TS2339: Property 'glyph' does not exist on type 'JSX.IntrinsicElements'.
src/icons/Fonts/khand/KhandMedium.tsx(23,1): error TS2339: Property 'glyph' does not exist on type 'JSX.IntrinsicElements'.
src/icons/Fonts/khand/KhandMedium.tsx(24,1): error TS2339: Property 'glyph' does not exist on type 'JSX.IntrinsicElements'.
src/icons/Fonts/khand/KhandMedium.tsx(25,1): error TS2339: Property 'glyph' does not exist on type 'JSX.IntrinsicElements'.
src/icons/Fonts/khand/KhandMedium.tsx(26,1): error TS2339: Property 'glyph' does not exist on type 'JSX.IntrinsicElements'.
src/icons/Fonts/khand/KhandMedium.tsx(28,1): error TS2339: Property 'glyph' does not exist on type 'JSX.IntrinsicElements'.
src/icons/Fonts/khand/KhandMedium.tsx(29,1): error TS2339: Property 'glyph' does not exist on type 'JSX.IntrinsicElements'.
src/icons/Fonts/khand/KhandMedium.tsx(30,1): error TS2339: Property 'glyph' does not exist on type 'JSX.IntrinsicElements'.
src/icons/Fonts/khand/KhandMedium.tsx(31,1): error TS2339: Property 'glyph' does not exist on type 'JSX.IntrinsicElements'.
src/icons/Fonts/khand/KhandMedium.tsx(32,1): error TS2339: Property 'glyph' does not exist on type 'JSX.IntrinsicElements'.
src/icons/Fonts/khand/KhandMedium.tsx(33,1): error TS2339: Property 'glyph' does not exist on type 'JSX.IntrinsicElements'.
src/icons/Fonts/khand/KhandMedium.tsx(34,1): error TS2339: Property 'glyph' does not exist on type 'JSX.IntrinsicElements'.
src/icons/Fonts/khand/KhandMedium.tsx(35,1): error TS2339: Property 'glyph' does not exist on type 'JSX.IntrinsicElements'.
src/icons/Fonts/khand/KhandMedium.tsx(37,1): error TS2339: Property 'glyph' does not exist on type 'JSX.IntrinsicElements'.
src/icons/Fonts/khand/KhandMedium.tsx(39,1): error TS2339: Property 'glyph' does not exist on type 'JSX.IntrinsicElements'.
src/icons/Fonts/khand/KhandMedium.tsx(40,1): error TS2339: Property 'glyph' does not exist on type 'JSX.IntrinsicElements'.
src/icons/Fonts/khand/KhandMedium.tsx(41,1): error TS2339: Property 'glyph' does not exist on type 'JSX.IntrinsicElements'.
src/icons/Fonts/khand/KhandMedium.tsx(43,1): error TS2339: Property 'glyph' does not exist on type 'JSX.IntrinsicElements'.
src/icons/Fonts/khand/KhandMedium.tsx(44,1): error TS2339: Property 'glyph' does not exist on type 'JSX.IntrinsicElements'.
src/icons/Fonts/khand/KhandMedium.tsx(46,1): error TS2339: Property 'glyph' does not exist on type 'JSX.IntrinsicElements'.
src/icons/Fonts/khand/KhandMedium.tsx(48,1): error TS2339: Property 'glyph' does not exist on type 'JSX.IntrinsicElements'.
src/icons/Fonts/khand/KhandMedium.tsx(49,1): error TS2339: Property 'glyph' does not exist on type 'JSX.IntrinsicElements'.
src/icons/Fonts/khand/KhandMedium.tsx(50,1): error TS2339: Property 'glyph' does not exist on type 'JSX.IntrinsicElements'.
src/icons/Fonts/khand/KhandMedium.tsx(51,1): error TS2339: Property 'glyph' does not exist on type 'JSX.IntrinsicElements'.
src/icons/Fonts/khand/KhandMedium.tsx(52,1): error TS2339: Property 'glyph' does not exist on type 'JSX.IntrinsicElements'.
src/icons/Fonts/khand/KhandMedium.tsx(53,1): error TS2339: Property 'glyph' does not exist on type 'JSX.IntrinsicElements'.
src/icons/Fonts/khand/KhandMedium.tsx(55,1): error TS2339: Property 'glyph' does not exist on type 'JSX.IntrinsicElements'.
src/icons/Fonts/khand/KhandMedium.tsx(58,1): error TS2339: Property 'glyph' does not exist on type 'JSX.IntrinsicElements'.
src/icons/Fonts/khand/KhandMedium.tsx(59,1): error TS2339: Property 'glyph' does not exist on type 'JSX.IntrinsicElements'.
src/icons/Fonts/khand/KhandMedium.tsx(61,1): error TS2339: Property 'glyph' does not exist on type 'JSX.IntrinsicElements'.
src/icons/Fonts/khand/KhandMedium.tsx(62,1): error TS2339: Property 'glyph' does not exist on type 'JSX.IntrinsicElements'.
src/icons/Fonts/khand/KhandMedium.tsx(63,1): error TS2339: Property 'glyph' does not exist on type 'JSX.IntrinsicElements'.
src/icons/Fonts/khand/KhandMedium.tsx(64,1): error TS2339: Property 'glyph' does not exist on type 'JSX.IntrinsicElements'.
src/icons/Fonts/khand/KhandMedium.tsx(65,1): error TS2339: Property 'glyph' does not exist on type 'JSX.IntrinsicElements'.
src/icons/Fonts/khand/KhandMedium.tsx(66,1): error TS2339: Property 'glyph' does not exist on type 'JSX.IntrinsicElements'.
src/icons/Fonts/khand/KhandMedium.tsx(67,1): error TS2339: Property 'glyph' does not exist on type 'JSX.IntrinsicElements'.
src/icons/Fonts/khand/KhandMedium.tsx(68,1): error TS2339: Property 'glyph' does not exist on type 'JSX.IntrinsicElements'.
src/icons/Fonts/khand/KhandMedium.tsx(69,1): error TS2339: Property 'glyph' does not exist on type 'JSX.IntrinsicElements'.
src/icons/Fonts/khand/KhandMedium.tsx(70,1): error TS2339: Property 'glyph' does not exist on type 'JSX.IntrinsicElements'.
src/icons/Fonts/khand/KhandMedium.tsx(71,1): error TS2339: Property 'glyph' does not exist on type 'JSX.IntrinsicElements'.
src/icons/Fonts/khand/KhandMedium.tsx(72,1): error TS2339: Property 'glyph' does not exist on type 'JSX.IntrinsicElements'.
src/icons/Fonts/khand/KhandMedium.tsx(73,1): error TS2339: Property 'glyph' does not exist on type 'JSX.IntrinsicElements'.
src/icons/Fonts/khand/KhandMedium.tsx(74,1): error TS2339: Property 'glyph' does not exist on type 'JSX.IntrinsicElements'.
src/icons/Fonts/khand/KhandMedium.tsx(75,1): error TS2339: Property 'glyph' does not exist on type 'JSX.IntrinsicElements'.
src/icons/Fonts/khand/KhandMedium.tsx(76,1): error TS2339: Property 'glyph' does not exist on type 'JSX.IntrinsicElements'.
src/icons/Fonts/khand/KhandMedium.tsx(77,1): error TS2339: Property 'glyph' does not exist on type 'JSX.IntrinsicElements'.
src/icons/Fonts/khand/KhandMedium.tsx(79,1): error TS2339: Property 'glyph' does not exist on type 'JSX.IntrinsicElements'.
src/icons/Fonts/khand/KhandMedium.tsx(80,1): error TS2339: Property 'glyph' does not exist on type 'JSX.IntrinsicElements'.
src/icons/Fonts/khand/KhandMedium.tsx(81,1): error TS2339: Property 'glyph' does not exist on type 'JSX.IntrinsicElements'.
src/icons/Fonts/khand/KhandMedium.tsx(82,1): error TS2339: Property 'glyph' does not exist on type 'JSX.IntrinsicElements'.
src/icons/Fonts/khand/KhandMedium.tsx(83,1): error TS2339: Property 'glyph' does not exist on type 'JSX.IntrinsicElements'.
src/icons/Fonts/khand/KhandMedium.tsx(84,1): error TS2339: Property 'glyph' does not exist on type 'JSX.IntrinsicElements'.
src/icons/Fonts/khand/KhandMedium.tsx(85,1): error TS2339: Property 'glyph' does not exist on type 'JSX.IntrinsicElements'.
src/icons/Fonts/khand/KhandMedium.tsx(86,1): error TS2339: Property 'glyph' does not exist on type 'JSX.IntrinsicElements'.
src/icons/Fonts/khand/KhandMedium.tsx(87,1): error TS2339: Property 'glyph' does not exist on type 'JSX.IntrinsicElements'.
src/icons/Fonts/khand/KhandMedium.tsx(88,1): error TS2339: Property 'glyph' does not exist on type 'JSX.IntrinsicElements'.
src/icons/Fonts/khand/KhandMedium.tsx(89,1): error TS2339: Property 'glyph' does not exist on type 'JSX.IntrinsicElements'.
src/icons/Fonts/khand/KhandMedium.tsx(90,1): error TS2339: Property 'glyph' does not exist on type 'JSX.IntrinsicElements'.
src/icons/Fonts/khand/KhandMedium.tsx(91,1): error TS2339: Property 'glyph' does not exist on type 'JSX.IntrinsicElements'.
src/icons/Fonts/khand/KhandMedium.tsx(92,1): error TS2339: Property 'glyph' does not exist on type 'JSX.IntrinsicElements'.
src/icons/Fonts/khand/KhandMedium.tsx(94,1): error TS2339: Property 'glyph' does not exist on type 'JSX.IntrinsicElements'.
src/icons/Fonts/khand/KhandMedium.tsx(95,1): error TS2339: Property 'glyph' does not exist on type 'JSX.IntrinsicElements'.
src/icons/Fonts/khand/KhandMedium.tsx(96,1): error TS2339: Property 'glyph' does not exist on type 'JSX.IntrinsicElements'.
src/icons/Fonts/khand/KhandMedium.tsx(97,1): error TS2339: Property 'glyph' does not exist on type 'JSX.IntrinsicElements'.
src/icons/Fonts/khand/KhandMedium.tsx(98,1): error TS2339: Property 'glyph' does not exist on type 'JSX.IntrinsicElements'.
src/icons/Fonts/khand/KhandMedium.tsx(99,1): error TS2339: Property 'glyph' does not exist on type 'JSX.IntrinsicElements'.
src/icons/Fonts/khand/KhandMedium.tsx(102,1): error TS2339: Property 'glyph' does not exist on type 'JSX.IntrinsicElements'.
src/icons/Fonts/khand/KhandMedium.tsx(103,1): error TS2339: Property 'glyph' does not exist on type 'JSX.IntrinsicElements'.
src/icons/Fonts/khand/KhandMedium.tsx(104,1): error TS2339: Property 'glyph' does not exist on type 'JSX.IntrinsicElements'.
src/icons/Fonts/khand/KhandMedium.tsx(105,1): error TS2339: Property 'glyph' does not exist on type 'JSX.IntrinsicElements'.
src/icons/Fonts/khand/KhandMedium.tsx(106,1): error TS2339: Property 'glyph' does not exist on type 'JSX.IntrinsicElements'.
src/icons/Fonts/khand/KhandMedium.tsx(107,1): error TS2339: Property 'glyph' does not exist on type 'JSX.IntrinsicElements'.
src/icons/Fonts/khand/KhandMedium.tsx(108,1): error TS2339: Property 'glyph' does not exist on type 'JSX.IntrinsicElements'.
src/icons/Fonts/khand/KhandMedium.tsx(109,1): error TS2339: Property 'glyph' does not exist on type 'JSX.IntrinsicElements'.
src/icons/Fonts/khand/KhandMedium.tsx(110,1): error TS2339: Property 'glyph' does not exist on type 'JSX.IntrinsicElements'.
src/icons/Fonts/khand/KhandMedium.tsx(111,1): error TS2339: Property 'glyph' does not exist on type 'JSX.IntrinsicElements'.
src/icons/Fonts/khand/KhandMedium.tsx(112,1): error TS2339: Property 'glyph' does not exist on type 'JSX.IntrinsicElements'.
src/icons/Fonts/khand/KhandMedium.tsx(113,1): error TS2339: Property 'glyph' does not exist on type 'JSX.IntrinsicElements'.
src/icons/Fonts/khand/KhandMedium.tsx(115,1): error TS2339: Property 'glyph' does not exist on type 'JSX.IntrinsicElements'.
src/icons/Fonts/khand/KhandMedium.tsx(116,1): error TS2339: Property 'glyph' does not exist on type 'JSX.IntrinsicElements'.
src/icons/Fonts/khand/KhandMedium.tsx(117,1): error TS2339: Property 'glyph' does not exist on type 'JSX.IntrinsicElements'.
src/icons/Fonts/khand/KhandMedium.tsx(118,1): error TS2339: Property 'glyph' does not exist on type 'JSX.IntrinsicElements'.
src/icons/Fonts/khand/KhandMedium.tsx(119,1): error TS2339: Property 'glyph' does not exist on type 'JSX.IntrinsicElements'.
src/icons/Fonts/khand/KhandMedium.tsx(120,1): error TS2339: Property 'glyph' does not exist on type 'JSX.IntrinsicElements'.
src/icons/Fonts/khand/KhandMedium.tsx(121,1): error TS2339: Property 'glyph' does not exist on type 'JSX.IntrinsicElements'.
src/icons/Fonts/khand/KhandMedium.tsx(122,1): error TS2339: Property 'glyph' does not exist on type 'JSX.IntrinsicElements'.
src/icons/Fonts/khand/KhandMedium.tsx(124,1): error TS2339: Property 'glyph' does not exist on type 'JSX.IntrinsicElements'.
src/icons/Fonts/khand/KhandMedium.tsx(125,1): error TS2339: Property 'glyph' does not exist on type 'JSX.IntrinsicElements'.
src/icons/Fonts/khand/KhandMedium.tsx(127,1): error TS2339: Property 'glyph' does not exist on type 'JSX.IntrinsicElements'.
src/icons/Fonts/khand/KhandMedium.tsx(128,1): error TS2339: Property 'glyph' does not exist on type 'JSX.IntrinsicElements'.
src/icons/Fonts/khand/KhandMedium.tsx(129,1): error TS2339: Property 'glyph' does not exist on type 'JSX.IntrinsicElements'.
src/icons/Fonts/khand/KhandMedium.tsx(130,1): error TS2339: Property 'glyph' does not exist on type 'JSX.IntrinsicElements'.
src/icons/Fonts/khand/KhandMedium.tsx(131,1): error TS2339: Property 'glyph' does not exist on type 'JSX.IntrinsicElements'.
src/icons/Fonts/khand/KhandMedium.tsx(133,1): error TS2339: Property 'glyph' does not exist on type 'JSX.IntrinsicElements'.
src/icons/Fonts/khand/KhandMedium.tsx(135,1): error TS2339: Property 'glyph' does not exist on type 'JSX.IntrinsicElements'.
src/icons/Fonts/khand/KhandMedium.tsx(136,1): error TS2339: Property 'glyph' does not exist on type 'JSX.IntrinsicElements'.
src/icons/Fonts/khand/KhandMedium.tsx(137,1): error TS2339: Property 'glyph' does not exist on type 'JSX.IntrinsicElements'.
src/icons/Fonts/khand/KhandMedium.tsx(139,1): error TS2339: Property 'glyph' does not exist on type 'JSX.IntrinsicElements'.
src/icons/Fonts/khand/KhandMedium.tsx(140,1): error TS2339: Property 'glyph' does not exist on type 'JSX.IntrinsicElements'.
src/icons/Fonts/khand/KhandMedium.tsx(143,1): error TS2339: Property 'glyph' does not exist on type 'JSX.IntrinsicElements'.
src/icons/Fonts/khand/KhandMedium.tsx(145,1): error TS2339: Property 'glyph' does not exist on type 'JSX.IntrinsicElements'.
src/icons/Fonts/khand/KhandMedium.tsx(146,1): error TS2339: Property 'glyph' does not exist on type 'JSX.IntrinsicElements'.
src/icons/Fonts/khand/KhandMedium.tsx(147,1): error TS2339: Property 'glyph' does not exist on type 'JSX.IntrinsicElements'.
src/icons/Fonts/khand/KhandMedium.tsx(148,1): error TS2339: Property 'glyph' does not exist on type 'JSX.IntrinsicElements'.
src/icons/Fonts/khand/KhandMedium.tsx(150,1): error TS2339: Property 'glyph' does not exist on type 'JSX.IntrinsicElements'.
src/icons/Fonts/khand/KhandMedium.tsx(151,1): error TS2339: Property 'glyph' does not exist on type 'JSX.IntrinsicElements'.
src/icons/Fonts/khand/KhandMedium.tsx(152,1): error TS2339: Property 'glyph' does not exist on type 'JSX.IntrinsicElements'.
src/icons/Fonts/khand/KhandMedium.tsx(153,1): error TS2339: Property 'glyph' does not exist on type 'JSX.IntrinsicElements'.
src/icons/Fonts/khand/KhandMedium.tsx(155,1): error TS2339: Property 'glyph' does not exist on type 'JSX.IntrinsicElements'.
src/icons/Fonts/khand/KhandMedium.tsx(157,1): error TS2339: Property 'glyph' does not exist on type 'JSX.IntrinsicElements'.
src/icons/Fonts/khand/KhandMedium.tsx(158,1): error TS2339: Property 'glyph' does not exist on type 'JSX.IntrinsicElements'.
src/icons/Fonts/khand/KhandMedium.tsx(159,1): error TS2339: Property 'glyph' does not exist on type 'JSX.IntrinsicElements'.
src/icons/Fonts/khand/KhandMedium.tsx(160,1): error TS2339: Property 'glyph' does not exist on type 'JSX.IntrinsicElements'.
src/icons/Fonts/khand/KhandMedium.tsx(161,1): error TS2339: Property 'glyph' does not exist on type 'JSX.IntrinsicElements'.
src/icons/Fonts/khand/KhandMedium.tsx(162,1): error TS2339: Property 'glyph' does not exist on type 'JSX.IntrinsicElements'.
src/icons/Fonts/khand/KhandMedium.tsx(163,1): error TS2339: Property 'glyph' does not exist on type 'JSX.IntrinsicElements'.
src/icons/Fonts/khand/KhandMedium.tsx(164,1): error TS2339: Property 'glyph' does not exist on type 'JSX.IntrinsicElements'.
src/icons/Fonts/khand/KhandMedium.tsx(165,1): error TS2339: Property 'glyph' does not exist on type 'JSX.IntrinsicElements'.
src/icons/Fonts/khand/KhandMedium.tsx(166,1): error TS2339: Property 'glyph' does not exist on type 'JSX.IntrinsicElements'.
src/icons/Fonts/khand/KhandMedium.tsx(168,1): error TS2339: Property 'glyph' does not exist on type 'JSX.IntrinsicElements'.
src/icons/Fonts/khand/KhandMedium.tsx(170,1): error TS2339: Property 'glyph' does not exist on type 'JSX.IntrinsicElements'.
src/icons/Fonts/khand/KhandMedium.tsx(172,1): error TS2339: Property 'glyph' does not exist on type 'JSX.IntrinsicElements'.
src/icons/Fonts/khand/KhandMedium.tsx(173,1): error TS2339: Property 'glyph' does not exist on type 'JSX.IntrinsicElements'.
src/icons/Fonts/khand/KhandMedium.tsx(174,1): error TS2339: Property 'glyph' does not exist on type 'JSX.IntrinsicElements'.
src/icons/Fonts/khand/KhandMedium.tsx(175,1): error TS2339: Property 'glyph' does not exist on type 'JSX.IntrinsicElements'.
src/icons/Fonts/khand/KhandMedium.tsx(177,1): error TS2339: Property 'glyph' does not exist on type 'JSX.IntrinsicElements'.
src/icons/Fonts/khand/KhandMedium.tsx(178,1): error TS2339: Property 'glyph' does not exist on type 'JSX.IntrinsicElements'.
src/icons/Fonts/khand/KhandMedium.tsx(180,1): error TS2339: Property 'glyph' does not exist on type 'JSX.IntrinsicElements'.
src/icons/Fonts/khand/KhandMedium.tsx(181,1): error TS2339: Property 'glyph' does not exist on type 'JSX.IntrinsicElements'.
src/icons/Fonts/khand/KhandMedium.tsx(183,1): error TS2339: Property 'glyph' does not exist on type 'JSX.IntrinsicElements'.
src/icons/Fonts/khand/KhandMedium.tsx(184,1): error TS2339: Property 'glyph' does not exist on type 'JSX.IntrinsicElements'.
src/icons/Fonts/khand/KhandMedium.tsx(185,1): error TS2339: Property 'glyph' does not exist on type 'JSX.IntrinsicElements'.
src/icons/Fonts/khand/KhandMedium.tsx(186,1): error TS2339: Property 'glyph' does not exist on type 'JSX.IntrinsicElements'.
src/icons/Fonts/khand/KhandMedium.tsx(187,1): error TS2339: Property 'glyph' does not exist on type 'JSX.IntrinsicElements'.
src/icons/Fonts/khand/KhandMedium.tsx(188,1): error TS2339: Property 'glyph' does not exist on type 'JSX.IntrinsicElements'.
src/icons/Fonts/khand/KhandMedium.tsx(189,1): error TS2339: Property 'glyph' does not exist on type 'JSX.IntrinsicElements'.
src/icons/Fonts/khand/KhandMedium.tsx(190,1): error TS2339: Property 'glyph' does not exist on type 'JSX.IntrinsicElements'.
src/icons/Fonts/khand/KhandMedium.tsx(191,1): error TS2339: Property 'glyph' does not exist on type 'JSX.IntrinsicElements'.
src/icons/Fonts/khand/KhandMedium.tsx(192,1): error TS2339: Property 'glyph' does not exist on type 'JSX.IntrinsicElements'.
src/icons/Fonts/khand/KhandMedium.tsx(194,1): error TS2339: Property 'glyph' does not exist on type 'JSX.IntrinsicElements'.
src/icons/Fonts/khand/KhandMedium.tsx(195,1): error TS2339: Property 'glyph' does not exist on type 'JSX.IntrinsicElements'.
src/icons/Fonts/khand/KhandMedium.tsx(196,1): error TS2339: Property 'glyph' does not exist on type 'JSX.IntrinsicElements'.
src/icons/Fonts/khand/KhandMedium.tsx(198,1): error TS2339: Property 'glyph' does not exist on type 'JSX.IntrinsicElements'.
src/icons/Fonts/khand/KhandMedium.tsx(200,1): error TS2339: Property 'glyph' does not exist on type 'JSX.IntrinsicElements'.
src/icons/Fonts/khand/KhandMedium.tsx(202,1): error TS2339: Property 'glyph' does not exist on type 'JSX.IntrinsicElements'.
src/icons/Fonts/khand/KhandMedium.tsx(203,1): error TS2339: Property 'glyph' does not exist on type 'JSX.IntrinsicElements'.
src/icons/Fonts/khand/KhandMedium.tsx(205,1): error TS2339: Property 'glyph' does not exist on type 'JSX.IntrinsicElements'.
src/icons/Fonts/khand/KhandMedium.tsx(206,1): error TS2339: Property 'glyph' does not exist on type 'JSX.IntrinsicElements'.
src/icons/Fonts/khand/KhandMedium.tsx(207,1): error TS2339: Property 'glyph' does not exist on type 'JSX.IntrinsicElements'.
src/icons/Fonts/khand/KhandMedium.tsx(208,1): error TS2339: Property 'glyph' does not exist on type 'JSX.IntrinsicElements'.
src/icons/Fonts/khand/KhandMedium.tsx(209,1): error TS2339: Property 'glyph' does not exist on type 'JSX.IntrinsicElements'.
src/icons/Fonts/khand/KhandMedium.tsx(210,1): error TS2339: Property 'glyph' does not exist on type 'JSX.IntrinsicElements'.
src/icons/Fonts/khand/KhandMedium.tsx(211,1): error TS2339: Property 'glyph' does not exist on type 'JSX.IntrinsicElements'.
src/icons/Fonts/khand/KhandMedium.tsx(213,1): error TS2339: Property 'glyph' does not exist on type 'JSX.IntrinsicElements'.
src/icons/Fonts/khand/KhandMedium.tsx(215,1): error TS2339: Property 'glyph' does not exist on type 'JSX.IntrinsicElements'.
src/icons/Fonts/khand/KhandMedium.tsx(217,1): error TS2339: Property 'glyph' does not exist on type 'JSX.IntrinsicElements'.
src/icons/Fonts/khand/KhandMedium.tsx(219,1): error TS2339: Property 'glyph' does not exist on type 'JSX.IntrinsicElements'.
src/icons/Fonts/khand/KhandMedium.tsx(221,1): error TS2339: Property 'glyph' does not exist on type 'JSX.IntrinsicElements'.
src/icons/Fonts/khand/KhandMedium.tsx(223,1): error TS2339: Property 'glyph' does not exist on type 'JSX.IntrinsicElements'.
src/icons/Fonts/khand/KhandMedium.tsx(225,1): error TS2339: Property 'glyph' does not exist on type 'JSX.IntrinsicElements'.
src/icons/Fonts/khand/KhandMedium.tsx(227,1): error TS2339: Property 'glyph' does not exist on type 'JSX.IntrinsicElements'.
src/icons/Fonts/khand/KhandMedium.tsx(229,1): error TS2339: Property 'glyph' does not exist on type 'JSX.IntrinsicElements'.
src/icons/Fonts/khand/KhandMedium.tsx(231,1): error TS2339: Property 'glyph' does not exist on type 'JSX.IntrinsicElements'.
src/icons/Fonts/khand/KhandMedium.tsx(233,1): error TS2339: Property 'glyph' does not exist on type 'JSX.IntrinsicElements'.
src/icons/Fonts/khand/KhandMedium.tsx(235,1): error TS2339: Property 'glyph' does not exist on type 'JSX.IntrinsicElements'.
src/icons/Fonts/khand/KhandMedium.tsx(237,1): error TS2339: Property 'glyph' does not exist on type 'JSX.IntrinsicElements'.
src/icons/Fonts/khand/KhandMedium.tsx(238,1): error TS2339: Property 'glyph' does not exist on type 'JSX.IntrinsicElements'.
src/icons/Fonts/khand/KhandMedium.tsx(239,1): error TS2339: Property 'glyph' does not exist on type 'JSX.IntrinsicElements'.
src/icons/Fonts/khand/KhandMedium.tsx(240,1): error TS2339: Property 'glyph' does not exist on type 'JSX.IntrinsicElements'.
src/icons/Fonts/khand/KhandMedium.tsx(241,1): error TS2339: Property 'glyph' does not exist on type 'JSX.IntrinsicElements'.
src/icons/Fonts/khand/KhandMedium.tsx(243,1): error TS2339: Property 'glyph' does not exist on type 'JSX.IntrinsicElements'.
src/icons/Fonts/khand/KhandMedium.tsx(245,1): error TS2339: Property 'glyph' does not exist on type 'JSX.IntrinsicElements'.
src/icons/Fonts/khand/KhandMedium.tsx(246,1): error TS2339: Property 'glyph' does not exist on type 'JSX.IntrinsicElements'.
src/icons/Fonts/khand/KhandMedium.tsx(247,1): error TS2339: Property 'glyph' does not exist on type 'JSX.IntrinsicElements'.
src/icons/Fonts/khand/KhandMedium.tsx(249,1): error TS2339: Property 'glyph' does not exist on type 'JSX.IntrinsicElements'.
src/icons/Fonts/khand/KhandMedium.tsx(251,1): error TS2339: Property 'glyph' does not exist on type 'JSX.IntrinsicElements'.
src/icons/Fonts/khand/KhandMedium.tsx(253,1): error TS2339: Property 'glyph' does not exist on type 'JSX.IntrinsicElements'.
src/icons/Fonts/khand/KhandMedium.tsx(254,1): error TS2339: Property 'glyph' does not exist on type 'JSX.IntrinsicElements'.
src/icons/Fonts/khand/KhandMedium.tsx(256,1): error TS2339: Property 'glyph' does not exist on type 'JSX.IntrinsicElements'.
src/icons/Fonts/khand/KhandMedium.tsx(257,1): error TS2339: Property 'glyph' does not exist on type 'JSX.IntrinsicElements'.
src/icons/Fonts/khand/KhandMedium.tsx(258,1): error TS2339: Property 'glyph' does not exist on type 'JSX.IntrinsicElements'.
src/icons/Fonts/khand/KhandMedium.tsx(259,1): error TS2339: Property 'glyph' does not exist on type 'JSX.IntrinsicElements'.
src/icons/Fonts/khand/KhandMedium.tsx(260,1): error TS2339: Property 'glyph' does not exist on type 'JSX.IntrinsicElements'.
src/icons/Fonts/khand/KhandMedium.tsx(261,1): error TS2339: Property 'glyph' does not exist on type 'JSX.IntrinsicElements'.
src/icons/Fonts/khand/KhandMedium.tsx(262,1): error TS2339: Property 'glyph' does not exist on type 'JSX.IntrinsicElements'.
src/icons/Fonts/khand/KhandMedium.tsx(263,1): error TS2339: Property 'glyph' does not exist on type 'JSX.IntrinsicElements'.
src/icons/Fonts/khand/KhandMedium.tsx(264,1): error TS2339: Property 'glyph' does not exist on type 'JSX.IntrinsicElements'.
src/icons/Fonts/khand/KhandMedium.tsx(265,1): error TS2339: Property 'glyph' does not exist on type 'JSX.IntrinsicElements'.
src/icons/Fonts/khand/KhandMedium.tsx(266,1): error TS2339: Property 'glyph' does not exist on type 'JSX.IntrinsicElements'.
src/icons/Fonts/khand/KhandMedium.tsx(267,1): error TS2339: Property 'glyph' does not exist on type 'JSX.IntrinsicElements'.
src/icons/Fonts/khand/KhandMedium.tsx(268,1): error TS2339: Property 'glyph' does not exist on type 'JSX.IntrinsicElements'.
src/icons/Fonts/khand/KhandMedium.tsx(269,1): error TS2339: Property 'glyph' does not exist on type 'JSX.IntrinsicElements'.
src/icons/Fonts/khand/KhandMedium.tsx(270,1): error TS2339: Property 'glyph' does not exist on type 'JSX.IntrinsicElements'.
src/icons/Fonts/khand/KhandMedium.tsx(271,1): error TS2339: Property 'glyph' does not exist on type 'JSX.IntrinsicElements'.
src/icons/Fonts/khand/KhandMedium.tsx(272,1): error TS2339: Property 'glyph' does not exist on type 'JSX.IntrinsicElements'.
src/icons/Fonts/khand/KhandMedium.tsx(273,1): error TS2339: Property 'glyph' does not exist on type 'JSX.IntrinsicElements'.
src/icons/Fonts/khand/KhandMedium.tsx(274,1): error TS2339: Property 'font' does not exist on type 'JSX.IntrinsicElements'.
src/icons/Fonts/khand/KhandSemibold.tsx(6,1): error TS2339: Property 'font' does not exist on type 'JSX.IntrinsicElements'.
src/icons/Fonts/khand/KhandSemibold.tsx(6,37): error TS2339: Property 'font-face' does not exist on type 'JSX.IntrinsicElements'.
src/icons/Fonts/khand/KhandSemibold.tsx(13,1): error TS2339: Property 'glyph' does not exist on type 'JSX.IntrinsicElements'.
src/icons/Fonts/khand/KhandSemibold.tsx(14,1): error TS2339: Property 'glyph' does not exist on type 'JSX.IntrinsicElements'.
src/icons/Fonts/khand/KhandSemibold.tsx(15,1): error TS2339: Property 'glyph' does not exist on type 'JSX.IntrinsicElements'.
src/icons/Fonts/khand/KhandSemibold.tsx(16,1): error TS2339: Property 'glyph' does not exist on type 'JSX.IntrinsicElements'.
src/icons/Fonts/khand/KhandSemibold.tsx(17,1): error TS2339: Property 'glyph' does not exist on type 'JSX.IntrinsicElements'.
src/icons/Fonts/khand/KhandSemibold.tsx(19,1): error TS2339: Property 'glyph' does not exist on type 'JSX.IntrinsicElements'.
src/icons/Fonts/khand/KhandSemibold.tsx(20,1): error TS2339: Property 'glyph' does not exist on type 'JSX.IntrinsicElements'.
src/icons/Fonts/khand/KhandSemibold.tsx(22,1): error TS2339: Property 'glyph' does not exist on type 'JSX.IntrinsicElements'.
src/icons/Fonts/khand/KhandSemibold.tsx(23,1): error TS2339: Property 'glyph' does not exist on type 'JSX.IntrinsicElements'.
src/icons/Fonts/khand/KhandSemibold.tsx(24,1): error TS2339: Property 'glyph' does not exist on type 'JSX.IntrinsicElements'.
src/icons/Fonts/khand/KhandSemibold.tsx(25,1): error TS2339: Property 'glyph' does not exist on type 'JSX.IntrinsicElements'.
src/icons/Fonts/khand/KhandSemibold.tsx(27,1): error TS2339: Property 'glyph' does not exist on type 'JSX.IntrinsicElements'.
src/icons/Fonts/khand/KhandSemibold.tsx(28,1): error TS2339: Property 'glyph' does not exist on type 'JSX.IntrinsicElements'.
src/icons/Fonts/khand/KhandSemibold.tsx(29,1): error TS2339: Property 'glyph' does not exist on type 'JSX.IntrinsicElements'.
src/icons/Fonts/khand/KhandSemibold.tsx(30,1): error TS2339: Property 'glyph' does not exist on type 'JSX.IntrinsicElements'.
src/icons/Fonts/khand/KhandSemibold.tsx(31,1): error TS2339: Property 'glyph' does not exist on type 'JSX.IntrinsicElements'.
src/icons/Fonts/khand/KhandSemibold.tsx(32,1): error TS2339: Property 'glyph' does not exist on type 'JSX.IntrinsicElements'.
src/icons/Fonts/khand/KhandSemibold.tsx(33,1): error TS2339: Property 'glyph' does not exist on type 'JSX.IntrinsicElements'.
src/icons/Fonts/khand/KhandSemibold.tsx(34,1): error TS2339: Property 'glyph' does not exist on type 'JSX.IntrinsicElements'.
src/icons/Fonts/khand/KhandSemibold.tsx(36,1): error TS2339: Property 'glyph' does not exist on type 'JSX.IntrinsicElements'.
src/icons/Fonts/khand/KhandSemibold.tsx(38,1): error TS2339: Property 'glyph' does not exist on type 'JSX.IntrinsicElements'.
src/icons/Fonts/khand/KhandSemibold.tsx(39,1): error TS2339: Property 'glyph' does not exist on type 'JSX.IntrinsicElements'.
src/icons/Fonts/khand/KhandSemibold.tsx(40,1): error TS2339: Property 'glyph' does not exist on type 'JSX.IntrinsicElements'.
src/icons/Fonts/khand/KhandSemibold.tsx(42,1): error TS2339: Property 'glyph' does not exist on type 'JSX.IntrinsicElements'.
src/icons/Fonts/khand/KhandSemibold.tsx(43,1): error TS2339: Property 'glyph' does not exist on type 'JSX.IntrinsicElements'.
src/icons/Fonts/khand/KhandSemibold.tsx(45,1): error TS2339: Property 'glyph' does not exist on type 'JSX.IntrinsicElements'.
src/icons/Fonts/khand/KhandSemibold.tsx(47,1): error TS2339: Property 'glyph' does not exist on type 'JSX.IntrinsicElements'.
src/icons/Fonts/khand/KhandSemibold.tsx(48,1): error TS2339: Property 'glyph' does not exist on type 'JSX.IntrinsicElements'.
src/icons/Fonts/khand/KhandSemibold.tsx(49,1): error TS2339: Property 'glyph' does not exist on type 'JSX.IntrinsicElements'.
src/icons/Fonts/khand/KhandSemibold.tsx(50,1): error TS2339: Property 'glyph' does not exist on type 'JSX.IntrinsicElements'.
src/icons/Fonts/khand/KhandSemibold.tsx(51,1): error TS2339: Property 'glyph' does not exist on type 'JSX.IntrinsicElements'.
src/icons/Fonts/khand/KhandSemibold.tsx(52,1): error TS2339: Property 'glyph' does not exist on type 'JSX.IntrinsicElements'.
src/icons/Fonts/khand/KhandSemibold.tsx(53,1): error TS2339: Property 'glyph' does not exist on type 'JSX.IntrinsicElements'.
src/icons/Fonts/khand/KhandSemibold.tsx(56,1): error TS2339: Property 'glyph' does not exist on type 'JSX.IntrinsicElements'.
src/icons/Fonts/khand/KhandSemibold.tsx(57,1): error TS2339: Property 'glyph' does not exist on type 'JSX.IntrinsicElements'.
src/icons/Fonts/khand/KhandSemibold.tsx(59,1): error TS2339: Property 'glyph' does not exist on type 'JSX.IntrinsicElements'.
src/icons/Fonts/khand/KhandSemibold.tsx(60,1): error TS2339: Property 'glyph' does not exist on type 'JSX.IntrinsicElements'.
src/icons/Fonts/khand/KhandSemibold.tsx(61,1): error TS2339: Property 'glyph' does not exist on type 'JSX.IntrinsicElements'.
src/icons/Fonts/khand/KhandSemibold.tsx(62,1): error TS2339: Property 'glyph' does not exist on type 'JSX.IntrinsicElements'.
src/icons/Fonts/khand/KhandSemibold.tsx(63,1): error TS2339: Property 'glyph' does not exist on type 'JSX.IntrinsicElements'.
src/icons/Fonts/khand/KhandSemibold.tsx(64,1): error TS2339: Property 'glyph' does not exist on type 'JSX.IntrinsicElements'.
src/icons/Fonts/khand/KhandSemibold.tsx(65,1): error TS2339: Property 'glyph' does not exist on type 'JSX.IntrinsicElements'.
src/icons/Fonts/khand/KhandSemibold.tsx(66,1): error TS2339: Property 'glyph' does not exist on type 'JSX.IntrinsicElements'.
src/icons/Fonts/khand/KhandSemibold.tsx(67,1): error TS2339: Property 'glyph' does not exist on type 'JSX.IntrinsicElements'.
src/icons/Fonts/khand/KhandSemibold.tsx(68,1): error TS2339: Property 'glyph' does not exist on type 'JSX.IntrinsicElements'.
src/icons/Fonts/khand/KhandSemibold.tsx(69,1): error TS2339: Property 'glyph' does not exist on type 'JSX.IntrinsicElements'.
src/icons/Fonts/khand/KhandSemibold.tsx(70,1): error TS2339: Property 'glyph' does not exist on type 'JSX.IntrinsicElements'.
src/icons/Fonts/khand/KhandSemibold.tsx(71,1): error TS2339: Property 'glyph' does not exist on type 'JSX.IntrinsicElements'.
src/icons/Fonts/khand/KhandSemibold.tsx(72,1): error TS2339: Property 'glyph' does not exist on type 'JSX.IntrinsicElements'.
src/icons/Fonts/khand/KhandSemibold.tsx(73,1): error TS2339: Property 'glyph' does not exist on type 'JSX.IntrinsicElements'.
src/icons/Fonts/khand/KhandSemibold.tsx(74,1): error TS2339: Property 'glyph' does not exist on type 'JSX.IntrinsicElements'.
src/icons/Fonts/khand/KhandSemibold.tsx(75,1): error TS2339: Property 'glyph' does not exist on type 'JSX.IntrinsicElements'.
src/icons/Fonts/khand/KhandSemibold.tsx(77,1): error TS2339: Property 'glyph' does not exist on type 'JSX.IntrinsicElements'.
src/icons/Fonts/khand/KhandSemibold.tsx(78,1): error TS2339: Property 'glyph' does not exist on type 'JSX.IntrinsicElements'.
src/icons/Fonts/khand/KhandSemibold.tsx(79,1): error TS2339: Property 'glyph' does not exist on type 'JSX.IntrinsicElements'.
src/icons/Fonts/khand/KhandSemibold.tsx(80,1): error TS2339: Property 'glyph' does not exist on type 'JSX.IntrinsicElements'.
src/icons/Fonts/khand/KhandSemibold.tsx(81,1): error TS2339: Property 'glyph' does not exist on type 'JSX.IntrinsicElements'.
src/icons/Fonts/khand/KhandSemibold.tsx(82,1): error TS2339: Property 'glyph' does not exist on type 'JSX.IntrinsicElements'.
src/icons/Fonts/khand/KhandSemibold.tsx(83,1): error TS2339: Property 'glyph' does not exist on type 'JSX.IntrinsicElements'.
src/icons/Fonts/khand/KhandSemibold.tsx(84,1): error TS2339: Property 'glyph' does not exist on type 'JSX.IntrinsicElements'.
src/icons/Fonts/khand/KhandSemibold.tsx(85,1): error TS2339: Property 'glyph' does not exist on type 'JSX.IntrinsicElements'.
src/icons/Fonts/khand/KhandSemibold.tsx(86,1): error TS2339: Property 'glyph' does not exist on type 'JSX.IntrinsicElements'.
src/icons/Fonts/khand/KhandSemibold.tsx(87,1): error TS2339: Property 'glyph' does not exist on type 'JSX.IntrinsicElements'.
src/icons/Fonts/khand/KhandSemibold.tsx(88,1): error TS2339: Property 'glyph' does not exist on type 'JSX.IntrinsicElements'.
src/icons/Fonts/khand/KhandSemibold.tsx(89,1): error TS2339: Property 'glyph' does not exist on type 'JSX.IntrinsicElements'.
src/icons/Fonts/khand/KhandSemibold.tsx(90,1): error TS2339: Property 'glyph' does not exist on type 'JSX.IntrinsicElements'.
src/icons/Fonts/khand/KhandSemibold.tsx(92,1): error TS2339: Property 'glyph' does not exist on type 'JSX.IntrinsicElements'.
src/icons/Fonts/khand/KhandSemibold.tsx(93,1): error TS2339: Property 'glyph' does not exist on type 'JSX.IntrinsicElements'.
src/icons/Fonts/khand/KhandSemibold.tsx(94,1): error TS2339: Property 'glyph' does not exist on type 'JSX.IntrinsicElements'.
src/icons/Fonts/khand/KhandSemibold.tsx(95,1): error TS2339: Property 'glyph' does not exist on type 'JSX.IntrinsicElements'.
src/icons/Fonts/khand/KhandSemibold.tsx(96,1): error TS2339: Property 'glyph' does not exist on type 'JSX.IntrinsicElements'.
src/icons/Fonts/khand/KhandSemibold.tsx(97,1): error TS2339: Property 'glyph' does not exist on type 'JSX.IntrinsicElements'.
src/icons/Fonts/khand/KhandSemibold.tsx(99,1): error TS2339: Property 'glyph' does not exist on type 'JSX.IntrinsicElements'.
src/icons/Fonts/khand/KhandSemibold.tsx(100,1): error TS2339: Property 'glyph' does not exist on type 'JSX.IntrinsicElements'.
src/icons/Fonts/khand/KhandSemibold.tsx(101,1): error TS2339: Property 'glyph' does not exist on type 'JSX.IntrinsicElements'.
src/icons/Fonts/khand/KhandSemibold.tsx(102,1): error TS2339: Property 'glyph' does not exist on type 'JSX.IntrinsicElements'.
src/icons/Fonts/khand/KhandSemibold.tsx(103,1): error TS2339: Property 'glyph' does not exist on type 'JSX.IntrinsicElements'.
src/icons/Fonts/khand/KhandSemibold.tsx(104,1): error TS2339: Property 'glyph' does not exist on type 'JSX.IntrinsicElements'.
src/icons/Fonts/khand/KhandSemibold.tsx(105,1): error TS2339: Property 'glyph' does not exist on type 'JSX.IntrinsicElements'.
src/icons/Fonts/khand/KhandSemibold.tsx(106,1): error TS2339: Property 'glyph' does not exist on type 'JSX.IntrinsicElements'.
src/icons/Fonts/khand/KhandSemibold.tsx(107,1): error TS2339: Property 'glyph' does not exist on type 'JSX.IntrinsicElements'.
src/icons/Fonts/khand/KhandSemibold.tsx(108,1): error TS2339: Property 'glyph' does not exist on type 'JSX.IntrinsicElements'.
src/icons/Fonts/khand/KhandSemibold.tsx(109,1): error TS2339: Property 'glyph' does not exist on type 'JSX.IntrinsicElements'.
src/icons/Fonts/khand/KhandSemibold.tsx(110,1): error TS2339: Property 'glyph' does not exist on type 'JSX.IntrinsicElements'.
src/icons/Fonts/khand/KhandSemibold.tsx(112,1): error TS2339: Property 'glyph' does not exist on type 'JSX.IntrinsicElements'.
src/icons/Fonts/khand/KhandSemibold.tsx(113,1): error TS2339: Property 'glyph' does not exist on type 'JSX.IntrinsicElements'.
src/icons/Fonts/khand/KhandSemibold.tsx(114,1): error TS2339: Property 'glyph' does not exist on type 'JSX.IntrinsicElements'.
src/icons/Fonts/khand/KhandSemibold.tsx(115,1): error TS2339: Property 'glyph' does not exist on type 'JSX.IntrinsicElements'.
src/icons/Fonts/khand/KhandSemibold.tsx(116,1): error TS2339: Property 'glyph' does not exist on type 'JSX.IntrinsicElements'.
src/icons/Fonts/khand/KhandSemibold.tsx(117,1): error TS2339: Property 'glyph' does not exist on type 'JSX.IntrinsicElements'.
src/icons/Fonts/khand/KhandSemibold.tsx(118,1): error TS2339: Property 'glyph' does not exist on type 'JSX.IntrinsicElements'.
src/icons/Fonts/khand/KhandSemibold.tsx(119,1): error TS2339: Property 'glyph' does not exist on type 'JSX.IntrinsicElements'.
src/icons/Fonts/khand/KhandSemibold.tsx(121,1): error TS2339: Property 'glyph' does not exist on type 'JSX.IntrinsicElements'.
src/icons/Fonts/khand/KhandSemibold.tsx(122,1): error TS2339: Property 'glyph' does not exist on type 'JSX.IntrinsicElements'.
src/icons/Fonts/khand/KhandSemibold.tsx(124,1): error TS2339: Property 'glyph' does not exist on type 'JSX.IntrinsicElements'.
src/icons/Fonts/khand/KhandSemibold.tsx(125,1): error TS2339: Property 'glyph' does not exist on type 'JSX.IntrinsicElements'.
src/icons/Fonts/khand/KhandSemibold.tsx(126,1): error TS2339: Property 'glyph' does not exist on type 'JSX.IntrinsicElements'.
src/icons/Fonts/khand/KhandSemibold.tsx(127,1): error TS2339: Property 'glyph' does not exist on type 'JSX.IntrinsicElements'.
src/icons/Fonts/khand/KhandSemibold.tsx(128,1): error TS2339: Property 'glyph' does not exist on type 'JSX.IntrinsicElements'.
src/icons/Fonts/khand/KhandSemibold.tsx(130,1): error TS2339: Property 'glyph' does not exist on type 'JSX.IntrinsicElements'.
src/icons/Fonts/khand/KhandSemibold.tsx(132,1): error TS2339: Property 'glyph' does not exist on type 'JSX.IntrinsicElements'.
src/icons/Fonts/khand/KhandSemibold.tsx(133,1): error TS2339: Property 'glyph' does not exist on type 'JSX.IntrinsicElements'.
src/icons/Fonts/khand/KhandSemibold.tsx(134,1): error TS2339: Property 'glyph' does not exist on type 'JSX.IntrinsicElements'.
src/icons/Fonts/khand/KhandSemibold.tsx(136,1): error TS2339: Property 'glyph' does not exist on type 'JSX.IntrinsicElements'.
src/icons/Fonts/khand/KhandSemibold.tsx(137,1): error TS2339: Property 'glyph' does not exist on type 'JSX.IntrinsicElements'.
src/icons/Fonts/khand/KhandSemibold.tsx(140,1): error TS2339: Property 'glyph' does not exist on type 'JSX.IntrinsicElements'.
src/icons/Fonts/khand/KhandSemibold.tsx(142,1): error TS2339: Property 'glyph' does not exist on type 'JSX.IntrinsicElements'.
src/icons/Fonts/khand/KhandSemibold.tsx(143,1): error TS2339: Property 'glyph' does not exist on type 'JSX.IntrinsicElements'.
src/icons/Fonts/khand/KhandSemibold.tsx(144,1): error TS2339: Property 'glyph' does not exist on type 'JSX.IntrinsicElements'.
src/icons/Fonts/khand/KhandSemibold.tsx(145,1): error TS2339: Property 'glyph' does not exist on type 'JSX.IntrinsicElements'.
src/icons/Fonts/khand/KhandSemibold.tsx(147,1): error TS2339: Property 'glyph' does not exist on type 'JSX.IntrinsicElements'.
src/icons/Fonts/khand/KhandSemibold.tsx(148,1): error TS2339: Property 'glyph' does not exist on type 'JSX.IntrinsicElements'.
src/icons/Fonts/khand/KhandSemibold.tsx(149,1): error TS2339: Property 'glyph' does not exist on type 'JSX.IntrinsicElements'.
src/icons/Fonts/khand/KhandSemibold.tsx(150,1): error TS2339: Property 'glyph' does not exist on type 'JSX.IntrinsicElements'.
src/icons/Fonts/khand/KhandSemibold.tsx(152,1): error TS2339: Property 'glyph' does not exist on type 'JSX.IntrinsicElements'.
src/icons/Fonts/khand/KhandSemibold.tsx(154,1): error TS2339: Property 'glyph' does not exist on type 'JSX.IntrinsicElements'.
src/icons/Fonts/khand/KhandSemibold.tsx(155,1): error TS2339: Property 'glyph' does not exist on type 'JSX.IntrinsicElements'.
src/icons/Fonts/khand/KhandSemibold.tsx(156,1): error TS2339: Property 'glyph' does not exist on type 'JSX.IntrinsicElements'.
src/icons/Fonts/khand/KhandSemibold.tsx(157,1): error TS2339: Property 'glyph' does not exist on type 'JSX.IntrinsicElements'.
src/icons/Fonts/khand/KhandSemibold.tsx(158,1): error TS2339: Property 'glyph' does not exist on type 'JSX.IntrinsicElements'.
src/icons/Fonts/khand/KhandSemibold.tsx(159,1): error TS2339: Property 'glyph' does not exist on type 'JSX.IntrinsicElements'.
src/icons/Fonts/khand/KhandSemibold.tsx(160,1): error TS2339: Property 'glyph' does not exist on type 'JSX.IntrinsicElements'.
src/icons/Fonts/khand/KhandSemibold.tsx(161,1): error TS2339: Property 'glyph' does not exist on type 'JSX.IntrinsicElements'.
src/icons/Fonts/khand/KhandSemibold.tsx(162,1): error TS2339: Property 'glyph' does not exist on type 'JSX.IntrinsicElements'.
src/icons/Fonts/khand/KhandSemibold.tsx(163,1): error TS2339: Property 'glyph' does not exist on type 'JSX.IntrinsicElements'.
src/icons/Fonts/khand/KhandSemibold.tsx(165,1): error TS2339: Property 'glyph' does not exist on type 'JSX.IntrinsicElements'.
src/icons/Fonts/khand/KhandSemibold.tsx(167,1): error TS2339: Property 'glyph' does not exist on type 'JSX.IntrinsicElements'.
src/icons/Fonts/khand/KhandSemibold.tsx(169,1): error TS2339: Property 'glyph' does not exist on type 'JSX.IntrinsicElements'.
src/icons/Fonts/khand/KhandSemibold.tsx(170,1): error TS2339: Property 'glyph' does not exist on type 'JSX.IntrinsicElements'.
src/icons/Fonts/khand/KhandSemibold.tsx(171,1): error TS2339: Property 'glyph' does not exist on type 'JSX.IntrinsicElements'.
src/icons/Fonts/khand/KhandSemibold.tsx(172,1): error TS2339: Property 'glyph' does not exist on type 'JSX.IntrinsicElements'.
src/icons/Fonts/khand/KhandSemibold.tsx(174,1): error TS2339: Property 'glyph' does not exist on type 'JSX.IntrinsicElements'.
src/icons/Fonts/khand/KhandSemibold.tsx(175,1): error TS2339: Property 'glyph' does not exist on type 'JSX.IntrinsicElements'.
src/icons/Fonts/khand/KhandSemibold.tsx(177,1): error TS2339: Property 'glyph' does not exist on type 'JSX.IntrinsicElements'.
src/icons/Fonts/khand/KhandSemibold.tsx(178,1): error TS2339: Property 'glyph' does not exist on type 'JSX.IntrinsicElements'.
src/icons/Fonts/khand/KhandSemibold.tsx(180,1): error TS2339: Property 'glyph' does not exist on type 'JSX.IntrinsicElements'.
src/icons/Fonts/khand/KhandSemibold.tsx(181,1): error TS2339: Property 'glyph' does not exist on type 'JSX.IntrinsicElements'.
src/icons/Fonts/khand/KhandSemibold.tsx(182,1): error TS2339: Property 'glyph' does not exist on type 'JSX.IntrinsicElements'.
src/icons/Fonts/khand/KhandSemibold.tsx(183,1): error TS2339: Property 'glyph' does not exist on type 'JSX.IntrinsicElements'.
src/icons/Fonts/khand/KhandSemibold.tsx(184,1): error TS2339: Property 'glyph' does not exist on type 'JSX.IntrinsicElements'.
src/icons/Fonts/khand/KhandSemibold.tsx(185,1): error TS2339: Property 'glyph' does not exist on type 'JSX.IntrinsicElements'.
src/icons/Fonts/khand/KhandSemibold.tsx(186,1): error TS2339: Property 'glyph' does not exist on type 'JSX.IntrinsicElements'.
src/icons/Fonts/khand/KhandSemibold.tsx(187,1): error TS2339: Property 'glyph' does not exist on type 'JSX.IntrinsicElements'.
src/icons/Fonts/khand/KhandSemibold.tsx(188,1): error TS2339: Property 'glyph' does not exist on type 'JSX.IntrinsicElements'.
src/icons/Fonts/khand/KhandSemibold.tsx(189,1): error TS2339: Property 'glyph' does not exist on type 'JSX.IntrinsicElements'.
src/icons/Fonts/khand/KhandSemibold.tsx(191,1): error TS2339: Property 'glyph' does not exist on type 'JSX.IntrinsicElements'.
src/icons/Fonts/khand/KhandSemibold.tsx(192,1): error TS2339: Property 'glyph' does not exist on type 'JSX.IntrinsicElements'.
src/icons/Fonts/khand/KhandSemibold.tsx(193,1): error TS2339: Property 'glyph' does not exist on type 'JSX.IntrinsicElements'.
src/icons/Fonts/khand/KhandSemibold.tsx(195,1): error TS2339: Property 'glyph' does not exist on type 'JSX.IntrinsicElements'.
src/icons/Fonts/khand/KhandSemibold.tsx(197,1): error TS2339: Property 'glyph' does not exist on type 'JSX.IntrinsicElements'.
src/icons/Fonts/khand/KhandSemibold.tsx(199,1): error TS2339: Property 'glyph' does not exist on type 'JSX.IntrinsicElements'.
src/icons/Fonts/khand/KhandSemibold.tsx(200,1): error TS2339: Property 'glyph' does not exist on type 'JSX.IntrinsicElements'.
src/icons/Fonts/khand/KhandSemibold.tsx(202,1): error TS2339: Property 'glyph' does not exist on type 'JSX.IntrinsicElements'.
src/icons/Fonts/khand/KhandSemibold.tsx(203,1): error TS2339: Property 'glyph' does not exist on type 'JSX.IntrinsicElements'.
src/icons/Fonts/khand/KhandSemibold.tsx(204,1): error TS2339: Property 'glyph' does not exist on type 'JSX.IntrinsicElements'.
src/icons/Fonts/khand/KhandSemibold.tsx(205,1): error TS2339: Property 'glyph' does not exist on type 'JSX.IntrinsicElements'.
src/icons/Fonts/khand/KhandSemibold.tsx(206,1): error TS2339: Property 'glyph' does not exist on type 'JSX.IntrinsicElements'.
src/icons/Fonts/khand/KhandSemibold.tsx(207,1): error TS2339: Property 'glyph' does not exist on type 'JSX.IntrinsicElements'.
src/icons/Fonts/khand/KhandSemibold.tsx(208,1): error TS2339: Property 'glyph' does not exist on type 'JSX.IntrinsicElements'.
src/icons/Fonts/khand/KhandSemibold.tsx(210,1): error TS2339: Property 'glyph' does not exist on type 'JSX.IntrinsicElements'.
src/icons/Fonts/khand/KhandSemibold.tsx(212,1): error TS2339: Property 'glyph' does not exist on type 'JSX.IntrinsicElements'.
src/icons/Fonts/khand/KhandSemibold.tsx(214,1): error TS2339: Property 'glyph' does not exist on type 'JSX.IntrinsicElements'.
src/icons/Fonts/khand/KhandSemibold.tsx(216,1): error TS2339: Property 'glyph' does not exist on type 'JSX.IntrinsicElements'.
src/icons/Fonts/khand/KhandSemibold.tsx(218,1): error TS2339: Property 'glyph' does not exist on type 'JSX.IntrinsicElements'.
src/icons/Fonts/khand/KhandSemibold.tsx(220,1): error TS2339: Property 'glyph' does not exist on type 'JSX.IntrinsicElements'.
src/icons/Fonts/khand/KhandSemibold.tsx(222,1): error TS2339: Property 'glyph' does not exist on type 'JSX.IntrinsicElements'.
src/icons/Fonts/khand/KhandSemibold.tsx(224,1): error TS2339: Property 'glyph' does not exist on type 'JSX.IntrinsicElements'.
src/icons/Fonts/khand/KhandSemibold.tsx(226,1): error TS2339: Property 'glyph' does not exist on type 'JSX.IntrinsicElements'.
src/icons/Fonts/khand/KhandSemibold.tsx(228,1): error TS2339: Property 'glyph' does not exist on type 'JSX.IntrinsicElements'.
src/icons/Fonts/khand/KhandSemibold.tsx(230,1): error TS2339: Property 'glyph' does not exist on type 'JSX.IntrinsicElements'.
src/icons/Fonts/khand/KhandSemibold.tsx(232,1): error TS2339: Property 'glyph' does not exist on type 'JSX.IntrinsicElements'.
src/icons/Fonts/khand/KhandSemibold.tsx(234,1): error TS2339: Property 'glyph' does not exist on type 'JSX.IntrinsicElements'.
src/icons/Fonts/khand/KhandSemibold.tsx(235,1): error TS2339: Property 'glyph' does not exist on type 'JSX.IntrinsicElements'.
src/icons/Fonts/khand/KhandSemibold.tsx(236,1): error TS2339: Property 'glyph' does not exist on type 'JSX.IntrinsicElements'.
src/icons/Fonts/khand/KhandSemibold.tsx(237,1): error TS2339: Property 'glyph' does not exist on type 'JSX.IntrinsicElements'.
src/icons/Fonts/khand/KhandSemibold.tsx(238,1): error TS2339: Property 'glyph' does not exist on type 'JSX.IntrinsicElements'.
src/icons/Fonts/khand/KhandSemibold.tsx(240,1): error TS2339: Property 'glyph' does not exist on type 'JSX.IntrinsicElements'.
src/icons/Fonts/khand/KhandSemibold.tsx(242,1): error TS2339: Property 'glyph' does not exist on type 'JSX.IntrinsicElements'.
src/icons/Fonts/khand/KhandSemibold.tsx(243,1): error TS2339: Property 'glyph' does not exist on type 'JSX.IntrinsicElements'.
src/icons/Fonts/khand/KhandSemibold.tsx(244,1): error TS2339: Property 'glyph' does not exist on type 'JSX.IntrinsicElements'.
src/icons/Fonts/khand/KhandSemibold.tsx(246,1): error TS2339: Property 'glyph' does not exist on type 'JSX.IntrinsicElements'.
src/icons/Fonts/khand/KhandSemibold.tsx(248,1): error TS2339: Property 'glyph' does not exist on type 'JSX.IntrinsicElements'.
src/icons/Fonts/khand/KhandSemibold.tsx(250,1): error TS2339: Property 'glyph' does not exist on type 'JSX.IntrinsicElements'.
src/icons/Fonts/khand/KhandSemibold.tsx(251,1): error TS2339: Property 'glyph' does not exist on type 'JSX.IntrinsicElements'.
src/icons/Fonts/khand/KhandSemibold.tsx(253,1): error TS2339: Property 'glyph' does not exist on type 'JSX.IntrinsicElements'.
src/icons/Fonts/khand/KhandSemibold.tsx(254,1): error TS2339: Property 'glyph' does not exist on type 'JSX.IntrinsicElements'.
src/icons/Fonts/khand/KhandSemibold.tsx(255,1): error TS2339: Property 'glyph' does not exist on type 'JSX.IntrinsicElements'.
src/icons/Fonts/khand/KhandSemibold.tsx(256,1): error TS2339: Property 'glyph' does not exist on type 'JSX.IntrinsicElements'.
src/icons/Fonts/khand/KhandSemibold.tsx(257,1): error TS2339: Property 'glyph' does not exist on type 'JSX.IntrinsicElements'.
src/icons/Fonts/khand/KhandSemibold.tsx(258,1): error TS2339: Property 'glyph' does not exist on type 'JSX.IntrinsicElements'.
src/icons/Fonts/khand/KhandSemibold.tsx(259,1): error TS2339: Property 'glyph' does not exist on type 'JSX.IntrinsicElements'.
src/icons/Fonts/khand/KhandSemibold.tsx(260,1): error TS2339: Property 'glyph' does not exist on type 'JSX.IntrinsicElements'.
src/icons/Fonts/khand/KhandSemibold.tsx(261,1): error TS2339: Property 'glyph' does not exist on type 'JSX.IntrinsicElements'.
src/icons/Fonts/khand/KhandSemibold.tsx(262,1): error TS2339: Property 'glyph' does not exist on type 'JSX.IntrinsicElements'.
src/icons/Fonts/khand/KhandSemibold.tsx(263,1): error TS2339: Property 'glyph' does not exist on type 'JSX.IntrinsicElements'.
src/icons/Fonts/khand/KhandSemibold.tsx(264,1): error TS2339: Property 'glyph' does not exist on type 'JSX.IntrinsicElements'.
src/icons/Fonts/khand/KhandSemibold.tsx(265,1): error TS2339: Property 'glyph' does not exist on type 'JSX.IntrinsicElements'.
src/icons/Fonts/khand/KhandSemibold.tsx(266,1): error TS2339: Property 'glyph' does not exist on type 'JSX.IntrinsicElements'.
src/icons/Fonts/khand/KhandSemibold.tsx(267,1): error TS2339: Property 'glyph' does not exist on type 'JSX.IntrinsicElements'.
src/icons/Fonts/khand/KhandSemibold.tsx(268,1): error TS2339: Property 'glyph' does not exist on type 'JSX.IntrinsicElements'.
src/icons/Fonts/khand/KhandSemibold.tsx(269,1): error TS2339: Property 'glyph' does not exist on type 'JSX.IntrinsicElements'.
src/icons/Fonts/khand/KhandSemibold.tsx(270,1): error TS2339: Property 'glyph' does not exist on type 'JSX.IntrinsicElements'.
src/icons/Fonts/khand/KhandSemibold.tsx(271,1): error TS2339: Property 'font' does not exist on type 'JSX.IntrinsicElements'.
src/icons/Fonts/noto-emoji/NotoEmojiBold.tsx(6,1): error TS2339: Property 'font' does not exist on type 'JSX.IntrinsicElements'.
src/icons/Fonts/noto-emoji/NotoEmojiBold.tsx(6,42): error TS2339: Property 'font-face' does not exist on type 'JSX.IntrinsicElements'.
src/icons/Fonts/noto-emoji/NotoEmojiBold.tsx(13,1): error TS2339: Property 'glyph' does not exist on type 'JSX.IntrinsicElements'.
src/icons/Fonts/noto-emoji/NotoEmojiBold.tsx(14,1): error TS2339: Property 'glyph' does not exist on type 'JSX.IntrinsicElements'.
src/icons/Fonts/noto-emoji/NotoEmojiBold.tsx(16,1): error TS2339: Property 'glyph' does not exist on type 'JSX.IntrinsicElements'.
src/icons/Fonts/noto-emoji/NotoEmojiBold.tsx(17,1): error TS2339: Property 'glyph' does not exist on type 'JSX.IntrinsicElements'.
src/icons/Fonts/noto-emoji/NotoEmojiBold.tsx(19,1): error TS2339: Property 'glyph' does not exist on type 'JSX.IntrinsicElements'.
src/icons/Fonts/noto-emoji/NotoEmojiBold.tsx(20,1): error TS2339: Property 'glyph' does not exist on type 'JSX.IntrinsicElements'.
src/icons/Fonts/noto-emoji/NotoEmojiBold.tsx(22,1): error TS2339: Property 'glyph' does not exist on type 'JSX.IntrinsicElements'.
src/icons/Fonts/noto-emoji/NotoEmojiBold.tsx(24,1): error TS2339: Property 'glyph' does not exist on type 'JSX.IntrinsicElements'.
src/icons/Fonts/noto-emoji/NotoEmojiBold.tsx(25,1): error TS2339: Property 'glyph' does not exist on type 'JSX.IntrinsicElements'.
src/icons/Fonts/noto-emoji/NotoEmojiBold.tsx(27,1): error TS2339: Property 'glyph' does not exist on type 'JSX.IntrinsicElements'.
src/icons/Fonts/noto-emoji/NotoEmojiBold.tsx(29,1): error TS2339: Property 'glyph' does not exist on type 'JSX.IntrinsicElements'.
src/icons/Fonts/noto-emoji/NotoEmojiBold.tsx(30,1): error TS2339: Property 'glyph' does not exist on type 'JSX.IntrinsicElements'.
src/icons/Fonts/noto-emoji/NotoEmojiBold.tsx(33,1): error TS2339: Property 'glyph' does not exist on type 'JSX.IntrinsicElements'.
src/icons/Fonts/noto-emoji/NotoEmojiBold.tsx(35,1): error TS2339: Property 'glyph' does not exist on type 'JSX.IntrinsicElements'.
src/icons/Fonts/noto-emoji/NotoEmojiBold.tsx(38,1): error TS2339: Property 'glyph' does not exist on type 'JSX.IntrinsicElements'.
src/icons/Fonts/noto-emoji/NotoEmojiBold.tsx(41,1): error TS2339: Property 'font' does not exist on type 'JSX.IntrinsicElements'.
src/icons/Fonts/pacifico/PacificoRegular.tsx(6,1): error TS2339: Property 'font' does not exist on type 'JSX.IntrinsicElements'.
src/icons/Fonts/pacifico/PacificoRegular.tsx(6,40): error TS2339: Property 'font-face' does not exist on type 'JSX.IntrinsicElements'.
src/icons/Fonts/pacifico/PacificoRegular.tsx(13,1): error TS2339: Property 'glyph' does not exist on type 'JSX.IntrinsicElements'.
src/icons/Fonts/pacifico/PacificoRegular.tsx(14,1): error TS2339: Property 'glyph' does not exist on type 'JSX.IntrinsicElements'.
src/icons/Fonts/pacifico/PacificoRegular.tsx(16,1): error TS2339: Property 'glyph' does not exist on type 'JSX.IntrinsicElements'.
src/icons/Fonts/pacifico/PacificoRegular.tsx(18,1): error TS2339: Property 'glyph' does not exist on type 'JSX.IntrinsicElements'.
src/icons/Fonts/pacifico/PacificoRegular.tsx(21,1): error TS2339: Property 'glyph' does not exist on type 'JSX.IntrinsicElements'.
src/icons/Fonts/pacifico/PacificoRegular.tsx(24,1): error TS2339: Property 'glyph' does not exist on type 'JSX.IntrinsicElements'.
src/icons/Fonts/pacifico/PacificoRegular.tsx(28,1): error TS2339: Property 'glyph' does not exist on type 'JSX.IntrinsicElements'.
src/icons/Fonts/pacifico/PacificoRegular.tsx(31,1): error TS2339: Property 'glyph' does not exist on type 'JSX.IntrinsicElements'.
src/icons/Fonts/pacifico/PacificoRegular.tsx(32,1): error TS2339: Property 'glyph' does not exist on type 'JSX.IntrinsicElements'.
src/icons/Fonts/pacifico/PacificoRegular.tsx(34,1): error TS2339: Property 'glyph' does not exist on type 'JSX.IntrinsicElements'.
src/icons/Fonts/pacifico/PacificoRegular.tsx(36,1): error TS2339: Property 'glyph' does not exist on type 'JSX.IntrinsicElements'.
src/icons/Fonts/pacifico/PacificoRegular.tsx(39,1): error TS2339: Property 'glyph' does not exist on type 'JSX.IntrinsicElements'.
src/icons/Fonts/pacifico/PacificoRegular.tsx(41,1): error TS2339: Property 'glyph' does not exist on type 'JSX.IntrinsicElements'.
src/icons/Fonts/pacifico/PacificoRegular.tsx(42,1): error TS2339: Property 'glyph' does not exist on type 'JSX.IntrinsicElements'.
src/icons/Fonts/pacifico/PacificoRegular.tsx(43,1): error TS2339: Property 'glyph' does not exist on type 'JSX.IntrinsicElements'.
src/icons/Fonts/pacifico/PacificoRegular.tsx(44,1): error TS2339: Property 'glyph' does not exist on type 'JSX.IntrinsicElements'.
src/icons/Fonts/pacifico/PacificoRegular.tsx(45,1): error TS2339: Property 'glyph' does not exist on type 'JSX.IntrinsicElements'.
src/icons/Fonts/pacifico/PacificoRegular.tsx(47,1): error TS2339: Property 'glyph' does not exist on type 'JSX.IntrinsicElements'.
src/icons/Fonts/pacifico/PacificoRegular.tsx(49,1): error TS2339: Property 'glyph' does not exist on type 'JSX.IntrinsicElements'.
src/icons/Fonts/pacifico/PacificoRegular.tsx(51,1): error TS2339: Property 'glyph' does not exist on type 'JSX.IntrinsicElements'.
src/icons/Fonts/pacifico/PacificoRegular.tsx(54,1): error TS2339: Property 'glyph' does not exist on type 'JSX.IntrinsicElements'.
src/icons/Fonts/pacifico/PacificoRegular.tsx(56,1): error TS2339: Property 'glyph' does not exist on type 'JSX.IntrinsicElements'.
src/icons/Fonts/pacifico/PacificoRegular.tsx(59,1): error TS2339: Property 'glyph' does not exist on type 'JSX.IntrinsicElements'.
src/icons/Fonts/pacifico/PacificoRegular.tsx(61,1): error TS2339: Property 'glyph' does not exist on type 'JSX.IntrinsicElements'.
src/icons/Fonts/pacifico/PacificoRegular.tsx(63,1): error TS2339: Property 'glyph' does not exist on type 'JSX.IntrinsicElements'.
src/icons/Fonts/pacifico/PacificoRegular.tsx(65,1): error TS2339: Property 'glyph' does not exist on type 'JSX.IntrinsicElements'.
src/icons/Fonts/pacifico/PacificoRegular.tsx(67,1): error TS2339: Property 'glyph' does not exist on type 'JSX.IntrinsicElements'.
src/icons/Fonts/pacifico/PacificoRegular.tsx(69,1): error TS2339: Property 'glyph' does not exist on type 'JSX.IntrinsicElements'.
src/icons/Fonts/pacifico/PacificoRegular.tsx(71,1): error TS2339: Property 'glyph' does not exist on type 'JSX.IntrinsicElements'.
src/icons/Fonts/pacifico/PacificoRegular.tsx(73,1): error TS2339: Property 'glyph' does not exist on type 'JSX.IntrinsicElements'.
src/icons/Fonts/pacifico/PacificoRegular.tsx(75,1): error TS2339: Property 'glyph' does not exist on type 'JSX.IntrinsicElements'.
src/icons/Fonts/pacifico/PacificoRegular.tsx(77,1): error TS2339: Property 'glyph' does not exist on type 'JSX.IntrinsicElements'.
src/icons/Fonts/pacifico/PacificoRegular.tsx(80,1): error TS2339: Property 'glyph' does not exist on type 'JSX.IntrinsicElements'.
src/icons/Fonts/pacifico/PacificoRegular.tsx(84,1): error TS2339: Property 'glyph' does not exist on type 'JSX.IntrinsicElements'.
src/icons/Fonts/pacifico/PacificoRegular.tsx(87,1): error TS2339: Property 'glyph' does not exist on type 'JSX.IntrinsicElements'.
src/icons/Fonts/pacifico/PacificoRegular.tsx(90,1): error TS2339: Property 'glyph' does not exist on type 'JSX.IntrinsicElements'.
src/icons/Fonts/pacifico/PacificoRegular.tsx(92,1): error TS2339: Property 'glyph' does not exist on type 'JSX.IntrinsicElements'.
src/icons/Fonts/pacifico/PacificoRegular.tsx(94,1): error TS2339: Property 'glyph' does not exist on type 'JSX.IntrinsicElements'.
src/icons/Fonts/pacifico/PacificoRegular.tsx(97,1): error TS2339: Property 'glyph' does not exist on type 'JSX.IntrinsicElements'.
src/icons/Fonts/pacifico/PacificoRegular.tsx(100,1): error TS2339: Property 'glyph' does not exist on type 'JSX.IntrinsicElements'.
src/icons/Fonts/pacifico/PacificoRegular.tsx(104,1): error TS2339: Property 'glyph' does not exist on type 'JSX.IntrinsicElements'.
src/icons/Fonts/pacifico/PacificoRegular.tsx(108,1): error TS2339: Property 'glyph' does not exist on type 'JSX.IntrinsicElements'.
src/icons/Fonts/pacifico/PacificoRegular.tsx(110,1): error TS2339: Property 'glyph' does not exist on type 'JSX.IntrinsicElements'.
src/icons/Fonts/pacifico/PacificoRegular.tsx(112,1): error TS2339: Property 'glyph' does not exist on type 'JSX.IntrinsicElements'.
src/icons/Fonts/pacifico/PacificoRegular.tsx(116,1): error TS2339: Property 'glyph' does not exist on type 'JSX.IntrinsicElements'.
src/icons/Fonts/pacifico/PacificoRegular.tsx(119,1): error TS2339: Property 'glyph' does not exist on type 'JSX.IntrinsicElements'.
src/icons/Fonts/pacifico/PacificoRegular.tsx(123,1): error TS2339: Property 'glyph' does not exist on type 'JSX.IntrinsicElements'.
src/icons/Fonts/pacifico/PacificoRegular.tsx(126,1): error TS2339: Property 'glyph' does not exist on type 'JSX.IntrinsicElements'.
src/icons/Fonts/pacifico/PacificoRegular.tsx(128,1): error TS2339: Property 'glyph' does not exist on type 'JSX.IntrinsicElements'.
src/icons/Fonts/pacifico/PacificoRegular.tsx(131,1): error TS2339: Property 'glyph' does not exist on type 'JSX.IntrinsicElements'.
src/icons/Fonts/pacifico/PacificoRegular.tsx(134,1): error TS2339: Property 'glyph' does not exist on type 'JSX.IntrinsicElements'.
src/icons/Fonts/pacifico/PacificoRegular.tsx(138,1): error TS2339: Property 'glyph' does not exist on type 'JSX.IntrinsicElements'.
src/icons/Fonts/pacifico/PacificoRegular.tsx(141,1): error TS2339: Property 'glyph' does not exist on type 'JSX.IntrinsicElements'.
src/icons/Fonts/pacifico/PacificoRegular.tsx(144,1): error TS2339: Property 'glyph' does not exist on type 'JSX.IntrinsicElements'.
src/icons/Fonts/pacifico/PacificoRegular.tsx(147,1): error TS2339: Property 'glyph' does not exist on type 'JSX.IntrinsicElements'.
src/icons/Fonts/pacifico/PacificoRegular.tsx(150,1): error TS2339: Property 'glyph' does not exist on type 'JSX.IntrinsicElements'.
src/icons/Fonts/pacifico/PacificoRegular.tsx(154,1): error TS2339: Property 'glyph' does not exist on type 'JSX.IntrinsicElements'.
src/icons/Fonts/pacifico/PacificoRegular.tsx(157,1): error TS2339: Property 'glyph' does not exist on type 'JSX.IntrinsicElements'.
src/icons/Fonts/pacifico/PacificoRegular.tsx(161,1): error TS2339: Property 'glyph' does not exist on type 'JSX.IntrinsicElements'.
src/icons/Fonts/pacifico/PacificoRegular.tsx(164,1): error TS2339: Property 'glyph' does not exist on type 'JSX.IntrinsicElements'.
src/icons/Fonts/pacifico/PacificoRegular.tsx(166,1): error TS2339: Property 'glyph' does not exist on type 'JSX.IntrinsicElements'.
src/icons/Fonts/pacifico/PacificoRegular.tsx(167,1): error TS2339: Property 'glyph' does not exist on type 'JSX.IntrinsicElements'.
src/icons/Fonts/pacifico/PacificoRegular.tsx(169,1): error TS2339: Property 'glyph' does not exist on type 'JSX.IntrinsicElements'.
src/icons/Fonts/pacifico/PacificoRegular.tsx(171,1): error TS2339: Property 'glyph' does not exist on type 'JSX.IntrinsicElements'.
src/icons/Fonts/pacifico/PacificoRegular.tsx(172,1): error TS2339: Property 'glyph' does not exist on type 'JSX.IntrinsicElements'.
src/icons/Fonts/pacifico/PacificoRegular.tsx(173,1): error TS2339: Property 'glyph' does not exist on type 'JSX.IntrinsicElements'.
src/icons/Fonts/pacifico/PacificoRegular.tsx(175,1): error TS2339: Property 'glyph' does not exist on type 'JSX.IntrinsicElements'.
src/icons/Fonts/pacifico/PacificoRegular.tsx(178,1): error TS2339: Property 'glyph' does not exist on type 'JSX.IntrinsicElements'.
src/icons/Fonts/pacifico/PacificoRegular.tsx(180,1): error TS2339: Property 'glyph' does not exist on type 'JSX.IntrinsicElements'.
src/icons/Fonts/pacifico/PacificoRegular.tsx(183,1): error TS2339: Property 'glyph' does not exist on type 'JSX.IntrinsicElements'.
src/icons/Fonts/pacifico/PacificoRegular.tsx(185,1): error TS2339: Property 'glyph' does not exist on type 'JSX.IntrinsicElements'.
src/icons/Fonts/pacifico/PacificoRegular.tsx(188,1): error TS2339: Property 'glyph' does not exist on type 'JSX.IntrinsicElements'.
src/icons/Fonts/pacifico/PacificoRegular.tsx(191,1): error TS2339: Property 'glyph' does not exist on type 'JSX.IntrinsicElements'.
src/icons/Fonts/pacifico/PacificoRegular.tsx(194,1): error TS2339: Property 'glyph' does not exist on type 'JSX.IntrinsicElements'.
src/icons/Fonts/pacifico/PacificoRegular.tsx(196,1): error TS2339: Property 'glyph' does not exist on type 'JSX.IntrinsicElements'.
src/icons/Fonts/pacifico/PacificoRegular.tsx(199,1): error TS2339: Property 'glyph' does not exist on type 'JSX.IntrinsicElements'.
src/icons/Fonts/pacifico/PacificoRegular.tsx(202,1): error TS2339: Property 'glyph' does not exist on type 'JSX.IntrinsicElements'.
src/icons/Fonts/pacifico/PacificoRegular.tsx(204,1): error TS2339: Property 'glyph' does not exist on type 'JSX.IntrinsicElements'.
src/icons/Fonts/pacifico/PacificoRegular.tsx(207,1): error TS2339: Property 'glyph' does not exist on type 'JSX.IntrinsicElements'.
src/icons/Fonts/pacifico/PacificoRegular.tsx(210,1): error TS2339: Property 'glyph' does not exist on type 'JSX.IntrinsicElements'.
src/icons/Fonts/pacifico/PacificoRegular.tsx(212,1): error TS2339: Property 'glyph' does not exist on type 'JSX.IntrinsicElements'.
src/icons/Fonts/pacifico/PacificoRegular.tsx(215,1): error TS2339: Property 'glyph' does not exist on type 'JSX.IntrinsicElements'.
src/icons/Fonts/pacifico/PacificoRegular.tsx(218,1): error TS2339: Property 'glyph' does not exist on type 'JSX.IntrinsicElements'.
src/icons/Fonts/pacifico/PacificoRegular.tsx(221,1): error TS2339: Property 'glyph' does not exist on type 'JSX.IntrinsicElements'.
src/icons/Fonts/pacifico/PacificoRegular.tsx(224,1): error TS2339: Property 'glyph' does not exist on type 'JSX.IntrinsicElements'.
src/icons/Fonts/pacifico/PacificoRegular.tsx(227,1): error TS2339: Property 'glyph' does not exist on type 'JSX.IntrinsicElements'.
src/icons/Fonts/pacifico/PacificoRegular.tsx(230,1): error TS2339: Property 'glyph' does not exist on type 'JSX.IntrinsicElements'.
src/icons/Fonts/pacifico/PacificoRegular.tsx(232,1): error TS2339: Property 'glyph' does not exist on type 'JSX.IntrinsicElements'.
src/icons/Fonts/pacifico/PacificoRegular.tsx(235,1): error TS2339: Property 'glyph' does not exist on type 'JSX.IntrinsicElements'.
src/icons/Fonts/pacifico/PacificoRegular.tsx(238,1): error TS2339: Property 'glyph' does not exist on type 'JSX.IntrinsicElements'.
src/icons/Fonts/pacifico/PacificoRegular.tsx(241,1): error TS2339: Property 'glyph' does not exist on type 'JSX.IntrinsicElements'.
src/icons/Fonts/pacifico/PacificoRegular.tsx(243,1): error TS2339: Property 'glyph' does not exist on type 'JSX.IntrinsicElements'.
src/icons/Fonts/pacifico/PacificoRegular.tsx(246,1): error TS2339: Property 'glyph' does not exist on type 'JSX.IntrinsicElements'.
src/icons/Fonts/pacifico/PacificoRegular.tsx(248,1): error TS2339: Property 'glyph' does not exist on type 'JSX.IntrinsicElements'.
src/icons/Fonts/pacifico/PacificoRegular.tsx(251,1): error TS2339: Property 'glyph' does not exist on type 'JSX.IntrinsicElements'.
src/icons/Fonts/pacifico/PacificoRegular.tsx(253,1): error TS2339: Property 'glyph' does not exist on type 'JSX.IntrinsicElements'.
src/icons/Fonts/pacifico/PacificoRegular.tsx(254,1): error TS2339: Property 'glyph' does not exist on type 'JSX.IntrinsicElements'.
src/icons/Fonts/pacifico/PacificoRegular.tsx(256,1): error TS2339: Property 'glyph' does not exist on type 'JSX.IntrinsicElements'.
src/icons/Fonts/pacifico/PacificoRegular.tsx(259,1): error TS2339: Property 'glyph' does not exist on type 'JSX.IntrinsicElements'.
src/icons/Fonts/pacifico/PacificoRegular.tsx(262,1): error TS2339: Property 'glyph' does not exist on type 'JSX.IntrinsicElements'.
src/icons/Fonts/pacifico/PacificoRegular.tsx(265,1): error TS2339: Property 'glyph' does not exist on type 'JSX.IntrinsicElements'.
src/icons/Fonts/pacifico/PacificoRegular.tsx(268,1): error TS2339: Property 'glyph' does not exist on type 'JSX.IntrinsicElements'.
src/icons/Fonts/pacifico/PacificoRegular.tsx(270,1): error TS2339: Property 'glyph' does not exist on type 'JSX.IntrinsicElements'.
src/icons/Fonts/pacifico/PacificoRegular.tsx(274,1): error TS2339: Property 'glyph' does not exist on type 'JSX.IntrinsicElements'.
src/icons/Fonts/pacifico/PacificoRegular.tsx(276,1): error TS2339: Property 'glyph' does not exist on type 'JSX.IntrinsicElements'.
src/icons/Fonts/pacifico/PacificoRegular.tsx(279,1): error TS2339: Property 'glyph' does not exist on type 'JSX.IntrinsicElements'.
src/icons/Fonts/pacifico/PacificoRegular.tsx(281,1): error TS2339: Property 'glyph' does not exist on type 'JSX.IntrinsicElements'.
src/icons/Fonts/pacifico/PacificoRegular.tsx(283,1): error TS2339: Property 'glyph' does not exist on type 'JSX.IntrinsicElements'.
src/icons/Fonts/pacifico/PacificoRegular.tsx(284,1): error TS2339: Property 'glyph' does not exist on type 'JSX.IntrinsicElements'.
src/icons/Fonts/pacifico/PacificoRegular.tsx(285,1): error TS2339: Property 'glyph' does not exist on type 'JSX.IntrinsicElements'.
src/icons/Fonts/pacifico/PacificoRegular.tsx(289,1): error TS2339: Property 'glyph' does not exist on type 'JSX.IntrinsicElements'.
src/icons/Fonts/pacifico/PacificoRegular.tsx(290,1): error TS2339: Property 'glyph' does not exist on type 'JSX.IntrinsicElements'.
src/icons/Fonts/pacifico/PacificoRegular.tsx(292,1): error TS2339: Property 'glyph' does not exist on type 'JSX.IntrinsicElements'.
src/icons/Fonts/pacifico/PacificoRegular.tsx(294,1): error TS2339: Property 'glyph' does not exist on type 'JSX.IntrinsicElements'.
src/icons/Fonts/pacifico/PacificoRegular.tsx(296,1): error TS2339: Property 'glyph' does not exist on type 'JSX.IntrinsicElements'.
src/icons/Fonts/pacifico/PacificoRegular.tsx(299,1): error TS2339: Property 'glyph' does not exist on type 'JSX.IntrinsicElements'.
src/icons/Fonts/pacifico/PacificoRegular.tsx(300,1): error TS2339: Property 'glyph' does not exist on type 'JSX.IntrinsicElements'.
src/icons/Fonts/pacifico/PacificoRegular.tsx(303,1): error TS2339: Property 'glyph' does not exist on type 'JSX.IntrinsicElements'.
src/icons/Fonts/pacifico/PacificoRegular.tsx(306,1): error TS2339: Property 'glyph' does not exist on type 'JSX.IntrinsicElements'.
src/icons/Fonts/pacifico/PacificoRegular.tsx(307,1): error TS2339: Property 'glyph' does not exist on type 'JSX.IntrinsicElements'.
src/icons/Fonts/pacifico/PacificoRegular.tsx(309,1): error TS2339: Property 'glyph' does not exist on type 'JSX.IntrinsicElements'.
src/icons/Fonts/pacifico/PacificoRegular.tsx(311,1): error TS2339: Property 'glyph' does not exist on type 'JSX.IntrinsicElements'.
src/icons/Fonts/pacifico/PacificoRegular.tsx(313,1): error TS2339: Property 'glyph' does not exist on type 'JSX.IntrinsicElements'.
src/icons/Fonts/pacifico/PacificoRegular.tsx(315,1): error TS2339: Property 'glyph' does not exist on type 'JSX.IntrinsicElements'.
src/icons/Fonts/pacifico/PacificoRegular.tsx(319,1): error TS2339: Property 'glyph' does not exist on type 'JSX.IntrinsicElements'.
src/icons/Fonts/pacifico/PacificoRegular.tsx(323,1): error TS2339: Property 'glyph' does not exist on type 'JSX.IntrinsicElements'.
src/icons/Fonts/pacifico/PacificoRegular.tsx(328,1): error TS2339: Property 'glyph' does not exist on type 'JSX.IntrinsicElements'.
src/icons/Fonts/pacifico/PacificoRegular.tsx(331,1): error TS2339: Property 'glyph' does not exist on type 'JSX.IntrinsicElements'.
src/icons/Fonts/pacifico/PacificoRegular.tsx(334,1): error TS2339: Property 'glyph' does not exist on type 'JSX.IntrinsicElements'.
src/icons/Fonts/pacifico/PacificoRegular.tsx(337,1): error TS2339: Property 'glyph' does not exist on type 'JSX.IntrinsicElements'.
src/icons/Fonts/pacifico/PacificoRegular.tsx(341,1): error TS2339: Property 'glyph' does not exist on type 'JSX.IntrinsicElements'.
src/icons/Fonts/pacifico/PacificoRegular.tsx(345,1): error TS2339: Property 'glyph' does not exist on type 'JSX.IntrinsicElements'.
src/icons/Fonts/pacifico/PacificoRegular.tsx(349,1): error TS2339: Property 'glyph' does not exist on type 'JSX.IntrinsicElements'.
src/icons/Fonts/pacifico/PacificoRegular.tsx(353,1): error TS2339: Property 'glyph' does not exist on type 'JSX.IntrinsicElements'.
src/icons/Fonts/pacifico/PacificoRegular.tsx(356,1): error TS2339: Property 'glyph' does not exist on type 'JSX.IntrinsicElements'.
src/icons/Fonts/pacifico/PacificoRegular.tsx(359,1): error TS2339: Property 'glyph' does not exist on type 'JSX.IntrinsicElements'.
src/icons/Fonts/pacifico/PacificoRegular.tsx(362,1): error TS2339: Property 'glyph' does not exist on type 'JSX.IntrinsicElements'.
src/icons/Fonts/pacifico/PacificoRegular.tsx(365,1): error TS2339: Property 'glyph' does not exist on type 'JSX.IntrinsicElements'.
src/icons/Fonts/pacifico/PacificoRegular.tsx(369,1): error TS2339: Property 'glyph' does not exist on type 'JSX.IntrinsicElements'.
src/icons/Fonts/pacifico/PacificoRegular.tsx(373,1): error TS2339: Property 'glyph' does not exist on type 'JSX.IntrinsicElements'.
src/icons/Fonts/pacifico/PacificoRegular.tsx(376,1): error TS2339: Property 'glyph' does not exist on type 'JSX.IntrinsicElements'.
src/icons/Fonts/pacifico/PacificoRegular.tsx(379,1): error TS2339: Property 'glyph' does not exist on type 'JSX.IntrinsicElements'.
src/icons/Fonts/pacifico/PacificoRegular.tsx(382,1): error TS2339: Property 'glyph' does not exist on type 'JSX.IntrinsicElements'.
src/icons/Fonts/pacifico/PacificoRegular.tsx(385,1): error TS2339: Property 'glyph' does not exist on type 'JSX.IntrinsicElements'.
src/icons/Fonts/pacifico/PacificoRegular.tsx(388,1): error TS2339: Property 'glyph' does not exist on type 'JSX.IntrinsicElements'.
src/icons/Fonts/pacifico/PacificoRegular.tsx(393,1): error TS2339: Property 'glyph' does not exist on type 'JSX.IntrinsicElements'.
src/icons/Fonts/pacifico/PacificoRegular.tsx(396,1): error TS2339: Property 'glyph' does not exist on type 'JSX.IntrinsicElements'.
src/icons/Fonts/pacifico/PacificoRegular.tsx(399,1): error TS2339: Property 'glyph' does not exist on type 'JSX.IntrinsicElements'.
src/icons/Fonts/pacifico/PacificoRegular.tsx(402,1): error TS2339: Property 'glyph' does not exist on type 'JSX.IntrinsicElements'.
src/icons/Fonts/pacifico/PacificoRegular.tsx(405,1): error TS2339: Property 'glyph' does not exist on type 'JSX.IntrinsicElements'.
src/icons/Fonts/pacifico/PacificoRegular.tsx(408,1): error TS2339: Property 'glyph' does not exist on type 'JSX.IntrinsicElements'.
src/icons/Fonts/pacifico/PacificoRegular.tsx(410,1): error TS2339: Property 'glyph' does not exist on type 'JSX.IntrinsicElements'.
src/icons/Fonts/pacifico/PacificoRegular.tsx(413,1): error TS2339: Property 'glyph' does not exist on type 'JSX.IntrinsicElements'.
src/icons/Fonts/pacifico/PacificoRegular.tsx(417,1): error TS2339: Property 'glyph' does not exist on type 'JSX.IntrinsicElements'.
src/icons/Fonts/pacifico/PacificoRegular.tsx(421,1): error TS2339: Property 'glyph' does not exist on type 'JSX.IntrinsicElements'.
src/icons/Fonts/pacifico/PacificoRegular.tsx(425,1): error TS2339: Property 'glyph' does not exist on type 'JSX.IntrinsicElements'.
src/icons/Fonts/pacifico/PacificoRegular.tsx(429,1): error TS2339: Property 'glyph' does not exist on type 'JSX.IntrinsicElements'.
src/icons/Fonts/pacifico/PacificoRegular.tsx(433,1): error TS2339: Property 'glyph' does not exist on type 'JSX.IntrinsicElements'.
src/icons/Fonts/pacifico/PacificoRegular.tsx(436,1): error TS2339: Property 'glyph' does not exist on type 'JSX.IntrinsicElements'.
src/icons/Fonts/pacifico/PacificoRegular.tsx(439,1): error TS2339: Property 'glyph' does not exist on type 'JSX.IntrinsicElements'.
src/icons/Fonts/pacifico/PacificoRegular.tsx(442,1): error TS2339: Property 'glyph' does not exist on type 'JSX.IntrinsicElements'.
src/icons/Fonts/pacifico/PacificoRegular.tsx(445,1): error TS2339: Property 'glyph' does not exist on type 'JSX.IntrinsicElements'.
src/icons/Fonts/pacifico/PacificoRegular.tsx(448,1): error TS2339: Property 'glyph' does not exist on type 'JSX.IntrinsicElements'.
src/icons/Fonts/pacifico/PacificoRegular.tsx(452,1): error TS2339: Property 'glyph' does not exist on type 'JSX.IntrinsicElements'.
src/icons/Fonts/pacifico/PacificoRegular.tsx(455,1): error TS2339: Property 'glyph' does not exist on type 'JSX.IntrinsicElements'.
src/icons/Fonts/pacifico/PacificoRegular.tsx(458,1): error TS2339: Property 'glyph' does not exist on type 'JSX.IntrinsicElements'.
src/icons/Fonts/pacifico/PacificoRegular.tsx(461,1): error TS2339: Property 'glyph' does not exist on type 'JSX.IntrinsicElements'.
src/icons/Fonts/pacifico/PacificoRegular.tsx(464,1): error TS2339: Property 'glyph' does not exist on type 'JSX.IntrinsicElements'.
src/icons/Fonts/pacifico/PacificoRegular.tsx(467,1): error TS2339: Property 'glyph' does not exist on type 'JSX.IntrinsicElements'.
src/icons/Fonts/pacifico/PacificoRegular.tsx(470,1): error TS2339: Property 'glyph' does not exist on type 'JSX.IntrinsicElements'.
src/icons/Fonts/pacifico/PacificoRegular.tsx(473,1): error TS2339: Property 'glyph' does not exist on type 'JSX.IntrinsicElements'.
src/icons/Fonts/pacifico/PacificoRegular.tsx(476,1): error TS2339: Property 'glyph' does not exist on type 'JSX.IntrinsicElements'.
src/icons/Fonts/pacifico/PacificoRegular.tsx(478,1): error TS2339: Property 'glyph' does not exist on type 'JSX.IntrinsicElements'.
src/icons/Fonts/pacifico/PacificoRegular.tsx(480,1): error TS2339: Property 'glyph' does not exist on type 'JSX.IntrinsicElements'.
src/icons/Fonts/pacifico/PacificoRegular.tsx(483,1): error TS2339: Property 'glyph' does not exist on type 'JSX.IntrinsicElements'.
src/icons/Fonts/pacifico/PacificoRegular.tsx(486,1): error TS2339: Property 'glyph' does not exist on type 'JSX.IntrinsicElements'.
src/icons/Fonts/pacifico/PacificoRegular.tsx(489,1): error TS2339: Property 'glyph' does not exist on type 'JSX.IntrinsicElements'.
src/icons/Fonts/pacifico/PacificoRegular.tsx(493,1): error TS2339: Property 'glyph' does not exist on type 'JSX.IntrinsicElements'.
src/icons/Fonts/pacifico/PacificoRegular.tsx(496,1): error TS2339: Property 'glyph' does not exist on type 'JSX.IntrinsicElements'.
src/icons/Fonts/pacifico/PacificoRegular.tsx(499,1): error TS2339: Property 'glyph' does not exist on type 'JSX.IntrinsicElements'.
src/icons/Fonts/pacifico/PacificoRegular.tsx(502,1): error TS2339: Property 'glyph' does not exist on type 'JSX.IntrinsicElements'.
src/icons/Fonts/pacifico/PacificoRegular.tsx(505,1): error TS2339: Property 'glyph' does not exist on type 'JSX.IntrinsicElements'.
src/icons/Fonts/pacifico/PacificoRegular.tsx(508,1): error TS2339: Property 'glyph' does not exist on type 'JSX.IntrinsicElements'.
src/icons/Fonts/pacifico/PacificoRegular.tsx(510,1): error TS2339: Property 'glyph' does not exist on type 'JSX.IntrinsicElements'.
src/icons/Fonts/pacifico/PacificoRegular.tsx(513,1): error TS2339: Property 'glyph' does not exist on type 'JSX.IntrinsicElements'.
src/icons/Fonts/pacifico/PacificoRegular.tsx(516,1): error TS2339: Property 'glyph' does not exist on type 'JSX.IntrinsicElements'.
src/icons/Fonts/pacifico/PacificoRegular.tsx(519,1): error TS2339: Property 'glyph' does not exist on type 'JSX.IntrinsicElements'.
src/icons/Fonts/pacifico/PacificoRegular.tsx(523,1): error TS2339: Property 'glyph' does not exist on type 'JSX.IntrinsicElements'.
src/icons/Fonts/pacifico/PacificoRegular.tsx(527,1): error TS2339: Property 'glyph' does not exist on type 'JSX.IntrinsicElements'.
src/icons/Fonts/pacifico/PacificoRegular.tsx(531,1): error TS2339: Property 'glyph' does not exist on type 'JSX.IntrinsicElements'.
src/icons/Fonts/pacifico/PacificoRegular.tsx(534,1): error TS2339: Property 'glyph' does not exist on type 'JSX.IntrinsicElements'.
src/icons/Fonts/pacifico/PacificoRegular.tsx(538,1): error TS2339: Property 'glyph' does not exist on type 'JSX.IntrinsicElements'.
src/icons/Fonts/pacifico/PacificoRegular.tsx(539,1): error TS2339: Property 'glyph' does not exist on type 'JSX.IntrinsicElements'.
src/icons/Fonts/pacifico/PacificoRegular.tsx(540,1): error TS2339: Property 'glyph' does not exist on type 'JSX.IntrinsicElements'.
src/icons/Fonts/pacifico/PacificoRegular.tsx(541,1): error TS2339: Property 'glyph' does not exist on type 'JSX.IntrinsicElements'.
src/icons/Fonts/pacifico/PacificoRegular.tsx(542,1): error TS2339: Property 'glyph' does not exist on type 'JSX.IntrinsicElements'.
src/icons/Fonts/pacifico/PacificoRegular.tsx(543,1): error TS2339: Property 'glyph' does not exist on type 'JSX.IntrinsicElements'.
src/icons/Fonts/pacifico/PacificoRegular.tsx(545,1): error TS2339: Property 'glyph' does not exist on type 'JSX.IntrinsicElements'.
src/icons/Fonts/pacifico/PacificoRegular.tsx(547,1): error TS2339: Property 'glyph' does not exist on type 'JSX.IntrinsicElements'.
src/icons/Fonts/pacifico/PacificoRegular.tsx(549,1): error TS2339: Property 'glyph' does not exist on type 'JSX.IntrinsicElements'.
src/icons/Fonts/pacifico/PacificoRegular.tsx(550,1): error TS2339: Property 'glyph' does not exist on type 'JSX.IntrinsicElements'.
src/icons/Fonts/pacifico/PacificoRegular.tsx(552,1): error TS2339: Property 'glyph' does not exist on type 'JSX.IntrinsicElements'.
src/icons/Fonts/pacifico/PacificoRegular.tsx(554,1): error TS2339: Property 'font' does not exist on type 'JSX.IntrinsicElements'.
src/icons/ShadowIconsReact/index.ts(954,1): error TS2308: Module "./ShadowDirectionalIconsReact" has already exported a member named 'ArrowLong'. Consider explicitly re-exporting to resolve the ambiguity.
src/icons/ShadowIconsReact/index.ts(954,1): error TS2308: Module "./ShadowDirectionalIconsReact" has already exported a member named 'Back'. Consider explicitly re-exporting to resolve the ambiguity.
src/icons/ShadowIconsReact/index.ts(954,1): error TS2308: Module "./ShadowDirectionalIconsReact" has already exported a member named 'Backspace'. Consider explicitly re-exporting to resolve the ambiguity.
src/icons/ShadowIconsReact/index.ts(954,1): error TS2308: Module "./ShadowDirectionalIconsReact" has already exported a member named 'Chevron'. Consider explicitly re-exporting to resolve the ambiguity.
src/icons/ShadowIconsReact/index.ts(954,1): error TS2308: Module "./ShadowDirectionalIconsReact" has already exported a member named 'ChevronDown'. Consider explicitly re-exporting to resolve the ambiguity.
src/icons/ShadowIconsReact/index.ts(954,1): error TS2308: Module "./ShadowDirectionalIconsReact" has already exported a member named 'ChevronLeft'. Consider explicitly re-exporting to resolve the ambiguity.
src/icons/ShadowIconsReact/index.ts(954,1): error TS2308: Module "./ShadowDirectionalIconsReact" has already exported a member named 'ChevronUp'. Consider explicitly re-exporting to resolve the ambiguity.
src/icons/ShadowIconsReact/index.ts(954,1): error TS2308: Module "./ShadowDirectionalIconsReact" has already exported a member named 'CircledChevronDown'. Consider explicitly re-exporting to resolve the ambiguity.
src/icons/ShadowIconsReact/index.ts(954,1): error TS2308: Module "./ShadowDirectionalIconsReact" has already exported a member named 'CircledChevronLeft'. Consider explicitly re-exporting to resolve the ambiguity.
src/icons/ShadowIconsReact/index.ts(954,1): error TS2308: Module "./ShadowDirectionalIconsReact" has already exported a member named 'CircledChevronRight'. Consider explicitly re-exporting to resolve the ambiguity.
src/icons/ShadowIconsReact/index.ts(954,1): error TS2308: Module "./ShadowDirectionalIconsReact" has already exported a member named 'CircledLeft'. Consider explicitly re-exporting to resolve the ambiguity.
src/icons/ShadowIconsReact/index.ts(954,1): error TS2308: Module "./ShadowDirectionalIconsReact" has already exported a member named 'CircledPlay'. Consider explicitly re-exporting to resolve the ambiguity.
src/icons/ShadowIconsReact/index.ts(954,1): error TS2308: Module "./ShadowDirectionalIconsReact" has already exported a member named 'CircledRight2'. Consider explicitly re-exporting to resolve the ambiguity.
src/icons/ShadowIconsReact/index.ts(954,1): error TS2308: Module "./ShadowDirectionalIconsReact" has already exported a member named 'Clock'. Consider explicitly re-exporting to resolve the ambiguity.
src/icons/ShadowIconsReact/index.ts(954,1): error TS2308: Module "./ShadowDirectionalIconsReact" has already exported a member named 'Left'. Consider explicitly re-exporting to resolve the ambiguity.
src/icons/ShadowIconsReact/index.ts(954,1): error TS2308: Module "./ShadowDirectionalIconsReact" has already exported a member named 'LongArrowDown'. Consider explicitly re-exporting to resolve the ambiguity.
src/icons/ShadowIconsReact/index.ts(954,1): error TS2308: Module "./ShadowDirectionalIconsReact" has already exported a member named 'LongArrowUp'. Consider explicitly re-exporting to resolve the ambiguity.
src/icons/ShadowIconsReact/index.ts(954,1): error TS2308: Module "./ShadowDirectionalIconsReact" has already exported a member named 'Play'. Consider explicitly re-exporting to resolve the ambiguity.
src/icons/ShadowIconsReact/index.ts(954,1): error TS2308: Module "./ShadowDirectionalIconsReact" has already exported a member named 'Process'. Consider explicitly re-exporting to resolve the ambiguity.
src/icons/ShadowIconsReact/index.ts(954,1): error TS2308: Module "./ShadowDirectionalIconsReact" has already exported a member named 'Repeat'. Consider explicitly re-exporting to resolve the ambiguity.
src/icons/ShadowIconsReact/index.ts(954,1): error TS2308: Module "./ShadowDirectionalIconsReact" has already exported a member named 'Replay'. Consider explicitly re-exporting to resolve the ambiguity.
src/icons/ShadowIconsReact/index.ts(954,1): error TS2308: Module "./ShadowDirectionalIconsReact" has already exported a member named 'ReplyArrow'. Consider explicitly re-exporting to resolve the ambiguity.
src/icons/ShadowIconsReact/index.ts(954,1): error TS2308: Module "./ShadowDirectionalIconsReact" has already exported a member named 'ResizeDiagonal'. Consider explicitly re-exporting to resolve the ambiguity.
src/icons/ShadowIconsReact/index.ts(954,1): error TS2308: Module "./ShadowDirectionalIconsReact" has already exported a member named 'ResizeHorizontal'. Consider explicitly re-exporting to resolve the ambiguity.
src/icons/ShadowIconsReact/index.ts(954,1): error TS2308: Module "./ShadowDirectionalIconsReact" has already exported a member named 'ResizeVertical'. Consider explicitly re-exporting to resolve the ambiguity.
src/icons/ShadowIconsReact/index.ts(954,1): error TS2308: Module "./ShadowDirectionalIconsReact" has already exported a member named 'ResumeButton'. Consider explicitly re-exporting to resolve the ambiguity.
src/icons/ShadowIconsReact/index.ts(954,1): error TS2308: Module "./ShadowDirectionalIconsReact" has already exported a member named 'Return'. Consider explicitly re-exporting to resolve the ambiguity.
src/icons/ShadowIconsReact/index.ts(954,1): error TS2308: Module "./ShadowDirectionalIconsReact" has already exported a member named 'Right'. Consider explicitly re-exporting to resolve the ambiguity.
src/icons/ShadowIconsReact/index.ts(954,1): error TS2308: Module "./ShadowDirectionalIconsReact" has already exported a member named 'Right3'. Consider explicitly re-exporting to resolve the ambiguity.
src/icons/ShadowIconsReact/index.ts(954,1): error TS2308: Module "./ShadowDirectionalIconsReact" has already exported a member named 'Sort'. Consider explicitly re-exporting to resolve the ambiguity.
src/icons/ShadowIconsReact/index.ts(954,1): error TS2308: Module "./ShadowDirectionalIconsReact" has already exported a member named 'SortDown'. Consider explicitly re-exporting to resolve the ambiguity.
src/icons/ShadowIconsReact/index.ts(954,1): error TS2308: Module "./ShadowDirectionalIconsReact" has already exported a member named 'SortUp'. Consider explicitly re-exporting to resolve the ambiguity.
src/icons/ShadowIconsReact/index.ts(954,1): error TS2308: Module "./ShadowDirectionalIconsReact" has already exported a member named 'Split'. Consider explicitly re-exporting to resolve the ambiguity.
src/icons/ShadowIconsReact/index.ts(954,1): error TS2308: Module "./ShadowDirectionalIconsReact" has already exported a member named 'Undo'. Consider explicitly re-exporting to resolve the ambiguity.
src/icons/ShadowIconsReact/index.ts(954,1): error TS2308: Module "./ShadowDirectionalIconsReact" has already exported a member named 'Up'. Consider explicitly re-exporting to resolve the ambiguity.
src/icons/ShadowIconsReact/index.ts(956,1): error TS2308: Module "./ShadowSocialIconsReact" has already exported a member named 'Blog'. Consider explicitly re-exporting to resolve the ambiguity.
src/icons/ShadowIconsReact/index.ts(956,1): error TS2308: Module "./ShadowSocialIconsReact" has already exported a member named 'BlogFilled'. Consider explicitly re-exporting to resolve the ambiguity.
src/icons/ShadowIconsReact/index.ts(956,1): error TS2308: Module "./ShadowSocialIconsReact" has already exported a member named 'BlogOutline'. Consider explicitly re-exporting to resolve the ambiguity.
src/icons/ShadowIconsReact/index.ts(956,1): error TS2308: Module "./ShadowSocialIconsReact" has already exported a member named 'CloudCross'. Consider explicitly re-exporting to resolve the ambiguity.
src/icons/ShadowIconsReact/index.ts(956,1): error TS2308: Module "./ShadowSocialIconsReact" has already exported a member named 'CloudDatabase'. Consider explicitly re-exporting to resolve the ambiguity.
src/icons/ShadowIconsReact/index.ts(956,1): error TS2308: Module "./ShadowSocialIconsReact" has already exported a member named 'CloudIdea'. Consider explicitly re-exporting to resolve the ambiguity.
src/icons/ShadowIconsReact/index.ts(956,1): error TS2308: Module "./ShadowSocialIconsReact" has already exported a member named 'CloudLighting'. Consider explicitly re-exporting to resolve the ambiguity.
src/icons/ShadowIconsReact/index.ts(956,1): error TS2308: Module "./ShadowSocialIconsReact" has already exported a member named 'CloudLock'. Consider explicitly re-exporting to resolve the ambiguity.
src/icons/ShadowIconsReact/index.ts(956,1): error TS2308: Module "./ShadowSocialIconsReact" has already exported a member named 'CloudRefresh'. Consider explicitly re-exporting to resolve the ambiguity.
src/icons/ShadowIconsReact/index.ts(956,1): error TS2308: Module "./ShadowSocialIconsReact" has already exported a member named 'CloudSync'. Consider explicitly re-exporting to resolve the ambiguity.
src/icons/ShadowIconsReact/index.ts(958,1): error TS2308: Module "./ShadowUiIconsReact" has already exported a member named 'AddFile'. Consider explicitly re-exporting to resolve the ambiguity.
src/icons/ShadowIconsReact/index.ts(958,1): error TS2308: Module "./ShadowUiIconsReact" has already exported a member named 'AddImage'. Consider explicitly re-exporting to resolve the ambiguity.
src/icons/ShadowIconsReact/index.ts(958,1): error TS2308: Module "./ShadowUiIconsReact" has already exported a member named 'AddList'. Consider explicitly re-exporting to resolve the ambiguity.
src/icons/ShadowIconsReact/index.ts(958,1): error TS2308: Module "./ShadowUiIconsReact" has already exported a member named 'AddShoppingCart'. Consider explicitly re-exporting to resolve the ambiguity.
src/icons/ShadowIconsReact/index.ts(958,1): error TS2308: Module "./ShadowUiIconsReact" has already exported a member named 'AdministrativeTools'. Consider explicitly re-exporting to resolve the ambiguity.
src/icons/ShadowIconsReact/index.ts(958,1): error TS2308: Module "./ShadowUiIconsReact" has already exported a member named 'Answers'. Consider explicitly re-exporting to resolve the ambiguity.
src/icons/ShadowIconsReact/index.ts(958,1): error TS2308: Module "./ShadowUiIconsReact" has already exported a member named 'HealthBook'. Consider explicitly re-exporting to resolve the ambiguity.
src/icons/ShadowIconsReact/index.ts(958,1): error TS2308: Module "./ShadowUiIconsReact" has already exported a member named 'Help'. Consider explicitly re-exporting to resolve the ambiguity.
src/icons/ShadowIconsReact/index.ts(958,1): error TS2308: Module "./ShadowUiIconsReact" has already exported a member named 'Hibernate'. Consider explicitly re-exporting to resolve the ambiguity.
src/icons/ShadowIconsReact/index.ts(958,1): error TS2308: Module "./ShadowUiIconsReact" has already exported a member named 'HighPriority'. Consider explicitly re-exporting to resolve the ambiguity.
src/icons/ShadowIconsReact/index.ts(958,1): error TS2308: Module "./ShadowUiIconsReact" has already exported a member named 'HomeAutomation'. Consider explicitly re-exporting to resolve the ambiguity.
src/icons/ShadowIconsReact/index.ts(958,1): error TS2308: Module "./ShadowUiIconsReact" has already exported a member named 'Hospital'. Consider explicitly re-exporting to resolve the ambiguity.
src/icons/ShadowIconsReact/index.ts(958,1): error TS2308: Module "./ShadowUiIconsReact" has already exported a member named 'Hospital3'. Consider explicitly re-exporting to resolve the ambiguity.
src/icons/ShadowIconsReact/index.ts(958,1): error TS2308: Module "./ShadowUiIconsReact" has already exported a member named 'Multiply'. Consider explicitly re-exporting to resolve the ambiguity.
src/icons/ShadowIconsReact/index.ts(958,1): error TS2308: Module "./ShadowUiIconsReact" has already exported a member named 'Multiply2'. Consider explicitly re-exporting to resolve the ambiguity.
src/icons/ShadowIconsReact/index.ts(958,1): error TS2308: Module "./ShadowUiIconsReact" has already exported a member named 'Mute'. Consider explicitly re-exporting to resolve the ambiguity.
src/icons/ShadowIconsReact/index.ts(958,1): error TS2308: Module "./ShadowUiIconsReact" has already exported a member named 'PhotosFolder'. Consider explicitly re-exporting to resolve the ambiguity.
src/icons/ShadowIconsReact/index.ts(958,1): error TS2308: Module "./ShadowUiIconsReact" has already exported a member named 'Picture'. Consider explicitly re-exporting to resolve the ambiguity.
src/icons/ShadowIconsReact/index.ts(958,1): error TS2308: Module "./ShadowUiIconsReact" has already exported a member named 'PlusMath'. Consider explicitly re-exporting to resolve the ambiguity.
src/icons/ShadowIconsReact/index.ts(958,1): error TS2308: Module "./ShadowUiIconsReact" has already exported a member named 'Questions'. Consider explicitly re-exporting to resolve the ambiguity.
src/icons/ShadowIconsReact/index.ts(958,1): error TS2308: Module "./ShadowUiIconsReact" has already exported a member named 'RemoteWorking'. Consider explicitly re-exporting to resolve the ambiguity.
src/icons/ShadowIconsReact/index.ts(958,1): error TS2308: Module "./ShadowUiIconsReact" has already exported a member named 'Sell'. Consider explicitly re-exporting to resolve the ambiguity.
src/icons/ShadowIconsReact/index.ts(958,1): error TS2308: Module "./ShadowUiIconsReact" has already exported a member named 'Shift'. Consider explicitly re-exporting to resolve the ambiguity.
src/icons/ShadowIconsReact/index.ts(958,1): error TS2308: Module "./ShadowUiIconsReact" has already exported a member named 'Shipped'. Consider explicitly re-exporting to resolve the ambiguity.
src/icons/ShadowIconsReact/index.ts(958,1): error TS2308: Module "./ShadowUiIconsReact" has already exported a member named 'Speaker'. Consider explicitly re-exporting to resolve the ambiguity.
src/icons/ShadowIconsReact/index.ts(958,1): error TS2308: Module "./ShadowUiIconsReact" has already exported a member named 'XboxMenu'. Consider explicitly re-exporting to resolve the ambiguity.
src/icons/ShadowIconsReact/index.ts(958,1): error TS2308: Module "./ShadowUiIconsReact" has already exported a member named 'XboxX'. Consider explicitly re-exporting to resolve the ambiguity.
src/icons/ShadowIconsReact/index.ts(958,1): error TS2308: Module "./ShadowUiIconsReact" has already exported a member named 'ZoomIn'. Consider explicitly re-exporting to resolve the ambiguity.
src/icons/ShadowIconsReact/index.ts(958,1): error TS2308: Module "./ShadowUiIconsReact" has already exported a member named 'ZoomOut'. Consider explicitly re-exporting to resolve the ambiguity.
src/icons/index.ts(306,1): error TS2308: Module "./DirectionalReact" has already exported a member named 'ArrowCircleDownOutline'. Consider explicitly re-exporting to resolve the ambiguity.
src/icons/index.ts(306,1): error TS2308: Module "./DirectionalReact" has already exported a member named 'ArrowCircleLeftOutline'. Consider explicitly re-exporting to resolve the ambiguity.
src/icons/index.ts(306,1): error TS2308: Module "./DirectionalReact" has already exported a member named 'ArrowCircleRightOutline'. Consider explicitly re-exporting to resolve the ambiguity.
src/icons/index.ts(306,1): error TS2308: Module "./DirectionalReact" has already exported a member named 'ArrowCircleUpOutline'. Consider explicitly re-exporting to resolve the ambiguity.
src/icons/index.ts(306,1): error TS2308: Module "./DirectionalReact" has already exported a member named 'CircleCaretDown'. Consider explicitly re-exporting to resolve the ambiguity.
src/icons/index.ts(306,1): error TS2308: Module "./DirectionalReact" has already exported a member named 'CircleCaretDown1'. Consider explicitly re-exporting to resolve the ambiguity.
src/icons/index.ts(306,1): error TS2308: Module "./DirectionalReact" has already exported a member named 'CircleCaretLeft'. Consider explicitly re-exporting to resolve the ambiguity.
src/icons/index.ts(306,1): error TS2308: Module "./DirectionalReact" has already exported a member named 'CircleCaretLeft1'. Consider explicitly re-exporting to resolve the ambiguity.
src/icons/index.ts(306,1): error TS2308: Module "./DirectionalReact" has already exported a member named 'CircleCaretRight'. Consider explicitly re-exporting to resolve the ambiguity.
src/icons/index.ts(306,1): error TS2308: Module "./DirectionalReact" has already exported a member named 'CircleCaretRight1'. Consider explicitly re-exporting to resolve the ambiguity.
src/icons/index.ts(306,1): error TS2308: Module "./DirectionalReact" has already exported a member named 'CircleCaretUp'. Consider explicitly re-exporting to resolve the ambiguity.
src/icons/index.ts(306,1): error TS2308: Module "./DirectionalReact" has already exported a member named 'CircleCaretUp1'. Consider explicitly re-exporting to resolve the ambiguity.
src/icons/index.ts(306,1): error TS2308: Module "./clerk-full-logo" has already exported a member named 'ClerkFullLogo'. Consider explicitly re-exporting to resolve the ambiguity.
src/icons/index.ts(306,1): error TS2308: Module "./clerk-logo" has already exported a member named 'ClerkLogo'. Consider explicitly re-exporting to resolve the ambiguity.
src/icons/index.ts(306,1): error TS2308: Module "./logo" has already exported a member named 'Logo'. Consider explicitly re-exporting to resolve the ambiguity.
src/icons/index.ts(308,1): error TS2308: Module "./ChannelIconsReact" has already exported a member named 'Booking'. Consider explicitly re-exporting to resolve the ambiguity.
src/icons/index.ts(308,1): error TS2308: Module "./ChannelIconsReact" has already exported a member named 'Expedia'. Consider explicitly re-exporting to resolve the ambiguity.
src/icons/index.ts(308,1): error TS2308: Module "./ShadowIconsReact" has already exported a member named 'Blog'. Consider explicitly re-exporting to resolve the ambiguity.
src/icons/index.ts(308,1): error TS2308: Module "./ShadowIconsReact" has already exported a member named 'BlogOutline'. Consider explicitly re-exporting to resolve the ambiguity.
src/icons/index.ts(308,1): error TS2308: Module "./ShadowIconsReact" has already exported a member named 'GoogleDrive'. Consider explicitly re-exporting to resolve the ambiguity.
src/icons/index.ts(308,1): error TS2308: Module "./ShadowIconsReact" has already exported a member named 'Pintrest'. Consider explicitly re-exporting to resolve the ambiguity.
src/index.ts(7,1): error TS2308: Module "./icons" has already exported a member named 'ColorPalette'. Consider explicitly re-exporting to resolve the ambiguity.
src/index.ts(8,1): error TS2308: Module "./components" has already exported a member named 'Popover'. Consider explicitly re-exporting to resolve the ambiguity.
src/index.ts(8,1): error TS2308: Module "./components" has already exported a member named 'PopoverClose'. Consider explicitly re-exporting to resolve the ambiguity.
src/index.ts(8,1): error TS2308: Module "./components" has already exported a member named 'PopoverContent'. Consider explicitly re-exporting to resolve the ambiguity.
src/index.ts(8,1): error TS2308: Module "./components" has already exported a member named 'PopoverCreateHandle'. Consider explicitly re-exporting to resolve the ambiguity.
src/index.ts(8,1): error TS2308: Module "./components" has already exported a member named 'PopoverDescription'. Consider explicitly re-exporting to resolve the ambiguity.
src/index.ts(8,1): error TS2308: Module "./components" has already exported a member named 'PopoverHeader'. Consider explicitly re-exporting to resolve the ambiguity.
src/index.ts(8,1): error TS2308: Module "./components" has already exported a member named 'PopoverPopup'. Consider explicitly re-exporting to resolve the ambiguity.
src/index.ts(8,1): error TS2308: Module "./components" has already exported a member named 'PopoverTitle'. Consider explicitly re-exporting to resolve the ambiguity.
src/index.ts(8,1): error TS2308: Module "./components" has already exported a member named 'PopoverTrigger'. Consider explicitly re-exporting to resolve the ambiguity.
src/index.ts(8,1): error TS2308: Module "./context" has already exported a member named 'Collapsible'. Consider explicitly re-exporting to resolve the ambiguity.
src/index.ts(8,1): error TS2308: Module "./context" has already exported a member named 'DirectionProvider'. Consider explicitly re-exporting to resolve the ambiguity.
src/index.ts(8,1): error TS2308: Module "./context" has already exported a member named 'useDirection'. Consider explicitly re-exporting to resolve the ambiguity.
src/index.ts(8,1): error TS2308: Module "./icons" has already exported a member named 'Alert'. Consider explicitly re-exporting to resolve the ambiguity.
src/index.ts(8,1): error TS2308: Module "./icons" has already exported a member named 'Badge'. Consider explicitly re-exporting to resolve the ambiguity.
src/index.ts(8,1): error TS2308: Module "./icons" has already exported a member named 'Button'. Consider explicitly re-exporting to resolve the ambiguity.
src/index.ts(8,1): error TS2308: Module "./icons" has already exported a member named 'Calendar'. Consider explicitly re-exporting to resolve the ambiguity.
src/index.ts(8,1): error TS2308: Module "./icons" has already exported a member named 'Checkbox'. Consider explicitly re-exporting to resolve the ambiguity.
src/index.ts(8,1): error TS2308: Module "./icons" has already exported a member named 'Command'. Consider explicitly re-exporting to resolve the ambiguity.
src/index.ts(8,1): error TS2308: Module "./icons" has already exported a member named 'Field'. Consider explicitly re-exporting to resolve the ambiguity.
src/index.ts(8,1): error TS2308: Module "./icons" has already exported a member named 'Filter'. Consider explicitly re-exporting to resolve the ambiguity.
src/index.ts(8,1): error TS2308: Module "./icons" has already exported a member named 'Group'. Consider explicitly re-exporting to resolve the ambiguity.
src/index.ts(8,1): error TS2308: Module "./icons" has already exported a member named 'Logo'. Consider explicitly re-exporting to resolve the ambiguity.
src/index.ts(8,1): error TS2308: Module "./icons" has already exported a member named 'Menu'. Consider explicitly re-exporting to resolve the ambiguity.
src/index.ts(8,1): error TS2308: Module "./icons" has already exported a member named 'Switch'. Consider explicitly re-exporting to resolve the ambiguity.
src/index.ts(8,1): error TS2308: Module "./icons" has already exported a member named 'Table'. Consider explicitly re-exporting to resolve the ambiguity.
src/index.ts(10,1): error TS2308: Module "./icons" has already exported a member named 'Product'. Consider explicitly re-exporting to resolve the ambiguity.
src/index.ts(11,1): error TS2308: Module "./lib" has already exported a member named 'ColorFormat'. Consider explicitly re-exporting to resolve the ambiguity.
src/index.ts(11,1): error TS2308: Module "./lib" has already exported a member named 'cn'. Consider explicitly re-exporting to resolve the ambiguity.
src/lib/bigquery/biq-query_client.ts(1,26): error TS2307: Cannot find module '@google-cloud/bigquery' or its corresponding type declarations.
src/lib/bigquery/biq-query_client.ts(3,33): error TS2307: Cannot find module './config' or its corresponding type declarations.
src/lib/bigquery/biq-query_mapping-table-queries.ts(1,56): error TS2307: Cannot find module '@/lib/mapping-tables/types' or its corresponding type declarations.
src/lib/bigquery/biq-query_mapping-table-queries.ts(3,35): error TS2307: Cannot find module './client' or its corresponding type declarations.
src/lib/bigquery/biq-query_mapping-table-queries.ts(9,8): error TS2307: Cannot find module './config' or its corresponding type declarations.
src/lib/blocks.ts(3,36): error TS2307: Cannot find module 'shadcn/schema' or its corresponding type declarations.
src/lib/blocks.ts(25,34): error TS2307: Cannot find module '@/registry/__index__' or its corresponding type declarations.
src/lib/blocks.ts(54,33): error TS7006: Parameter 'category' implicitly has an 'any' type.
src/lib/calendar.ts(1,42): error TS2307: Cannot find module '../components/calendar/CalendarHeatmap' or its corresponding type declarations.
src/lib/colors.ts(3,24): error TS2307: Cannot find module '@/registry/_legacy-colors' or its corresponding type declarations.
src/lib/column-detection.ts(1,45): error TS2307: Cannot find module '@/types/table-types' or its corresponding type declarations.
src/lib/column-detection.ts(2,29): error TS2307: Cannot find module '@/workers/data-processor.worker' or its corresponding type declarations.
src/lib/events.ts(27,6): error TS2554: Expected 2-3 arguments, but got 1.
src/lib/events.ts(36,26): error TS2345: Argument of type 'Record<string | number | symbol, unknown> | undefined' is not assignable to parameter of type 'Record<string, AllowedPropertyValues> | undefined'.
  Type 'Record<string | number | symbol, unknown>' is not assignable to type 'Record<string, AllowedPropertyValues>'.
    'string' index signatures are incompatible.
      Type 'unknown' is not assignable to type 'AllowedPropertyValues'.
src/lib/format-code.ts(9,8): error TS2307: Cannot find module 'shadcn/utils' or its corresponding type declarations.
src/lib/format-code.ts(10,37): error TS2307: Cannot find module 'ts-morph' or its corresponding type declarations.
src/lib/format-code.ts(12,23): error TS2307: Cannot find module '@/registry/bases' or its corresponding type declarations.
src/lib/handle-server-error.ts(1,28): error TS2307: Cannot find module 'axios' or its corresponding type declarations.
src/lib/handle-server-error.ts(20,14): error TS18046: 'error' is of type 'unknown'.
src/lib/highlight-code.ts(2,26): error TS2307: Cannot find module 'lru-cache' or its corresponding type declarations.
src/lib/highlight-code.ts(3,28): error TS2307: Cannot find module 'shiki' or its corresponding type declarations.
src/lib/highlight-code.ts(4,39): error TS2307: Cannot find module 'shiki' or its corresponding type declarations.
src/lib/highlight-code.ts(15,10): error TS7006: Parameter 'node' implicitly has an 'any' type.
src/lib/highlight-code.ts(88,13): error TS7006: Parameter 'node' implicitly has an 'any' type.
src/lib/highlight-code.ts(92,14): error TS7006: Parameter 'node' implicitly has an 'any' type.
src/lib/highlight-code.ts(95,14): error TS7006: Parameter 'node' implicitly has an 'any' type.
src/lib/index.ts(19,1): error TS2308: Module "./bigquery" has already exported a member named 'MappingTableKey'. Consider explicitly re-exporting to resolve the ambiguity.
src/lib/lookups/lookups_fixtures.ts(1,58): error TS2307: Cannot find module './types' or its corresponding type declarations.
src/lib/lookups/lookups_service.ts(1,29): error TS2307: Cannot find module 'drizzle-orm' or its corresponding type declarations.
src/lib/lookups/lookups_service.ts(3,46): error TS2307: Cannot find module './schemas' or its corresponding type declarations.
src/lib/lookups/lookups_service.ts(4,59): error TS2307: Cannot find module './fixtures' or its corresponding type declarations.
src/lib/lookups/lookups_service.ts(10,8): error TS2307: Cannot find module './types' or its corresponding type declarations.
src/lib/lookups/lookups_service.ts(18,55): error TS2339: Property 'db' does not exist on type 'typeof import("/app/packages/ui/src/db/index")'.
src/lib/lookups/lookups_service.ts(20,14): error TS2339: Property 'db' does not exist on type 'typeof import("/app/packages/ui/src/db/index")'.
src/lib/lookups/lookups_service.ts(40,83): error TS7006: Parameter 'table' implicitly has an 'any' type.
src/lib/lookups/lookups_service.ts(46,30): error TS7006: Parameter 'row' implicitly has an 'any' type.
src/lib/lookups/lookups_service.ts(59,25): error TS7006: Parameter 'a' implicitly has an 'any' type.
src/lib/lookups/lookups_service.ts(59,28): error TS7006: Parameter 'b' implicitly has an 'any' type.
src/lib/lookups/lookups_service.ts(99,35): error TS7006: Parameter 'tx' implicitly has an 'any' type.
src/lib/mapping-tables/mapping-table_fixtures.ts(1,60): error TS2307: Cannot find module './types' or its corresponding type declarations.
src/lib/mapping-tables/mapping-table_lookups.ts(1,36): error TS2307: Cannot find module '@/lib/lookup-tables/service' or its corresponding type declarations.
src/lib/mapping-tables/mapping-table_lookups.ts(31,22): error TS7006: Parameter 'row' implicitly has an 'any' type.
src/lib/mapping-tables/mapping-table_service.ts(1,25): error TS2307: Cannot find module 'drizzle-orm' or its corresponding type declarations.
src/lib/mapping-tables/mapping-table_service.ts(6,8): error TS2307: Cannot find module './mapping-table-registry' or its corresponding type declarations.
src/lib/mapping-tables/mapping-table_service.ts(7,61): error TS2307: Cannot find module './fixtures' or its corresponding type declarations.
src/lib/mapping-tables/mapping-table_service.ts(8,60): error TS2307: Cannot find module './types' or its corresponding type declarations.
src/lib/mapping-tables/mapping-table_service.ts(17,16): error TS2339: Property 'db' does not exist on type 'typeof import("/app/packages/ui/src/db/index")'.
src/lib/mapping-tables/mapping-table_service.ts(21,14): error TS2339: Property 'db' does not exist on type 'typeof import("/app/packages/ui/src/db/index")'.
src/lib/mapping-tables/mapping-table_service.ts(74,25): error TS7006: Parameter 'r' implicitly has an 'any' type.
src/lib/mapping-tables/mapping-table_service.ts(77,25): error TS7006: Parameter 'r' implicitly has an 'any' type.
src/lib/mapping-tables/mapping-table_service.ts(80,25): error TS7006: Parameter 'r' implicitly has an 'any' type.
src/lib/mapping-tables/mapping-table_service.ts(82,54): error TS7006: Parameter 'm' implicitly has an 'any' type.
src/lib/mapping-tables/mapping-table_service.ts(115,12): error TS7006: Parameter 'entry' implicitly has an 'any' type.
src/lib/mapping-tables/mapping-table_service.ts(116,9): error TS7006: Parameter 'entry' implicitly has an 'any' type.
src/lib/mapping-tables/mapping-table_service.ts(139,37): error TS7006: Parameter 'key' implicitly has an 'any' type.
src/lib/mapping-tables/mapping-table_service.ts(146,30): error TS7031: Binding element 'tableName' implicitly has an 'any' type.
src/lib/mapping-tables/mapping-table_service.ts(146,41): error TS7031: Binding element 'counts' implicitly has an 'any' type.
src/lib/mapping-tables/mapping-table_service.ts(149,43): error TS7006: Parameter 'row' implicitly has an 'any' type.
src/lib/mapping-tables/mapping-table_service.ts(151,44): error TS7006: Parameter 'registryKey' implicitly has an 'any' type.
src/lib/mapping-tables/mapping-table_service.ts(153,34): error TS2339: Property 'uiMetadata' does not exist on type '{}'.
src/lib/mapping-tables/mapping-table_service.ts(157,18): error TS2339: Property 'displayName' does not exist on type '{}'.
src/lib/mapping-tables/mapping-table_service.ts(157,61): error TS2339: Property 'displayName' does not exist on type '{}'.
src/lib/mapping-tables/mapping-table_service.ts(158,18): error TS2339: Property 'description' does not exist on type '{}'.
src/lib/mapping-tables/mapping-table_service.ts(158,61): error TS2339: Property 'description' does not exist on type '{}'.
src/lib/mapping-tables/mapping-table_service.ts(170,9): error TS2345: Argument of type '{} | undefined' is not assignable to parameter of type '{ approximateRowCount: number; mappedRowCount: number; partialRowCount: number; unmappedRowCount: number; } | undefined'.
  Type '{}' is missing the following properties from type '{ approximateRowCount: number; mappedRowCount: number; partialRowCount: number; unmappedRowCount: number; }': approximateRowCount, mappedRowCount, partialRowCount, unmappedRowCount
src/lib/mapping-tables/mapping-table_service.ts(174,25): error TS7006: Parameter 'a' implicitly has an 'any' type.
src/lib/mapping-tables/mapping-table_service.ts(174,28): error TS7006: Parameter 'b' implicitly has an 'any' type.
src/lib/preset.ts(1,41): error TS2307: Cannot find module '@/lib/playground/build-global-css' or its corresponding type declarations.
src/lib/preset.ts(2,41): error TS2307: Cannot find module '@/lib/playground/preset-data' or its corresponding type declarations.
src/lib/preset.ts(160,28): error TS7006: Parameter 't' implicitly has an 'any' type.
src/lib/preset.ts(164,27): error TS7006: Parameter 'f' implicitly has an 'any' type.
src/lib/registry-adapter.ts(1,37): error TS2307: Cannot find module '@/lib/playground/registry' or its corresponding type declarations.
src/lib/registry.ts(4892,24): error TS2345: Argument of type '() => Promise<unknown>' is not assignable to parameter of type 'DynamicOptions<{}> | Loader<{}>'.
  Type '() => Promise<unknown>' is not assignable to type '() => LoaderComponent<{}>'.
    Type 'Promise<unknown>' is not assignable to type 'LoaderComponent<{}>'.
      Type 'unknown' is not assignable to type 'ComponentType<{}> | ComponentModule<{}>'.
src/lib/registry.ts(4902,24): error TS2345: Argument of type '() => Promise<unknown>' is not assignable to parameter of type 'DynamicOptions<{}> | Loader<{}>'.
  Type '() => Promise<unknown>' is not assignable to type '() => LoaderComponent<{}>'.
    Type 'Promise<unknown>' is not assignable to type 'LoaderComponent<{}>'.
      Type 'unknown' is not assignable to type 'ComponentType<{}> | ComponentModule<{}>'.
src/lib/registry.ts(4912,24): error TS2345: Argument of type '() => Promise<unknown>' is not assignable to parameter of type 'DynamicOptions<{}> | Loader<{}>'.
  Type '() => Promise<unknown>' is not assignable to type '() => LoaderComponent<{}>'.
    Type 'Promise<unknown>' is not assignable to type 'LoaderComponent<{}>'.
      Type 'unknown' is not assignable to type 'ComponentType<{}> | ComponentModule<{}>'.
src/lib/registry.ts(4922,24): error TS2345: Argument of type '() => Promise<unknown>' is not assignable to parameter of type 'DynamicOptions<{}> | Loader<{}>'.
  Type '() => Promise<unknown>' is not assignable to type '() => LoaderComponent<{}>'.
    Type 'Promise<unknown>' is not assignable to type 'LoaderComponent<{}>'.
      Type 'unknown' is not assignable to type 'ComponentType<{}> | ComponentModule<{}>'.
src/lib/registry.ts(4932,24): error TS2345: Argument of type '() => Promise<unknown>' is not assignable to parameter of type 'DynamicOptions<{}> | Loader<{}>'.
  Type '() => Promise<unknown>' is not assignable to type '() => LoaderComponent<{}>'.
    Type 'Promise<unknown>' is not assignable to type 'LoaderComponent<{}>'.
      Type 'unknown' is not assignable to type 'ComponentType<{}> | ComponentModule<{}>'.
src/lib/registry.ts(4942,24): error TS2345: Argument of type '() => Promise<unknown>' is not assignable to parameter of type 'DynamicOptions<{}> | Loader<{}>'.
  Type '() => Promise<unknown>' is not assignable to type '() => LoaderComponent<{}>'.
    Type 'Promise<unknown>' is not assignable to type 'LoaderComponent<{}>'.
      Type 'unknown' is not assignable to type 'ComponentType<{}> | ComponentModule<{}>'.
src/lib/registry.ts(4952,24): error TS2345: Argument of type '() => Promise<unknown>' is not assignable to parameter of type 'DynamicOptions<{}> | Loader<{}>'.
  Type '() => Promise<unknown>' is not assignable to type '() => LoaderComponent<{}>'.
    Type 'Promise<unknown>' is not assignable to type 'LoaderComponent<{}>'.
      Type 'unknown' is not assignable to type 'ComponentType<{}> | ComponentModule<{}>'.
src/lib/registry.ts(4962,24): error TS2345: Argument of type '() => Promise<unknown>' is not assignable to parameter of type 'DynamicOptions<{}> | Loader<{}>'.
  Type '() => Promise<unknown>' is not assignable to type '() => LoaderComponent<{}>'.
    Type 'Promise<unknown>' is not assignable to type 'LoaderComponent<{}>'.
      Type 'unknown' is not assignable to type 'ComponentType<{}> | ComponentModule<{}>'.
src/lib/registry.ts(4972,24): error TS2345: Argument of type '() => Promise<unknown>' is not assignable to parameter of type 'DynamicOptions<{}> | Loader<{}>'.
  Type '() => Promise<unknown>' is not assignable to type '() => LoaderComponent<{}>'.
    Type 'Promise<unknown>' is not assignable to type 'LoaderComponent<{}>'.
      Type 'unknown' is not assignable to type 'ComponentType<{}> | ComponentModule<{}>'.
src/lib/registry.ts(4982,24): error TS2345: Argument of type '() => Promise<unknown>' is not assignable to parameter of type 'DynamicOptions<{}> | Loader<{}>'.
  Type '() => Promise<unknown>' is not assignable to type '() => LoaderComponent<{}>'.
    Type 'Promise<unknown>' is not assignable to type 'LoaderComponent<{}>'.
      Type 'unknown' is not assignable to type 'ComponentType<{}> | ComponentModule<{}>'.
src/lib/registry.ts(4992,24): error TS2345: Argument of type '() => Promise<unknown>' is not assignable to parameter of type 'DynamicOptions<{}> | Loader<{}>'.
  Type '() => Promise<unknown>' is not assignable to type '() => LoaderComponent<{}>'.
    Type 'Promise<unknown>' is not assignable to type 'LoaderComponent<{}>'.
      Type 'unknown' is not assignable to type 'ComponentType<{}> | ComponentModule<{}>'.
src/lib/registry.ts(5002,24): error TS2345: Argument of type '() => Promise<unknown>' is not assignable to parameter of type 'DynamicOptions<{}> | Loader<{}>'.
  Type '() => Promise<unknown>' is not assignable to type '() => LoaderComponent<{}>'.
    Type 'Promise<unknown>' is not assignable to type 'LoaderComponent<{}>'.
      Type 'unknown' is not assignable to type 'ComponentType<{}> | ComponentModule<{}>'.
src/lib/registry.ts(5012,24): error TS2345: Argument of type '() => Promise<unknown>' is not assignable to parameter of type 'DynamicOptions<{}> | Loader<{}>'.
  Type '() => Promise<unknown>' is not assignable to type '() => LoaderComponent<{}>'.
    Type 'Promise<unknown>' is not assignable to type 'LoaderComponent<{}>'.
      Type 'unknown' is not assignable to type 'ComponentType<{}> | ComponentModule<{}>'.
src/lib/registry.ts(5022,24): error TS2345: Argument of type '() => Promise<unknown>' is not assignable to parameter of type 'DynamicOptions<{}> | Loader<{}>'.
  Type '() => Promise<unknown>' is not assignable to type '() => LoaderComponent<{}>'.
    Type 'Promise<unknown>' is not assignable to type 'LoaderComponent<{}>'.
      Type 'unknown' is not assignable to type 'ComponentType<{}> | ComponentModule<{}>'.
src/lib/registry.ts(5032,24): error TS2345: Argument of type '() => Promise<unknown>' is not assignable to parameter of type 'DynamicOptions<{}> | Loader<{}>'.
  Type '() => Promise<unknown>' is not assignable to type '() => LoaderComponent<{}>'.
    Type 'Promise<unknown>' is not assignable to type 'LoaderComponent<{}>'.
      Type 'unknown' is not assignable to type 'ComponentType<{}> | ComponentModule<{}>'.
src/lib/registry.ts(5042,24): error TS2345: Argument of type '() => Promise<unknown>' is not assignable to parameter of type 'DynamicOptions<{}> | Loader<{}>'.
  Type '() => Promise<unknown>' is not assignable to type '() => LoaderComponent<{}>'.
    Type 'Promise<unknown>' is not assignable to type 'LoaderComponent<{}>'.
      Type 'unknown' is not assignable to type 'ComponentType<{}> | ComponentModule<{}>'.
src/lib/registry.ts(5052,24): error TS2345: Argument of type '() => Promise<unknown>' is not assignable to parameter of type 'DynamicOptions<{}> | Loader<{}>'.
  Type '() => Promise<unknown>' is not assignable to type '() => LoaderComponent<{}>'.
    Type 'Promise<unknown>' is not assignable to type 'LoaderComponent<{}>'.
      Type 'unknown' is not assignable to type 'ComponentType<{}> | ComponentModule<{}>'.
src/lib/registry.ts(5062,24): error TS2345: Argument of type '() => Promise<unknown>' is not assignable to parameter of type 'DynamicOptions<{}> | Loader<{}>'.
  Type '() => Promise<unknown>' is not assignable to type '() => LoaderComponent<{}>'.
    Type 'Promise<unknown>' is not assignable to type 'LoaderComponent<{}>'.
      Type 'unknown' is not assignable to type 'ComponentType<{}> | ComponentModule<{}>'.
src/lib/registry.ts(5072,24): error TS2345: Argument of type '() => Promise<unknown>' is not assignable to parameter of type 'DynamicOptions<{}> | Loader<{}>'.
  Type '() => Promise<unknown>' is not assignable to type '() => LoaderComponent<{}>'.
    Type 'Promise<unknown>' is not assignable to type 'LoaderComponent<{}>'.
      Type 'unknown' is not assignable to type 'ComponentType<{}> | ComponentModule<{}>'.
src/lib/registry.ts(5082,24): error TS2345: Argument of type '() => Promise<unknown>' is not assignable to parameter of type 'DynamicOptions<{}> | Loader<{}>'.
  Type '() => Promise<unknown>' is not assignable to type '() => LoaderComponent<{}>'.
    Type 'Promise<unknown>' is not assignable to type 'LoaderComponent<{}>'.
      Type 'unknown' is not assignable to type 'ComponentType<{}> | ComponentModule<{}>'.
src/lib/registry.ts(5092,24): error TS2345: Argument of type '() => Promise<unknown>' is not assignable to parameter of type 'DynamicOptions<{}> | Loader<{}>'.
  Type '() => Promise<unknown>' is not assignable to type '() => LoaderComponent<{}>'.
    Type 'Promise<unknown>' is not assignable to type 'LoaderComponent<{}>'.
      Type 'unknown' is not assignable to type 'ComponentType<{}> | ComponentModule<{}>'.
src/lib/registry.ts(5102,24): error TS2345: Argument of type '() => Promise<unknown>' is not assignable to parameter of type 'DynamicOptions<{}> | Loader<{}>'.
  Type '() => Promise<unknown>' is not assignable to type '() => LoaderComponent<{}>'.
    Type 'Promise<unknown>' is not assignable to type 'LoaderComponent<{}>'.
      Type 'unknown' is not assignable to type 'ComponentType<{}> | ComponentModule<{}>'.
src/lib/registry.ts(5112,24): error TS2345: Argument of type '() => Promise<unknown>' is not assignable to parameter of type 'DynamicOptions<{}> | Loader<{}>'.
  Type '() => Promise<unknown>' is not assignable to type '() => LoaderComponent<{}>'.
    Type 'Promise<unknown>' is not assignable to type 'LoaderComponent<{}>'.
      Type 'unknown' is not assignable to type 'ComponentType<{}> | ComponentModule<{}>'.
src/lib/registry.ts(5122,24): error TS2345: Argument of type '() => Promise<unknown>' is not assignable to parameter of type 'DynamicOptions<{}> | Loader<{}>'.
  Type '() => Promise<unknown>' is not assignable to type '() => LoaderComponent<{}>'.
    Type 'Promise<unknown>' is not assignable to type 'LoaderComponent<{}>'.
      Type 'unknown' is not assignable to type 'ComponentType<{}> | ComponentModule<{}>'.
src/lib/registry.ts(5132,24): error TS2345: Argument of type '() => Promise<unknown>' is not assignable to parameter of type 'DynamicOptions<{}> | Loader<{}>'.
  Type '() => Promise<unknown>' is not assignable to type '() => LoaderComponent<{}>'.
    Type 'Promise<unknown>' is not assignable to type 'LoaderComponent<{}>'.
      Type 'unknown' is not assignable to type 'ComponentType<{}> | ComponentModule<{}>'.
src/lib/registry.ts(5142,24): error TS2345: Argument of type '() => Promise<unknown>' is not assignable to parameter of type 'DynamicOptions<{}> | Loader<{}>'.
  Type '() => Promise<unknown>' is not assignable to type '() => LoaderComponent<{}>'.
    Type 'Promise<unknown>' is not assignable to type 'LoaderComponent<{}>'.
      Type 'unknown' is not assignable to type 'ComponentType<{}> | ComponentModule<{}>'.
src/lib/registry.ts(5152,24): error TS2345: Argument of type '() => Promise<unknown>' is not assignable to parameter of type 'DynamicOptions<{}> | Loader<{}>'.
  Type '() => Promise<unknown>' is not assignable to type '() => LoaderComponent<{}>'.
    Type 'Promise<unknown>' is not assignable to type 'LoaderComponent<{}>'.
      Type 'unknown' is not assignable to type 'ComponentType<{}> | ComponentModule<{}>'.
src/lib/registry.ts(5162,24): error TS2345: Argument of type '() => Promise<unknown>' is not assignable to parameter of type 'DynamicOptions<{}> | Loader<{}>'.
  Type '() => Promise<unknown>' is not assignable to type '() => LoaderComponent<{}>'.
    Type 'Promise<unknown>' is not assignable to type 'LoaderComponent<{}>'.
      Type 'unknown' is not assignable to type 'ComponentType<{}> | ComponentModule<{}>'.
src/lib/registry.ts(5172,24): error TS2345: Argument of type '() => Promise<unknown>' is not assignable to parameter of type 'DynamicOptions<{}> | Loader<{}>'.
  Type '() => Promise<unknown>' is not assignable to type '() => LoaderComponent<{}>'.
    Type 'Promise<unknown>' is not assignable to type 'LoaderComponent<{}>'.
      Type 'unknown' is not assignable to type 'ComponentType<{}> | ComponentModule<{}>'.
src/lib/registry.ts(5182,24): error TS2345: Argument of type '() => Promise<unknown>' is not assignable to parameter of type 'DynamicOptions<{}> | Loader<{}>'.
  Type '() => Promise<unknown>' is not assignable to type '() => LoaderComponent<{}>'.
    Type 'Promise<unknown>' is not assignable to type 'LoaderComponent<{}>'.
      Type 'unknown' is not assignable to type 'ComponentType<{}> | ComponentModule<{}>'.
src/lib/registry.ts(5192,24): error TS2345: Argument of type '() => Promise<unknown>' is not assignable to parameter of type 'DynamicOptions<{}> | Loader<{}>'.
  Type '() => Promise<unknown>' is not assignable to type '() => LoaderComponent<{}>'.
    Type 'Promise<unknown>' is not assignable to type 'LoaderComponent<{}>'.
      Type 'unknown' is not assignable to type 'ComponentType<{}> | ComponentModule<{}>'.
src/lib/registry.ts(5202,24): error TS2345: Argument of type '() => Promise<unknown>' is not assignable to parameter of type 'DynamicOptions<{}> | Loader<{}>'.
  Type '() => Promise<unknown>' is not assignable to type '() => LoaderComponent<{}>'.
    Type 'Promise<unknown>' is not assignable to type 'LoaderComponent<{}>'.
      Type 'unknown' is not assignable to type 'ComponentType<{}> | ComponentModule<{}>'.
src/lib/registry.ts(5212,24): error TS2345: Argument of type '() => Promise<unknown>' is not assignable to parameter of type 'DynamicOptions<{}> | Loader<{}>'.
  Type '() => Promise<unknown>' is not assignable to type '() => LoaderComponent<{}>'.
    Type 'Promise<unknown>' is not assignable to type 'LoaderComponent<{}>'.
      Type 'unknown' is not assignable to type 'ComponentType<{}> | ComponentModule<{}>'.
src/lib/registry.ts(5222,24): error TS2345: Argument of type '() => Promise<unknown>' is not assignable to parameter of type 'DynamicOptions<{}> | Loader<{}>'.
  Type '() => Promise<unknown>' is not assignable to type '() => LoaderComponent<{}>'.
    Type 'Promise<unknown>' is not assignable to type 'LoaderComponent<{}>'.
      Type 'unknown' is not assignable to type 'ComponentType<{}> | ComponentModule<{}>'.
src/lib/registry.ts(5232,24): error TS2345: Argument of type '() => Promise<unknown>' is not assignable to parameter of type 'DynamicOptions<{}> | Loader<{}>'.
  Type '() => Promise<unknown>' is not assignable to type '() => LoaderComponent<{}>'.
    Type 'Promise<unknown>' is not assignable to type 'LoaderComponent<{}>'.
      Type 'unknown' is not assignable to type 'ComponentType<{}> | ComponentModule<{}>'.
src/lib/registry.ts(5242,24): error TS2345: Argument of type '() => Promise<unknown>' is not assignable to parameter of type 'DynamicOptions<{}> | Loader<{}>'.
  Type '() => Promise<unknown>' is not assignable to type '() => LoaderComponent<{}>'.
    Type 'Promise<unknown>' is not assignable to type 'LoaderComponent<{}>'.
      Type 'unknown' is not assignable to type 'ComponentType<{}> | ComponentModule<{}>'.
src/lib/registry.ts(5252,24): error TS2345: Argument of type '() => Promise<unknown>' is not assignable to parameter of type 'DynamicOptions<{}> | Loader<{}>'.
  Type '() => Promise<unknown>' is not assignable to type '() => LoaderComponent<{}>'.
    Type 'Promise<unknown>' is not assignable to type 'LoaderComponent<{}>'.
      Type 'unknown' is not assignable to type 'ComponentType<{}> | ComponentModule<{}>'.
src/lib/registry.ts(5262,24): error TS2345: Argument of type '() => Promise<unknown>' is not assignable to parameter of type 'DynamicOptions<{}> | Loader<{}>'.
  Type '() => Promise<unknown>' is not assignable to type '() => LoaderComponent<{}>'.
    Type 'Promise<unknown>' is not assignable to type 'LoaderComponent<{}>'.
      Type 'unknown' is not assignable to type 'ComponentType<{}> | ComponentModule<{}>'.
src/lib/registry.ts(5272,24): error TS2345: Argument of type '() => Promise<unknown>' is not assignable to parameter of type 'DynamicOptions<{}> | Loader<{}>'.
  Type '() => Promise<unknown>' is not assignable to type '() => LoaderComponent<{}>'.
    Type 'Promise<unknown>' is not assignable to type 'LoaderComponent<{}>'.
      Type 'unknown' is not assignable to type 'ComponentType<{}> | ComponentModule<{}>'.
src/lib/registry.ts(5282,24): error TS2345: Argument of type '() => Promise<unknown>' is not assignable to parameter of type 'DynamicOptions<{}> | Loader<{}>'.
  Type '() => Promise<unknown>' is not assignable to type '() => LoaderComponent<{}>'.
    Type 'Promise<unknown>' is not assignable to type 'LoaderComponent<{}>'.
      Type 'unknown' is not assignable to type 'ComponentType<{}> | ComponentModule<{}>'.
src/lib/registry.ts(5292,24): error TS2345: Argument of type '() => Promise<unknown>' is not assignable to parameter of type 'DynamicOptions<{}> | Loader<{}>'.
  Type '() => Promise<unknown>' is not assignable to type '() => LoaderComponent<{}>'.
    Type 'Promise<unknown>' is not assignable to type 'LoaderComponent<{}>'.
      Type 'unknown' is not assignable to type 'ComponentType<{}> | ComponentModule<{}>'.
src/lib/registry.ts(5302,24): error TS2345: Argument of type '() => Promise<unknown>' is not assignable to parameter of type 'DynamicOptions<{}> | Loader<{}>'.
  Type '() => Promise<unknown>' is not assignable to type '() => LoaderComponent<{}>'.
    Type 'Promise<unknown>' is not assignable to type 'LoaderComponent<{}>'.
      Type 'unknown' is not assignable to type 'ComponentType<{}> | ComponentModule<{}>'.
src/lib/registry.ts(5312,24): error TS2345: Argument of type '() => Promise<unknown>' is not assignable to parameter of type 'DynamicOptions<{}> | Loader<{}>'.
  Type '() => Promise<unknown>' is not assignable to type '() => LoaderComponent<{}>'.
    Type 'Promise<unknown>' is not assignable to type 'LoaderComponent<{}>'.
      Type 'unknown' is not assignable to type 'ComponentType<{}> | ComponentModule<{}>'.
src/lib/registry.ts(5319,3): error TS1117: An object literal cannot have multiple properties with the same name.
src/lib/registry.ts(5322,24): error TS2345: Argument of type '() => Promise<unknown>' is not assignable to parameter of type 'DynamicOptions<{}> | Loader<{}>'.
  Type '() => Promise<unknown>' is not assignable to type '() => LoaderComponent<{}>'.
    Type 'Promise<unknown>' is not assignable to type 'LoaderComponent<{}>'.
      Type 'unknown' is not assignable to type 'ComponentType<{}> | ComponentModule<{}>'.
src/lib/registry.ts(5332,24): error TS2345: Argument of type '() => Promise<unknown>' is not assignable to parameter of type 'DynamicOptions<{}> | Loader<{}>'.
  Type '() => Promise<unknown>' is not assignable to type '() => LoaderComponent<{}>'.
    Type 'Promise<unknown>' is not assignable to type 'LoaderComponent<{}>'.
      Type 'unknown' is not assignable to type 'ComponentType<{}> | ComponentModule<{}>'.
src/lib/registry.ts(5342,24): error TS2345: Argument of type '() => Promise<unknown>' is not assignable to parameter of type 'DynamicOptions<{}> | Loader<{}>'.
  Type '() => Promise<unknown>' is not assignable to type '() => LoaderComponent<{}>'.
    Type 'Promise<unknown>' is not assignable to type 'LoaderComponent<{}>'.
      Type 'unknown' is not assignable to type 'ComponentType<{}> | ComponentModule<{}>'.
src/lib/registry.ts(5349,3): error TS1117: An object literal cannot have multiple properties with the same name.
src/lib/registry.ts(5352,24): error TS2345: Argument of type '() => Promise<unknown>' is not assignable to parameter of type 'DynamicOptions<{}> | Loader<{}>'.
  Type '() => Promise<unknown>' is not assignable to type '() => LoaderComponent<{}>'.
    Type 'Promise<unknown>' is not assignable to type 'LoaderComponent<{}>'.
      Type 'unknown' is not assignable to type 'ComponentType<{}> | ComponentModule<{}>'.
src/lib/registry.ts(5362,24): error TS2345: Argument of type '() => Promise<unknown>' is not assignable to parameter of type 'DynamicOptions<{}> | Loader<{}>'.
  Type '() => Promise<unknown>' is not assignable to type '() => LoaderComponent<{}>'.
    Type 'Promise<unknown>' is not assignable to type 'LoaderComponent<{}>'.
      Type 'unknown' is not assignable to type 'ComponentType<{}> | ComponentModule<{}>'.
src/lib/registry.ts(5372,24): error TS2345: Argument of type '() => Promise<unknown>' is not assignable to parameter of type 'DynamicOptions<{}> | Loader<{}>'.
  Type '() => Promise<unknown>' is not assignable to type '() => LoaderComponent<{}>'.
    Type 'Promise<unknown>' is not assignable to type 'LoaderComponent<{}>'.
      Type 'unknown' is not assignable to type 'ComponentType<{}> | ComponentModule<{}>'.
src/lib/registry.ts(5382,24): error TS2345: Argument of type '() => Promise<unknown>' is not assignable to parameter of type 'DynamicOptions<{}> | Loader<{}>'.
  Type '() => Promise<unknown>' is not assignable to type '() => LoaderComponent<{}>'.
    Type 'Promise<unknown>' is not assignable to type 'LoaderComponent<{}>'.
      Type 'unknown' is not assignable to type 'ComponentType<{}> | ComponentModule<{}>'.
src/lib/registry.ts(5392,24): error TS2345: Argument of type '() => Promise<unknown>' is not assignable to parameter of type 'DynamicOptions<{}> | Loader<{}>'.
  Type '() => Promise<unknown>' is not assignable to type '() => LoaderComponent<{}>'.
    Type 'Promise<unknown>' is not assignable to type 'LoaderComponent<{}>'.
      Type 'unknown' is not assignable to type 'ComponentType<{}> | ComponentModule<{}>'.
src/lib/registry.ts(5402,24): error TS2345: Argument of type '() => Promise<unknown>' is not assignable to parameter of type 'DynamicOptions<{}> | Loader<{}>'.
  Type '() => Promise<unknown>' is not assignable to type '() => LoaderComponent<{}>'.
    Type 'Promise<unknown>' is not assignable to type 'LoaderComponent<{}>'.
      Type 'unknown' is not assignable to type 'ComponentType<{}> | ComponentModule<{}>'.
src/lib/registry.ts(5412,24): error TS2345: Argument of type '() => Promise<unknown>' is not assignable to parameter of type 'DynamicOptions<{}> | Loader<{}>'.
  Type '() => Promise<unknown>' is not assignable to type '() => LoaderComponent<{}>'.
    Type 'Promise<unknown>' is not assignable to type 'LoaderComponent<{}>'.
      Type 'unknown' is not assignable to type 'ComponentType<{}> | ComponentModule<{}>'.
src/lib/registry.ts(5422,24): error TS2345: Argument of type '() => Promise<unknown>' is not assignable to parameter of type 'DynamicOptions<{}> | Loader<{}>'.
  Type '() => Promise<unknown>' is not assignable to type '() => LoaderComponent<{}>'.
    Type 'Promise<unknown>' is not assignable to type 'LoaderComponent<{}>'.
      Type 'unknown' is not assignable to type 'ComponentType<{}> | ComponentModule<{}>'.
src/lib/registry.ts(5432,24): error TS2345: Argument of type '() => Promise<unknown>' is not assignable to parameter of type 'DynamicOptions<{}> | Loader<{}>'.
  Type '() => Promise<unknown>' is not assignable to type '() => LoaderComponent<{}>'.
    Type 'Promise<unknown>' is not assignable to type 'LoaderComponent<{}>'.
      Type 'unknown' is not assignable to type 'ComponentType<{}> | ComponentModule<{}>'.
src/lib/registry.ts(5442,24): error TS2345: Argument of type '() => Promise<unknown>' is not assignable to parameter of type 'DynamicOptions<{}> | Loader<{}>'.
  Type '() => Promise<unknown>' is not assignable to type '() => LoaderComponent<{}>'.
    Type 'Promise<unknown>' is not assignable to type 'LoaderComponent<{}>'.
      Type 'unknown' is not assignable to type 'ComponentType<{}> | ComponentModule<{}>'.
src/lib/registry.ts(5452,24): error TS2345: Argument of type '() => Promise<unknown>' is not assignable to parameter of type 'DynamicOptions<{}> | Loader<{}>'.
  Type '() => Promise<unknown>' is not assignable to type '() => LoaderComponent<{}>'.
    Type 'Promise<unknown>' is not assignable to type 'LoaderComponent<{}>'.
      Type 'unknown' is not assignable to type 'ComponentType<{}> | ComponentModule<{}>'.
src/lib/registry.ts(5462,24): error TS2345: Argument of type '() => Promise<unknown>' is not assignable to parameter of type 'DynamicOptions<{}> | Loader<{}>'.
  Type '() => Promise<unknown>' is not assignable to type '() => LoaderComponent<{}>'.
    Type 'Promise<unknown>' is not assignable to type 'LoaderComponent<{}>'.
      Type 'unknown' is not assignable to type 'ComponentType<{}> | ComponentModule<{}>'.
src/lib/registry.ts(5472,24): error TS2345: Argument of type '() => Promise<unknown>' is not assignable to parameter of type 'DynamicOptions<{}> | Loader<{}>'.
  Type '() => Promise<unknown>' is not assignable to type '() => LoaderComponent<{}>'.
    Type 'Promise<unknown>' is not assignable to type 'LoaderComponent<{}>'.
      Type 'unknown' is not assignable to type 'ComponentType<{}> | ComponentModule<{}>'.
src/lib/registry.ts(5482,24): error TS2345: Argument of type '() => Promise<unknown>' is not assignable to parameter of type 'DynamicOptions<{}> | Loader<{}>'.
  Type '() => Promise<unknown>' is not assignable to type '() => LoaderComponent<{}>'.
    Type 'Promise<unknown>' is not assignable to type 'LoaderComponent<{}>'.
      Type 'unknown' is not assignable to type 'ComponentType<{}> | ComponentModule<{}>'.
src/lib/registry.ts(5492,24): error TS2345: Argument of type '() => Promise<unknown>' is not assignable to parameter of type 'DynamicOptions<{}> | Loader<{}>'.
  Type '() => Promise<unknown>' is not assignable to type '() => LoaderComponent<{}>'.
    Type 'Promise<unknown>' is not assignable to type 'LoaderComponent<{}>'.
      Type 'unknown' is not assignable to type 'ComponentType<{}> | ComponentModule<{}>'.
src/lib/registry.ts(5502,24): error TS2345: Argument of type '() => Promise<unknown>' is not assignable to parameter of type 'DynamicOptions<{}> | Loader<{}>'.
  Type '() => Promise<unknown>' is not assignable to type '() => LoaderComponent<{}>'.
    Type 'Promise<unknown>' is not assignable to type 'LoaderComponent<{}>'.
      Type 'unknown' is not assignable to type 'ComponentType<{}> | ComponentModule<{}>'.
src/lib/registry.ts(5512,24): error TS2345: Argument of type '() => Promise<unknown>' is not assignable to parameter of type 'DynamicOptions<{}> | Loader<{}>'.
  Type '() => Promise<unknown>' is not assignable to type '() => LoaderComponent<{}>'.
    Type 'Promise<unknown>' is not assignable to type 'LoaderComponent<{}>'.
      Type 'unknown' is not assignable to type 'ComponentType<{}> | ComponentModule<{}>'.
src/lib/registry.ts(5522,24): error TS2345: Argument of type '() => Promise<unknown>' is not assignable to parameter of type 'DynamicOptions<{}> | Loader<{}>'.
  Type '() => Promise<unknown>' is not assignable to type '() => LoaderComponent<{}>'.
    Type 'Promise<unknown>' is not assignable to type 'LoaderComponent<{}>'.
      Type 'unknown' is not assignable to type 'ComponentType<{}> | ComponentModule<{}>'.
src/lib/registry.ts(5532,24): error TS2345: Argument of type '() => Promise<unknown>' is not assignable to parameter of type 'DynamicOptions<{}> | Loader<{}>'.
  Type '() => Promise<unknown>' is not assignable to type '() => LoaderComponent<{}>'.
    Type 'Promise<unknown>' is not assignable to type 'LoaderComponent<{}>'.
      Type 'unknown' is not assignable to type 'ComponentType<{}> | ComponentModule<{}>'.
src/lib/registry.ts(5542,24): error TS2345: Argument of type '() => Promise<unknown>' is not assignable to parameter of type 'DynamicOptions<{}> | Loader<{}>'.
  Type '() => Promise<unknown>' is not assignable to type '() => LoaderComponent<{}>'.
    Type 'Promise<unknown>' is not assignable to type 'LoaderComponent<{}>'.
      Type 'unknown' is not assignable to type 'ComponentType<{}> | ComponentModule<{}>'.
src/lib/registry.ts(5552,24): error TS2345: Argument of type '() => Promise<unknown>' is not assignable to parameter of type 'DynamicOptions<{}> | Loader<{}>'.
  Type '() => Promise<unknown>' is not assignable to type '() => LoaderComponent<{}>'.
    Type 'Promise<unknown>' is not assignable to type 'LoaderComponent<{}>'.
      Type 'unknown' is not assignable to type 'ComponentType<{}> | ComponentModule<{}>'.
src/lib/registry.ts(5562,24): error TS2345: Argument of type '() => Promise<unknown>' is not assignable to parameter of type 'DynamicOptions<{}> | Loader<{}>'.
  Type '() => Promise<unknown>' is not assignable to type '() => LoaderComponent<{}>'.
    Type 'Promise<unknown>' is not assignable to type 'LoaderComponent<{}>'.
      Type 'unknown' is not assignable to type 'ComponentType<{}> | ComponentModule<{}>'.
src/lib/registry.ts(5572,24): error TS2345: Argument of type '() => Promise<unknown>' is not assignable to parameter of type 'DynamicOptions<{}> | Loader<{}>'.
  Type '() => Promise<unknown>' is not assignable to type '() => LoaderComponent<{}>'.
    Type 'Promise<unknown>' is not assignable to type 'LoaderComponent<{}>'.
      Type 'unknown' is not assignable to type 'ComponentType<{}> | ComponentModule<{}>'.
src/lib/registry.ts(5582,24): error TS2345: Argument of type '() => Promise<unknown>' is not assignable to parameter of type 'DynamicOptions<{}> | Loader<{}>'.
  Type '() => Promise<unknown>' is not assignable to type '() => LoaderComponent<{}>'.
    Type 'Promise<unknown>' is not assignable to type 'LoaderComponent<{}>'.
      Type 'unknown' is not assignable to type 'ComponentType<{}> | ComponentModule<{}>'.
src/lib/registry.ts(5592,24): error TS2345: Argument of type '() => Promise<unknown>' is not assignable to parameter of type 'DynamicOptions<{}> | Loader<{}>'.
  Type '() => Promise<unknown>' is not assignable to type '() => LoaderComponent<{}>'.
    Type 'Promise<unknown>' is not assignable to type 'LoaderComponent<{}>'.
      Type 'unknown' is not assignable to type 'ComponentType<{}> | ComponentModule<{}>'.
src/lib/registry.ts(5602,24): error TS2345: Argument of type '() => Promise<unknown>' is not assignable to parameter of type 'DynamicOptions<{}> | Loader<{}>'.
  Type '() => Promise<unknown>' is not assignable to type '() => LoaderComponent<{}>'.
    Type 'Promise<unknown>' is not assignable to type 'LoaderComponent<{}>'.
      Type 'unknown' is not assignable to type 'ComponentType<{}> | ComponentModule<{}>'.
src/lib/registry.ts(5612,24): error TS2345: Argument of type '() => Promise<unknown>' is not assignable to parameter of type 'DynamicOptions<{}> | Loader<{}>'.
  Type '() => Promise<unknown>' is not assignable to type '() => LoaderComponent<{}>'.
    Type 'Promise<unknown>' is not assignable to type 'LoaderComponent<{}>'.
      Type 'unknown' is not assignable to type 'ComponentType<{}> | ComponentModule<{}>'.
src/lib/registry.ts(5622,24): error TS2345: Argument of type '() => Promise<unknown>' is not assignable to parameter of type 'DynamicOptions<{}> | Loader<{}>'.
  Type '() => Promise<unknown>' is not assignable to type '() => LoaderComponent<{}>'.
    Type 'Promise<unknown>' is not assignable to type 'LoaderComponent<{}>'.
      Type 'unknown' is not assignable to type 'ComponentType<{}> | ComponentModule<{}>'.
src/lib/registry.ts(5632,24): error TS2345: Argument of type '() => Promise<unknown>' is not assignable to parameter of type 'DynamicOptions<{}> | Loader<{}>'.
  Type '() => Promise<unknown>' is not assignable to type '() => LoaderComponent<{}>'.
    Type 'Promise<unknown>' is not assignable to type 'LoaderComponent<{}>'.
      Type 'unknown' is not assignable to type 'ComponentType<{}> | ComponentModule<{}>'.
src/lib/registry.ts(5642,24): error TS2345: Argument of type '() => Promise<unknown>' is not assignable to parameter of type 'DynamicOptions<{}> | Loader<{}>'.
  Type '() => Promise<unknown>' is not assignable to type '() => LoaderComponent<{}>'.
    Type 'Promise<unknown>' is not assignable to type 'LoaderComponent<{}>'.
      Type 'unknown' is not assignable to type 'ComponentType<{}> | ComponentModule<{}>'.
src/lib/registry.ts(5652,24): error TS2345: Argument of type '() => Promise<unknown>' is not assignable to parameter of type 'DynamicOptions<{}> | Loader<{}>'.
  Type '() => Promise<unknown>' is not assignable to type '() => LoaderComponent<{}>'.
    Type 'Promise<unknown>' is not assignable to type 'LoaderComponent<{}>'.
      Type 'unknown' is not assignable to type 'ComponentType<{}> | ComponentModule<{}>'.
src/lib/registry.ts(5662,24): error TS2345: Argument of type '() => Promise<unknown>' is not assignable to parameter of type 'DynamicOptions<{}> | Loader<{}>'.
  Type '() => Promise<unknown>' is not assignable to type '() => LoaderComponent<{}>'.
    Type 'Promise<unknown>' is not assignable to type 'LoaderComponent<{}>'.
      Type 'unknown' is not assignable to type 'ComponentType<{}> | ComponentModule<{}>'.
src/lib/registry.ts(5672,24): error TS2345: Argument of type '() => Promise<unknown>' is not assignable to parameter of type 'DynamicOptions<{}> | Loader<{}>'.
  Type '() => Promise<unknown>' is not assignable to type '() => LoaderComponent<{}>'.
    Type 'Promise<unknown>' is not assignable to type 'LoaderComponent<{}>'.
      Type 'unknown' is not assignable to type 'ComponentType<{}> | ComponentModule<{}>'.
src/lib/registry.ts(5682,24): error TS2345: Argument of type '() => Promise<unknown>' is not assignable to parameter of type 'DynamicOptions<{}> | Loader<{}>'.
  Type '() => Promise<unknown>' is not assignable to type '() => LoaderComponent<{}>'.
    Type 'Promise<unknown>' is not assignable to type 'LoaderComponent<{}>'.
      Type 'unknown' is not assignable to type 'ComponentType<{}> | ComponentModule<{}>'.
src/lib/registry.ts(5692,24): error TS2345: Argument of type '() => Promise<unknown>' is not assignable to parameter of type 'DynamicOptions<{}> | Loader<{}>'.
  Type '() => Promise<unknown>' is not assignable to type '() => LoaderComponent<{}>'.
    Type 'Promise<unknown>' is not assignable to type 'LoaderComponent<{}>'.
      Type 'unknown' is not assignable to type 'ComponentType<{}> | ComponentModule<{}>'.
src/lib/registry.ts(5702,24): error TS2345: Argument of type '() => Promise<unknown>' is not assignable to parameter of type 'DynamicOptions<{}> | Loader<{}>'.
  Type '() => Promise<unknown>' is not assignable to type '() => LoaderComponent<{}>'.
    Type 'Promise<unknown>' is not assignable to type 'LoaderComponent<{}>'.
      Type 'unknown' is not assignable to type 'ComponentType<{}> | ComponentModule<{}>'.
src/lib/registry.ts(5712,24): error TS2345: Argument of type '() => Promise<unknown>' is not assignable to parameter of type 'DynamicOptions<{}> | Loader<{}>'.
  Type '() => Promise<unknown>' is not assignable to type '() => LoaderComponent<{}>'.
    Type 'Promise<unknown>' is not assignable to type 'LoaderComponent<{}>'.
      Type 'unknown' is not assignable to type 'ComponentType<{}> | ComponentModule<{}>'.
src/lib/registry.ts(5722,24): error TS2345: Argument of type '() => Promise<unknown>' is not assignable to parameter of type 'DynamicOptions<{}> | Loader<{}>'.
  Type '() => Promise<unknown>' is not assignable to type '() => LoaderComponent<{}>'.
    Type 'Promise<unknown>' is not assignable to type 'LoaderComponent<{}>'.
      Type 'unknown' is not assignable to type 'ComponentType<{}> | ComponentModule<{}>'.
src/lib/registry.ts(5732,24): error TS2345: Argument of type '() => Promise<unknown>' is not assignable to parameter of type 'DynamicOptions<{}> | Loader<{}>'.
  Type '() => Promise<unknown>' is not assignable to type '() => LoaderComponent<{}>'.
    Type 'Promise<unknown>' is not assignable to type 'LoaderComponent<{}>'.
      Type 'unknown' is not assignable to type 'ComponentType<{}> | ComponentModule<{}>'.
src/lib/registry.ts(5742,24): error TS2345: Argument of type '() => Promise<unknown>' is not assignable to parameter of type 'DynamicOptions<{}> | Loader<{}>'.
  Type '() => Promise<unknown>' is not assignable to type '() => LoaderComponent<{}>'.
    Type 'Promise<unknown>' is not assignable to type 'LoaderComponent<{}>'.
      Type 'unknown' is not assignable to type 'ComponentType<{}> | ComponentModule<{}>'.
src/lib/registry.ts(5752,24): error TS2345: Argument of type '() => Promise<unknown>' is not assignable to parameter of type 'DynamicOptions<{}> | Loader<{}>'.
  Type '() => Promise<unknown>' is not assignable to type '() => LoaderComponent<{}>'.
    Type 'Promise<unknown>' is not assignable to type 'LoaderComponent<{}>'.
      Type 'unknown' is not assignable to type 'ComponentType<{}> | ComponentModule<{}>'.
src/lib/registry.ts(5762,24): error TS2345: Argument of type '() => Promise<unknown>' is not assignable to parameter of type 'DynamicOptions<{}> | Loader<{}>'.
  Type '() => Promise<unknown>' is not assignable to type '() => LoaderComponent<{}>'.
    Type 'Promise<unknown>' is not assignable to type 'LoaderComponent<{}>'.
      Type 'unknown' is not assignable to type 'ComponentType<{}> | ComponentModule<{}>'.
src/lib/registry.ts(5772,24): error TS2345: Argument of type '() => Promise<unknown>' is not assignable to parameter of type 'DynamicOptions<{}> | Loader<{}>'.
  Type '() => Promise<unknown>' is not assignable to type '() => LoaderComponent<{}>'.
    Type 'Promise<unknown>' is not assignable to type 'LoaderComponent<{}>'.
      Type 'unknown' is not assignable to type 'ComponentType<{}> | ComponentModule<{}>'.
src/lib/registry.ts(5782,24): error TS2345: Argument of type '() => Promise<unknown>' is not assignable to parameter of type 'DynamicOptions<{}> | Loader<{}>'.
  Type '() => Promise<unknown>' is not assignable to type '() => LoaderComponent<{}>'.
    Type 'Promise<unknown>' is not assignable to type 'LoaderComponent<{}>'.
      Type 'unknown' is not assignable to type 'ComponentType<{}> | ComponentModule<{}>'.
src/lib/registry.ts(5792,24): error TS2345: Argument of type '() => Promise<unknown>' is not assignable to parameter of type 'DynamicOptions<{}> | Loader<{}>'.
  Type '() => Promise<unknown>' is not assignable to type '() => LoaderComponent<{}>'.
    Type 'Promise<unknown>' is not assignable to type 'LoaderComponent<{}>'.
      Type 'unknown' is not assignable to type 'ComponentType<{}> | ComponentModule<{}>'.
src/lib/registry.ts(5802,24): error TS2345: Argument of type '() => Promise<unknown>' is not assignable to parameter of type 'DynamicOptions<{}> | Loader<{}>'.
  Type '() => Promise<unknown>' is not assignable to type '() => LoaderComponent<{}>'.
    Type 'Promise<unknown>' is not assignable to type 'LoaderComponent<{}>'.
      Type 'unknown' is not assignable to type 'ComponentType<{}> | ComponentModule<{}>'.
src/lib/registry.ts(5812,24): error TS2345: Argument of type '() => Promise<unknown>' is not assignable to parameter of type 'DynamicOptions<{}> | Loader<{}>'.
  Type '() => Promise<unknown>' is not assignable to type '() => LoaderComponent<{}>'.
    Type 'Promise<unknown>' is not assignable to type 'LoaderComponent<{}>'.
      Type 'unknown' is not assignable to type 'ComponentType<{}> | ComponentModule<{}>'.
src/lib/registry.ts(5822,24): error TS2345: Argument of type '() => Promise<unknown>' is not assignable to parameter of type 'DynamicOptions<{}> | Loader<{}>'.
  Type '() => Promise<unknown>' is not assignable to type '() => LoaderComponent<{}>'.
    Type 'Promise<unknown>' is not assignable to type 'LoaderComponent<{}>'.
      Type 'unknown' is not assignable to type 'ComponentType<{}> | ComponentModule<{}>'.
src/lib/registry.ts(5832,24): error TS2345: Argument of type '() => Promise<unknown>' is not assignable to parameter of type 'DynamicOptions<{}> | Loader<{}>'.
  Type '() => Promise<unknown>' is not assignable to type '() => LoaderComponent<{}>'.
    Type 'Promise<unknown>' is not assignable to type 'LoaderComponent<{}>'.
      Type 'unknown' is not assignable to type 'ComponentType<{}> | ComponentModule<{}>'.
src/lib/registry.ts(5842,24): error TS2345: Argument of type '() => Promise<unknown>' is not assignable to parameter of type 'DynamicOptions<{}> | Loader<{}>'.
  Type '() => Promise<unknown>' is not assignable to type '() => LoaderComponent<{}>'.
    Type 'Promise<unknown>' is not assignable to type 'LoaderComponent<{}>'.
      Type 'unknown' is not assignable to type 'ComponentType<{}> | ComponentModule<{}>'.
src/lib/registry.ts(5852,24): error TS2345: Argument of type '() => Promise<unknown>' is not assignable to parameter of type 'DynamicOptions<{}> | Loader<{}>'.
  Type '() => Promise<unknown>' is not assignable to type '() => LoaderComponent<{}>'.
    Type 'Promise<unknown>' is not assignable to type 'LoaderComponent<{}>'.
      Type 'unknown' is not assignable to type 'ComponentType<{}> | ComponentModule<{}>'.
src/lib/registry.ts(5862,24): error TS2345: Argument of type '() => Promise<unknown>' is not assignable to parameter of type 'DynamicOptions<{}> | Loader<{}>'.
  Type '() => Promise<unknown>' is not assignable to type '() => LoaderComponent<{}>'.
    Type 'Promise<unknown>' is not assignable to type 'LoaderComponent<{}>'.
      Type 'unknown' is not assignable to type 'ComponentType<{}> | ComponentModule<{}>'.
src/lib/registry.ts(5872,24): error TS2345: Argument of type '() => Promise<unknown>' is not assignable to parameter of type 'DynamicOptions<{}> | Loader<{}>'.
  Type '() => Promise<unknown>' is not assignable to type '() => LoaderComponent<{}>'.
    Type 'Promise<unknown>' is not assignable to type 'LoaderComponent<{}>'.
      Type 'unknown' is not assignable to type 'ComponentType<{}> | ComponentModule<{}>'.
src/lib/registry.ts(5879,3): error TS1117: An object literal cannot have multiple properties with the same name.
src/lib/registry.ts(5882,24): error TS2345: Argument of type '() => Promise<unknown>' is not assignable to parameter of type 'DynamicOptions<{}> | Loader<{}>'.
  Type '() => Promise<unknown>' is not assignable to type '() => LoaderComponent<{}>'.
    Type 'Promise<unknown>' is not assignable to type 'LoaderComponent<{}>'.
      Type 'unknown' is not assignable to type 'ComponentType<{}> | ComponentModule<{}>'.
src/lib/registry.ts(5892,24): error TS2345: Argument of type '() => Promise<unknown>' is not assignable to parameter of type 'DynamicOptions<{}> | Loader<{}>'.
  Type '() => Promise<unknown>' is not assignable to type '() => LoaderComponent<{}>'.
    Type 'Promise<unknown>' is not assignable to type 'LoaderComponent<{}>'.
      Type 'unknown' is not assignable to type 'ComponentType<{}> | ComponentModule<{}>'.
src/lib/registry.ts(5902,24): error TS2345: Argument of type '() => Promise<unknown>' is not assignable to parameter of type 'DynamicOptions<{}> | Loader<{}>'.
  Type '() => Promise<unknown>' is not assignable to type '() => LoaderComponent<{}>'.
    Type 'Promise<unknown>' is not assignable to type 'LoaderComponent<{}>'.
      Type 'unknown' is not assignable to type 'ComponentType<{}> | ComponentModule<{}>'.
src/lib/registry.ts(5912,24): error TS2345: Argument of type '() => Promise<unknown>' is not assignable to parameter of type 'DynamicOptions<{}> | Loader<{}>'.
  Type '() => Promise<unknown>' is not assignable to type '() => LoaderComponent<{}>'.
    Type 'Promise<unknown>' is not assignable to type 'LoaderComponent<{}>'.
      Type 'unknown' is not assignable to type 'ComponentType<{}> | ComponentModule<{}>'.
src/lib/registry.ts(5922,24): error TS2345: Argument of type '() => Promise<unknown>' is not assignable to parameter of type 'DynamicOptions<{}> | Loader<{}>'.
  Type '() => Promise<unknown>' is not assignable to type '() => LoaderComponent<{}>'.
    Type 'Promise<unknown>' is not assignable to type 'LoaderComponent<{}>'.
      Type 'unknown' is not assignable to type 'ComponentType<{}> | ComponentModule<{}>'.
src/lib/registry.ts(5932,24): error TS2345: Argument of type '() => Promise<unknown>' is not assignable to parameter of type 'DynamicOptions<{}> | Loader<{}>'.
  Type '() => Promise<unknown>' is not assignable to type '() => LoaderComponent<{}>'.
    Type 'Promise<unknown>' is not assignable to type 'LoaderComponent<{}>'.
      Type 'unknown' is not assignable to type 'ComponentType<{}> | ComponentModule<{}>'.
src/lib/registry.ts(5942,24): error TS2345: Argument of type '() => Promise<unknown>' is not assignable to parameter of type 'DynamicOptions<{}> | Loader<{}>'.
  Type '() => Promise<unknown>' is not assignable to type '() => LoaderComponent<{}>'.
    Type 'Promise<unknown>' is not assignable to type 'LoaderComponent<{}>'.
      Type 'unknown' is not assignable to type 'ComponentType<{}> | ComponentModule<{}>'.
src/lib/registry.ts(5952,24): error TS2345: Argument of type '() => Promise<unknown>' is not assignable to parameter of type 'DynamicOptions<{}> | Loader<{}>'.
  Type '() => Promise<unknown>' is not assignable to type '() => LoaderComponent<{}>'.
    Type 'Promise<unknown>' is not assignable to type 'LoaderComponent<{}>'.
      Type 'unknown' is not assignable to type 'ComponentType<{}> | ComponentModule<{}>'.
src/lib/registry.ts(5962,24): error TS2345: Argument of type '() => Promise<unknown>' is not assignable to parameter of type 'DynamicOptions<{}> | Loader<{}>'.
  Type '() => Promise<unknown>' is not assignable to type '() => LoaderComponent<{}>'.
    Type 'Promise<unknown>' is not assignable to type 'LoaderComponent<{}>'.
      Type 'unknown' is not assignable to type 'ComponentType<{}> | ComponentModule<{}>'.
src/lib/registry.ts(5972,24): error TS2345: Argument of type '() => Promise<unknown>' is not assignable to parameter of type 'DynamicOptions<{}> | Loader<{}>'.
  Type '() => Promise<unknown>' is not assignable to type '() => LoaderComponent<{}>'.
    Type 'Promise<unknown>' is not assignable to type 'LoaderComponent<{}>'.
      Type 'unknown' is not assignable to type 'ComponentType<{}> | ComponentModule<{}>'.
src/lib/registry.ts(5979,3): error TS1117: An object literal cannot have multiple properties with the same name.
src/lib/registry.ts(5982,24): error TS2345: Argument of type '() => Promise<unknown>' is not assignable to parameter of type 'DynamicOptions<{}> | Loader<{}>'.
  Type '() => Promise<unknown>' is not assignable to type '() => LoaderComponent<{}>'.
    Type 'Promise<unknown>' is not assignable to type 'LoaderComponent<{}>'.
      Type 'unknown' is not assignable to type 'ComponentType<{}> | ComponentModule<{}>'.
src/lib/registry.ts(5992,24): error TS2345: Argument of type '() => Promise<unknown>' is not assignable to parameter of type 'DynamicOptions<{}> | Loader<{}>'.
  Type '() => Promise<unknown>' is not assignable to type '() => LoaderComponent<{}>'.
    Type 'Promise<unknown>' is not assignable to type 'LoaderComponent<{}>'.
      Type 'unknown' is not assignable to type 'ComponentType<{}> | ComponentModule<{}>'.
src/lib/registry.ts(6002,24): error TS2345: Argument of type '() => Promise<unknown>' is not assignable to parameter of type 'DynamicOptions<{}> | Loader<{}>'.
  Type '() => Promise<unknown>' is not assignable to type '() => LoaderComponent<{}>'.
    Type 'Promise<unknown>' is not assignable to type 'LoaderComponent<{}>'.
      Type 'unknown' is not assignable to type 'ComponentType<{}> | ComponentModule<{}>'.
src/lib/registry.ts(6012,24): error TS2345: Argument of type '() => Promise<unknown>' is not assignable to parameter of type 'DynamicOptions<{}> | Loader<{}>'.
  Type '() => Promise<unknown>' is not assignable to type '() => LoaderComponent<{}>'.
    Type 'Promise<unknown>' is not assignable to type 'LoaderComponent<{}>'.
      Type 'unknown' is not assignable to type 'ComponentType<{}> | ComponentModule<{}>'.
src/lib/registry.ts(6022,24): error TS2345: Argument of type '() => Promise<unknown>' is not assignable to parameter of type 'DynamicOptions<{}> | Loader<{}>'.
  Type '() => Promise<unknown>' is not assignable to type '() => LoaderComponent<{}>'.
    Type 'Promise<unknown>' is not assignable to type 'LoaderComponent<{}>'.
      Type 'unknown' is not assignable to type 'ComponentType<{}> | ComponentModule<{}>'.
src/lib/registry.ts(6032,24): error TS2345: Argument of type '() => Promise<unknown>' is not assignable to parameter of type 'DynamicOptions<{}> | Loader<{}>'.
  Type '() => Promise<unknown>' is not assignable to type '() => LoaderComponent<{}>'.
    Type 'Promise<unknown>' is not assignable to type 'LoaderComponent<{}>'.
      Type 'unknown' is not assignable to type 'ComponentType<{}> | ComponentModule<{}>'.
src/lib/registry.ts(6042,24): error TS2345: Argument of type '() => Promise<unknown>' is not assignable to parameter of type 'DynamicOptions<{}> | Loader<{}>'.
  Type '() => Promise<unknown>' is not assignable to type '() => LoaderComponent<{}>'.
    Type 'Promise<unknown>' is not assignable to type 'LoaderComponent<{}>'.
      Type 'unknown' is not assignable to type 'ComponentType<{}> | ComponentModule<{}>'.
src/lib/registry.ts(6052,24): error TS2345: Argument of type '() => Promise<unknown>' is not assignable to parameter of type 'DynamicOptions<{}> | Loader<{}>'.
  Type '() => Promise<unknown>' is not assignable to type '() => LoaderComponent<{}>'.
    Type 'Promise<unknown>' is not assignable to type 'LoaderComponent<{}>'.
      Type 'unknown' is not assignable to type 'ComponentType<{}> | ComponentModule<{}>'.
src/lib/registry.ts(6062,24): error TS2345: Argument of type '() => Promise<unknown>' is not assignable to parameter of type 'DynamicOptions<{}> | Loader<{}>'.
  Type '() => Promise<unknown>' is not assignable to type '() => LoaderComponent<{}>'.
    Type 'Promise<unknown>' is not assignable to type 'LoaderComponent<{}>'.
      Type 'unknown' is not assignable to type 'ComponentType<{}> | ComponentModule<{}>'.
src/lib/registry.ts(6072,24): error TS2345: Argument of type '() => Promise<unknown>' is not assignable to parameter of type 'DynamicOptions<{}> | Loader<{}>'.
  Type '() => Promise<unknown>' is not assignable to type '() => LoaderComponent<{}>'.
    Type 'Promise<unknown>' is not assignable to type 'LoaderComponent<{}>'.
      Type 'unknown' is not assignable to type 'ComponentType<{}> | ComponentModule<{}>'.
src/lib/registry.ts(6082,24): error TS2345: Argument of type '() => Promise<unknown>' is not assignable to parameter of type 'DynamicOptions<{}> | Loader<{}>'.
  Type '() => Promise<unknown>' is not assignable to type '() => LoaderComponent<{}>'.
    Type 'Promise<unknown>' is not assignable to type 'LoaderComponent<{}>'.
      Type 'unknown' is not assignable to type 'ComponentType<{}> | ComponentModule<{}>'.
src/lib/registry.ts(6092,24): error TS2345: Argument of type '() => Promise<unknown>' is not assignable to parameter of type 'DynamicOptions<{}> | Loader<{}>'.
  Type '() => Promise<unknown>' is not assignable to type '() => LoaderComponent<{}>'.
    Type 'Promise<unknown>' is not assignable to type 'LoaderComponent<{}>'.
      Type 'unknown' is not assignable to type 'ComponentType<{}> | ComponentModule<{}>'.
src/lib/registry.ts(6102,24): error TS2345: Argument of type '() => Promise<unknown>' is not assignable to parameter of type 'DynamicOptions<{}> | Loader<{}>'.
  Type '() => Promise<unknown>' is not assignable to type '() => LoaderComponent<{}>'.
    Type 'Promise<unknown>' is not assignable to type 'LoaderComponent<{}>'.
      Type 'unknown' is not assignable to type 'ComponentType<{}> | ComponentModule<{}>'.
src/lib/registry.ts(6112,24): error TS2345: Argument of type '() => Promise<unknown>' is not assignable to parameter of type 'DynamicOptions<{}> | Loader<{}>'.
  Type '() => Promise<unknown>' is not assignable to type '() => LoaderComponent<{}>'.
    Type 'Promise<unknown>' is not assignable to type 'LoaderComponent<{}>'.
      Type 'unknown' is not assignable to type 'ComponentType<{}> | ComponentModule<{}>'.
src/lib/registry.ts(6122,24): error TS2345: Argument of type '() => Promise<unknown>' is not assignable to parameter of type 'DynamicOptions<{}> | Loader<{}>'.
  Type '() => Promise<unknown>' is not assignable to type '() => LoaderComponent<{}>'.
    Type 'Promise<unknown>' is not assignable to type 'LoaderComponent<{}>'.
      Type 'unknown' is not assignable to type 'ComponentType<{}> | ComponentModule<{}>'.
src/lib/registry.ts(6132,24): error TS2345: Argument of type '() => Promise<unknown>' is not assignable to parameter of type 'DynamicOptions<{}> | Loader<{}>'.
  Type '() => Promise<unknown>' is not assignable to type '() => LoaderComponent<{}>'.
    Type 'Promise<unknown>' is not assignable to type 'LoaderComponent<{}>'.
      Type 'unknown' is not assignable to type 'ComponentType<{}> | ComponentModule<{}>'.
src/lib/registry.ts(6142,24): error TS2345: Argument of type '() => Promise<unknown>' is not assignable to parameter of type 'DynamicOptions<{}> | Loader<{}>'.
  Type '() => Promise<unknown>' is not assignable to type '() => LoaderComponent<{}>'.
    Type 'Promise<unknown>' is not assignable to type 'LoaderComponent<{}>'.
      Type 'unknown' is not assignable to type 'ComponentType<{}> | ComponentModule<{}>'.
src/lib/registry.ts(6152,24): error TS2345: Argument of type '() => Promise<unknown>' is not assignable to parameter of type 'DynamicOptions<{}> | Loader<{}>'.
  Type '() => Promise<unknown>' is not assignable to type '() => LoaderComponent<{}>'.
    Type 'Promise<unknown>' is not assignable to type 'LoaderComponent<{}>'.
      Type 'unknown' is not assignable to type 'ComponentType<{}> | ComponentModule<{}>'.
src/lib/registry.ts(6162,24): error TS2345: Argument of type '() => Promise<unknown>' is not assignable to parameter of type 'DynamicOptions<{}> | Loader<{}>'.
  Type '() => Promise<unknown>' is not assignable to type '() => LoaderComponent<{}>'.
    Type 'Promise<unknown>' is not assignable to type 'LoaderComponent<{}>'.
      Type 'unknown' is not assignable to type 'ComponentType<{}> | ComponentModule<{}>'.
src/lib/registry.ts(6172,24): error TS2345: Argument of type '() => Promise<unknown>' is not assignable to parameter of type 'DynamicOptions<{}> | Loader<{}>'.
  Type '() => Promise<unknown>' is not assignable to type '() => LoaderComponent<{}>'.
    Type 'Promise<unknown>' is not assignable to type 'LoaderComponent<{}>'.
      Type 'unknown' is not assignable to type 'ComponentType<{}> | ComponentModule<{}>'.
src/lib/registry.ts(6182,24): error TS2345: Argument of type '() => Promise<unknown>' is not assignable to parameter of type 'DynamicOptions<{}> | Loader<{}>'.
  Type '() => Promise<unknown>' is not assignable to type '() => LoaderComponent<{}>'.
    Type 'Promise<unknown>' is not assignable to type 'LoaderComponent<{}>'.
      Type 'unknown' is not assignable to type 'ComponentType<{}> | ComponentModule<{}>'.
src/lib/registry.ts(6192,24): error TS2345: Argument of type '() => Promise<unknown>' is not assignable to parameter of type 'DynamicOptions<{}> | Loader<{}>'.
  Type '() => Promise<unknown>' is not assignable to type '() => LoaderComponent<{}>'.
    Type 'Promise<unknown>' is not assignable to type 'LoaderComponent<{}>'.
      Type 'unknown' is not assignable to type 'ComponentType<{}> | ComponentModule<{}>'.
src/lib/registry.ts(6202,24): error TS2345: Argument of type '() => Promise<unknown>' is not assignable to parameter of type 'DynamicOptions<{}> | Loader<{}>'.
  Type '() => Promise<unknown>' is not assignable to type '() => LoaderComponent<{}>'.
    Type 'Promise<unknown>' is not assignable to type 'LoaderComponent<{}>'.
      Type 'unknown' is not assignable to type 'ComponentType<{}> | ComponentModule<{}>'.
src/lib/registry.ts(6212,24): error TS2345: Argument of type '() => Promise<unknown>' is not assignable to parameter of type 'DynamicOptions<{}> | Loader<{}>'.
  Type '() => Promise<unknown>' is not assignable to type '() => LoaderComponent<{}>'.
    Type 'Promise<unknown>' is not assignable to type 'LoaderComponent<{}>'.
      Type 'unknown' is not assignable to type 'ComponentType<{}> | ComponentModule<{}>'.
src/lib/registry.ts(6222,24): error TS2345: Argument of type '() => Promise<unknown>' is not assignable to parameter of type 'DynamicOptions<{}> | Loader<{}>'.
  Type '() => Promise<unknown>' is not assignable to type '() => LoaderComponent<{}>'.
    Type 'Promise<unknown>' is not assignable to type 'LoaderComponent<{}>'.
      Type 'unknown' is not assignable to type 'ComponentType<{}> | ComponentModule<{}>'.
src/lib/registry.ts(6232,24): error TS2345: Argument of type '() => Promise<unknown>' is not assignable to parameter of type 'DynamicOptions<{}> | Loader<{}>'.
  Type '() => Promise<unknown>' is not assignable to type '() => LoaderComponent<{}>'.
    Type 'Promise<unknown>' is not assignable to type 'LoaderComponent<{}>'.
      Type 'unknown' is not assignable to type 'ComponentType<{}> | ComponentModule<{}>'.
src/lib/registry.ts(6242,24): error TS2345: Argument of type '() => Promise<unknown>' is not assignable to parameter of type 'DynamicOptions<{}> | Loader<{}>'.
  Type '() => Promise<unknown>' is not assignable to type '() => LoaderComponent<{}>'.
    Type 'Promise<unknown>' is not assignable to type 'LoaderComponent<{}>'.
      Type 'unknown' is not assignable to type 'ComponentType<{}> | ComponentModule<{}>'.
src/lib/registry.ts(6252,24): error TS2345: Argument of type '() => Promise<unknown>' is not assignable to parameter of type 'DynamicOptions<{}> | Loader<{}>'.
  Type '() => Promise<unknown>' is not assignable to type '() => LoaderComponent<{}>'.
    Type 'Promise<unknown>' is not assignable to type 'LoaderComponent<{}>'.
      Type 'unknown' is not assignable to type 'ComponentType<{}> | ComponentModule<{}>'.
src/lib/registry.ts(6262,24): error TS2345: Argument of type '() => Promise<unknown>' is not assignable to parameter of type 'DynamicOptions<{}> | Loader<{}>'.
  Type '() => Promise<unknown>' is not assignable to type '() => LoaderComponent<{}>'.
    Type 'Promise<unknown>' is not assignable to type 'LoaderComponent<{}>'.
      Type 'unknown' is not assignable to type 'ComponentType<{}> | ComponentModule<{}>'.
src/lib/registry.ts(6272,24): error TS2345: Argument of type '() => Promise<unknown>' is not assignable to parameter of type 'DynamicOptions<{}> | Loader<{}>'.
  Type '() => Promise<unknown>' is not assignable to type '() => LoaderComponent<{}>'.
    Type 'Promise<unknown>' is not assignable to type 'LoaderComponent<{}>'.
      Type 'unknown' is not assignable to type 'ComponentType<{}> | ComponentModule<{}>'.
src/lib/registry.ts(6282,24): error TS2345: Argument of type '() => Promise<unknown>' is not assignable to parameter of type 'DynamicOptions<{}> | Loader<{}>'.
  Type '() => Promise<unknown>' is not assignable to type '() => LoaderComponent<{}>'.
    Type 'Promise<unknown>' is not assignable to type 'LoaderComponent<{}>'.
      Type 'unknown' is not assignable to type 'ComponentType<{}> | ComponentModule<{}>'.
src/lib/registry.ts(6292,24): error TS2345: Argument of type '() => Promise<unknown>' is not assignable to parameter of type 'DynamicOptions<{}> | Loader<{}>'.
  Type '() => Promise<unknown>' is not assignable to type '() => LoaderComponent<{}>'.
    Type 'Promise<unknown>' is not assignable to type 'LoaderComponent<{}>'.
      Type 'unknown' is not assignable to type 'ComponentType<{}> | ComponentModule<{}>'.
src/lib/registry.ts(6302,24): error TS2345: Argument of type '() => Promise<unknown>' is not assignable to parameter of type 'DynamicOptions<{}> | Loader<{}>'.
  Type '() => Promise<unknown>' is not assignable to type '() => LoaderComponent<{}>'.
    Type 'Promise<unknown>' is not assignable to type 'LoaderComponent<{}>'.
      Type 'unknown' is not assignable to type 'ComponentType<{}> | ComponentModule<{}>'.
src/lib/registry.ts(6312,24): error TS2345: Argument of type '() => Promise<unknown>' is not assignable to parameter of type 'DynamicOptions<{}> | Loader<{}>'.
  Type '() => Promise<unknown>' is not assignable to type '() => LoaderComponent<{}>'.
    Type 'Promise<unknown>' is not assignable to type 'LoaderComponent<{}>'.
      Type 'unknown' is not assignable to type 'ComponentType<{}> | ComponentModule<{}>'.
src/lib/registry.ts(6322,24): error TS2345: Argument of type '() => Promise<unknown>' is not assignable to parameter of type 'DynamicOptions<{}> | Loader<{}>'.
  Type '() => Promise<unknown>' is not assignable to type '() => LoaderComponent<{}>'.
    Type 'Promise<unknown>' is not assignable to type 'LoaderComponent<{}>'.
      Type 'unknown' is not assignable to type 'ComponentType<{}> | ComponentModule<{}>'.
src/lib/registry.ts(6332,24): error TS2345: Argument of type '() => Promise<unknown>' is not assignable to parameter of type 'DynamicOptions<{}> | Loader<{}>'.
  Type '() => Promise<unknown>' is not assignable to type '() => LoaderComponent<{}>'.
    Type 'Promise<unknown>' is not assignable to type 'LoaderComponent<{}>'.
      Type 'unknown' is not assignable to type 'ComponentType<{}> | ComponentModule<{}>'.
src/lib/registry.ts(6342,24): error TS2345: Argument of type '() => Promise<unknown>' is not assignable to parameter of type 'DynamicOptions<{}> | Loader<{}>'.
  Type '() => Promise<unknown>' is not assignable to type '() => LoaderComponent<{}>'.
    Type 'Promise<unknown>' is not assignable to type 'LoaderComponent<{}>'.
      Type 'unknown' is not assignable to type 'ComponentType<{}> | ComponentModule<{}>'.
src/lib/registry.ts(6352,24): error TS2345: Argument of type '() => Promise<unknown>' is not assignable to parameter of type 'DynamicOptions<{}> | Loader<{}>'.
  Type '() => Promise<unknown>' is not assignable to type '() => LoaderComponent<{}>'.
    Type 'Promise<unknown>' is not assignable to type 'LoaderComponent<{}>'.
      Type 'unknown' is not assignable to type 'ComponentType<{}> | ComponentModule<{}>'.
src/lib/registry.ts(6362,24): error TS2345: Argument of type '() => Promise<unknown>' is not assignable to parameter of type 'DynamicOptions<{}> | Loader<{}>'.
  Type '() => Promise<unknown>' is not assignable to type '() => LoaderComponent<{}>'.
    Type 'Promise<unknown>' is not assignable to type 'LoaderComponent<{}>'.
      Type 'unknown' is not assignable to type 'ComponentType<{}> | ComponentModule<{}>'.
src/lib/registry.ts(6372,24): error TS2345: Argument of type '() => Promise<unknown>' is not assignable to parameter of type 'DynamicOptions<{}> | Loader<{}>'.
  Type '() => Promise<unknown>' is not assignable to type '() => LoaderComponent<{}>'.
    Type 'Promise<unknown>' is not assignable to type 'LoaderComponent<{}>'.
      Type 'unknown' is not assignable to type 'ComponentType<{}> | ComponentModule<{}>'.
src/lib/registry.ts(6382,24): error TS2345: Argument of type '() => Promise<unknown>' is not assignable to parameter of type 'DynamicOptions<{}> | Loader<{}>'.
  Type '() => Promise<unknown>' is not assignable to type '() => LoaderComponent<{}>'.
    Type 'Promise<unknown>' is not assignable to type 'LoaderComponent<{}>'.
      Type 'unknown' is not assignable to type 'ComponentType<{}> | ComponentModule<{}>'.
src/lib/registry.ts(6392,24): error TS2345: Argument of type '() => Promise<unknown>' is not assignable to parameter of type 'DynamicOptions<{}> | Loader<{}>'.
  Type '() => Promise<unknown>' is not assignable to type '() => LoaderComponent<{}>'.
    Type 'Promise<unknown>' is not assignable to type 'LoaderComponent<{}>'.
      Type 'unknown' is not assignable to type 'ComponentType<{}> | ComponentModule<{}>'.
src/lib/registry.ts(6402,24): error TS2345: Argument of type '() => Promise<unknown>' is not assignable to parameter of type 'DynamicOptions<{}> | Loader<{}>'.
  Type '() => Promise<unknown>' is not assignable to type '() => LoaderComponent<{}>'.
    Type 'Promise<unknown>' is not assignable to type 'LoaderComponent<{}>'.
      Type 'unknown' is not assignable to type 'ComponentType<{}> | ComponentModule<{}>'.
src/lib/registry.ts(6412,24): error TS2345: Argument of type '() => Promise<unknown>' is not assignable to parameter of type 'DynamicOptions<{}> | Loader<{}>'.
  Type '() => Promise<unknown>' is not assignable to type '() => LoaderComponent<{}>'.
    Type 'Promise<unknown>' is not assignable to type 'LoaderComponent<{}>'.
      Type 'unknown' is not assignable to type 'ComponentType<{}> | ComponentModule<{}>'.
src/lib/registry.ts(6422,24): error TS2345: Argument of type '() => Promise<unknown>' is not assignable to parameter of type 'DynamicOptions<{}> | Loader<{}>'.
  Type '() => Promise<unknown>' is not assignable to type '() => LoaderComponent<{}>'.
    Type 'Promise<unknown>' is not assignable to type 'LoaderComponent<{}>'.
      Type 'unknown' is not assignable to type 'ComponentType<{}> | ComponentModule<{}>'.
src/lib/registry.ts(6432,24): error TS2345: Argument of type '() => Promise<unknown>' is not assignable to parameter of type 'DynamicOptions<{}> | Loader<{}>'.
  Type '() => Promise<unknown>' is not assignable to type '() => LoaderComponent<{}>'.
    Type 'Promise<unknown>' is not assignable to type 'LoaderComponent<{}>'.
      Type 'unknown' is not assignable to type 'ComponentType<{}> | ComponentModule<{}>'.
src/lib/registry.ts(6442,24): error TS2345: Argument of type '() => Promise<unknown>' is not assignable to parameter of type 'DynamicOptions<{}> | Loader<{}>'.
  Type '() => Promise<unknown>' is not assignable to type '() => LoaderComponent<{}>'.
    Type 'Promise<unknown>' is not assignable to type 'LoaderComponent<{}>'.
      Type 'unknown' is not assignable to type 'ComponentType<{}> | ComponentModule<{}>'.
src/lib/registry.ts(6452,24): error TS2345: Argument of type '() => Promise<unknown>' is not assignable to parameter of type 'DynamicOptions<{}> | Loader<{}>'.
  Type '() => Promise<unknown>' is not assignable to type '() => LoaderComponent<{}>'.
    Type 'Promise<unknown>' is not assignable to type 'LoaderComponent<{}>'.
      Type 'unknown' is not assignable to type 'ComponentType<{}> | ComponentModule<{}>'.
src/lib/registry.ts(6459,3): error TS1117: An object literal cannot have multiple properties with the same name.
src/lib/registry.ts(6462,24): error TS2345: Argument of type '() => Promise<unknown>' is not assignable to parameter of type 'DynamicOptions<{}> | Loader<{}>'.
  Type '() => Promise<unknown>' is not assignable to type '() => LoaderComponent<{}>'.
    Type 'Promise<unknown>' is not assignable to type 'LoaderComponent<{}>'.
      Type 'unknown' is not assignable to type 'ComponentType<{}> | ComponentModule<{}>'.
src/lib/registry.ts(6472,24): error TS2345: Argument of type '() => Promise<unknown>' is not assignable to parameter of type 'DynamicOptions<{}> | Loader<{}>'.
  Type '() => Promise<unknown>' is not assignable to type '() => LoaderComponent<{}>'.
    Type 'Promise<unknown>' is not assignable to type 'LoaderComponent<{}>'.
      Type 'unknown' is not assignable to type 'ComponentType<{}> | ComponentModule<{}>'.
src/lib/registry.ts(6482,24): error TS2345: Argument of type '() => Promise<unknown>' is not assignable to parameter of type 'DynamicOptions<{}> | Loader<{}>'.
  Type '() => Promise<unknown>' is not assignable to type '() => LoaderComponent<{}>'.
    Type 'Promise<unknown>' is not assignable to type 'LoaderComponent<{}>'.
      Type 'unknown' is not assignable to type 'ComponentType<{}> | ComponentModule<{}>'.
src/lib/registry.ts(6492,24): error TS2345: Argument of type '() => Promise<unknown>' is not assignable to parameter of type 'DynamicOptions<{}> | Loader<{}>'.
  Type '() => Promise<unknown>' is not assignable to type '() => LoaderComponent<{}>'.
    Type 'Promise<unknown>' is not assignable to type 'LoaderComponent<{}>'.
      Type 'unknown' is not assignable to type 'ComponentType<{}> | ComponentModule<{}>'.
src/lib/registry.ts(6502,24): error TS2345: Argument of type '() => Promise<unknown>' is not assignable to parameter of type 'DynamicOptions<{}> | Loader<{}>'.
  Type '() => Promise<unknown>' is not assignable to type '() => LoaderComponent<{}>'.
    Type 'Promise<unknown>' is not assignable to type 'LoaderComponent<{}>'.
      Type 'unknown' is not assignable to type 'ComponentType<{}> | ComponentModule<{}>'.
src/lib/registry.ts(6512,24): error TS2345: Argument of type '() => Promise<unknown>' is not assignable to parameter of type 'DynamicOptions<{}> | Loader<{}>'.
  Type '() => Promise<unknown>' is not assignable to type '() => LoaderComponent<{}>'.
    Type 'Promise<unknown>' is not assignable to type 'LoaderComponent<{}>'.
      Type 'unknown' is not assignable to type 'ComponentType<{}> | ComponentModule<{}>'.
src/lib/registry.ts(6522,24): error TS2345: Argument of type '() => Promise<unknown>' is not assignable to parameter of type 'DynamicOptions<{}> | Loader<{}>'.
  Type '() => Promise<unknown>' is not assignable to type '() => LoaderComponent<{}>'.
    Type 'Promise<unknown>' is not assignable to type 'LoaderComponent<{}>'.
      Type 'unknown' is not assignable to type 'ComponentType<{}> | ComponentModule<{}>'.
src/lib/registry.ts(6532,24): error TS2345: Argument of type '() => Promise<unknown>' is not assignable to parameter of type 'DynamicOptions<{}> | Loader<{}>'.
  Type '() => Promise<unknown>' is not assignable to type '() => LoaderComponent<{}>'.
    Type 'Promise<unknown>' is not assignable to type 'LoaderComponent<{}>'.
      Type 'unknown' is not assignable to type 'ComponentType<{}> | ComponentModule<{}>'.
src/lib/registry.ts(6542,24): error TS2345: Argument of type '() => Promise<unknown>' is not assignable to parameter of type 'DynamicOptions<{}> | Loader<{}>'.
  Type '() => Promise<unknown>' is not assignable to type '() => LoaderComponent<{}>'.
    Type 'Promise<unknown>' is not assignable to type 'LoaderComponent<{}>'.
      Type 'unknown' is not assignable to type 'ComponentType<{}> | ComponentModule<{}>'.
src/lib/registry.ts(6552,24): error TS2345: Argument of type '() => Promise<unknown>' is not assignable to parameter of type 'DynamicOptions<{}> | Loader<{}>'.
  Type '() => Promise<unknown>' is not assignable to type '() => LoaderComponent<{}>'.
    Type 'Promise<unknown>' is not assignable to type 'LoaderComponent<{}>'.
      Type 'unknown' is not assignable to type 'ComponentType<{}> | ComponentModule<{}>'.
src/lib/registry.ts(6562,24): error TS2345: Argument of type '() => Promise<unknown>' is not assignable to parameter of type 'DynamicOptions<{}> | Loader<{}>'.
  Type '() => Promise<unknown>' is not assignable to type '() => LoaderComponent<{}>'.
    Type 'Promise<unknown>' is not assignable to type 'LoaderComponent<{}>'.
      Type 'unknown' is not assignable to type 'ComponentType<{}> | ComponentModule<{}>'.
src/lib/registry.ts(6572,24): error TS2345: Argument of type '() => Promise<unknown>' is not assignable to parameter of type 'DynamicOptions<{}> | Loader<{}>'.
  Type '() => Promise<unknown>' is not assignable to type '() => LoaderComponent<{}>'.
    Type 'Promise<unknown>' is not assignable to type 'LoaderComponent<{}>'.
      Type 'unknown' is not assignable to type 'ComponentType<{}> | ComponentModule<{}>'.
src/lib/registry.ts(6582,24): error TS2345: Argument of type '() => Promise<unknown>' is not assignable to parameter of type 'DynamicOptions<{}> | Loader<{}>'.
  Type '() => Promise<unknown>' is not assignable to type '() => LoaderComponent<{}>'.
    Type 'Promise<unknown>' is not assignable to type 'LoaderComponent<{}>'.
      Type 'unknown' is not assignable to type 'ComponentType<{}> | ComponentModule<{}>'.
src/lib/registry.ts(6592,24): error TS2345: Argument of type '() => Promise<unknown>' is not assignable to parameter of type 'DynamicOptions<{}> | Loader<{}>'.
  Type '() => Promise<unknown>' is not assignable to type '() => LoaderComponent<{}>'.
    Type 'Promise<unknown>' is not assignable to type 'LoaderComponent<{}>'.
      Type 'unknown' is not assignable to type 'ComponentType<{}> | ComponentModule<{}>'.
src/lib/registry.ts(6602,24): error TS2345: Argument of type '() => Promise<unknown>' is not assignable to parameter of type 'DynamicOptions<{}> | Loader<{}>'.
  Type '() => Promise<unknown>' is not assignable to type '() => LoaderComponent<{}>'.
    Type 'Promise<unknown>' is not assignable to type 'LoaderComponent<{}>'.
      Type 'unknown' is not assignable to type 'ComponentType<{}> | ComponentModule<{}>'.
src/lib/registry.ts(6612,24): error TS2345: Argument of type '() => Promise<unknown>' is not assignable to parameter of type 'DynamicOptions<{}> | Loader<{}>'.
  Type '() => Promise<unknown>' is not assignable to type '() => LoaderComponent<{}>'.
    Type 'Promise<unknown>' is not assignable to type 'LoaderComponent<{}>'.
      Type 'unknown' is not assignable to type 'ComponentType<{}> | ComponentModule<{}>'.
src/lib/registry.ts(6622,24): error TS2345: Argument of type '() => Promise<unknown>' is not assignable to parameter of type 'DynamicOptions<{}> | Loader<{}>'.
  Type '() => Promise<unknown>' is not assignable to type '() => LoaderComponent<{}>'.
    Type 'Promise<unknown>' is not assignable to type 'LoaderComponent<{}>'.
      Type 'unknown' is not assignable to type 'ComponentType<{}> | ComponentModule<{}>'.
src/lib/registry.ts(6632,24): error TS2345: Argument of type '() => Promise<unknown>' is not assignable to parameter of type 'DynamicOptions<{}> | Loader<{}>'.
  Type '() => Promise<unknown>' is not assignable to type '() => LoaderComponent<{}>'.
    Type 'Promise<unknown>' is not assignable to type 'LoaderComponent<{}>'.
      Type 'unknown' is not assignable to type 'ComponentType<{}> | ComponentModule<{}>'.
src/lib/registry.ts(6642,24): error TS2345: Argument of type '() => Promise<unknown>' is not assignable to parameter of type 'DynamicOptions<{}> | Loader<{}>'.
  Type '() => Promise<unknown>' is not assignable to type '() => LoaderComponent<{}>'.
    Type 'Promise<unknown>' is not assignable to type 'LoaderComponent<{}>'.
      Type 'unknown' is not assignable to type 'ComponentType<{}> | ComponentModule<{}>'.
src/lib/registry.ts(6652,24): error TS2345: Argument of type '() => Promise<unknown>' is not assignable to parameter of type 'DynamicOptions<{}> | Loader<{}>'.
  Type '() => Promise<unknown>' is not assignable to type '() => LoaderComponent<{}>'.
    Type 'Promise<unknown>' is not assignable to type 'LoaderComponent<{}>'.
      Type 'unknown' is not assignable to type 'ComponentType<{}> | ComponentModule<{}>'.
src/lib/registry.ts(6662,24): error TS2345: Argument of type '() => Promise<unknown>' is not assignable to parameter of type 'DynamicOptions<{}> | Loader<{}>'.
  Type '() => Promise<unknown>' is not assignable to type '() => LoaderComponent<{}>'.
    Type 'Promise<unknown>' is not assignable to type 'LoaderComponent<{}>'.
      Type 'unknown' is not assignable to type 'ComponentType<{}> | ComponentModule<{}>'.
src/lib/registry.ts(6672,24): error TS2345: Argument of type '() => Promise<unknown>' is not assignable to parameter of type 'DynamicOptions<{}> | Loader<{}>'.
  Type '() => Promise<unknown>' is not assignable to type '() => LoaderComponent<{}>'.
    Type 'Promise<unknown>' is not assignable to type 'LoaderComponent<{}>'.
      Type 'unknown' is not assignable to type 'ComponentType<{}> | ComponentModule<{}>'.
src/lib/registry.ts(6682,24): error TS2345: Argument of type '() => Promise<unknown>' is not assignable to parameter of type 'DynamicOptions<{}> | Loader<{}>'.
  Type '() => Promise<unknown>' is not assignable to type '() => LoaderComponent<{}>'.
    Type 'Promise<unknown>' is not assignable to type 'LoaderComponent<{}>'.
      Type 'unknown' is not assignable to type 'ComponentType<{}> | ComponentModule<{}>'.
src/lib/registry.ts(6692,24): error TS2345: Argument of type '() => Promise<unknown>' is not assignable to parameter of type 'DynamicOptions<{}> | Loader<{}>'.
  Type '() => Promise<unknown>' is not assignable to type '() => LoaderComponent<{}>'.
    Type 'Promise<unknown>' is not assignable to type 'LoaderComponent<{}>'.
      Type 'unknown' is not assignable to type 'ComponentType<{}> | ComponentModule<{}>'.
src/lib/registry.ts(6699,3): error TS1117: An object literal cannot have multiple properties with the same name.
src/lib/registry.ts(6702,24): error TS2345: Argument of type '() => Promise<unknown>' is not assignable to parameter of type 'DynamicOptions<{}> | Loader<{}>'.
  Type '() => Promise<unknown>' is not assignable to type '() => LoaderComponent<{}>'.
    Type 'Promise<unknown>' is not assignable to type 'LoaderComponent<{}>'.
      Type 'unknown' is not assignable to type 'ComponentType<{}> | ComponentModule<{}>'.
src/lib/registry.ts(6709,3): error TS1117: An object literal cannot have multiple properties with the same name.
src/lib/registry.ts(6712,24): error TS2345: Argument of type '() => Promise<unknown>' is not assignable to parameter of type 'DynamicOptions<{}> | Loader<{}>'.
  Type '() => Promise<unknown>' is not assignable to type '() => LoaderComponent<{}>'.
    Type 'Promise<unknown>' is not assignable to type 'LoaderComponent<{}>'.
      Type 'unknown' is not assignable to type 'ComponentType<{}> | ComponentModule<{}>'.
src/lib/registry.ts(6722,24): error TS2345: Argument of type '() => Promise<unknown>' is not assignable to parameter of type 'DynamicOptions<{}> | Loader<{}>'.
  Type '() => Promise<unknown>' is not assignable to type '() => LoaderComponent<{}>'.
    Type 'Promise<unknown>' is not assignable to type 'LoaderComponent<{}>'.
      Type 'unknown' is not assignable to type 'ComponentType<{}> | ComponentModule<{}>'.
src/lib/registry.ts(6732,24): error TS2345: Argument of type '() => Promise<unknown>' is not assignable to parameter of type 'DynamicOptions<{}> | Loader<{}>'.
  Type '() => Promise<unknown>' is not assignable to type '() => LoaderComponent<{}>'.
    Type 'Promise<unknown>' is not assignable to type 'LoaderComponent<{}>'.
      Type 'unknown' is not assignable to type 'ComponentType<{}> | ComponentModule<{}>'.
src/lib/registry.ts(6742,24): error TS2345: Argument of type '() => Promise<unknown>' is not assignable to parameter of type 'DynamicOptions<{}> | Loader<{}>'.
  Type '() => Promise<unknown>' is not assignable to type '() => LoaderComponent<{}>'.
    Type 'Promise<unknown>' is not assignable to type 'LoaderComponent<{}>'.
      Type 'unknown' is not assignable to type 'ComponentType<{}> | ComponentModule<{}>'.
src/lib/registry.ts(6752,24): error TS2345: Argument of type '() => Promise<unknown>' is not assignable to parameter of type 'DynamicOptions<{}> | Loader<{}>'.
  Type '() => Promise<unknown>' is not assignable to type '() => LoaderComponent<{}>'.
    Type 'Promise<unknown>' is not assignable to type 'LoaderComponent<{}>'.
      Type 'unknown' is not assignable to type 'ComponentType<{}> | ComponentModule<{}>'.
src/lib/registry.ts(6762,24): error TS2345: Argument of type '() => Promise<unknown>' is not assignable to parameter of type 'DynamicOptions<{}> | Loader<{}>'.
  Type '() => Promise<unknown>' is not assignable to type '() => LoaderComponent<{}>'.
    Type 'Promise<unknown>' is not assignable to type 'LoaderComponent<{}>'.
      Type 'unknown' is not assignable to type 'ComponentType<{}> | ComponentModule<{}>'.
src/lib/registry.ts(6772,24): error TS2345: Argument of type '() => Promise<unknown>' is not assignable to parameter of type 'DynamicOptions<{}> | Loader<{}>'.
  Type '() => Promise<unknown>' is not assignable to type '() => LoaderComponent<{}>'.
    Type 'Promise<unknown>' is not assignable to type 'LoaderComponent<{}>'.
      Type 'unknown' is not assignable to type 'ComponentType<{}> | ComponentModule<{}>'.
src/lib/registry.ts(6782,24): error TS2345: Argument of type '() => Promise<unknown>' is not assignable to parameter of type 'DynamicOptions<{}> | Loader<{}>'.
  Type '() => Promise<unknown>' is not assignable to type '() => LoaderComponent<{}>'.
    Type 'Promise<unknown>' is not assignable to type 'LoaderComponent<{}>'.
      Type 'unknown' is not assignable to type 'ComponentType<{}> | ComponentModule<{}>'.
src/lib/registry.ts(6792,24): error TS2345: Argument of type '() => Promise<unknown>' is not assignable to parameter of type 'DynamicOptions<{}> | Loader<{}>'.
  Type '() => Promise<unknown>' is not assignable to type '() => LoaderComponent<{}>'.
    Type 'Promise<unknown>' is not assignable to type 'LoaderComponent<{}>'.
      Type 'unknown' is not assignable to type 'ComponentType<{}> | ComponentModule<{}>'.
src/lib/registry.ts(6802,24): error TS2345: Argument of type '() => Promise<unknown>' is not assignable to parameter of type 'DynamicOptions<{}> | Loader<{}>'.
  Type '() => Promise<unknown>' is not assignable to type '() => LoaderComponent<{}>'.
    Type 'Promise<unknown>' is not assignable to type 'LoaderComponent<{}>'.
      Type 'unknown' is not assignable to type 'ComponentType<{}> | ComponentModule<{}>'.
src/lib/registry.ts(6812,24): error TS2345: Argument of type '() => Promise<unknown>' is not assignable to parameter of type 'DynamicOptions<{}> | Loader<{}>'.
  Type '() => Promise<unknown>' is not assignable to type '() => LoaderComponent<{}>'.
    Type 'Promise<unknown>' is not assignable to type 'LoaderComponent<{}>'.
      Type 'unknown' is not assignable to type 'ComponentType<{}> | ComponentModule<{}>'.
src/lib/registry.ts(6822,24): error TS2345: Argument of type '() => Promise<unknown>' is not assignable to parameter of type 'DynamicOptions<{}> | Loader<{}>'.
  Type '() => Promise<unknown>' is not assignable to type '() => LoaderComponent<{}>'.
    Type 'Promise<unknown>' is not assignable to type 'LoaderComponent<{}>'.
      Type 'unknown' is not assignable to type 'ComponentType<{}> | ComponentModule<{}>'.
src/lib/registry.ts(6832,24): error TS2345: Argument of type '() => Promise<unknown>' is not assignable to parameter of type 'DynamicOptions<{}> | Loader<{}>'.
  Type '() => Promise<unknown>' is not assignable to type '() => LoaderComponent<{}>'.
    Type 'Promise<unknown>' is not assignable to type 'LoaderComponent<{}>'.
      Type 'unknown' is not assignable to type 'ComponentType<{}> | ComponentModule<{}>'.
src/lib/registry.ts(6842,24): error TS2345: Argument of type '() => Promise<unknown>' is not assignable to parameter of type 'DynamicOptions<{}> | Loader<{}>'.
  Type '() => Promise<unknown>' is not assignable to type '() => LoaderComponent<{}>'.
    Type 'Promise<unknown>' is not assignable to type 'LoaderComponent<{}>'.
      Type 'unknown' is not assignable to type 'ComponentType<{}> | ComponentModule<{}>'.
src/lib/registry.ts(6852,24): error TS2345: Argument of type '() => Promise<unknown>' is not assignable to parameter of type 'DynamicOptions<{}> | Loader<{}>'.
  Type '() => Promise<unknown>' is not assignable to type '() => LoaderComponent<{}>'.
    Type 'Promise<unknown>' is not assignable to type 'LoaderComponent<{}>'.
      Type 'unknown' is not assignable to type 'ComponentType<{}> | ComponentModule<{}>'.
src/lib/registry.ts(6862,24): error TS2345: Argument of type '() => Promise<unknown>' is not assignable to parameter of type 'DynamicOptions<{}> | Loader<{}>'.
  Type '() => Promise<unknown>' is not assignable to type '() => LoaderComponent<{}>'.
    Type 'Promise<unknown>' is not assignable to type 'LoaderComponent<{}>'.
      Type 'unknown' is not assignable to type 'ComponentType<{}> | ComponentModule<{}>'.
src/lib/registry.ts(6872,24): error TS2345: Argument of type '() => Promise<unknown>' is not assignable to parameter of type 'DynamicOptions<{}> | Loader<{}>'.
  Type '() => Promise<unknown>' is not assignable to type '() => LoaderComponent<{}>'.
    Type 'Promise<unknown>' is not assignable to type 'LoaderComponent<{}>'.
      Type 'unknown' is not assignable to type 'ComponentType<{}> | ComponentModule<{}>'.
src/lib/registry.ts(6882,24): error TS2345: Argument of type '() => Promise<unknown>' is not assignable to parameter of type 'DynamicOptions<{}> | Loader<{}>'.
  Type '() => Promise<unknown>' is not assignable to type '() => LoaderComponent<{}>'.
    Type 'Promise<unknown>' is not assignable to type 'LoaderComponent<{}>'.
      Type 'unknown' is not assignable to type 'ComponentType<{}> | ComponentModule<{}>'.
src/lib/registry.ts(6892,24): error TS2345: Argument of type '() => Promise<unknown>' is not assignable to parameter of type 'DynamicOptions<{}> | Loader<{}>'.
  Type '() => Promise<unknown>' is not assignable to type '() => LoaderComponent<{}>'.
    Type 'Promise<unknown>' is not assignable to type 'LoaderComponent<{}>'.
      Type 'unknown' is not assignable to type 'ComponentType<{}> | ComponentModule<{}>'.
src/lib/registry.ts(6902,24): error TS2345: Argument of type '() => Promise<unknown>' is not assignable to parameter of type 'DynamicOptions<{}> | Loader<{}>'.
  Type '() => Promise<unknown>' is not assignable to type '() => LoaderComponent<{}>'.
    Type 'Promise<unknown>' is not assignable to type 'LoaderComponent<{}>'.
      Type 'unknown' is not assignable to type 'ComponentType<{}> | ComponentModule<{}>'.
src/lib/registry.ts(6909,3): error TS1117: An object literal cannot have multiple properties with the same name.
src/lib/registry.ts(6912,24): error TS2345: Argument of type '() => Promise<unknown>' is not assignable to parameter of type 'DynamicOptions<{}> | Loader<{}>'.
  Type '() => Promise<unknown>' is not assignable to type '() => LoaderComponent<{}>'.
    Type 'Promise<unknown>' is not assignable to type 'LoaderComponent<{}>'.
      Type 'unknown' is not assignable to type 'ComponentType<{}> | ComponentModule<{}>'.
src/lib/registry.ts(6922,24): error TS2345: Argument of type '() => Promise<unknown>' is not assignable to parameter of type 'DynamicOptions<{}> | Loader<{}>'.
  Type '() => Promise<unknown>' is not assignable to type '() => LoaderComponent<{}>'.
    Type 'Promise<unknown>' is not assignable to type 'LoaderComponent<{}>'.
      Type 'unknown' is not assignable to type 'ComponentType<{}> | ComponentModule<{}>'.
src/lib/registry.ts(6932,24): error TS2345: Argument of type '() => Promise<unknown>' is not assignable to parameter of type 'DynamicOptions<{}> | Loader<{}>'.
  Type '() => Promise<unknown>' is not assignable to type '() => LoaderComponent<{}>'.
    Type 'Promise<unknown>' is not assignable to type 'LoaderComponent<{}>'.
      Type 'unknown' is not assignable to type 'ComponentType<{}> | ComponentModule<{}>'.
src/lib/registry.ts(6942,24): error TS2345: Argument of type '() => Promise<unknown>' is not assignable to parameter of type 'DynamicOptions<{}> | Loader<{}>'.
  Type '() => Promise<unknown>' is not assignable to type '() => LoaderComponent<{}>'.
    Type 'Promise<unknown>' is not assignable to type 'LoaderComponent<{}>'.
      Type 'unknown' is not assignable to type 'ComponentType<{}> | ComponentModule<{}>'.
src/lib/registry.ts(6952,24): error TS2345: Argument of type '() => Promise<unknown>' is not assignable to parameter of type 'DynamicOptions<{}> | Loader<{}>'.
  Type '() => Promise<unknown>' is not assignable to type '() => LoaderComponent<{}>'.
    Type 'Promise<unknown>' is not assignable to type 'LoaderComponent<{}>'.
      Type 'unknown' is not assignable to type 'ComponentType<{}> | ComponentModule<{}>'.
src/lib/registry.ts(6962,24): error TS2345: Argument of type '() => Promise<unknown>' is not assignable to parameter of type 'DynamicOptions<{}> | Loader<{}>'.
  Type '() => Promise<unknown>' is not assignable to type '() => LoaderComponent<{}>'.
    Type 'Promise<unknown>' is not assignable to type 'LoaderComponent<{}>'.
      Type 'unknown' is not assignable to type 'ComponentType<{}> | ComponentModule<{}>'.
src/lib/registry.ts(6972,24): error TS2345: Argument of type '() => Promise<unknown>' is not assignable to parameter of type 'DynamicOptions<{}> | Loader<{}>'.
  Type '() => Promise<unknown>' is not assignable to type '() => LoaderComponent<{}>'.
    Type 'Promise<unknown>' is not assignable to type 'LoaderComponent<{}>'.
      Type 'unknown' is not assignable to type 'ComponentType<{}> | ComponentModule<{}>'.
src/lib/registry.ts(6982,24): error TS2345: Argument of type '() => Promise<unknown>' is not assignable to parameter of type 'DynamicOptions<{}> | Loader<{}>'.
  Type '() => Promise<unknown>' is not assignable to type '() => LoaderComponent<{}>'.
    Type 'Promise<unknown>' is not assignable to type 'LoaderComponent<{}>'.
      Type 'unknown' is not assignable to type 'ComponentType<{}> | ComponentModule<{}>'.
src/lib/registry.ts(6992,24): error TS2345: Argument of type '() => Promise<unknown>' is not assignable to parameter of type 'DynamicOptions<{}> | Loader<{}>'.
  Type '() => Promise<unknown>' is not assignable to type '() => LoaderComponent<{}>'.
    Type 'Promise<unknown>' is not assignable to type 'LoaderComponent<{}>'.
      Type 'unknown' is not assignable to type 'ComponentType<{}> | ComponentModule<{}>'.
src/lib/registry.ts(7002,24): error TS2345: Argument of type '() => Promise<unknown>' is not assignable to parameter of type 'DynamicOptions<{}> | Loader<{}>'.
  Type '() => Promise<unknown>' is not assignable to type '() => LoaderComponent<{}>'.
    Type 'Promise<unknown>' is not assignable to type 'LoaderComponent<{}>'.
      Type 'unknown' is not assignable to type 'ComponentType<{}> | ComponentModule<{}>'.
src/lib/registry.ts(7012,24): error TS2345: Argument of type '() => Promise<unknown>' is not assignable to parameter of type 'DynamicOptions<{}> | Loader<{}>'.
  Type '() => Promise<unknown>' is not assignable to type '() => LoaderComponent<{}>'.
    Type 'Promise<unknown>' is not assignable to type 'LoaderComponent<{}>'.
      Type 'unknown' is not assignable to type 'ComponentType<{}> | ComponentModule<{}>'.
src/lib/registry.ts(7022,24): error TS2345: Argument of type '() => Promise<unknown>' is not assignable to parameter of type 'DynamicOptions<{}> | Loader<{}>'.
  Type '() => Promise<unknown>' is not assignable to type '() => LoaderComponent<{}>'.
    Type 'Promise<unknown>' is not assignable to type 'LoaderComponent<{}>'.
      Type 'unknown' is not assignable to type 'ComponentType<{}> | ComponentModule<{}>'.
src/lib/registry.ts(7032,24): error TS2345: Argument of type '() => Promise<unknown>' is not assignable to parameter of type 'DynamicOptions<{}> | Loader<{}>'.
  Type '() => Promise<unknown>' is not assignable to type '() => LoaderComponent<{}>'.
    Type 'Promise<unknown>' is not assignable to type 'LoaderComponent<{}>'.
      Type 'unknown' is not assignable to type 'ComponentType<{}> | ComponentModule<{}>'.
src/lib/registry.ts(7042,24): error TS2345: Argument of type '() => Promise<unknown>' is not assignable to parameter of type 'DynamicOptions<{}> | Loader<{}>'.
  Type '() => Promise<unknown>' is not assignable to type '() => LoaderComponent<{}>'.
    Type 'Promise<unknown>' is not assignable to type 'LoaderComponent<{}>'.
      Type 'unknown' is not assignable to type 'ComponentType<{}> | ComponentModule<{}>'.
src/lib/registry.ts(7052,24): error TS2345: Argument of type '() => Promise<unknown>' is not assignable to parameter of type 'DynamicOptions<{}> | Loader<{}>'.
  Type '() => Promise<unknown>' is not assignable to type '() => LoaderComponent<{}>'.
    Type 'Promise<unknown>' is not assignable to type 'LoaderComponent<{}>'.
      Type 'unknown' is not assignable to type 'ComponentType<{}> | ComponentModule<{}>'.
src/lib/registry.ts(7062,24): error TS2345: Argument of type '() => Promise<unknown>' is not assignable to parameter of type 'DynamicOptions<{}> | Loader<{}>'.
  Type '() => Promise<unknown>' is not assignable to type '() => LoaderComponent<{}>'.
    Type 'Promise<unknown>' is not assignable to type 'LoaderComponent<{}>'.
      Type 'unknown' is not assignable to type 'ComponentType<{}> | ComponentModule<{}>'.
src/lib/registry.ts(7072,24): error TS2345: Argument of type '() => Promise<unknown>' is not assignable to parameter of type 'DynamicOptions<{}> | Loader<{}>'.
  Type '() => Promise<unknown>' is not assignable to type '() => LoaderComponent<{}>'.
    Type 'Promise<unknown>' is not assignable to type 'LoaderComponent<{}>'.
      Type 'unknown' is not assignable to type 'ComponentType<{}> | ComponentModule<{}>'.
src/lib/registry.ts(7082,24): error TS2345: Argument of type '() => Promise<unknown>' is not assignable to parameter of type 'DynamicOptions<{}> | Loader<{}>'.
  Type '() => Promise<unknown>' is not assignable to type '() => LoaderComponent<{}>'.
    Type 'Promise<unknown>' is not assignable to type 'LoaderComponent<{}>'.
      Type 'unknown' is not assignable to type 'ComponentType<{}> | ComponentModule<{}>'.
src/lib/registry.ts(7092,24): error TS2345: Argument of type '() => Promise<unknown>' is not assignable to parameter of type 'DynamicOptions<{}> | Loader<{}>'.
  Type '() => Promise<unknown>' is not assignable to type '() => LoaderComponent<{}>'.
    Type 'Promise<unknown>' is not assignable to type 'LoaderComponent<{}>'.
      Type 'unknown' is not assignable to type 'ComponentType<{}> | ComponentModule<{}>'.
src/lib/registry.ts(7102,24): error TS2345: Argument of type '() => Promise<unknown>' is not assignable to parameter of type 'DynamicOptions<{}> | Loader<{}>'.
  Type '() => Promise<unknown>' is not assignable to type '() => LoaderComponent<{}>'.
    Type 'Promise<unknown>' is not assignable to type 'LoaderComponent<{}>'.
      Type 'unknown' is not assignable to type 'ComponentType<{}> | ComponentModule<{}>'.
src/lib/registry.ts(7112,24): error TS2345: Argument of type '() => Promise<unknown>' is not assignable to parameter of type 'DynamicOptions<{}> | Loader<{}>'.
  Type '() => Promise<unknown>' is not assignable to type '() => LoaderComponent<{}>'.
    Type 'Promise<unknown>' is not assignable to type 'LoaderComponent<{}>'.
      Type 'unknown' is not assignable to type 'ComponentType<{}> | ComponentModule<{}>'.
src/lib/registry.ts(7122,24): error TS2345: Argument of type '() => Promise<unknown>' is not assignable to parameter of type 'DynamicOptions<{}> | Loader<{}>'.
  Type '() => Promise<unknown>' is not assignable to type '() => LoaderComponent<{}>'.
    Type 'Promise<unknown>' is not assignable to type 'LoaderComponent<{}>'.
      Type 'unknown' is not assignable to type 'ComponentType<{}> | ComponentModule<{}>'.
src/lib/registry.ts(7132,24): error TS2345: Argument of type '() => Promise<unknown>' is not assignable to parameter of type 'DynamicOptions<{}> | Loader<{}>'.
  Type '() => Promise<unknown>' is not assignable to type '() => LoaderComponent<{}>'.
    Type 'Promise<unknown>' is not assignable to type 'LoaderComponent<{}>'.
      Type 'unknown' is not assignable to type 'ComponentType<{}> | ComponentModule<{}>'.
src/lib/registry.ts(7142,24): error TS2345: Argument of type '() => Promise<unknown>' is not assignable to parameter of type 'DynamicOptions<{}> | Loader<{}>'.
  Type '() => Promise<unknown>' is not assignable to type '() => LoaderComponent<{}>'.
    Type 'Promise<unknown>' is not assignable to type 'LoaderComponent<{}>'.
      Type 'unknown' is not assignable to type 'ComponentType<{}> | ComponentModule<{}>'.
src/lib/registry.ts(7152,24): error TS2345: Argument of type '() => Promise<unknown>' is not assignable to parameter of type 'DynamicOptions<{}> | Loader<{}>'.
  Type '() => Promise<unknown>' is not assignable to type '() => LoaderComponent<{}>'.
    Type 'Promise<unknown>' is not assignable to type 'LoaderComponent<{}>'.
      Type 'unknown' is not assignable to type 'ComponentType<{}> | ComponentModule<{}>'.
src/lib/registry.ts(7162,24): error TS2345: Argument of type '() => Promise<unknown>' is not assignable to parameter of type 'DynamicOptions<{}> | Loader<{}>'.
  Type '() => Promise<unknown>' is not assignable to type '() => LoaderComponent<{}>'.
    Type 'Promise<unknown>' is not assignable to type 'LoaderComponent<{}>'.
      Type 'unknown' is not assignable to type 'ComponentType<{}> | ComponentModule<{}>'.
src/lib/registry.ts(7172,24): error TS2345: Argument of type '() => Promise<unknown>' is not assignable to parameter of type 'DynamicOptions<{}> | Loader<{}>'.
  Type '() => Promise<unknown>' is not assignable to type '() => LoaderComponent<{}>'.
    Type 'Promise<unknown>' is not assignable to type 'LoaderComponent<{}>'.
      Type 'unknown' is not assignable to type 'ComponentType<{}> | ComponentModule<{}>'.
src/lib/registry.ts(7182,24): error TS2345: Argument of type '() => Promise<unknown>' is not assignable to parameter of type 'DynamicOptions<{}> | Loader<{}>'.
  Type '() => Promise<unknown>' is not assignable to type '() => LoaderComponent<{}>'.
    Type 'Promise<unknown>' is not assignable to type 'LoaderComponent<{}>'.
      Type 'unknown' is not assignable to type 'ComponentType<{}> | ComponentModule<{}>'.
src/lib/registry.ts(7192,24): error TS2345: Argument of type '() => Promise<unknown>' is not assignable to parameter of type 'DynamicOptions<{}> | Loader<{}>'.
  Type '() => Promise<unknown>' is not assignable to type '() => LoaderComponent<{}>'.
    Type 'Promise<unknown>' is not assignable to type 'LoaderComponent<{}>'.
      Type 'unknown' is not assignable to type 'ComponentType<{}> | ComponentModule<{}>'.
src/lib/registry.ts(7202,24): error TS2345: Argument of type '() => Promise<unknown>' is not assignable to parameter of type 'DynamicOptions<{}> | Loader<{}>'.
  Type '() => Promise<unknown>' is not assignable to type '() => LoaderComponent<{}>'.
    Type 'Promise<unknown>' is not assignable to type 'LoaderComponent<{}>'.
      Type 'unknown' is not assignable to type 'ComponentType<{}> | ComponentModule<{}>'.
src/lib/registry.ts(7212,24): error TS2345: Argument of type '() => Promise<unknown>' is not assignable to parameter of type 'DynamicOptions<{}> | Loader<{}>'.
  Type '() => Promise<unknown>' is not assignable to type '() => LoaderComponent<{}>'.
    Type 'Promise<unknown>' is not assignable to type 'LoaderComponent<{}>'.
      Type 'unknown' is not assignable to type 'ComponentType<{}> | ComponentModule<{}>'.
src/lib/registry.ts(7222,24): error TS2345: Argument of type '() => Promise<unknown>' is not assignable to parameter of type 'DynamicOptions<{}> | Loader<{}>'.
  Type '() => Promise<unknown>' is not assignable to type '() => LoaderComponent<{}>'.
    Type 'Promise<unknown>' is not assignable to type 'LoaderComponent<{}>'.
      Type 'unknown' is not assignable to type 'ComponentType<{}> | ComponentModule<{}>'.
src/lib/registry.ts(7232,24): error TS2345: Argument of type '() => Promise<unknown>' is not assignable to parameter of type 'DynamicOptions<{}> | Loader<{}>'.
  Type '() => Promise<unknown>' is not assignable to type '() => LoaderComponent<{}>'.
    Type 'Promise<unknown>' is not assignable to type 'LoaderComponent<{}>'.
      Type 'unknown' is not assignable to type 'ComponentType<{}> | ComponentModule<{}>'.
src/lib/registry.ts(7242,24): error TS2345: Argument of type '() => Promise<unknown>' is not assignable to parameter of type 'DynamicOptions<{}> | Loader<{}>'.
  Type '() => Promise<unknown>' is not assignable to type '() => LoaderComponent<{}>'.
    Type 'Promise<unknown>' is not assignable to type 'LoaderComponent<{}>'.
      Type 'unknown' is not assignable to type 'ComponentType<{}> | ComponentModule<{}>'.
src/lib/registry.ts(7252,24): error TS2345: Argument of type '() => Promise<unknown>' is not assignable to parameter of type 'DynamicOptions<{}> | Loader<{}>'.
  Type '() => Promise<unknown>' is not assignable to type '() => LoaderComponent<{}>'.
    Type 'Promise<unknown>' is not assignable to type 'LoaderComponent<{}>'.
      Type 'unknown' is not assignable to type 'ComponentType<{}> | ComponentModule<{}>'.
src/lib/registry.ts(7262,24): error TS2345: Argument of type '() => Promise<unknown>' is not assignable to parameter of type 'DynamicOptions<{}> | Loader<{}>'.
  Type '() => Promise<unknown>' is not assignable to type '() => LoaderComponent<{}>'.
    Type 'Promise<unknown>' is not assignable to type 'LoaderComponent<{}>'.
      Type 'unknown' is not assignable to type 'ComponentType<{}> | ComponentModule<{}>'.
src/lib/registry.ts(7272,24): error TS2345: Argument of type '() => Promise<unknown>' is not assignable to parameter of type 'DynamicOptions<{}> | Loader<{}>'.
  Type '() => Promise<unknown>' is not assignable to type '() => LoaderComponent<{}>'.
    Type 'Promise<unknown>' is not assignable to type 'LoaderComponent<{}>'.
      Type 'unknown' is not assignable to type 'ComponentType<{}> | ComponentModule<{}>'.
src/lib/registry.ts(7282,24): error TS2345: Argument of type '() => Promise<unknown>' is not assignable to parameter of type 'DynamicOptions<{}> | Loader<{}>'.
  Type '() => Promise<unknown>' is not assignable to type '() => LoaderComponent<{}>'.
    Type 'Promise<unknown>' is not assignable to type 'LoaderComponent<{}>'.
      Type 'unknown' is not assignable to type 'ComponentType<{}> | ComponentModule<{}>'.
src/lib/registry.ts(7289,3): error TS1117: An object literal cannot have multiple properties with the same name.
src/lib/registry.ts(7292,24): error TS2345: Argument of type '() => Promise<unknown>' is not assignable to parameter of type 'DynamicOptions<{}> | Loader<{}>'.
  Type '() => Promise<unknown>' is not assignable to type '() => LoaderComponent<{}>'.
    Type 'Promise<unknown>' is not assignable to type 'LoaderComponent<{}>'.
      Type 'unknown' is not assignable to type 'ComponentType<{}> | ComponentModule<{}>'.
src/lib/registry.ts(7302,24): error TS2345: Argument of type '() => Promise<unknown>' is not assignable to parameter of type 'DynamicOptions<{}> | Loader<{}>'.
  Type '() => Promise<unknown>' is not assignable to type '() => LoaderComponent<{}>'.
    Type 'Promise<unknown>' is not assignable to type 'LoaderComponent<{}>'.
      Type 'unknown' is not assignable to type 'ComponentType<{}> | ComponentModule<{}>'.
src/lib/registry.ts(7312,24): error TS2345: Argument of type '() => Promise<unknown>' is not assignable to parameter of type 'DynamicOptions<{}> | Loader<{}>'.
  Type '() => Promise<unknown>' is not assignable to type '() => LoaderComponent<{}>'.
    Type 'Promise<unknown>' is not assignable to type 'LoaderComponent<{}>'.
      Type 'unknown' is not assignable to type 'ComponentType<{}> | ComponentModule<{}>'.
src/lib/registry.ts(7322,24): error TS2345: Argument of type '() => Promise<unknown>' is not assignable to parameter of type 'DynamicOptions<{}> | Loader<{}>'.
  Type '() => Promise<unknown>' is not assignable to type '() => LoaderComponent<{}>'.
    Type 'Promise<unknown>' is not assignable to type 'LoaderComponent<{}>'.
      Type 'unknown' is not assignable to type 'ComponentType<{}> | ComponentModule<{}>'.
src/lib/registry.ts(7332,24): error TS2345: Argument of type '() => Promise<unknown>' is not assignable to parameter of type 'DynamicOptions<{}> | Loader<{}>'.
  Type '() => Promise<unknown>' is not assignable to type '() => LoaderComponent<{}>'.
    Type 'Promise<unknown>' is not assignable to type 'LoaderComponent<{}>'.
      Type 'unknown' is not assignable to type 'ComponentType<{}> | ComponentModule<{}>'.
src/lib/registry.ts(7339,3): error TS1117: An object literal cannot have multiple properties with the same name.
src/lib/registry.ts(7342,24): error TS2345: Argument of type '() => Promise<unknown>' is not assignable to parameter of type 'DynamicOptions<{}> | Loader<{}>'.
  Type '() => Promise<unknown>' is not assignable to type '() => LoaderComponent<{}>'.
    Type 'Promise<unknown>' is not assignable to type 'LoaderComponent<{}>'.
      Type 'unknown' is not assignable to type 'ComponentType<{}> | ComponentModule<{}>'.
src/lib/registry.ts(7352,24): error TS2345: Argument of type '() => Promise<unknown>' is not assignable to parameter of type 'DynamicOptions<{}> | Loader<{}>'.
  Type '() => Promise<unknown>' is not assignable to type '() => LoaderComponent<{}>'.
    Type 'Promise<unknown>' is not assignable to type 'LoaderComponent<{}>'.
      Type 'unknown' is not assignable to type 'ComponentType<{}> | ComponentModule<{}>'.
src/lib/registry.ts(7362,24): error TS2345: Argument of type '() => Promise<unknown>' is not assignable to parameter of type 'DynamicOptions<{}> | Loader<{}>'.
  Type '() => Promise<unknown>' is not assignable to type '() => LoaderComponent<{}>'.
    Type 'Promise<unknown>' is not assignable to type 'LoaderComponent<{}>'.
      Type 'unknown' is not assignable to type 'ComponentType<{}> | ComponentModule<{}>'.
src/lib/registry.ts(7372,24): error TS2345: Argument of type '() => Promise<unknown>' is not assignable to parameter of type 'DynamicOptions<{}> | Loader<{}>'.
  Type '() => Promise<unknown>' is not assignable to type '() => LoaderComponent<{}>'.
    Type 'Promise<unknown>' is not assignable to type 'LoaderComponent<{}>'.
      Type 'unknown' is not assignable to type 'ComponentType<{}> | ComponentModule<{}>'.
src/lib/registry.ts(7382,24): error TS2345: Argument of type '() => Promise<unknown>' is not assignable to parameter of type 'DynamicOptions<{}> | Loader<{}>'.
  Type '() => Promise<unknown>' is not assignable to type '() => LoaderComponent<{}>'.
    Type 'Promise<unknown>' is not assignable to type 'LoaderComponent<{}>'.
      Type 'unknown' is not assignable to type 'ComponentType<{}> | ComponentModule<{}>'.
src/lib/registry.ts(7392,24): error TS2345: Argument of type '() => Promise<unknown>' is not assignable to parameter of type 'DynamicOptions<{}> | Loader<{}>'.
  Type '() => Promise<unknown>' is not assignable to type '() => LoaderComponent<{}>'.
    Type 'Promise<unknown>' is not assignable to type 'LoaderComponent<{}>'.
      Type 'unknown' is not assignable to type 'ComponentType<{}> | ComponentModule<{}>'.
src/lib/registry.ts(7399,3): error TS1117: An object literal cannot have multiple properties with the same name.
src/lib/registry.ts(7402,24): error TS2345: Argument of type '() => Promise<unknown>' is not assignable to parameter of type 'DynamicOptions<{}> | Loader<{}>'.
  Type '() => Promise<unknown>' is not assignable to type '() => LoaderComponent<{}>'.
    Type 'Promise<unknown>' is not assignable to type 'LoaderComponent<{}>'.
      Type 'unknown' is not assignable to type 'ComponentType<{}> | ComponentModule<{}>'.
src/lib/registry.ts(7409,3): error TS1117: An object literal cannot have multiple properties with the same name.
src/lib/registry.ts(7412,24): error TS2345: Argument of type '() => Promise<unknown>' is not assignable to parameter of type 'DynamicOptions<{}> | Loader<{}>'.
  Type '() => Promise<unknown>' is not assignable to type '() => LoaderComponent<{}>'.
    Type 'Promise<unknown>' is not assignable to type 'LoaderComponent<{}>'.
      Type 'unknown' is not assignable to type 'ComponentType<{}> | ComponentModule<{}>'.
src/lib/registry.ts(7422,24): error TS2345: Argument of type '() => Promise<unknown>' is not assignable to parameter of type 'DynamicOptions<{}> | Loader<{}>'.
  Type '() => Promise<unknown>' is not assignable to type '() => LoaderComponent<{}>'.
    Type 'Promise<unknown>' is not assignable to type 'LoaderComponent<{}>'.
      Type 'unknown' is not assignable to type 'ComponentType<{}> | ComponentModule<{}>'.
src/lib/registry.ts(7432,24): error TS2345: Argument of type '() => Promise<unknown>' is not assignable to parameter of type 'DynamicOptions<{}> | Loader<{}>'.
  Type '() => Promise<unknown>' is not assignable to type '() => LoaderComponent<{}>'.
    Type 'Promise<unknown>' is not assignable to type 'LoaderComponent<{}>'.
      Type 'unknown' is not assignable to type 'ComponentType<{}> | ComponentModule<{}>'.
src/lib/registry.ts(7442,24): error TS2345: Argument of type '() => Promise<unknown>' is not assignable to parameter of type 'DynamicOptions<{}> | Loader<{}>'.
  Type '() => Promise<unknown>' is not assignable to type '() => LoaderComponent<{}>'.
    Type 'Promise<unknown>' is not assignable to type 'LoaderComponent<{}>'.
      Type 'unknown' is not assignable to type 'ComponentType<{}> | ComponentModule<{}>'.
src/lib/registry.ts(7452,24): error TS2345: Argument of type '() => Promise<unknown>' is not assignable to parameter of type 'DynamicOptions<{}> | Loader<{}>'.
  Type '() => Promise<unknown>' is not assignable to type '() => LoaderComponent<{}>'.
    Type 'Promise<unknown>' is not assignable to type 'LoaderComponent<{}>'.
      Type 'unknown' is not assignable to type 'ComponentType<{}> | ComponentModule<{}>'.
src/lib/registry.ts(7462,24): error TS2345: Argument of type '() => Promise<unknown>' is not assignable to parameter of type 'DynamicOptions<{}> | Loader<{}>'.
  Type '() => Promise<unknown>' is not assignable to type '() => LoaderComponent<{}>'.
    Type 'Promise<unknown>' is not assignable to type 'LoaderComponent<{}>'.
      Type 'unknown' is not assignable to type 'ComponentType<{}> | ComponentModule<{}>'.
src/lib/registry.ts(7472,24): error TS2345: Argument of type '() => Promise<unknown>' is not assignable to parameter of type 'DynamicOptions<{}> | Loader<{}>'.
  Type '() => Promise<unknown>' is not assignable to type '() => LoaderComponent<{}>'.
    Type 'Promise<unknown>' is not assignable to type 'LoaderComponent<{}>'.
      Type 'unknown' is not assignable to type 'ComponentType<{}> | ComponentModule<{}>'.
src/lib/registry.ts(7482,24): error TS2345: Argument of type '() => Promise<unknown>' is not assignable to parameter of type 'DynamicOptions<{}> | Loader<{}>'.
  Type '() => Promise<unknown>' is not assignable to type '() => LoaderComponent<{}>'.
    Type 'Promise<unknown>' is not assignable to type 'LoaderComponent<{}>'.
      Type 'unknown' is not assignable to type 'ComponentType<{}> | ComponentModule<{}>'.
src/lib/registry.ts(7492,24): error TS2345: Argument of type '() => Promise<unknown>' is not assignable to parameter of type 'DynamicOptions<{}> | Loader<{}>'.
  Type '() => Promise<unknown>' is not assignable to type '() => LoaderComponent<{}>'.
    Type 'Promise<unknown>' is not assignable to type 'LoaderComponent<{}>'.
      Type 'unknown' is not assignable to type 'ComponentType<{}> | ComponentModule<{}>'.
src/lib/registry.ts(7502,24): error TS2345: Argument of type '() => Promise<unknown>' is not assignable to parameter of type 'DynamicOptions<{}> | Loader<{}>'.
  Type '() => Promise<unknown>' is not assignable to type '() => LoaderComponent<{}>'.
    Type 'Promise<unknown>' is not assignable to type 'LoaderComponent<{}>'.
      Type 'unknown' is not assignable to type 'ComponentType<{}> | ComponentModule<{}>'.
src/lib/registry.ts(7512,24): error TS2345: Argument of type '() => Promise<unknown>' is not assignable to parameter of type 'DynamicOptions<{}> | Loader<{}>'.
  Type '() => Promise<unknown>' is not assignable to type '() => LoaderComponent<{}>'.
    Type 'Promise<unknown>' is not assignable to type 'LoaderComponent<{}>'.
      Type 'unknown' is not assignable to type 'ComponentType<{}> | ComponentModule<{}>'.
src/lib/registry.ts(7522,24): error TS2345: Argument of type '() => Promise<unknown>' is not assignable to parameter of type 'DynamicOptions<{}> | Loader<{}>'.
  Type '() => Promise<unknown>' is not assignable to type '() => LoaderComponent<{}>'.
    Type 'Promise<unknown>' is not assignable to type 'LoaderComponent<{}>'.
      Type 'unknown' is not assignable to type 'ComponentType<{}> | ComponentModule<{}>'.
src/lib/registry.ts(7532,24): error TS2345: Argument of type '() => Promise<unknown>' is not assignable to parameter of type 'DynamicOptions<{}> | Loader<{}>'.
  Type '() => Promise<unknown>' is not assignable to type '() => LoaderComponent<{}>'.
    Type 'Promise<unknown>' is not assignable to type 'LoaderComponent<{}>'.
      Type 'unknown' is not assignable to type 'ComponentType<{}> | ComponentModule<{}>'.
src/lib/registry.ts(7542,24): error TS2345: Argument of type '() => Promise<unknown>' is not assignable to parameter of type 'DynamicOptions<{}> | Loader<{}>'.
  Type '() => Promise<unknown>' is not assignable to type '() => LoaderComponent<{}>'.
    Type 'Promise<unknown>' is not assignable to type 'LoaderComponent<{}>'.
      Type 'unknown' is not assignable to type 'ComponentType<{}> | ComponentModule<{}>'.
src/lib/registry.ts(7549,3): error TS1117: An object literal cannot have multiple properties with the same name.
src/lib/registry.ts(7552,24): error TS2345: Argument of type '() => Promise<unknown>' is not assignable to parameter of type 'DynamicOptions<{}> | Loader<{}>'.
  Type '() => Promise<unknown>' is not assignable to type '() => LoaderComponent<{}>'.
    Type 'Promise<unknown>' is not assignable to type 'LoaderComponent<{}>'.
      Type 'unknown' is not assignable to type 'ComponentType<{}> | ComponentModule<{}>'.
src/lib/registry.ts(7562,24): error TS2345: Argument of type '() => Promise<unknown>' is not assignable to parameter of type 'DynamicOptions<{}> | Loader<{}>'.
  Type '() => Promise<unknown>' is not assignable to type '() => LoaderComponent<{}>'.
    Type 'Promise<unknown>' is not assignable to type 'LoaderComponent<{}>'.
      Type 'unknown' is not assignable to type 'ComponentType<{}> | ComponentModule<{}>'.
src/lib/registry.ts(7572,24): error TS2345: Argument of type '() => Promise<unknown>' is not assignable to parameter of type 'DynamicOptions<{}> | Loader<{}>'.
  Type '() => Promise<unknown>' is not assignable to type '() => LoaderComponent<{}>'.
    Type 'Promise<unknown>' is not assignable to type 'LoaderComponent<{}>'.
      Type 'unknown' is not assignable to type 'ComponentType<{}> | ComponentModule<{}>'.
src/lib/registry.ts(7582,24): error TS2345: Argument of type '() => Promise<unknown>' is not assignable to parameter of type 'DynamicOptions<{}> | Loader<{}>'.
  Type '() => Promise<unknown>' is not assignable to type '() => LoaderComponent<{}>'.
    Type 'Promise<unknown>' is not assignable to type 'LoaderComponent<{}>'.
      Type 'unknown' is not assignable to type 'ComponentType<{}> | ComponentModule<{}>'.
src/lib/registry.ts(7592,24): error TS2345: Argument of type '() => Promise<unknown>' is not assignable to parameter of type 'DynamicOptions<{}> | Loader<{}>'.
  Type '() => Promise<unknown>' is not assignable to type '() => LoaderComponent<{}>'.
    Type 'Promise<unknown>' is not assignable to type 'LoaderComponent<{}>'.
      Type 'unknown' is not assignable to type 'ComponentType<{}> | ComponentModule<{}>'.
src/lib/registry.ts(7602,24): error TS2345: Argument of type '() => Promise<unknown>' is not assignable to parameter of type 'DynamicOptions<{}> | Loader<{}>'.
  Type '() => Promise<unknown>' is not assignable to type '() => LoaderComponent<{}>'.
    Type 'Promise<unknown>' is not assignable to type 'LoaderComponent<{}>'.
      Type 'unknown' is not assignable to type 'ComponentType<{}> | ComponentModule<{}>'.
src/lib/registry.ts(7612,24): error TS2345: Argument of type '() => Promise<unknown>' is not assignable to parameter of type 'DynamicOptions<{}> | Loader<{}>'.
  Type '() => Promise<unknown>' is not assignable to type '() => LoaderComponent<{}>'.
    Type 'Promise<unknown>' is not assignable to type 'LoaderComponent<{}>'.
      Type 'unknown' is not assignable to type 'ComponentType<{}> | ComponentModule<{}>'.
src/lib/registry.ts(7622,24): error TS2345: Argument of type '() => Promise<unknown>' is not assignable to parameter of type 'DynamicOptions<{}> | Loader<{}>'.
  Type '() => Promise<unknown>' is not assignable to type '() => LoaderComponent<{}>'.
    Type 'Promise<unknown>' is not assignable to type 'LoaderComponent<{}>'.
      Type 'unknown' is not assignable to type 'ComponentType<{}> | ComponentModule<{}>'.
src/lib/registry.ts(7632,24): error TS2345: Argument of type '() => Promise<unknown>' is not assignable to parameter of type 'DynamicOptions<{}> | Loader<{}>'.
  Type '() => Promise<unknown>' is not assignable to type '() => LoaderComponent<{}>'.
    Type 'Promise<unknown>' is not assignable to type 'LoaderComponent<{}>'.
      Type 'unknown' is not assignable to type 'ComponentType<{}> | ComponentModule<{}>'.
src/lib/registry.ts(7642,24): error TS2345: Argument of type '() => Promise<unknown>' is not assignable to parameter of type 'DynamicOptions<{}> | Loader<{}>'.
  Type '() => Promise<unknown>' is not assignable to type '() => LoaderComponent<{}>'.
    Type 'Promise<unknown>' is not assignable to type 'LoaderComponent<{}>'.
      Type 'unknown' is not assignable to type 'ComponentType<{}> | ComponentModule<{}>'.
src/lib/registry.ts(7652,24): error TS2345: Argument of type '() => Promise<unknown>' is not assignable to parameter of type 'DynamicOptions<{}> | Loader<{}>'.
  Type '() => Promise<unknown>' is not assignable to type '() => LoaderComponent<{}>'.
    Type 'Promise<unknown>' is not assignable to type 'LoaderComponent<{}>'.
      Type 'unknown' is not assignable to type 'ComponentType<{}> | ComponentModule<{}>'.
src/lib/registry.ts(7662,24): error TS2345: Argument of type '() => Promise<unknown>' is not assignable to parameter of type 'DynamicOptions<{}> | Loader<{}>'.
  Type '() => Promise<unknown>' is not assignable to type '() => LoaderComponent<{}>'.
    Type 'Promise<unknown>' is not assignable to type 'LoaderComponent<{}>'.
      Type 'unknown' is not assignable to type 'ComponentType<{}> | ComponentModule<{}>'.
src/lib/registry.ts(7672,24): error TS2345: Argument of type '() => Promise<unknown>' is not assignable to parameter of type 'DynamicOptions<{}> | Loader<{}>'.
  Type '() => Promise<unknown>' is not assignable to type '() => LoaderComponent<{}>'.
    Type 'Promise<unknown>' is not assignable to type 'LoaderComponent<{}>'.
      Type 'unknown' is not assignable to type 'ComponentType<{}> | ComponentModule<{}>'.
src/lib/registry.ts(7682,24): error TS2345: Argument of type '() => Promise<unknown>' is not assignable to parameter of type 'DynamicOptions<{}> | Loader<{}>'.
  Type '() => Promise<unknown>' is not assignable to type '() => LoaderComponent<{}>'.
    Type 'Promise<unknown>' is not assignable to type 'LoaderComponent<{}>'.
      Type 'unknown' is not assignable to type 'ComponentType<{}> | ComponentModule<{}>'.
src/lib/registry.ts(7692,24): error TS2345: Argument of type '() => Promise<unknown>' is not assignable to parameter of type 'DynamicOptions<{}> | Loader<{}>'.
  Type '() => Promise<unknown>' is not assignable to type '() => LoaderComponent<{}>'.
    Type 'Promise<unknown>' is not assignable to type 'LoaderComponent<{}>'.
      Type 'unknown' is not assignable to type 'ComponentType<{}> | ComponentModule<{}>'.
src/lib/registry.ts(7702,24): error TS2345: Argument of type '() => Promise<unknown>' is not assignable to parameter of type 'DynamicOptions<{}> | Loader<{}>'.
  Type '() => Promise<unknown>' is not assignable to type '() => LoaderComponent<{}>'.
    Type 'Promise<unknown>' is not assignable to type 'LoaderComponent<{}>'.
      Type 'unknown' is not assignable to type 'ComponentType<{}> | ComponentModule<{}>'.
src/lib/registry.ts(7712,24): error TS2345: Argument of type '() => Promise<unknown>' is not assignable to parameter of type 'DynamicOptions<{}> | Loader<{}>'.
  Type '() => Promise<unknown>' is not assignable to type '() => LoaderComponent<{}>'.
    Type 'Promise<unknown>' is not assignable to type 'LoaderComponent<{}>'.
      Type 'unknown' is not assignable to type 'ComponentType<{}> | ComponentModule<{}>'.
src/lib/registry.ts(7722,24): error TS2345: Argument of type '() => Promise<unknown>' is not assignable to parameter of type 'DynamicOptions<{}> | Loader<{}>'.
  Type '() => Promise<unknown>' is not assignable to type '() => LoaderComponent<{}>'.
    Type 'Promise<unknown>' is not assignable to type 'LoaderComponent<{}>'.
      Type 'unknown' is not assignable to type 'ComponentType<{}> | ComponentModule<{}>'.
src/lib/registry.ts(7732,24): error TS2345: Argument of type '() => Promise<unknown>' is not assignable to parameter of type 'DynamicOptions<{}> | Loader<{}>'.
  Type '() => Promise<unknown>' is not assignable to type '() => LoaderComponent<{}>'.
    Type 'Promise<unknown>' is not assignable to type 'LoaderComponent<{}>'.
      Type 'unknown' is not assignable to type 'ComponentType<{}> | ComponentModule<{}>'.
src/lib/registry.ts(7742,24): error TS2345: Argument of type '() => Promise<unknown>' is not assignable to parameter of type 'DynamicOptions<{}> | Loader<{}>'.
  Type '() => Promise<unknown>' is not assignable to type '() => LoaderComponent<{}>'.
    Type 'Promise<unknown>' is not assignable to type 'LoaderComponent<{}>'.
      Type 'unknown' is not assignable to type 'ComponentType<{}> | ComponentModule<{}>'.
src/lib/registry.ts(7752,24): error TS2345: Argument of type '() => Promise<unknown>' is not assignable to parameter of type 'DynamicOptions<{}> | Loader<{}>'.
  Type '() => Promise<unknown>' is not assignable to type '() => LoaderComponent<{}>'.
    Type 'Promise<unknown>' is not assignable to type 'LoaderComponent<{}>'.
      Type 'unknown' is not assignable to type 'ComponentType<{}> | ComponentModule<{}>'.
src/lib/rehype.ts(3,31): error TS2307: Cannot find module '@/examples/__index__' or its corresponding type declarations.
src/lib/rehype.ts(4,19): error TS2307: Cannot find module 'unist-builder' or its corresponding type declarations.
src/lib/rehype.ts(5,23): error TS2307: Cannot find module 'unist-util-visit' or its corresponding type declarations.
src/lib/rehype.ts(8,38): error TS2307: Cannot find module '@/registry/__index__' or its corresponding type declarations.
src/lib/rehype.ts(9,32): error TS2307: Cannot find module '@/registry/_legacy-styles' or its corresponding type declarations.
src/lib/rehype.ts(10,23): error TS2307: Cannot find module '@/registry/bases' or its corresponding type declarations.
src/lib/rehype.ts(11,37): error TS2307: Cannot find module '@/registry/bases/__index__' or its corresponding type declarations.
src/lib/source.ts(1,22): error TS2307: Cannot find module '@/.source' or its corresponding type declarations.
src/lib/source.ts(2,24): error TS2307: Cannot find module 'fumadocs-core/source' or its corresponding type declarations.
src/lib/tailwind-worker.ts(2,1): error TS2578: Unused '@ts-expect-error' directive.
src/lib/tailwind-worker.ts(4,1): error TS2578: Unused '@ts-expect-error' directive.
src/lib/tailwind-worker.ts(6,1): error TS2578: Unused '@ts-expect-error' directive.
src/lib/tailwind-worker.ts(8,1): error TS2578: Unused '@ts-expect-error' directive.
src/lib/tailwind-worker.ts(12,1): error TS2578: Unused '@ts-expect-error' directive.
src/lib/tailwind-worker.ts(85,3): error TS2322: Type 'typeof import("*.css")' is not assignable to type 'string'.
src/lib/tailwind-worker.ts(86,3): error TS2322: Type 'typeof import("*.css")' is not assignable to type 'string'.
src/lib/tailwind-worker.ts(87,3): error TS2322: Type 'typeof import("*.css")' is not assignable to type 'string'.
src/lib/tailwind-worker.ts(88,3): error TS2322: Type 'typeof import("*.css")' is not assignable to type 'string'.
src/lib/tailwind-worker.ts(90,3): error TS2322: Type 'typeof import("*.css")' is not assignable to type 'string'.
src/lib/transpile.ts(1,27): error TS2307: Cannot find module 'sucrase' or its corresponding type declarations.
src/lib/utils.test.ts(2,65): error TS2307: Cannot find module 'vitest' or its corresponding type declarations.
src/primitives/auto-form/fields/array.tsx(109,38): error TS2322: Type '{ className: string; size: number; }' is not assignable to type 'IntrinsicAttributes & IconProps & RefAttributes<SVGSVGElement>'.
  Property 'size' does not exist on type 'IntrinsicAttributes & IconProps & RefAttributes<SVGSVGElement>'.
src/primitives/auto-form/index.ts(5,1): error TS2308: Module "./fields" has already exported a member named 'Form'. Consider explicitly re-exporting to resolve the ambiguity.
src/primitives/auto-form/index.ts(5,1): error TS2308: Module "./fields" has already exported a member named 'FormControl'. Consider explicitly re-exporting to resolve the ambiguity.
src/primitives/auto-form/index.ts(5,1): error TS2308: Module "./fields" has already exported a member named 'FormDescription'. Consider explicitly re-exporting to resolve the ambiguity.
src/primitives/auto-form/index.ts(5,1): error TS2308: Module "./fields" has already exported a member named 'FormField'. Consider explicitly re-exporting to resolve the ambiguity.
src/primitives/auto-form/index.ts(5,1): error TS2308: Module "./fields" has already exported a member named 'FormItem'. Consider explicitly re-exporting to resolve the ambiguity.
src/primitives/auto-form/index.ts(5,1): error TS2308: Module "./fields" has already exported a member named 'FormLabel'. Consider explicitly re-exporting to resolve the ambiguity.
src/primitives/auto-form/index.ts(5,1): error TS2308: Module "./fields" has already exported a member named 'FormMessage'. Consider explicitly re-exporting to resolve the ambiguity.
src/primitives/auto-form/index.ts(5,1): error TS2308: Module "./fields" has already exported a member named 'useFormField'. Consider explicitly re-exporting to resolve the ambiguity.
src/primitives/buttons/button-group-select.tsx(47,7): error TS2304: Cannot find name 'IconChevronRight'.
src/primitives/buttons/button-group-size.tsx(1,10): error TS2305: Module '"@tabler/icons-react"' has no exported member 'Plus'.
src/primitives/buttons/button-icon.tsx(1,10): error TS2724: '"@tabler/icons-react"' has no exported member named 'IconCircleFadingArrowUp'. Did you mean 'IconCircleArrowUp'?
src/primitives/buttons/toolbar-button.tsx(2,42): error TS2307: Cannot find module '@radix-ui/react-tooltip' or its corresponding type declarations.
src/primitives/data-grid/data-grid-column-header.tsx(23,158): error TS2724: '"@tabler/icons-react"' has no exported member named 'IconPinOff'. Did you mean 'IconPaintOff'?
src/primitives/data-grid/data-grid-column-header.tsx(234,35): error TS2322: Type '{ children: Element[]; side: string; }' is not assignable to type 'IntrinsicAttributes & DropdownMenuSubContentProps & RefAttributes<HTMLDivElement>'.
  Property 'side' does not exist on type 'IntrinsicAttributes & DropdownMenuSubContentProps & RefAttributes<HTMLDivElement>'.
src/primitives/data-grid/data-grid-table-dnd-rows.tsx(37,8): error TS2307: Cannot find module '@dnd-kit/core' or its corresponding type declarations.
src/primitives/data-grid/data-grid-table-dnd-rows.tsx(38,40): error TS2307: Cannot find module '@dnd-kit/modifiers' or its corresponding type declarations.
src/primitives/data-grid/data-grid-table-dnd-rows.tsx(43,8): error TS2307: Cannot find module '@dnd-kit/sortable' or its corresponding type declarations.
src/primitives/data-grid/data-grid-table-dnd-rows.tsx(44,21): error TS2307: Cannot find module '@dnd-kit/utilities' or its corresponding type declarations.
src/primitives/data-grid/data-grid-table-dnd-rows.tsx(154,7): error TS7031: Binding element 'transform' implicitly has an 'any' type.
src/primitives/data-grid/data-grid-table-dnd-rows.tsx(155,7): error TS7031: Binding element 'draggingNodeRect' implicitly has an 'any' type.
src/primitives/data-grid/data-grid-table-dnd.tsx(30,8): error TS2307: Cannot find module '@dnd-kit/core' or its corresponding type declarations.
src/primitives/data-grid/data-grid-table-dnd.tsx(35,8): error TS2307: Cannot find module '@dnd-kit/sortable' or its corresponding type declarations.
src/primitives/data-grid/data-grid-table-dnd.tsx(36,21): error TS2307: Cannot find module '@dnd-kit/utilities' or its corresponding type declarations.
src/primitives/data-grid/data-grid-table-dnd.tsx(152,46): error TS7031: Binding element 'draggingNodeRect' implicitly has an 'any' type.
src/primitives/data-grid/data-grid-table-dnd.tsx(152,64): error TS7031: Binding element 'transform' implicitly has an 'any' type.
src/primitives/dropdowns/dropdown-menu-avatar.tsx(13,10): error TS2724: '"@tabler/icons-react"' has no exported member named 'IconBadgeCheck'. Did you mean 'IconBadgeCc'?
src/primitives/dropdowns/dropdown-menu-avatar.tsx(13,52): error TS2724: '"@tabler/icons-react"' has no exported member named 'IconLogOut'. Did you mean 'IconLogout'?
src/primitives/dropdowns/dropdown-menu-avatar.tsx(19,9): error TS2322: Type '{ children: Element; render: Element; }' is not assignable to type 'IntrinsicAttributes & DropdownMenuTriggerProps & RefAttributes<HTMLButtonElement>'.
  Property 'render' does not exist on type 'IntrinsicAttributes & DropdownMenuTriggerProps & RefAttributes<HTMLButtonElement>'.
src/primitives/dropdowns/dropdown-menu-basic.tsx(17,28): error TS2322: Type '{ children: string; render: Element; }' is not assignable to type 'IntrinsicAttributes & DropdownMenuTriggerProps & RefAttributes<HTMLButtonElement>'.
  Property 'render' does not exist on type 'IntrinsicAttributes & DropdownMenuTriggerProps & RefAttributes<HTMLButtonElement>'.
src/primitives/dropdowns/dropdown-menu-checkboxes-icons.tsx(24,28): error TS2322: Type '{ children: string; render: Element; }' is not assignable to type 'IntrinsicAttributes & DropdownMenuTriggerProps & RefAttributes<HTMLButtonElement>'.
  Property 'render' does not exist on type 'IntrinsicAttributes & DropdownMenuTriggerProps & RefAttributes<HTMLButtonElement>'.
src/primitives/dropdowns/dropdown-menu-checkboxes.tsx(21,28): error TS2322: Type '{ children: string; render: Element; }' is not assignable to type 'IntrinsicAttributes & DropdownMenuTriggerProps & RefAttributes<HTMLButtonElement>'.
  Property 'render' does not exist on type 'IntrinsicAttributes & DropdownMenuTriggerProps & RefAttributes<HTMLButtonElement>'.
src/primitives/dropdowns/smooth-dropdown.tsx(1,10): error TS2305: Module '"@tabler/icons-react"' has no exported member 'iconRef'.
src/primitives/dropdowns/smooth-dropdown.tsx(9,44): error TS2304: Cannot find name 'UserIcon'.
src/primitives/dropdowns/smooth-dropdown.tsx(10,44): error TS2304: Cannot find name 'CreditCardIcon'.
src/primitives/dropdowns/smooth-dropdown.tsx(11,46): error TS2304: Cannot find name 'FolderIcon'.
src/primitives/dropdowns/smooth-dropdown.tsx(12,56): error TS2304: Cannot find name 'File01Icon'.
src/primitives/dropdowns/smooth-dropdown.tsx(14,46): error TS2304: Cannot find name 'SettingsIcon'.
src/primitives/dropdowns/smooth-dropdown.tsx(15,42): error TS2304: Cannot find name 'HelpCircleIcon'.
src/primitives/dropdowns/smooth-dropdown.tsx(16,42): error TS2304: Cannot find name 'LogoutIcon'.
src/primitives/dropdowns/smooth-dropdown.tsx(78,12): error TS2304: Cannot find name 'IconDots'.
src/primitives/dropdowns/smooth-dropdown.tsx(185,21): error TS2339: Property 'iconRef' does not exist on type 'JSX.IntrinsicElements'.
src/primitives/image-blocks/image-edit-block.tsx(36,25): error TS2339: Property 'setImages' does not exist on type 'SingleCommands'.
src/primitives/image-blocks/image-edit-block.tsx(51,25): error TS2339: Property 'setImages' does not exist on type 'SingleCommands'.
src/primitives/index.ts(11,1): error TS2308: Module "./dropdowns" has already exported a member named 'DropdownMenu'. Consider explicitly re-exporting to resolve the ambiguity.
src/primitives/index.ts(11,1): error TS2308: Module "./dropdowns" has already exported a member named 'DropdownMenuCheckboxItem'. Consider explicitly re-exporting to resolve the ambiguity.
src/primitives/index.ts(11,1): error TS2308: Module "./dropdowns" has already exported a member named 'DropdownMenuContent'. Consider explicitly re-exporting to resolve the ambiguity.
src/primitives/index.ts(11,1): error TS2308: Module "./dropdowns" has already exported a member named 'DropdownMenuGroup'. Consider explicitly re-exporting to resolve the ambiguity.
src/primitives/index.ts(11,1): error TS2308: Module "./dropdowns" has already exported a member named 'DropdownMenuItem'. Consider explicitly re-exporting to resolve the ambiguity.
src/primitives/index.ts(11,1): error TS2308: Module "./dropdowns" has already exported a member named 'DropdownMenuLabel'. Consider explicitly re-exporting to resolve the ambiguity.
src/primitives/index.ts(11,1): error TS2308: Module "./dropdowns" has already exported a member named 'DropdownMenuPortal'. Consider explicitly re-exporting to resolve the ambiguity.
src/primitives/index.ts(11,1): error TS2308: Module "./dropdowns" has already exported a member named 'DropdownMenuRadioGroup'. Consider explicitly re-exporting to resolve the ambiguity.
src/primitives/index.ts(11,1): error TS2308: Module "./dropdowns" has already exported a member named 'DropdownMenuRadioItem'. Consider explicitly re-exporting to resolve the ambiguity.
src/primitives/index.ts(11,1): error TS2308: Module "./dropdowns" has already exported a member named 'DropdownMenuSeparator'. Consider explicitly re-exporting to resolve the ambiguity.
src/primitives/index.ts(11,1): error TS2308: Module "./dropdowns" has already exported a member named 'DropdownMenuShortcut'. Consider explicitly re-exporting to resolve the ambiguity.
src/primitives/index.ts(11,1): error TS2308: Module "./dropdowns" has already exported a member named 'DropdownMenuSub'. Consider explicitly re-exporting to resolve the ambiguity.
src/primitives/index.ts(11,1): error TS2308: Module "./dropdowns" has already exported a member named 'DropdownMenuSubContent'. Consider explicitly re-exporting to resolve the ambiguity.
src/primitives/index.ts(11,1): error TS2308: Module "./dropdowns" has already exported a member named 'DropdownMenuSubTrigger'. Consider explicitly re-exporting to resolve the ambiguity.
src/primitives/index.ts(11,1): error TS2308: Module "./dropdowns" has already exported a member named 'DropdownMenuTrigger'. Consider explicitly re-exporting to resolve the ambiguity.
src/primitives/index.ts(11,1): error TS2308: Module "./layouts" has already exported a member named 'NavigationMenu'. Consider explicitly re-exporting to resolve the ambiguity.
src/primitives/index.ts(11,1): error TS2308: Module "./layouts" has already exported a member named 'NavigationMenuContent'. Consider explicitly re-exporting to resolve the ambiguity.
src/primitives/index.ts(11,1): error TS2308: Module "./layouts" has already exported a member named 'NavigationMenuIndicator'. Consider explicitly re-exporting to resolve the ambiguity.
src/primitives/index.ts(11,1): error TS2308: Module "./layouts" has already exported a member named 'NavigationMenuItem'. Consider explicitly re-exporting to resolve the ambiguity.
src/primitives/index.ts(11,1): error TS2308: Module "./layouts" has already exported a member named 'NavigationMenuLink'. Consider explicitly re-exporting to resolve the ambiguity.
src/primitives/index.ts(11,1): error TS2308: Module "./layouts" has already exported a member named 'NavigationMenuList'. Consider explicitly re-exporting to resolve the ambiguity.
src/primitives/index.ts(11,1): error TS2308: Module "./layouts" has already exported a member named 'NavigationMenuTrigger'. Consider explicitly re-exporting to resolve the ambiguity.
src/primitives/index.ts(11,1): error TS2308: Module "./layouts" has already exported a member named 'NavigationMenuViewport'. Consider explicitly re-exporting to resolve the ambiguity.
src/primitives/index.ts(11,1): error TS2308: Module "./layouts" has already exported a member named 'navigationMenuTriggerStyle'. Consider explicitly re-exporting to resolve the ambiguity.
src/primitives/index.ts(16,15): error TS2307: Cannot find module './studio-blocks' or its corresponding type declarations.
src/primitives/index.ts(17,1): error TS2308: Module "./layouts" has already exported a member named 'Item'. Consider explicitly re-exporting to resolve the ambiguity.
src/primitives/index.ts(22,1): error TS2308: Module "./buttons" has already exported a member named 'ButtonGroup'. Consider explicitly re-exporting to resolve the ambiguity.
src/primitives/index.ts(22,1): error TS2308: Module "./buttons" has already exported a member named 'ButtonGroupSeparator'. Consider explicitly re-exporting to resolve the ambiguity.
src/primitives/index.ts(22,1): error TS2308: Module "./buttons" has already exported a member named 'ButtonGroupText'. Consider explicitly re-exporting to resolve the ambiguity.
src/primitives/index.ts(22,1): error TS2308: Module "./layouts" has already exported a member named 'Item'. Consider explicitly re-exporting to resolve the ambiguity.
src/primitives/index.ts(22,1): error TS2308: Module "./tabs" has already exported a member named 'Tabs'. Consider explicitly re-exporting to resolve the ambiguity.
src/primitives/index.ts(22,1): error TS2308: Module "./tabs" has already exported a member named 'TabsContent'. Consider explicitly re-exporting to resolve the ambiguity.
src/primitives/index.ts(22,1): error TS2308: Module "./tabs" has already exported a member named 'TabsList'. Consider explicitly re-exporting to resolve the ambiguity.
src/primitives/index.ts(22,1): error TS2308: Module "./tabs" has already exported a member named 'TabsTrigger'. Consider explicitly re-exporting to resolve the ambiguity.
src/primitives/index.ts(22,1): error TS2308: Module "./textarea" has already exported a member named 'Textarea'. Consider explicitly re-exporting to resolve the ambiguity.
src/primitives/inputs/combobox-option.tsx(52,13): error TS7006: Parameter 'item' implicitly has an 'any' type.
src/primitives/inputs/combobox.tsx(45,11): error TS2322: Type '{ children: Element[]; className: string; onSubmit: any; }' is not assignable to type 'IntrinsicAttributes & { children: ReactNode | ReactNode[]; } & UseFormReturn<FieldValues, any, FieldValues>'.
  Property 'className' does not exist on type 'IntrinsicAttributes & { children: ReactNode | ReactNode[]; } & UseFormReturn<FieldValues, any, FieldValues>'.
src/primitives/inputs/combobox.tsx(46,14): error TS2322: Type '{ children: Element[]; name: string; }' is not assignable to type 'IntrinsicAttributes & ClassAttributes<HTMLDivElement> & HTMLAttributes<HTMLDivElement> & VariantProps<...>'.
  Property 'name' does not exist on type 'IntrinsicAttributes & ClassAttributes<HTMLDivElement> & HTMLAttributes<HTMLDivElement> & VariantProps<...>'.
src/primitives/inputs/input-group-dropdown.tsx(27,18): error TS2304: Cannot find name 'IconDots'.
src/primitives/inputs/input-group-with-tooltip.tsx(49,20): error TS2304: Cannot find name 'IconInfoCircle'.
src/primitives/inputs/input-group-with-tooltip.tsx(61,30): error TS2304: Cannot find name 'IconChevronDown'.
src/primitives/inputs/input-group-with-tooltip.tsx(76,20): error TS2304: Cannot find name 'IconInfoCircle'.
src/primitives/inputs/input-group-with-tooltip.tsx(88,14): error TS2552: Cannot find name 'ButtonGroupText'. Did you mean 'ButtonGroup'?
src/primitives/inputs/input-group-with-tooltip.tsx(88,40): error TS2552: Cannot find name 'ButtonGroupText'. Did you mean 'ButtonGroup'?
src/primitives/inputs/input-group-with-tooltip.tsx(92,18): error TS2552: Cannot find name 'IconAlertSquareRoundedFilled'. Did you mean 'IconInfoSquareRoundedFilled'?
src/primitives/inputs/input-group-with-tooltip.tsx(95,14): error TS2552: Cannot find name 'ButtonGroupText'. Did you mean 'ButtonGroup'?
src/primitives/inputs/input-group-with-tooltip.tsx(95,36): error TS2552: Cannot find name 'ButtonGroupText'. Did you mean 'ButtonGroup'?
src/primitives/inputs/input-otp.tsx(16,6): error TS2322: Type '{ name?: string | undefined; type?: HTMLInputTypeAttribute | undefined; title?: string | undefined; form?: string | undefined; popover?: "" | "auto" | "manual" | "hint" | undefined; ... 312 more ...; className: string; } | { ...; }' is not assignable to type 'IntrinsicAttributes & (OTPInputProps & RefAttributes<HTMLInputElement>)'.
  Type '{ name?: string | undefined; type?: HTMLInputTypeAttribute | undefined; title?: string | undefined; form?: string | undefined; popover?: "" | "auto" | "manual" | "hint" | undefined; ... 312 more ...; className: string; }' is not assignable to type 'IntrinsicAttributes & (OTPInputProps & RefAttributes<HTMLInputElement>)'.
    Type '{ name?: string | undefined; type?: HTMLInputTypeAttribute | undefined; title?: string | undefined; form?: string | undefined; popover?: "" | "auto" | "manual" | "hint" | undefined; ... 312 more ...; className: string; }' is not assignable to type 'IntrinsicAttributes'.
      Types of property 'key' are incompatible.
        Type 'import("/app/node_modules/.pnpm/@types+react@19.2.16/node_modules/@types/react/index").Key | null | undefined' is not assignable to type 'React.Key | null | undefined'.
          Type 'unique symbol' is not assignable to type 'Key | null | undefined'.
src/primitives/layouts/measured-container.tsx(2,34): error TS2307: Cannot find module '../hooks/use-container-size' or its corresponding type declarations.
src/primitives/layouts/navigation-menu.tsx(74,5): error TS2304: Cannot find name 'IconChevronDown'.
src/primitives/layouts/navigation-progress.tsx(5,48): error TS2307: Cannot find module 'react-top-loading-bar' or its corresponding type declarations.
src/primitives/layouts/navigation-progress.tsx(9,17): error TS2304: Cannot find name 'useRouterState'.
src/primitives/layouts/social-proof-07.tsx(3,63): error TS2307: Cannot find module '@ui/card' or its corresponding type declarations.
src/primitives/layouts/swap-layout.tsx(3,29): error TS2307: Cannot find module 'swapy' or its corresponding type declarations.
src/primitives/layouts/swap-layout.tsx(4,28): error TS2307: Cannot find module './edit-switch' or its corresponding type declarations.
src/primitives/layouts/swap-layout.tsx(108,17): error TS2554: Expected 1 arguments, but got 0.
src/primitives/layouts/swap-layout.tsx(113,27): error TS7006: Parameter 'event' implicitly has an 'any' type.
src/primitives/layouts/swap-layout.tsx(124,28): error TS7006: Parameter 'event' implicitly has an 'any' type.
src/primitives/links/link-bubble-menu.tsx(2,15): error TS2305: Module '"@tiptap/react"' has no exported member 'ShouldShowProps'.
src/primitives/links/link-bubble-menu.tsx(77,10): error TS2339: Property 'setLink' does not exist on type 'ChainedCommands'.
src/primitives/links/link-bubble-menu.tsx(86,52): error TS2339: Property 'unsetLink' does not exist on type 'ChainedCommands'.
src/primitives/links/link-edit-popover.tsx(43,10): error TS2339: Property 'setLink' does not exist on type 'ChainedCommands'.
src/primitives/links/link-popover-block.tsx(63,36): error TS7006: Parameter 'e' implicitly has an 'any' type.
src/primitives/lists/list-item.tsx(101,14): error TS2304: Cannot find name 'IconCheck'.
src/primitives/menus/menu-option.tsx(7,8): error TS2307: Cannot find module '@/components/ui/menu' or its corresponding type declarations.
src/primitives/menus/menu-other.tsx(7,8): error TS2307: Cannot find module '@/components/ui/menu' or its corresponding type declarations.
src/primitives/menus/menu.tsx(3,39): error TS2307: Cannot find module '@base-ui/react/menu' or its corresponding type declarations.
src/primitives/menus/menu.tsx(262,8): error TS2304: Cannot find name 'IconCaretRightFilled'.
src/primitives/popovers/popover.tsx(2,45): error TS2307: Cannot find module '@base-ui/react/popover' or its corresponding type declarations.
src/primitives/sections/five.tsx(3,15): error TS2305: Module '"../../types"' has no exported member 'FormatAction'.
src/primitives/sections/five.tsx(13,33): error TS2307: Cannot find module '../link/link-edit-popover' or its corresponding type declarations.
src/primitives/sections/five.tsx(14,33): error TS2307: Cannot find module '../image/image-edit-dialog' or its corresponding type declarations.
src/primitives/sections/five.tsx(15,32): error TS2307: Cannot find module '../toolbar-section' or its corresponding type declarations.
src/primitives/sections/five.tsx(25,5): error TS2353: Object literal may only specify known properties, and 'label' does not exist in type 'InsertElement'.
src/primitives/sections/five.tsx(27,14): error TS7006: Parameter 'editor' implicitly has an 'any' type.
src/primitives/sections/five.tsx(28,16): error TS7006: Parameter 'editor' implicitly has an 'any' type.
src/primitives/sections/five.tsx(29,18): error TS7006: Parameter 'editor' implicitly has an 'any' type.
src/primitives/sections/five.tsx(35,5): error TS2353: Object literal may only specify known properties, and 'label' does not exist in type 'InsertElement'.
src/primitives/sections/five.tsx(37,14): error TS7006: Parameter 'editor' implicitly has an 'any' type.
src/primitives/sections/five.tsx(38,16): error TS7006: Parameter 'editor' implicitly has an 'any' type.
src/primitives/sections/five.tsx(39,18): error TS7006: Parameter 'editor' implicitly has an 'any' type.
src/primitives/sections/five.tsx(45,5): error TS2353: Object literal may only specify known properties, and 'label' does not exist in type 'InsertElement'.
src/primitives/sections/five.tsx(47,14): error TS7006: Parameter 'editor' implicitly has an 'any' type.
src/primitives/sections/five.tsx(49,18): error TS7006: Parameter 'editor' implicitly has an 'any' type.
src/primitives/sections/four.tsx(3,15): error TS2305: Module '"../../types"' has no exported member 'FormatAction'.
src/primitives/sections/four.tsx(7,32): error TS2307: Cannot find module '../toolbar-section' or its corresponding type declarations.
src/primitives/sections/four.tsx(17,5): error TS2353: Object literal may only specify known properties, and 'label' does not exist in type 'ListItem'.
src/primitives/sections/four.tsx(29,16): error TS7006: Parameter 'editor' implicitly has an 'any' type.
src/primitives/sections/four.tsx(30,14): error TS7006: Parameter 'editor' implicitly has an 'any' type.
src/primitives/sections/four.tsx(31,18): error TS7006: Parameter 'editor' implicitly has an 'any' type.
src/primitives/sections/four.tsx(37,5): error TS2353: Object literal may only specify known properties, and 'label' does not exist in type 'ListItem'.
src/primitives/sections/four.tsx(39,16): error TS7006: Parameter 'editor' implicitly has an 'any' type.
src/primitives/sections/four.tsx(40,14): error TS7006: Parameter 'editor' implicitly has an 'any' type.
src/primitives/sections/four.tsx(41,18): error TS7006: Parameter 'editor' implicitly has an 'any' type.
src/primitives/sections/one.tsx(3,15): error TS2305: Module '"../../types"' has no exported member 'FormatAction'.
src/primitives/sections/one.tsx(14,31): error TS2307: Cannot find module '../toolbar-button' or its corresponding type declarations.
src/primitives/sections/one.tsx(15,29): error TS2307: Cannot find module '../shortcut-key' or its corresponding type declarations.
src/primitives/sections/one.tsx(101,32): error TS2339: Property 'toggleHeading' does not exist on type 'ChainedCommands'.
src/primitives/sections/one.tsx(103,32): error TS2339: Property 'setParagraph' does not exist on type 'ChainedCommands'.
src/primitives/sections/three.tsx(6,31): error TS2307: Cannot find module '../toolbar-button' or its corresponding type declarations.
src/primitives/sections/three.tsx(18,26): error TS2307: Cannot find module '../../hooks/use-theme' or its corresponding type declarations.
src/primitives/sections/three.tsx(168,24): error TS2339: Property 'setColor' does not exist on type 'ChainedCommands'.
src/primitives/sections/toolbar-section.tsx(3,35): error TS2307: Cannot find module '../types' or its corresponding type declarations.
src/primitives/sections/toolbar-section.tsx(14,31): error TS2307: Cannot find module './toolbar-button' or its corresponding type declarations.
src/primitives/sections/toolbar-section.tsx(15,29): error TS2307: Cannot find module './shortcut-key' or its corresponding type declarations.
src/primitives/sections/toolbar-section.tsx(16,32): error TS2307: Cannot find module '../utils' or its corresponding type declarations.
src/primitives/sections/toolbar-section.tsx(60,59): error TS7006: Parameter 's' implicitly has an 'any' type.
src/primitives/sections/two.tsx(3,15): error TS2305: Module '"../../types"' has no exported member 'FormatAction'.
src/primitives/sections/two.tsx(15,32): error TS2307: Cannot find module '../toolbar-section' or its corresponding type declarations.
src/primitives/sections/two.tsx(32,5): error TS2353: Object literal may only specify known properties, and 'label' does not exist in type 'TextStyle'.
src/primitives/sections/two.tsx(34,14): error TS7006: Parameter 'editor' implicitly has an 'any' type.
src/primitives/sections/two.tsx(35,16): error TS7006: Parameter 'editor' implicitly has an 'any' type.
src/primitives/sections/two.tsx(36,18): error TS7006: Parameter 'editor' implicitly has an 'any' type.
src/primitives/sections/two.tsx(43,5): error TS2353: Object literal may only specify known properties, and 'label' does not exist in type 'TextStyle'.
src/primitives/sections/two.tsx(45,14): error TS7006: Parameter 'editor' implicitly has an 'any' type.
src/primitives/sections/two.tsx(46,16): error TS7006: Parameter 'editor' implicitly has an 'any' type.
src/primitives/sections/two.tsx(47,18): error TS7006: Parameter 'editor' implicitly has an 'any' type.
src/primitives/sections/two.tsx(54,5): error TS2353: Object literal may only specify known properties, and 'label' does not exist in type 'TextStyle'.
src/primitives/sections/two.tsx(56,14): error TS7006: Parameter 'editor' implicitly has an 'any' type.
src/primitives/sections/two.tsx(57,16): error TS7006: Parameter 'editor' implicitly has an 'any' type.
src/primitives/sections/two.tsx(58,18): error TS7006: Parameter 'editor' implicitly has an 'any' type.
src/primitives/sections/two.tsx(65,5): error TS2353: Object literal may only specify known properties, and 'label' does not exist in type 'TextStyle'.
src/primitives/sections/two.tsx(67,14): error TS7006: Parameter 'editor' implicitly has an 'any' type.
src/primitives/sections/two.tsx(68,16): error TS7006: Parameter 'editor' implicitly has an 'any' type.
src/primitives/sections/two.tsx(69,18): error TS7006: Parameter 'editor' implicitly has an 'any' type.
src/primitives/sections/two.tsx(76,5): error TS2353: Object literal may only specify known properties, and 'label' does not exist in type 'TextStyle'.
src/primitives/sections/two.tsx(78,14): error TS7006: Parameter 'editor' implicitly has an 'any' type.
src/primitives/sections/two.tsx(79,16): error TS7006: Parameter 'editor' implicitly has an 'any' type.
src/primitives/sections/two.tsx(80,18): error TS7006: Parameter 'editor' implicitly has an 'any' type.
src/primitives/sections/two.tsx(87,5): error TS2353: Object literal may only specify known properties, and 'label' does not exist in type 'TextStyle'.
src/primitives/sections/two.tsx(89,14): error TS7006: Parameter 'editor' implicitly has an 'any' type.
src/primitives/sections/two.tsx(91,18): error TS7006: Parameter 'editor' implicitly has an 'any' type.
src/primitives/tabs/tabs-line.tsx(6,17): error TS2322: Type '{ children: Element[]; variant: string; }' is not assignable to type 'IntrinsicAttributes & TabsListProps & RefAttributes<HTMLDivElement>'.
  Property 'variant' does not exist on type 'IntrinsicAttributes & TabsListProps & RefAttributes<HTMLDivElement>'.
src/primitives/timelines/content/v1-2-0.tsx(2,26): error TS2307: Cannot find module '@/components/ui/copy-code' or its corresponding type declarations.
src/primitives/ui/breadcrumb.tsx(3,28): error TS2307: Cannot find module '@base-ui/react/merge-props' or its corresponding type declarations.
src/primitives/ui/breadcrumb.tsx(4,27): error TS2307: Cannot find module '@base-ui/react/use-render' or its corresponding type declarations.
src/primitives/ui/combobox.tsx(3,47): error TS2307: Cannot find module '@base-ui/react/combobox' or its corresponding type declarations.
src/primitives/ui/combobox.tsx(4,10): error TS2724: '"@tabler/icons-react"' has no exported member named 'IconChevronsUpDown'. Did you mean 'IconChevronsDown'?
src/primitives/ui/combobox.tsx(100,7): error TS2322: Type 'number | "default" | "sm" | "lg"' is not assignable to type 'number | undefined'.
  Type 'string' is not assignable to type 'number'.
src/primitives/ui/combobox.tsx(114,8): error TS2304: Cannot find name 'ChevronsUpDownIcon'.
src/primitives/ui/combobox.tsx(126,7): error TS2304: Cannot find name 'XIcon'.
src/primitives/ui/combobox.tsx(300,15): error TS2322: Type '{ children: Element; scrollbarGutter: true; scrollFade: true; }' is not assignable to type 'IntrinsicAttributes & ScrollAreaProps'.
  Property 'scrollbarGutter' does not exist on type 'IntrinsicAttributes & ScrollAreaProps'.
src/primitives/ui/command-menu.tsx(17,29): error TS2307: Cannot find module './layout/data/sidebar-data' or its corresponding type declarations.
src/primitives/ui/command-menu.tsx(18,28): error TS2307: Cannot find module './ui/scroll-area' or its corresponding type declarations.
src/primitives/ui/command-menu.tsx(39,39): error TS7006: Parameter 'group' implicitly has an 'any' type.
src/primitives/ui/command-menu.tsx(41,33): error TS7006: Parameter 'navItem' implicitly has an 'any' type.
src/primitives/ui/command-menu.tsx(41,42): error TS7006: Parameter 'i' implicitly has an 'any' type.
src/primitives/ui/command-menu.tsx(58,44): error TS7006: Parameter 'subItem' implicitly has an 'any' type.
src/primitives/ui/command-menu.tsx(58,53): error TS7006: Parameter 'i' implicitly has an 'any' type.
src/primitives/ui/command.tsx(18,4): error TS2322: Type '{ children?: ReactNode; title?: string | undefined; popover?: "" | "auto" | "manual" | "hint" | undefined; id?: string | undefined; onChange?: ChangeEventHandler<HTMLDivElement, Element> | undefined; ... 285 more ...; className: string; }' is not assignable to type 'IntrinsicAttributes'.
  Types of property 'key' are incompatible.
    Type 'import("/app/node_modules/.pnpm/@types+react@19.2.16/node_modules/@types/react/index").Key | null | undefined' is not assignable to type 'React.Key | null | undefined'.
      Type 'unique symbol' is not assignable to type 'Key | null | undefined'.
src/primitives/ui/command.tsx(70,5): error TS2322: Type '{ name?: string | undefined; title?: string | undefined; form?: string | undefined; popover?: "" | "auto" | "manual" | "hint" | undefined; size?: number | undefined; id?: string | undefined; ... 305 more ...; className: string; }' is not assignable to type 'IntrinsicAttributes'.
  Types of property 'key' are incompatible.
    Type 'import("/app/node_modules/.pnpm/@types+react@19.2.16/node_modules/@types/react/index").Key | null | undefined' is not assignable to type 'React.Key | null | undefined'.
      Type 'unique symbol' is not assignable to type 'Key | null | undefined'.
src/primitives/ui/command.tsx(87,4): error TS2322: Type '{ children?: ReactNode; title?: string | undefined; popover?: "" | "auto" | "manual" | "hint" | undefined; id?: string | undefined; onChange?: ChangeEventHandler<HTMLDivElement, Element> | undefined; ... 278 more ...; className: string; }' is not assignable to type 'IntrinsicAttributes'.
  Types of property 'key' are incompatible.
    Type 'import("/app/node_modules/.pnpm/@types+react@19.2.16/node_modules/@types/react/index").Key | null | undefined' is not assignable to type 'React.Key | null | undefined'.
      Type 'unique symbol' is not assignable to type 'Key | null | undefined'.
src/primitives/ui/command.tsx(102,4): error TS2322: Type '{ children?: ReactNode; title?: string | undefined; popover?: "" | "auto" | "manual" | "hint" | undefined; id?: string | undefined; className: string; onChange?: ChangeEventHandler<HTMLDivElement, Element> | undefined; ... 276 more ...; "data-slot": string; }' is not assignable to type 'IntrinsicAttributes'.
  Types of property 'key' are incompatible.
    Type 'import("/app/node_modules/.pnpm/@types+react@19.2.16/node_modules/@types/react/index").Key | null | undefined' is not assignable to type 'React.Key | null | undefined'.
      Type 'unique symbol' is not assignable to type 'Key | null | undefined'.
src/primitives/ui/command.tsx(115,4): error TS2322: Type '{ children?: ReactNode; title?: string | undefined; popover?: "" | "auto" | "manual" | "hint" | undefined; id?: string | undefined; onChange?: ChangeEventHandler<HTMLDivElement, Element> | undefined; ... 280 more ...; className: string; }' is not assignable to type 'IntrinsicAttributes'.
  Types of property 'key' are incompatible.
    Type 'import("/app/node_modules/.pnpm/@types+react@19.2.16/node_modules/@types/react/index").Key | null | undefined' is not assignable to type 'React.Key | null | undefined'.
      Type 'unique symbol' is not assignable to type 'Key | null | undefined'.
src/primitives/ui/command.tsx(131,4): error TS2322: Type '{ title?: string | undefined; popover?: "" | "auto" | "manual" | "hint" | undefined; id?: string | undefined; onChange?: ChangeEventHandler<HTMLDivElement, Element> | undefined; ... 279 more ...; className: string; }' is not assignable to type 'IntrinsicAttributes'.
  Types of property 'key' are incompatible.
    Type 'import("/app/node_modules/.pnpm/@types+react@19.2.16/node_modules/@types/react/index").Key | null | undefined' is not assignable to type 'React.Key | null | undefined'.
      Type 'unique symbol' is not assignable to type 'Key | null | undefined'.
src/primitives/ui/command.tsx(144,4): error TS2322: Type '{ children?: ReactNode; title?: string | undefined; popover?: "" | "auto" | "manual" | "hint" | undefined; id?: string | undefined; onChange?: ChangeEventHandler<HTMLDivElement, Element> | undefined; ... 281 more ...; className: string; }' is not assignable to type 'IntrinsicAttributes'.
  Types of property 'key' are incompatible.
    Type 'import("/app/node_modules/.pnpm/@types+react@19.2.16/node_modules/@types/react/index").Key | null | undefined' is not assignable to type 'React.Key | null | undefined'.
      Type 'unique symbol' is not assignable to type 'Key | null | undefined'.
src/primitives/ui/config-drawer.tsx(8,25): error TS2307: Cannot find module '@/assets/custom/icon-dir' or its corresponding type declarations.
src/primitives/ui/config-drawer.tsx(9,35): error TS2307: Cannot find module '@/assets/custom/icon-layout-compact' or its corresponding type declarations.
src/primitives/ui/config-drawer.tsx(10,35): error TS2307: Cannot find module '@/assets/custom/icon-layout-default' or its corresponding type declarations.
src/primitives/ui/config-drawer.tsx(11,32): error TS2307: Cannot find module '@/assets/custom/icon-layout-full' or its corresponding type declarations.
src/primitives/ui/config-drawer.tsx(12,37): error TS2307: Cannot find module '@/assets/custom/icon-sidebar-floating' or its corresponding type declarations.
src/primitives/ui/config-drawer.tsx(13,34): error TS2307: Cannot find module '@/assets/custom/icon-sidebar-inset' or its corresponding type declarations.
src/primitives/ui/config-drawer.tsx(14,36): error TS2307: Cannot find module '@/assets/custom/icon-sidebar-sidebar' or its corresponding type declarations.
src/primitives/ui/config-drawer.tsx(15,31): error TS2307: Cannot find module '@/assets/custom/icon-theme-dark' or its corresponding type declarations.
src/primitives/ui/config-drawer.tsx(16,32): error TS2307: Cannot find module '@/assets/custom/icon-theme-light' or its corresponding type declarations.
src/primitives/ui/config-drawer.tsx(17,33): error TS2307: Cannot find module '@/assets/custom/icon-theme-system' or its corresponding type declarations.
src/primitives/ui/config-drawer.tsx(25,28): error TS2307: Cannot find module './ui/sidebar' or its corresponding type declarations.
src/primitives/ui/copy-code.tsx(49,16): error TS2304: Cannot find name 'escapeHtml'.
src/primitives/ui/copy-code.tsx(100,17): error TS2304: Cannot find name 'Check'.
src/primitives/ui/copy-code.tsx(100,48): error TS2304: Cannot find name 'Copy'.
src/primitives/ui/filters.tsx(8,8): error TS2307: Cannot find module '@dropdown' or its corresponding type declarations.
src/primitives/ui/filters.tsx(1192,19): error TS7006: Parameter 'open' implicitly has an 'any' type.
src/primitives/ui/filters.tsx(1661,19): error TS7006: Parameter 'open' implicitly has an 'any' type.
src/primitives/ui/filters.tsx(2144,22): error TS7006: Parameter 'open' implicitly has an 'any' type.
src/primitives/ui/group.tsx(3,28): error TS2307: Cannot find module '@base-ui/react/merge-props' or its corresponding type declarations.
src/primitives/ui/group.tsx(4,27): error TS2307: Cannot find module '@base-ui/react/use-render' or its corresponding type declarations.
src/primitives/ui/number-field.tsx(3,53): error TS2307: Cannot find module '@base-ui/react/number-field' or its corresponding type declarations.
src/primitives/ui/preview-card.tsx(3,53): error TS2307: Cannot find module '@base-ui/react/preview-card' or its corresponding type declarations.
src/primitives/ui/resizable.tsx(11,51): error TS2339: Property 'PanelGroup' does not exist on type 'typeof import("/app/node_modules/.pnpm/react-resizable-panels@4.11.2_react-dom@19.2.7_react@19.2.7__react@19.2.7/node_modules/react-resizable-panels/dist/react-resizable-panels")'.
src/primitives/ui/resizable.tsx(12,23): error TS2339: Property 'PanelGroup' does not exist on type 'typeof import("/app/node_modules/.pnpm/react-resizable-panels@4.11.2_react-dom@19.2.7_react@19.2.7__react@19.2.7/node_modules/react-resizable-panels/dist/react-resizable-panels")'.
src/primitives/ui/resizable.tsx(27,51): error TS2339: Property 'PanelResizeHandle' does not exist on type 'typeof import("/app/node_modules/.pnpm/react-resizable-panels@4.11.2_react-dom@19.2.7_react@19.2.7__react@19.2.7/node_modules/react-resizable-panels/dist/react-resizable-panels")'.
src/primitives/ui/resizable.tsx(30,23): error TS2339: Property 'PanelResizeHandle' does not exist on type 'typeof import("/app/node_modules/.pnpm/react-resizable-panels@4.11.2_react-dom@19.2.7_react@19.2.7__react@19.2.7/node_modules/react-resizable-panels/dist/react-resizable-panels")'.
src/primitives/ui/resizable.tsx(42,24): error TS2339: Property 'PanelResizeHandle' does not exist on type 'typeof import("/app/node_modules/.pnpm/react-resizable-panels@4.11.2_react-dom@19.2.7_react@19.2.7__react@19.2.7/node_modules/react-resizable-panels/dist/react-resizable-panels")'.
src/primitives/ui/slider.tsx(3,43): error TS2307: Cannot find module '@base-ui/react/slider' or its corresponding type declarations.
src/primitives/ui/toast.tsx(3,23): error TS2307: Cannot find module '@base-ui/react/toast' or its corresponding type declarations.
src/primitives/ui/toast.tsx(39,2): error TS2339: Property 'children' does not exist on type 'ToastProviderProps'.
src/primitives/ui/toast.tsx(71,18): error TS7006: Parameter 'toast' implicitly has an 'any' type.
src/primitives/ui/toast.tsx(191,18): error TS7006: Parameter 'toast' implicitly has an 'any' type.
src/primitives/ui/tooltip.tsx(3,45): error TS2307: Cannot find module '@base-ui/react/tooltip' or its corresponding type declarations.
src/primitives/users/account-settings.tsx(3,26): error TS2307: Cannot find module '@/components/shadcn-studio/blocks/account-settings-01/content/personal-info' or its corresponding type declarations.
src/primitives/users/account-settings.tsx(4,23): error TS2307: Cannot find module '@/components/shadcn-studio/blocks/account-settings-01/content/email-password' or its corresponding type declarations.
src/primitives/users/account-settings.tsx(5,28): error TS2307: Cannot find module '@/components/shadcn-studio/blocks/account-settings-01/content/connect-account' or its corresponding type declarations.
src/primitives/users/account-settings.tsx(6,23): error TS2307: Cannot find module '@/components/shadcn-studio/blocks/account-settings-01/content/social-url' or its corresponding type declarations.
src/primitives/users/account-settings.tsx(7,24): error TS2307: Cannot find module '@/components/shadcn-studio/blocks/account-settings-01/content/danger-zone' or its corresponding type declarations.
src/primitives/users/forgot-password.tsx(5,32): error TS2307: Cannot find module '@/components/shadcn-studio/blocks/forgot-password-01/forgot-password-form' or its corresponding type declarations.
src/primitives/users/forgot-password.tsx(6,33): error TS2307: Cannot find module '@/assets/svg/auth-background-shape' or its corresponding type declarations.
src/primitives/users/forgot-password.tsx(7,18): error TS2307: Cannot find module '@/components/shadcn-studio/logo' or its corresponding type declarations.
src/primitives/users/login-page.tsx(5,18): error TS2307: Cannot find module '@/components/shadcn-studio/logo' or its corresponding type declarations.
src/primitives/users/login-page.tsx(6,33): error TS2307: Cannot find module '@/assets/svg/auth-background-shape' or its corresponding type declarations.
src/primitives/users/login-page.tsx(7,23): error TS2307: Cannot find module '@/components/shadcn-studio/blocks/login-page-01/login-form' or its corresponding type declarations.
src/primitives/users/login.tsx(14,2): error TS2305: Module '"@ui"' has no exported member 'Form'.
src/primitives/users/login.tsx(15,2): error TS2305: Module '"@ui"' has no exported member 'FormControl'.
src/primitives/users/login.tsx(16,2): error TS2305: Module '"@ui"' has no exported member 'FormField'.
src/primitives/users/login.tsx(17,2): error TS2305: Module '"@ui"' has no exported member 'FormItem'.
src/primitives/users/login.tsx(18,2): error TS2305: Module '"@ui"' has no exported member 'FormLabel'.
src/primitives/users/login.tsx(19,2): error TS2305: Module '"@ui"' has no exported member 'FormMessage'.
src/primitives/users/login.tsx(54,18): error TS7031: Binding element 'field' implicitly has an 'any' type.
src/primitives/users/login.tsx(67,18): error TS7031: Binding element 'field' implicitly has an 'any' type.
src/primitives/users/password-input.tsx(6,24): error TS2307: Cannot find module './ui/button' or its corresponding type declarations.
src/primitives/users/profile-dropdown.tsx(17,31): error TS2307: Cannot find module '@/components/sign-out-dialog' or its corresponding type declarations.
src/primitives/users/register.tsx(5,18): error TS2307: Cannot find module '@/components/shadcn-studio/logo' or its corresponding type declarations.
src/primitives/users/register.tsx(6,33): error TS2307: Cannot find module '@/assets/svg/auth-background-shape' or its corresponding type declarations.
src/primitives/users/register.tsx(7,26): error TS2307: Cannot find module '@/components/shadcn-studio/blocks/register-01/register-form' or its corresponding type declarations.
src/primitives/users/sign-out-dialog.tsx(4,30): error TS2307: Cannot find module '@/stores/auth-store' or its corresponding type declarations.
src/primitives/users/sign-out-dialog.tsx(5,31): error TS2307: Cannot find module '@/components/confirm-dialog' or its corresponding type declarations.
src/primitives/users/verify-email.tsx(4,18): error TS2307: Cannot find module '@/components/shadcn-studio/logo' or its corresponding type declarations.
src/primitives/users/verify-email.tsx(5,33): error TS2307: Cannot find module '@/assets/svg/auth-background-shape' or its corresponding type declarations.
src/utils/blocks.ts(2,35): error TS2307: Cannot find module 'shadcn/schema' or its corresponding type declarations.
src/utils/blocks.ts(5,61): error TS2307: Cannot find module '@/types/blocks' or its corresponding type declarations.
src/utils/blocks.ts(11,33): error TS2307: Cannot find module '@/assets/data/blocks-index' or its corresponding type declarations.
src/utils/blocks.ts(16,31): error TS7006: Parameter 'c' implicitly has an 'any' type.
src/utils/blocks.ts(20,31): error TS7006: Parameter 'c' implicitly has an 'any' type.
src/utils/blocks.ts(20,72): error TS7006: Parameter 's' implicitly has an 'any' type.
src/utils/color-converter.test.ts(1,53): error TS2307: Cannot find module 'vitest' or its corresponding type declarations.
src/utils/color-converter.test.ts(3,29): error TS2307: Cannot find module 'chroma-js' or its corresponding type declarations.
src/utils/color-converter.test.ts(6,29): error TS7006: Parameter 'importOriginal' implicitly has an 'any' type.
src/utils/color-converter.test.ts(7,24): error TS2347: Untyped function calls may not accept type arguments.
src/utils/color-converter.ts(1,20): error TS2307: Cannot find module 'chroma-js' or its corresponding type declarations.
src/utils/components.ts(5,35): error TS2307: Cannot find module 'shadcn/schema' or its corresponding type declarations.
src/utils/components.ts(8,31): error TS2307: Cannot find module '@/types/components' or its corresponding type declarations.
src/utils/parse-css-input.ts(2,38): error TS2307: Cannot find module '@/types/theme' or its corresponding type declarations.
src/utils/parse-css-input.ts(5,50): error TS2307: Cannot find module '@/config/theme' or its corresponding type declarations.
src/utils/serverHelpers.ts(8,35): error TS2307: Cannot find module '@/contexts/settingsContext' or its corresponding type declarations.
src/utils/shadows.ts(2,38): error TS2307: Cannot find module '@/types/theme' or its corresponding type declarations.
src/utils/theme-fonts.ts(2,38): error TS2307: Cannot find module '@/types/theme' or its corresponding type declarations.
src/utils/theme-presets.ts(2,34): error TS2307: Cannot find module '@/types/theme' or its corresponding type declarations.
src/utils/theme-presets.ts(5,35): error TS2307: Cannot find module '@/config/theme' or its corresponding type declarations.
src/utils/theme-style-generator.ts(2,51): error TS2307: Cannot find module '@/types/theme' or its corresponding type declarations.
src/utils/theme-style-generator.ts(10,41): error TS2307: Cannot find module '@/config/theme' or its corresponding type declarations.
src/utils/types/blocks.ts(6,45): error TS2307: Cannot find module 'shadcn/schema' or its corresponding type declarations.
src/utils/types/components.ts(2,35): error TS2307: Cannot find module 'shadcn/schema' or its corresponding type declarations.
